  pp ---> HHW- + X
  ===============

  PDFSET = PDF4LHC21_40                                NSET =   0
  Sqrt(S)  = 13.6 TeV
  LOOP     = 3
  alphaS(MZ) =   0.11800
          kl =   1.00000
          kv =   0.00000
         k2v =   1.00000
         kth =   1.00000
         kbh =   1.00000
 --------------

  mH       = 125.0000      GeV
  fact_scale 0.5
  ren_scale  0.5
  Kqq      =   0.20877101091134059            +-    1.6577241811086053E-004
  Kgq      =   -3.7824751875879886E-002       +-    1.3826474585959786E-004
  K_nlo    =    1.1709462590354607            +-    2.1586485252106499E-004
  Kqq2     =    2.5991774351873335E-002       +-    1.5516943564558182E-004
  Kgq2     =   -2.3548229947784931E-002       +-    1.4704367458206929E-004
  Kqqs     =    1.2456120576476504E-003       +-    2.8650544591246718E-006
  Kgg      =    4.7575473730751441E-004       +-    2.1969647335533202E-006
  K_nnlo   =    1.1751111702345043            +-    3.0382571605807365E-004
  sig_LO   = (   8.3148960637357744E-002       +-    4.0213477161107219E-005 ) fb
  sig_NLO  = (   9.7362964401000826E-002       +-    4.4037349207365036E-005 ) fb
  sig_NNLO = (   9.7709272438348177E-002       +-    4.7490340391959026E-005 ) fb

  mH       = 125.0000      GeV
  fact_scale 1.0
  ren_scale  0.5
  Kqq      =   0.29008359840477443            +-    1.9075692764323514E-004
  Kgq      =  -0.10075549693515892            +-    1.2922082745779782E-004
  K_nlo    =    1.1893281014696155            +-    2.3040448713678387E-004
  Kqq2     =    4.7965535302941946E-002       +-    2.3971901920582318E-004
  Kgq2     =   -4.8510624134999757E-002       +-    1.8136522225347946E-004
  Kqqs     =    2.5646204114116917E-003       +-    3.9054592392195486E-006
  Kgg      =    1.7747154913038961E-003       +-    2.4805622900405697E-006
  K_nnlo   =    1.1931223485402733            +-    3.7876930380637263E-004
  sig_LO   = (   8.1109766705453334E-002       +-    3.9282573494678857E-005 ) fb
  sig_NLO  = (   9.6466124846440238E-002       +-    4.3501309751895055E-005 ) fb
  sig_NNLO = (   9.6773875341164148E-002       +-    4.9869380358694275E-005 ) fb

  mH       = 125.0000      GeV
  fact_scale 1.5
  ren_scale  0.5
  Kqq      =   0.33862707220112820            +-    2.1829668284077948E-004
  Kgq      =  -0.13616980094493888            +-    1.5013555586889860E-004
  K_nlo    =    1.2024572712561894            +-    2.6494174241774559E-004
  Kqq2     =    6.0889491944600749E-002       +-    3.0527615135454125E-004
  Kgq2     =   -6.6733464809050416E-002       +-    2.0029086888097162E-004
  Kqqs     =    4.5362668029612207E-003       +-    4.6783987897810107E-006
  Kgg      =    2.9246360487391954E-003       +-    3.0921207062716464E-006
  K_nnlo   =    1.2040742012434400            +-    4.5114912860825163E-004
  sig_LO   = (   7.9906887753871905E-002       +-    3.8733721797416382E-005 ) fb
  sig_NLO  = (   9.6084618203095426E-002       +-    4.4141799641681378E-005 ) fb
  sig_NNLO = (   9.6213822046092551E-002       +-    5.2914063695018629E-005 ) fb

  mH       = 125.0000      GeV
  fact_scale 2.0
  ren_scale  0.5
  Kqq      =   0.37344014886438109            +-    2.3972444900880052E-004
  Kgq      =  -0.16056080836994141            +-    1.5918970908613227E-004
  K_nlo    =    1.2128793404944396            +-    2.8776583350269437E-004
  Kqq2     =    7.0110870343738835E-002       +-    3.5861078078856611E-004
  Kgq2     =   -8.1338281739353091E-002       +-    2.1729194780134868E-004
  Kqqs     =    6.4366189261839358E-003       +-    5.1925796391545975E-006
  Kgg      =    3.8920672419903721E-003       +-    3.5109477442271083E-006
  K_nnlo   =    1.2119806152669996            +-    5.0859212267391745E-004
  sig_LO   = (   7.9054767184743399E-002       +-    3.8343637019312044E-005 ) fb
  sig_NLO  = (   9.5883893885973043E-002       +-    4.4584340015392414E-005 ) fb
  sig_NNLO = (   9.5812845372354724E-002       +-    5.5559047369340880E-005 ) fb

  mH       = 125.0000      GeV
  fact_scale 0.5
  ren_scale  1.0
  Kqq      =   0.19230084192372260            +-    1.5283610695853591E-004
  Kgq      =   -3.4837592888948797E-002       +-    1.2716229326383742E-004
  K_nlo    =    1.1574632490347738            +-    1.9881932606856715E-004
  Kqq2     =    3.6627183342236774E-002       +-    1.0957391615698659E-004
  Kgq2     =   -2.2588312615288472E-002       +-    1.2030031886837987E-004
  Kqqs     =    1.0540952567982013E-003       +-    2.4140071923782929E-006
  Kgg      =    4.0247927785971963E-004       +-    1.8553536361224475E-006
  K_nnlo   =    1.1729586942963799            +-    2.5693774344772964E-004
  sig_LO   = (   8.3148960637357744E-002       +-    4.0213477161107219E-005 ) fb
  sig_NLO  = (   9.6241866133180615E-002       +-    4.3478939910026044E-005 ) fb
  sig_NNLO = (   9.7530296301296240E-002       +-    4.5536235945411916E-005 ) fb

  mH       = 125.0000      GeV
  fact_scale 1.0
  ren_scale  1.0
  Kqq      =   0.26719744727518502            +-    1.7576316332311605E-004
  Kgq      =   -9.2719206704602902E-002       +-    1.1873832645901805E-004
  K_nlo    =    1.1744782405705820            +-    2.1211195098729517E-004
  Kqq2     =    6.1000578178282333E-002       +-    1.6586523587707879E-004
  Kgq2     =   -4.8129930118249176E-002       +-    1.3469758424764408E-004
  Kqqs     =    2.1740643917531645E-003       +-    3.3011891580020427E-006
  Kgg      =    1.5001062300236587E-003       +-    2.0935228791854922E-006
  K_nnlo   =    1.1910230592523920            +-    3.0110044190311219E-004
  sig_LO   = (   8.1109766705453334E-002       +-    3.9282573494678857E-005 ) fb
  sig_NLO  = (   9.5261656093311220E-002       +-    4.2884848943180969E-005 ) fb
  sig_NNLO = (   9.6603602476776851E-002       +-    4.6255418910396589E-005 ) fb

  mH       = 125.0000      GeV
  fact_scale 1.5
  ren_scale  1.0
  Kqq      =   0.31190648580512670            +-    2.0111854961504225E-004
  Kgq      =  -0.12528560969289651            +-    1.3821075670870472E-004
  K_nlo    =    1.1866208761122303            +-    2.4403049864566310E-004
  Kqq2     =    7.5336607958781776E-002       +-    2.1887599545187774E-004
  Kgq2     =   -6.6161112272106928E-002       +-    1.5943912862902414E-004
  Kqqs     =    3.8445866783303577E-003       +-    3.9572261266386782E-006
  Kgg      =    2.4713612988106668E-003       +-    2.6135998706536071E-006
  K_nnlo   =    1.2021123197760464            +-    3.6455577342182514E-004
  sig_LO   = (   7.9906887753871905E-002       +-    3.8733721797416382E-005 ) fb
  sig_NLO  = (   9.4819181153901116E-002       +-    4.3365195644059739E-005 ) fb
  sig_NNLO = (   9.6057054203891074E-002       +-    4.8465330294072384E-005 ) fb

  mH       = 125.0000      GeV
  fact_scale 2.0
  ren_scale  1.0
  Kqq      =   0.34396781043508867            +-    2.2084217714565975E-004
  Kgq      =  -0.14771543685089553            +-    1.4646858017920545E-004
  K_nlo    =    1.1962523735841932            +-    2.6499870223483605E-004
  Kqq2     =    8.5560071373001839E-002       +-    2.6494090513222424E-004
  Kgq2     =   -8.0303723891981954E-002       +-    1.8611785788519365E-004
  Kqqs     =    5.4538500696793149E-003       +-    4.3928783615973595E-006
  Kgg      =    3.2883287763837343E-003       +-    2.9660253878294709E-006
  K_nnlo   =    1.2102508999112760            +-    4.1843272710090894E-004
  sig_LO   = (   7.9054767184743399E-002       +-    3.8343637019312044E-005 ) fb
  sig_NLO  = (   9.4569452887895075E-002       +-    4.3693389762540849E-005 ) fb
  sig_NNLO = (   9.5676103127612114E-002       +-    5.0640512214177333E-005 ) fb

  mH       = 125.0000      GeV
  fact_scale 0.5
  ren_scale  1.5
  Kqq      =   0.18384009026607823            +-    1.4618022339887791E-004
  Kgq      =   -3.3303143060360439E-002       +-    1.2146204921030236E-004
  K_nlo    =    1.1505369472057176            +-    1.9005706277671391E-004
  Kqq2     =    4.1386793212323698E-002       +-    9.8027423006613802E-005
  Kgq2     =   -2.2051753913906492E-002       +-    1.1052124801159048E-004
  Kqqs     =    9.6211545733086170E-004       +-    2.1984782575642921E-006
  Kgg      =    3.6729771538342865E-004       +-    1.6916626042365760E-006
  K_nnlo   =    1.1712013996768493            +-    2.4073575568179403E-004
  sig_LO   = (   8.3148960637357744E-002       +-    4.0213477161107219E-005 ) fb
  sig_NLO  = (   9.5665951335033972E-002       +-    4.3207175876159436E-005 ) fb
  sig_NNLO = (   9.7384179080148639E-002       +-    4.4919941527871396E-005 ) fb

  mH       = 125.0000      GeV
  fact_scale 1.0
  ren_scale  1.5
  Kqq      =   0.25544070145519343            +-    1.6805995993254941E-004
  Kgq      =   -8.8596801168285208E-002       +-    1.1337423743511591E-004
  K_nlo    =    1.1668439002869082            +-    2.0272609069018263E-004
  Kqq2     =    6.6727398485628434E-002       +-    1.5290752847962313E-004
  Kgq2     =   -4.7758068204021217E-002       +-    1.1902574080237807E-004
  Kqqs     =    1.9861194779199286E-003       +-    3.0113293175794051E-006
  Kgg      =    1.3683854515992588E-003       +-    1.9082087628979435E-006
  K_nnlo   =    1.1891677354980346            +-    2.8046107831705903E-004
  sig_LO   = (   8.1109766705453334E-002       +-    3.9282573494678857E-005 ) fb
  sig_NLO  = (   9.4642436533952379E-002       +-    4.2585149961539937E-005 ) fb
  sig_NNLO = (   9.6453117599897817E-002       +-    4.5393811457285457E-005 ) fb

  mH       = 125.0000      GeV
  fact_scale 1.5
  ren_scale  1.5
  Kqq      =   0.29818019293534087            +-    1.9228870330177162E-004
  Kgq      =  -0.11970379640529115            +-    1.3209144761620569E-004
  K_nlo    =    1.1784763965300498            +-    2.3328758207590385E-004
  Kqq2     =    8.1703623517892732E-002       +-    1.8834640863060154E-004
  Kgq2     =   -6.5590544836541184E-002       +-    1.5297473807714555E-004
  Kqqs     =    3.5118133667447395E-003       +-    3.6110362850267646E-006
  Kgg      =    2.2540095298969310E-003       +-    2.3840228721316335E-006
  K_nnlo   =    1.2003552981080428            +-    3.3662658723390373E-004
  sig_LO   = (   7.9906887753871905E-002       +-    3.8733721797416382E-005 ) fb
  sig_NLO  = (   9.4168381138114127E-002       +-    4.2986029092419634E-005 ) fb
  sig_NNLO = (   9.5916656070684836E-002       +-    4.7157668802798302E-005 ) fb

  mH       = 125.0000      GeV
  fact_scale 2.0
  ren_scale  1.5
  Kqq      =   0.32882836737748666            +-    2.1114321082436481E-004
  Kgq      =  -0.14112867688442982            +-    1.3994532664700202E-004
  K_nlo    =    1.1876996904930570            +-    2.5331038258934088E-004
  Kqq2     =    9.2359297705865456E-002       +-    2.1923296838553762E-004
  Kgq2     =   -7.9451616150739562E-002       +-    1.8142459686619665E-004
  Kqqs     =    4.9811574491152172E-003       +-    4.0088752676464191E-006
  Kgg      =    2.9988798600896053E-003       +-    2.7047523846843755E-006
  K_nnlo   =    1.2085874093573876            +-    3.8100855038847666E-004
  sig_LO   = (   7.9054767184743399E-002       +-    3.8343637019312044E-005 ) fb
  sig_NLO  = (   9.3893322517320410E-002       +-    4.3257957389741110E-005 ) fb
  sig_NNLO = (   9.5544596269160453E-002       +-    4.8759425397387216E-005 ) fb

  mH       = 125.0000      GeV
  fact_scale 0.5
  ren_scale  2.0
  Kqq      =   0.17828319913880802            +-    1.4180555035669365E-004
  Kgq      =   -3.2295347617247346E-002       +-    1.1772086221080268E-004
  K_nlo    =    1.1459878515215607            +-    1.8430142569068631E-004
  Kqq2     =    4.4093804346614883E-002       +-    1.0337098052107284E-004
  Kgq2     =   -2.1676150678464734E-002       +-    1.0490462383897664E-004
  Kqqs     =    9.0405590527929246E-004       +-    2.0628186975580439E-006
  Kgg      =    3.4509426282412070E-004       +-    1.5884706148046663E-006
  K_nnlo   =    1.1696546553578142            +-    2.3593290081753724E-004
  sig_LO   = (   8.3148960637357744E-002       +-    4.0213477161107219E-005 ) fb
  sig_NLO  = (   9.5287698757056422E-002       +-    4.3034441871182739E-005 ) fb
  sig_NNLO = (   9.7255568897649150E-002       +-    4.4743413070790573E-005 ) fb

  mH       = 125.0000      GeV
  fact_scale 1.0
  ren_scale  2.0
  Kqq      =   0.24771905220793741            +-    1.6300008663625053E-004
  Kgq      =   -8.5891417630879263E-002       +-    1.0985888793690452E-004
  K_nlo    =    1.1618276345770582            +-    1.9656551961663704E-004
  Kqq2     =    6.9932762694261838E-002       +-    1.5703706952812258E-004
  Kgq2     =   -4.7434632474662702E-002       +-    1.1399068679949707E-004
  Kqqs     =    1.8673545426111083E-003       +-    2.8284844770053448E-006
  Kgg      =    1.2853003681926923E-003       +-    1.7914292966056090E-006
  K_nnlo   =    1.1874784197074613            +-    2.7623129969017154E-004
  sig_LO   = (   8.1109766705453334E-002       +-    3.9282573494678857E-005 ) fb
  sig_NLO  = (   9.4235568392493876E-002       +-    4.2394717310415236E-005 ) fb
  sig_NNLO = (   9.6316097590232574E-002       +-    4.5222860668399398E-005 ) fb

  mH       = 125.0000      GeV
  fact_scale 1.5
  ren_scale  2.0
  Kqq      =   0.28916507409742176            +-    1.8648954763651914E-004
  Kgq      =  -0.11604128948599284            +-    1.2806640031081114E-004
  K_nlo    =    1.1731237846114289            +-    2.2622854432242291E-004
  Kqq2     =    8.5283935550129975E-002       +-    1.8980953389492272E-004
  Kgq2     =   -6.5109342109012827E-002       +-    1.5037376940426643E-004
  Kqqs     =    3.3015568621274564E-003       +-    3.3925734097856171E-006
  Kgg      =    2.1169363668814170E-003       +-    2.2392340164400495E-006
  K_nnlo   =    1.1987168712815550            +-    3.3141485734924274E-004
  sig_LO   = (   7.9906887753871905E-002       +-    3.8733721797416382E-005 ) fb
  sig_NLO  = (   9.3740670578342844E-002       +-    4.2744438788712778E-005 ) fb
  sig_NNLO = (   9.5785734482167706E-002       +-    4.6921370357679061E-005 ) fb

  mH       = 125.0000      GeV
  fact_scale 2.0
  ren_scale  2.0
  Kqq      =   0.31888527940549993            +-    2.0476761093422418E-004
  Kgq      =  -0.13680701650086100            +-    1.3566567547284658E-004
  K_nlo    =    1.1820782629046389            +-    2.4563173652688598E-004
  Kqq2     =    9.6243038913945367E-002       +-    2.1405850521581118E-004
  Kgq2     =   -7.8763567332609669E-002       +-    1.7776164966939163E-004
  Kqqs     =    4.6825421831422154E-003       +-    3.7665573047417597E-006
  Kgg      =    2.8163551887668186E-003       +-    2.5399897926822101E-006
  K_nnlo   =    1.2070566318578837            +-    3.7118167551712644E-004
  sig_LO   = (   7.9054767184743399E-002       +-    3.8343637019312044E-005 ) fb
  sig_NLO  = (   9.3448921868072132E-002       +-    4.2980311713951958E-005 ) fb
  sig_NNLO = (   9.5423581010325512E-002       +-    4.8283393739986841E-005 ) fb

  pp ---> HHW- + X
  ===============

  PDFSET = PDF4LHC21_40                                NSET =   1
  Sqrt(S)  = 13.6 TeV
  LOOP     = 3
  alphaS(MZ) =   0.11800
          kl =   1.00000
          kv =   0.00000
         k2v =   1.00000
         kth =   1.00000
         kbh =   1.00000
 --------------

  mH       = 125.0000      GeV
  fact_scale 1.0
  ren_scale  1.0
  Kqq      =   0.26748238634317312            +-    1.7257404002867790E-004
  Kgq      =   -9.3155723819043246E-002       +-    1.1778627907837198E-004
  K_nlo    =    1.1743266625241300            +-    2.0893876335172432E-004
  Kqq2     =    6.1127273891338076E-002       +-    1.6387099826900824E-004
  Kgq2     =   -4.8372951871713983E-002       +-    1.3391024201296571E-004
  Kqqs     =    2.1848499667644562E-003       +-    3.2887187940448556E-006
  Kgg      =    1.5059478269416181E-003       +-    2.1019410579192289E-006
  K_nnlo   =    1.1907717823374602            +-    2.9741603461837338E-004
  sig_LO   = (   8.0789762045733335E-002       +-    3.8179009155488557E-005 ) fb
  sig_NLO  = (   9.4873571629284656E-002       +-    4.1744160718437933E-005 ) fb
  sig_NNLO = (   9.6202168945817179E-002       +-    4.5110860395481912E-005 ) fb

  pp ---> HHW- + X
  ===============

  PDFSET = PDF4LHC21_40                                NSET =   2
  Sqrt(S)  = 13.6 TeV
  LOOP     = 3
  alphaS(MZ) =   0.11800
          kl =   1.00000
          kv =   0.00000
         k2v =   1.00000
         kth =   1.00000
         kbh =   1.00000
 --------------

  mH       = 125.0000      GeV
  fact_scale 1.0
  ren_scale  1.0
  Kqq      =   0.26715045023003603            +-    1.7635772147655841E-004
  Kgq      =   -9.3893891415120764E-002       +-    1.1949891306961357E-004
  K_nlo    =    1.1732565588149151            +-    2.1303059909135686E-004
  Kqq2     =    6.0981513684225816E-002       +-    1.6641090050734496E-004
  Kgq2     =   -4.8756464702867118E-002       +-    1.3592389955270943E-004
  Kqqs     =    2.2090885251280674E-003       +-    3.3550970860898868E-006
  Kgg      =    1.4942234459556494E-003       +-    2.0770973569354269E-006
  K_nnlo   =    1.1891849197673574            +-    3.0259792040989006E-004
  sig_LO   = (   8.0944030343579568E-002       +-    3.9372537637200929E-005 ) fb
  sig_NLO  = (   9.4968114497518241E-002       +-    4.2982984058606705E-005 ) fb
  sig_NNLO = (   9.6257420229776222E-002       +-    4.6369473035943643E-005 ) fb

  pp ---> HHW- + X
  ===============

  PDFSET = PDF4LHC21_40                                NSET =   3
  Sqrt(S)  = 13.6 TeV
  LOOP     = 3
  alphaS(MZ) =   0.11800
          kl =   1.00000
          kv =   0.00000
         k2v =   1.00000
         kth =   1.00000
         kbh =   1.00000
 --------------

  mH       = 125.0000      GeV
  fact_scale 1.0
  ren_scale  1.0
  Kqq      =   0.26752376561838781            +-    1.7911071154478765E-004
  Kgq      =   -9.3363745415871377E-002       +-    1.1869119857576624E-004
  K_nlo    =    1.1741600202025164            +-    2.1486797716140042E-004
  Kqq2     =    6.1110565536790049E-002       +-    1.6828029301055520E-004
  Kgq2     =   -4.8471707430429785E-002       +-    1.3478475991203696E-004
  Kqqs     =    2.1850819269225255E-003       +-    3.3161913247497406E-006
  Kgg      =    1.5061197467005460E-003       +-    2.1014855866534204E-006
  K_nnlo   =    1.1904900799824998            +-    3.0441558681557209E-004
  sig_LO   = (   8.0507630150923312E-002       +-    3.9892149280664338E-005 ) fb
  sig_NLO  = (   9.4528840644464832E-002       +-    4.3481284238991223E-005 ) fb
  sig_NNLO = (   9.5843535057574203E-002       +-    4.6818956962117681E-005 ) fb

  pp ---> HHW- + X
  ===============

  PDFSET = PDF4LHC21_40                                NSET =   4
  Sqrt(S)  = 13.6 TeV
  LOOP     = 3
  alphaS(MZ) =   0.11800
          kl =   1.00000
          kv =   0.00000
         k2v =   1.00000
         kth =   1.00000
         kbh =   1.00000
 --------------

  mH       = 125.0000      GeV
  fact_scale 1.0
  ren_scale  1.0
  Kqq      =   0.26774745280578005            +-    1.7542527236790158E-004
  Kgq      =   -9.4057049015391803E-002       +-    1.2068454207005444E-004
  K_nlo    =    1.1736904037903881            +-    2.1292906067517229E-004
  Kqq2     =    6.1231209144274809E-002       +-    1.6548228224750672E-004
  Kgq2     =   -4.8818531894624179E-002       +-    1.3670406841335530E-004
  Kqqs     =    2.1970142486173539E-003       +-    3.3345700601564623E-006
  Kgg      =    1.5319876383948527E-003       +-    2.1436965657217958E-006
  K_nnlo   =    1.1898320829270510            +-    3.0236879424151887E-004
  sig_LO   = (   7.9723640972720125E-002       +-    3.8449364001701113E-005 ) fb
  sig_NLO  = (   9.3570872364911822E-002       +-    4.2029995394811586E-005 ) fb
  sig_NNLO = (   9.4857745797099990E-002       +-    4.5381163415651973E-005 ) fb

  pp ---> HHW- + X
  ===============

  PDFSET = PDF4LHC21_40                                NSET =   5
  Sqrt(S)  = 13.6 TeV
  LOOP     = 3
  alphaS(MZ) =   0.11800
          kl =   1.00000
          kv =   0.00000
         k2v =   1.00000
         kth =   1.00000
         kbh =   1.00000
 --------------

  mH       = 125.0000      GeV
  fact_scale 1.0
  ren_scale  1.0
  Kqq      =   0.26750753139010797            +-    1.7725681856664075E-004
  Kgq      =   -9.2864173267674446E-002       +-    1.1869382363965428E-004
  K_nlo    =    1.1746433581224336            +-    2.1332651850758817E-004
  Kqq2     =    6.1115100065896065E-002       +-    1.6701969094481400E-004
  Kgq2     =   -4.8213055950488658E-002       +-    1.3492910722653404E-004
  Kqqs     =    2.1786833506624204E-003       +-    3.3064244406484295E-006
  Kgg      =    1.4968312527925270E-003       +-    2.0930362336060226E-006
  K_nnlo   =    1.1912209168412959            +-    3.0269614778202244E-004
  sig_LO   = (   8.0651736224335177E-002       +-    3.9448212607638593E-005 ) fb
  sig_NLO  = (   9.4737026276957792E-002       +-    4.3036946982256425E-005 ) fb
  sig_NNLO = (   9.6074035169994895E-002       +-    4.6391320046603162E-005 ) fb

  pp ---> HHW- + X
  ===============

  PDFSET = PDF4LHC21_40                                NSET =   6
  Sqrt(S)  = 13.6 TeV
  LOOP     = 3
  alphaS(MZ) =   0.11800
          kl =   1.00000
          kv =   0.00000
         k2v =   1.00000
         kth =   1.00000
         kbh =   1.00000
 --------------

  mH       = 125.0000      GeV
  fact_scale 1.0
  ren_scale  1.0
  Kqq      =   0.26722036698028540            +-    1.7639272069305996E-004
  Kgq      =   -9.3087306017584928E-002       +-    1.1855209539166302E-004
  K_nlo    =    1.1741330609627003            +-    2.1252997726262956E-004
  Kqq2     =    6.1008133145729532E-002       +-    1.6626134936796735E-004
  Kgq2     =   -4.8321037014872066E-002       +-    1.3427029137911314E-004
  Kqqs     =    2.1774831471124663E-003       +-    3.3035815294938543E-006
  Kgg      =    1.5042926603954542E-003       +-    2.1021878112427722E-006
  K_nnlo   =    1.1905019329010655            +-    3.0142274552604490E-004
  sig_LO   = (   8.1186447835211076E-002       +-    3.9523594854567623E-005 ) fb
  sig_NLO  = (   9.5323692505444979E-002       +-    4.3125794844219222E-005 ) fb
  sig_NNLO = (   9.6652623073190336E-002       +-    4.6486191757132005E-005 ) fb

  pp ---> HHW- + X
  ===============

  PDFSET = PDF4LHC21_40                                NSET =   7
  Sqrt(S)  = 13.6 TeV
  LOOP     = 3
  alphaS(MZ) =   0.11800
          kl =   1.00000
          kv =   0.00000
         k2v =   1.00000
         kth =   1.00000
         kbh =   1.00000
 --------------

  mH       = 125.0000      GeV
  fact_scale 1.0
  ren_scale  1.0
  Kqq      =   0.26765492734064128            +-    1.8070315200326801E-004
  Kgq      =   -9.3026152795042408E-002       +-    1.1900080126484120E-004
  K_nlo    =    1.1746287745455988            +-    2.1636732619688772E-004
  Kqq2     =    6.1138325304050639E-002       +-    1.6922527017445888E-004
  Kgq2     =   -4.8296575200308861E-002       +-    1.3519699498470595E-004
  Kqqs     =    2.1816503716122872E-003       +-    3.3246858591302340E-006
  Kgg      =    1.4991135024021976E-003       +-    2.0913297836742212E-006
  K_nnlo   =    1.1911512885233553            +-    3.0617914128893499E-004
  sig_LO   = (   8.0602566467864983E-002       +-    4.0460032056773999E-005 ) fb
  sig_NLO  = (   9.4678093875378413E-002       +-    4.4058591504620665E-005 ) fb
  sig_NNLO = (   9.6009850906486741E-002       +-    4.7392600445871026E-005 ) fb

  pp ---> HHW- + X
  ===============

  PDFSET = PDF4LHC21_40                                NSET =   8
  Sqrt(S)  = 13.6 TeV
  LOOP     = 3
  alphaS(MZ) =   0.11800
          kl =   1.00000
          kv =   0.00000
         k2v =   1.00000
         kth =   1.00000
         kbh =   1.00000
 --------------

  mH       = 125.0000      GeV
  fact_scale 1.0
  ren_scale  1.0
  Kqq      =   0.26696044944374464            +-    1.7602025984480023E-004
  Kgq      =   -9.2812025832851877E-002       +-    1.1942007760717380E-004
  K_nlo    =    1.1741484236108926            +-    2.1270704457430274E-004
  Kqq2     =    6.0898932452465658E-002       +-    1.6606136749632776E-004
  Kgq2     =   -4.8148186761103377E-002       +-    1.3529702940181113E-004
  Kqqs     =    2.1805100031425328E-003       +-    3.3155221120850658E-006
  Kgg      =    1.5007248278317822E-003       +-    2.1035555689671437E-006
  K_nnlo   =    1.1905804041332291            +-    3.0189628746333868E-004
  sig_LO   = (   8.1385748272781347E-002       +-    3.9512113962199158E-005 ) fb
  sig_NLO  = (   9.5558948038879155E-002       +-    4.3138022887586587E-005 ) fb
  sig_NNLO = (   9.6896277069293296E-002       +-    4.6528429643000538E-005 ) fb

  pp ---> HHW- + X
  ===============

  PDFSET = PDF4LHC21_40                                NSET =   9
  Sqrt(S)  = 13.6 TeV
  LOOP     = 3
  alphaS(MZ) =   0.11800
          kl =   1.00000
          kv =   0.00000
         k2v =   1.00000
         kth =   1.00000
         kbh =   1.00000
 --------------

  mH       = 125.0000      GeV
  fact_scale 1.0
  ren_scale  1.0
  Kqq      =   0.26727615570048102            +-    1.7437384884029693E-004
  Kgq      =   -9.3083608279815030E-002       +-    1.1840024533500144E-004
  K_nlo    =    1.1741925474206660            +-    2.1077205045918031E-004
  Kqq2     =    6.1038129947788428E-002       +-    1.6493963193010147E-004
  Kgq2     =   -4.8317156898026729E-002       +-    1.3409398130137390E-004
  Kqqs     =    2.1821944724403032E-003       +-    3.3069593683558494E-006
  Kgg      =    1.5002361591134607E-003       +-    2.0933871991744075E-006
  K_nnlo   =    1.1905959511019815            +-    2.9937677516381835E-004
  sig_LO   = (   8.1353045642243799E-002       +-    3.9004817780849109E-005 ) fb
  sig_NLO  = (   9.5524139903095953E-002       +-    4.2607436488255425E-005 ) fb
  sig_NNLO = (   9.6858606751470164E-002       +-    4.5984260174575445E-005 ) fb

  pp ---> HHW- + X
  ===============

  PDFSET = PDF4LHC21_40                                NSET =  10
  Sqrt(S)  = 13.6 TeV
  LOOP     = 3
  alphaS(MZ) =   0.11800
          kl =   1.00000
          kv =   0.00000
         k2v =   1.00000
         kth =   1.00000
         kbh =   1.00000
 --------------

  mH       = 125.0000      GeV
  fact_scale 1.0
  ren_scale  1.0
  Kqq      =   0.26712649781727338            +-    1.7547943822952188E-004
  Kgq      =   -9.2342270059689952E-002       +-    1.1875737653282261E-004
  K_nlo    =    1.1747842277575835            +-    2.1188758274685941E-004
  Kqq2     =    6.0972011912816725E-002       +-    1.6566118606158226E-004
  Kgq2     =   -4.7930410513309915E-002       +-    1.3465570317562959E-004
  Kqqs     =    2.1711863247398356E-003       +-    3.3009680705898537E-006
  Kgg      =    1.4933789450691716E-003       +-    2.0907044364387569E-006
  K_nnlo   =    1.1914903944268993            +-    3.0081124002038926E-004
  sig_LO   = (   8.1070521228296624E-002       +-    3.9190219415764281E-005 ) fb
  sig_NLO  = (   9.5240369675089226E-002       +-    4.2789617597349956E-005 ) fb
  sig_NNLO = (   9.6594747314697457E-002       +-    4.6158372599155029E-005 ) fb

  pp ---> HHW- + X
  ===============

  PDFSET = PDF4LHC21_40                                NSET =  11
  Sqrt(S)  = 13.6 TeV
  LOOP     = 3
  alphaS(MZ) =   0.11800
          kl =   1.00000
          kv =   0.00000
         k2v =   1.00000
         kth =   1.00000
         kbh =   1.00000
 --------------

  mH       = 125.0000      GeV
  fact_scale 1.0
  ren_scale  1.0
  Kqq      =   0.26718628400206940            +-    1.7616987953697586E-004
  Kgq      =   -9.2824102607641401E-002       +-    1.1889446691193879E-004
  K_nlo    =    1.1743621813944278            +-    2.1253639857291901E-004
  Kqq2     =    6.0994201810057498E-002       +-    1.6615943325673353E-004
  Kgq2     =   -4.8185830443516320E-002       +-    1.3479283987135763E-004
  Kqqs     =    2.1744872664210910E-003       +-    3.3049703666772045E-006
  Kgg      =    1.5036331816625931E-003       +-    2.0989200977581418E-006
  K_nnlo   =    1.1908486732090529            +-    3.0160423729422704E-004
  sig_LO   = (   8.0941682747172713E-002       +-    3.9322572587673666E-005 ) fb
  sig_NLO  = (   9.5054851116705488E-002       +-    4.2920971250473489E-005 ) fb
  sig_NNLO = (   9.6389295506778702E-002       +-    4.6284206449625806E-005 ) fb

  pp ---> HHW- + X
  ===============

  PDFSET = PDF4LHC21_40                                NSET =  12
  Sqrt(S)  = 13.6 TeV
  LOOP     = 3
  alphaS(MZ) =   0.11800
          kl =   1.00000
          kv =   0.00000
         k2v =   1.00000
         kth =   1.00000
         kbh =   1.00000
 --------------

  mH       = 125.0000      GeV
  fact_scale 1.0
  ren_scale  1.0
  Kqq      =   0.26671778384379252            +-    1.7473796312319454E-004
  Kgq      =   -9.2176078261507532E-002       +-    1.1811462370184745E-004
  K_nlo    =    1.1745417055822849            +-    2.1091329993310504E-004
  Kqq2     =    6.0820428925025302E-002       +-    1.6497577511361070E-004
  Kgq2     =   -4.7843252058530329E-002       +-    1.3379952960470849E-004
  Kqqs     =    2.1655734787158556E-003       +-    3.2934556581520176E-006
  Kgg      =    1.4900364344191145E-003       +-    2.0785611254445621E-006
  K_nnlo   =    1.1911744923619147            +-    2.9936417262587430E-004
  sig_LO   = (   8.2052091593722037E-002       +-    3.9495542861138366E-005 ) fb
  sig_NLO  = (   9.6373603607084149E-002       +-    4.3120659765751594E-005 ) fb
  sig_NNLO = (   9.7738358551385185E-002       +-    4.6510872940868686E-005 ) fb

  pp ---> HHW- + X
  ===============

  PDFSET = PDF4LHC21_40                                NSET =  13
  Sqrt(S)  = 13.6 TeV
  LOOP     = 3
  alphaS(MZ) =   0.11800
          kl =   1.00000
          kv =   0.00000
         k2v =   1.00000
         kth =   1.00000
         kbh =   1.00000
 --------------

  mH       = 125.0000      GeV
  fact_scale 1.0
  ren_scale  1.0
  Kqq      =   0.26715328948264438            +-    1.7481188735200438E-004
  Kgq      =   -9.2156742959193377E-002       +-    1.1777117449267578E-004
  K_nlo    =    1.1749965465234511            +-    2.1078246013592818E-004
  Kqq2     =    6.0983851885370526E-002       +-    1.6522513891470268E-004
  Kgq2     =   -4.7841077664352111E-002       +-    1.3359168592563198E-004
  Kqqs     =    2.1645423457788250E-003       +-    3.2839765426037618E-006
  Kgg      =    1.4919786054597300E-003       +-    2.0819461963509666E-006
  K_nnlo   =    1.1917958416957080            +-    2.9931663766100027E-004
  sig_LO   = (   8.1169912421455923E-002       +-    3.9056694308949764E-005 ) fb
  sig_NLO  = (   9.5374366776821679E-002       +-    4.2639768805990329E-005 ) fb
  sig_NNLO = (   9.6737964094695955E-002       +-    4.5996705821563710E-005 ) fb

  pp ---> HHW- + X
  ===============

  PDFSET = PDF4LHC21_40                                NSET =  14
  Sqrt(S)  = 13.6 TeV
  LOOP     = 3
  alphaS(MZ) =   0.11800
          kl =   1.00000
          kv =   0.00000
         k2v =   1.00000
         kth =   1.00000
         kbh =   1.00000
 --------------

  mH       = 125.0000      GeV
  fact_scale 1.0
  ren_scale  1.0
  Kqq      =   0.26744120523844256            +-    1.7938088611700454E-004
  Kgq      =   -9.2996647138538488E-002       +-    1.1894953416024687E-004
  K_nlo    =    1.1744445580999041            +-    2.1523590309486355E-004
  Kqq2     =    6.1078715775899996E-002       +-    1.6835479159680447E-004
  Kgq2     =   -4.8279794799795966E-002       +-    1.3498287792347661E-004
  Kqqs     =    2.1792538921525453E-003       +-    3.3208610592210380E-006
  Kgg      =    1.5004514555724702E-003       +-    2.0928862538516720E-006
  K_nnlo   =    1.1909231844237333            +-    3.0480422480375064E-004
  sig_LO   = (   8.0794327533754776E-002       +-    4.0133589979011741E-005 ) fb
  sig_NLO  = (   9.4888458297359535E-002       +-    4.3739131011327772E-005 ) fb
  sig_NNLO = (   9.6219837829873325E-002       +-    4.7086804956981207E-005 ) fb

  pp ---> HHW- + X
  ===============

  PDFSET = PDF4LHC21_40                                NSET =  15
  Sqrt(S)  = 13.6 TeV
  LOOP     = 3
  alphaS(MZ) =   0.11800
          kl =   1.00000
          kv =   0.00000
         k2v =   1.00000
         kth =   1.00000
         kbh =   1.00000
 --------------

  mH       = 125.0000      GeV
  fact_scale 1.0
  ren_scale  1.0
  Kqq      =   0.26736011343170163            +-    1.7610723482606704E-004
  Kgq      =   -9.2492559361068233E-002       +-    1.1802413556123690E-004
  K_nlo    =    1.1748675540706335            +-    2.1199871398916727E-004
  Kqq2     =    6.1066174813683004E-002       +-    1.6613839386078543E-004
  Kgq2     =   -4.8026343048456453E-002       +-    1.3394954401735332E-004
  Kqqs     =    2.1735873284463151E-003       +-    3.2994980557660352E-006
  Kgg      =    1.4921261218075286E-003       +-    2.0792084958627979E-006
  K_nnlo   =    1.1915730992861138            +-    3.0083734938592371E-004
  sig_LO   = (   8.0851643106158888E-002       +-    3.9240795844717320E-005 ) fb
  sig_NLO  = (   9.4989972178724680E-002       +-    4.2820963224428875E-005 ) fb
  sig_NNLO = (   9.6340642958380504E-002       +-    4.6167714099341969E-005 ) fb

  pp ---> HHW- + X
  ===============

  PDFSET = PDF4LHC21_40                                NSET =  16
  Sqrt(S)  = 13.6 TeV
  LOOP     = 3
  alphaS(MZ) =   0.11800
          kl =   1.00000
          kv =   0.00000
         k2v =   1.00000
         kth =   1.00000
         kbh =   1.00000
 --------------

  mH       = 125.0000      GeV
  fact_scale 1.0
  ren_scale  1.0
  Kqq      =   0.26711975714358371            +-    1.7587431275880219E-004
  Kgq      =   -9.2144243182203822E-002       +-    1.1823973367839896E-004
  K_nlo    =    1.1749755139613800            +-    2.1192547866813864E-004
  Kqq2     =    6.0966641079466151E-002       +-    1.6594062728333639E-004
  Kgq2     =   -4.7830085081168171E-002       +-    1.3409360441117124E-004
  Kqqs     =    2.1577788605374546E-003       +-    3.2791273923160961E-006
  Kgg      =    1.5051302660068816E-003       +-    2.1039960810980188E-006
  K_nnlo   =    1.1917749790862224            +-    3.0074070976815036E-004
  sig_LO   = (   8.1119840048754124E-002       +-    3.9327009171925363E-005 ) fb
  sig_NLO  = (   9.5313825753749803E-002       +-    4.2920351129698819E-005 ) fb
  sig_NNLO = (   9.6676595677581634E-002       +-    4.6279372660009061E-005 ) fb

  pp ---> HHW- + X
  ===============

  PDFSET = PDF4LHC21_40                                NSET =  17
  Sqrt(S)  = 13.6 TeV
  LOOP     = 3
  alphaS(MZ) =   0.11800
          kl =   1.00000
          kv =   0.00000
         k2v =   1.00000
         kth =   1.00000
         kbh =   1.00000
 --------------

  mH       = 125.0000      GeV
  fact_scale 1.0
  ren_scale  1.0
  Kqq      =   0.26725484792498189            +-    1.7543616745784881E-004
  Kgq      =   -9.2349028515781251E-002       +-    1.1772445121213185E-004
  K_nlo    =    1.1749058194092006            +-    2.1127445483421791E-004
  Kqq2     =    6.1018798121490185E-002       +-    1.6572510645164400E-004
  Kgq2     =   -4.7939439219030641E-002       +-    1.3355296190432664E-004
  Kqqs     =    2.1718677949850332E-003       +-    3.2944436527726737E-006
  Kgg      =    1.4845597538567068E-003       +-    2.0707350775801058E-006
  K_nnlo   =    1.1916416058605019            +-    2.9992205839195299E-004
  sig_LO   = (   8.1786048675238379E-002       +-    3.9525345881094936E-005 ) fb
  sig_NLO  = (   9.6090904535021726E-002       +-    4.3137307216552996E-005 ) fb
  sig_NNLO = (   9.7459658380346245E-002       +-    4.6518237251559467E-005 ) fb

  pp ---> HHW- + X
  ===============

  PDFSET = PDF4LHC21_40                                NSET =  18
  Sqrt(S)  = 13.6 TeV
  LOOP     = 3
  alphaS(MZ) =   0.11800
          kl =   1.00000
          kv =   0.00000
         k2v =   1.00000
         kth =   1.00000
         kbh =   1.00000
 --------------

  mH       = 125.0000      GeV
  fact_scale 1.0
  ren_scale  1.0
  Kqq      =   0.26739859360248686            +-    1.7630379455828410E-004
  Kgq      =   -9.2726367416624683E-002       +-    1.1811734603363906E-004
  K_nlo    =    1.1746722261858620            +-    2.1221389070859634E-004
  Kqq2     =    6.1078528537905054E-002       +-    1.6631376255265323E-004
  Kgq2     =   -4.8143803934568824E-002       +-    1.3414995223358551E-004
  Kqqs     =    2.1800501747079822E-003       +-    3.3077471580415405E-006
  Kgg      =    1.4920125047200678E-003       +-    2.0789674224306321E-006
  K_nnlo   =    1.1912790134686262            +-    3.0117515834673139E-004
  sig_LO   = (   8.1085894339917808E-002       +-    3.9407926838195768E-005 ) fb
  sig_NLO  = (   9.5249348016542848E-002       +-    4.3000983500887882E-005 ) fb
  sig_NNLO = (   9.6595924215478565E-002       +-    4.6361327914321251E-005 ) fb

  pp ---> HHW- + X
  ===============

  PDFSET = PDF4LHC21_40                                NSET =  19
  Sqrt(S)  = 13.6 TeV
  LOOP     = 3
  alphaS(MZ) =   0.11800
          kl =   1.00000
          kv =   0.00000
         k2v =   1.00000
         kth =   1.00000
         kbh =   1.00000
 --------------

  mH       = 125.0000      GeV
  fact_scale 1.0
  ren_scale  1.0
  Kqq      =   0.26732893228327126            +-    1.7581101305037255E-004
  Kgq      =   -9.2758463936775254E-002       +-    1.1895202482540644E-004
  K_nlo    =    1.1745704683464959            +-    2.1227128048764010E-004
  Kqq2     =    6.1049839770603159E-002       +-    1.6586459040846915E-004
  Kgq2     =   -4.8151458183832728E-002       +-    1.3468634504091063E-004
  Kqqs     =    2.1721320841372538E-003       +-    3.2989520900749109E-006
  Kgg      =    1.5090682585262864E-003       +-    2.1092505896820869E-006
  K_nnlo   =    1.1911500502759300            +-    3.0120740766895746E-004
  sig_LO   = (   8.0801291782558252E-002       +-    3.9133888830087350E-005 ) fb
  sig_NLO  = (   9.4906811132041330E-002       +-    4.2727570503406160E-005 ) fb
  sig_NNLO = (   9.6246462769154356E-002       +-    4.6084671529774016E-005 ) fb

  pp ---> HHW- + X
  ===============

  PDFSET = PDF4LHC21_40                                NSET =  20
  Sqrt(S)  = 13.6 TeV
  LOOP     = 3
  alphaS(MZ) =   0.11800
          kl =   1.00000
          kv =   0.00000
         k2v =   1.00000
         kth =   1.00000
         kbh =   1.00000
 --------------

  mH       = 125.0000      GeV
  fact_scale 1.0
  ren_scale  1.0
  Kqq      =   0.26723877730641632            +-    1.7612702057979006E-004
  Kgq      =   -9.2949819022581454E-002       +-    1.1894030596904742E-004
  K_nlo    =    1.1742889582838349            +-    2.1252652484413426E-004
  Kqq2     =    6.1013616503716360E-002       +-    1.6617561321146919E-004
  Kgq2     =   -4.8246225576302183E-002       +-    1.3486256595793958E-004
  Kqqs     =    2.1780431662281273E-003       +-    3.3095260539416488E-006
  Kgg      =    1.5005724888501998E-003       +-    2.0940073279946316E-006
  K_nnlo   =    1.1907349648663275            +-    3.0163737784744653E-004
  sig_LO   = (   8.1278649947486820E-002       +-    3.9465856118898744E-005 ) fb
  sig_NLO  = (   9.5444621177550773E-002       +-    4.3080626156389658E-005 ) fb
  sig_NNLO = (   9.6781330389603251E-002       +-    4.6460965775512818E-005 ) fb

  pp ---> HHW- + X
  ===============

  PDFSET = PDF4LHC21_40                                NSET =  21
  Sqrt(S)  = 13.6 TeV
  LOOP     = 3
  alphaS(MZ) =   0.11800
          kl =   1.00000
          kv =   0.00000
         k2v =   1.00000
         kth =   1.00000
         kbh =   1.00000
 --------------

  mH       = 125.0000      GeV
  fact_scale 1.0
  ren_scale  1.0
  Kqq      =   0.26728717719843736            +-    1.7598286149435064E-004
  Kgq      =   -9.3200623918911665E-002       +-    1.1917726688789767E-004
  K_nlo    =    1.1740865532795257            +-    2.1253985151638974E-004
  Kqq2     =    6.1040539084145376E-002       +-    1.6602663824381815E-004
  Kgq2     =   -4.8382627932648893E-002       +-    1.3519504531482696E-004
  Kqqs     =    2.1841079069041276E-003       +-    3.3159093838363884E-006
  Kgg      =    1.5082873848955166E-003       +-    2.1057315556250017E-006
  K_nnlo   =    1.1904368597228216            +-    3.0171370987619526E-004
  sig_LO   = (   8.0657318562444777E-002       +-    3.9121249679235153E-005 ) fb
  sig_NLO  = (   9.4698673147749504E-002       +-    4.2712422182304016E-005 ) fb
  sig_NNLO = (   9.6017445023140038E-002       +-    4.6072603412737361E-005 ) fb

  pp ---> HHW- + X
  ===============

  PDFSET = PDF4LHC21_40                                NSET =  22
  Sqrt(S)  = 13.6 TeV
  LOOP     = 3
  alphaS(MZ) =   0.11800
          kl =   1.00000
          kv =   0.00000
         k2v =   1.00000
         kth =   1.00000
         kbh =   1.00000
 --------------

  mH       = 125.0000      GeV
  fact_scale 1.0
  ren_scale  1.0
  Kqq      =   0.26719826659038037            +-    1.7580298207396685E-004
  Kgq      =   -9.2846763831656243E-002       +-    1.1902365091268396E-004
  K_nlo    =    1.1743515027587241            +-    2.1230477616550211E-004
  Kqq2     =    6.1001060748481689E-002       +-    1.6587160597281541E-004
  Kgq2     =   -4.8189430399443144E-002       +-    1.3499895240296573E-004
  Kqqs     =    2.1710988585879119E-003       +-    3.2961855480154223E-006
  Kgg      =    1.5121423080190833E-003       +-    2.1185983464534278E-006
  K_nnlo   =    1.1908463742743696            +-    3.0137481331176904E-004
  sig_LO   = (   8.0898095812958884E-002       +-    3.9192029083140783E-005 ) fb
  sig_NLO  = (   9.5002800388267514E-002       +-    4.2790157269032150E-005 ) fb
  sig_NNLO = (   9.6337204084562658E-002       +-    4.6156593960682731E-005 ) fb

  pp ---> HHW- + X
  ===============

  PDFSET = PDF4LHC21_40                                NSET =  23
  Sqrt(S)  = 13.6 TeV
  LOOP     = 3
  alphaS(MZ) =   0.11800
          kl =   1.00000
          kv =   0.00000
         k2v =   1.00000
         kth =   1.00000
         kbh =   1.00000
 --------------

  mH       = 125.0000      GeV
  fact_scale 1.0
  ren_scale  1.0
  Kqq      =   0.26739680424051299            +-    1.7536848592680004E-004
  Kgq      =   -9.3069211621493259E-002       +-    1.1903444075926247E-004
  K_nlo    =    1.1743275926190198            +-    2.1195118292457966E-004
  Kqq2     =    6.1084721450843787E-002       +-    1.6541127357209048E-004
  Kgq2     =   -4.8310067802140685E-002       +-    1.3504835773650098E-004
  Kqqs     =    2.1821135026528111E-003       +-    3.3122568656121094E-006
  Kgg      =    1.5037619049134189E-003       +-    2.0987445228041115E-006
  K_nnlo   =    1.1907881216752891            +-    3.0089471259779778E-004
  sig_LO   = (   8.0952632165161603E-002       +-    3.9063985442191771E-005 ) fb
  sig_NLO  = (   9.5064909646687235E-002       +-    4.2666053644690985E-005 ) fb
  sig_NNLO = (   9.6397432800623351E-002       +-    4.6036048820049177E-005 ) fb

  pp ---> HHW- + X
  ===============

  PDFSET = PDF4LHC21_40                                NSET =  24
  Sqrt(S)  = 13.6 TeV
  LOOP     = 3
  alphaS(MZ) =   0.11800
          kl =   1.00000
          kv =   0.00000
         k2v =   1.00000
         kth =   1.00000
         kbh =   1.00000
 --------------

  mH       = 125.0000      GeV
  fact_scale 1.0
  ren_scale  1.0
  Kqq      =   0.26700159486122771            +-    1.7314728152316929E-004
  Kgq      =   -9.2685358588928096E-002       +-    1.1862327937670537E-004
  K_nlo    =    1.1743162362722996            +-    2.0988440511135535E-004
  Kqq2     =    6.0933194233366475E-002       +-    1.6408678875503785E-004
  Kgq2     =   -4.8106986119507776E-002       +-    1.3414781714149842E-004
  Kqqs     =    2.1721946319975829E-003       +-    3.2941042415838369E-006
  Kgg      =    1.4954468375244854E-003       +-    2.0877654146127143E-006
  K_nnlo   =    1.1908100858556805            +-    2.9830652772592440E-004
  sig_LO   = (   8.1473442511219588E-002       +-    3.8745648471694395E-005 ) fb
  sig_NLO  = (   9.5675586365922966E-002       +-    4.2351333473286530E-005 ) fb
  sig_NNLO = (   9.7019397071743244E-002       +-    4.5737431007996118E-005 ) fb

  pp ---> HHW- + X
  ===============

  PDFSET = PDF4LHC21_40                                NSET =  25
  Sqrt(S)  = 13.6 TeV
  LOOP     = 3
  alphaS(MZ) =   0.11800
          kl =   1.00000
          kv =   0.00000
         k2v =   1.00000
         kth =   1.00000
         kbh =   1.00000
 --------------

  mH       = 125.0000      GeV
  fact_scale 1.0
  ren_scale  1.0
  Kqq      =   0.26707501979077702            +-    1.7592647764934981E-004
  Kgq      =   -9.2909304799143055E-002       +-    1.1938834860382060E-004
  K_nlo    =    1.1741657149916338            +-    2.1261162555338917E-004
  Kqq2     =    6.0953061001664408E-002       +-    1.6598146289642591E-004
  Kgq2     =   -4.8219889679808219E-002       +-    1.3541085916245505E-004
  Kqqs     =    2.1743574944158208E-003       +-    3.3070374644910621E-006
  Kgg      =    1.5056714823330228E-003       +-    2.1033580563194762E-006
  K_nnlo   =    1.1905789152902386            +-    3.0183606599727453E-004
  sig_LO   = (   8.1199705680432971E-002       +-    3.9369784004122814E-005 ) fb
  sig_NLO  = (   9.5341910477375821E-002       +-    4.2988668710865113E-005 ) fb
  sig_NNLO = (   9.6674657510896544E-002       +-    4.6375327060188979E-005 ) fb

  pp ---> HHW- + X
  ===============

  PDFSET = PDF4LHC21_40                                NSET =  26
  Sqrt(S)  = 13.6 TeV
  LOOP     = 3
  alphaS(MZ) =   0.11800
          kl =   1.00000
          kv =   0.00000
         k2v =   1.00000
         kth =   1.00000
         kbh =   1.00000
 --------------

  mH       = 125.0000      GeV
  fact_scale 1.0
  ren_scale  1.0
  Kqq      =   0.26721360252368437            +-    1.7293395465901889E-004
  Kgq      =   -9.3019887378024066E-002       +-    1.1716692444048936E-004
  K_nlo    =    1.1741937151456603            +-    2.0888810606841871E-004
  Kqq2     =    6.1025309257325376E-002       +-    1.6400886082555439E-004
  Kgq2     =   -4.8286470883869753E-002       +-    1.3314414294081703E-004
  Kqqs     =    2.1835952598623044E-003       +-    3.2865071553709920E-006
  Kgg      =    1.4972576742528930E-003       +-    2.0877490619290434E-006
  K_nnlo   =    1.1906134064532312            +-    2.9711221770741713E-004
  sig_LO   = (   8.1253435047817762E-002       +-    3.8517464635007204E-005 ) fb
  sig_NLO  = (   9.5407272767143739E-002       +-    4.2091253331390873E-005 ) fb
  sig_NNLO = (   9.6741429088308670E-002       +-    4.5457691430153430E-005 ) fb

  pp ---> HHW- + X
  ===============

  PDFSET = PDF4LHC21_40                                NSET =  27
  Sqrt(S)  = 13.6 TeV
  LOOP     = 3
  alphaS(MZ) =   0.11800
          kl =   1.00000
          kv =   0.00000
         k2v =   1.00000
         kth =   1.00000
         kbh =   1.00000
 --------------

  mH       = 125.0000      GeV
  fact_scale 1.0
  ren_scale  1.0
  Kqq      =   0.26722947073450276            +-    1.7494190020126048E-004
  Kgq      =   -9.2729045470643964E-002       +-    1.1859900554861526E-004
  K_nlo    =    1.1745004252638589            +-    2.1135371433487571E-004
  Kqq2     =    6.1021169004024212E-002       +-    1.6520546891194673E-004
  Kgq2     =   -4.8143286864933993E-002       +-    1.3445100110076556E-004
  Kqqs     =    2.1746780563025813E-003       +-    3.2958250559779573E-006
  Kgg      =    1.5038279589845262E-003       +-    2.0995481049871212E-006
  K_nnlo   =    1.1910568134182362            +-    3.0009262200795151E-004
  sig_LO   = (   8.0922244294333284E-002       +-    3.8961060008821163E-005 ) fb
  sig_NLO  = (   9.5043210337000320E-002       +-    4.2549785257666714E-005 ) fb
  sig_NNLO = (   9.6382990423860643E-002       +-    4.5909530984800783E-005 ) fb

  pp ---> HHW- + X
  ===============

  PDFSET = PDF4LHC21_40                                NSET =  28
  Sqrt(S)  = 13.6 TeV
  LOOP     = 3
  alphaS(MZ) =   0.11800
          kl =   1.00000
          kv =   0.00000
         k2v =   1.00000
         kth =   1.00000
         kbh =   1.00000
 --------------

  mH       = 125.0000      GeV
  fact_scale 1.0
  ren_scale  1.0
  Kqq      =   0.26730777299038216            +-    1.7606188702851871E-004
  Kgq      =   -9.3125420562902392E-002       +-    1.1914452890818419E-004
  K_nlo    =    1.1741823524274797            +-    2.1258693946899941E-004
  Kqq2     =    6.1044222296462461E-002       +-    1.6610538927893328E-004
  Kgq2     =   -4.8339092142063195E-002       +-    1.3532108137594183E-004
  Kqqs     =    2.1862453031088777E-003       +-    3.3222158993446767E-006
  Kgg      =    1.4949677993692781E-003       +-    2.0843934555476182E-006
  K_nnlo   =    1.1905686956843571            +-    3.0184662340270704E-004
  sig_LO   = (   8.1073598393406637E-002       +-    3.9341883332860235E-005 ) fb
  sig_NLO  = (   9.5195188481330947E-002       +-    4.2951548224561406E-005 ) fb
  sig_NNLO = (   9.6523688293675539E-002       +-    4.6331980143932238E-005 ) fb

  pp ---> HHW- + X
  ===============

  PDFSET = PDF4LHC21_40                                NSET =  29
  Sqrt(S)  = 13.6 TeV
  LOOP     = 3
  alphaS(MZ) =   0.11800
          kl =   1.00000
          kv =   0.00000
         k2v =   1.00000
         kth =   1.00000
         kbh =   1.00000
 --------------

  mH       = 125.0000      GeV
  fact_scale 1.0
  ren_scale  1.0
  Kqq      =   0.26731623204501298            +-    1.7622096734331777E-004
  Kgq      =   -9.3114882445261851E-002       +-    1.1915473753211409E-004
  K_nlo    =    1.1742013495997512            +-    2.1272442456794110E-004
  Kqq2     =    6.1050119279933507E-002       +-    1.6618139362910333E-004
  Kgq2     =   -4.8341069462713888E-002       +-    1.3520488019736756E-004
  Kqqs     =    2.1879977135497277E-003       +-    3.3210950851303818E-006
  Kgg      =    1.4981757170671583E-003       +-    2.0892967701188311E-006
  K_nnlo   =    1.1905965728475876            +-    3.0193325563610121E-004
  sig_LO   = (   8.1082671708850945E-002       +-    3.9380669040543092E-005 ) fb
  sig_NLO  = (   9.5207382549686345E-002       +-    4.2992321740174153E-005 ) fb
  sig_NNLO = (   9.6536751053883998E-002       +-    4.6370072584467304E-005 ) fb

  pp ---> HHW- + X
  ===============

  PDFSET = PDF4LHC21_40                                NSET =  30
  Sqrt(S)  = 13.6 TeV
  LOOP     = 3
  alphaS(MZ) =   0.11800
          kl =   1.00000
          kv =   0.00000
         k2v =   1.00000
         kth =   1.00000
         kbh =   1.00000
 --------------

  mH       = 125.0000      GeV
  fact_scale 1.0
  ren_scale  1.0
  Kqq      =   0.26740935534834859            +-    1.7659011076661280E-004
  Kgq      =   -9.3004718966071473E-002       +-    1.1875302637490183E-004
  K_nlo    =    1.1744046363822771            +-    2.1280589393567724E-004
  Kqq2     =    6.1079778142924458E-002       +-    1.6649897315739246E-004
  Kgq2     =   -4.8287012899133931E-002       +-    1.3472395555303278E-004
  Kqqs     =    2.1782449262660302E-003       +-    3.3075282591921128E-006
  Kgg      =    1.5017130241887172E-003       +-    2.0911160663101363E-006
  K_nnlo   =    1.1908773595765223            +-    3.0195051459746267E-004
  sig_LO   = (   8.0924539748006077E-002       +-    3.9413396124708627E-005 ) fb
  sig_NLO  = (   9.5038154677160216E-002       +-    4.3011465665574953E-005 ) fb
  sig_NNLO = (   9.6371202220050814E-002       +-    4.6373431045096661E-005 ) fb

  pp ---> HHW- + X
  ===============

  PDFSET = PDF4LHC21_40                                NSET =  31
  Sqrt(S)  = 13.6 TeV
  LOOP     = 3
  alphaS(MZ) =   0.11800
          kl =   1.00000
          kv =   0.00000
         k2v =   1.00000
         kth =   1.00000
         kbh =   1.00000
 --------------

  mH       = 125.0000      GeV
  fact_scale 1.0
  ren_scale  1.0
  Kqq      =   0.26722164086487482            +-    1.7610841687422174E-004
  Kgq      =   -9.2487896177493992E-002       +-    1.1892641708299887E-004
  K_nlo    =    1.1747337446873809            +-    2.1250333450123572E-004
  Kqq2     =    6.1011737319415144E-002       +-    1.6605614619197271E-004
  Kgq2     =   -4.8013704786703471E-002       +-    1.3509751452790096E-004
  Kqqs     =    2.1701126582478625E-003       +-    3.2982097922476555E-006
  Kgg      =    1.4971049035639795E-003       +-    2.0891877987876892E-006
  K_nnlo   =    1.1913989947819044            +-    3.0166022639284510E-004
  sig_LO   = (   8.0891057344252948E-002       +-    3.9268501969391987E-005 ) fb
  sig_NLO  = (   9.5025454705735923E-002       +-    4.2866050233499590E-005 ) fb
  sig_NNLO = (   9.6373524406788341E-002       +-    4.6232608032670580E-005 ) fb

  pp ---> HHW- + X
  ===============

  PDFSET = PDF4LHC21_40                                NSET =  32
  Sqrt(S)  = 13.6 TeV
  LOOP     = 3
  alphaS(MZ) =   0.11800
          kl =   1.00000
          kv =   0.00000
         k2v =   1.00000
         kth =   1.00000
         kbh =   1.00000
 --------------

  mH       = 125.0000      GeV
  fact_scale 1.0
  ren_scale  1.0
  Kqq      =   0.26717661799420916            +-    1.7586869388988761E-004
  Kgq      =   -9.2782680719950689E-002       +-    1.1902736692418620E-004
  K_nlo    =    1.1743939372742584            +-    2.1236127605436881E-004
  Kqq2     =    6.0992312564354716E-002       +-    1.6594411289583955E-004
  Kgq2     =   -4.8157872361495470E-002       +-    1.3483899707082396E-004
  Kqqs     =    2.1779467656121011E-003       +-    3.3150573628842490E-006
  Kgg      =    1.4972456256596724E-003       +-    2.0899789282773759E-006
  K_nnlo   =    1.1909035698683894            +-    3.0138293402336586E-004
  sig_LO   = (   8.1292111817848012E-002       +-    3.9410843363603627E-005 ) fb
  sig_NLO  = (   9.5468963267101803E-002       +-    4.3025991959377136E-005 ) fb
  sig_NNLO = (   9.6811066166015480E-002       +-    4.6405466036791982E-005 ) fb

  pp ---> HHW- + X
  ===============

  PDFSET = PDF4LHC21_40                                NSET =  33
  Sqrt(S)  = 13.6 TeV
  LOOP     = 3
  alphaS(MZ) =   0.11800
          kl =   1.00000
          kv =   0.00000
         k2v =   1.00000
         kth =   1.00000
         kbh =   1.00000
 --------------

  mH       = 125.0000      GeV
  fact_scale 1.0
  ren_scale  1.0
  Kqq      =   0.26727302189454683            +-    1.7626408818310525E-004
  Kgq      =   -9.2840380483304161E-002       +-    1.1871942502768541E-004
  K_nlo    =    1.1744326414112427            +-    2.1251665972795103E-004
  Kqq2     =    6.1026090787178848E-002       +-    1.6627077411651017E-004
  Kgq2     =   -4.8194221610000032E-002       +-    1.3466947400240994E-004
  Kqqs     =    2.1763742537616211E-003       +-    3.3049232865334180E-006
  Kgg      =    1.5005611577770289E-003       +-    2.0954747706762506E-006
  K_nnlo   =    1.1909414459999603            +-    3.0159655460193746E-004
  sig_LO   = (   8.0968688485206886E-002       +-    3.9355446608266332E-005 ) fb
  sig_NLO  = (   9.5092270689285580E-002       +-    4.2952750145428967E-005 ) fb
  sig_NNLO = (   9.6428966945292599E-002       +-    4.6316105123009766E-005 ) fb

  pp ---> HHW- + X
  ===============

  PDFSET = PDF4LHC21_40                                NSET =  34
  Sqrt(S)  = 13.6 TeV
  LOOP     = 3
  alphaS(MZ) =   0.11800
          kl =   1.00000
          kv =   0.00000
         k2v =   1.00000
         kth =   1.00000
         kbh =   1.00000
 --------------

  mH       = 125.0000      GeV
  fact_scale 1.0
  ren_scale  1.0
  Kqq      =   0.26697189937004118            +-    1.7399087251473362E-004
  Kgq      =   -9.2722221059295104E-002       +-    1.1773794733807127E-004
  K_nlo    =    1.1742496783107461            +-    2.1008343095499162E-004
  Kqq2     =    6.0922984701791784E-002       +-    1.6453364273550549E-004
  Kgq2     =   -4.8129289570298099E-002       +-    1.3363899589302497E-004
  Kqqs     =    2.1727317950759033E-003       +-    3.2878301456049150E-006
  Kgg      =    1.5014168107123085E-003       +-    2.0955899398712123E-006
  K_nnlo   =    1.1907175220480282            +-    2.9846431964506928E-004
  sig_LO   = (   8.1551054787267818E-002       +-    3.9013750482790971E-005 ) fb
  sig_NLO  = (   9.5761299849851267E-002       +-    4.2609812870909470E-005 ) fb
  sig_NNLO = (   9.7104269876698512E-002       +-    4.5983825691222721E-005 ) fb

  pp ---> HHW- + X
  ===============

  PDFSET = PDF4LHC21_40                                NSET =  35
  Sqrt(S)  = 13.6 TeV
  LOOP     = 3
  alphaS(MZ) =   0.11800
          kl =   1.00000
          kv =   0.00000
         k2v =   1.00000
         kth =   1.00000
         kbh =   1.00000
 --------------

  mH       = 125.0000      GeV
  fact_scale 1.0
  ren_scale  1.0
  Kqq      =   0.26721981828037183            +-    1.7621760302190481E-004
  Kgq      =   -9.2785366494740493E-002       +-    1.1895951193402073E-004
  K_nlo    =    1.1744344517856313            +-    2.1261234464246438E-004
  Kqq2     =    6.1007391727094344E-002       +-    1.6619414519841673E-004
  Kgq2     =   -4.8163351631897534E-002       +-    1.3495773701456369E-004
  Kqqs     =    2.1734647647515181E-003       +-    3.3010228558508241E-006
  Kgg      =    1.5029043245998925E-003       +-    2.0970238977227103E-006
  K_nnlo   =    1.1909548609701797            +-    3.0175053940931587E-004
  sig_LO   = (   8.1018382081850054E-002       +-    3.9359335098531111E-005 ) fb
  sig_NLO  = (   9.5150779144856382E-002       +-    4.2963651977408593E-005 ) fb
  sig_NNLO = (   9.6489235968318626E-002       +-    4.6333893821802290E-005 ) fb

  pp ---> HHW- + X
  ===============

  PDFSET = PDF4LHC21_40                                NSET =  36
  Sqrt(S)  = 13.6 TeV
  LOOP     = 3
  alphaS(MZ) =   0.11800
          kl =   1.00000
          kv =   0.00000
         k2v =   1.00000
         kth =   1.00000
         kbh =   1.00000
 --------------

  mH       = 125.0000      GeV
  fact_scale 1.0
  ren_scale  1.0
  Kqq      =   0.26718974704769788            +-    1.7575115263239959E-004
  Kgq      =   -9.2872828274503494E-002       +-    1.1903241366709229E-004
  K_nlo    =    1.1743169187731943            +-    2.1226677355401340E-004
  Kqq2     =    6.0997431796230975E-002       +-    1.6583823980829014E-004
  Kgq2     =   -4.8204632216007244E-002       +-    1.3507687038216706E-004
  Kqqs     =    2.1704432220808452E-003       +-    3.2935720558530423E-006
  Kgg      =    1.5091941490531300E-003       +-    2.1093043681213612E-006
  K_nnlo   =    1.1907893557245519            +-    3.0136450128007445E-004
  sig_LO   = (   8.1016771337157234E-002       +-    3.9232531510050971E-005 ) fb
  sig_NLO  = (   9.5139365285602934E-002       +-    4.2836131226488119E-005 ) fb
  sig_NNLO = (   9.6473908943456824E-002       +-    4.6209436495037825E-005 ) fb

  pp ---> HHW- + X
  ===============

  PDFSET = PDF4LHC21_40                                NSET =  37
  Sqrt(S)  = 13.6 TeV
  LOOP     = 3
  alphaS(MZ) =   0.11800
          kl =   1.00000
          kv =   0.00000
         k2v =   1.00000
         kth =   1.00000
         kbh =   1.00000
 --------------

  mH       = 125.0000      GeV
  fact_scale 1.0
  ren_scale  1.0
  Kqq      =   0.26699512814746740            +-    1.7506105951822258E-004
  Kgq      =   -9.2192976681970379E-002       +-    1.1802323373291364E-004
  K_nlo    =    1.1748021514654969            +-    2.1112995585756333E-004
  Kqq2     =    6.0918380899740304E-002       +-    1.6534883669639289E-004
  Kgq2     =   -4.7854497806318758E-002       +-    1.3389642977789293E-004
  Kqqs     =    2.1634761573771427E-003       +-    3.2835316646526110E-006
  Kgg      =    1.4909435876662594E-003       +-    2.0805874567051844E-006
  K_nnlo   =    1.1915204543039619            +-    2.9976567580176862E-004
  sig_LO   = (   8.1598010140602445E-002       +-    3.9340413403953783E-005 ) fb
  sig_NLO  = (   9.5861517868483195E-002       +-    4.2947231318904394E-005 ) fb
  sig_NNLO = (   9.7225698113029918E-002       +-    4.6324653849775876E-005 ) fb

  pp ---> HHW- + X
  ===============

  PDFSET = PDF4LHC21_40                                NSET =  38
  Sqrt(S)  = 13.6 TeV
  LOOP     = 3
  alphaS(MZ) =   0.11800
          kl =   1.00000
          kv =   0.00000
         k2v =   1.00000
         kth =   1.00000
         kbh =   1.00000
 --------------

  mH       = 125.0000      GeV
  fact_scale 1.0
  ren_scale  1.0
  Kqq      =   0.26718466552055042            +-    1.7581446833953224E-004
  Kgq      =   -9.2881832785862165E-002       +-    1.1883748062853936E-004
  K_nlo    =    1.1743028327346883            +-    2.1220997639048654E-004
  Kqq2     =    6.0994600589368543E-002       +-    1.6591339074476007E-004
  Kgq2     =   -4.8211616950694876E-002       +-    1.3480439361434493E-004
  Kqqs     =    2.1774561661554439E-003       +-    3.3062999294160660E-006
  Kgg      =    1.4978645934070355E-003       +-    2.0897696280107567E-006
  K_nnlo   =    1.1907611371329241            +-    3.0124383911065621E-004
  sig_LO   = (   8.1203274324695998E-002       +-    3.9345555951356420E-005 ) fb
  sig_NLO  = (   9.5357235066822491E-002       +-    4.2953691249017140E-005 ) fb
  sig_NNLO = (   9.6693703273791801E-002       +-    4.6329920541350967E-005 ) fb

  pp ---> HHW- + X
  ===============

  PDFSET = PDF4LHC21_40                                NSET =  39
  Sqrt(S)  = 13.6 TeV
  LOOP     = 3
  alphaS(MZ) =   0.11800
          kl =   1.00000
          kv =   0.00000
         k2v =   1.00000
         kth =   1.00000
         kbh =   1.00000
 --------------

  mH       = 125.0000      GeV
  fact_scale 1.0
  ren_scale  1.0
  Kqq      =   0.26713278278703062            +-    1.7577051078351280E-004
  Kgq      =   -9.2658059504551943E-002       +-    1.1883740273286144E-004
  K_nlo    =    1.1744747232824788            +-    2.1217351566439507E-004
  Kqq2     =    6.0969251540213806E-002       +-    1.6592367695427151E-004
  Kgq2     =   -4.8080476956329554E-002       +-    1.3470578196540667E-004
  Kqqs     =    2.1674308419748992E-003       +-    3.2959354295088942E-006
  Kgg      =    1.5044569990001247E-003       +-    2.1007613945641834E-006
  K_nnlo   =    1.1910353857073381            +-    3.0117966632413752E-004
  sig_LO   = (   8.1167261025604981E-002       +-    3.9323979464543999E-005 ) fb
  sig_NLO  = (   9.5328896432644125E-002       +-    4.2929673987347109E-005 ) fb
  sig_NNLO = (   9.6673080042439616E-002       +-    4.6303118530609624E-005 ) fb

  pp ---> HHW- + X
  ===============

  PDFSET = PDF4LHC21_40                                NSET =  40
  Sqrt(S)  = 13.6 TeV
  LOOP     = 3
  alphaS(MZ) =   0.11800
          kl =   1.00000
          kv =   0.00000
         k2v =   1.00000
         kth =   1.00000
         kbh =   1.00000
 --------------

  mH       = 125.0000      GeV
  fact_scale 1.0
  ren_scale  1.0
  Kqq      =   0.26720206184161033            +-    1.7541572170715695E-004
  Kgq      =   -9.2693918764757868E-002       +-    1.1868846659360642E-004
  K_nlo    =    1.1745081430768523            +-    2.1179619336613291E-004
  Kqq2     =    6.1004444782120311E-002       +-    1.6555520204715858E-004
  Kgq2     =   -4.8120348155567934E-002       +-    1.3465968287578687E-004
  Kqqs     =    2.1734000678638658E-003       +-    3.2952055707282208E-006
  Kgg      =    1.4982385922012252E-003       +-    2.0906426718522725E-006
  K_nnlo   =    1.1910638783634699            +-    3.0069022566089849E-004
  sig_LO   = (   8.1179379491356660E-002       +-    3.9213096610405343E-005 ) fb
  sig_NLO  = (   9.5345842262524433E-002       +-    4.2816852086189846E-005 ) fb
  sig_NNLO = (   9.6689826580115198E-002       +-    4.6189907171447636E-005 ) fb

  pp ---> HHW- + X
  ===============

  PDFSET = PDF4LHC21_40                                NSET =  41
  Sqrt(S)  = 13.6 TeV
  LOOP     = 3
  alphaS(MZ) =   0.11700
          kl =   1.00000
          kv =   0.00000
         k2v =   1.00000
         kth =   1.00000
         kbh =   1.00000
 --------------

  mH       = 125.0000      GeV
  fact_scale 1.0
  ren_scale  1.0
  Kqq      =   0.26515529085722922            +-    1.7382469532844174E-004
  Kgq      =   -9.0536543287420654E-002       +-    1.1608915431157717E-004
  K_nlo    =    1.1746187475698087            +-    2.0902563587943651E-004
  Kqq2     =    6.0090891555554492E-002       +-    1.6323530267756958E-004
  Kgq2     =   -4.6690660433462608E-002       +-    1.3083933964884881E-004
  Kqqs     =    2.1348289123793410E-003       +-    3.2452656933014726E-006
  Kgg      =    1.4364793947350689E-003       +-    2.0055302489702319E-006
  K_nnlo   =    1.1915902869990147            +-    2.9575491068752687E-004
  sig_LO   = (   8.1673480210492519E-002       +-    3.9367511549554321E-005 ) fb
  sig_NLO  = (   9.5935201034516263E-002       +-    4.2909778218914690E-005 ) fb
  sig_NNLO = (   9.7321325724229135E-002       +-    4.6187455769574354E-005 ) fb

  pp ---> HHW- + X
  ===============

  PDFSET = PDF4LHC21_40                                NSET =  42
  Sqrt(S)  = 13.6 TeV
  LOOP     = 3
  alphaS(MZ) =   0.11900
          kl =   1.00000
          kv =   0.00000
         k2v =   1.00000
         kth =   1.00000
         kbh =   1.00000
 --------------

  mH       = 125.0000      GeV
  fact_scale 1.0
  ren_scale  1.0
  Kqq      =   0.26892410634391728            +-    1.7677114794645060E-004
  Kgq      =   -9.1532636416192775E-002       +-    1.1750837488300935E-004
  K_nlo    =    1.1773914699277246            +-    2.1226459175743793E-004
  Kqq2     =    6.1791210800307882E-002       +-    1.6792642170496724E-004
  Kgq2     =   -4.7818968814152076E-002       +-    1.3390007226000712E-004
  Kqqs     =    2.2015003802229672E-003       +-    3.3397118773400589E-006
  Kgg      =    1.4695889510554184E-003       +-    2.0589546345749326E-006
  K_nnlo   =    1.1950348012451586            +-    3.0199364619381034E-004
  sig_LO   = (   8.1587651828553126E-002       +-    3.9488118059272657E-005 ) fb
  sig_NLO  = (   9.6060605314371564E-002       +-    4.3118794816516188E-005 ) fb
  sig_NNLO = (   9.7500083286994194E-002       +-    4.6544488891746558E-005 ) fb

