  pp ---> HHZ + X
  ===============

  PDFSET = PDF4LHC21_40                                NSET =   0
  Sqrt(S)  = 13.6 TeV
  LOOP     = 3
  alphaS(MZ) =   0.11800
          kl =  -1.70000
          kv =   1.20000
         k2v =   0.40000
         kth =   1.00000
         kbh =   1.00000
 --------------

  mH       = 125.0000      GeV
  fact_scale 0.5
  ren_scale  0.5
  Kqq      =   0.20392894692437774            +-    2.4939039224756282E-004
  Kgq      =   -2.7762553239331633E-002       +-    1.3703047680116719E-004
  K_nlo    =    1.1761663936850462            +-    2.8455740952881278E-004
  Kqq2     =    2.5012177935890112E-002       +-    1.9800270286286130E-004
  Kgq2     =   -1.6927415915374531E-002       +-    1.2371729930981431E-004
  Kqqs     =    1.1045067523539108E-003       +-    3.1707858962792543E-006
  Kgg      =    3.7462282823367578E-004       +-    2.0951282136798907E-006
  Kgghhz   =   0.51383892730779002            +-    1.3920036808548488E-003
  K_nnlo   =    1.1857302852861493            +-    3.6810107749461019E-004
  K_nnlo2  =    1.6995692125939392            +-    1.4398516072033744E-003
  sig_LO   = (  0.24222267649247331            +-    1.6333496894972837E-004 ) fb
  sig_NLO  = (  0.28489417187889188            +-    1.7728265858323527E-004 ) fb
  sig_NNLO = (  0.28721076330019496            +-    1.8608667519788376E-004 ) fb
  sig_HHZ  = (  0.41167420355870932            +-    3.8511704072557708E-004 ) fb

  mH       = 125.0000      GeV
  fact_scale 1.0
  ren_scale  0.5
  Kqq      =   0.28291383871795883            +-    2.8702360926478507E-004
  Kgq      =   -7.4157626677220354E-002       +-    1.3198966746845212E-004
  K_nlo    =    1.2087562120407385            +-    3.1591743319072562E-004
  Kqq2     =    4.6043600810789322E-002       +-    3.0657215799155367E-004
  Kgq2     =   -3.4831009159313087E-002       +-    1.6054345302817362E-004
  Kqqs     =    2.1716243325992546E-003       +-    3.9106956193915172E-006
  Kgg      =    1.3552645315389104E-003       +-    2.4172564717173135E-006
  Kgghhz   =   0.49717415910053336            +-    1.3478419928501389E-003
  K_nnlo   =    1.2234956925563529            +-    4.6859966883119083E-004
  K_nnlo2  =    1.7206698516568864            +-    1.4269771152050532E-003
  sig_LO   = (  0.23495261212197466            +-    1.5834326758015053E-004 ) fb
  sig_NLO  = (  0.28400042943763498            +-    1.7487719681045916E-004 ) fb
  sig_NNLO = (  0.28746350888609956            +-    1.9285828399049186E-004 ) fb
  sig_HHZ  = (  0.40427587624631611            +-    3.7078282701824214E-004 ) fb

  mH       = 125.0000      GeV
  fact_scale 0.5
  ren_scale  1.0
  Kqq      =   0.18806505811981639            +-    2.3004335838936786E-004
  Kgq      =   -2.5600514142293040E-002       +-    1.2616339506997805E-004
  K_nlo    =    1.1624645439775234            +-    2.6236834602261477E-004
  Kqq2     =    3.5243508926343925E-002       +-    1.3947306033938863E-004
  Kgq2     =   -1.6288536464892148E-002       +-    1.0303369815153054E-004
  Kqqs     =    9.3711365572579446E-004       +-    2.6809576059212378E-006
  Kgg      =    3.1769599815461744E-004       +-    1.7737616392661635E-006
  Kgghhz   =   0.43280734583308494            +-    1.1733147315993358E-003
  K_nnlo   =    1.1826743260928554            +-    3.1450939616153861E-004
  K_nnlo2  =    1.6154816719259404            +-    1.2147360287988157E-003
  sig_LO   = (  0.24222267649247331            +-    1.6333496894972837E-004 ) fb
  sig_NLO  = (  0.28157527316983816            +-    1.7526298309002784E-004 ) fb
  sig_NNLO = (  0.28647054068514360            +-    1.8022736675594149E-004 ) fb
  sig_HHZ  = (  0.39130629439843695            +-    3.3653156761003877E-004 ) fb

  mH       = 125.0000      GeV
  fact_scale 1.0
  ren_scale  1.0
  Kqq      =   0.26090622970033123            +-    2.6467072914283639E-004
  Kgq      =   -6.8333052462009519E-002       +-    1.2149237909605637E-004
  K_nlo    =    1.1925731772383217            +-    2.9122327009258812E-004
  Kqq2     =    5.8526072977484050E-002       +-    2.1169744086066124E-004
  Kgq2     =   -3.4702954292914284E-002       +-    1.2065971017646861E-004
  Kqqs     =    1.8454448555622711E-003       +-    3.3164177467702184E-006
  Kgg      =    1.1484421982454693E-003       +-    2.0449305595979512E-006
  Kgghhz   =   0.41875976773489221            +-    1.1360512272762940E-003
  K_nnlo   =    1.2193901829766993            +-    3.7973773257066223E-004
  K_nnlo2  =    1.6381499507115915            +-    1.1978368572280124E-003
  sig_LO   = (  0.23495261212197466            +-    1.5834326758015053E-004 ) fb
  sig_NLO  = (  0.28019818313874634            +-    1.7249460493919100E-004 ) fb
  sig_NNLO = (  0.28649890868626815            +-    1.8174945722466062E-004 ) fb
  sig_HHZ  = (  0.38488760996717247            +-    3.2292134101452689E-004 ) fb

  mH       = 125.0000      GeV
  fact_scale 1.5
  ren_scale  1.0
  Kqq      =   0.30440831636073079            +-    3.0662640718991520E-004
  Kgq      =   -9.2400533362313519E-002       +-    1.3267756606585680E-004
  K_nlo    =    1.2120077829984173            +-    3.3410041922056228E-004
  Kqq2     =    7.2249532514225986E-002       +-    2.8210391277922099E-004
  Kgq2     =   -4.7729869399269799E-002       +-    1.4683817381043237E-004
  Kqqs     =    3.2060259301647052E-003       +-    4.0722401354280237E-006
  Kgg      =    1.8708487509948217E-003       +-    2.6566115965143614E-006
  Kgghhz   =   0.41082324464072539            +-    1.1146815456025852E-003
  K_nnlo   =    1.2416043207945331            +-    4.6129252946647628E-004
  K_nnlo2  =    1.6524275654352585            +-    1.2063605372559848E-003
  sig_LO   = (  0.23078628617766170            +-    1.5556809175456729E-004 ) fb
  sig_NLO  = (  0.27971477505662606            +-    1.7362815091144577E-004 ) fb
  sig_NNLO = (  0.28654525009830845            +-    1.8850772022046105E-004 ) fb
  sig_HHZ  = (  0.38135762100439841            +-    3.1892691449430946E-004 ) fb

  mH       = 125.0000      GeV
  fact_scale 2.0
  ren_scale  1.0
  Kqq      =   0.33564679825516675            +-    3.3964277370797445E-004
  Kgq      =  -0.10895766441289283            +-    1.4355062588514812E-004
  K_nlo    =    1.2266891338422738            +-    3.6873296018129990E-004
  Kqq2     =    8.2049860794814133E-002       +-    3.4363109508363579E-004
  Kgq2     =   -5.7948296355561799E-002       +-    1.7428046240782903E-004
  Kqqs     =    4.5298809211362940E-003       +-    5.1332496234025324E-006
  Kgg      =    2.4747222794860900E-003       +-    2.9623297028508869E-006
  Kgghhz   =   0.40534625739034197            +-    1.0992416563537911E-003
  K_nnlo   =    1.2577953014821486            +-    5.3334335156491274E-004
  K_nnlo2  =    1.6631415588724905            +-    1.2217967710392429E-003
  sig_LO   = (  0.22787589153622145            +-    1.5366290297369299E-004 ) fb
  sig_NLO  = (  0.27953288001210347            +-    1.7513579741379532E-004 ) fb
  sig_NNLO = (  0.28662122569531512            +-    1.9591658772033339E-004 ) fb
  sig_HHZ  = (  0.37898986547900998            +-    3.1800768281776466E-004 ) fb

  mH       = 125.0000      GeV
  fact_scale 1.0
  ren_scale  1.5
  Kqq      =   0.24957892156794695            +-    2.5316600666751792E-004
  Kgq      =   -6.5338816192048066E-002       +-    1.1610653296400343E-004
  K_nlo    =    1.1842401053758989            +-    2.7852065260748426E-004
  Kqq2     =    6.4011709811024858E-002       +-    1.9659644527603699E-004
  Kgq2     =   -3.4508836792398301E-002       +-    1.0937754901849335E-004
  Kqqs     =    1.6880141565406284E-003       +-    3.0302205964050689E-006
  Kgg      =    1.0489386316756271E-003       +-    1.8661686988725915E-006
  Kgghhz   =   0.38128751285862261            +-    1.0346631365260436E-003
  K_nnlo   =    1.2164799311827417            +-    3.5805031668166586E-004
  K_nnlo2  =    1.5977674440413643            +-    1.0948642999759155E-003
  sig_LO   = (  0.23495261212197466            +-    1.5834326758015053E-004 ) fb
  sig_NLO  = (  0.27824030613766998            +-    1.7133263955462826E-004 ) fb
  sig_NNLO = (  0.28581513742534514            +-    1.7930304510172239E-004 ) fb
  sig_HHZ  = (  0.37539963454096953            +-    3.0206893146849425E-004 ) fb

  mH       = 125.0000      GeV
  fact_scale 1.5
  ren_scale  1.5
  Kqq      =   0.29119018464491669            +-    2.9327457543673016E-004
  Kgq      =   -8.8345480801250376E-002       +-    1.2685960260580114E-004
  K_nlo    =    1.2028447038436663            +-    3.1953612529868374E-004
  Kqq2     =    7.8273500165800730E-002       +-    2.3991160547847187E-004
  Kgq2     =   -4.7435683230593786E-002       +-    1.4396042766004447E-004
  Kqqs     =    2.9323411485658642E-003       +-    3.7213936961690712E-006
  Kgg      =    1.7085443963018255E-003       +-    2.4257486407134895E-006
  Kgghhz   =   0.37406336281365749            +-    1.0153977472274352E-003
  K_nnlo   =    1.2383234063237409            +-    4.2474139376063496E-004
  K_nnlo2  =    1.6123867691373985            +-    1.1006533680720180E-003
  sig_LO   = (  0.23078628617766170            +-    1.5556809175456729E-004 ) fb
  sig_NLO  = (  0.27760006204854909            +-    1.7216181534024207E-004 ) fb
  sig_NNLO = (  0.28578806003232771            +-    1.8387558725084125E-004 ) fb
  sig_HHZ  = (  0.37211675433121894            +-    2.9786810610969369E-004 ) fb

  mH       = 125.0000      GeV
  fact_scale 2.0
  ren_scale  1.5
  Kqq      =   0.32107028207634702            +-    3.2485047545208402E-004
  Kgq      =  -0.10417284126429521            +-    1.3724489025345786E-004
  K_nlo    =    1.2168974408120516            +-    3.5265279142823860E-004
  Kqq2     =    8.8463898657929654E-002       +-    2.8024833810386265E-004
  Kgq2     =   -5.7477771414074362E-002       +-    1.7208654795517568E-004
  Kqqs     =    4.1427139451634086E-003       +-    4.6912770878287293E-006
  Kgg      =    2.2598640096536384E-003       +-    2.7048979889279310E-006
  Kgghhz   =   0.36907048972761997            +-    1.0015290921277292E-003
  K_nnlo   =    1.2542861460107237            +-    4.8223047068085599E-004
  K_nnlo2  =    1.6233566357383438            +-    1.1115784944084126E-003
  sig_LO   = (  0.22787589153622145            +-    1.5366290297369299E-004 ) fb
  sig_NLO  = (  0.27730158923319259            +-    1.7340758115266184E-004 ) fb
  sig_NNLO = (  0.28582157376372502            +-    1.8891218540225121E-004 ) fb
  sig_HHZ  = (  0.36992384065011630            +-    2.9626704300981919E-004 ) fb

  mH       = 125.0000      GeV
  fact_scale 1.0
  ren_scale  2.0
  Kqq      =   0.24213134209081616            +-    2.4560370253522634E-004
  Kgq      =   -6.3371491540806235E-002       +-    1.1257160601786828E-004
  K_nlo    =    1.1787598505500099            +-    2.7017317627857525E-004
  Kqq2     =    6.7199639151948987E-002       +-    2.0479980402024614E-004
  Kgq2     =   -3.4329359077828650E-002       +-    1.0622981685657213E-004
  Kqqs     =    1.5883694559226968E-003       +-    2.8492923159635446E-006
  Kgg      =    9.8607078294101901E-004       +-    1.7533498306563164E-006
  Kgghhz   =   0.35770300851322911            +-    9.7078494726370891E-004
  K_nnlo   =    1.2142045708629938            +-    3.5529209335263384E-004
  K_nnlo2  =    1.5719075793762229            +-    1.0337581368157151E-003
  sig_LO   = (  0.23495261212197466            +-    1.5834326758015053E-004 ) fb
  sig_NLO  = (  0.27695270595123334            +-    1.7059318084300287E-004 ) fb
  sig_NNLO = (  0.28528053557470179            +-    1.7899990901579468E-004 ) fb
  sig_HHZ  = (  0.36932379178877389            +-    2.8994018802751866E-004 ) fb

  mH       = 125.0000      GeV
  fact_scale 1.5
  ren_scale  2.0
  Kqq      =   0.28249939256458534            +-    2.8449736335217477E-004
  Kgq      =   -8.5681478729871460E-002       +-    1.2303762097804665E-004
  K_nlo    =    1.1968179138347139            +-    3.0996291057201801E-004
  Kqq2     =    8.1804037650425723E-002       +-    2.4770352938564708E-004
  Kgq2     =   -4.7168633851993602E-002       +-    1.4273932576525835E-004
  Kqqs     =    2.7591253051334466E-003       +-    3.4995825443149651E-006
  Kgg      =    1.6060136659598035E-003       +-    2.2799548590030019E-006
  Kgghhz   =   0.35092452441263300            +-    9.5276008312449002E-004
  K_nnlo   =    1.2358184566042389            +-    4.2169420768187828E-004
  K_nnlo2  =    1.5867429810168718            +-    1.0419106395405664E-003
  sig_LO   = (  0.23078628617766170            +-    1.5556809175456729E-004 ) fb
  sig_NLO  = (  0.27620916156481029            +-    1.7122708440867672E-004 ) fb
  sig_NNLO = (  0.28520995198950205            +-    1.8350164834545879E-004 ) fb
  sig_HHZ  = (  0.36619851970735579            +-    2.8639450298435597E-004 ) fb

  mH       = 125.0000      GeV
  fact_scale 2.0
  ren_scale  2.0
  Kqq      =   0.31148653552405053            +-    3.1512830708680577E-004
  Kgq      =  -0.10102956360394795            +-    1.3310316481658565E-004
  K_nlo    =    1.2104569719201026            +-    3.4208522682452591E-004
  Kqq2     =    9.2279961527712354E-002       +-    2.7860260039653514E-004
  Kgq2     =   -5.7073041481096924E-002       +-    1.6937669052017449E-004
  Kqqs     =    3.8977069990909089E-003       +-    4.4118184304398964E-006
  Kgg      =    2.1241461611058712E-003       +-    2.5423220431418867E-006
  Kgghhz   =   0.34624106545696992            +-    9.3998917442417390E-004
  K_nnlo   =    1.2516857451269148            +-    4.7260565188548046E-004
  K_nnlo2  =    1.5979268105838846            +-    1.0521101416813450E-003
  sig_LO   = (  0.22787589153622145            +-    1.5366290297369299E-004 ) fb
  sig_NLO  = (  0.27583396164252832            +-    1.7230482937056780E-004 ) fb
  sig_NNLO = (  0.28522900509397531            +-    1.8764486220670948E-004 ) fb
  sig_HHZ  = (  0.36412899657143355            +-    2.8476763776225545E-004 ) fb

  pp ---> HHZ + X
  ===============

  PDFSET = PDF4LHC21_40                                NSET =   1
  Sqrt(S)  = 13.6 TeV
  LOOP     = 3
  alphaS(MZ) =   0.11800
          kl =  -1.70000
          kv =   1.20000
         k2v =   0.40000
         kth =   1.00000
         kbh =   1.00000
 --------------

  mH       = 125.0000      GeV
  fact_scale 1.0
  ren_scale  1.0
  Kqq      =   0.26115189898131763            +-    2.6404229538312896E-004
  Kgq      =   -6.8510889013116749E-002       +-    1.2144252045146619E-004
  K_nlo    =    1.1926410099682010            +-    2.9063141524067265E-004
  Kqq2     =    5.8622004032579063E-002       +-    2.1115530793911941E-004
  Kgq2     =   -3.4796470495129482E-002       +-    1.2052977891153363E-004
  Kqqs     =    1.8504875050705813E-003       +-    3.3141016168178930E-006
  Kgg      =    1.1506289668115081E-003       +-    2.0499874021080985E-006
  Kgghhz   =   0.41970224123039357            +-    1.1377785009694782E-003
  K_nnlo   =    1.2194676599775327            +-    3.7894036063475635E-004
  K_nnlo2  =    1.6391699012079264            +-    1.1992229626663893E-003
  sig_LO   = (  0.23444605303308469            +-    1.5731190931866481E-004 ) fb
  sig_NLO  = (  0.27960997747243649            +-    1.7143436202500268E-004 ) fb
  sig_NNLO = (  0.28589937968322432            +-    1.8066480804875430E-004 ) fb
  sig_HHZ  = (  0.38429691358882967            +-    3.2217091271691137E-004 ) fb

  pp ---> HHZ + X
  ===============

  PDFSET = PDF4LHC21_40                                NSET =   2
  Sqrt(S)  = 13.6 TeV
  LOOP     = 3
  alphaS(MZ) =   0.11800
          kl =  -1.70000
          kv =   1.20000
         k2v =   0.40000
         kth =   1.00000
         kbh =   1.00000
 --------------

  mH       = 125.0000      GeV
  fact_scale 1.0
  ren_scale  1.0
  Kqq      =   0.26090925456951125            +-    2.6439974355919660E-004
  Kgq      =   -6.8670791393767305E-002       +-    1.2166337277269038E-004
  K_nlo    =    1.1922384631757441            +-    2.9104845072357893E-004
  Kqq2     =    5.8535668474902353E-002       +-    2.1147100408855260E-004
  Kgq2     =   -3.4885816978965312E-002       +-    1.2092185486888608E-004
  Kqqs     =    1.8643770322990907E-003       +-    3.3417045541232000E-006
  Kgg      =    1.1424075321187616E-003       +-    2.0251865770896034E-006
  Kgghhz   =   0.41768137006218342            +-    1.1324994740666179E-003
  K_nnlo   =    1.2188950992360990            +-    3.7956099588043446E-004
  K_nnlo2  =    1.6365764692982823            +-    1.1944126625061011E-003
  sig_LO   = (  0.23450546789633636            +-    1.5779542041328404E-004 ) fb
  sig_NLO  = (  0.27958643865103683            +-    1.7192379724736466E-004 ) fb
  sig_NNLO = (  0.28583756556291273            +-    1.8116848439234549E-004 ) fb
  sig_HHZ  = (  0.38378613068092787            +-    3.2148613054879774E-004 ) fb

  pp ---> HHZ + X
  ===============

  PDFSET = PDF4LHC21_40                                NSET =   3
  Sqrt(S)  = 13.6 TeV
  LOOP     = 3
  alphaS(MZ) =   0.11800
          kl =  -1.70000
          kv =   1.20000
         k2v =   0.40000
         kth =   1.00000
         kbh =   1.00000
 --------------

  mH       = 125.0000      GeV
  fact_scale 1.0
  ren_scale  1.0
  Kqq      =   0.26088029078296054            +-    2.6394400518119337E-004
  Kgq      =   -6.8282756340016293E-002       +-    1.2117534807758756E-004
  K_nlo    =    1.1925975344429443            +-    2.9043054738235499E-004
  Kqq2     =    5.8517923621771273E-002       +-    2.1108584973644431E-004
  Kgq2     =   -3.4680090468998781E-002       +-    1.2035625143793987E-004
  Kqqs     =    1.8451650380687007E-003       +-    3.3108585212225402E-006
  Kgg      =    1.1449873330719017E-003       +-    2.0370487702701563E-006
  Kgghhz   =   0.41792504729074048            +-    1.1357384671663205E-003
  K_nnlo   =    1.2194255199668573            +-    3.7869232554120199E-004
  K_nnlo2  =    1.6373505672575979            +-    1.1972091476534527E-003
  sig_LO   = (  0.23475170737909118            +-    1.5750746487804685E-004 ) fb
  sig_NLO  = (  0.27996430742657569            +-    1.7163037799873668E-004 ) fb
  sig_NNLO = (  0.28626222283385583            +-    1.8086341536829216E-004 ) fb
  sig_HHZ  = (  0.38437084124184456            +-    3.2217379892687310E-004 ) fb

  pp ---> HHZ + X
  ===============

  PDFSET = PDF4LHC21_40                                NSET =   4
  Sqrt(S)  = 13.6 TeV
  LOOP     = 3
  alphaS(MZ) =   0.11800
          kl =  -1.70000
          kv =   1.20000
         k2v =   0.40000
         kth =   1.00000
         kbh =   1.00000
 --------------

  mH       = 125.0000      GeV
  fact_scale 1.0
  ren_scale  1.0
  Kqq      =   0.26144511929366931            +-    2.6498276779615666E-004
  Kgq      =   -6.9351312753732824E-002       +-    1.2353000103198581E-004
  K_nlo    =    1.1920938065399365            +-    2.9236198176896104E-004
  Kqq2     =    5.8742545078296897E-002       +-    2.1171429024904951E-004
  Kgq2     =   -3.5214198134847143E-002       +-    1.2260016721361502E-004
  Kqqs     =    1.8668000717346246E-003       +-    3.3562243094593592E-006
  Kgg      =    1.1731872030443374E-003       +-    2.0952674836447479E-006
  Kgghhz   =   0.42706869672206632            +-    1.1589005947814813E-003
  K_nnlo   =    1.2186621407581650            +-    3.8124129428458150E-004
  K_nnlo2  =    1.6457308374802313            +-    1.2199981610857673E-003
  sig_LO   = (  0.23104008302793094            +-    1.5560899578856652E-004 ) fb
  sig_NLO  = (  0.27542145204006918            +-    1.6963726667291990E-004 ) fb
  sig_NNLO = (  0.28155980218376259            +-    1.7880884169370917E-004 ) fb
  sig_HHZ  = (  0.38022978933305907            +-    3.2196893883721154E-004 ) fb

  pp ---> HHZ + X
  ===============

  PDFSET = PDF4LHC21_40                                NSET =   5
  Sqrt(S)  = 13.6 TeV
  LOOP     = 3
  alphaS(MZ) =   0.11800
          kl =  -1.70000
          kv =   1.20000
         k2v =   0.40000
         kth =   1.00000
         kbh =   1.00000
 --------------

  mH       = 125.0000      GeV
  fact_scale 1.0
  ren_scale  1.0
  Kqq      =   0.26110526809585138            +-    2.6515358051929498E-004
  Kgq      =   -6.8263084943611385E-002       +-    1.2115907724808172E-004
  K_nlo    =    1.1928421831522400            +-    2.9152348663839914E-004
  Kqq2     =    5.8603864118242123E-002       +-    2.1195155743784839E-004
  Kgq2     =   -3.4675184165994855E-002       +-    1.2048396528491310E-004
  Kqqs     =    1.8459885207659052E-003       +-    3.3153492441324820E-006
  Kgg      =    1.1419055746576343E-003       +-    2.0343197958712387E-006
  Kgghhz   =   0.41731663646136052            +-    1.1372875566265882E-003
  K_nnlo   =    1.2197587571999107            +-    3.8005384072596480E-004
  K_nnlo2  =    1.6370753936612712            +-    1.1991096314800545E-003
  sig_LO   = (  0.23423752582871779            +-    1.5816158728983127E-004 ) fb
  sig_NLO  = (  0.27940840168570691            +-    1.7227312620647956E-004 ) fb
  sig_NNLO = (  0.28571327339441877            +-    1.8149424044435513E-004 ) fb
  sig_HHZ  = (  0.38346448980629033            +-    3.2234559239051862E-004 ) fb

  pp ---> HHZ + X
  ===============

  PDFSET = PDF4LHC21_40                                NSET =   6
  Sqrt(S)  = 13.6 TeV
  LOOP     = 3
  alphaS(MZ) =   0.11800
          kl =  -1.70000
          kv =   1.20000
         k2v =   0.40000
         kth =   1.00000
         kbh =   1.00000
 --------------

  mH       = 125.0000      GeV
  fact_scale 1.0
  ren_scale  1.0
  Kqq      =   0.26099896958800678            +-    2.6412672048163279E-004
  Kgq      =   -6.8490358545933577E-002       +-    1.2164581314038614E-004
  K_nlo    =    1.1925086110420733            +-    2.9079310226855161E-004
  Kqq2     =    5.8566034670709907E-002       +-    2.1127512629801843E-004
  Kgq2     =   -3.4781496913776945E-002       +-    1.2070134920291219E-004
  Kqqs     =    1.8470582768850014E-003       +-    3.3109185610787629E-006
  Kgg      =    1.1540316032623689E-003       +-    2.0587407723325129E-006
  Kgghhz   =   0.42057006725407803            +-    1.1404032488567565E-003
  K_nnlo   =    1.2192942386791537            +-    3.7918573761931110E-004
  K_nnlo2  =    1.6398643059332316            +-    1.2017909109395637E-003
  sig_LO   = (  0.23473773352559973            +-    1.5769431456430364E-004 ) fb
  sig_NLO  = (  0.27992676856577725            +-    1.7183404777650822E-004 ) fb
  sig_NNLO = (  0.28621436608836615            +-    1.8108046455486966E-004 ) fb
  sig_HHZ  = (  0.38493803046429748            +-    3.2318896715481638E-004 ) fb

  pp ---> HHZ + X
  ===============

  PDFSET = PDF4LHC21_40                                NSET =   7
  Sqrt(S)  = 13.6 TeV
  LOOP     = 3
  alphaS(MZ) =   0.11800
          kl =  -1.70000
          kv =   1.20000
         k2v =   0.40000
         kth =   1.00000
         kbh =   1.00000
 --------------

  mH       = 125.0000      GeV
  fact_scale 1.0
  ren_scale  1.0
  Kqq      =   0.26121487395359738            +-    2.6600019023652783E-004
  Kgq      =   -6.8303760482195996E-002       +-    1.2138768107362210E-004
  K_nlo    =    1.1929111134714012            +-    2.9238856051887598E-004
  Kqq2     =    5.8632492881451580E-002       +-    2.1250966425141754E-004
  Kgq2     =   -3.4696659390179539E-002       +-    1.2070672558544949E-004
  Kqqs     =    1.8470094343721885E-003       +-    3.3214511127295825E-006
  Kgg      =    1.1431944390719712E-003       +-    2.0328330684334419E-006
  Kgghhz   =   0.41762680142789071            +-    1.1354414109762479E-003
  K_nnlo   =    1.2198371508361174            +-    3.8109933845637933E-004
  K_nnlo2  =    1.6374639522640082            +-    1.1976910718259624E-003
  sig_LO   = (  0.23421699976182242            +-    1.5888837432799716E-004 ) fb
  sig_NLO  = (  0.27940006197980649            +-    1.7301835362310556E-004 ) fb
  sig_NNLO = (  0.28570659766684509            +-    1.8224393827937828E-004 ) fb
  sig_HHZ  = (  0.38352189411741200            +-    3.2239225611355068E-004 ) fb

  pp ---> HHZ + X
  ===============

  PDFSET = PDF4LHC21_40                                NSET =   8
  Sqrt(S)  = 13.6 TeV
  LOOP     = 3
  alphaS(MZ) =   0.11800
          kl =  -1.70000
          kv =   1.20000
         k2v =   0.40000
         kth =   1.00000
         kbh =   1.00000
 --------------

  mH       = 125.0000      GeV
  fact_scale 1.0
  ren_scale  1.0
  Kqq      =   0.26075547984129704            +-    2.6472263718320692E-004
  Kgq      =   -6.8247965291591259E-002       +-    1.2184944391439115E-004
  K_nlo    =    1.1925075145497057            +-    2.9141956286337088E-004
  Kqq2     =    5.8463686626247721E-002       +-    2.1178951100418679E-004
  Kgq2     =   -3.4639057055159683E-002       +-    1.2079374868139706E-004
  Kqqs     =    1.8484520681695319E-003       +-    3.3214865905436123E-006
  Kgg      =    1.1524065767034896E-003       +-    2.0632842623288979E-006
  Kgghhz   =   0.41818536024274860            +-    1.1322397005610507E-003
  K_nnlo   =    1.2193330027656670            +-    3.7998233870338447E-004
  K_nnlo2  =    1.6375183630084156            +-    1.1943003463338155E-003
  sig_LO   = (  0.23552666516838028            +-    1.5884491347589814E-004 ) fb
  sig_NLO  = (  0.28086731809012594            +-    1.7303974973085674E-004 ) fb
  sig_NNLO = (  0.28718543587114498            +-    1.8232179170551272E-004 ) fb
  sig_HHZ  = (  0.38567923919135733            +-    3.2304107030783132E-004 ) fb

  pp ---> HHZ + X
  ===============

  PDFSET = PDF4LHC21_40                                NSET =   9
  Sqrt(S)  = 13.6 TeV
  LOOP     = 3
  alphaS(MZ) =   0.11800
          kl =  -1.70000
          kv =   1.20000
         k2v =   0.40000
         kth =   1.00000
         kbh =   1.00000
 --------------

  mH       = 125.0000      GeV
  fact_scale 1.0
  ren_scale  1.0
  Kqq      =   0.26100591229388498            +-    2.6365809156429765E-004
  Kgq      =   -6.8461457420052468E-002       +-    1.2156664229550261E-004
  K_nlo    =    1.1925444548738326            +-    2.9033435512582773E-004
  Kqq2     =    5.8564053280815542E-002       +-    2.1085671634614829E-004
  Kgq2     =   -3.4761932394838491E-002       +-    1.2054339276013469E-004
  Kqqs     =    1.8507618629951671E-003       +-    3.3204439373882312E-006
  Kgg      =    1.1483978285971633E-003       +-    2.0458708157756216E-006
  Kgghhz   =   0.41856479267667585            +-    1.1339600042519792E-003
  K_nnlo   =    1.2193457354514021            +-    3.7855054229002307E-004
  K_nnlo2  =    1.6379105281280779            +-    1.1954772286878656E-003
  sig_LO   = (  0.23571758317922467            +-    1.5789265355576273E-004 ) fb
  sig_NLO  = (  0.28110369673664576            +-    1.7208631857292434E-004 ) fb
  sig_NNLO = (  0.28742122982049872            +-    1.8136224741636039E-004 ) fb
  sig_HHZ  = (  0.38608431115415798            +-    3.2301472693138509E-004 ) fb

  pp ---> HHZ + X
  ===============

  PDFSET = PDF4LHC21_40                                NSET =  10
  Sqrt(S)  = 13.6 TeV
  LOOP     = 3
  alphaS(MZ) =   0.11800
          kl =  -1.70000
          kv =   1.20000
         k2v =   0.40000
         kth =   1.00000
         kbh =   1.00000
 --------------

  mH       = 125.0000      GeV
  fact_scale 1.0
  ren_scale  1.0
  Kqq      =   0.26087651439927123            +-    2.6488675876848011E-004
  Kgq      =   -6.8142247033171149E-002       +-    1.2143199490917444E-004
  K_nlo    =    1.1927342673661001            +-    2.9139444805708421E-004
  Kqq2     =    5.8512137021753487E-002       +-    2.1187546841931930E-004
  Kgq2     =   -3.4604276594334904E-002       +-    1.2054379795850125E-004
  Kqqs     =    1.8448413117754805E-003       +-    3.3194963857365105E-006
  Kgg      =    1.1447926427208478E-003       +-    2.0465439285216498E-006
  Kgghhz   =   0.41670214017321333            +-    1.1306136432179435E-003
  K_nnlo   =    1.2196317617480150            +-    3.7993151106609327E-004
  K_nnlo2  =    1.6363339019212284            +-    1.1927427062579407E-003
  sig_LO   = (  0.23469860578686288            +-    1.5839641051140898E-004 ) fb
  sig_NLO  = (  0.27993306962503905            +-    1.7252998949837147E-004 ) fb
  sig_NNLO = (  0.28624587405563440            +-    1.8177074581875904E-004 ) fb
  sig_HHZ  = (  0.38404528538268945            +-    3.2164119015641959E-004 ) fb

  pp ---> HHZ + X
  ===============

  PDFSET = PDF4LHC21_40                                NSET =  11
  Sqrt(S)  = 13.6 TeV
  LOOP     = 3
  alphaS(MZ) =   0.11800
          kl =  -1.70000
          kv =   1.20000
         k2v =   0.40000
         kth =   1.00000
         kbh =   1.00000
 --------------

  mH       = 125.0000      GeV
  fact_scale 1.0
  ren_scale  1.0
  Kqq      =   0.26082742230473777            +-    2.6457979713035714E-004
  Kgq      =   -6.8259435985374636E-002       +-    1.2142210917452503E-004
  K_nlo    =    1.1925679863193632            +-    2.9111131487101499E-004
  Kqq2     =    5.8494524407473512E-002       +-    2.1169863566815038E-004
  Kgq2     =   -3.4665135377016064E-002       +-    1.2056474262726463E-004
  Kqqs     =    1.8428428677867295E-003       +-    3.3150770523366660E-006
  Kgg      =    1.1473970143075188E-003       +-    2.0440011381419322E-006
  Kgghhz   =   0.41828546284755830            +-    1.1342501263002357E-003
  K_nnlo   =    1.2193876152319150            +-    3.7962235818110303E-004
  K_nnlo2  =    1.6376730780794733            +-    1.1960921719679810E-003
  sig_LO   = (  0.23525023262900333            +-    1.5855191212609315E-004 ) fb
  sig_NLO  = (  0.28055189620753224            +-    1.7271006837260453E-004 ) fb
  sig_NNLO = (  0.28686122014823362            +-    1.8197339031783124E-004 ) fb
  sig_HHZ  = (  0.38526297258845205            +-    3.2297670883011222E-004 ) fb

  pp ---> HHZ + X
  ===============

  PDFSET = PDF4LHC21_40                                NSET =  12
  Sqrt(S)  = 13.6 TeV
  LOOP     = 3
  alphaS(MZ) =   0.11800
          kl =  -1.70000
          kv =   1.20000
         k2v =   0.40000
         kth =   1.00000
         kbh =   1.00000
 --------------

  mH       = 125.0000      GeV
  fact_scale 1.0
  ren_scale  1.0
  Kqq      =   0.26056239035896267            +-    2.6371502313729224E-004
  Kgq      =   -6.8097828169668223E-002       +-    1.2115356764746480E-004
  K_nlo    =    1.1924645621892944            +-    2.9021337043977043E-004
  Kqq2     =    5.8391511258862897E-002       +-    2.1109845385413218E-004
  Kgq2     =   -3.4577876675175846E-002       +-    1.2020482041450383E-004
  Kqqs     =    1.8404958343484561E-003       +-    3.3094640974197916E-006
  Kgg      =    1.1440039081906763E-003       +-    2.0376695441444713E-006
  Kgghhz   =   0.41679129133765525            +-    1.1283963732171285E-003
  K_nnlo   =    1.2192626965155207            +-    3.7848469071057939E-004
  K_nnlo2  =    1.6360539878531759            +-    1.1901802536556604E-003
  sig_LO   = (  0.23707825590751849            +-    1.5922514858429505E-004 ) fb
  sig_NLO  = (  0.28270741863536053            +-    1.7345471812505418E-004 ) fb
  sig_NNLO = (  0.28906067358299764            +-    1.8276818334212629E-004 ) fb
  sig_HHZ  = (  0.38787282601077133            +-    3.2399107979555025E-004 ) fb

  pp ---> HHZ + X
  ===============

  PDFSET = PDF4LHC21_40                                NSET =  13
  Sqrt(S)  = 13.6 TeV
  LOOP     = 3
  alphaS(MZ) =   0.11800
          kl =  -1.70000
          kv =   1.20000
         k2v =   0.40000
         kth =   1.00000
         kbh =   1.00000
 --------------

  mH       = 125.0000      GeV
  fact_scale 1.0
  ren_scale  1.0
  Kqq      =   0.26091699326058454            +-    2.6441248155334408E-004
  Kgq      =   -6.8179841260607568E-002       +-    1.2114680178192989E-004
  K_nlo    =    1.1927371519999770            +-    2.9084447387424736E-004
  Kqq2     =    5.8526375783077247E-002       +-    2.1152187070297562E-004
  Kgq2     =   -3.4624324474291486E-002       +-    1.2031057764699620E-004
  Kqqs     =    1.8415332471095446E-003       +-    3.3101489429053691E-006
  Kgg      =    1.1439907759055684E-003       +-    2.0359363030319843E-006
  Kgghhz   =   0.41737923562370954            +-    1.1336658947970286E-003
  K_nnlo   =    1.2196247273317780            +-    3.7923837752168780E-004
  K_nnlo2  =    1.6370039629554876            +-    1.1954162906750224E-003
  sig_LO   = (  0.23470691386250445            +-    1.5798372485234703E-004 ) fb
  sig_NLO  = (  0.27994365599506743            +-    1.7210090936542271E-004 ) fb
  sig_NNLO = (  0.28625435582243997            +-    1.8133288211008951E-004 ) fb
  sig_HHZ  = (  0.38421614812597193            +-    3.2199342745282511E-004 ) fb

  pp ---> HHZ + X
  ===============

  PDFSET = PDF4LHC21_40                                NSET =  14
  Sqrt(S)  = 13.6 TeV
  LOOP     = 3
  alphaS(MZ) =   0.11800
          kl =  -1.70000
          kv =   1.20000
         k2v =   0.40000
         kth =   1.00000
         kbh =   1.00000
 --------------

  mH       = 125.0000      GeV
  fact_scale 1.0
  ren_scale  1.0
  Kqq      =   0.26105711671494708            +-    2.6510501551221555E-004
  Kgq      =   -6.8305582950424590E-002       +-    1.2139844283230551E-004
  K_nlo    =    1.1927515337645225            +-    2.9157889356371561E-004
  Kqq2     =    5.8584990045786198E-002       +-    2.1197463681076539E-004
  Kgq2     =   -3.4693040245485411E-002       +-    1.2062912930749281E-004
  Kqqs     =    1.8465673146783853E-003       +-    3.3205374777649590E-006
  Kgg      =    1.1444966208502851E-003       +-    2.0359764984276671E-006
  Kgghhz   =   0.41773114571376818            +-    1.1343799265993650E-003
  K_nnlo   =    1.2196345475003518            +-    3.8015530488186495E-004
  K_nnlo2  =    1.6373656932141201            +-    1.1963845007778246E-003
  sig_LO   = (  0.23480155525623772            +-    1.5858202639584850E-004 ) fb
  sig_NLO  = (  0.28005991516217277            +-    1.7272945838808654E-004 ) fb
  sig_NNLO = (  0.28637208859732033            +-    1.8197745838801027E-004 ) fb
  sig_HHZ  = (  0.38445601128988316            +-    3.2258384922296830E-004 ) fb

  pp ---> HHZ + X
  ===============

  PDFSET = PDF4LHC21_40                                NSET =  15
  Sqrt(S)  = 13.6 TeV
  LOOP     = 3
  alphaS(MZ) =   0.11800
          kl =  -1.70000
          kv =   1.20000
         k2v =   0.40000
         kth =   1.00000
         kbh =   1.00000
 --------------

  mH       = 125.0000      GeV
  fact_scale 1.0
  ren_scale  1.0
  Kqq      =   0.26100369422772290            +-    2.6453633788940862E-004
  Kgq      =   -6.8143996309553520E-002       +-    1.2098272893987015E-004
  K_nlo    =    1.1928596979181694            +-    2.9088880137550409E-004
  Kqq2     =    5.8565786979714950E-002       +-    2.1153702050951851E-004
  Kgq2     =   -3.4614688370452951E-002       +-    1.2018812802963116E-004
  Kqqs     =    1.8439591703338189E-003       +-    3.3140975523534001E-006
  Kgg      =    1.1401026975726492E-003       +-    2.0269302171607430E-006
  Kgghhz   =   0.41622480720169502            +-    1.1289497695872240E-003
  K_nnlo   =    1.2197948583953377            +-    3.7924198557079712E-004
  K_nnlo2  =    1.6360196655970327            +-    1.1909458702521818E-003
  sig_LO   = (  0.23453358371105923            +-    1.5784734140007406E-004 ) fb
  sig_NLO  = (  0.27976565981723978            +-    1.7195984198858108E-004 ) fb
  sig_NNLO = (  0.28608285953178253            +-    1.8118220940436454E-004 ) fb
  sig_HHZ  = (  0.38370155519424076            +-    3.2083275955036960E-004 ) fb

  pp ---> HHZ + X
  ===============

  PDFSET = PDF4LHC21_40                                NSET =  16
  Sqrt(S)  = 13.6 TeV
  LOOP     = 3
  alphaS(MZ) =   0.11800
          kl =  -1.70000
          kv =   1.20000
         k2v =   0.40000
         kth =   1.00000
         kbh =   1.00000
 --------------

  mH       = 125.0000      GeV
  fact_scale 1.0
  ren_scale  1.0
  Kqq      =   0.26074022000694019            +-    2.6465529630693925E-004
  Kgq      =   -6.8168455936849379E-002       +-    1.2136704790048675E-004
  K_nlo    =    1.1925717640700908            +-    2.9115697858611057E-004
  Kqq2     =    5.8456575648802300E-002       +-    2.1174922606006659E-004
  Kgq2     =   -3.4614880661347824E-002       +-    1.2048575224340617E-004
  Kqqs     =    1.8346554704067723E-003       +-    3.3025133383051415E-006
  Kgg      =    1.1515897331388879E-003       +-    2.0541782226321561E-006
  Kgghhz   =   0.41952117643917375            +-    1.1384316935017787E-003
  K_nnlo   =    1.2193997042610909            +-    3.7966045837380737E-004
  K_nnlo2  =    1.6389208807002646            +-    1.2000703247818177E-003
  sig_LO   = (  0.23522042856094885            +-    1.5863650171553753E-004 ) fb
  sig_NLO  = (  0.28051724143425355            +-    1.7278854522849329E-004 ) fb
  sig_NNLO = (  0.28682772102338810            +-    1.8204594329026817E-004 ) fb
  sig_HHZ  = (  0.38550767193580399            +-    3.2380261627819432E-004 ) fb

  pp ---> HHZ + X
  ===============

  PDFSET = PDF4LHC21_40                                NSET =  17
  Sqrt(S)  = 13.6 TeV
  LOOP     = 3
  alphaS(MZ) =   0.11800
          kl =  -1.70000
          kv =   1.20000
         k2v =   0.40000
         kth =   1.00000
         kbh =   1.00000
 --------------

  mH       = 125.0000      GeV
  fact_scale 1.0
  ren_scale  1.0
  Kqq      =   0.26106405424450208            +-    2.6436221989300487E-004
  Kgq      =   -6.8122768855534768E-002       +-    1.2094693232312782E-004
  K_nlo    =    1.1929412853889672            +-    2.9071557189998048E-004
  Kqq2     =    5.8587818088749133E-002       +-    2.1140597278234042E-004
  Kgq2     =   -3.4596449960632519E-002       +-    1.2009322034877814E-004
  Kqqs     =    1.8444946477210069E-003       +-    3.3086145319537056E-006
  Kgg      =    1.1404117497567498E-003       +-    2.0293693468794391E-006
  Kgghhz   =   0.41605944048749621            +-    1.1289911553251815E-003
  K_nnlo   =    1.2199175599145613            +-    3.7900590485767855E-004
  K_nnlo2  =    1.6359770004020575            +-    1.1909099481990551E-003
  sig_LO   = (  0.23604821079792629            +-    1.5871120496432166E-004 ) fb
  sig_NLO  = (  0.28159165600304409            +-    1.7291138682939259E-004 ) fb
  sig_NNLO = (  0.28795935733880429            +-    1.8218944553928968E-004 ) fb
  sig_HHZ  = (  0.38616944385146407            +-    3.2282083960486337E-004 ) fb

  pp ---> HHZ + X
  ===============

  PDFSET = PDF4LHC21_40                                NSET =  18
  Sqrt(S)  = 13.6 TeV
  LOOP     = 3
  alphaS(MZ) =   0.11800
          kl =  -1.70000
          kv =   1.20000
         k2v =   0.40000
         kth =   1.00000
         kbh =   1.00000
 --------------

  mH       = 125.0000      GeV
  fact_scale 1.0
  ren_scale  1.0
  Kqq      =   0.26099752227417106            +-    2.6445101712857966E-004
  Kgq      =   -6.8084811011333193E-002       +-    1.2077567424554179E-004
  K_nlo    =    1.1929127112628379            +-    2.9072513470597200E-004
  Kqq2     =    5.8562563491826397E-002       +-    2.1150802445573644E-004
  Kgq2     =   -3.4582234163832194E-002       +-    1.1998790116875542E-004
  Kqqs     =    1.8450951468180600E-003       +-    3.3128702348541488E-006
  Kgg      =    1.1370231612267670E-003       +-    2.0206608138043794E-006
  Kgghhz   =   0.41518640478370078            +-    1.1267499752690788E-003
  K_nnlo   =    1.2198751588988768            +-    3.7903680951218235E-004
  K_nnlo2  =    1.6350615636825776            +-    1.1887953607471911E-003
  sig_LO   = (  0.23581401045906136            +-    1.5867350152585507E-004 ) fb
  sig_NLO  = (  0.28130553057048208            +-    1.7285065969305005E-004 ) fb
  sig_NNLO = (  0.28766365347932887            +-    1.8211660002523692E-004 ) fb
  sig_HHZ  = (  0.38557042467945257            +-    3.2212539322314294E-004 ) fb

  pp ---> HHZ + X
  ===============

  PDFSET = PDF4LHC21_40                                NSET =  19
  Sqrt(S)  = 13.6 TeV
  LOOP     = 3
  alphaS(MZ) =   0.11800
          kl =  -1.70000
          kv =   1.20000
         k2v =   0.40000
         kth =   1.00000
         kbh =   1.00000
 --------------

  mH       = 125.0000      GeV
  fact_scale 1.0
  ren_scale  1.0
  Kqq      =   0.26114915124470062            +-    2.6481247367030443E-004
  Kgq      =   -6.8686421639239395E-002       +-    1.2226141016018135E-004
  K_nlo    =    1.1924627296054613            +-    2.9167361660894489E-004
  Kqq2     =    5.8619514194242835E-002       +-    2.1163465740479311E-004
  Kgq2     =   -3.4879652529962661E-002       +-    1.2137866277390301E-004
  Kqqs     =    1.8507296820401832E-003       +-    3.3284422750620374E-006
  Kgg      =    1.1586722049161230E-003       +-    2.0667633170894904E-006
  Kgghhz   =   0.42217747720528059            +-    1.1457458824569431E-003
  K_nnlo   =    1.2192119931566980            +-    3.8027734175987148E-004
  K_nnlo2  =    1.6413894703619787            +-    1.2072052368271907E-003
  sig_LO   = (  0.23345325332329153            +-    1.5725281581413519E-004 ) fb
  sig_NLO  = (  0.27838430369316741            +-    1.7136215922417192E-004 ) fb
  sig_NNLO = (  0.28462900629320564            +-    1.8058183939935121E-004 ) fb
  sig_HHZ  = (  0.38318771182659817            +-    3.2272951011941183E-004 ) fb

  pp ---> HHZ + X
  ===============

  PDFSET = PDF4LHC21_40                                NSET =  20
  Sqrt(S)  = 13.6 TeV
  LOOP     = 3
  alphaS(MZ) =   0.11800
          kl =  -1.70000
          kv =   1.20000
         k2v =   0.40000
         kth =   1.00000
         kbh =   1.00000
 --------------

  mH       = 125.0000      GeV
  fact_scale 1.0
  ren_scale  1.0
  Kqq      =   0.26089587800620789            +-    2.6462023222152285E-004
  Kgq      =   -6.8316631013423140E-002       +-    1.2145655604180513E-004
  K_nlo    =    1.1925792469927847            +-    2.9116243285580098E-004
  Kqq2     =    5.8522036582611424E-002       +-    2.1165024635696493E-004
  Kgq2     =   -3.4693735184163632E-002       +-    1.2060373396691341E-004
  Kqqs     =    1.8455148050691183E-003       +-    3.3157468125433257E-006
  Kgg      =    1.1476239331115032E-003       +-    2.0436616993450491E-006
  Kgghhz   =   0.41843226088023155            +-    1.1344996247090679E-003
  K_nnlo   =    1.2194006871294130            +-    3.7964696820375250E-004
  K_nnlo2  =    1.6378329480096445            +-    1.1963365826268611E-003
  sig_LO   = (  0.23568698665178142            +-    1.5878689618032554E-004 ) fb
  sig_NLO  = (  0.28107540906717998            +-    1.7298098590972611E-004 ) fb
  sig_NNLO = (  0.28739687347064313            +-    1.8226234944775801E-004 ) fb
  sig_HHZ  = (  0.38601591215539699            +-    3.2359737903796975E-004 ) fb

  pp ---> HHZ + X
  ===============

  PDFSET = PDF4LHC21_40                                NSET =  21
  Sqrt(S)  = 13.6 TeV
  LOOP     = 3
  alphaS(MZ) =   0.11800
          kl =  -1.70000
          kv =   1.20000
         k2v =   0.40000
         kth =   1.00000
         kbh =   1.00000
 --------------

  mH       = 125.0000      GeV
  fact_scale 1.0
  ren_scale  1.0
  Kqq      =   0.26097527922096203            +-    2.6469968810118451E-004
  Kgq      =   -6.8766709875566337E-002       +-    1.2222764183472879E-004
  K_nlo    =    1.1922085693453957            +-    2.9155706355590686E-004
  Kqq2     =    5.8564248061083957E-002       +-    2.1162748205949634E-004
  Kgq2     =   -3.4922548996209300E-002       +-    1.2138086566745778E-004
  Kqqs     =    1.8563150443330761E-003       +-    3.3360154877042159E-006
  Kgg      =    1.1559404569271776E-003       +-    2.0588597321235003E-006
  Kgghhz   =   0.42153889254061633            +-    1.1442099366439004E-003
  K_nnlo   =    1.2188625239115307            +-    3.8018468528479385E-004
  K_nnlo2  =    1.6404014164521470            +-    1.2057183643122205E-003
  sig_LO   = (  0.23338182402069899            +-    1.5724283345162278E-004 ) fb
  sig_NLO  = (  0.27823981052693647            +-    1.7133391620763127E-004 ) fb
  sig_NNLO = (  0.28446035906094586            +-    1.8054916592445908E-004 ) fb
  sig_HHZ  = (  0.38283987469774033            +-    3.2234638055033115E-004 ) fb

  pp ---> HHZ + X
  ===============

  PDFSET = PDF4LHC21_40                                NSET =  22
  Sqrt(S)  = 13.6 TeV
  LOOP     = 3
  alphaS(MZ) =   0.11800
          kl =  -1.70000
          kv =   1.20000
         k2v =   0.40000
         kth =   1.00000
         kbh =   1.00000
 --------------

  mH       = 125.0000      GeV
  fact_scale 1.0
  ren_scale  1.0
  Kqq      =   0.26091079342096546            +-    2.6457130232625860E-004
  Kgq      =   -6.8501042490621958E-002       +-    1.2198249769055223E-004
  K_nlo    =    1.1924097509303433            +-    2.9133778292119637E-004
  Kqq2     =    5.8527477138138384E-002       +-    2.1162791761576816E-004
  Kgq2     =   -3.4781606266973714E-002       +-    1.2107039391131250E-004
  Kqqs     =    1.8444047268192693E-003       +-    3.3158208772803754E-006
  Kgg      =    1.1586036515988029E-003       +-    2.0724851548105125E-006
  Kgghhz   =   0.42162565274712427            +-    1.1447669423654775E-003
  K_nnlo   =    1.2191586301799260            +-    3.7991763504274448E-004
  K_nnlo2  =    1.6407842829270503            +-    1.2061628255543597E-003
  sig_LO   = (  0.23434729157316395            +-    1.5784636150158513E-004 ) fb
  sig_NLO  = (  0.27943799557595700            +-    1.7197919352388225E-004 ) fb
  sig_NNLO = (  0.28570652298071436            +-    1.8122441875122582E-004 ) fb
  sig_HHZ  = (  0.38451335275977028            +-    3.2374791100279934E-004 ) fb

  pp ---> HHZ + X
  ===============

  PDFSET = PDF4LHC21_40                                NSET =  23
  Sqrt(S)  = 13.6 TeV
  LOOP     = 3
  alphaS(MZ) =   0.11800
          kl =  -1.70000
          kv =   1.20000
         k2v =   0.40000
         kth =   1.00000
         kbh =   1.00000
 --------------

  mH       = 125.0000      GeV
  fact_scale 1.0
  ren_scale  1.0
  Kqq      =   0.26106298397188610            +-    2.6457239929364890E-004
  Kgq      =   -6.8493513248023413E-002       +-    1.2175797051266582E-004
  K_nlo    =    1.1925694707238628            +-    2.9124484175923390E-004
  Kqq2     =    5.8586458701018224E-002       +-    2.1146789350635960E-004
  Kgq2     =   -3.4783104565311161E-002       +-    1.2089523261852258E-004
  Kqqs     =    1.8503947359548060E-003       +-    3.3239761023445368E-006
  Kgg      =    1.1507327703305272E-003       +-    2.0494645805933575E-006
  Kgghhz   =   0.41953316459962398            +-    1.1377414011345312E-003
  K_nnlo   =    1.2193739523658553            +-    3.7970137506659223E-004
  K_nnlo2  =    1.6389071169654792            +-    1.1994284597603257E-003
  sig_LO   = (  0.23461337716342684            +-    1.5779409123453235E-004 ) fb
  sig_NLO  = (  0.27979275102852591            +-    1.7195335230674264E-004 ) fb
  sig_NNLO = (  0.28608144098966887            +-    1.8120364240977466E-004 ) fb
  sig_HHZ  = (  0.38450953356844647            +-    3.2262368051129664E-004 ) fb

  pp ---> HHZ + X
  ===============

  PDFSET = PDF4LHC21_40                                NSET =  24
  Sqrt(S)  = 13.6 TeV
  LOOP     = 3
  alphaS(MZ) =   0.11800
          kl =  -1.70000
          kv =   1.20000
         k2v =   0.40000
         kth =   1.00000
         kbh =   1.00000
 --------------

  mH       = 125.0000      GeV
  fact_scale 1.0
  ren_scale  1.0
  Kqq      =   0.26068073673726910            +-    2.6412300757187060E-004
  Kgq      =   -6.8191414411729212E-002       +-    1.2130260383027220E-004
  K_nlo    =    1.1924893223255399            +-    2.9064632257232224E-004
  Kqq2     =    5.8437573358676380E-002       +-    2.1141724575674906E-004
  Kgq2     =   -3.4626732712991083E-002       +-    1.2039185007190945E-004
  Kqqs     =    1.8423280495126091E-003       +-    3.3109209284125432E-006
  Kgg      =    1.1452576008727274E-003       +-    2.0398394256999242E-006
  Kgghhz   =   0.41750242333056398            +-    1.1332382391113728E-003
  K_nnlo   =    1.2192877486216107            +-    3.7905389766390476E-004
  K_nnlo2  =    1.6367901719521747            +-    1.1949522015203967E-003
  sig_LO   = (  0.23595112179978156            +-    1.5880847333193466E-004 ) fb
  sig_NLO  = (  0.28136919333697241            +-    1.7298299910538880E-004 ) fb
  sig_NNLO = (  0.28769231208399904            +-    1.8226168400838882E-004 ) fb
  sig_HHZ  = (  0.38620247722297291            +-    3.2359868647807542E-004 ) fb

  pp ---> HHZ + X
  ===============

  PDFSET = PDF4LHC21_40                                NSET =  25
  Sqrt(S)  = 13.6 TeV
  LOOP     = 3
  alphaS(MZ) =   0.11800
          kl =  -1.70000
          kv =   1.20000
         k2v =   0.40000
         kth =   1.00000
         kbh =   1.00000
 --------------

  mH       = 125.0000      GeV
  fact_scale 1.0
  ren_scale  1.0
  Kqq      =   0.26085866135781000            +-    2.6471952701312949E-004
  Kgq      =   -6.8490477689509041E-002       +-    1.2195496385273689E-004
  K_nlo    =    1.1923681836683011            +-    2.9146087420162825E-004
  Kqq2     =    5.8511871034105142E-002       +-    2.1176423823428779E-004
  Kgq2     =   -3.4781731067337368E-002       +-    1.2109328394169711E-004
  Kqqs     =    1.8457789589081943E-003       +-    3.3177343930382128E-006
  Kgg      =    1.1555719602816573E-003       +-    2.0601729274142130E-006
  Kgghhz   =   0.42105929715355517            +-    1.1417255893568126E-003
  K_nnlo   =    1.2190996745542586            +-    3.8009521027645646E-004
  K_nnlo2  =    1.6401589717078138            +-    1.2033327429548590E-003
  sig_LO   = (  0.23470170300133891            +-    1.5823090677589692E-004 ) fb
  sig_NLO  = (  0.27985084331156351            +-    1.7238460033014457E-004 ) fb
  sig_NNLO = (  0.28612476974626250            +-    1.8164598624458703E-004 ) fb
  sig_HHZ  = (  0.38494810385274869            +-    3.2372901242496972E-004 ) fb

  pp ---> HHZ + X
  ===============

  PDFSET = PDF4LHC21_40                                NSET =  26
  Sqrt(S)  = 13.6 TeV
  LOOP     = 3
  alphaS(MZ) =   0.11800
          kl =  -1.70000
          kv =   1.20000
         k2v =   0.40000
         kth =   1.00000
         kbh =   1.00000
 --------------

  mH       = 125.0000      GeV
  fact_scale 1.0
  ren_scale  1.0
  Kqq      =   0.26088064075793144            +-    2.6285527016872684E-004
  Kgq      =   -6.8347287513405811E-002       +-    1.2084254040251005E-004
  K_nlo    =    1.1925333532445255            +-    2.8930228589903444E-004
  Kqq2     =    5.8519332810683181E-002       +-    2.1026689052264886E-004
  Kgq2     =   -3.4704772071990228E-002       +-    1.1980791608904588E-004
  Kqqs     =    1.8495610876911584E-003       +-    3.3007869037082511E-006
  Kgg      =    1.1455795815240380E-003       +-    2.0383112099449833E-006
  Kgghhz   =   0.41771493455803388            +-    1.1326344094492236E-003
  K_nnlo   =    1.2193430546524338            +-    3.7719618839649263E-004
  K_nnlo2  =    1.6370579892104677            +-    1.1937913008600934E-003
  sig_LO   = (  0.23550257321320112            +-    1.5701842481660565E-004 ) fb
  sig_NLO  = (  0.28084467333165314            +-    1.7116272334417016E-004 ) fb
  sig_NNLO = (  0.28715842700029309            +-    1.8040419671622971E-004 ) fb
  sig_HHZ  = (  0.38553136895829399            +-    3.2201708719830090E-004 ) fb

  pp ---> HHZ + X
  ===============

  PDFSET = PDF4LHC21_40                                NSET =  27
  Sqrt(S)  = 13.6 TeV
  LOOP     = 3
  alphaS(MZ) =   0.11800
          kl =  -1.70000
          kv =   1.20000
         k2v =   0.40000
         kth =   1.00000
         kbh =   1.00000
 --------------

  mH       = 125.0000      GeV
  fact_scale 1.0
  ren_scale  1.0
  Kqq      =   0.26094446535427368            +-    2.6456549854021120E-004
  Kgq      =   -6.8374122742982046E-002       +-    1.2154884211344263E-004
  K_nlo    =    1.1925703426112917            +-    2.9115120476643934E-004
  Kqq2     =    5.8543236990869302E-002       +-    2.1162911896963462E-004
  Kgq2     =   -3.4726121569350551E-002       +-    1.2071502190947553E-004
  Kqqs     =    1.8455346153048585E-003       +-    3.3171080021486555E-006
  Kgg      =    1.1500513637705699E-003       +-    2.0483815043187567E-006
  Kgghhz   =   0.41938541127509466            +-    1.1383354632809462E-003
  K_nnlo   =    1.2193830440118858            +-    3.7966198600821653E-004
  K_nnlo2  =    1.6387684552869803            +-    1.1999795209013985E-003
  sig_LO   = (  0.23465450241810515            +-    1.5803161811536268E-004 ) fb
  sig_NLO  = (  0.27984200034404183            +-    1.7216737981897397E-004 ) fb
  sig_NNLO = (  0.28613372144968346            +-    1.8141365031656897E-004 ) fb
  sig_HHZ  = (  0.38454439645385319            +-    3.2289568772302454E-004 ) fb

  pp ---> HHZ + X
  ===============

  PDFSET = PDF4LHC21_40                                NSET =  28
  Sqrt(S)  = 13.6 TeV
  LOOP     = 3
  alphaS(MZ) =   0.11800
          kl =  -1.70000
          kv =   1.20000
         k2v =   0.40000
         kth =   1.00000
         kbh =   1.00000
 --------------

  mH       = 125.0000      GeV
  fact_scale 1.0
  ren_scale  1.0
  Kqq      =   0.26096894045802643            +-    2.6477572175062798E-004
  Kgq      =   -6.8291845056580910E-002       +-    1.2134512611235791E-004
  K_nlo    =    1.1926770954014456            +-    2.9125731314387634E-004
  Kqq2     =    5.8552451819568307E-002       +-    2.1174138557965348E-004
  Kgq2     =   -3.4684212563771882E-002       +-    1.2056117361027137E-004
  Kqqs     =    1.8498585208804941E-003       +-    3.3238230769479490E-006
  Kgg      =    1.1420701669588374E-003       +-    2.0313756677995945E-006
  Kgghhz   =   0.41674751280026862            +-    1.1305009303558980E-003
  K_nnlo   =    1.2195372633450816            +-    3.7975703771782571E-004
  K_nnlo2  =    1.6362847761453503            +-    1.1925802955070862E-003
  sig_LO   = (  0.23527029076895883            +-    1.5857730834421458E-004 ) fb
  sig_NLO  = (  0.28060148702857529            +-    1.7274932044439968E-004 ) fb
  sig_NNLO = (  0.28692088655077752            +-    1.8201480651748331E-004 ) fb
  sig_HHZ  = (  0.38496919506453708            +-    3.2229051622457462E-004 ) fb

  pp ---> HHZ + X
  ===============

  PDFSET = PDF4LHC21_40                                NSET =  29
  Sqrt(S)  = 13.6 TeV
  LOOP     = 3
  alphaS(MZ) =   0.11800
          kl =  -1.70000
          kv =   1.20000
         k2v =   0.40000
         kth =   1.00000
         kbh =   1.00000
 --------------

  mH       = 125.0000      GeV
  fact_scale 1.0
  ren_scale  1.0
  Kqq      =   0.26100779568477084            +-    2.6475712655234815E-004
  Kgq      =   -6.8330377931692221E-002       +-    1.2139565670669704E-004
  K_nlo    =    1.1926774177530786            +-    2.9126146591594695E-004
  Kqq2     =    5.8570827924651507E-002       +-    2.1169827844125624E-004
  Kgq2     =   -3.4706337727783643E-002       +-    1.2060186415835466E-004
  Kqqs     =    1.8511650732305519E-003       +-    3.3235072830312545E-006
  Kgg      =    1.1444992860570478E-003       +-    2.0369398631853107E-006
  Kgghhz   =   0.41742886033815596            +-    1.1314799325094457E-003
  K_nnlo   =    1.2195375723092339            +-    3.7974913704396323E-004
  K_nnlo2  =    1.6369664326473898            +-    1.1935058628918479E-003
  sig_LO   = (  0.23534834842793592            +-    1.5857350149315434E-004 ) fb
  sig_NLO  = (  0.28069466047548242            +-    1.7275523335272776E-004 ) fb
  sig_NNLO = (  0.28701615348879272            +-    1.8202512982538191E-004 ) fb
  sig_HHZ  = (  0.38525734635553327            +-    3.2255936148162581E-004 ) fb

  pp ---> HHZ + X
  ===============

  PDFSET = PDF4LHC21_40                                NSET =  30
  Sqrt(S)  = 13.6 TeV
  LOOP     = 3
  alphaS(MZ) =   0.11800
          kl =  -1.70000
          kv =   1.20000
         k2v =   0.40000
         kth =   1.00000
         kbh =   1.00000
 --------------

  mH       = 125.0000      GeV
  fact_scale 1.0
  ren_scale  1.0
  Kqq      =   0.26101554602595201            +-    2.6469124919392358E-004
  Kgq      =   -6.8376954397813439E-002       +-    1.2134434643745191E-004
  K_nlo    =    1.1926385916281386            +-    2.9118019818004810E-004
  Kqq2     =    5.8570371280985932E-002       +-    2.1168919902343853E-004
  Kgq2     =   -3.4730539845487837E-002       +-    1.2059535211868810E-004
  Kqqs     =    1.8453858675727245E-003       +-    3.3154917624224931E-006
  Kgg      =    1.1462717720828958E-003       +-    2.0355255615369263E-006
  Kgghhz   =   0.41878966555922370            +-    1.1367650049719609E-003
  K_nnlo   =    1.2194700807032923            +-    3.7967960124021122E-004
  K_nnlo2  =    1.6382597462625159            +-    1.1984954218213885E-003
  sig_LO   = (  0.23491028558873933            +-    1.5827917593976866E-004 ) fb
  sig_NLO  = (  0.28016307216351793            +-    1.7242686830696227E-004 ) fb
  sig_NNLO = (  0.28646606492493348            +-    1.8167902585257368E-004 ) fb
  sig_HHZ  = (  0.38484406486306333            +-    3.2298057336690577E-004 ) fb

  pp ---> HHZ + X
  ===============

  PDFSET = PDF4LHC21_40                                NSET =  31
  Sqrt(S)  = 13.6 TeV
  LOOP     = 3
  alphaS(MZ) =   0.11800
          kl =  -1.70000
          kv =   1.20000
         k2v =   0.40000
         kth =   1.00000
         kbh =   1.00000
 --------------

  mH       = 125.0000      GeV
  fact_scale 1.0
  ren_scale  1.0
  Kqq      =   0.26097260122617383            +-    2.6568069562972582E-004
  Kgq      =   -6.8257217103815340E-002       +-    1.2148978468632150E-004
  K_nlo    =    1.1927153841223586            +-    2.9214037689683322E-004
  Kqq2     =    5.8548940057879501E-002       +-    2.1237643993983566E-004
  Kgq2     =   -3.4670949337899298E-002       +-    1.2080773863089585E-004
  Kqqs     =    1.8433685082964821E-003       +-    3.3179745394178230E-006
  Kgg      =    1.1459616258664887E-003       +-    2.0387941234230182E-006
  Kgghhz   =   0.41830752671767818            +-    1.1370791831556044E-003
  K_nnlo   =    1.2195827049765018            +-    3.8086667930468157E-004
  K_nnlo2  =    1.6378902316941799            +-    1.1991699196404119E-003
  sig_LO   = (  0.23425672370829564            +-    1.5871534183354639E-004 ) fb
  sig_NLO  = (  0.27940159820098504            +-    1.7284103958226376E-004 ) fb
  sig_NNLO = (  0.28569544875909625            +-    1.8207380841734586E-004 ) fb
  sig_HHZ  = (  0.38368679947049988            +-    3.2264999565078501E-004 ) fb

  pp ---> HHZ + X
  ===============

  PDFSET = PDF4LHC21_40                                NSET =  32
  Sqrt(S)  = 13.6 TeV
  LOOP     = 3
  alphaS(MZ) =   0.11800
          kl =  -1.70000
          kv =   1.20000
         k2v =   0.40000
         kth =   1.00000
         kbh =   1.00000
 --------------

  mH       = 125.0000      GeV
  fact_scale 1.0
  ren_scale  1.0
  Kqq      =   0.26090177583350688            +-    2.6470262958731264E-004
  Kgq      =   -6.8363149315563185E-002       +-    1.2163718836660144E-004
  K_nlo    =    1.1925386265179436            +-    2.9131269746471766E-004
  Kqq2     =    5.8524844717841557E-002       +-    2.1172524192733511E-004
  Kgq2     =   -3.4715138551545871E-002       +-    1.2078522496815428E-004
  Kqqs     =    1.8478700052817823E-003       +-    3.3240067186516892E-006
  Kgg      =    1.1471132145855802E-003       +-    2.0429274000924797E-006
  Kgghhz   =   0.41825118710620035            +-    1.1350090542623470E-003
  K_nnlo   =    1.2193433159041065            +-    3.7986176290460462E-004
  K_nnlo2  =    1.6375945030103067            +-    1.1968878444426200E-003
  sig_LO   = (  0.23530862301611968            +-    1.5864285408343569E-004 ) fb
  sig_NLO  = (  0.28061462209947191            +-    1.7281908714963820E-004 ) fb
  sig_NNLO = (  0.28692199664930473            +-    1.8209115407430543E-004 ) fb
  sig_HHZ  = (  0.38534010756212217            +-    3.2324531770934402E-004 ) fb

  pp ---> HHZ + X
  ===============

  PDFSET = PDF4LHC21_40                                NSET =  33
  Sqrt(S)  = 13.6 TeV
  LOOP     = 3
  alphaS(MZ) =   0.11800
          kl =  -1.70000
          kv =   1.20000
         k2v =   0.40000
         kth =   1.00000
         kbh =   1.00000
 --------------

  mH       = 125.0000      GeV
  fact_scale 1.0
  ren_scale  1.0
  Kqq      =   0.26091297410273895            +-    2.6456748886174005E-004
  Kgq      =   -6.8301032566241399E-002       +-    1.2141822702316434E-004
  K_nlo    =    1.1926119415364975            +-    2.9109850912716062E-004
  Kqq2     =    5.8529936155831776E-002       +-    2.1164311566135437E-004
  Kgq2     =   -3.4686915942188402E-002       +-    1.2057014684036835E-004
  Kqqs     =    1.8451635599562336E-003       +-    3.3156069109936310E-006
  Kgg      =    1.1469850698513390E-003       +-    2.0432848003883721E-006
  Kgghhz   =   0.41827986826301211            +-    1.1356439218545623E-003
  K_nnlo   =    1.2194471103799487            +-    3.7958329651602529E-004
  K_nnlo2  =    1.6377269786429607            +-    1.1974016019027133E-003
  sig_LO   = (  0.23490168281126381            +-    1.5824019595952926E-004 ) fb
  sig_NLO  = (  0.28014655200773186            +-    1.7238248081964395E-004 ) fb
  sig_NNLO = (  0.28645017832758285            +-    1.8163235717426850E-004 ) fb
  sig_HHZ  = (  0.38470482326863814            +-    3.2272852590916766E-004 ) fb

  pp ---> HHZ + X
  ===============

  PDFSET = PDF4LHC21_40                                NSET =  34
  Sqrt(S)  = 13.6 TeV
  LOOP     = 3
  alphaS(MZ) =   0.11800
          kl =  -1.70000
          kv =   1.20000
         k2v =   0.40000
         kth =   1.00000
         kbh =   1.00000
 --------------

  mH       = 125.0000      GeV
  fact_scale 1.0
  ren_scale  1.0
  Kqq      =   0.26067216349148303            +-    2.6284566374128979E-004
  Kgq      =   -6.8295494519086175E-002       +-    1.2124194207073167E-004
  K_nlo    =    1.1923766689723969            +-    2.8946062161316839E-004
  Kqq2     =    5.8437459608795789E-002       +-    2.1032660381473307E-004
  Kgq2     =   -3.4676509743532938E-002       +-    1.2017473404557570E-004
  Kqqs     =    1.8438141194807999E-003       +-    3.3033911033346602E-006
  Kgg      =    1.1501549564496745E-003       +-    2.0502824869606818E-006
  Kgghhz   =   0.41878354331896978            +-    1.1334981428459295E-003
  K_nnlo   =    1.2191315879135902            +-    3.7746763369977075E-004
  K_nnlo2  =    1.6379151312325599            +-    1.1946965532410629E-003
  sig_LO   = (  0.23621995828942857            +-    1.5761614209553089E-004 ) fb
  sig_NLO  = (  0.28166316700994737            +-    1.7180854763088611E-004 ) fb
  sig_NNLO = (  0.28798321284627304            +-    1.8108924537086919E-004 ) fb
  sig_HHZ  = (  0.38690824398137919            +-    3.2324293141197864E-004 ) fb

  pp ---> HHZ + X
  ===============

  PDFSET = PDF4LHC21_40                                NSET =  35
  Sqrt(S)  = 13.6 TeV
  LOOP     = 3
  alphaS(MZ) =   0.11800
          kl =  -1.70000
          kv =   1.20000
         k2v =   0.40000
         kth =   1.00000
         kbh =   1.00000
 --------------

  mH       = 125.0000      GeV
  fact_scale 1.0
  ren_scale  1.0
  Kqq      =   0.26088674268277040            +-    2.6478430755367025E-004
  Kgq      =   -6.8288527870651677E-002       +-    1.2141961770361502E-004
  K_nlo    =    1.1925982148121186            +-    2.9129616044494761E-004
  Kqq2     =    5.8517854293031323E-002       +-    2.1177408519276451E-004
  Kgq2     =   -3.4680303529803960E-002       +-    1.2059637494282606E-004
  Kqqs     =    1.8433670510469328E-003       +-    3.3130486398426655E-006
  Kgg      =    1.1486098215339859E-003       +-    2.0449790027101026E-006
  Kgghhz   =   0.41878069351912889            +-    1.1357798256116992E-003
  K_nnlo   =    1.2194277424479270            +-    3.7981621888613854E-004
  K_nnlo2  =    1.6382084359670559            +-    1.1976043471846221E-003
  sig_LO   = (  0.23510124690110981            +-    1.5854371839083407E-004 ) fb
  sig_NLO  = (  0.28038132735436672            +-    1.7270258046139480E-004 ) fb
  sig_NNLO = (  0.28668898275531302            +-    1.8196086196732854E-004 ) fb
  sig_HHZ  = (  0.38514484597977172            +-    3.2312717781214471E-004 ) fb

  pp ---> HHZ + X
  ===============

  PDFSET = PDF4LHC21_40                                NSET =  36
  Sqrt(S)  = 13.6 TeV
  LOOP     = 3
  alphaS(MZ) =   0.11800
          kl =  -1.70000
          kv =   1.20000
         k2v =   0.40000
         kth =   1.00000
         kbh =   1.00000
 --------------

  mH       = 125.0000      GeV
  fact_scale 1.0
  ren_scale  1.0
  Kqq      =   0.26091253866156183            +-    2.6470701347408506E-004
  Kgq      =   -6.8466286363699599E-002       +-    1.2175556214785661E-004
  K_nlo    =    1.1924462522978623            +-    2.9136612688559051E-004
  Kqq2     =    5.8527656820608835E-002       +-    2.1171810753395432E-004
  Kgq2     =   -3.4769029775425751E-002       +-    1.2090863229603775E-004
  Kqqs     =    1.8432807113428506E-003       +-    3.3113528184190555E-006
  Kgg      =    1.1550916555803275E-003       +-    2.0579420991248427E-006
  Kgghhz   =   0.42119606260605347            +-    1.1452617043311711E-003
  K_nnlo   =    1.2192032517099685            +-    3.7993798770449226E-004
  K_nnlo2  =    1.6403993143160220            +-    1.2066388216481674E-003
  sig_LO   = (  0.23475750421749758            +-    1.5824042242158754E-004 ) fb
  sig_NLO  = (  0.27993570610295454            +-    1.7239096241868342E-004 ) fb
  sig_NNLO = (  0.28621711250528964            +-    1.8164656599644610E-004 ) fb
  sig_HHZ  = (  0.38509604894892363            +-    3.2446959517112286E-004 ) fb

  pp ---> HHZ + X
  ===============

  PDFSET = PDF4LHC21_40                                NSET =  37
  Sqrt(S)  = 13.6 TeV
  LOOP     = 3
  alphaS(MZ) =   0.11800
          kl =  -1.70000
          kv =   1.20000
         k2v =   0.40000
         kth =   1.00000
         kbh =   1.00000
 --------------

  mH       = 125.0000      GeV
  fact_scale 1.0
  ren_scale  1.0
  Kqq      =   0.26074983607670615            +-    2.6434209923449723E-004
  Kgq      =   -6.8087836862193551E-002       +-    1.2102681340779040E-004
  K_nlo    =    1.1926619992145127            +-    2.9073051953887622E-004
  Kqq2     =    5.8459994831854691E-002       +-    2.1154353131720886E-004
  Kgq2     =   -3.4578195843518560E-002       +-    1.2019043804074732E-004
  Kqqs     =    1.8394421508625698E-003       +-    3.3043522592680671E-006
  Kgg      =    1.1437171251566210E-003       +-    2.0362296435102223E-006
  Kgghhz   =   0.41707243885938067            +-    1.1316347870561877E-003
  K_nnlo   =    1.2195269574788681            +-    3.7912492269031982E-004
  K_nnlo2  =    1.6365993963382488            +-    1.1934542296546794E-003
  sig_LO   = (  0.23588541395599055            +-    1.5878256812821071E-004 ) fb
  sig_NLO  = (  0.28133156939429455            +-    1.7295951949155148E-004 ) fb
  sig_NNLO = (  0.28766862119539238            +-    1.8223511153432105E-004 ) fb
  sig_HHZ  = (  0.38604992608537192            +-    3.2320974430916370E-004 ) fb

  pp ---> HHZ + X
  ===============

  PDFSET = PDF4LHC21_40                                NSET =  38
  Sqrt(S)  = 13.6 TeV
  LOOP     = 3
  alphaS(MZ) =   0.11800
          kl =  -1.70000
          kv =   1.20000
         k2v =   0.40000
         kth =   1.00000
         kbh =   1.00000
 --------------

  mH       = 125.0000      GeV
  fact_scale 1.0
  ren_scale  1.0
  Kqq      =   0.26077383634671242            +-    2.6451213237831469E-004
  Kgq      =   -6.8126882805220737E-002       +-    1.2108177691345100E-004
  K_nlo    =    1.1926469535414916            +-    2.9090800070785574E-004
  Kqq2     =    5.8474357457572339E-002       +-    2.1162097214006567E-004
  Kgq2     =   -3.4597670069916542E-002       +-    1.2025256741258752E-004
  Kqqs     =    1.8416852011255255E-003       +-    3.3082101550255961E-006
  Kgg      =    1.1428827104901695E-003       +-    2.0341180860226390E-006
  Kgghhz   =   0.41683002692608712            +-    1.1309709377338522E-003
  K_nnlo   =    1.2195082088407634            +-    3.7932395466867743E-004
  K_nnlo2  =    1.6363382357668506            +-    1.1928880603745155E-003
  sig_LO   = (  0.23599101515544110            +-    1.5895070089688807E-004 ) fb
  sig_NLO  = (  0.28145396528830086            +-    1.7314265134295835E-004 ) fb
  sig_NNLO = (  0.28779298019472543            +-    1.8242430398749049E-004 ) fb
  sig_HHZ  = (  0.38616112139628256            +-    3.2328577459272506E-004 ) fb

  pp ---> HHZ + X
  ===============

  PDFSET = PDF4LHC21_40                                NSET =  39
  Sqrt(S)  = 13.6 TeV
  LOOP     = 3
  alphaS(MZ) =   0.11800
          kl =  -1.70000
          kv =   1.20000
         k2v =   0.40000
         kth =   1.00000
         kbh =   1.00000
 --------------

  mH       = 125.0000      GeV
  fact_scale 1.0
  ren_scale  1.0
  Kqq      =   0.26083810125373441            +-    2.6467587626155612E-004
  Kgq      =   -6.8382776709303733E-002       +-    1.2170213225050641E-004
  K_nlo    =    1.1924553245444307            +-    2.9131551360877151E-004
  Kqq2     =    5.8493882481289082E-002       +-    2.1172766152899111E-004
  Kgq2     =   -3.4719614287390559E-002       +-    1.2081089585373668E-004
  Kqqs     =    1.8424274587525837E-003       +-    3.3134438230168091E-006
  Kgg      =    1.1525424745494385E-003       +-    2.0542007406924218E-006
  Kgghhz   =   0.41988464164094780            +-    1.1382049965119499E-003
  K_nnlo   =    1.2192245626716314            +-    3.7987340303489417E-004
  K_nnlo2  =    1.6391092043125792            +-    1.1999226710159613E-003
  sig_LO   = (  0.23504990553296243            +-    1.5847330219429908E-004 ) fb
  sig_NLO  = (  0.28028651138644650            +-    1.7263381158568497E-004 ) fb
  sig_NNLO = (  0.28657861827943437            +-    1.8189653675635884E-004 ) fb
  sig_HHZ  = (  0.38527246363188095            +-    3.2351400889719766E-004 ) fb

  pp ---> HHZ + X
  ===============

  PDFSET = PDF4LHC21_40                                NSET =  40
  Sqrt(S)  = 13.6 TeV
  LOOP     = 3
  alphaS(MZ) =   0.11800
          kl =  -1.70000
          kv =   1.20000
         k2v =   0.40000
         kth =   1.00000
         kbh =   1.00000
 --------------

  mH       = 125.0000      GeV
  fact_scale 1.0
  ren_scale  1.0
  Kqq      =   0.26090424977842247            +-    2.6462743644492130E-004
  Kgq      =   -6.8276748857810196E-002       +-    1.2134356097252491E-004
  K_nlo    =    1.1926275009206122            +-    2.9112186436079261E-004
  Kqq2     =    5.8525826386798159E-002       +-    2.1168733533180083E-004
  Kgq2     =   -3.4677282571147328E-002       +-    1.2053548780649616E-004
  Kqqs     =    1.8444557255729275E-003       +-    3.3113806020764921E-006
  Kgg      =    1.1474601658633720E-003       +-    2.0426689348735435E-006
  Kgghhz   =   0.41848858415595652            +-    1.1357427493464650E-003
  K_nnlo   =    1.2194679606276997            +-    3.7961481715997506E-004
  K_nnlo2  =    1.6379565447836562            +-    1.1975053244559994E-003
  sig_LO   = (  0.23504348543866183            +-    1.5836866779311680E-004 ) fb
  sig_NLO  = (  0.28031932464638160            +-    1.7251896462036853E-004 ) fb
  sig_NNLO = (  0.28662799984671128            +-    1.8177434413396717E-004 ) fb
  sig_HHZ  = (  0.38499101528301805            +-    3.2296074954332802E-004 ) fb

  pp ---> HHZ + X
  ===============

  PDFSET = PDF4LHC21_40                                NSET =  41
  Sqrt(S)  = 13.6 TeV
  LOOP     = 3
  alphaS(MZ) =   0.11700
          kl =  -1.70000
          kv =   1.20000
         k2v =   0.40000
         kth =   1.00000
         kbh =   1.00000
 --------------

  mH       = 125.0000      GeV
  fact_scale 1.0
  ren_scale  1.0
  Kqq      =   0.25891070613953981            +-    2.6262419223415772E-004
  Kgq      =   -6.6663476185880435E-002       +-    1.1860959821693942E-004
  K_nlo    =    1.1922472299536595            +-    2.8816610337759649E-004
  Kqq2     =    5.7649649792378820E-002       +-    2.0891039480465081E-004
  Kgq2     =   -3.3639030550780998E-002       +-    1.1699001219758035E-004
  Kqqs     =    1.8122689181668519E-003       +-    3.2602634451299249E-006
  Kgg      =    1.0972068944003009E-003       +-    1.9535908487455250E-006
  Kgghhz   =   0.40256048947816436            +-    1.0931349890155628E-003
  K_nnlo   =    1.2191673250078245            +-    3.7467901593522509E-004
  K_nnlo2  =    1.6217278144859888            +-    1.1555641346079600E-003
  sig_LO   = (  0.23651890456804839            +-    1.5936600176978878E-004 ) fb
  sig_NLO  = (  0.28198900880292960            +-    1.7332877001508172E-004 ) fb
  sig_NNLO = (  0.28835612019600843            +-    1.8234799496009976E-004 ) fb
  sig_HHZ  = (  0.38356928618976122            +-    3.1638171421470015E-004 ) fb

  pp ---> HHZ + X
  ===============

  PDFSET = PDF4LHC21_40                                NSET =  42
  Sqrt(S)  = 13.6 TeV
  LOOP     = 3
  alphaS(MZ) =   0.11900
          kl =  -1.70000
          kv =   1.20000
         k2v =   0.40000
         kth =   1.00000
         kbh =   1.00000
 --------------

  mH       = 125.0000      GeV
  fact_scale 1.0
  ren_scale  1.0
  Kqq      =   0.26262546776814066            +-    2.6637319091462046E-004
  Kgq      =   -6.7447514060868269E-002       +-    1.2019415050542768E-004
  K_nlo    =    1.1951779537072722            +-    2.9223502639786052E-004
  Kqq2     =    5.9299608849350205E-002       +-    2.1439625143839579E-004
  Kgq2     =   -3.4471097881441440E-002       +-    1.1996092756135819E-004
  Kqqs     =    1.8705827073957498E-003       +-    3.3587782788407532E-006
  Kgg      =    1.1250108040681778E-003       +-    2.0134461206645542E-006
  Kgghhz   =   0.41193102827532863            +-    1.1147396180869154E-003
  K_nnlo   =    1.2230020581866448            +-    3.8180233470053941E-004
  K_nnlo2  =    1.6349330864619733            +-    1.1783112657168923E-003
  sig_LO   = (  0.23595398047924196            +-    1.5898406749194379E-004 ) fb
  sig_NLO  = (  0.28200699555826608            +-    1.7329336477542906E-004 ) fb
  sig_NNLO = (  0.28857220376344439            +-    1.8273407436741665E-004 ) fb
  sig_HHZ  = (  0.38576896956791534            +-    3.2027343977055920E-004 ) fb

