  pp ---> HHZ + X
  ===============

  PDFSET = PDF4LHC21_40                                NSET =   0
  Sqrt(S)  = 13.6 TeV
  LOOP     = 3
  alphaS(MZ) =   0.11800
          kl =   2.00000
          kv =   1.00000
         k2v =   1.00000
         kth =   1.00000
         kbh =   1.00000
 --------------

  mH       = 125.0000      GeV
  fact_scale 0.5
  ren_scale  0.5
  Kqq      =   0.20685320948136277            +-    1.9635115921085250E-004
  Kgq      =   -2.7033099400605120E-002       +-    1.4966260773207168E-004
  K_nlo    =    1.1798201100807575            +-    2.4688595317799982E-004
  Kqq2     =    2.4922554957582603E-002       +-    1.8853179228345575E-004
  Kgq2     =   -2.0302666353176686E-002       +-    1.4366005410324412E-004
  Kqqs     =    1.5565468564283872E-003       +-    4.1956816802426944E-006
  Kgg      =    5.2493623112510640E-004       +-    2.8287320207683913E-006
  Kgghhz   =   0.14449821908313473            +-    4.0183041567427467E-004
  K_nnlo   =    1.1865214817727170            +-    3.4228749201917371E-004
  K_nnlo2  =    1.3310197008558518            +-    5.2785264056717221E-004
  sig_LO   = (  0.47162063481517730            +-    2.7276001059012793E-004 ) fb
  sig_NLO  = (  0.55642750928399931            +-    2.9657289867737410E-004 ) fb
  sig_NNLO = (  0.55958801445549378            +-    3.1695049771202343E-004 ) fb
  sig_HHZ  = (  0.62773635626914437            +-    3.6928611210490335E-004 ) fb

  mH       = 125.0000      GeV
  fact_scale 1.0
  ren_scale  0.5
  Kqq      =   0.28067730994515994            +-    2.5803060589643927E-004
  Kgq      =   -8.7640331933353757E-002       +-    1.5112419222143312E-004
  K_nlo    =    1.1930369780118062            +-    2.9902895353772053E-004
  Kqq2     =    4.4889408443735214E-002       +-    2.7685361695653266E-004
  Kgq2     =   -4.2264345531550264E-002       +-    1.9790961201305435E-004
  Kqqs     =    2.4248777354420612E-003       +-    4.2373859184893058E-006
  Kgg      =    2.0450301406139087E-003       +-    3.3779789449962073E-006
  Kgghhz   =   0.13591503965338725            +-    3.7887140884554100E-004
  K_nnlo   =    1.2001319488000470            +-    4.5306050477183672E-004
  K_nnlo2  =    1.3360469884534343            +-    5.9059915799526555E-004
  sig_LO   = (  0.46692326467797929            +-    2.6947298006976269E-004 ) fb
  sig_NLO  = (  0.55705672065482315            +-    3.0349700121193069E-004 ) fb
  sig_NNLO = (  0.56036952757806346            +-    3.4258832179537833E-004 ) fb
  sig_HHZ  = (  0.62383142161186000            +-    3.8556677665479690E-004 ) fb

  mH       = 125.0000      GeV
  fact_scale 0.5
  ren_scale  1.0
  Kqq      =   0.19005039367166446            +-    1.8051733002549418E-004
  Kgq      =   -2.4841590567404405E-002       +-    1.3744433736044453E-004
  K_nlo    =    1.1652088031042600            +-    2.2688643042717400E-004
  Kqq2     =    3.5763543224938701E-002       +-    1.3583133772696041E-004
  Kgq2     =   -1.9040638846448570E-002       +-    1.2163082413486121E-004
  Kqqs     =    1.3115135511109694E-003       +-    3.5359876947052995E-006
  Kgg      =    4.4236682284088259E-004       +-    2.3817389799695470E-006
  Kgghhz   =   0.12201279521090652            +-    3.3924241881951478E-004
  K_nnlo   =    1.1836855878567021            +-    2.9110107847610560E-004
  K_nnlo2  =    1.3056983830676085            +-    4.4701818376489662E-004
  sig_LO   = (  0.47162063481517730            +-    2.7276001059012793E-004 ) fb
  sig_NLO  = (  0.54953651541226400            +-    2.9299820541856274E-004 ) fb
  sig_NNLO = (  0.55825054836655408            +-    3.0536268358167260E-004 ) fb
  sig_HHZ  = (  0.61579430029949600            +-    3.4473810427329321E-004 ) fb

  mH       = 125.0000      GeV
  fact_scale 1.0
  ren_scale  1.0
  Kqq      =   0.25787845722205094            +-    2.3723449059882877E-004
  Kgq      =   -8.0483333677072486E-002       +-    1.3876201763265874E-004
  K_nlo    =    1.1773951235449784            +-    2.7483649879004804E-004
  Kqq2     =    5.7877442696448331E-002       +-    2.0586148106627105E-004
  Kgq2     =   -4.1903612082735527E-002       +-    1.5442151885172527E-004
  Kqqs     =    2.0455126242661741E-003       +-    3.5742648451293437E-006
  Kgg      =    1.7225316441412534E-003       +-    2.8435248960650687E-006
  Kgghhz   =   0.11476695815182712            +-    3.1999233597194526E-004
  K_nnlo   =    1.1971369984270985            +-    3.7653806838281589E-004
  K_nnlo2  =    1.3119039565789257            +-    4.9414169225258102E-004
  sig_LO   = (  0.46692326467797929            +-    2.6947298006976269E-004 ) fb
  sig_NLO  = (  0.54975317490155418            +-    2.9846883996267871E-004 ) fb
  sig_NNLO = (  0.55897111557237800            +-    3.2175516261117286E-004 ) fb
  sig_HHZ  = (  0.61255847834979016            +-    3.5475384483260207E-004 ) fb

  mH       = 125.0000      GeV
  fact_scale 1.5
  ren_scale  1.0
  Kqq      =   0.29865801760402333            +-    2.8274971725115701E-004
  Kgq      =  -0.11163936106459153            +-    1.3181806142818748E-004
  K_nlo    =    1.1870186565394316            +-    3.1196699172235295E-004
  Kqq2     =    7.0722417381295297E-002       +-    2.6236460840577141E-004
  Kgq2     =   -5.7694107477851704E-002       +-    1.7428648936516930E-004
  Kqqs     =    3.5485464744786088E-003       +-    4.3420186779155986E-006
  Kgg      =    2.8734615994614773E-003       +-    3.2572823185742673E-006
  Kgghhz   =   0.11091832648454361            +-    3.0954439009348234E-004
  K_nnlo   =    1.2064689745168153            +-    4.4335520190671719E-004
  K_nnlo2  =    1.3173873010013590            +-    5.4072318657155064E-004
  sig_LO   = (  0.46364651328102457            +-    2.6728662753249519E-004 ) fb
  sig_NLO  = (  0.55035706130403361            +-    3.0391375000367706E-004 ) fb
  sig_NNLO = (  0.55937513341645484            +-    3.3718999584973736E-004 ) fb
  sig_HHZ  = (  0.61080202874997980            +-    3.6646261407874897E-004 ) fb

  mH       = 125.0000      GeV
  fact_scale 2.0
  ren_scale  1.0
  Kqq      =   0.32795139697403397            +-    3.2192024446263114E-004
  Kgq      =  -0.13315151931486283            +-    1.4844445622967125E-004
  K_nlo    =    1.1947998776591711            +-    3.5449739121776760E-004
  Kqq2     =    7.9816355237124881E-002       +-    3.0897518263356015E-004
  Kgq2     =   -6.9925558324697143E-002       +-    1.9770981569195537E-004
  Kqqs     =    5.0681404191821443E-003       +-    5.3707519432197019E-006
  Kgg      =    3.8442253376681276E-003       +-    3.7849096039052095E-006
  Kgghhz   =   0.10835622810447459            +-    3.0265127926355057E-004
  K_nnlo   =    1.2136030403284490            +-    5.1016311666146261E-004
  K_nnlo2  =    1.3219592684329236            +-    5.9318142455879450E-004
  sig_LO   = (  0.46113722444171223            +-    2.6565578628207634E-004 ) fb
  sig_NLO  = (  0.55096669934704756            +-    3.1192318437766480E-004 ) fb
  sig_NNLO = (  0.55963753759108448            +-    3.5484927450968117E-004 ) fb
  sig_HHZ  = (  0.60960462787015490            +-    3.8130834473692311E-004 ) fb

  mH       = 125.0000      GeV
  fact_scale 1.0
  ren_scale  1.5
  Kqq      =   0.24621147092378617            +-    2.2658289673418771E-004
  Kgq      =   -7.6823424397376924E-002       +-    1.3244242749371212E-004
  K_nlo    =    1.1693880465264093            +-    2.6245153017820789E-004
  Kqq2     =    6.3400831429964027E-002       +-    1.8206042282605808E-004
  Kgq2     =   -4.1530721720493359E-002       +-    1.3668925918893144E-004
  Kqqs     =    1.8639618166177380E-003       +-    3.2569380607578295E-006
  Kgg      =    1.5684513214709946E-003       +-    2.5883535922224574E-006
  Kgghhz   =   0.10462953169169054            +-    2.9172007766739788E-004
  K_nnlo   =    1.1946905693739687            +-    3.4745944230939342E-004
  K_nnlo2  =    1.2993201010656592            +-    4.5368344444582430E-004
  sig_LO   = (  0.46692326467797929            +-    2.6947298006976269E-004 ) fb
  sig_NLO  = (  0.54601448435951572            +-    2.9602854032037627E-004 ) fb
  sig_NNLO = (  0.55782882093208730            +-    3.1454172661720932E-004 ) fb
  sig_HHZ  = (  0.60668278345129956            +-    3.4276800407901693E-004 ) fb

  mH       = 125.0000      GeV
  fact_scale 1.5
  ren_scale  1.5
  Kqq      =   0.28514670535082454            +-    2.7004999126997329E-004
  Kgq      =  -0.10655685733954195            +-    1.2585053031743693E-004
  K_nlo    =    1.1785898480112826            +-    2.9793515026947182E-004
  Kqq2     =    7.6796139869317367E-002       +-    2.2643814666109676E-004
  Kgq2     =   -5.7238626874936832E-002       +-    1.5923145357764896E-004
  Kqqs     =    3.2335244209661905E-003       +-    3.9564030291819831E-006
  Kgg      =    2.6162052643892075E-003       +-    2.9664931237844483E-006
  Kgghhz   =   0.10111932882913743            +-    2.8220998375345880E-004
  K_nnlo   =    1.2039970906910187            +-    4.0671697412849499E-004
  K_nnlo2  =    1.3051164195201561            +-    4.9503653599948191E-004
  sig_LO   = (  0.46364651328102457            +-    2.6728662753249519E-004 ) fb
  sig_NLO  = (  0.54644907361884387            +-    3.0087183276412987E-004 ) fb
  sig_NNLO = (  0.55822905309938819            +-    3.2711142213639305E-004 ) fb
  sig_HHZ  = (  0.60511267733633511            +-    3.5231019450644095E-004 ) fb

  mH       = 125.0000      GeV
  fact_scale 2.0
  ren_scale  1.5
  Kqq      =   0.31311378893867348            +-    3.0738769786788984E-004
  Kgq      =  -0.12708638847639350            +-    1.4171558098395958E-004
  K_nlo    =    1.1860274004622799            +-    3.3848264755248877E-004
  Kqq2     =    8.6300838139090119E-002       +-    2.6451469883544766E-004
  Kgq2     =   -6.9314178752580752E-002       +-    1.8435085589425142E-004
  Kqqs     =    4.6179861208895433E-003       +-    4.8928517356029046E-006
  Kgg      =    3.4998924468347781E-003       +-    3.4465699998461261E-006
  Kgghhz   =    9.8782687673130989E-002       +-    2.7590658856746112E-004
  K_nnlo   =    1.2111319384165136            +-    4.6750356737244625E-004
  K_nnlo2  =    1.3099146260896446            +-    5.4284807370101043E-004
  sig_LO   = (  0.46113722444171223            +-    2.6565578628207634E-004 ) fb
  sig_NLO  = (  0.54692138356099496            +-    3.0811707565921956E-004 ) fb
  sig_NNLO = (  0.55849802051410191            +-    3.4212447286802747E-004 ) fb
  sig_HHZ  = (  0.60405039493058210            +-    3.6501620650496787E-004 ) fb

  mH       = 125.0000      GeV
  fact_scale 1.0
  ren_scale  2.0
  Kqq      =   0.23856529460242423            +-    2.1959937795433600E-004
  Kgq      =   -7.4425779562571584E-002       +-    1.2830313687266939E-004
  K_nlo    =    1.1641395150398526            +-    2.5433360322477691E-004
  Kqq2     =    6.6642735058891234E-002       +-    1.7945741766260337E-004
  Kgq2     =   -4.1223274009855669E-002       +-    1.2766437815800116E-004
  Kqqs     =    1.7495917396335105E-003       +-    3.0570401460793037E-006
  Kgg      =    1.4714774284865662E-003       +-    2.4278250896030338E-006
  Kgghhz   =    9.8237599342385087E-002       +-    2.7388984686465314E-004
  K_nnlo   =    1.1927800452570081            +-    3.3645799108212291E-004
  K_nnlo2  =    1.2910176445993933            +-    4.3384286092842538E-004
  sig_LO   = (  0.46692326467797929            +-    2.6947298006976269E-004 ) fb
  sig_NLO  = (  0.54356382290304750            +-    2.9447965147957948E-004 ) fb
  sig_NNLO = (  0.55693675277415022            +-    3.1192325494911084E-004 ) fb
  sig_HHZ  = (  0.60280617337322395            +-    3.3712138569455281E-004 ) fb

  mH       = 125.0000      GeV
  fact_scale 1.5
  ren_scale  2.0
  Kqq      =   0.27629181874824504            +-    2.6172304004535457E-004
  Kgq      =  -0.10322755992715327            +-    1.2194006501902066E-004
  K_nlo    =    1.1730642588210918            +-    2.8873574276044395E-004
  Kqq2     =    8.0349228100983675E-002       +-    2.1773646237166280E-004
  Kgq2     =   -5.6852319559963511E-002       +-    1.5278596897606872E-004
  Kqqs     =    3.0350782016264882E-003       +-    3.7135005505342810E-006
  Kgg      =    2.4543125069413064E-003       +-    2.7834490573065597E-006
  Kgghhz   =    9.4944826894497028E-002       +-    2.6499652261155113E-004
  K_nnlo   =    1.2020505580706797            +-    3.9260996699587420E-004
  K_nnlo2  =    1.2969953849651767            +-    4.7367261181190936E-004
  sig_LO   = (  0.46364651328102457            +-    2.6728662753249519E-004 ) fb
  sig_NLO  = (  0.54388715345698857            +-    2.9893757154427267E-004 ) fb
  sig_NNLO = (  0.55732655003698051            +-    3.2338503132657950E-004 ) fb
  sig_HHZ  = (  0.60134738798068454            +-    3.4593874655582238E-004 ) fb

  mH       = 125.0000      GeV
  fact_scale 2.0
  ren_scale  2.0
  Kqq      =   0.30338955391203820            +-    2.9785767827190615E-004
  Kgq      =  -0.12311358986125073            +-    1.3730686785974356E-004
  K_nlo    =    1.1802759640507874            +-    3.2798227462316226E-004
  Kqq2     =    9.0066643631751001E-002       +-    2.4873857660040900E-004
  Kgq2     =   -6.8804899475090747E-002       +-    1.7839928318306181E-004
  Kqqs     =    4.3344324358659796E-003       +-    4.5918809580363129E-006
  Kgg      =    3.2832148621185901E-003       +-    3.2336145402407476E-006
  Kgghhz   =    9.2748153755563723E-002       +-    2.5904800313345341E-004
  K_nnlo   =    1.2091553555054324            +-    4.4866590892348720E-004
  K_nnlo2  =    1.3019035092609961            +-    5.1808007658813576E-004
  sig_LO   = (  0.46113722444171223            +-    2.6565578628207634E-004 ) fb
  sig_NLO  = (  0.54426918213764619            +-    3.0569265142790591E-004 ) fb
  sig_NNLO = (  0.55758654455660672            +-    3.3671825016010504E-004 ) fb
  sig_HHZ  = (  0.60035617075154057            +-    3.5728011099066254E-004 ) fb

  pp ---> HHZ + X
  ===============

  PDFSET = PDF4LHC21_40                                NSET =   1
  Sqrt(S)  = 13.6 TeV
  LOOP     = 3
  alphaS(MZ) =   0.11800
          kl =   2.00000
          kv =   1.00000
         k2v =   1.00000
         kth =   1.00000
         kbh =   1.00000
 --------------

  mH       = 125.0000      GeV
  fact_scale 1.0
  ren_scale  1.0
  Kqq      =   0.25806890112394942            +-    2.3651969120295046E-004
  Kgq      =   -8.0557956521842555E-002       +-    1.3853372760253720E-004
  K_nlo    =    1.1775109446021068            +-    2.7410428309348437E-004
  Kqq2     =    5.7951791678693715E-002       +-    2.0537773946289610E-004
  Kgq2     =   -4.1948621109361379E-002       +-    1.5417472566391994E-004
  Kqqs     =    2.0475569372009261E-003       +-    3.5679773773736419E-006
  Kgg      =    1.7230565944238003E-003       +-    2.8438014625713362E-006
  Kgghhz   =   0.11477047516980407            +-    3.1981340015910302E-004
  K_nnlo   =    1.1972847287030639            +-    3.7563790753856454E-004
  K_nnlo2  =    1.3120552038728679            +-    4.9334009415541902E-004
  sig_LO   = (  0.46685157036832325            +-    2.6803197850119512E-004 ) fb
  sig_NLO  = (  0.54972283361338126            +-    2.9701252919027725E-004 ) fb
  sig_NNLO = (  0.55895425577303715            +-    3.2030419565577033E-004 ) fb
  sig_HHZ  = (  0.61253503233797879            +-    3.5339337383025421E-004 ) fb

  pp ---> HHZ + X
  ===============

  PDFSET = PDF4LHC21_40                                NSET =   2
  Sqrt(S)  = 13.6 TeV
  LOOP     = 3
  alphaS(MZ) =   0.11800
          kl =   2.00000
          kv =   1.00000
         k2v =   1.00000
         kth =   1.00000
         kbh =   1.00000
 --------------

  mH       = 125.0000      GeV
  fact_scale 1.0
  ren_scale  1.0
  Kqq      =   0.25798628950984170            +-    2.3719557775055507E-004
  Kgq      =   -8.0991752063451009E-002       +-    1.3928518525274699E-004
  K_nlo    =    1.1769945374463906            +-    2.7506745524563908E-004
  Kqq2     =    5.7930780893749000E-002       +-    2.0574623979039940E-004
  Kgq2     =   -4.2178612049694850E-002       +-    1.5502128082757669E-004
  Kqqs     =    2.0681444094044544E-003       +-    3.6033203107257879E-006
  Kgg      =    1.7183868646410479E-003       +-    2.8250912601491561E-006
  Kgghhz   =   0.11433548075032385            +-    3.1875200893701763E-004
  K_nnlo   =    1.1965332375644904            +-    3.7689014671454660E-004
  K_nnlo2  =    1.3108687183148142            +-    4.9360817040634266E-004
  sig_LO   = (  0.46609335090578724            +-    2.6849610874583407E-004 ) fb
  sig_NLO  = (  0.54858932795619542            +-    2.9753524827118549E-004 ) fb
  sig_NNLO = (  0.55769618616658378            +-    3.2085619979696809E-004 ) fb
  sig_HHZ  = (  0.61098719351692632            +-    3.5358338282285835E-004 ) fb

  pp ---> HHZ + X
  ===============

  PDFSET = PDF4LHC21_40                                NSET =   3
  Sqrt(S)  = 13.6 TeV
  LOOP     = 3
  alphaS(MZ) =   0.11800
          kl =   2.00000
          kv =   1.00000
         k2v =   1.00000
         kth =   1.00000
         kbh =   1.00000
 --------------

  mH       = 125.0000      GeV
  fact_scale 1.0
  ren_scale  1.0
  Kqq      =   0.25789580524810912            +-    2.3674568462880616E-004
  Kgq      =   -8.0469448126120752E-002       +-    1.3856428942085860E-004
  K_nlo    =    1.1774263571219883            +-    2.7431474895285818E-004
  Kqq2     =    5.7885678151583526E-002       +-    2.0555084087597127E-004
  Kgq2     =   -4.1898537139665570E-002       +-    1.5420263281557022E-004
  Kqqs     =    2.0459605877322881E-003       +-    3.5711192238240194E-006
  Kgg      =    1.7194931552682205E-003       +-    2.8365749114527089E-006
  Kgghhz   =   0.11451035080382115            +-    3.1977525520130291E-004
  K_nnlo   =    1.1971789518769067            +-    3.7589756675839378E-004
  K_nnlo2  =    1.3116893026807279            +-    4.9351311485505581E-004
  sig_LO   = (  0.46646052775205293            +-    2.6839592467331572E-004 ) fb
  sig_NLO  = (  0.54922291993229977            +-    2.9733712665441612E-004 ) fb
  sig_NNLO = (  0.55843672570615155            +-    3.2059471455335160E-004 ) fb
  sig_HHZ  = (  0.61185128437517466            +-    3.5359642622531185E-004 ) fb

  pp ---> HHZ + X
  ===============

  PDFSET = PDF4LHC21_40                                NSET =   4
  Sqrt(S)  = 13.6 TeV
  LOOP     = 3
  alphaS(MZ) =   0.11800
          kl =   2.00000
          kv =   1.00000
         k2v =   1.00000
         kth =   1.00000
         kbh =   1.00000
 --------------

  mH       = 125.0000      GeV
  fact_scale 1.0
  ren_scale  1.0
  Kqq      =   0.25837525213214801            +-    2.3719303233433713E-004
  Kgq      =   -8.1268027431101633E-002       +-    1.4027854943752570E-004
  K_nlo    =    1.1771072247010463            +-    2.7556960285970267E-004
  Kqq2     =    5.8070008780151311E-002       +-    2.0583104739277359E-004
  Kgq2     =   -4.2309701008160297E-002       +-    1.5609769566053897E-004
  Kqqs     =    2.0603336575302032E-003       +-    3.6017917027233739E-006
  Kgg      =    1.7489234489571829E-003       +-    2.8947388099443376E-006
  Kgghhz   =   0.11662008404693577            +-    3.2516864423727765E-004
  K_nnlo   =    1.1966767895795247            +-    3.7774709674309650E-004
  K_nnlo2  =    1.3132968736264605            +-    4.9842503578065539E-004
  sig_LO   = (  0.46111215493026464            +-    2.6593680621849483E-004 ) fb
  sig_NLO  = (  0.54277844896588279            +-    2.9473511314169975E-004 ) fb
  sig_NNLO = (  0.55180221319804557            +-    3.1790308798378738E-004 ) fb
  sig_HHZ  = (  0.60557715146107671            +-    3.5148846541890237E-004 ) fb

  pp ---> HHZ + X
  ===============

  PDFSET = PDF4LHC21_40                                NSET =   5
  Sqrt(S)  = 13.6 TeV
  LOOP     = 3
  alphaS(MZ) =   0.11800
          kl =   2.00000
          kv =   1.00000
         k2v =   1.00000
         kth =   1.00000
         kbh =   1.00000
 --------------

  mH       = 125.0000      GeV
  fact_scale 1.0
  ren_scale  1.0
  Kqq      =   0.25796417760899004            +-    2.3763338144314243E-004
  Kgq      =   -8.0363892465764017E-002       +-    1.3844600339987716E-004
  K_nlo    =    1.1776002851432261            +-    2.7502167157062520E-004
  Kqq2     =    5.7910674917574151E-002       +-    2.0599858012436254E-004
  Kgq2     =   -4.1843382810661391E-002       +-    1.5406906893526427E-004
  Kqqs     =    2.0437408497156698E-003       +-    3.5709027839094186E-006
  Kgg      =    1.7141311685432922E-003       +-    2.8302913379582243E-006
  Kgghhz   =   0.11409426517310239            +-    3.1974755832765294E-004
  K_nnlo   =    1.1974254492683978            +-    3.7660373703016188E-004
  K_nnlo2  =    1.3115197144415003            +-    4.9403327398220775E-004
  sig_LO   = (  0.46627063399384411            +-    2.6927393295318497E-004 ) fb
  sig_NLO  = (  0.54908043154506359            +-    2.9824913317278557E-004 ) fb
  sig_NNLO = (  0.55832432339073934            +-    3.2147091970319985E-004 ) fb
  sig_HHZ  = (  0.61152312874806358            +-    3.5436005890308539E-004 ) fb

  pp ---> HHZ + X
  ===============

  PDFSET = PDF4LHC21_40                                NSET =   6
  Sqrt(S)  = 13.6 TeV
  LOOP     = 3
  alphaS(MZ) =   0.11800
          kl =   2.00000
          kv =   1.00000
         k2v =   1.00000
         kth =   1.00000
         kbh =   1.00000
 --------------

  mH       = 125.0000      GeV
  fact_scale 1.0
  ren_scale  1.0
  Kqq      =   0.25796583145489188            +-    2.3678215596440388E-004
  Kgq      =   -8.0584077520156755E-002       +-    1.3877118655102166E-004
  K_nlo    =    1.1773817539347351            +-    2.7445078174406740E-004
  Kqq2     =    5.7912859707848069E-002       +-    2.0554322421413316E-004
  Kgq2     =   -4.1958021927324472E-002       +-    1.5443749405896699E-004
  Kqqs     =    2.0458460709064101E-003       +-    3.5660414801708317E-006
  Kgg      =    1.7286033254131647E-003       +-    2.8568208147205127E-006
  Kgghhz   =   0.11519263886485955            +-    3.2104580618539551E-004
  K_nnlo   =    1.1971110411115782            +-    3.7608917329336980E-004
  K_nnlo2  =    1.3123036799764378            +-    4.9448303907992722E-004
  sig_LO   = (  0.46685259172070925            +-    2.6850525444920258E-004 ) fb
  sig_NLO  = (  0.54966372326910551            +-    2.9750944708977959E-004 ) fb
  sig_NNLO = (  0.55887439212041701            +-    3.2081580047233242E-004 ) fb
  sig_HHZ  = (  0.61265237412162443            +-    3.5410042640676562E-004 ) fb

  pp ---> HHZ + X
  ===============

  PDFSET = PDF4LHC21_40                                NSET =   7
  Sqrt(S)  = 13.6 TeV
  LOOP     = 3
  alphaS(MZ) =   0.11800
          kl =   2.00000
          kv =   1.00000
         k2v =   1.00000
         kth =   1.00000
         kbh =   1.00000
 --------------

  mH       = 125.0000      GeV
  fact_scale 1.0
  ren_scale  1.0
  Kqq      =   0.25799923262268148            +-    2.3812209700858385E-004
  Kgq      =   -8.0344845936832041E-002       +-    1.3851692382633505E-004
  K_nlo    =    1.1776543866858493            +-    2.7547971117684172E-004
  Kqq2     =    5.7924160597622038E-002       +-    2.0624455556140530E-004
  Kgq2     =   -4.1835361350868711E-002       +-    1.5413077750378167E-004
  Kqqs     =    2.0433715398546367E-003       +-    3.5738805334572972E-006
  Kgg      =    1.7140443146335437E-003       +-    2.8260709413478886E-006
  Kgghhz   =   0.11410035017166623            +-    3.1891005420379504E-004
  K_nnlo   =    1.1975006017870908            +-    3.7709805600367514E-004
  K_nnlo2  =    1.3116009519587570            +-    4.9386897707187323E-004
  sig_LO   = (  0.46659098347292732            +-    2.7007076248869812E-004 ) fb
  sig_NLO  = (  0.54948291847495756            +-    2.9909832807835471E-004 ) fb
  sig_NNLO = (  0.55874298349726115            +-    3.2233028679857720E-004 ) fb
  sig_HHZ  = (  0.61198117809846431            +-    3.5501889978292018E-004 ) fb

  pp ---> HHZ + X
  ===============

  PDFSET = PDF4LHC21_40                                NSET =   8
  Sqrt(S)  = 13.6 TeV
  LOOP     = 3
  alphaS(MZ) =   0.11800
          kl =   2.00000
          kv =   1.00000
         k2v =   1.00000
         kth =   1.00000
         kbh =   1.00000
 --------------

  mH       = 125.0000      GeV
  fact_scale 1.0
  ren_scale  1.0
  Kqq      =   0.25770704509460851            +-    2.3733138103088999E-004
  Kgq      =   -8.0270032668150068E-002       +-    1.3880942419554519E-004
  K_nlo    =    1.1774370124264584            +-    2.7494406825303268E-004
  Kqq2     =    5.7809644636126319E-002       +-    2.0595793070862016E-004
  Kgq2     =   -4.1780259997176383E-002       +-    1.5443973850362441E-004
  Kqqs     =    2.0495461285810934E-003       +-    3.5817546007764470E-006
  Kgg      =    1.7218679581915935E-003       +-    2.8573647377327075E-006
  Kgghhz   =   0.11497988690527240            +-    3.1988576045967494E-004
  K_nnlo   =    1.1972378111521809            +-    3.7667696533984869E-004
  K_nnlo2  =    1.3122176980574534            +-    4.9417854664331802E-004
  sig_LO   = (  0.46741121662158919            +-    2.6996165608915651E-004 ) fb
  sig_NLO  = (  0.55034726647354026            +-    2.9898932230494992E-004 ) fb
  sig_NNLO = (  0.55960238189600953            +-    3.2230030923743397E-004 ) fb
  sig_HHZ  = (  0.61334527072141565            +-    3.5529308917561157E-004 ) fb

  pp ---> HHZ + X
  ===============

  PDFSET = PDF4LHC21_40                                NSET =   9
  Sqrt(S)  = 13.6 TeV
  LOOP     = 3
  alphaS(MZ) =   0.11800
          kl =   2.00000
          kv =   1.00000
         k2v =   1.00000
         kth =   1.00000
         kbh =   1.00000
 --------------

  mH       = 125.0000      GeV
  fact_scale 1.0
  ren_scale  1.0
  Kqq      =   0.25793863901719005            +-    2.3633953017575569E-004
  Kgq      =   -8.0496075440666046E-002       +-    1.3858106292771058E-004
  K_nlo    =    1.1774425635765240            +-    2.7397278062951983E-004
  Kqq2     =    5.7897771008391663E-002       +-    2.0525509767219404E-004
  Kgq2     =   -4.1908938033386599E-002       +-    1.5424949060015682E-004
  Kqqs     =    2.0481953833961287E-003       +-    3.5710838003550488E-006
  Kgg      =    1.7204411831707701E-003       +-    2.8399546417682487E-006
  Kgghhz   =   0.11463706850516120            +-    3.1917906017992609E-004
  K_nnlo   =    1.1972000331180961            +-    3.7550560978309933E-004
  K_nnlo2  =    1.3118371016232573            +-    4.9282830218638838E-004
  sig_LO   = (  0.46880073510264886            +-    2.6904183804165807E-004 ) fb
  sig_NLO  = (  0.55198593934582185            +-    2.9812748130250499E-004 ) fb
  sig_NNLO = (  0.56124825559067903            +-    3.2151616395740808E-004 ) fb
  sig_HHZ  = (  0.61499019757591133            +-    3.5462965609287618E-004 ) fb

  pp ---> HHZ + X
  ===============

  PDFSET = PDF4LHC21_40                                NSET =  10
  Sqrt(S)  = 13.6 TeV
  LOOP     = 3
  alphaS(MZ) =   0.11800
          kl =   2.00000
          kv =   1.00000
         k2v =   1.00000
         kth =   1.00000
         kbh =   1.00000
 --------------

  mH       = 125.0000      GeV
  fact_scale 1.0
  ren_scale  1.0
  Kqq      =   0.25784524950640553            +-    2.3738699238620072E-004
  Kgq      =   -8.0247581831839498E-002       +-    1.3852642212591049E-004
  K_nlo    =    1.1775976676745659            +-    2.7484932923544140E-004
  Kqq2     =    5.7863822005710976E-002       +-    2.0598031636204228E-004
  Kgq2     =   -4.1785784278224151E-002       +-    1.5421751960199384E-004
  Kqqs     =    2.0448337570829049E-003       +-    3.5768021127854526E-006
  Kgg      =    1.7140658868741838E-003       +-    2.8380382466594141E-006
  Kgghhz   =   0.11429032123926891            +-    3.1853171101598084E-004
  K_nnlo   =    1.1974346050460098            +-    3.7652879815017334E-004
  K_nnlo2  =    1.3117249262852788            +-    4.9319001080636493E-004
  sig_LO   = (  0.46631658751955163            +-    2.6946772051665623E-004 ) fb
  sig_NLO  = (  0.54913332586098662            +-    2.9839500892883133E-004 ) fb
  sig_NNLO = (  0.55838361880287735            +-    3.2162362969299625E-004 ) fb
  sig_HHZ  = (  0.61167909138968657            +-    3.5426668881759975E-004 ) fb

  pp ---> HHZ + X
  ===============

  PDFSET = PDF4LHC21_40                                NSET =  11
  Sqrt(S)  = 13.6 TeV
  LOOP     = 3
  alphaS(MZ) =   0.11800
          kl =   2.00000
          kv =   1.00000
         k2v =   1.00000
         kth =   1.00000
         kbh =   1.00000
 --------------

  mH       = 125.0000      GeV
  fact_scale 1.0
  ren_scale  1.0
  Kqq      =   0.25779384564944363            +-    2.3717926421103252E-004
  Kgq      =   -8.0440160223364393E-002       +-    1.3871137449913566E-004
  K_nlo    =    1.1773536854260793            +-    2.7476325952922859E-004
  Kqq2     =    5.7842403459429946E-002       +-    2.0584162064877690E-004
  Kgq2     =   -4.1882898082886914E-002       +-    1.5435860446492546E-004
  Kqqs     =    2.0438106742452743E-003       +-    3.5737337715188318E-006
  Kgg      =    1.7217246690117505E-003       +-    2.8428489206937646E-006
  Kgghhz   =   0.11472127781385189            +-    3.1972410748085063E-004
  K_nnlo   =    1.1970787261458795            +-    3.7644794290028484E-004
  K_nnlo2  =    1.3118000039597315            +-    4.9389934057283643E-004
  sig_LO   = (  0.46719692419063724            +-    2.6963549494564036E-004 ) fb
  sig_NLO  = (  0.55005602051557534            +-    2.9863319422837798E-004 ) fb
  sig_NNLO = (  0.55927149886940097            +-    3.2192456986974776E-004 ) fb
  sig_HHZ  = (  0.61286892700325213            +-    3.5489161203596572E-004 ) fb

  pp ---> HHZ + X
  ===============

  PDFSET = PDF4LHC21_40                                NSET =  12
  Sqrt(S)  = 13.6 TeV
  LOOP     = 3
  alphaS(MZ) =   0.11800
          kl =   2.00000
          kv =   1.00000
         k2v =   1.00000
         kth =   1.00000
         kbh =   1.00000
 --------------

  mH       = 125.0000      GeV
  fact_scale 1.0
  ren_scale  1.0
  Kqq      =   0.25771746736582996            +-    2.3641317812019450E-004
  Kgq      =   -8.0355831465540845E-002       +-    1.3856139767896784E-004
  K_nlo    =    1.1773616359002892            +-    2.7402637047488674E-004
  Kqq2     =    5.7809613238743181E-002       +-    2.0557460792438117E-004
  Kgq2     =   -4.1834926856848142E-002       +-    1.5419723560351271E-004
  Kqqs     =    2.0442259959727580E-003       +-    3.5709601893559949E-006
  Kgg      =    1.7190320888140500E-003       +-    2.8377762444915535E-006
  Kgghhz   =   0.11457075376028829            +-    3.1877506069962630E-004
  K_nnlo   =    1.1970995803669711            +-    3.7569796823692817E-004
  K_nnlo2  =    1.3116703341272593            +-    4.9271340824195791E-004
  sig_LO   = (  0.46986496998028160            +-    2.7073251053282352E-004 ) fb
  sig_NLO  = (  0.55320098970822462            +-    2.9978999869117908E-004 ) fb
  sig_NNLO = (  0.56247515839253459            +-    3.2319960558105089E-004 ) fb
  sig_HHZ  = (  0.61630794216873064            +-    3.5621959969096964E-004 ) fb

  pp ---> HHZ + X
  ===============

  PDFSET = PDF4LHC21_40                                NSET =  13
  Sqrt(S)  = 13.6 TeV
  LOOP     = 3
  alphaS(MZ) =   0.11800
          kl =   2.00000
          kv =   1.00000
         k2v =   1.00000
         kth =   1.00000
         kbh =   1.00000
 --------------

  mH       = 125.0000      GeV
  fact_scale 1.0
  ren_scale  1.0
  Kqq      =   0.25783274295526881            +-    2.3691798607422768E-004
  Kgq      =   -8.0296971940093789E-002       +-    1.3838463486808223E-004
  K_nlo    =    1.1775357710151750            +-    2.7437281077584999E-004
  Kqq2     =    5.7853940097053816E-002       +-    2.0569141692375304E-004
  Kgq2     =   -4.1807287323776442E-002       +-    1.5400527836882858E-004
  Kqqs     =    2.0408711961020080E-003       +-    3.5664446046554767E-006
  Kgg      =    1.7168809981706603E-003       +-    2.8330554466379450E-006
  Kgghhz   =   0.11436001975988534            +-    3.1924042943268032E-004
  K_nnlo   =    1.1973401759827251            +-    3.7593585860474095E-004
  K_nnlo2  =    1.3117001957426104            +-    4.9319592614826603E-004
  sig_LO   = (  0.46645540247298939            +-    2.6890083998091087E-004 ) fb
  sig_NLO  = (  0.54926792199522534            +-    2.9780400952844513E-004 ) fb
  sig_NNLO = (  0.55850579368510200            +-    3.2102624300015556E-004 ) fb
  sig_HHZ  = (  0.61184964272901832            +-    3.5388198681719920E-004 ) fb

  pp ---> HHZ + X
  ===============

  PDFSET = PDF4LHC21_40                                NSET =  14
  Sqrt(S)  = 13.6 TeV
  LOOP     = 3
  alphaS(MZ) =   0.11800
          kl =   2.00000
          kv =   1.00000
         k2v =   1.00000
         kth =   1.00000
         kbh =   1.00000
 --------------

  mH       = 125.0000      GeV
  fact_scale 1.0
  ren_scale  1.0
  Kqq      =   0.25795476627890446            +-    2.3758111999853734E-004
  Kgq      =   -8.0391936147418158E-002       +-    1.3857100610261146E-004
  K_nlo    =    1.1775628301314864            +-    2.7503947409789997E-004
  Kqq2     =    5.7907182536400939E-002       +-    2.0598551684892480E-004
  Kgq2     =   -4.1858651138758210E-002       +-    1.5420318703773887E-004
  Kqqs     =    2.0447174215150695E-003       +-    3.5743378080903913E-006
  Kgg      =    1.7163117186850397E-003       +-    2.8307341411909381E-006
  Kgghhz   =   0.11429725820102574            +-    3.1899776795028372E-004
  K_nnlo   =    1.1973723906693294            +-    3.7666451558742347E-004
  K_nnlo2  =    1.3116696488703552            +-    4.9359470546185102E-004
  sig_LO   = (  0.46721007381775698            +-    2.6987279666546683E-004 ) fb
  sig_NLO  = (  0.55016921679077857            +-    2.9890447992879523E-004 ) fb
  sig_NNLO = (  0.55942444303196159            +-    3.2218131429743898E-004 ) fb
  sig_HHZ  = (  0.61282527347323001            +-    3.5498368141823582E-004 ) fb

  pp ---> HHZ + X
  ===============

  PDFSET = PDF4LHC21_40                                NSET =  15
  Sqrt(S)  = 13.6 TeV
  LOOP     = 3
  alphaS(MZ) =   0.11800
          kl =   2.00000
          kv =   1.00000
         k2v =   1.00000
         kth =   1.00000
         kbh =   1.00000
 --------------

  mH       = 125.0000      GeV
  fact_scale 1.0
  ren_scale  1.0
  Kqq      =   0.25796577352099453            +-    2.3707185020303603E-004
  Kgq      =   -8.0262285871510505E-002       +-    1.3818994266774320E-004
  K_nlo    =    1.1777034876494841            +-    2.7440758446734833E-004
  Kqq2     =    5.7912235902373294E-002       +-    2.0572159599362166E-004
  Kgq2     =   -4.1799677804432570E-002       +-    1.5381729469894379E-004
  Kqqs     =    2.0425279969466239E-003       +-    3.5683728302963628E-006
  Kgg      =    1.7106817025525931E-003       +-    2.8191777417525550E-006
  Kgghhz   =   0.11390502116686545            +-    3.1759287952970623E-004
  K_nnlo   =    1.1975692554469242            +-    3.7590070320187637E-004
  K_nnlo2  =    1.3114742766137897            +-    4.9210423265364791E-004
  sig_LO   = (  0.46652599657378396            +-    2.6889046946097257E-004 ) fb
  sig_NLO  = (  0.54942929324409662            +-    2.9780994356204112E-004 ) fb
  sig_NNLO = (  0.55869719036350063            +-    3.2102309441454078E-004 ) fb
  sig_HHZ  = (  0.61183684387813053            +-    3.5356582630779944E-004 ) fb

  pp ---> HHZ + X
  ===============

  PDFSET = PDF4LHC21_40                                NSET =  16
  Sqrt(S)  = 13.6 TeV
  LOOP     = 3
  alphaS(MZ) =   0.11800
          kl =   2.00000
          kv =   1.00000
         k2v =   1.00000
         kth =   1.00000
         kbh =   1.00000
 --------------

  mH       = 125.0000      GeV
  fact_scale 1.0
  ren_scale  1.0
  Kqq      =   0.25771363827726085            +-    2.3730483875532036E-004
  Kgq      =   -8.0356951906536883E-002       +-    1.3866930027336339E-004
  K_nlo    =    1.1773566863707241            +-    2.7485043448208848E-004
  Kqq2     =    5.7811935867784284E-002       +-    2.0589475664897864E-004
  Kgq2     =   -4.1836647581697271E-002       +-    1.5433311709038531E-004
  Kqqs     =    2.0363577718806418E-003       +-    3.5631998796562364E-006
  Kgg      =    1.7279248185988216E-003       +-    2.8570684796743427E-006
  Kgghhz   =   0.11517885607580451            +-    3.2118616219553977E-004
  K_nnlo   =    1.1970962572472905            +-    3.7653018791997204E-004
  K_nnlo2  =    1.3122751133230950            +-    4.9490962124508053E-004
  sig_LO   = (  0.46679397716427962            +-    2.6961142040395216E-004 ) fb
  sig_NLO  = (  0.54958301017194755            +-    2.9858136270503698E-004 ) fb
  sig_NNLO = (  0.55879732296893614            +-    3.2184251905594490E-004 ) fb
  sig_HHZ  = (  0.61256211928179305            +-    3.5505061907907493E-004 ) fb

  pp ---> HHZ + X
  ===============

  PDFSET = PDF4LHC21_40                                NSET =  17
  Sqrt(S)  = 13.6 TeV
  LOOP     = 3
  alphaS(MZ) =   0.11800
          kl =   2.00000
          kv =   1.00000
         k2v =   1.00000
         kth =   1.00000
         kbh =   1.00000
 --------------

  mH       = 125.0000      GeV
  fact_scale 1.0
  ren_scale  1.0
  Kqq      =   0.25797352900498149            +-    2.3689478678171760E-004
  Kgq      =   -8.0125784254652985E-002       +-    1.3799619199973063E-004
  K_nlo    =    1.1778477447503284            +-    2.7415705172543337E-004
  Kqq2     =    5.7909878666712745E-002       +-    2.0560433319620190E-004
  Kgq2     =   -4.1717408542478185E-002       +-    1.5357046282945890E-004
  Kqqs     =    2.0412152105608043E-003       +-    3.5599083326686967E-006
  Kgg      =    1.7091961652490526E-003       +-    2.8195156242664933E-006
  Kgghhz   =   0.11384401629481557            +-    3.1751182403650735E-004
  K_nnlo   =    1.1977906262503728            +-    3.7555258021904666E-004
  K_nnlo2  =    1.3116346425451884            +-    4.9178602960248217E-004
  sig_LO   = (  0.46975043945872103            +-    2.7045025949063876E-004 ) fb
  sig_NLO  = (  0.55329449571193035            +-    2.9954802780196230E-004 ) fb
  sig_NNLO = (  0.56266267306064932            +-    3.2290237571796929E-004 ) fb
  sig_HHZ  = (  0.61614094974488476            +-    3.5568533870024532E-004 ) fb

  pp ---> HHZ + X
  ===============

  PDFSET = PDF4LHC21_40                                NSET =  18
  Sqrt(S)  = 13.6 TeV
  LOOP     = 3
  alphaS(MZ) =   0.11800
          kl =   2.00000
          kv =   1.00000
         k2v =   1.00000
         kth =   1.00000
         kbh =   1.00000
 --------------

  mH       = 125.0000      GeV
  fact_scale 1.0
  ren_scale  1.0
  Kqq      =   0.25791481543462014            +-    2.3705708802806112E-004
  Kgq      =   -8.0179626501056825E-002       +-    1.3801531119467719E-004
  K_nlo    =    1.1777351889335634            +-    2.7430692501011986E-004
  Kqq2     =    5.7889519725507536E-002       +-    2.0569585554852825E-004
  Kgq2     =   -4.1749046899395008E-002       +-    1.5359594899556602E-004
  Kqqs     =    2.0436681841307933E-003       +-    3.5684597425419906E-006
  Kgg      =    1.7066899012302594E-003       +-    2.8122241269455251E-006
  Kgghhz   =   0.11362883427675453            +-    3.1700867694957471E-004
  K_nnlo   =    1.1976260198450370            +-    3.7572254677577086E-004
  K_nnlo2  =    1.3112548541217917            +-    4.9159122593572715E-004
  sig_LO   = (  0.46902789835058750            +-    2.7019092408283327E-004 ) fb
  sig_NLO  = (  0.55239066047904140            +-    2.9925894077466840E-004 ) fb
  sig_NNLO = (  0.56172001509789671            +-    3.2258046945301584E-004 ) fb
  sig_HHZ  = (  0.61501510843075013            +-    3.5519805763602213E-004 ) fb

  pp ---> HHZ + X
  ===============

  PDFSET = PDF4LHC21_40                                NSET =  19
  Sqrt(S)  = 13.6 TeV
  LOOP     = 3
  alphaS(MZ) =   0.11800
          kl =   2.00000
          kv =   1.00000
         k2v =   1.00000
         kth =   1.00000
         kbh =   1.00000
 --------------

  mH       = 125.0000      GeV
  fact_scale 1.0
  ren_scale  1.0
  Kqq      =   0.25802235826648873            +-    2.3704622361152562E-004
  Kgq      =   -8.0720302205641137E-002       +-    1.3925617934750187E-004
  K_nlo    =    1.1773020560608476            +-    2.7492398152025412E-004
  Kqq2     =    5.7932750256812798E-002       +-    2.0581557858731698E-004
  Kgq2     =   -4.2026209676742407E-002       +-    1.5497848399692547E-004
  Kqqs     =    2.0477083747277389E-003       +-    3.5801159655579775E-006
  Kgg      =    1.7332859137505709E-003       +-    2.8651788035196348E-006
  Kgghhz   =   0.11552403188660428            +-    3.2216574519877147E-004
  K_nnlo   =    1.1969895909293964            +-    3.7680579213444871E-004
  K_nnlo2  =    1.3125136228160006            +-    4.9575535535740720E-004
  sig_LO   = (  0.46479227214406754            +-    2.6802603286560183E-004 ) fb
  sig_NLO  = (  0.54720089763640367            +-    2.9692816023962313E-004 ) fb
  sig_NNLO = (  0.55635151170087183            +-    3.2017295326634289E-004 ) fb
  sig_HHZ  = (  0.61004618896869034            +-    3.5345838813268768E-004 ) fb

  pp ---> HHZ + X
  ===============

  PDFSET = PDF4LHC21_40                                NSET =  20
  Sqrt(S)  = 13.6 TeV
  LOOP     = 3
  alphaS(MZ) =   0.11800
          kl =   2.00000
          kv =   1.00000
         k2v =   1.00000
         kth =   1.00000
         kbh =   1.00000
 --------------

  mH       = 125.0000      GeV
  fact_scale 1.0
  ren_scale  1.0
  Kqq      =   0.25785386145160977            +-    2.3721432958427125E-004
  Kgq      =   -8.0461182791713382E-002       +-    1.3870888110364800E-004
  K_nlo    =    1.1773926786598963            +-    2.7479227037371560E-004
  Kqq2     =    5.7866811368457845E-002       +-    2.0581846709272469E-004
  Kgq2     =   -4.1891467266695910E-002       +-    1.5436535350121873E-004
  Kqqs     =    2.0452985443374641E-003       +-    3.5724760683098532E-006
  Kgg      =    1.7213570563009513E-003       +-    2.8414111955294130E-006
  Kgghhz   =   0.11468888324983316            +-    3.1957720393918084E-004
  K_nnlo   =    1.1971346783622969            +-    3.7645920339120036E-004
  K_nnlo2  =    1.3118235616121301            +-    4.9381284014849390E-004
  sig_LO   = (  0.46833439310345465            +-    2.7017432806997074E-004 ) fb
  sig_NLO  = (  0.55141348560463344            +-    2.9925989697401846E-004 ) fb
  sig_NNLO = (  0.56065934305390575            +-    3.2261270569824854E-004 ) fb
  sig_HHZ  = (  0.61437209158642936            +-    3.5563993898134427E-004 ) fb

  pp ---> HHZ + X
  ===============

  PDFSET = PDF4LHC21_40                                NSET =  21
  Sqrt(S)  = 13.6 TeV
  LOOP     = 3
  alphaS(MZ) =   0.11800
          kl =   2.00000
          kv =   1.00000
         k2v =   1.00000
         kth =   1.00000
         kbh =   1.00000
 --------------

  mH       = 125.0000      GeV
  fact_scale 1.0
  ren_scale  1.0
  Kqq      =   0.25808779639273038            +-    2.3741331159139782E-004
  Kgq      =   -8.0931747647384658E-002       +-    1.3950438529946015E-004
  K_nlo    =    1.1771560487453456            +-    2.7536621804167335E-004
  Kqq2     =    5.7968215686867920E-002       +-    2.0586659410293086E-004
  Kgq2     =   -4.2137021695335286E-002       +-    1.5525842442681896E-004
  Kqqs     =    2.0563455971320949E-003       +-    3.5926757888664238E-006
  Kgg      =    1.7327459495552330E-003       +-    2.8609059424171427E-006
  Kgghhz   =   0.11544078258717232            +-    3.2203406722308388E-004
  K_nnlo   =    1.1967763342835656            +-    3.7727162504454107E-004
  K_nnlo2  =    1.3122171168707379            +-    4.9602401102768253E-004
  sig_LO   = (  0.46413722178501415            +-    2.6783666216123435E-004 ) fb
  sig_NLO  = (  0.54636193807208944            +-    2.9676807222962852E-004 ) fb
  sig_NNLO = (  0.55546844289242758            +-    3.1999768774072356E-004 ) fb
  sig_HHZ  = (  0.60904880700312558            +-    3.5318437447120701E-004 ) fb

  pp ---> HHZ + X
  ===============

  PDFSET = PDF4LHC21_40                                NSET =  22
  Sqrt(S)  = 13.6 TeV
  LOOP     = 3
  alphaS(MZ) =   0.11800
          kl =   2.00000
          kv =   1.00000
         k2v =   1.00000
         kth =   1.00000
         kbh =   1.00000
 --------------

  mH       = 125.0000      GeV
  fact_scale 1.0
  ren_scale  1.0
  Kqq      =   0.25787973356792898            +-    2.3713264350001814E-004
  Kgq      =   -8.0613921763141833E-002       +-    1.3910855845062202E-004
  K_nlo    =    1.1772658118047872            +-    2.7492377424936682E-004
  Kqq2     =    5.7877136314156134E-002       +-    2.0580685878690533E-004
  Kgq2     =   -4.1968560049646400E-002       +-    1.5484034437154940E-004
  Kqqs     =    2.0441261252189661E-003       +-    3.5729678874994356E-006
  Kgg      =    1.7340673915747788E-003       +-    2.8728198469933537E-006
  Kgghhz   =   0.11564058394717769            +-    3.2265235111219172E-004
  K_nnlo   =    1.1969525815860906            +-    3.7674407256086778E-004
  K_nnlo2  =    1.3125931655332683            +-    4.9602483394279109E-004
  sig_LO   = (  0.46569745463089274            +-    2.6866222538859177E-004 ) fb
  sig_NLO  = (  0.54824969198146101            +-    2.9760948508613310E-004 ) fb
  sig_NNLO = (  0.55741777055851849            +-    3.2087638929341510E-004 ) fb
  sig_HHZ  = (  0.61127129615474918            +-    3.5431516698920606E-004 ) fb

  pp ---> HHZ + X
  ===============

  PDFSET = PDF4LHC21_40                                NSET =  23
  Sqrt(S)  = 13.6 TeV
  LOOP     = 3
  alphaS(MZ) =   0.11800
          kl =   2.00000
          kv =   1.00000
         k2v =   1.00000
         kth =   1.00000
         kbh =   1.00000
 --------------

  mH       = 125.0000      GeV
  fact_scale 1.0
  ren_scale  1.0
  Kqq      =   0.25795873122872798            +-    2.3697042230961754E-004
  Kgq      =   -8.0560522105985188E-002       +-    1.3886948228509512E-004
  K_nlo    =    1.1773982091227428            +-    2.7466291005472294E-004
  Kqq2     =    5.7908006206789708E-002       +-    2.0571375393365940E-004
  Kgq2     =   -4.1942866544540103E-002       +-    1.5453908232628474E-004
  Kqqs     =    2.0482441276354923E-003       +-    3.5771959297458521E-006
  Kgg      =    1.7236615685050766E-003       +-    2.8455815031003948E-006
  Kgghhz   =   0.11484722152401435            +-    3.2009598557003271E-004
  K_nnlo   =    1.1971352544811329            +-    3.7637891060508132E-004
  K_nnlo2  =    1.3119824760051473            +-    4.9408756746787145E-004
  sig_LO   = (  0.46680280197963364            +-    2.6894611423808692E-004 ) fb
  sig_NLO  = (  0.54961278306429895            +-    2.9794410954002366E-004 ) fb
  sig_NNLO = (  0.55882609114039472            +-    3.2124858060451905E-004 ) fb
  sig_HHZ  = (  0.61243709594738027            +-    3.5429859703057560E-004 ) fb

  pp ---> HHZ + X
  ===============

  PDFSET = PDF4LHC21_40                                NSET =  24
  Sqrt(S)  = 13.6 TeV
  LOOP     = 3
  alphaS(MZ) =   0.11800
          kl =   2.00000
          kv =   1.00000
         k2v =   1.00000
         kth =   1.00000
         kbh =   1.00000
 --------------

  mH       = 125.0000      GeV
  fact_scale 1.0
  ren_scale  1.0
  Kqq      =   0.25776420389433125            +-    2.3674241718490621E-004
  Kgq      =   -8.0412432601312991E-002       +-    1.3866227632394385E-004
  K_nlo    =    1.1773517712930184            +-    2.7436143856214551E-004
  Kqq2     =    5.7830537695818106E-002       +-    2.0569128870001925E-004
  Kgq2     =   -4.1864919323823906E-002       +-    1.5430390226466882E-004
  Kqqs     =    2.0445529951415133E-003       +-    3.5705152877062658E-006
  Kgg      =    1.7204303011812228E-003       +-    2.8409723915829314E-006
  Kgghhz   =   0.11463965375397697            +-    3.1977128455734069E-004
  K_nnlo   =    1.1970823729613356            +-    3.7605002217074599E-004
  K_nnlo2  =    1.3117220267153125            +-    4.9362667432187085E-004
  sig_LO   = (  0.46806376112901904            +-    2.6990554784822677E-004 ) fb
  sig_NLO  = (  0.55107569824332270            +-    2.9889856743722343E-004 ) fb
  sig_NNLO = (  0.56031087786953360            +-    3.2222728233964869E-004 ) fb
  sig_HHZ  = (  0.61396954538014847            +-    3.5529218008479945E-004 ) fb

  pp ---> HHZ + X
  ===============

  PDFSET = PDF4LHC21_40                                NSET =  25
  Sqrt(S)  = 13.6 TeV
  LOOP     = 3
  alphaS(MZ) =   0.11800
          kl =   2.00000
          kv =   1.00000
         k2v =   1.00000
         kth =   1.00000
         kbh =   1.00000
 --------------

  mH       = 125.0000      GeV
  fact_scale 1.0
  ren_scale  1.0
  Kqq      =   0.25789375215785565            +-    2.3723648264086289E-004
  Kgq      =   -8.0677657924048671E-002       +-    1.3922187711264529E-004
  K_nlo    =    1.1772160942338070            +-    2.7507068139403178E-004
  Kqq2     =    5.7885279754522255E-002       +-    2.0593930673020136E-004
  Kgq2     =   -4.2005058037387334E-002       +-    1.5491337701187090E-004
  Kqqs     =    2.0470986735961335E-003       +-    3.5770447129160003E-006
  Kgg      =    1.7325225541771449E-003       +-    2.8630311334809793E-006
  Kgghhz   =   0.11547193203107767            +-    3.2175977337591330E-004
  K_nnlo   =    1.1968759371787150            +-    3.7695361039850043E-004
  K_nnlo2  =    1.3123478692097927            +-    4.9560405179476040E-004
  sig_LO   = (  0.46624290952227254            +-    2.6929581467173715E-004 ) fb
  sig_NLO  = (  0.54886865691201592            +-    2.9827543547943206E-004 ) fb
  sig_NNLO = (  0.55803491928740090            +-    3.2157267148982506E-004 ) fb
  sig_HHZ  = (  0.61187288884572866            +-    3.5484425774220550E-004 ) fb

  pp ---> HHZ + X
  ===============

  PDFSET = PDF4LHC21_40                                NSET =  26
  Sqrt(S)  = 13.6 TeV
  LOOP     = 3
  alphaS(MZ) =   0.11800
          kl =   2.00000
          kv =   1.00000
         k2v =   1.00000
         kth =   1.00000
         kbh =   1.00000
 --------------

  mH       = 125.0000      GeV
  fact_scale 1.0
  ren_scale  1.0
  Kqq      =   0.25786199695248546            +-    2.3590139495626816E-004
  Kgq      =   -8.0464249620348136E-002       +-    1.3815407562858329E-004
  K_nlo    =    1.1773977473321375            +-    2.7337888864193869E-004
  Kqq2     =    5.7870410735601070E-002       +-    2.0489313025787064E-004
  Kgq2     =   -4.1890993775435835E-002       +-    1.5380593545209705E-004
  Kqqs     =    2.0485737447477012E-003       +-    3.5601228215788967E-006
  Kgg      =    1.7186611746212311E-003       +-    2.8356536461758097E-006
  Kgghhz   =   0.11450427160981566            +-    3.1911419539991305E-004
  K_nnlo   =    1.1971443992116717            +-    3.7469213064644249E-004
  K_nnlo2  =    1.3116486708214874            +-    4.9216670191521957E-004
  sig_LO   = (  0.46791634473493376            +-    2.6742127931189615E-004 ) fb
  sig_NLO  = (  0.55092365023079881            +-    2.9644100687359267E-004 ) fb
  sig_NNLO = (  0.56016343139902369            +-    3.1976998958073964E-004 ) fb
  sig_HHZ  = (  0.61374185162722472            +-    3.5291491141676830E-004 ) fb

  pp ---> HHZ + X
  ===============

  PDFSET = PDF4LHC21_40                                NSET =  27
  Sqrt(S)  = 13.6 TeV
  LOOP     = 3
  alphaS(MZ) =   0.11800
          kl =   2.00000
          kv =   1.00000
         k2v =   1.00000
         kth =   1.00000
         kbh =   1.00000
 --------------

  mH       = 125.0000      GeV
  fact_scale 1.0
  ren_scale  1.0
  Kqq      =   0.25792542963328319            +-    2.3705997402282146E-004
  Kgq      =   -8.0523858263744225E-002       +-    1.3880279599765423E-004
  K_nlo    =    1.1774015713695389            +-    2.7470647509745237E-004
  Kqq2     =    5.7896167209372795E-002       +-    2.0582129817881930E-004
  Kgq2     =   -4.1926823969297790E-002       +-    1.5445380048110990E-004
  Kqqs     =    2.0455320001614317E-003       +-    3.5750347927515487E-006
  Kgg      =    1.7245441167686626E-003       +-    2.8474463478153185E-006
  Kgghhz   =   0.11489730975824021            +-    3.2049449706119461E-004
  K_nnlo   =    1.1971409907265438            +-    3.7643448241628084E-004
  K_nnlo2  =    1.3120383004847840            +-    4.9438814933058556E-004
  sig_LO   = (  0.46648235735261123            +-    2.6907832185657765E-004 ) fb
  sig_NLO  = (  0.54923706056313126            +-    2.9803434348080242E-004 ) fb
  sig_NNLO = (  0.55844515143755880            +-    3.2130751470837792E-004 ) fb
  sig_HHZ  = (  0.61204271934705590            +-    3.5438717888369839E-004 ) fb

  pp ---> HHZ + X
  ===============

  PDFSET = PDF4LHC21_40                                NSET =  28
  Sqrt(S)  = 13.6 TeV
  LOOP     = 3
  alphaS(MZ) =   0.11800
          kl =   2.00000
          kv =   1.00000
         k2v =   1.00000
         kth =   1.00000
         kbh =   1.00000
 --------------

  mH       = 125.0000      GeV
  fact_scale 1.0
  ren_scale  1.0
  Kqq      =   0.25793143954275199            +-    2.3730272232519743E-004
  Kgq      =   -8.0410876771285278E-002       +-    1.3859196448421296E-004
  K_nlo    =    1.1775205627714669            +-    2.7480959707139617E-004
  Kqq2     =    5.7899015915755886E-002       +-    2.0585391403335547E-004
  Kgq2     =   -4.1866922048714887E-002       +-    1.5423273733277372E-004
  Kqqs     =    2.0492316868295163E-003       +-    3.5790263647651277E-006
  Kgg      =    1.7134418989416054E-003       +-    2.8255379380704042E-006
  Kgghhz   =   0.11411539929911135            +-    3.1822286368240603E-004
  K_nnlo   =    1.1973153302242789            +-    3.7643681930028410E-004
  K_nnlo2  =    1.3114307295233902            +-    4.9292034842877595E-004
  sig_LO   = (  0.46782237368321250            +-    2.6997589573355888E-004 ) fb
  sig_NLO  = (  0.55087046473653978            +-    2.9902373180087921E-004 ) fb
  sig_NNLO = (  0.56013089983282149            +-    3.2233546931026809E-004 ) fb
  sig_HHZ  = (  0.61351663680673940            +-    3.5505346118656824E-004 ) fb

  pp ---> HHZ + X
  ===============

  PDFSET = PDF4LHC21_40                                NSET =  29
  Sqrt(S)  = 13.6 TeV
  LOOP     = 3
  alphaS(MZ) =   0.11800
          kl =   2.00000
          kv =   1.00000
         k2v =   1.00000
         kth =   1.00000
         kbh =   1.00000
 --------------

  mH       = 125.0000      GeV
  fact_scale 1.0
  ren_scale  1.0
  Kqq      =   0.25798948624298790            +-    2.3728652696725579E-004
  Kgq      =   -8.0448622821931187E-002       +-    1.3861104322267380E-004
  K_nlo    =    1.1775408634210567            +-    2.7480523500009993E-004
  Kqq2     =    5.7921394276602138E-002       +-    2.0587351718542518E-004
  Kgq2     =   -4.1887927711531693E-002       +-    1.5426445788973032E-004
  Kqqs     =    2.0504187610527534E-003       +-    3.5799669719690863E-006
  Kgg      =    1.7155137121294048E-003       +-    2.8300372519644967E-006
  Kgghhz   =   0.11428045742296483            +-    3.1841583934219216E-004
  K_nnlo   =    1.1973402624593095            +-    3.7645739533729178E-004
  K_nnlo2  =    1.3116207198822742            +-    4.9306066284802194E-004
  sig_LO   = (  0.46814543660231012            +-    2.7011524670478477E-004 ) fb
  sig_NLO  = (  0.55126038162331181            +-    2.9918683885788062E-004 ) fb
  sig_NNLO = (  0.56052937993053797            +-    3.2252389105521243E-004 ) fb
  sig_HHZ  = (  0.61402925456592361            +-    3.5530551826702618E-004 ) fb

  pp ---> HHZ + X
  ===============

  PDFSET = PDF4LHC21_40                                NSET =  30
  Sqrt(S)  = 13.6 TeV
  LOOP     = 3
  alphaS(MZ) =   0.11800
          kl =   2.00000
          kv =   1.00000
         k2v =   1.00000
         kth =   1.00000
         kbh =   1.00000
 --------------

  mH       = 125.0000      GeV
  fact_scale 1.0
  ren_scale  1.0
  Kqq      =   0.25793930534050979            +-    2.3719060263253992E-004
  Kgq      =   -8.0521894787330878E-002       +-    1.3867384798241689E-004
  K_nlo    =    1.1774174105531787            +-    2.7475410477632162E-004
  Kqq2     =    5.7899919398570851E-002       +-    2.0580055937039304E-004
  Kgq2     =   -4.1923852183684170E-002       +-    1.5429091543152601E-004
  Kqqs     =    2.0442336671141598E-003       +-    3.5703340292804200E-006
  Kgg      =    1.7215075262328732E-003       +-    2.8344164959020085E-006
  Kgghhz   =   0.11458808190429663            +-    3.1966042146850472E-004
  K_nnlo   =    1.1971592189614124            +-    3.7639096178741565E-004
  K_nnlo2  =    1.3117473008657090            +-    4.9381468302256654E-004
  sig_LO   = (  0.46726132931670988            +-    2.6949381224144602E-004 ) fb
  sig_NLO  = (  0.55016162441571670            +-    2.9851104603315521E-004 ) fb
  sig_NNLO = (  0.55938620805566386            +-    3.2180460883015472E-004 ) fb
  sig_HHZ  = (  0.61292878753011748            +-    3.5477893904236208E-004 ) fb

  pp ---> HHZ + X
  ===============

  PDFSET = PDF4LHC21_40                                NSET =  31
  Sqrt(S)  = 13.6 TeV
  LOOP     = 3
  alphaS(MZ) =   0.11800
          kl =   2.00000
          kv =   1.00000
         k2v =   1.00000
         kth =   1.00000
         kbh =   1.00000
 --------------

  mH       = 125.0000      GeV
  fact_scale 1.0
  ren_scale  1.0
  Kqq      =   0.25790146809566633            +-    2.3797447444800842E-004
  Kgq      =   -8.0422745716275154E-002       +-    1.3880734076587837E-004
  K_nlo    =    1.1774787223793912            +-    2.7549832728947829E-004
  Kqq2     =    5.7886997625519902E-002       +-    2.0634559302274083E-004
  Kgq2     =   -4.1874825954866621E-002       +-    1.5447371320405801E-004
  Kqqs     =    2.0433480908567292E-003       +-    3.5777970858372181E-006
  Kgg      =    1.7198607932815734E-003       +-    2.8374180109598247E-006
  Kgghhz   =   0.11453694241869188            +-    3.1997965520711184E-004
  K_nnlo   =    1.1972541029341828            +-    3.7730731737300430E-004
  K_nnlo2  =    1.3117910453528747            +-    4.9471991216209924E-004
  sig_LO   = (  0.46579746881387646            +-    2.7002305893598574E-004 ) fb
  sig_NLO  = (  0.54846660846651751            +-    2.9896508714064696E-004 ) fb
  sig_NNLO = (  0.55767793067377058            +-    3.2218021469009148E-004 ) fb
  sig_HHZ  = (  0.61102894853807799            +-    3.5498551440976098E-004 ) fb

  pp ---> HHZ + X
  ===============

  PDFSET = PDF4LHC21_40                                NSET =  32
  Sqrt(S)  = 13.6 TeV
  LOOP     = 3
  alphaS(MZ) =   0.11800
          kl =   2.00000
          kv =   1.00000
         k2v =   1.00000
         kth =   1.00000
         kbh =   1.00000
 --------------

  mH       = 125.0000      GeV
  fact_scale 1.0
  ren_scale  1.0
  Kqq      =   0.25788128139184185            +-    2.3725517640979063E-004
  Kgq      =   -8.0490044003951836E-002       +-    1.3884207271262143E-004
  K_nlo    =    1.1773912373878901            +-    2.7489477966738060E-004
  Kqq2     =    5.7877837786408488E-002       +-    2.0586672991319930E-004
  Kgq2     =   -4.1904693571150550E-002       +-    1.5452601766810221E-004
  Kqqs     =    2.0472836677636521E-003       +-    3.5786125373188414E-006
  Kgg      =    1.7205226297542483E-003       +-    2.8405397936992646E-006
  Kgghhz   =   0.11463369579481233            +-    3.1970724159843968E-004
  K_nnlo   =    1.1971321879006660            +-    3.7662636079263803E-004
  K_nnlo2  =    1.3117658836954784            +-    4.9402442851987532E-004
  sig_LO   = (  0.46761296704491501            +-    2.7000090432903728E-004 ) fb
  sig_NLO  = (  0.55056340988763508            +-    2.9903869605419893E-004 ) fb
  sig_NNLO = (  0.55979453432920101            +-    3.2236177177508130E-004 ) fb
  sig_HHZ  = (  0.61339873694313740            +-    3.5534087606068818E-004 ) fb

  pp ---> HHZ + X
  ===============

  PDFSET = PDF4LHC21_40                                NSET =  33
  Sqrt(S)  = 13.6 TeV
  LOOP     = 3
  alphaS(MZ) =   0.11800
          kl =   2.00000
          kv =   1.00000
         k2v =   1.00000
         kth =   1.00000
         kbh =   1.00000
 --------------

  mH       = 125.0000      GeV
  fact_scale 1.0
  ren_scale  1.0
  Kqq      =   0.25787557373908004            +-    2.3715432093023868E-004
  Kgq      =   -8.0438120678206437E-002       +-    1.3865676902476959E-004
  K_nlo    =    1.1774374530608736            +-    2.7471416332666752E-004
  Kqq2     =    5.7876122312860413E-002       +-    2.0579628521071044E-004
  Kgq2     =   -4.1880900463203807E-002       +-    1.5429892008438502E-004
  Kqqs     =    2.0449483358596808E-003       +-    3.5722439614931451E-006
  Kgg      =    1.7204586974111766E-003       +-    2.8410183994675562E-006
  Kgghhz   =   0.11462105036171069            +-    3.1982866489093547E-004
  K_nnlo   =    1.1971980819438011            +-    3.7636281908614856E-004
  K_nnlo2  =    1.3118191323055117            +-    4.9390216285858811E-004
  sig_LO   = (  0.46685430576903575            +-    2.6925650920470287E-004 ) fb
  sig_NLO  = (  0.54969174473519578            +-    2.9824069547523477E-004 ) fb
  sig_NNLO = (  0.55891707941389446            +-    3.2151497314118462E-004 ) fb
  sig_HHZ  = (  0.61242841030702855            +-    3.5449452207618270E-004 ) fb

  pp ---> HHZ + X
  ===============

  PDFSET = PDF4LHC21_40                                NSET =  34
  Sqrt(S)  = 13.6 TeV
  LOOP     = 3
  alphaS(MZ) =   0.11800
          kl =   2.00000
          kv =   1.00000
         k2v =   1.00000
         kth =   1.00000
         kbh =   1.00000
 --------------

  mH       = 125.0000      GeV
  fact_scale 1.0
  ren_scale  1.0
  Kqq      =   0.25778471977744410            +-    2.3581268775108380E-004
  Kgq      =   -8.0501124836605570E-002       +-    1.3857216570800743E-004
  K_nlo    =    1.1772835949408385            +-    2.7351392800623080E-004
  Kqq2     =    5.7837525468783783E-002       +-    2.0507088470812096E-004
  Kgq2     =   -4.1911888781753011E-002       +-    1.5421979754566716E-004
  Kqqs     =    2.0462653770481525E-003       +-    3.5659307113805920E-006
  Kgg      =    1.7256828015273448E-003       +-    2.8509255785634772E-006
  Kgghhz   =   0.11504695986591475            +-    3.2001977329280089E-004
  K_nnlo   =    1.1969811798064445            +-    3.7505803039248269E-004
  K_nnlo2  =    1.3120281396723592            +-    4.9303263731751486E-004
  sig_LO   = (  0.46855690510517806            +-    2.6849500838623978E-004 ) fb
  sig_NLO  = (  0.55162435767657736            +-    2.9751259648473492E-004 ) fb
  sig_NNLO = (  0.56085379707925243            +-    3.2089362996616706E-004 ) fb
  sig_HHZ  = (  0.61475984453578503            +-    3.5419904979509370E-004 ) fb

  pp ---> HHZ + X
  ===============

  PDFSET = PDF4LHC21_40                                NSET =  35
  Sqrt(S)  = 13.6 TeV
  LOOP     = 3
  alphaS(MZ) =   0.11800
          kl =   2.00000
          kv =   1.00000
         k2v =   1.00000
         kth =   1.00000
         kbh =   1.00000
 --------------

  mH       = 125.0000      GeV
  fact_scale 1.0
  ren_scale  1.0
  Kqq      =   0.25785483034568324            +-    2.3735726262896572E-004
  Kgq      =   -8.0445622110520962E-002       +-    1.3871131964458483E-004
  K_nlo    =    1.1774092082351624            +-    2.7491689711667050E-004
  Kqq2     =    5.7868947860033743E-002       +-    2.0592758266065693E-004
  Kgq2     =   -4.1883401409913375E-002       +-    1.5436703035297413E-004
  Kqqs     =    2.0436572260523630E-003       +-    3.5720661034699805E-006
  Kgg      =    1.7228701310183750E-003       +-    2.8438969934147082E-006
  Kgghhz   =   0.11479594393242312            +-    3.1997538571264386E-004
  K_nnlo   =    1.1971612820423534            +-    3.7661053767396420E-004
  K_nnlo2  =    1.3119572259747765            +-    4.9418594127011303E-004
  sig_LO   = (  0.46714402232435071            +-    2.6974118638856609E-004 ) fb
  sig_NLO  = (  0.55001967345670266            +-    2.9875322578849225E-004 ) fb
  sig_NNLO = (  0.55924673666424141            +-    3.2204371064339498E-004 ) fb
  sig_HHZ  = (  0.61287297565935417            +-    3.5504197532115826E-004 ) fb

  pp ---> HHZ + X
  ===============

  PDFSET = PDF4LHC21_40                                NSET =  36
  Sqrt(S)  = 13.6 TeV
  LOOP     = 3
  alphaS(MZ) =   0.11800
          kl =   2.00000
          kv =   1.00000
         k2v =   1.00000
         kth =   1.00000
         kbh =   1.00000
 --------------

  mH       = 125.0000      GeV
  fact_scale 1.0
  ren_scale  1.0
  Kqq      =   0.25786569465936393            +-    2.3723711894985282E-004
  Kgq      =   -8.0627263293855111E-002       +-    1.3906440705185099E-004
  K_nlo    =    1.1772384313655089            +-    2.7499156335478647E-004
  Kqq2     =    5.7870756607947479E-002       +-    2.0587786442242544E-004
  Kgq2     =   -4.1976127475444935E-002       +-    1.5471252888006823E-004
  Kqqs     =    2.0429953659492255E-003       +-    3.5701528066632093E-006
  Kgg      =    1.7325761757894229E-003       +-    2.8635605553147186E-006
  Kgghhz   =   0.11544632444104905            +-    3.2257457593874337E-004
  K_nnlo   =    1.1969086320397502            +-    3.7677973344917443E-004
  K_nnlo2  =    1.3123549564807993            +-    4.9600133526039121E-004
  sig_LO   = (  0.46652130112996260            +-    2.6928830116086931E-004 ) fb
  sig_NLO  = (  0.54920680474083339            +-    2.9828571022224600E-004 ) fb
  sig_NNLO = (  0.55838337235286795            +-    3.2157940074629640E-004 ) fb
  sig_HHZ  = (  0.61224154184177793            +-    3.5504918293792606E-004 ) fb

  pp ---> HHZ + X
  ===============

  PDFSET = PDF4LHC21_40                                NSET =  37
  Sqrt(S)  = 13.6 TeV
  LOOP     = 3
  alphaS(MZ) =   0.11800
          kl =   2.00000
          kv =   1.00000
         k2v =   1.00000
         kth =   1.00000
         kbh =   1.00000
 --------------

  mH       = 125.0000      GeV
  fact_scale 1.0
  ren_scale  1.0
  Kqq      =   0.25770704787753812            +-    2.3698593700032978E-004
  Kgq      =   -8.0298571362760501E-002       +-    1.3841982209804204E-004
  K_nlo    =    1.1774084765147776            +-    2.7444923298413113E-004
  Kqq2     =    5.7810628225697894E-002       +-    2.0577575960495690E-004
  Kgq2     =   -4.1806615865596058E-002       +-    1.5402964794666702E-004
  Kqqs     =    2.0411763158011439E-003       +-    3.5656855652189920E-006
  Kgg      =    1.7179146631660178E-003       +-    2.8356421172477925E-006
  Kgghhz   =   0.11445476648715383            +-    3.1916734084573291E-004
  K_nnlo   =    1.1971715798538467            +-    3.7604777908254719E-004
  K_nnlo2  =    1.3116263463410005            +-    4.9323394410305185E-004
  sig_LO   = (  0.46814831597846096            +-    2.6993759811407903E-004 ) fb
  sig_NLO  = (  0.55120179549915838            +-    2.9895513768942941E-004 ) fb
  sig_NNLO = (  0.56045385904585177            +-    3.2227092383540844E-004 ) fb
  sig_HHZ  = (  0.61403566523252084            +-    3.5522413124290702E-004 ) fb

  pp ---> HHZ + X
  ===============

  PDFSET = PDF4LHC21_40                                NSET =  38
  Sqrt(S)  = 13.6 TeV
  LOOP     = 3
  alphaS(MZ) =   0.11800
          kl =   2.00000
          kv =   1.00000
         k2v =   1.00000
         kth =   1.00000
         kbh =   1.00000
 --------------

  mH       = 125.0000      GeV
  fact_scale 1.0
  ren_scale  1.0
  Kqq      =   0.25774196898659940            +-    2.3713577188918880E-004
  Kgq      =   -8.0322029785541246E-002       +-    1.3846175536388349E-004
  K_nlo    =    1.1774199392010583            +-    2.7459976694806082E-004
  Kqq2     =    5.7824163185283058E-002       +-    2.0582917728887866E-004
  Kgq2     =   -4.1817543329758892E-002       +-    1.5406325575768342E-004
  Kqqs     =    2.0428526838952290E-003       +-    3.5684465809886424E-006
  Kgg      =    1.7165502409487127E-003       +-    2.8327130218943157E-006
  Kgghhz   =   0.11435490443485999            +-    3.1890533449263685E-004
  K_nnlo   =    1.1971859619814262            +-    3.7620064736795594E-004
  K_nnlo2  =    1.3115408664162862            +-    4.9318104124948851E-004
  sig_LO   = (  0.46847073522533805            +-    2.7027847488125302E-004 ) fb
  sig_NLO  = (  0.55158678458649257            +-    2.9933126548524355E-004 ) fb
  sig_NNLO = (  0.56084658781089236            +-    3.2266179963327384E-004 ) fb
  sig_HHZ  = (  0.61441851396811453            +-    3.5557044945080078E-004 ) fb

  pp ---> HHZ + X
  ===============

  PDFSET = PDF4LHC21_40                                NSET =  39
  Sqrt(S)  = 13.6 TeV
  LOOP     = 3
  alphaS(MZ) =   0.11800
          kl =   2.00000
          kv =   1.00000
         k2v =   1.00000
         kth =   1.00000
         kbh =   1.00000
 --------------

  mH       = 125.0000      GeV
  fact_scale 1.0
  ren_scale  1.0
  Kqq      =   0.25774777739429366            +-    2.3725432738529731E-004
  Kgq      =   -8.0518513932250152E-002       +-    1.3894644316533785E-004
  K_nlo    =    1.1772292634620434            +-    2.7494677654293079E-004
  Kqq2     =    5.7820259524167902E-002       +-    2.0585252941030552E-004
  Kgq2     =   -4.1911977887001461E-002       +-    1.5463236183521083E-004
  Kqqs     =    2.0405493280239622E-003       +-    3.5690079110097536E-006
  Kgg      =    1.7283075915470580E-003       +-    2.8552651304760392E-006
  Kgghhz   =   0.11519906605519109            +-    3.2090599593020714E-004
  K_nnlo   =    1.1969064020187810            +-    3.7670021433381046E-004
  K_nnlo2  =    1.3121054680739721            +-    4.9485726194842977E-004
  sig_LO   = (  0.46676779211297476            +-    2.6946155009689927E-004 ) fb
  sig_NLO  = (  0.54949270411696149            +-    2.9846228042433950E-004 ) fb
  sig_NNLO = (  0.55867735863619095            +-    3.2175495798030272E-004 ) fb
  sig_HHZ  = (  0.61244857235224925            +-    3.5491248589028073E-004 ) fb

  pp ---> HHZ + X
  ===============

  PDFSET = PDF4LHC21_40                                NSET =  40
  Sqrt(S)  = 13.6 TeV
  LOOP     = 3
  alphaS(MZ) =   0.11800
          kl =   2.00000
          kv =   1.00000
         k2v =   1.00000
         kth =   1.00000
         kbh =   1.00000
 --------------

  mH       = 125.0000      GeV
  fact_scale 1.0
  ren_scale  1.0
  Kqq      =   0.25786996403004098            +-    2.3712254205995301E-004
  Kgq      =   -8.0448750442183650E-002       +-    1.3866168026883456E-004
  K_nlo    =    1.1774212135878575            +-    2.7468920897616395E-004
  Kqq2     =    5.7874252970546332E-002       +-    2.0586766450670727E-004
  Kgq2     =   -4.1887222838967023E-002       +-    1.5430320799736082E-004
  Kqqs     =    2.0451397336737785E-003       +-    3.5712181807880469E-006
  Kgg      =    1.7214584822371009E-003       +-    2.8412404975295479E-006
  Kgghhz   =   0.11468733688558831            +-    3.1987773680536378E-004
  K_nnlo   =    1.1971748419353476            +-    3.7638539166993880E-004
  K_nnlo2  =    1.3118621788209359            +-    4.9395114086947392E-004
  sig_LO   = (  0.46709493325910861            +-    2.6954703510643672E-004 ) fb
  sig_NLO  = (  0.54996748317867894            +-    2.9852641054419209E-004 ) fb
  sig_NNLO = (  0.55919430289327521            +-    3.2181354045435857E-004 ) fb
  sig_HHZ  = (  0.61276417686151397            +-    3.5480738451865558E-004 ) fb

  pp ---> HHZ + X
  ===============

  PDFSET = PDF4LHC21_40                                NSET =  41
  Sqrt(S)  = 13.6 TeV
  LOOP     = 3
  alphaS(MZ) =   0.11700
          kl =   2.00000
          kv =   1.00000
         k2v =   1.00000
         kth =   1.00000
         kbh =   1.00000
 --------------

  mH       = 125.0000      GeV
  fact_scale 1.0
  ren_scale  1.0
  Kqq      =   0.25587558774648772            +-    2.3551754490172886E-004
  Kgq      =   -7.8950960834587858E-002       +-    1.3612695710009300E-004
  K_nlo    =    1.1769246269118998            +-    2.7202768683696229E-004
  Kqq2     =    5.6997022074317019E-002       +-    2.0310944819151782E-004
  Kgq2     =   -4.0833894383274519E-002       +-    1.5048771945996612E-004
  Kqqs     =    2.0117141048776135E-003       +-    3.5163293762508873E-006
  Kgg      =    1.6606051993548780E-003       +-    2.7390551554390174E-006
  Kgghhz   =   0.11035159375456384            +-    3.0802460960426968E-004
  K_nnlo   =    1.1967600739071749            +-    3.7137438125726924E-004
  K_nnlo2  =    1.3071116676617387            +-    4.8249154518611239E-004
  sig_LO   = (  0.46875343354303173            +-    2.7054257269781731E-004 ) fb
  sig_NLO  = (  0.55168745988630463            +-    2.9908708004947385E-004 ) fb
  sig_NNLO = (  0.56098539377120060            +-    3.2171133057676260E-004 ) fb
  sig_HHZ  = (  0.61271308224059817            +-    3.5262722149601939E-004 ) fb

  pp ---> HHZ + X
  ===============

  PDFSET = PDF4LHC21_40                                NSET =  42
  Sqrt(S)  = 13.6 TeV
  LOOP     = 3
  alphaS(MZ) =   0.11900
          kl =   2.00000
          kv =   1.00000
         k2v =   1.00000
         kth =   1.00000
         kbh =   1.00000
 --------------

  mH       = 125.0000      GeV
  fact_scale 1.0
  ren_scale  1.0
  Kqq      =   0.25964364528401551            +-    2.3868776258272460E-004
  Kgq      =   -7.9600288058510743E-002       +-    1.3731880036095662E-004
  K_nlo    =    1.1800433572255049            +-    2.7536938998247310E-004
  Kqq2     =    5.8668922812899066E-002       +-    2.0853466892577314E-004
  Kgq2     =   -4.1723569304266524E-002       +-    1.5379847944793000E-004
  Kqqs     =    2.0740077407750911E-003       +-    3.6218742929034287E-006
  Kgg      =    1.6918368484609705E-003       +-    2.8014664047350318E-006
  Kgghhz   =   0.11254874822392262            +-    3.1314975683646555E-004
  K_nnlo   =    1.2007545553233736            +-    3.7814011629448544E-004
  K_nnlo2  =    1.3133033035472963            +-    4.9097119850144411E-004
  sig_LO   = (  0.46951286522330093            +-    2.7080365441635858E-004 ) fb
  sig_NLO  = (  0.55404553773867005            +-    3.0008396596707606E-004 ) fb
  sig_NNLO = (  0.56376971169980772            +-    3.2381423152368083E-004 ) fb
  sig_HHZ  = (  0.61661279695571758            +-    3.5563020421181473E-004 ) fb

