  pp ---> HHZ + X
  ===============

  PDFSET = PDF4LHC21_40                                NSET =   0
  Sqrt(S)  = 13.6 TeV
  LOOP     = 3
  alphaS(MZ) =   0.11800
          kl =  -1.70000
          kv =   1.20000
         k2v =   1.60000
         kth =   0.00000
         kbh =   1.00000
 --------------

  mH       = 125.0000      GeV
  fact_scale 0.5
  ren_scale  0.5
  Kqq      =   0.20492581051225775            +-    2.5230530685626043E-004
  Kgq      =   -2.7542940129252010E-002       +-    1.5116130192478151E-004
  K_nlo    =    1.1773828703830058            +-    2.9412192551291836E-004
  Kqq2     =    2.4596190451286484E-002       +-    2.0571012091237357E-004
  Kgq2     =   -1.8253275859157720E-002       +-    1.3414869688563330E-004
  Kqqs     =    1.2449430552221447E-003       +-    3.6590379328589600E-006
  Kgg      =    4.2609394156727071E-004       +-    2.3915329627050611E-006
  Kgghhz   =   0.23826475042537104            +-    7.6234469163402347E-004
  K_nnlo   =    1.1853968219719240            +-    3.8319621837621179E-004
  K_nnlo2  =    1.4236615723972950            +-    8.5323429996713308E-004
  sig_LO   = (  0.22441055706649060            +-    1.4813224467898740E-004 ) fb
  sig_NLO  = (  0.26421714582319400            +-    1.6217181792758400E-004 ) fb
  sig_NNLO = (  0.26601556116356700            +-    1.7128340717614140E-004 ) fb
  sig_HHZ  = (  0.31948468653583290            +-    2.4208625536657912E-004 ) fb

  mH       = 125.0000      GeV
  fact_scale 1.0
  ren_scale  0.5
  Kqq      =   0.28184770642139878            +-    3.0511448138088746E-004
  Kgq      =   -7.9046203995122188E-002       +-    1.4802381538631129E-004
  K_nlo    =    1.2028015024262766            +-    3.3912519321019000E-004
  Kqq2     =    4.4967038536275358E-002       +-    3.1796906266438332E-004
  Kgq2     =   -3.7645923615669478E-002       +-    1.7503549763286537E-004
  Kqqs     =    2.2520336036561811E-003       +-    4.1565107966120742E-006
  Kgg      =    1.5904010948247500E-003       +-    2.8319785222477541E-006
  Kgghhz   =   0.22299581492769013            +-    7.1154272659480311E-004
  K_nnlo   =    1.2139650520453633            +-    4.9676246194479393E-004
  K_nnlo2  =    1.4369608669730534            +-    8.6779375162962524E-004
  sig_LO   = (  0.21935774884636244            +-    1.4449287001887869E-004 ) fb
  sig_NLO  = (  0.26384382988125060            +-    1.6251776133328061E-004 ) fb
  sig_NNLO = (  0.26629264099482813            +-    1.8097614775305267E-004 ) fb
  sig_HHZ  = (  0.31520850095952629            +-    2.3898553301356592E-004 ) fb

  mH       = 125.0000      GeV
  fact_scale 0.5
  ren_scale  1.0
  Kqq      =   0.18872086207348765            +-    2.3244570109881883E-004
  Kgq      =   -2.5367309918019682E-002       +-    1.3907238474011256E-004
  K_nlo    =    1.1633535521554681            +-    2.7087290775679895E-004
  Kqq2     =    3.5120549259677031E-002       +-    1.5135407756311945E-004
  Kgq2     =   -1.7414462493979307E-002       +-    1.1304144208574155E-004
  Kqqs     =    1.0534130567383571E-003       +-    3.0909418767877023E-006
  Kgg      =    3.6048630248050752E-004       +-    2.0205422197450340E-006
  Kgghhz   =   0.20231688005081649            +-    6.4844729292062669E-004
  K_nnlo   =    1.1824735382803846            +-    3.3026079557370660E-004
  K_nnlo2  =    1.3847904183312010            +-    7.2770604284220879E-004
  sig_LO   = (  0.22441055706649060            +-    1.4813224467898740E-004 ) fb
  sig_NLO  = (  0.26106881870448923            +-    1.6011929830138773E-004 ) fb
  sig_NNLO = (  0.26535954544188534            +-    1.6563830553430821E-004 ) fb
  sig_HHZ  = (  0.31076158919804342            +-    2.2048051683808172E-004 ) fb

  mH       = 125.0000      GeV
  fact_scale 1.0
  ren_scale  1.0
  Kqq      =   0.25956412890859187            +-    2.8102992726366193E-004
  Kgq      =   -7.2747480587593019E-002       +-    1.3615642880087533E-004
  K_nlo    =    1.1868166483209990            +-    3.1227614881964162E-004
  Kqq2     =    5.7741625450874065E-002       +-    2.3047102962216764E-004
  Kgq2     =   -3.7359275879170338E-002       +-    1.3328592089090422E-004
  Kqqs     =    1.9084207201460505E-003       +-    3.5188405124826818E-006
  Kgg      =    1.3447369944880306E-003       +-    2.3925381471816212E-006
  Kgghhz   =   0.18932318492924363            +-    6.0464505152943806E-004
  K_nnlo   =    1.2104521556073369            +-    4.1038583284733822E-004
  K_nnlo2  =    1.3997753405365805            +-    7.3076136333336634E-004
  sig_LO   = (  0.21935774884636244            +-    1.4449287001887869E-004 ) fb
  sig_NLO  = (  0.26033742826907935            +-    1.5990767939829444E-004 ) fb
  sig_NNLO = (  0.26552205994025219            +-    1.7024108253251585E-004 ) fb
  sig_HHZ  = (  0.30705156759075464            +-    2.1580938817326501E-004 ) fb

  mH       = 125.0000      GeV
  fact_scale 1.5
  ren_scale  1.0
  Kqq      =   0.30194006013621277            +-    3.2903563030920900E-004
  Kgq      =   -9.9484145736888088E-002       +-    1.4253414487157192E-004
  K_nlo    =    1.2024559143993248            +-    3.5858113233583371E-004
  Kqq2     =    7.0953559223659909E-002       +-    3.0036021112520928E-004
  Kgq2     =   -5.1365160922517583E-002       +-    1.5801273745260380E-004
  Kqqs     =    3.3229935861205187E-003       +-    4.3263757737440726E-006
  Kgg      =    2.2093959894417974E-003       +-    2.9785441882505699E-006
  Kgghhz   =   0.18252220682173034            +-    5.8242825130314091E-004
  K_nnlo   =    1.2275767022760293            +-    4.9375327780634682E-004
  K_nnlo2  =    1.4100989090977596            +-    7.6355416786273007E-004
  sig_LO   = (  0.21635246922928986            +-    1.4238548566877148E-004 ) fb
  sig_NLO  = (  0.26015430621965752            +-    1.6214891147419623E-004 ) fb
  sig_NNLO = (  0.26558925070576772            +-    1.7800323532285594E-004 ) fb
  sig_HHZ  = (  0.30507838084082822            +-    2.1809085043044332E-004 ) fb

  mH       = 125.0000      GeV
  fact_scale 2.0
  ren_scale  1.0
  Kqq      =   0.33243200901158099            +-    3.6721087873491386E-004
  Kgq      =  -0.11779692693964693            +-    1.5455431717262245E-004
  K_nlo    =    1.2146350820719343            +-    3.9841042458495387E-004
  Kqq2     =    8.0312914402436805E-002       +-    3.6085568187019338E-004
  Kgq2     =   -6.2294094020595707E-002       +-    1.8321393703532663E-004
  Kqqs     =    4.7157976711696232E-003       +-    5.4984487119875429E-006
  Kgg      =    2.9331692761371680E-003       +-    3.4053791510768919E-006
  Kgghhz   =   0.17801483881013003            +-    5.6767167168433701E-004
  K_nnlo   =    1.2403028694010823            +-    5.6794089994061092E-004
  K_nnlo2  =    1.4183177082112124            +-    8.0299937276329223E-004
  sig_LO   = (  0.21421261948062839            +-    1.4091256222515826E-004 ) fb
  sig_NLO  = (  0.26019016264369704            +-    1.6474234676161105E-004 ) fb
  sig_NNLO = (  0.26568852660374553            +-    1.8616533523673279E-004 ) fb
  sig_HHZ  = (  0.30382155153168533            +-    2.2236160737734072E-004 ) fb

  mH       = 125.0000      GeV
  fact_scale 1.0
  ren_scale  1.5
  Kqq      =   0.24811897998396831            +-    2.6865249815755755E-004
  Kgq      =   -6.9515732189405099E-002       +-    1.3007349949124914E-004
  K_nlo    =    1.1786032477945632            +-    2.9848497455683840E-004
  Kqq2     =    6.3293559464952132E-002       +-    2.1010436153951181E-004
  Kgq2     =   -3.7099373441064024E-002       +-    1.1927647035035829E-004
  Kqqs     =    1.7431099640079508E-003       +-    3.2123566985907832E-006
  Kgg      =    1.2268422823745330E-003       +-    2.1818324495418917E-006
  Kgghhz   =   0.17308798410523463            +-    5.5308930597793948E-004
  K_nnlo   =    1.2077673860648337            +-    3.8403004932135076E-004
  K_nnlo2  =    1.3808553701700683            +-    6.7334007690684648E-004
  sig_LO   = (  0.21935774884636244            +-    1.4449287001887869E-004 ) fb
  sig_NLO  = (  0.25853575521922689            +-    1.5863531786646523E-004 ) fb
  sig_NNLO = (  0.26493313493723747            +-    1.6725597611066663E-004 ) fb
  sig_HHZ  = (  0.30290132548291671            +-    2.0662569458655195E-004 ) fb

  mH       = 125.0000      GeV
  fact_scale 1.5
  ren_scale  1.5
  Kqq      =   0.28862342089092030            +-    3.1453918538251486E-004
  Kgq      =   -9.5057996595799443E-002       +-    1.3621314499174305E-004
  K_nlo    =    1.1935654242951208            +-    3.4276656781202813E-004
  Kqq2     =    7.7089437413826581E-002       +-    2.6015389345012443E-004
  Kgq2     =   -5.0997793458472510E-002       +-    1.4920691324716147E-004
  Kqqs     =    3.0350609145378240E-003       +-    3.9519058080090151E-006
  Kgg      =    2.0154773770465978E-003       +-    2.7177362156879839E-006
  Kgghhz   =   0.16686184294890991            +-    5.3272554279434913E-004
  K_nnlo   =    1.2247076065420595            +-    4.5547192547652792E-004
  K_nnlo2  =    1.3915694494909694            +-    7.0089312940192934E-004
  sig_LO   = (  0.21635246922928986            +-    1.4238548566877148E-004 ) fb
  sig_NLO  = (  0.25823082673295444            +-    1.6054000693986121E-004 ) fb
  sig_NNLO = (  0.26496851475926814            +-    1.7315959706117742E-004 ) fb
  sig_HHZ  = (  0.30106948650141474            +-    2.0801034531708819E-004 ) fb

  mH       = 125.0000      GeV
  fact_scale 2.0
  ren_scale  1.5
  Kqq      =   0.31776901094170834            +-    3.5101573169708501E-004
  Kgq      =  -0.11255305302922514            +-    1.4769048151063154E-004
  K_nlo    =    1.2052159579124833            +-    3.8082085319436247E-004
  Kqq2     =    8.6873607147287701E-002       +-    3.0452219971911218E-004
  Kgq2     =   -6.1749210812875488E-002       +-    1.7598695992937283E-004
  Kqqs     =    4.3068006490934686E-003       +-    5.0208572288419812E-006
  Kgg      =    2.6755538681275167E-003       +-    3.1065574987727315E-006
  Kgghhz   =   0.16273637706019287            +-    5.1919792820475188E-004
  K_nnlo   =    1.2373227087641165            +-    5.1842507860002025E-004
  K_nnlo2  =    1.4000590858243094            +-    7.3371046794600383E-004
  sig_LO   = (  0.21421261948062839            +-    1.4091256222515826E-004 ) fb
  sig_NLO  = (  0.25817246738428778            +-    1.6282228706613336E-004 ) fb
  sig_NNLO = (  0.26505013858722803            +-    1.7941338331003238E-004 ) fb
  sig_HHZ  = (  0.29991032420207919            +-    2.1108948829471358E-004 ) fb

  mH       = 125.0000      GeV
  fact_scale 1.0
  ren_scale  2.0
  Kqq      =   0.24060289561625692            +-    2.6052494392688174E-004
  Kgq      =   -6.7394643696142648E-002       +-    1.2608322373062022E-004
  K_nlo    =    1.1732082519201144            +-    2.8943086517234216E-004
  Kqq2     =    6.6490347795694626E-002       +-    2.1200770689348332E-004
  Kgq2     =   -3.6867410606794063E-002       +-    1.1357808039450749E-004
  Kqqs     =    1.6386648475982867E-003       +-    3.0188440611119204E-006
  Kgg      =    1.1524603563774429E-003       +-    2.0489677960870969E-006
  Kgghhz   =   0.16281778870238284            +-    5.2047190745181258E-004
  K_nnlo   =    1.2056223143129907            +-    3.7633865803454150E-004
  K_nnlo2  =    1.3684401030153737            +-    6.4227859374088418E-004
  sig_LO   = (  0.21935774884636244            +-    1.4449287001887869E-004 ) fb
  sig_NLO  = (  0.25735232106917233            +-    1.5782594936940668E-004 ) fb
  sig_NNLO = (  0.26446259682663914            +-    1.6641260292184223E-004 ) fb
  sig_HHZ  = (  0.30017794042853652            +-    2.0181139619732504E-004 ) fb

  mH       = 125.0000      GeV
  fact_scale 1.5
  ren_scale  2.0
  Kqq      =   0.27987846894099044            +-    3.0502048254903071E-004
  Kgq      =   -9.2153328926936687E-002       +-    1.3206467578370890E-004
  K_nlo    =    1.1877251400140538            +-    3.3238317250471587E-004
  Kqq2     =    8.0654536966252438E-002       +-    2.5868916772280639E-004
  Kgq2     =   -5.0675869512978783E-002       +-    1.4573952079131579E-004
  Kqqs     =    2.8531476632528189E-003       +-    3.7153180059658088E-006
  Kgg      =    1.8931469335757825E-003       +-    2.5531773250118870E-006
  Kgghhz   =   0.15695637772000307            +-    5.0123355733728712E-004
  K_nnlo   =    1.2224501020641558            +-    4.4571177804074099E-004
  K_nnlo2  =    1.3794064797841590            +-    6.7074143161521653E-004
  sig_LO   = (  0.21635246922928986            +-    1.4238548566877148E-004 ) fb
  sig_NLO  = (  0.25696726680774457            +-    1.5951473531257071E-004 ) fb
  sig_NNLO = (  0.26448009809117756            +-    1.7196666582292095E-004 ) fb
  sig_HHZ  = (  0.29843799797218534            +-    2.0330382178005671E-004 ) fb

  mH       = 125.0000      GeV
  fact_scale 2.0
  ren_scale  2.0
  Kqq      =   0.30813995961812579            +-    3.4038181982602543E-004
  Kgq      =  -0.10911191767596516            +-    1.4318586634698999E-004
  K_nlo    =    1.1990280419421606            +-    3.6927222423249615E-004
  Kqq2     =    9.0716957440445445E-002       +-    2.9487358107202109E-004
  Kgq2     =   -6.1299630680848899E-002       +-    1.7292283172397346E-004
  Kqqs     =    4.0484280555583918E-003       +-    4.7192553742335024E-006
  Kgg      =    2.5130543206851033E-003       +-    2.9180628971271816E-006
  Kgghhz   =   0.15307218767064576            +-    4.8853514361340623E-004
  K_nnlo   =    1.2350068510780006            +-    5.0323503117097193E-004
  K_nnlo2  =    1.3880790387486464            +-    7.0136444388279380E-004
  sig_LO   = (  0.21421261948062839            +-    1.4091256222515826E-004 ) fb
  sig_NLO  = (  0.25684693769515898            +-    1.6159702499242293E-004 ) fb
  sig_NNLO = (  0.26455405264594084            +-    1.7741769368311404E-004 ) fb
  sig_HHZ  = (  0.29734404693650024            +-    2.0598238456136640E-004 ) fb

  pp ---> HHZ + X
  ===============

  PDFSET = PDF4LHC21_40                                NSET =   1
  Sqrt(S)  = 13.6 TeV
  LOOP     = 3
  alphaS(MZ) =   0.11800
          kl =  -1.70000
          kv =   1.20000
         k2v =   1.60000
         kth =   0.00000
         kbh =   1.00000
 --------------

  mH       = 125.0000      GeV
  fact_scale 1.0
  ren_scale  1.0
  Kqq      =   0.25978473340207198            +-    2.8041822054782978E-004
  Kgq      =   -7.2878709711897915E-002       +-    1.3604217883104761E-004
  K_nlo    =    1.1869060236901741            +-    3.1167587785439868E-004
  Kqq2     =    5.7833222372743798E-002       +-    2.2997147512108162E-004
  Kgq2     =   -3.7431604599071133E-002       +-    1.3311524329143781E-004
  Kqqs     =    1.9120947553745535E-003       +-    3.5139793212846153E-006
  Kgg      =    1.3462280082048514E-003       +-    2.3959683210187840E-006
  Kgghhz   =   0.18951983140013814            +-    6.0689476307953735E-004
  K_nnlo   =    1.2105659642274260            +-    4.0959307723285643E-004
  K_nnlo2  =    1.4000857956275641            +-    7.3218012972932312E-004
  sig_LO   = (  0.21907925503820569            +-    1.4364185728997256E-004 ) fb
  sig_NLO  = (  0.26002648747040225            +-    1.5904520217085809E-004 ) fb
  sig_NNLO = (  0.26520988961755165            +-    1.6936663364182131E-004 ) fb
  sig_HHZ  = (  0.30672975309566025            +-    2.1532045963534209E-004 ) fb

  pp ---> HHZ + X
  ===============

  PDFSET = PDF4LHC21_40                                NSET =   2
  Sqrt(S)  = 13.6 TeV
  LOOP     = 3
  alphaS(MZ) =   0.11800
          kl =  -1.70000
          kv =   1.20000
         k2v =   1.60000
         kth =   0.00000
         kbh =   1.00000
 --------------

  mH       = 125.0000      GeV
  fact_scale 1.0
  ren_scale  1.0
  Kqq      =   0.25959539883887406            +-    2.8083837184312584E-004
  Kgq      =   -7.3151910058909683E-002       +-    1.3648703439055022E-004
  K_nlo    =    1.1864434887799642            +-    3.1224814115735750E-004
  Kqq2     =    5.7766269863491038E-002       +-    2.3030116258959354E-004
  Kgq2     =   -3.7576935185860999E-002       +-    1.3368987638263244E-004
  Kqqs     =    1.9285777951152728E-003       +-    3.5458476394392629E-006
  Kgg      =    1.3392470365962647E-003       +-    2.3731736573119775E-006
  Kgghhz   =   0.18810010408314090            +-    6.0022078778088539E-004
  K_nnlo   =    1.2099006482893058            +-    4.1040067639105672E-004
  K_nnlo2  =    1.3980007523724467            +-    7.2711327127658967E-004
  sig_LO   = (  0.21893649111617380            +-    1.4397397961767069E-004 ) fb
  sig_NLO  = (  0.25975577434111696            +-    1.5937986041593316E-004 ) fb
  sig_NNLO = (  0.26489140253564464            +-    1.6971102478009623E-004 ) fb
  sig_HHZ  = (  0.30607337930219458            +-    2.1464035341510129E-004 ) fb

  pp ---> HHZ + X
  ===============

  PDFSET = PDF4LHC21_40                                NSET =   3
  Sqrt(S)  = 13.6 TeV
  LOOP     = 3
  alphaS(MZ) =   0.11800
          kl =  -1.70000
          kv =   1.20000
         k2v =   1.60000
         kth =   0.00000
         kbh =   1.00000
 --------------

  mH       = 125.0000      GeV
  fact_scale 1.0
  ren_scale  1.0
  Kqq      =   0.25956161231327396            +-    2.8051314392431298E-004
  Kgq      =   -7.2717912024551509E-002       +-    1.3588434945234956E-004
  K_nlo    =    1.1868437002887224            +-    3.1169244511279154E-004
  Kqq2     =    5.7741544687446258E-002       +-    2.2999392573099767E-004
  Kgq2     =   -3.7346010904887740E-002       +-    1.3303612938284705E-004
  Kqqs     =    1.9085603595114199E-003       +-    3.5137084994362588E-006
  Kgg      =    1.3414972992968201E-003       +-    2.3850430352391873E-006
  Kgghhz   =   0.18867216722537297            +-    6.0348132698027066E-004
  K_nnlo   =    1.2104892917300893            +-    4.0959252008845919E-004
  K_nnlo2  =    1.3991614589554624            +-    7.2935296292418197E-004
  sig_LO   = (  0.21913832846301159            +-    1.4389284479844627E-004 ) fb
  sig_NLO  = (  0.26008294462812614            +-    1.5928136930551837E-004 ) fb
  sig_NNLO = (  0.26526460001210656            +-    1.6959229129212308E-004 ) fb
  sig_HHZ  = (  0.30660990336536859            +-    2.1505934178745790E-004 ) fb

  pp ---> HHZ + X
  ===============

  PDFSET = PDF4LHC21_40                                NSET =   4
  Sqrt(S)  = 13.6 TeV
  LOOP     = 3
  alphaS(MZ) =   0.11800
          kl =  -1.70000
          kv =   1.20000
         k2v =   1.60000
         kth =   0.00000
         kbh =   1.00000
 --------------

  mH       = 125.0000      GeV
  fact_scale 1.0
  ren_scale  1.0
  Kqq      =   0.26011060520699952            +-    2.8131024109242592E-004
  Kgq      =   -7.3683842080623924E-002       +-    1.3813141516703616E-004
  K_nlo    =    1.1864267631263756            +-    3.1339390485382276E-004
  Kqq2     =    5.7960617963731385E-002       +-    2.3036034262366922E-004
  Kgq2     =   -3.7835929753967532E-002       +-    1.3516142095258875E-004
  Kqqs     =    1.9273193494904789E-003       +-    3.5555037980374631E-006
  Kgg      =    1.3704413269726736E-003       +-    2.4448287543763230E-006
  Kgghhz   =   0.19323657764579102            +-    6.1779308803185660E-004
  K_nnlo   =    1.2098492120126025            +-    4.1178739121303868E-004
  K_nnlo2  =    1.4030857896583935            +-    7.4245347004507796E-004
  sig_LO   = (  0.21606109949904620            +-    1.4224060166678214E-004 ) fb
  sig_NLO  = (  0.25634067091617918            +-    1.5753518679575206E-004 ) fb
  sig_NNLO = (  0.26140135097549755            +-    1.6777446077343266E-004 ) fb
  sig_HHZ  = (  0.30315225840507998            +-    2.1439557231485204E-004 ) fb

  pp ---> HHZ + X
  ===============

  PDFSET = PDF4LHC21_40                                NSET =   5
  Sqrt(S)  = 13.6 TeV
  LOOP     = 3
  alphaS(MZ) =   0.11800
          kl =  -1.70000
          kv =   1.20000
         k2v =   1.60000
         kth =   0.00000
         kbh =   1.00000
 --------------

  mH       = 125.0000      GeV
  fact_scale 1.0
  ren_scale  1.0
  Kqq      =   0.25970910601698266            +-    2.8124313639277498E-004
  Kgq      =   -7.2649996103476180E-002       +-    1.3578198821588618E-004
  K_nlo    =    1.1870591099135066            +-    3.1230505934407157E-004
  Kqq2     =    5.7800230159912099E-002       +-    2.3061627558631655E-004
  Kgq2     =   -3.7312921908175943E-002       +-    1.3302940234154301E-004
  Kqqs     =    1.9077170333883704E-003       +-    3.5152892627138589E-006
  Kgg      =    1.3373224220625314E-003       +-    2.3800118553681023E-006
  Kgghhz   =   0.18783563680528831            +-    6.0332478891675389E-004
  K_nnlo   =    1.2107914576206935            +-    4.1040609188898301E-004
  K_nnlo2  =    1.3986270944259818            +-    7.2968072551016043E-004
  sig_LO   = (  0.21887869705128518            +-    1.4428249365613206E-004 ) fb
  sig_NLO  = (  0.25982195130072661            +-    1.5965621534681624E-004 ) fb
  sig_NNLO = (  0.26501645664484375            +-    1.6996091986969632E-004 ) fb
  sig_HHZ  = (  0.30612967608858366            +-    2.1523294923809670E-004 ) fb

  pp ---> HHZ + X
  ===============

  PDFSET = PDF4LHC21_40                                NSET =   6
  Sqrt(S)  = 13.6 TeV
  LOOP     = 3
  alphaS(MZ) =   0.11800
          kl =  -1.70000
          kv =   1.20000
         k2v =   1.60000
         kth =   0.00000
         kbh =   1.00000
 --------------

  mH       = 125.0000      GeV
  fact_scale 1.0
  ren_scale  1.0
  Kqq      =   0.25965061516253357            +-    2.8057353588610909E-004
  Kgq      =   -7.2879444357455581E-002       +-    1.3627193967969089E-004
  K_nlo    =    1.1867711708050779            +-    3.1191593512306976E-004
  Kqq2     =    5.7781411988722914E-002       +-    2.3009925853950943E-004
  Kgq2     =   -3.7427684348054657E-002       +-    1.3331816562139892E-004
  Kqqs     =    1.9094703935719393E-003       +-    3.5115961570008643E-006
  Kgg      =    1.3504553071638358E-003       +-    2.4063724972396587E-006
  Kgghhz   =   0.19025982654848986            +-    6.0938226602798946E-004
  K_nnlo   =    1.2103848241464821            +-    4.0991349646596315E-004
  K_nnlo2  =    1.4006446506949719            +-    7.3442209984065602E-004
  sig_LO   = (  0.21922929780065464            +-    1.4395891230989131E-004 ) fb
  sig_NLO  = (  0.26017501042565799            +-    1.5937422888858351E-004 ) fb
  sig_NNLO = (  0.26535181506620209            +-    1.6970531896070949E-004 ) fb
  sig_HHZ  = (  0.30706234324010184            +-    2.1598002536965305E-004 ) fb

  pp ---> HHZ + X
  ===============

  PDFSET = PDF4LHC21_40                                NSET =   7
  Sqrt(S)  = 13.6 TeV
  LOOP     = 3
  alphaS(MZ) =   0.11800
          kl =  -1.70000
          kv =   1.20000
         k2v =   1.60000
         kth =   0.00000
         kbh =   1.00000
 --------------

  mH       = 125.0000      GeV
  fact_scale 1.0
  ren_scale  1.0
  Kqq      =   0.25978614708283332            +-    2.8177928265528282E-004
  Kgq      =   -7.2660376274028729E-002       +-    1.3592971135979645E-004
  K_nlo    =    1.1871257708088045            +-    3.1285212251810495E-004
  Kqq2     =    5.7820634691397622E-002       +-    2.3093254001481983E-004
  Kgq2     =   -3.7319553763522577E-002       +-    1.3318117151831231E-004
  Kqqs     =    1.9080444009234498E-003       +-    3.5212334928902628E-006
  Kgg      =    1.3379992395740165E-003       +-    2.3777775551645606E-006
  Kgghhz   =   0.18801972037847417            +-    6.0230819128965325E-004
  K_nnlo   =    1.2108728953771772            +-    4.1104934735404107E-004
  K_nnlo2  =    1.3988926157556514            +-    7.2920279981277957E-004
  sig_LO   = (  0.21895133393324662            +-    1.4480620307881462E-004 ) fb
  sig_NLO  = (  0.25992277106512135            +-    1.6019052037718746E-004 ) fb
  sig_NNLO = (  0.26512223566644549            +-    1.7049575060670028E-004 ) fb
  sig_HHZ  = (  0.30628940424906848            +-    2.1554611648835466E-004 ) fb

  pp ---> HHZ + X
  ===============

  PDFSET = PDF4LHC21_40                                NSET =   8
  Sqrt(S)  = 13.6 TeV
  LOOP     = 3
  alphaS(MZ) =   0.11800
          kl =  -1.70000
          kv =   1.20000
         k2v =   1.60000
         kth =   0.00000
         kbh =   1.00000
 --------------

  mH       = 125.0000      GeV
  fact_scale 1.0
  ren_scale  1.0
  Kqq      =   0.25939806742367943            +-    2.8103056684868440E-004
  Kgq      =   -7.2608454601744324E-002       +-    1.3642442896861384E-004
  K_nlo    =    1.1867896128219353            +-    3.1239366882621875E-004
  Kqq2     =    5.7672129886100147E-002       +-    2.3056383629814562E-004
  Kgq2     =   -3.7271000638508620E-002       +-    1.3337015834840452E-004
  Kqqs     =    1.9117545008105429E-003       +-    3.5252375165476168E-006
  Kgg      =    1.3473488110711076E-003       +-    2.4098117954597363E-006
  Kgghhz   =   0.19045957450775000            +-    6.0731249006164018E-004
  K_nnlo   =    1.2104498453814083            +-    4.1055489348141915E-004
  K_nnlo2  =    1.4009094198891583            +-    7.3306465004555315E-004
  sig_LO   = (  0.21978248430272468            +-    1.4486982859614233E-004 ) fb
  sig_NLO  = (  0.26083556945067365            +-    1.6031618248218616E-004 ) fb
  sig_NNLO = (  0.26603567414177481            +-    1.7067284734007771E-004 ) fb
  sig_HHZ  = (  0.30789535258632800            +-    2.1666849408897524E-004 ) fb

  pp ---> HHZ + X
  ===============

  PDFSET = PDF4LHC21_40                                NSET =   9
  Sqrt(S)  = 13.6 TeV
  LOOP     = 3
  alphaS(MZ) =   0.11800
          kl =  -1.70000
          kv =   1.20000
         k2v =   1.60000
         kth =   0.00000
         kbh =   1.00000
 --------------

  mH       = 125.0000      GeV
  fact_scale 1.0
  ren_scale  1.0
  Kqq      =   0.25964593668447322            +-    2.8021465068525702E-004
  Kgq      =   -7.2825672122752108E-002       +-    1.3615977329574280E-004
  K_nlo    =    1.1868202645617212            +-    3.1154411296413335E-004
  Kqq2     =    5.7776901546450911E-002       +-    2.2974538481779683E-004
  Kgq2     =   -3.7396042491733145E-002       +-    1.3314404665292902E-004
  Kqqs     =    1.9125494971205426E-003       +-    3.5202847977380836E-006
  Kgg      =    1.3439071979822613E-003       +-    2.3918431185118769E-006
  Kgghhz   =   0.18931569160839246            +-    6.0512784238016997E-004
  K_nnlo   =    1.2104575803115416            +-    4.0937528826904580E-004
  K_nnlo2  =    1.3997732719199341            +-    7.3059416386188315E-004
  sig_LO   = (  0.22015162816357753            +-    1.4424393059965786E-004 ) fb
  sig_NLO  = (  0.26128041358079079            +-    1.5972000614463802E-004 ) fb
  sig_NNLO = (  0.26648420712853038            +-    1.7008457182430571E-004 ) fb
  sig_HHZ  = (  0.30816236487303172            +-    2.1604698084558155E-004 ) fb

  pp ---> HHZ + X
  ===============

  PDFSET = PDF4LHC21_40                                NSET =  10
  Sqrt(S)  = 13.6 TeV
  LOOP     = 3
  alphaS(MZ) =   0.11800
          kl =  -1.70000
          kv =   1.20000
         k2v =   1.60000
         kth =   0.00000
         kbh =   1.00000
 --------------

  mH       = 125.0000      GeV
  fact_scale 1.0
  ren_scale  1.0
  Kqq      =   0.25953291453306365            +-    2.8119766848670730E-004
  Kgq      =   -7.2533967738148825E-002       +-    1.3603157091281122E-004
  K_nlo    =    1.1869989467949147            +-    3.1237272135602260E-004
  Kqq2     =    5.7726844744860180E-002       +-    2.3062134086076770E-004
  Kgq2     =   -3.7251094332455367E-002       +-    1.3314154677543358E-004
  Kqqs     =    1.9077515335514667E-003       +-    3.5224423740827959E-006
  Kgg      =    1.3394015587518497E-003       +-    2.3910642804708524E-006
  Kgghhz   =   0.18895291081850984            +-    6.0407261636926432E-004
  K_nnlo   =    1.2107218502996229            +-    4.1049691372069144E-004
  K_nnlo2  =    1.3996747611181326            +-    7.3035021874537777E-004
  sig_LO   = (  0.21910068146111822            +-    1.4450782548816851E-004 ) fb
  sig_NLO  = (  0.26007227813639544            +-    1.5989588027101075E-004 ) fb
  sig_NNLO = (  0.26526998246051336            +-    1.7021087757549032E-004 ) fb
  sig_HHZ  = (  0.30666969398491079            +-    2.1561304654162729E-004 ) fb

  pp ---> HHZ + X
  ===============

  PDFSET = PDF4LHC21_40                                NSET =  11
  Sqrt(S)  = 13.6 TeV
  LOOP     = 3
  alphaS(MZ) =   0.11800
          kl =  -1.70000
          kv =   1.20000
         k2v =   1.60000
         kth =   0.00000
         kbh =   1.00000
 --------------

  mH       = 125.0000      GeV
  fact_scale 1.0
  ren_scale  1.0
  Kqq      =   0.25948317953556588            +-    2.8096279798054156E-004
  Kgq      =   -7.2682705559683869E-002       +-    1.3608387812172565E-004
  K_nlo    =    1.1868004739758820            +-    3.1218410551100018E-004
  Kqq2     =    5.7707883330961253E-002       +-    2.3045354048579334E-004
  Kgq2     =   -3.7326414740798251E-002       +-    1.3319916703510216E-004
  Kqqs     =    1.9061074423163036E-003       +-    3.5183163708014263E-006
  Kgg      =    1.3437119347777630E-003       +-    2.3916089109804699E-006
  Kgghhz   =   0.18923102696268615            +-    6.0454667988879432E-004
  K_nnlo   =    1.2104317619431388            +-    4.1027779186577192E-004
  K_nnlo2  =    1.3996627889058251            +-    7.3061929529873355E-004
  sig_LO   = (  0.21957771049401525            +-    1.4465355376756640E-004 ) fb
  sig_NLO  = (  0.26059493088883628            +-    1.6007364221740517E-004 ) fb
  sig_NNLO = (  0.26578383499671138            +-    1.7041265449915110E-004 ) fb
  sig_HHZ  = (  0.30733475065160926            +-    2.1601319734834140E-004 ) fb

  pp ---> HHZ + X
  ===============

  PDFSET = PDF4LHC21_40                                NSET =  12
  Sqrt(S)  = 13.6 TeV
  LOOP     = 3
  alphaS(MZ) =   0.11800
          kl =  -1.70000
          kv =   1.20000
         k2v =   1.60000
         kth =   0.00000
         kbh =   1.00000
 --------------

  mH       = 125.0000      GeV
  fact_scale 1.0
  ren_scale  1.0
  Kqq      =   0.25931028045338539            +-    2.8045733570331488E-004
  Kgq      =   -7.2573611806828572E-002       +-    1.3590192467299495E-004
  K_nlo    =    1.1867366686465568            +-    3.1164988413222018E-004
  Kqq2     =    5.7640396030629246E-002       +-    2.3014102865643503E-004
  Kgq2     =   -3.7266537121446910E-002       +-    1.3295177940645097E-004
  Kqqs     =    1.9055137499470695E-003       +-    3.5153640990407678E-006
  Kgg      =    1.3409542601868290E-003       +-    2.3863368222197520E-006
  Kgghhz   =   0.18895854419524677            +-    6.0256320657728823E-004
  K_nnlo   =    1.2103569955658731            +-    4.0961539446923598E-004
  K_nnlo2  =    1.3993155397611199            +-    7.2860633356215860E-004
  sig_LO   = (  0.22102483057621261            +-    1.4536911764285662E-004 ) fb
  sig_NLO  = (  0.26229827112618420            +-    1.6086317252436691E-004 ) fb
  sig_NNLO = (  0.26751894988168079            +-    1.7125652671969314E-004 ) fb
  sig_HHZ  = (  0.30928348009836298            +-    2.1694720881540835E-004 ) fb

  pp ---> HHZ + X
  ===============

  PDFSET = PDF4LHC21_40                                NSET =  13
  Sqrt(S)  = 13.6 TeV
  LOOP     = 3
  alphaS(MZ) =   0.11800
          kl =  -1.70000
          kv =   1.20000
         k2v =   1.60000
         kth =   0.00000
         kbh =   1.00000
 --------------

  mH       = 125.0000      GeV
  fact_scale 1.0
  ren_scale  1.0
  Kqq      =   0.25955544609260839            +-    2.8082179641491861E-004
  Kgq      =   -7.2578110827497669E-002       +-    1.3577595859238262E-004
  K_nlo    =    1.1869773352651107            +-    3.1192305505265620E-004
  Kqq2     =    5.7734882870679523E-002       +-    2.3029202679984809E-004
  Kgq2     =   -3.7271640477729615E-002       +-    1.3290490859334494E-004
  Kqqs     =    1.9040241606388595E-003       +-    3.5115307456458184E-006
  Kgg      =    1.3397811462169983E-003       +-    2.3826148030797734E-006
  Kgghhz   =   0.18851442444739208            +-    6.0284613936655094E-004
  K_nnlo   =    1.2106843829649168            +-    4.0989283027475268E-004
  K_nnlo2  =    1.3991988074123087            +-    7.2899629632790458E-004
  sig_LO   = (  0.21914438734858740            +-    1.4419981176414841E-004 ) fb
  sig_NLO  = (  0.26011942093333151            +-    1.5958118305919473E-004 ) fb
  sig_NNLO = (  0.26531468737734920            +-    1.6988891799985157E-004 ) fb
  sig_HHZ  = (  0.30662656542924449            +-    2.1521010309771111E-004 ) fb

  pp ---> HHZ + X
  ===============

  PDFSET = PDF4LHC21_40                                NSET =  14
  Sqrt(S)  = 13.6 TeV
  LOOP     = 3
  alphaS(MZ) =   0.11800
          kl =  -1.70000
          kv =   1.20000
         k2v =   1.60000
         kth =   0.00000
         kbh =   1.00000
 --------------

  mH       = 125.0000      GeV
  fact_scale 1.0
  ren_scale  1.0
  Kqq      =   0.25967818783121588            +-    2.8129579008600577E-004
  Kgq      =   -7.2688144831662638E-002       +-    1.3599377046892282E-004
  K_nlo    =    1.1869900429995535            +-    3.1244459849141945E-004
  Kqq2     =    5.7788123766727637E-002       +-    2.3063913455218709E-004
  Kgq2     =   -3.7331916094638894E-002       +-    1.3317241264883557E-004
  Kqqs     =    1.9085691387202492E-003       +-    3.5215793717803089E-006
  Kgg      =    1.3398319726759074E-003       +-    2.3817352906080908E-006
  Kgghhz   =   0.18845950290668234            +-    6.0280394686623197E-004
  K_nnlo   =    1.2106946517830384            +-    4.1057155672114475E-004
  K_nnlo2  =    1.3991541546897208            +-    7.2934326729320745E-004
  sig_LO   = (  0.21935643314671852            +-    1.4465688058498238E-004 ) fb
  sig_NLO  = (  0.26037390201305199            +-    1.6007153659276745E-004 ) fb
  sig_NNLO = (  0.26557366044493558            +-    1.7040155247656939E-004 ) fb
  sig_HHZ  = (  0.30691346479514903            +-    2.1568768472424722E-004 ) fb

  pp ---> HHZ + X
  ===============

  PDFSET = PDF4LHC21_40                                NSET =  15
  Sqrt(S)  = 13.6 TeV
  LOOP     = 3
  alphaS(MZ) =   0.11800
          kl =  -1.70000
          kv =   1.20000
         k2v =   1.60000
         kth =   0.00000
         kbh =   1.00000
 --------------

  mH       = 125.0000      GeV
  fact_scale 1.0
  ren_scale  1.0
  Kqq      =   0.25965751675428600            +-    2.8092246049774320E-004
  Kgq      =   -7.2542099129671717E-002       +-    1.3558682072136054E-004
  K_nlo    =    1.1871154176246144            +-    3.1193142638315951E-004
  Kqq2     =    5.7781485990437385E-002       +-    2.3030391392486879E-004
  Kgq2     =   -3.7262810477981995E-002       +-    1.3275113905353100E-004
  Kqqs     =    1.9062893240417579E-003       +-    3.5150232607550946E-006
  Kgg      =    1.3350985037028952E-003       +-    2.3717896178840676E-006
  Kgghhz   =   0.18779936563583569            +-    6.0001544872355188E-004
  K_nnlo   =    1.2108754809648143            +-    4.0985601524080488E-004
  K_nnlo2  =    1.3986748466006500            +-    7.2663642348563579E-004
  sig_LO   = (  0.21904951412057999            +-    1.4410961341284164E-004 ) fb
  sig_NLO  = (  0.26003705543572114            +-    1.5948778845836179E-004 ) fb
  sig_NNLO = (  0.26524168576586615            +-    1.6978753371291980E-004 ) fb
  sig_HHZ  = (  0.30637904556054912            +-    2.1471484441105352E-004 ) fb

  pp ---> HHZ + X
  ===============

  PDFSET = PDF4LHC21_40                                NSET =  16
  Sqrt(S)  = 13.6 TeV
  LOOP     = 3
  alphaS(MZ) =   0.11800
          kl =  -1.70000
          kv =   1.20000
         k2v =   1.60000
         kth =   0.00000
         kbh =   1.00000
 --------------

  mH       = 125.0000      GeV
  fact_scale 1.0
  ren_scale  1.0
  Kqq      =   0.25939285416406005            +-    2.8102107500870780E-004
  Kgq      =   -7.2592825914735426E-002       +-    1.3604148270411178E-004
  K_nlo    =    1.1868000282493245            +-    3.1221808021859166E-004
  Kqq2     =    5.7670944801959952E-002       +-    2.3053687873046880E-004
  Kgq2     =   -3.7276932132596412E-002       +-    1.3313530184904692E-004
  Kqqs     =    1.8982180252646445E-003       +-    3.5057418118868303E-006
  Kgg      =    1.3486106388780404E-003       +-    2.4033590427965540E-006
  Kgghhz   =   0.19002468558161489            +-    6.0709481896109119E-004
  K_nnlo   =    1.2104408695828308            +-    4.1032969308709170E-004
  K_nnlo2  =    1.4004655551644456            +-    7.3275819766028345E-004
  sig_LO   = (  0.21948801107420010            +-    1.4468858484871798E-004 ) fb
  sig_NLO  = (  0.26048837774324879            +-    1.6009650390630487E-004 ) fb
  sig_NNLO = (  0.26567725898766087            +-    1.7042896222465236E-004 ) fb
  sig_HHZ  = (  0.30738539928096975            +-    2.1633678101170794E-004 ) fb

  pp ---> HHZ + X
  ===============

  PDFSET = PDF4LHC21_40                                NSET =  17
  Sqrt(S)  = 13.6 TeV
  LOOP     = 3
  alphaS(MZ) =   0.11800
          kl =  -1.70000
          kv =   1.20000
         k2v =   1.60000
         kth =   0.00000
         kbh =   1.00000
 --------------

  mH       = 125.0000      GeV
  fact_scale 1.0
  ren_scale  1.0
  Kqq      =   0.25970115660194026            +-    2.8076694961673898E-004
  Kgq      =   -7.2479710361433594E-002       +-    1.3549317729171265E-004
  K_nlo    =    1.1872214462405066            +-    3.1175067135403558E-004
  Kqq2     =    5.7796764640542286E-002       +-    2.3016356071191822E-004
  Kgq2     =   -3.7222005194678318E-002       +-    1.3261673977386741E-004
  Kqqs     =    1.9061031861455709E-003       +-    3.5080292392353756E-006
  Kgg      =    1.3348319478133810E-003       +-    2.3734619453186921E-006
  Kgghhz   =   0.18784052780927513            +-    6.0063946353612889E-004
  K_nnlo   =    1.2110371408203298            +-    4.0959600221227705E-004
  K_nnlo2  =    1.3988776686296049            +-    7.2700526145637236E-004
  sig_LO   = (  0.22051555661083530            +-    1.4492491753328299E-004 ) fb
  sig_NLO  = (  0.26180079803804623            +-    1.6040332525063208E-004 ) fb
  sig_NNLO = (  0.26705252918438954            +-    1.7076694020668587E-004 ) fb
  sig_HHZ  = (  0.30847428772832491            +-    2.1611210499066950E-004 ) fb

  pp ---> HHZ + X
  ===============

  PDFSET = PDF4LHC21_40                                NSET =  18
  Sqrt(S)  = 13.6 TeV
  LOOP     = 3
  alphaS(MZ) =   0.11800
          kl =  -1.70000
          kv =   1.20000
         k2v =   1.60000
         kth =   0.00000
         kbh =   1.00000
 --------------

  mH       = 125.0000      GeV
  fact_scale 1.0
  ren_scale  1.0
  Kqq      =   0.25963342228320280            +-    2.8082071426964884E-004
  Kgq      =   -7.2474770486578230E-002       +-    1.3537609259428249E-004
  K_nlo    =    1.1871586517966246            +-    3.1174823176565331E-004
  Kqq2     =    5.7770490008304774E-002       +-    2.3026815924046416E-004
  Kgq2     =   -3.7223376332749830E-002       +-    1.3255434536613725E-004
  Kqqs     =    1.9073415884580318E-003       +-    3.5135870882737364E-006
  Kgg      =    1.3316505562117882E-003       +-    2.3650564149973886E-006
  Kgghhz   =   0.18723852873475863            +-    5.9852253879640169E-004
  K_nnlo   =    1.2109447576168493            +-    4.0963273603378118E-004
  K_nnlo2  =    1.3981832863516079            +-    7.2527802109109284E-004
  sig_LO   = (  0.22025131872426376            +-    1.4482759530602614E-004 ) fb
  sig_NLO  = (  0.26147325859312565            +-    1.6027986249754410E-004 ) fb
  sig_NNLO = (  0.26671217976734501            +-    1.7063138271612293E-004 ) fb
  sig_HHZ  = (  0.30795171263716659            +-    2.1562235313786574E-004 ) fb

  pp ---> HHZ + X
  ===============

  PDFSET = PDF4LHC21_40                                NSET =  19
  Sqrt(S)  = 13.6 TeV
  LOOP     = 3
  alphaS(MZ) =   0.11800
          kl =  -1.70000
          kv =   1.20000
         k2v =   1.60000
         kth =   0.00000
         kbh =   1.00000
 --------------

  mH       = 125.0000      GeV
  fact_scale 1.0
  ren_scale  1.0
  Kqq      =   0.25976041882443318            +-    2.8107273630876976E-004
  Kgq      =   -7.3045774013461573E-002       +-    1.3684643984722921E-004
  K_nlo    =    1.1867146448109716            +-    3.1261610834210150E-004
  Kqq2     =    5.7820109345344470E-002       +-    2.3038207869195755E-004
  Kgq2     =   -3.7511041347649883E-002       +-    1.3392554260556943E-004
  Kqqs     =    1.9122095848703835E-003       +-    3.5285906104539737E-006
  Kgg      =    1.3550508212962201E-003       +-    2.4144487516893947E-006
  Kgghhz   =   0.19091917003354716            +-    6.1065718926872582E-004
  K_nnlo   =    1.2102909732148330            +-    4.1080295136969840E-004
  K_nnlo2  =    1.4012101432483801            +-    7.3597640428184601E-004
  sig_LO   = (  0.21815110908874072            +-    1.4358545953250908E-004 ) fb
  sig_NLO  = (  0.25888311593736446            +-    1.5895813951472806E-004 ) fb
  sig_NNLO = (  0.26402631812690713            +-    1.6925723703626992E-004 ) fb
  sig_HHZ  = (  0.30567554681602732            +-    2.1539357747104104E-004 ) fb

  pp ---> HHZ + X
  ===============

  PDFSET = PDF4LHC21_40                                NSET =  20
  Sqrt(S)  = 13.6 TeV
  LOOP     = 3
  alphaS(MZ) =   0.11800
          kl =  -1.70000
          kv =   1.20000
         k2v =   1.60000
         kth =   0.00000
         kbh =   1.00000
 --------------

  mH       = 125.0000      GeV
  fact_scale 1.0
  ren_scale  1.0
  Kqq      =   0.25954687709218704            +-    2.8098221787424137E-004
  Kgq      =   -7.2726380450474179E-002       +-    1.3611118825566045E-004
  K_nlo    =    1.1868204966417131            +-    3.1221348838558446E-004
  Kqq2     =    5.7735420423587480E-002       +-    2.3043276261186112E-004
  Kgq2     =   -3.7347922094779239E-002       +-    1.3322307218581421E-004
  Kqqs     =    1.9083325591544651E-003       +-    3.5177438739163300E-006
  Kgg      =    1.3437418962120615E-003       +-    2.3910066155903019E-006
  Kgghhz   =   0.18920237822714223            +-    6.0397224275617035E-004
  K_nnlo   =    1.2104600694258880            +-    4.1029623299764130E-004
  K_nnlo2  =    1.3996624476530302            +-    7.3015441437546146E-004
  sig_LO   = (  0.22004021075261487            +-    1.4488442682667049E-004 ) fb
  sig_NLO  = (  0.26114823220656558            +-    1.6034687845501360E-004 ) fb
  sig_NNLO = (  0.26634988878409716            +-    1.7071109219675773E-004 ) fb
  sig_HHZ  = (  0.30798201996409347            +-    2.1634279081116366E-004 ) fb

  pp ---> HHZ + X
  ===============

  PDFSET = PDF4LHC21_40                                NSET =  21
  Sqrt(S)  = 13.6 TeV
  LOOP     = 3
  alphaS(MZ) =   0.11800
          kl =  -1.70000
          kv =   1.20000
         k2v =   1.60000
         kth =   0.00000
         kbh =   1.00000
 --------------

  mH       = 125.0000      GeV
  fact_scale 1.0
  ren_scale  1.0
  Kqq      =   0.25968581673464791            +-    2.8112316746673464E-004
  Kgq      =   -7.3197734291484864E-002       +-    1.3697304802870968E-004
  K_nlo    =    1.1864880824431630            +-    3.1271688661280340E-004
  Kqq2     =    5.7801896398738152E-002       +-    2.3044916338716006E-004
  Kgq2     =   -3.7590106212799172E-002       +-    1.3407445117488142E-004
  Kqqs     =    1.9194622295305394E-003       +-    3.5388837892804955E-006
  Kgg      =    1.3534050823752262E-003       +-    2.4085009876859974E-006
  Kgghhz   =   0.19052558831582395            +-    6.0928323227584609E-004
  K_nnlo   =    1.2099727399410074            +-    4.1096587584856035E-004
  K_nnlo2  =    1.4004983282568313            +-    7.3492789322795267E-004
  sig_LO   = (  0.21791935103803986            +-    1.4352057529957779E-004 ) fb
  sig_NLO  = (  0.25855871294038241            +-    1.5887786962255295E-004 ) fb
  sig_NNLO = (  0.26367647426166335            +-    1.6917058393092879E-004 ) fb
  sig_HHZ  = (  0.30519568682358844            +-    2.1505297630797755E-004 ) fb

  pp ---> HHZ + X
  ===============

  PDFSET = PDF4LHC21_40                                NSET =  22
  Sqrt(S)  = 13.6 TeV
  LOOP     = 3
  alphaS(MZ) =   0.11800
          kl =  -1.70000
          kv =   1.20000
         k2v =   1.60000
         kth =   0.00000
         kbh =   1.00000
 --------------

  mH       = 125.0000      GeV
  fact_scale 1.0
  ren_scale  1.0
  Kqq      =   0.25956910255559529            +-    2.8095840852274676E-004
  Kgq      =   -7.2897861850850523E-002       +-    1.3665111636172825E-004
  K_nlo    =    1.1866712407047448            +-    3.1242783954465590E-004
  Kqq2     =    5.7743081738297071E-002       +-    2.3040232271658872E-004
  Kgq2     =   -3.7432885364444890E-002       +-    1.3368221894367811E-004
  Kqqs     =    1.9072433832335216E-003       +-    3.5182532300461995E-006
  Kgg      =    1.3554017920426827E-003       +-    2.4206451700420894E-006
  Kgghhz   =   0.19122208993358883            +-    6.1389618512422840E-004
  K_nnlo   =    1.2102440822538734            +-    4.1059171755683993E-004
  K_nnlo2  =    1.4014661721874622            +-    7.3854863390054187E-004
  sig_LO   = (  0.21878711200856435            +-    1.4406409598243018E-004 ) fb
  sig_NLO  = (  0.25962837365741098            +-    1.5945812939461762E-004 ) fb
  sig_NNLO = (  0.26478580758178027            +-    1.6977715869308840E-004 ) fb
  sig_HHZ  = (  0.30662273639059212            +-    2.1648129478464250E-004 ) fb

  pp ---> HHZ + X
  ===============

  PDFSET = PDF4LHC21_40                                NSET =  23
  Sqrt(S)  = 13.6 TeV
  LOOP     = 3
  alphaS(MZ) =   0.11800
          kl =  -1.70000
          kv =   1.20000
         k2v =   1.60000
         kth =   0.00000
         kbh =   1.00000
 --------------

  mH       = 125.0000      GeV
  fact_scale 1.0
  ren_scale  1.0
  Kqq      =   0.25968675661214763            +-    2.8088795680524241E-004
  Kgq      =   -7.2868872081110092E-002       +-    1.3636630358287061E-004
  K_nlo    =    1.1868178845310375            +-    3.1223999268363968E-004
  Kqq2     =    5.7790060799138683E-002       +-    2.3027890631431764E-004
  Kgq2     =   -3.7420720095698877E-002       +-    1.3346777044105876E-004
  Kqqs     =    1.9122818451332959E-003       +-    3.5246087381386625E-006
  Kgg      =    1.3465277411318301E-003       +-    2.3961297625019343E-006
  Kgghhz   =   0.18960750637115525            +-    6.0562328209242322E-004
  K_nnlo   =    1.2104460348207424            +-    4.1030963646434204E-004
  K_nnlo2  =    1.4000535411918977            +-    7.3152823430671450E-004
  sig_LO   = (  0.21917066922369560            +-    1.4410392225704051E-004 ) fb
  sig_NLO  = (  0.26011566999931818            +-    1.5952784077755106E-004 ) fb
  sig_NNLO = (  0.26529426751083085            +-    1.6986158008090323E-004 ) fb
  sig_HHZ  = (  0.30685067157203305            +-    2.1557249234476335E-004 ) fb

  pp ---> HHZ + X
  ===============

  PDFSET = PDF4LHC21_40                                NSET =  24
  Sqrt(S)  = 13.6 TeV
  LOOP     = 3
  alphaS(MZ) =   0.11800
          kl =  -1.70000
          kv =   1.20000
         k2v =   1.60000
         kth =   0.00000
         kbh =   1.00000
 --------------

  mH       = 125.0000      GeV
  fact_scale 1.0
  ren_scale  1.0
  Kqq      =   0.25938794780631630            +-    2.8069673222092781E-004
  Kgq      =   -7.2644040001238086E-002       +-    1.3601773313511121E-004
  K_nlo    =    1.1867439078050783            +-    3.1191582070603857E-004
  Kqq2     =    5.7673351719563969E-002       +-    2.3031084157939117E-004
  Kgq2     =   -3.7303171357040636E-002       +-    1.3309228744383039E-004
  Kqqs     =    1.9064773622329905E-003       +-    3.5150333285206008E-006
  Kgg      =    1.3421022277958054E-003       +-    2.3884515058355665E-006
  Kgghhz   =   0.18898772268373773            +-    6.0384591638912430E-004
  K_nnlo   =    1.2103626677576305            +-    4.0995875413589661E-004
  K_nnlo2  =    1.3993503904413682            +-    7.2986030912255940E-004
  sig_LO   = (  0.22008979574226939            +-    1.4489923663779097E-004 ) fb
  sig_NLO  = (  0.26119022426720229            +-    1.6033883233630046E-004 ) fb
  sig_NNLO = (  0.26638847232084523            +-    1.7069514804444617E-004 ) fb
  sig_HHZ  = (  0.30798274160410571            +-    2.1633152750114506E-004 ) fb

  pp ---> HHZ + X
  ===============

  PDFSET = PDF4LHC21_40                                NSET =  25
  Sqrt(S)  = 13.6 TeV
  LOOP     = 3
  alphaS(MZ) =   0.11800
          kl =  -1.70000
          kv =   1.20000
         k2v =   1.60000
         kth =   0.00000
         kbh =   1.00000
 --------------

  mH       = 125.0000      GeV
  fact_scale 1.0
  ren_scale  1.0
  Kqq      =   0.25954506669516259            +-    2.8111249699854846E-004
  Kgq      =   -7.2925120351124528E-002       +-    1.3664998294422569E-004
  K_nlo    =    1.1866199463440381            +-    3.1256591913933306E-004
  Kqq2     =    5.7735770169362738E-002       +-    2.3054733204084786E-004
  Kgq2     =   -3.7449724983442123E-002       +-    1.3375964465010069E-004
  Kqqs     =    1.9094484322458099E-003       +-    3.5217314603887118E-006
  Kgg      =    1.3530055978639422E-003       +-    2.4100462455839900E-006
  Kgghhz   =   0.19061005221848903            +-    6.0845432731910468E-004
  K_nnlo   =    1.2101684455600685            +-    4.1080333442034667E-004
  K_nnlo2  =    1.4007784977785576            +-    7.3414988115794134E-004
  sig_LO   = (  0.21906675738507689            +-    1.4441547671909823E-004 ) fb
  sig_NLO  = (  0.25994898389404236            +-    1.5982601346802705E-004 ) fb
  sig_NNLO = (  0.26510767725858314            +-    1.7016061163256364E-004 ) fb
  sig_HHZ  = (  0.30686400332308772            +-    2.1615138693272676E-004 ) fb

  pp ---> HHZ + X
  ===============

  PDFSET = PDF4LHC21_40                                NSET =  26
  Sqrt(S)  = 13.6 TeV
  LOOP     = 3
  alphaS(MZ) =   0.11800
          kl =  -1.70000
          kv =   1.20000
         k2v =   1.60000
         kth =   0.00000
         kbh =   1.00000
 --------------

  mH       = 125.0000      GeV
  fact_scale 1.0
  ren_scale  1.0
  Kqq      =   0.25953823888730243            +-    2.7953823681658324E-004
  Kgq      =   -7.2746091110405198E-002       +-    1.3556418327836901E-004
  K_nlo    =    1.1867921477768972            +-    3.1067551179720520E-004
  Kqq2     =    5.7738207929598676E-002       +-    2.2927665696708327E-004
  Kgq2     =   -3.7354330578690073E-002       +-    1.3254501275294765E-004
  Kqqs     =    1.9120087785544733E-003       +-    3.4984173648253643E-006
  Kgg      =    1.3414844981699662E-003       +-    2.3852341648513023E-006
  Kgghhz   =   0.18887857334110103            +-    6.0299082350715556E-004
  K_nnlo   =    1.2104295184045304            +-    4.0825625253291061E-004
  K_nnlo2  =    1.3993080917456315            +-    7.2819715803211786E-004
  sig_LO   = (  0.21985405392836585            +-    1.4344297862116688E-004 ) fb
  sig_NLO  = (  0.26092106485910310            +-    1.5887487185653221E-004 ) fb
  sig_NNLO = (  0.26611783661579547            +-    1.6921043069131070E-004 ) fb
  sig_HHZ  = (  0.30764355666504273            +-    2.1495806257124041E-004 ) fb

  pp ---> HHZ + X
  ===============

  PDFSET = PDF4LHC21_40                                NSET =  27
  Sqrt(S)  = 13.6 TeV
  LOOP     = 3
  alphaS(MZ) =   0.11800
          kl =  -1.70000
          kv =   1.20000
         k2v =   1.60000
         kth =   0.00000
         kbh =   1.00000
 --------------

  mH       = 125.0000      GeV
  fact_scale 1.0
  ren_scale  1.0
  Kqq      =   0.25960952281007876            +-    2.8095406940497030E-004
  Kgq      =   -7.2790896197731922E-002       +-    1.3620557643606495E-004
  K_nlo    =    1.1868186266123468            +-    3.1222931983959098E-004
  Kqq2     =    5.7760230627234871E-002       +-    2.3039903174944455E-004
  Kgq2     =   -3.7383587275093090E-002       +-    1.3334148949765219E-004
  Kqqs     =    1.9085559112825064E-003       +-    3.5195965468736710E-006
  Kgg      =    1.3465413617909771E-003       +-    2.3963568091347578E-006
  Kgghhz   =   0.18956089722510971            +-    6.0572851361721911E-004
  K_nnlo   =    1.2104503672375622            +-    4.1032785051204739E-004
  K_nnlo2  =    1.4000112644626719            +-    7.3162557166542687E-004
  sig_LO   = (  0.21910036357528712            +-    1.4425402761663101E-004 ) fb
  sig_NLO  = (  0.26003239258868810            +-    1.5965303642705899E-004 ) fb
  sig_NNLO = (  0.26521011555158963            +-    1.6997579391803721E-004 ) fb
  sig_HHZ  = (  0.30674297705326881            +-    2.1565048421489096E-004 ) fb

  pp ---> HHZ + X
  ===============

  PDFSET = PDF4LHC21_40                                NSET =  28
  Sqrt(S)  = 13.6 TeV
  LOOP     = 3
  alphaS(MZ) =   0.11800
          kl =  -1.70000
          kv =   1.20000
         k2v =   1.60000
         kth =   0.00000
         kbh =   1.00000
 --------------

  mH       = 125.0000      GeV
  fact_scale 1.0
  ren_scale  1.0
  Kqq      =   0.25962126261301316            +-    2.8110427511603782E-004
  Kgq      =   -7.2694218640630776E-002       +-    1.3599301602154650E-004
  K_nlo    =    1.1869270439723825            +-    3.1227185895490116E-004
  Kqq2     =    5.7766264121010401E-002       +-    2.3048370176263842E-004
  Kgq2     =   -3.7333299984128362E-002       +-    1.3316264215054019E-004
  Kqqs     =    1.9124908318739777E-003       +-    3.5257202204118326E-006
  Kgg      =    1.3373770270731229E-003       +-    2.3770865886385613E-006
  Kgghhz   =   0.18815748375252933            +-    6.0136630820472280E-004
  K_nnlo   =    1.2106098759682116            +-    4.1034963285178395E-004
  K_nnlo2  =    1.3987673597207408            +-    7.2803039622351727E-004
  sig_LO   = (  0.21970908246837811            +-    1.4472225741243757E-004 ) fb
  sig_NLO  = (  0.26077865178807641            +-    1.6016154868887895E-004 ) fb
  sig_NNLO = (  0.26598198507613280            +-    1.7050781227949407E-004 ) fb
  sig_HHZ  = (  0.30732189319095976            +-    2.1570836502487789E-004 ) fb

  pp ---> HHZ + X
  ===============

  PDFSET = PDF4LHC21_40                                NSET =  29
  Sqrt(S)  = 13.6 TeV
  LOOP     = 3
  alphaS(MZ) =   0.11800
          kl =  -1.70000
          kv =   1.20000
         k2v =   1.60000
         kth =   0.00000
         kbh =   1.00000
 --------------

  mH       = 125.0000      GeV
  fact_scale 1.0
  ren_scale  1.0
  Kqq      =   0.25967535187126284            +-    2.8109980082766247E-004
  Kgq      =   -7.2735375585054593E-002       +-    1.3603044935815847E-004
  K_nlo    =    1.1869399762862083            +-    3.1228413532860425E-004
  Kqq2     =    5.7788204412655801E-002       +-    2.3047341731075564E-004
  Kgq2     =   -3.7357384182327057E-002       +-    1.3318415364604061E-004
  Kqqs     =    1.9139421360047780E-003       +-    3.5254567847742028E-006
  Kgg      =    1.3397784538818072E-003       +-    2.3824774045225717E-006
  Kgghhz   =   0.18860691096784415            +-    6.0231202028395055E-004
  K_nnlo   =    1.2106245171064236            +-    4.1036020895229136E-004
  K_nnlo2  =    1.3992314280742677            +-    7.2881772129243831E-004
  sig_LO   = (  0.21980138194180654            +-    1.4474750115407454E-004 ) fb
  sig_NLO  = (  0.26089104706968363            +-    1.6019786266756344E-004 ) fb
  sig_NNLO = (  0.26609694187262406            +-    1.7055049567725106E-004 ) fb
  sig_HHZ  = (  0.30755300154713150            +-    2.1590350324734742E-004 ) fb

  pp ---> HHZ + X
  ===============

  PDFSET = PDF4LHC21_40                                NSET =  30
  Sqrt(S)  = 13.6 TeV
  LOOP     = 3
  alphaS(MZ) =   0.11800
          kl =  -1.70000
          kv =   1.20000
         k2v =   1.60000
         kth =   0.00000
         kbh =   1.00000
 --------------

  mH       = 125.0000      GeV
  fact_scale 1.0
  ren_scale  1.0
  Kqq      =   0.25965239825214159            +-    2.8102269188797846E-004
  Kgq      =   -7.2788335548112051E-002       +-    1.3601526939172477E-004
  K_nlo    =    1.1868640627040294            +-    3.1220811466659405E-004
  Kqq2     =    5.7778386606427500E-002       +-    2.3040378411951564E-004
  Kgq2     =   -3.7382740028042580E-002       +-    1.3320558728277711E-004
  Kqqs     =    1.9077814757082069E-003       +-    3.5165131462015449E-006
  Kgg      =    1.3427929533308099E-003       +-    2.3829946985428256E-006
  Kgghhz   =   0.18870350836960731            +-    6.0330468071880623E-004
  K_nnlo   =    1.2105102837114532            +-    4.1027013492582145E-004
  K_nnlo2  =    1.3992137920810606            +-    7.2958763790875215E-004
  sig_LO   = (  0.21941358014679319            +-    1.4446037491747864E-004 ) fb
  sig_NLO  = (  0.26041409314545916            +-    1.5987939158816809E-004 ) fb
  sig_NNLO = (  0.26560239515364037            +-    1.7021219497985506E-004 ) fb
  sig_HHZ  = (  0.30700650751127628            +-    2.1562668194283010E-004 ) fb

  pp ---> HHZ + X
  ===============

  PDFSET = PDF4LHC21_40                                NSET =  31
  Sqrt(S)  = 13.6 TeV
  LOOP     = 3
  alphaS(MZ) =   0.11800
          kl =  -1.70000
          kv =   1.20000
         k2v =   1.60000
         kth =   0.00000
         kbh =   1.00000
 --------------

  mH       = 125.0000      GeV
  fact_scale 1.0
  ren_scale  1.0
  Kqq      =   0.25960921687295341            +-    2.8178344698153791E-004
  Kgq      =   -7.2675602939813913E-002       +-    1.3614181383024999E-004
  K_nlo    =    1.1869336139331395            +-    3.1294808589570831E-004
  Kqq2     =    5.7757739878838026E-002       +-    2.3102658073692500E-004
  Kgq2     =   -3.7325780653554831E-002       +-    1.3338670650236384E-004
  Kqqs     =    1.9062498784326567E-003       +-    3.5210819256497048E-006
  Kgg      =    1.3421010361384918E-003       +-    2.3861014285030080E-006
  Kgghhz   =   0.18873612771614601            +-    6.0360643180240689E-004
  K_nnlo   =    1.2106139240729938            +-    4.1124188799572027E-004
  K_nnlo2  =    1.3993500517891397            +-    7.3038388191109355E-004
  sig_LO   = (  0.21877256003302165            +-    1.4475474344600566E-004 ) fb
  sig_NLO  = (  0.25966850530939911            +-    1.6012906419246424E-004 ) fb
  sig_NNLO = (  0.26484910738107093            +-    1.7043548943646513E-004 ) fb
  sig_HHZ  = (  0.30613939321225153            +-    2.1560641280684426E-004 ) fb

  pp ---> HHZ + X
  ===============

  PDFSET = PDF4LHC21_40                                NSET =  32
  Sqrt(S)  = 13.6 TeV
  LOOP     = 3
  alphaS(MZ) =   0.11800
          kl =  -1.70000
          kv =   1.20000
         k2v =   1.60000
         kth =   0.00000
         kbh =   1.00000
 --------------

  mH       = 125.0000      GeV
  fact_scale 1.0
  ren_scale  1.0
  Kqq      =   0.25956170461350181            +-    2.8108253967075756E-004
  Kgq      =   -7.2769190435312936E-002       +-    1.3629183528974070E-004
  K_nlo    =    1.1867925141781890            +-    3.1238255148840951E-004
  Kqq2     =    5.7741824317735183E-002       +-    2.3048692758669353E-004
  Kgq2     =   -3.7367783391112658E-002       +-    1.3339841968691783E-004
  Kqqs     =    1.9105904778435785E-003       +-    3.5258515908255411E-006
  Kgg      =    1.3431852180255726E-003       +-    2.3901515629304588E-006
  Kgghhz   =   0.18911250382592201            +-    6.0441921987158830E-004
  K_nnlo   =    1.2104203308006809            +-    4.1051232026781349E-004
  K_nnlo2  =    1.3995328346266029            +-    7.3064557648824737E-004
  sig_LO   = (  0.21968441390066748            +-    1.4477860906277802E-004 ) fb
  sig_NLO  = (  0.26071981789893500            +-    1.6021958545017127E-004 ) fb
  sig_NNLO = (  0.26591048094539954            +-    1.7056918747255384E-004 ) fb
  sig_HHZ  = (  0.30745555050968498            +-    2.1615913049225025E-004 ) fb

  pp ---> HHZ + X
  ===============

  PDFSET = PDF4LHC21_40                                NSET =  33
  Sqrt(S)  = 13.6 TeV
  LOOP     = 3
  alphaS(MZ) =   0.11800
          kl =  -1.70000
          kv =   1.20000
         k2v =   1.60000
         kth =   0.00000
         kbh =   1.00000
 --------------

  mH       = 125.0000      GeV
  fact_scale 1.0
  ren_scale  1.0
  Kqq      =   0.25956414900883468            +-    2.8094776386864567E-004
  Kgq      =   -7.2708324968612903E-002       +-    1.3606260739192715E-004
  K_nlo    =    1.1868558240402218            +-    3.1216130309998709E-004
  Kqq2     =    5.7743074166469739E-002       +-    2.3039332814673202E-004
  Kgq2     =   -3.7339616995027830E-002       +-    1.3318723252098798E-004
  Kqqs     =    1.9079779133139591E-003       +-    3.5177796460196368E-006
  Kgg      =    1.3430213671964449E-003       +-    2.3905043470543774E-006
  Kgghhz   =   0.18905816960373645            +-    6.0459068344595544E-004
  K_nnlo   =    1.2105102804921744            +-    4.1022273583856946E-004
  K_nnlo2  =    1.3995684500959107            +-    7.3062479256354846E-004
  sig_LO   = (  0.21932200606659857            +-    1.4439593255497827E-004 ) fb
  sig_NLO  = (  0.26030360024032739            +-    1.5980451547379301E-004 ) fb
  sig_NNLO = (  0.26549154308178458            +-    1.7013213509289450E-004 ) fb
  sig_HHZ  = (  0.30695616010255528            +-    2.1570283820189056E-004 ) fb

  pp ---> HHZ + X
  ===============

  PDFSET = PDF4LHC21_40                                NSET =  34
  Sqrt(S)  = 13.6 TeV
  LOOP     = 3
  alphaS(MZ) =   0.11800
          kl =  -1.70000
          kv =   1.20000
         k2v =   1.60000
         kth =   0.00000
         kbh =   1.00000
 --------------

  mH       = 125.0000      GeV
  fact_scale 1.0
  ren_scale  1.0
  Kqq      =   0.25940211969461224            +-    2.7973158961897742E-004
  Kgq      =   -7.2745147071856739E-002       +-    1.3598182670080902E-004
  K_nlo    =    1.1866569726227554            +-    3.1103186239298512E-004
  Kqq2     =    5.7679006998055921E-002       +-    2.2942577013551285E-004
  Kgq2     =   -3.7354185809452156E-002       +-    1.3295378379883012E-004
  Kqqs     =    1.9081845493687647E-003       +-    3.5082664739632850E-006
  Kgg      =    1.3472447882944829E-003       +-    2.3992331886887470E-006
  Kgghhz   =   0.18996166708261289            +-    6.0568008720083503E-004
  K_nnlo   =    1.2102372231490224            +-    4.0874414528638096E-004
  K_nnlo2  =    1.4001988902316354            +-    7.3069839491920693E-004
  sig_LO   = (  0.22031426884407518            +-    1.4407607312234960E-004 ) fb
  sig_NLO  = (  0.26143746329210610            +-    1.5954170995785734E-004 ) fb
  sig_NNLO = (  0.26663252894596073            +-    1.6990381902758347E-004 ) fb
  sig_HHZ  = (  0.30848379473766824            +-    2.1604057982278299E-004 ) fb

  pp ---> HHZ + X
  ===============

  PDFSET = PDF4LHC21_40                                NSET =  35
  Sqrt(S)  = 13.6 TeV
  LOOP     = 3
  alphaS(MZ) =   0.11800
          kl =  -1.70000
          kv =   1.20000
         k2v =   1.60000
         kth =   0.00000
         kbh =   1.00000
 --------------

  mH       = 125.0000      GeV
  fact_scale 1.0
  ren_scale  1.0
  Kqq      =   0.25953967441890508            +-    2.8110541104474476E-004
  Kgq      =   -7.2704205919471854E-002       +-    1.3608461656577838E-004
  K_nlo    =    1.1868354684994333            +-    3.1231278389539204E-004
  Kqq2     =    5.7731868349669861E-002       +-    2.3053730020473437E-004
  Kgq2     =   -3.7336818931554341E-002       +-    1.3322135368768834E-004
  Kqqs     =    1.9064149087841987E-003       +-    3.5155763343691634E-006
  Kgg      =    1.3449379808712623E-003       +-    2.3926287094511302E-006
  Kgghhz   =   0.18936849429883706            +-    6.0442909116736638E-004
  K_nnlo   =    1.2104818708072043            +-    4.1042993896359689E-004
  K_nnlo2  =    1.3998503651060412            +-    7.3060746030072156E-004
  sig_LO   = (  0.21948717926113936            +-    1.4464414993313368E-004 ) fb
  sig_NLO  = (  0.26049516922801341            +-    1.6006513611263490E-004 ) fb
  sig_NNLO = (  0.26568525137022014            +-    1.7040269044249571E-004 ) fb
  sig_HHZ  = (  0.30724920802480105            +-    2.1595585096151652E-004 ) fb

  pp ---> HHZ + X
  ===============

  PDFSET = PDF4LHC21_40                                NSET =  36
  Sqrt(S)  = 13.6 TeV
  LOOP     = 3
  alphaS(MZ) =   0.11800
          kl =  -1.70000
          kv =   1.20000
         k2v =   1.60000
         kth =   0.00000
         kbh =   1.00000
 --------------

  mH       = 125.0000      GeV
  fact_scale 1.0
  ren_scale  1.0
  Kqq      =   0.25956496428873205            +-    2.8104863873895815E-004
  Kgq      =   -7.2886774433982338E-002       +-    1.3643963178933350E-004
  K_nlo    =    1.1866781898547498            +-    3.1241656559764932E-004
  Kqq2     =    5.7740202315998856E-002       +-    2.3049486063533476E-004
  Kgq2     =   -3.7427362804099827E-002       +-    1.3357032568883230E-004
  Kqqs     =    1.9061618852353351E-003       +-    3.5137873367870333E-006
  Kgg      =    1.3526175541157153E-003       +-    2.4085693017381028E-006
  Kgghhz   =   0.19035634699069529            +-    6.0846582415484797E-004
  K_nnlo   =    1.2102498088060001            +-    4.1059855217874655E-004
  K_nnlo2  =    1.4006061557966953            +-    7.3404484210143534E-004
  sig_LO   = (  0.21917719595761900            +-    1.4439793241658859E-004 ) fb
  sig_NLO  = (  0.26009279815642711            +-    1.5981092555309416E-004 ) fb
  sig_NNLO = (  0.26525915950234358            +-    1.7014597851163800E-004 ) fb
  sig_HHZ  = (  0.30698092986849973            +-    2.1618286831128164E-004 ) fb

  pp ---> HHZ + X
  ===============

  PDFSET = PDF4LHC21_40                                NSET =  37
  Sqrt(S)  = 13.6 TeV
  LOOP     = 3
  alphaS(MZ) =   0.11800
          kl =  -1.70000
          kv =   1.20000
         k2v =   1.60000
         kth =   0.00000
         kbh =   1.00000
 --------------

  mH       = 125.0000      GeV
  fact_scale 1.0
  ren_scale  1.0
  Kqq      =   0.25939510381799369            +-    2.8074878369502043E-004
  Kgq      =   -7.2521977430119136E-002       +-    1.3570378622428390E-004
  K_nlo    =    1.1868731263878747            +-    3.1182590838774047E-004
  Kqq2     =    5.7671692476346820E-002       +-    2.3034423659359129E-004
  Kgq2     =   -3.7243055030517148E-002       +-    1.3283677255732454E-004
  Kqqs     =    1.9030398999457707E-003       +-    3.5079188709625610E-006
  Kgg      =    1.3399291772713015E-003       +-    2.3837099212296243E-006
  Kgghhz   =   0.18862737932649354            +-    6.0247721046620027E-004
  K_nnlo   =    1.2105447329109214            +-    4.0982613409220751E-004
  K_nnlo2  =    1.3991721122374150            +-    7.2865372387444661E-004
  sig_LO   = (  0.22011871116707979            +-    1.4486935288152597E-004 ) fb
  sig_NLO  = (  0.26125298289934151            +-    1.6030721407454202E-004 ) fb
  sig_NNLO = (  0.26646354641844883            +-    1.7066061570166166E-004 ) fb
  sig_HHZ  = (  0.30798396204662049            +-    2.1613001573251827E-004 ) fb

  pp ---> HHZ + X
  ===============

  PDFSET = PDF4LHC21_40                                NSET =  38
  Sqrt(S)  = 13.6 TeV
  LOOP     = 3
  alphaS(MZ) =   0.11800
          kl =  -1.70000
          kv =   1.20000
         k2v =   1.60000
         kth =   0.00000
         kbh =   1.00000
 --------------

  mH       = 125.0000      GeV
  fact_scale 1.0
  ren_scale  1.0
  Kqq      =   0.25942304679763412            +-    2.8087148365683358E-004
  Kgq      =   -7.2556798499718855E-002       +-    1.3575519627346991E-004
  K_nlo    =    1.1868662482979153            +-    3.1195875311784292E-004
  Kqq2     =    5.7684992800307131E-002       +-    2.3043491710070485E-004
  Kgq2     =   -3.7259787439012662E-002       +-    1.3289366706355950E-004
  Kqqs     =    1.9050469294493841E-003       +-    3.5115563971572700E-006
  Kgg      =    1.3389253945104635E-003       +-    2.3813433939612623E-006
  Kgghhz   =   0.18845147072733548            +-    6.0200871620755085E-004
  K_nnlo   =    1.2105354259831698            +-    4.0999663807931224E-004
  K_nnlo2  =    1.3989868967105052            +-    7.2836236697553370E-004
  sig_LO   = (  0.22023857845226516            +-    1.4501142311311373E-004 ) fb
  sig_NLO  = (  0.26139373533810600            +-    1.6046413390860168E-004 ) fb
  sig_NNLO = (  0.26660660138464054            +-    1.7082703211501279E-004 ) fb
  sig_HHZ  = (  0.30811088540486758            +-    2.1624245962677008E-004 ) fb

  pp ---> HHZ + X
  ===============

  PDFSET = PDF4LHC21_40                                NSET =  39
  Sqrt(S)  = 13.6 TeV
  LOOP     = 3
  alphaS(MZ) =   0.11800
          kl =  -1.70000
          kv =   1.20000
         k2v =   1.60000
         kth =   0.00000
         kbh =   1.00000
 --------------

  mH       = 125.0000      GeV
  fact_scale 1.0
  ren_scale  1.0
  Kqq      =   0.25947328886965559            +-    2.8100973159991762E-004
  Kgq      =   -7.2787812227110837E-002       +-    1.3637584783237776E-004
  K_nlo    =    1.1866854766425448            +-    3.1235371156088028E-004
  Kqq2     =    5.7700622699652739E-002       +-    2.3049673407797637E-004
  Kgq2     =   -3.7371567932859680E-002       +-    1.3344761135376516E-004
  Kqqs     =    1.9046540149417323E-003       +-    3.5154544824743290E-006
  Kgg      =    1.3493190007138457E-003       +-    2.4026926597236961E-006
  Kgghhz   =   0.19012575167854862            +-    6.0670384739236818E-004
  K_nnlo   =    1.2102685044249935            +-    4.1051185351306476E-004
  K_nnlo2  =    1.4003942561035421            +-    7.3253637473877972E-004
  sig_LO   = (  0.21939985137911680            +-    1.4455490816248361E-004 ) fb
  sig_NLO  = (  0.26035861720913067            +-    1.5997665900676719E-004 ) fb
  sig_NNLO = (  0.26553272999966948            +-    1.7031749469323201E-004 ) fb
  sig_HHZ  = (  0.30724629166128592            +-    2.1616317098670378E-004 ) fb

  pp ---> HHZ + X
  ===============

  PDFSET = PDF4LHC21_40                                NSET =  40
  Sqrt(S)  = 13.6 TeV
  LOOP     = 3
  alphaS(MZ) =   0.11800
          kl =  -1.70000
          kv =   1.20000
         k2v =   1.60000
         kth =   0.00000
         kbh =   1.00000
 --------------

  mH       = 125.0000      GeV
  fact_scale 1.0
  ren_scale  1.0
  Kqq      =   0.25955955552796839            +-    2.8097466085366825E-004
  Kgq      =   -7.2699467624810055E-002       +-    1.3600760834687665E-004
  K_nlo    =    1.1868600879031583            +-    3.1216154402820230E-004
  Kqq2     =    5.7738631079026194E-002       +-    2.3047150750998694E-004
  Kgq2     =   -3.7336935557360867E-002       +-    1.3316024678069300E-004
  Kqqs     =    1.9077003264924319E-003       +-    3.5140060600943935E-006
  Kgg      =    1.3437113873335002E-003       +-    2.3901203298697031E-006
  Kgghhz   =   0.18914491696903740            +-    6.0405833222613634E-004
  K_nnlo   =    1.2105131951386496            +-    4.1025803780117944E-004
  K_nnlo2  =    1.3996581121076870            +-    7.3020416755335989E-004
  sig_LO   = (  0.21944178183677718            +-    1.4452902890282746E-004 ) fb
  sig_NLO  = (  0.26044669248042307            +-    1.5994082125231462E-004 ) fb
  sig_NNLO = (  0.26563717247815560            +-    1.7027517973843380E-004 ) fb
  sig_HHZ  = (  0.30714347008321041            +-    2.1578840022351602E-004 ) fb

  pp ---> HHZ + X
  ===============

  PDFSET = PDF4LHC21_40                                NSET =  41
  Sqrt(S)  = 13.6 TeV
  LOOP     = 3
  alphaS(MZ) =   0.11700
          kl =  -1.70000
          kv =   1.20000
         k2v =   1.60000
         kth =   0.00000
         kbh =   1.00000
 --------------

  mH       = 125.0000      GeV
  fact_scale 1.0
  ren_scale  1.0
  Kqq      =   0.25756352119102954            +-    2.7896554953452129E-004
  Kgq      =   -7.1123932053436867E-002       +-    1.3316587061504325E-004
  K_nlo    =    1.1864395891375927            +-    3.0911959970820335E-004
  Kqq2     =    5.6868394331021921E-002       +-    2.2748094538513713E-004
  Kgq2     =   -3.6288774941061329E-002       +-    1.2949949335612745E-004
  Kqqs     =    1.8753127634559862E-003       +-    3.4612409821158527E-006
  Kgg      =    1.2892115741923909E-003       +-    2.2922528179209229E-006
  Kgghhz   =   0.18067457132366849            +-    5.7679886021649960E-004
  K_nnlo   =    1.2101837328652019            +-    4.0508006718263352E-004
  K_nnlo2  =    1.3908583041888702            +-    7.0483103363553734E-004
  sig_LO   = (  0.22057409936364650            +-    1.4531950674559772E-004 ) fb
  sig_NLO  = (  0.26169784382339928            +-    1.6052036172353788E-004 ) fb
  sig_NNLO = (  0.26693518694127760            +-    1.7059077377321101E-004 ) fb
  sig_HHZ  = (  0.30678731778890866            +-    2.1280952377229824E-004 ) fb

  pp ---> HHZ + X
  ===============

  PDFSET = PDF4LHC21_40                                NSET =  42
  Sqrt(S)  = 13.6 TeV
  LOOP     = 3
  alphaS(MZ) =   0.11900
          kl =  -1.70000
          kv =   1.20000
         k2v =   1.60000
         kth =   0.00000
         kbh =   1.00000
 --------------

  mH       = 125.0000      GeV
  fact_scale 1.0
  ren_scale  1.0
  Kqq      =   0.26130035265584689            +-    2.8280762056505067E-004
  Kgq      =   -7.1851043859655975E-002       +-    1.3466562654855329E-004
  K_nlo    =    1.1894493087961908            +-    3.1323311003688623E-004
  Kqq2     =    5.8515474884202653E-002       +-    2.3338114362491825E-004
  Kgq2     =   -3.7139239526578008E-002       +-    1.3259172499349738E-004
  Kqqs     =    1.9346721514709952E-003       +-    3.5639276236090877E-006
  Kgg      =    1.3183625553929382E-003       +-    2.3546425997312998E-006
  Kgghhz   =   0.18519416439762398            +-    5.9069868627543466E-004
  K_nnlo   =    1.2140785788606796            +-    4.1252945456256193E-004
  K_nnlo2  =    1.3992727432583036            +-    7.2048975624168954E-004
  sig_LO   = (  0.22041232634550387            +-    1.4510935178641273E-004 ) fb
  sig_NLO  = (  0.26216928922182003            +-    1.6069631644886250E-004 ) fb
  sig_NNLO = (  0.26759788393292561            +-    1.7124358772896637E-004 ) fb
  sig_HHZ  = (  0.30841696053341761            +-    2.1511786507235793E-004 ) fb

