  pp ---> HHZ + X
  ===============

  PDFSET = PDF4LHC21_40                                NSET =   0
  Sqrt(S)  = 13.6 TeV
  LOOP     = 3
  alphaS(MZ) =   0.11800
          kl =  -1.00000
          kv =   0.00000
         k2v =   1.00000
         kth =   0.00000
         kbh =   1.00000
 --------------

  mH       = 125.0000      GeV
  fact_scale 0.5
  ren_scale  0.5
  Kqq      =   0.20528310807551886            +-    1.6045355483335029E-004
  Kgq      =   -2.7392843550010464E-002       +-    1.1073326914094659E-004
  K_nlo    =    1.1778902645255085            +-    1.9495435402498777E-004
  Kqq2     =    2.4858690223913668E-002       +-    1.5034779370760081E-004
  Kgq2     =   -1.7749227678287727E-002       +-    1.1322494235961624E-004
  Kqqs     =    1.2220431929949951E-003       +-    2.8125157227678089E-006
  Kgg      =    4.1111818395447533E-004       +-    1.8818155734603808E-006
  Kgghhz   =    3.6074637496796337E-004       +-    8.1207931636702929E-007
  K_nnlo   =    1.1866328884480839            +-    2.7100368682533691E-004
  K_nnlo2  =    1.1869936348230519            +-    2.7100490354556571E-004
  sig_LO   = (  0.13836515442392475            +-    6.6137578919401004E-005 ) fb
  sig_NLO  = (  0.16297896834550954            +-    7.1427053684738870E-005 ) fb
  sig_NNLO = (  0.16418864285462698            +-    7.6027885509293586E-005 ) fb
  sig_HHZ  = (  0.16423855758250730            +-    7.6027968541622198E-005 ) fb

  mH       = 125.0000      GeV
  fact_scale 1.0
  ren_scale  0.5
  Kqq      =   0.28322117369638283            +-    1.8397896001090075E-004
  Kgq      =   -7.7355078705125951E-002       +-    1.0500268900323153E-004
  K_nlo    =    1.2058660949912567            +-    2.1183442219007274E-004
  Kqq2     =    4.5574998255118029E-002       +-    2.3335057897288356E-004
  Kgq2     =   -3.6783645295463956E-002       +-    1.4266354125811771E-004
  Kqqs     =    2.2422597624292906E-003       +-    3.2749044096041136E-006
  Kgg      =    1.5312024286371860E-003       +-    2.1245592000936892E-006
  Kgghhz   =    3.4518621930131077E-004       +-    7.8006572033152934E-007
  K_nnlo   =    1.2184309101419772            +-    3.4596884236383964E-004
  K_nnlo2  =    1.2187760963612786            +-    3.4596972178082777E-004
  sig_LO   = (  0.13482920317139083            +-    6.4529887639587678E-005 ) fb
  sig_NLO  = (  0.16258596471906786            +-    7.0568149747140597E-005 ) fb
  sig_NNLO = (  0.16428006873383533            +-    7.9624250898111391E-005 ) fb
  sig_HHZ  = (  0.16432660991672945            +-    7.9624320361310066E-005 ) fb

  mH       = 125.0000      GeV
  fact_scale 0.5
  ren_scale  1.0
  Kqq      =   0.18915204658837803            +-    1.4796600194072739E-004
  Kgq      =   -2.5240595504244970E-002       +-    1.0184686235900982E-004
  K_nlo    =    1.1639114510841331            +-    1.7962939932733292E-004
  Kqq2     =    3.5376075447613252E-002       +-    1.0679653033347040E-004
  Kgq2     =   -1.6946060271348141E-002       +-    9.4191125307038908E-005
  Kqqs     =    1.0345365996496680E-003       +-    2.3738316173760884E-006
  Kgg      =    3.4787665365430869E-004       +-    1.5895432963808804E-006
  Kgghhz   =    3.0449851093274321E-004       +-    6.8539983554918204E-007
  K_nnlo   =    1.1837238795137022            +-    2.2924299292456318E-004
  K_nnlo2  =    1.1840283780246350            +-    2.2924401754014412E-004
  sig_LO   = (  0.13836515442392475            +-    6.6137578919401004E-005 ) fb
  sig_NLO  = (  0.16104478766503041            +-    7.0653542084567802E-005 ) fb
  sig_NNLO = (  0.16378613738420070            +-    7.3350457842961779E-005 ) fb
  sig_HHZ  = (  0.16382826936768777            +-    7.3350519149733802E-005 ) fb

  mH       = 125.0000      GeV
  fact_scale 1.0
  ren_scale  1.0
  Kqq      =   0.26096889867973272            +-    1.6956626657541532E-004
  Kgq      =   -7.1209578757580660E-002       +-    9.6538920214471330E-005
  K_nlo    =    1.1897593199221521            +-    1.9512171041814101E-004
  Kqq2     =    5.8422234396898538E-002       +-    1.6307934491958134E-004
  Kgq2     =   -3.6547075162135338E-002       +-    1.0644957738743064E-004
  Kqqs     =    1.9017946429362735E-003       +-    2.7710978746873115E-006
  Kgg      =    1.2946054974914960E-003       +-    1.7935441194396846E-006
  Kgghhz   =    2.9133568958730668E-004       +-    6.5828851654640186E-007
  K_nnlo   =    1.2148308792973430            +-    2.7569868140018861E-004
  K_nnlo2  =    1.2151222149869303            +-    2.7569946730012683E-004
  sig_LO   = (  0.13482920317139083            +-    6.4529887639587678E-005 ) fb
  sig_NLO  = (  0.16041430107083962            +-    6.9686603975491009E-005 ) fb
  sig_NNLO = (  0.16379467944366083            +-    7.4470674391211776E-005 ) fb
  sig_HHZ  = (  0.16383396000254327            +-    7.4470727282611139E-005 ) fb

  mH       = 125.0000      GeV
  fact_scale 1.5
  ren_scale  1.0
  Kqq      =   0.30389971009784578            +-    1.9368013156621328E-004
  Kgq      =   -9.7089292655664072E-002       +-    1.0618403098934791E-004
  K_nlo    =    1.2068104174421816            +-    2.2087788889033796E-004
  Kqq2     =    7.1893329990843635E-002       +-    2.1565438906506892E-004
  Kgq2     =   -5.0268624639877711E-002       +-    1.2282466056200522E-004
  Kqqs     =    3.3029841249962387E-003       +-    3.2282466159638609E-006
  Kgg      =    2.1308141375196476E-003       +-    2.2393683751757990E-006
  Kgghhz   =    2.8414560367828436E-004       +-    6.4332243069909059E-007
  K_nnlo   =    1.2338689210556635            +-    3.3225771761207542E-004
  K_nnlo2  =    1.2341530666593417            +-    3.3225834041681403E-004
  sig_LO   = (  0.13276772368579082            +-    6.3595131250508959E-005 ) fb
  sig_NLO  = (  0.16022547204409746            +-    7.0030871775260493E-005 ) fb
  sig_NNLO = (  0.16381796797520315            +-    7.7397069614274920E-005 ) fb
  sig_HHZ  = (  0.16385569334019884            +-    7.7397116743224616E-005 ) fb

  mH       = 125.0000      GeV
  fact_scale 2.0
  ren_scale  1.0
  Kqq      =   0.33471685141962859            +-    2.1238944282849875E-004
  Kgq      =  -0.11491110082891817            +-    1.1476088555667228E-004
  K_nlo    =    1.2198057505907105            +-    2.4141113536610480E-004
  Kqq2     =    8.1474995650741761E-002       +-    2.6085420408680863E-004
  Kgq2     =   -6.0997504022464233E-002       +-    1.4206374727988673E-004
  Kqqs     =    4.6757362042539104E-003       +-    3.8473508774128110E-006
  Kgg      =    2.8338172219727819E-003       +-    2.5420864996344908E-006
  Kgghhz   =    2.7926432105848274E-004       +-    6.3311463820417652E-007
  K_nnlo   =    1.2477927956452148            +-    3.8278926927522833E-004
  K_nnlo2  =    1.2480720599662734            +-    3.8278979284511798E-004
  sig_LO   = (  0.13131508418457982            +-    6.2937707608624389E-005 ) fb
  sig_NLO  = (  0.16017889482765371            +-    7.0470586728222520E-005 ) fb
  sig_NNLO = (  0.16385401600506355            +-    8.0547044078200115E-005 ) fb
  sig_HHZ  = (  0.16389068762289311            +-    8.0547086983824264E-005 ) fb

  mH       = 125.0000      GeV
  fact_scale 1.0
  ren_scale  1.5
  Kqq      =   0.24953154111289863            +-    1.6215873249481822E-004
  Kgq      =   -6.8055383922381071E-002       +-    9.2204285402640391E-005
  K_nlo    =    1.1814761571905177            +-    1.8653976726408118E-004
  Kqq2     =    6.4102058118791674E-002       +-    1.4636066440253638E-004
  Kgq2     =   -3.6283017835539444E-002       +-    9.2781806076760060E-005
  Kqqs     =    1.7378551784826689E-003       +-    2.5290683990102956E-006
  Kgg      =    1.1810812348977734E-003       +-    1.6350032737450594E-006
  Kgghhz   =    2.6554699433125825E-004       +-    5.9998276306825711E-007
  K_nnlo   =    1.2122141338871502            +-    2.5462926347304821E-004
  K_nnlo2  =    1.2124796808814815            +-    2.5462997034155855E-004
  sig_LO   = (  0.13482920317139083            +-    6.4529887639587678E-005 ) fb
  sig_NLO  = (  0.15929748883999439            +-    6.9258065315513069E-005 ) fb
  sig_NNLO = (  0.16344186574510219            +-    7.3094155665477946E-005 ) fb
  sig_HHZ  = (  0.16347766923475243            +-    7.3094200429871039E-005 ) fb

  mH       = 125.0000      GeV
  fact_scale 1.5
  ren_scale  1.5
  Kqq      =   0.29057883992467592            +-    1.8521877730912829E-004
  Kgq      =   -9.2780631415815745E-002       +-    1.0147493347412771E-004
  K_nlo    =    1.1977982085088603            +-    2.1119459650158453E-004
  Kqq2     =    7.8195769533973877E-002       +-    1.8108277547253845E-004
  Kgq2     =   -4.9914129983898096E-002       +-    1.1636581178406070E-004
  Kqqs     =    3.0179923105028727E-003       +-    2.9476963689228921E-006
  Kgg      =    1.9436664996009402E-003       +-    2.0427995896164958E-006
  Kgghhz   =    2.5898679988222567E-004       +-    5.8631753150475875E-007
  K_nnlo   =    1.2310415068690399            +-    3.0157584992919278E-004
  K_nnlo2  =    1.2313004936689220            +-    3.0157641988186470E-004
  sig_LO   = (  0.13276772368579082            +-    6.3595131250508959E-005 ) fb
  sig_NLO  = (  0.15902894157863962            +-    6.9502320475453371E-005 ) fb
  sig_NNLO = (  0.16344257862972825            +-    7.5149886302026435E-005 ) fb
  sig_HHZ  = (  0.16347696371761328            +-    7.5149926619409873E-005 ) fb

  mH       = 125.0000      GeV
  fact_scale 2.0
  ren_scale  1.5
  Kqq      =   0.32004257283930854            +-    2.0309598332009723E-004
  Kgq      =  -0.10980681113059891            +-    1.0964697578701536E-004
  K_nlo    =    1.2102357617087096            +-    2.3080389455118721E-004
  Kqq2     =    8.8195718751615595E-002       +-    2.1334424628977915E-004
  Kgq2     =   -6.0460818509362142E-002       +-    1.3780707202920236E-004
  Kqqs     =    4.2718190863075406E-003       +-    3.5111420536595792E-006
  Kgg      =    2.5847231490950307E-003       +-    2.3183050306858050E-006
  Kgghhz   =    2.5453350332806172E-004       +-    5.7700607496998534E-007
  K_nnlo   =    1.2448272041863655            +-    3.4321232047079483E-004
  K_nnlo2  =    1.2450817376896937            +-    3.4321280549967555E-004
  sig_LO   = (  0.13131508418457982            +-    6.2937707608624389E-005 ) fb
  sig_NLO  = (  0.15892221093196829            +-    6.9855077795735201E-005 ) fb
  sig_NNLO = (  0.16346458911298772            +-    7.7410372184932117E-005 ) fb
  sig_HHZ  = (  0.16349801320140506            +-    7.7410409266727122E-005 ) fb

  mH       = 125.0000      GeV
  fact_scale 1.0
  ren_scale  2.0
  Kqq      =   0.24201734798971639            +-    1.5729208435273260E-004
  Kgq      =   -6.5984788161697283E-002       +-    8.9362172879371005E-005
  K_nlo    =    1.1760325598280190            +-    1.8090438839826341E-004
  Kqq2     =    6.7302595705295704E-002       +-    1.5025514928648537E-004
  Kgq2     =   -3.6057048564381709E-002       +-    8.7442034791641052E-005
  Kqqs     =    1.6342243928596158E-003       +-    2.3762968307266498E-006
  Kgg      =    1.1094609037829561E-003       +-    1.5350801512565009E-006
  Kgghhz   =    2.4929514381094700E-004       +-    5.6324295884101503E-007
  K_nnlo   =    1.2100217922655756            +-    2.5091257508354339E-004
  K_nnlo2  =    1.2102710874093865            +-    2.5091320726037018E-004
  sig_LO   = (  0.13482920317139083            +-    6.4529887639587678E-005 ) fb
  sig_NLO  = (  0.15856353294522282            +-    6.8985772227073903E-005 ) fb
  sig_NNLO = (  0.16314627407118576            +-    7.2860129541393607E-005 ) fb
  sig_HHZ  = (  0.16317988633678029            +-    7.2860169118079652E-005 ) fb

  mH       = 125.0000      GeV
  fact_scale 1.5
  ren_scale  2.0
  Kqq      =   0.28182729257161715            +-    1.7965933254968897E-004
  Kgq      =   -8.9952593771621778E-002       +-    9.8384326560520160E-005
  K_nlo    =    1.1918746987999955            +-    2.0483396077058806E-004
  Kqq2     =    8.1783326884277238E-002       +-    1.8074286954407022E-004
  Kgq2     =   -4.9597845414223331E-002       +-    1.1431103098019849E-004
  Kqqs     =    2.8378586729023037E-003       +-    2.7705136520371648E-006
  Kgg      =    1.8256212072631610E-003       +-    1.9188023931393249E-006
  Kgghhz   =    2.4313235579268044E-004       +-    5.5039868848609120E-007
  K_nnlo   =    1.2287236601502147            +-    2.9614743917222639E-004
  K_nnlo2  =    1.2289667925060075            +-    2.9614795063782532E-004
  sig_LO   = (  0.13276772368579082            +-    6.3595131250508959E-005 ) fb
  sig_NLO  = (  0.15824249067836293            +-    6.9165939349163415E-005 ) fb
  sig_NNLO = (  0.16313484339701725            +-    7.4768378563610865E-005 ) fb
  sig_HHZ  = (  0.16316712352645021            +-    7.4768414273766035E-005 ) fb

  mH       = 125.0000      GeV
  fact_scale 2.0
  ren_scale  2.0
  Kqq      =   0.31040201851370436            +-    1.9699077797893442E-004
  Kgq      =  -0.10645695472723359            +-    1.0628936482711537E-004
  K_nlo    =    1.2039450637864708            +-    2.2383653786658123E-004
  Kqq2     =    9.2086225518556525E-002       +-    2.0445711812046405E-004
  Kgq2     =   -6.0011003036183563E-002       +-    1.3550139737364061E-004
  Kqqs     =    4.0165502943448929E-003       +-    3.2989654930800092E-006
  Kgg      =    2.4276194254160581E-003       +-    2.1772047312592925E-006
  Kgghhz   =    2.3894914074254887E-004       +-    5.4165328507349683E-007
  K_nnlo   =    1.2424644559886049            +-    3.3208697794131955E-004
  K_nnlo2  =    1.2427034051293475            +-    3.3208741967512062E-004
  sig_LO   = (  0.13131508418457982            +-    6.2937707608624389E-005 ) fb
  sig_NLO  = (  0.15809614740472974            +-    6.9463013026243816E-005 ) fb
  sig_NNLO = (  0.16315432463449178            +-    7.6569022932555003E-005 ) fb
  sig_HHZ  = (  0.16318570226102422            +-    7.6569055968657204E-005 ) fb

  pp ---> HHZ + X
  ===============

  PDFSET = PDF4LHC21_40                                NSET =   1
  Sqrt(S)  = 13.6 TeV
  LOOP     = 3
  alphaS(MZ) =   0.11800
          kl =  -1.00000
          kv =   0.00000
         k2v =   1.00000
         kth =   0.00000
         kbh =   1.00000
 --------------

  mH       = 125.0000      GeV
  fact_scale 1.0
  ren_scale  1.0
  Kqq      =   0.26120215077886816            +-    1.6894697982674871E-004
  Kgq      =   -7.1377574448192552E-002       +-    9.6401842206652008E-005
  K_nlo    =    1.1898245763306756            +-    1.9451580186045572E-004
  Kqq2     =    5.8515381182020251E-002       +-    1.6265781202515054E-004
  Kgq2     =   -3.6638732987353526E-002       +-    1.0629526736536564E-004
  Kqqs     =    1.9064132294397554E-003       +-    2.7696091339182410E-006
  Kgg      =    1.2968250463350228E-003       +-    1.7968317745134997E-006
  Kgghhz   =    2.9183963667160244E-004       +-    6.5884503745961251E-007
  K_nnlo   =    1.2149044628011172            +-    2.7496098666843709E-004
  K_nnlo2  =    1.2151963024377888            +-    2.7496177600980074E-004
  sig_LO   = (  0.13458588931284035            +-    6.4090964987817523E-005 ) fb
  sig_NLO  = (  0.16013359873173746            +-    6.9231467822035059E-005 ) fb
  sig_NNLO = (  0.16350899755622689            +-    7.4007338334653044E-005 ) fb
  sig_HHZ  = (  0.16354827505326508            +-    7.4007391454972561E-005 ) fb

  pp ---> HHZ + X
  ===============

  PDFSET = PDF4LHC21_40                                NSET =   2
  Sqrt(S)  = 13.6 TeV
  LOOP     = 3
  alphaS(MZ) =   0.11800
          kl =  -1.00000
          kv =   0.00000
         k2v =   1.00000
         kth =   0.00000
         kbh =   1.00000
 --------------

  mH       = 125.0000      GeV
  fact_scale 1.0
  ren_scale  1.0
  Kqq      =   0.26100853190161299            +-    1.6928493353135526E-004
  Kgq      =   -7.1587625672893535E-002       +-    9.6697984996381184E-005
  K_nlo    =    1.1894209062287193            +-    1.9495612076330339E-004
  Kqq2     =    5.8445510034813242E-002       +-    1.6292584870386686E-004
  Kgq2     =   -3.6752232267537419E-002       +-    1.0670526060165442E-004
  Kqqs     =    1.9217283794723816E-003       +-    2.7929024087766498E-006
  Kgg      =    1.2891546416353365E-003       +-    1.7787730861173579E-006
  Kgghhz   =    2.9031147263075318E-004       +-    6.5585466965138680E-007
  K_nnlo   =    1.2143250670171031            +-    2.7558972799539332E-004
  K_nnlo2  =    1.2146153784897338            +-    2.7559050840317880E-004
  sig_LO   = (  0.13457879151554789            +-    6.4281538928729487E-005 ) fb
  sig_NLO  = (  0.16007082816358886            +-    6.9429779428437416E-005 ) fb
  sig_NNLO = (  0.16342240002619840            +-    7.4213714996548624E-005 ) fb
  sig_HHZ  = (  0.16346146979334814            +-    7.4213767483839464E-005 ) fb

  pp ---> HHZ + X
  ===============

  PDFSET = PDF4LHC21_40                                NSET =   3
  Sqrt(S)  = 13.6 TeV
  LOOP     = 3
  alphaS(MZ) =   0.11800
          kl =  -1.00000
          kv =   0.00000
         k2v =   1.00000
         kth =   0.00000
         kbh =   1.00000
 --------------

  mH       = 125.0000      GeV
  fact_scale 1.0
  ren_scale  1.0
  Kqq      =   0.26094308420259815            +-    1.6886024852942616E-004
  Kgq      =   -7.1159833263943151E-002       +-    9.6272744723289292E-005
  K_nlo    =    1.1897832509386550            +-    1.9437650297804822E-004
  Kqq2     =    5.8420525967532659E-002       +-    1.6251455318418143E-004
  Kgq2     =   -3.6524368900535543E-002       +-    1.0618809702825032E-004
  Kqqs     =    1.9014388640451487E-003       +-    2.7668822873182285E-006
  Kgg      =    1.2911168310488501E-003       +-    1.7884213527968524E-006
  Kgghhz   =    2.9063664710077101E-004       +-    6.5828700348118098E-007
  K_nnlo   =    1.2148719637007461            +-    2.7473618426708454E-004
  K_nnlo2  =    1.2151626003478468            +-    2.7473697291667239E-004
  sig_LO   = (  0.13472328940026554            +-    6.4150156956919901E-005 ) fb
  sig_NLO  = (  0.16029151323979718            +-    6.9289276220414509E-005 ) fb
  sig_NNLO = (  0.16367154714992449            +-    7.4062349667840930E-005 ) fb
  sig_HHZ  = (  0.16371070267504217            +-    7.4062402767077905E-005 ) fb

  pp ---> HHZ + X
  ===============

  PDFSET = PDF4LHC21_40                                NSET =   4
  Sqrt(S)  = 13.6 TeV
  LOOP     = 3
  alphaS(MZ) =   0.11800
          kl =  -1.00000
          kv =   0.00000
         k2v =   1.00000
         kth =   0.00000
         kbh =   1.00000
 --------------

  mH       = 125.0000      GeV
  fact_scale 1.0
  ren_scale  1.0
  Kqq      =   0.26147069849909310            +-    1.6975766307664525E-004
  Kgq      =   -7.2183456873569668E-002       +-    9.8026488687896979E-005
  K_nlo    =    1.1892872416255234            +-    1.9602769359894587E-004
  Kqq2     =    5.8626349681503591E-002       +-    1.6311156776314080E-004
  Kgq2     =   -3.7042005802260441E-002       +-    1.0804105705493065E-004
  Kqqs     =    1.9218922358504211E-003       +-    2.8015362362240469E-006
  Kgg      =    1.3202965260597286E-003       +-    1.8341236186255815E-006
  Kgghhz   =    2.9698654813698139E-004       +-    6.7107388021060440E-007
  K_nnlo   =    1.2141137742666765            +-    2.7697711605861945E-004
  K_nnlo2  =    1.2144107608148136            +-    2.7697792901294977E-004
  sig_LO   = (  0.13271603772552151            +-    6.3496095514696849E-005 ) fb
  sig_NLO  = (  0.15783749042605438            +-    6.8619147318491703E-005 ) fb
  sig_NNLO = (  0.16113236946865156            +-    7.3368935374049178E-005 ) fb
  sig_HHZ  = (  0.16117178434657808            +-    7.3368989430199331E-005 ) fb

  pp ---> HHZ + X
  ===============

  PDFSET = PDF4LHC21_40                                NSET =   5
  Sqrt(S)  = 13.6 TeV
  LOOP     = 3
  alphaS(MZ) =   0.11800
          kl =  -1.00000
          kv =   0.00000
         k2v =   1.00000
         kth =   0.00000
         kbh =   1.00000
 --------------

  mH       = 125.0000      GeV
  fact_scale 1.0
  ren_scale  1.0
  Kqq      =   0.26115188329996725            +-    1.6997154944949146E-004
  Kgq      =   -7.1146703679533810E-002       +-    9.6332440470258749E-005
  K_nlo    =    1.1900051796204334            +-    1.9537212367483971E-004
  Kqq2     =    5.8490070376710800E-002       +-    1.6340328605379427E-004
  Kgq2     =   -3.6519902412148052E-002       +-    1.0630293730233998E-004
  Kqqs     =    1.9022345697027585E-003       +-    2.7702772314525706E-006
  Kgg      =    1.2881249505752568E-003       +-    1.7883115505392937E-006
  Kgghhz   =    2.9007243690464056E-004       +-    6.6030100886525676E-007
  K_nnlo   =    1.2151657071052742            +-    2.7601102799642099E-004
  K_nnlo2  =    1.2154557795421788            +-    2.7601181781413531E-004
  sig_LO   = (  0.13443924643386859            +-    6.4515522662034625E-005 ) fb
  sig_NLO  = (  0.15998339960057151            +-    6.9657294427833487E-005 ) fb
  sig_NNLO = (  0.16336596195551215            +-    7.4425539525073021E-005 ) fb
  sig_HHZ  = (  0.16340495907534083            +-    7.4425592465070811E-005 ) fb

  pp ---> HHZ + X
  ===============

  PDFSET = PDF4LHC21_40                                NSET =   6
  Sqrt(S)  = 13.6 TeV
  LOOP     = 3
  alphaS(MZ) =   0.11800
          kl =  -1.00000
          kv =   0.00000
         k2v =   1.00000
         kth =   0.00000
         kbh =   1.00000
 --------------

  mH       = 125.0000      GeV
  fact_scale 1.0
  ren_scale  1.0
  Kqq      =   0.26106298424723035            +-    1.6904882353573891E-004
  Kgq      =   -7.1359810571670679E-002       +-    9.6590670696532189E-005
  K_nlo    =    1.1897031736755597            +-    1.9469787467875276E-004
  Kqq2     =    5.8463332822334235E-002       +-    1.6272110810688914E-004
  Kgq2     =   -3.6624741592526912E-002       +-    1.0645875035388416E-004
  Kqqs     =    1.9031943788273651E-003       +-    2.7663789380648560E-006
  Kgg      =    1.3004689974801802E-003       +-    1.8041404256562697E-006
  Kgghhz   =    2.9259561321270337E-004       +-    6.6069708488947808E-007
  K_nnlo   =    1.2147454282816748            +-    2.7519046991124585E-004
  K_nnlo2  =    1.2150380238948875            +-    2.7519126303465790E-004
  sig_LO   = (  0.13472440170934599            +-    6.4237410670355756E-005 ) fb
  sig_NLO  = (  0.16028204828514991            +-    6.9386503936007957E-005 ) fb
  sig_NNLO = (  0.16365585105441185            +-    7.4168666025915394E-005 ) fb
  sig_HHZ  = (  0.16369527082334470            +-    7.4168719438880620E-005 ) fb

  pp ---> HHZ + X
  ===============

  PDFSET = PDF4LHC21_40                                NSET =   7
  Sqrt(S)  = 13.6 TeV
  LOOP     = 3
  alphaS(MZ) =   0.11800
          kl =  -1.00000
          kv =   0.00000
         k2v =   1.00000
         kth =   0.00000
         kbh =   1.00000
 --------------

  mH       = 125.0000      GeV
  fact_scale 1.0
  ren_scale  1.0
  Kqq      =   0.26124998934789345            +-    1.7082346991883560E-004
  Kgq      =   -7.1185521112802186E-002       +-    9.6518424624917435E-005
  K_nlo    =    1.1900644682350912            +-    1.9620515836029186E-004
  Kqq2     =    5.8515006656742342E-002       +-    1.6405056485032971E-004
  Kgq2     =   -3.6540962542422006E-002       +-    1.0650335955323188E-004
  Kqqs     =    1.9033260402766124E-003       +-    2.7756068245024722E-006
  Kgg      =    1.2893651629069193E-003       +-    1.7856322916723703E-006
  Kgghhz   =    2.9031182165585085E-004       +-    6.5834710913092949E-007
  K_nnlo   =    1.2152312035525950            +-    2.7706120274580072E-004
  K_nnlo2  =    1.2155215153742509            +-    2.7706198492010017E-004
  sig_LO   = (  0.13443308853275865            +-    6.4933175861778803E-005 ) fb
  sig_NLO  = (  0.15998404201793837            +-    7.0085913390516681E-005 ) fb
  sig_NNLO = (  0.16336728397495687            +-    7.4857172236322757E-005 ) fb
  sig_HHZ  = (  0.16340631148977963            +-    7.4857224555228706E-005 ) fb

  pp ---> HHZ + X
  ===============

  PDFSET = PDF4LHC21_40                                NSET =   8
  Sqrt(S)  = 13.6 TeV
  LOOP     = 3
  alphaS(MZ) =   0.11800
          kl =  -1.00000
          kv =   0.00000
         k2v =   1.00000
         kth =   0.00000
         kbh =   1.00000
 --------------

  mH       = 125.0000      GeV
  fact_scale 1.0
  ren_scale  1.0
  Kqq      =   0.26081985607020436            +-    1.6964075866613378E-004
  Kgq      =   -7.1092858448481705E-002       +-    9.6756943687141892E-005
  K_nlo    =    1.1897269976217226            +-    1.9529437562945377E-004
  Kqq2     =    5.8359372326905593E-002       +-    1.6314173832610894E-004
  Kgq2     =   -3.6469472369493730E-002       +-    1.0656230930763471E-004
  Kqqs     =    1.9050075726024279E-003       +-    2.7759391137327939E-006
  Kgg      =    1.2970590427375545E-003       +-    1.8046728417196313E-006
  Kgghhz   =    2.9152065573391153E-004       +-    6.5661749592676620E-007
  K_nnlo   =    1.2148189641944742            +-    2.7590144686747765E-004
  K_nnlo2  =    1.2151104848502081            +-    2.7590222820793520E-004
  sig_LO   = (  0.13511170621454507            +-    6.4722744379451899E-005 ) fb
  sig_NLO  = (  0.16074604457817895            +-    6.9894806628718171E-005 ) fb
  sig_NNLO = (  0.16413626299410178            +-    7.4690339281454377E-005 ) fb
  sig_HHZ  = (  0.16417565084729477            +-    7.4690391970007997E-005 ) fb

  pp ---> HHZ + X
  ===============

  PDFSET = PDF4LHC21_40                                NSET =   9
  Sqrt(S)  = 13.6 TeV
  LOOP     = 3
  alphaS(MZ) =   0.11800
          kl =  -1.00000
          kv =   0.00000
         k2v =   1.00000
         kth =   0.00000
         kbh =   1.00000
 --------------

  mH       = 125.0000      GeV
  fact_scale 1.0
  ren_scale  1.0
  Kqq      =   0.26105699319251890            +-    1.6860053158486991E-004
  Kgq      =   -7.1316332576350436E-002       +-    9.6474327127338779E-005
  K_nlo    =    1.1897406606161685            +-    1.9425095893038337E-004
  Kqq2     =    5.8461956827157852E-002       +-    1.6239227857319034E-004
  Kgq2     =   -3.6599075424947128E-002       +-    1.0631474269646359E-004
  Kqqs     =    1.9067395174935829E-003       +-    2.7743441014230723E-006
  Kgg      =    1.2942204784918915E-003       +-    1.7926894238822908E-006
  Kgghhz   =    2.9119057232135798E-004       +-    6.5656994641045631E-007
  K_nnlo   =    1.2148045020143645            +-    2.7462414755579121E-004
  K_nnlo2  =    1.2150956925866858            +-    2.7462493241663170E-004
  sig_LO   = (  0.13528615735023591            +-    6.4293315782390257E-005 ) fb
  sig_NLO  = (  0.16095544221809260            +-    6.9456754723928556E-005 ) fb
  sig_NNLO = (  0.16434623300929033            +-    7.4256073107359131E-005 ) fb
  sig_HHZ  = (  0.16438562706287629            +-    7.4256126233294815E-005 ) fb

  pp ---> HHZ + X
  ===============

  PDFSET = PDF4LHC21_40                                NSET =  10
  Sqrt(S)  = 13.6 TeV
  LOOP     = 3
  alphaS(MZ) =   0.11800
          kl =  -1.00000
          kv =   0.00000
         k2v =   1.00000
         kth =   0.00000
         kbh =   1.00000
 --------------

  mH       = 125.0000      GeV
  fact_scale 1.0
  ren_scale  1.0
  Kqq      =   0.26093780625671198            +-    1.6979280437129783E-004
  Kgq      =   -7.1010542473135416E-002       +-    9.6469863587463233E-005
  K_nlo    =    1.1899272637835767            +-    1.9528448734309028E-004
  Kqq2     =    5.8407450294038120E-002       +-    1.6323926182296861E-004
  Kgq2     =   -3.6444783666803295E-002       +-    1.0635398392339650E-004
  Kqqs     =    1.9012338680426458E-003       +-    2.7739620366698717E-006
  Kgg      =    1.2896778579880187E-003       +-    1.7926471541226734E-006
  Kgghhz   =    2.9007429106966850E-004       +-    6.5511936990629068E-007
  K_nnlo   =    1.2150808421368422            +-    2.7587164758803947E-004
  K_nnlo2  =    1.2153709164279118            +-    2.7587242545120067E-004
  sig_LO   = (  0.13467761397673725            +-    6.4566363201814359E-005 ) fb
  sig_NLO  = (  0.16025656469223973            +-    6.9717493244502246E-005 ) fb
  sig_NNLO = (  0.16364418860783442            +-    7.4493055387413290E-005 ) fb
  sig_HHZ  = (  0.16368325512123166            +-    7.4493107637350455E-005 ) fb

  pp ---> HHZ + X
  ===============

  PDFSET = PDF4LHC21_40                                NSET =  11
  Sqrt(S)  = 13.6 TeV
  LOOP     = 3
  alphaS(MZ) =   0.11800
          kl =  -1.00000
          kv =   0.00000
         k2v =   1.00000
         kth =   0.00000
         kbh =   1.00000
 --------------

  mH       = 125.0000      GeV
  fact_scale 1.0
  ren_scale  1.0
  Kqq      =   0.26089107970299996            +-    1.6950531275460230E-004
  Kgq      =   -7.1141938354180076E-002       +-    9.6485588617003143E-005
  K_nlo    =    1.1897491413488199            +-    1.9504235402292782E-004
  Kqq2     =    5.8389464393376674E-002       +-    1.6305910424895529E-004
  Kgq2     =   -3.6512443460038381E-002       +-    1.0637193035851268E-004
  Kqqs     =    1.8994301945848614E-003       +-    2.7703636393301952E-006
  Kgg      =    1.2935210244788581E-003       +-    1.7924311905136144E-006
  Kgghhz   =    2.9106774711395354E-004       +-    6.5728410433802224E-007
  K_nnlo   =    1.2148191135012221            +-    2.7560055630157916E-004
  K_nnlo2  =    1.2151101812483360            +-    2.7560134008406729E-004
  sig_LO   = (  0.13497954753412589            +-    6.4600468027199094E-005 ) fb
  sig_NLO  = (  0.16059180077837848            +-    6.9758993063018460E-005 ) fb
  sig_NNLO = (  0.16397573427620285            +-    7.4545912602382537E-005 ) fb
  sig_HHZ  = (  0.16401502246901006            +-    7.4545965396825224E-005 ) fb

  pp ---> HHZ + X
  ===============

  PDFSET = PDF4LHC21_40                                NSET =  12
  Sqrt(S)  = 13.6 TeV
  LOOP     = 3
  alphaS(MZ) =   0.11800
          kl =  -1.00000
          kv =   0.00000
         k2v =   1.00000
         kth =   0.00000
         kbh =   1.00000
 --------------

  mH       = 125.0000      GeV
  fact_scale 1.0
  ren_scale  1.0
  Kqq      =   0.26064629639991038            +-    1.6879334843019698E-004
  Kgq      =   -7.0965300781275498E-002       +-    9.6237644375745925E-005
  K_nlo    =    1.1896809956186347            +-    1.9430100017568211E-004
  Kqq2     =    5.8301653998570083E-002       +-    1.6245115950904847E-004
  Kgq2     =   -3.6417918974007993E-002       +-    1.0605714087002579E-004
  Kqqs     =    1.8969156111559955E-003       +-    2.7653065754305022E-006
  Kgg      =    1.2895222832473045E-003       +-    1.7855928406061211E-006
  Kgghhz   =    2.9011188860240321E-004       +-    6.5346789460270944E-007
  K_nnlo   =    1.2147511685376002            +-    2.7459462902044854E-004
  K_nnlo2  =    1.2150412804262027            +-    2.7459540656603679E-004
  sig_LO   = (  0.13601727446044878            +-    6.4784381091990669E-005 ) fb
  sig_NLO  = (  0.16181716650143982            +-    6.9967640208103222E-005 ) fb
  sig_NNLO = (  0.16522714309212966            +-    7.4779740747603146E-005 ) fb
  sig_HHZ  = (  0.16526660332050594            +-    7.4779793570539871E-005 ) fb

  pp ---> HHZ + X
  ===============

  PDFSET = PDF4LHC21_40                                NSET =  13
  Sqrt(S)  = 13.6 TeV
  LOOP     = 3
  alphaS(MZ) =   0.11800
          kl =  -1.00000
          kv =   0.00000
         k2v =   1.00000
         kth =   0.00000
         kbh =   1.00000
 --------------

  mH       = 125.0000      GeV
  fact_scale 1.0
  ren_scale  1.0
  Kqq      =   0.26096250182991415            +-    1.6933891203560074E-004
  Kgq      =   -7.1050245465120440E-002       +-    9.6258010500291838E-005
  K_nlo    =    1.1899122563647937            +-    1.9478519377733825E-004
  Kqq2     =    5.8416994881622261E-002       +-    1.6292887802717791E-004
  Kgq2     =   -3.6465206680219027E-002       +-    1.0614258248848189E-004
  Kqqs     =    1.8978245996945130E-003       +-    2.7660966192280185E-006
  Kgg      =    1.2898960384383287E-003       +-    1.7869047789632986E-006
  Kgghhz   =    2.9032334546967808E-004       +-    6.5711699925881628E-007
  K_nnlo   =    1.2150517652043298            +-    2.7525294393809921E-004
  K_nnlo2  =    1.2153420885497994            +-    2.7525372831142743E-004
  sig_LO   = (  0.13468557506237927            +-    6.4372002793074785E-005 ) fb
  sig_NLO  = (  0.16026401652226549            +-    6.9512712200336786E-005 ) fb
  sig_NNLO = (  0.16364994572710417            +-    7.4284133511838706E-005 ) fb
  sig_HHZ  = (  0.16368904809384280            +-    7.4284186234990288E-005 ) fb

  pp ---> HHZ + X
  ===============

  PDFSET = PDF4LHC21_40                                NSET =  14
  Sqrt(S)  = 13.6 TeV
  LOOP     = 3
  alphaS(MZ) =   0.11800
          kl =  -1.00000
          kv =   0.00000
         k2v =   1.00000
         kth =   0.00000
         kbh =   1.00000
 --------------

  mH       = 125.0000      GeV
  fact_scale 1.0
  ren_scale  1.0
  Kqq      =   0.26111203132785848            +-    1.6995565938657481E-004
  Kgq      =   -7.1181896695156455E-002       +-    9.6480852217848724E-005
  K_nlo    =    1.1899301346327020            +-    1.9543152509819852E-004
  Kqq2     =    5.8474097854797132E-002       +-    1.6340916099296757E-004
  Kgq2     =   -3.6536174249430300E-002       +-    1.0641212587080478E-004
  Kqqs     =    1.9028919838777424E-003       +-    2.7745714961805354E-006
  Kgg      =    1.2904894246498996E-003       +-    1.7869257241590196E-006
  Kgghhz   =    2.9048672192253272E-004       +-    6.5734784201277130E-007
  K_nnlo   =    1.2150614396465964            +-    2.7609865407406185E-004
  K_nnlo2  =    1.2153519263685189            +-    2.7609943659430723E-004
  sig_LO   = (  0.13475929618025875            +-    6.4676212616726839E-005 ) fb
  sig_NLO  = (  0.16035414744678347            +-    6.9832719315868078E-005 ) fb
  sig_NNLO = (  0.16374082442254728            +-    7.4614763497437013E-005 ) fb
  sig_HHZ  = (  0.16377997020874327            +-    7.4614816081366371E-005 ) fb

  pp ---> HHZ + X
  ===============

  PDFSET = PDF4LHC21_40                                NSET =  15
  Sqrt(S)  = 13.6 TeV
  LOOP     = 3
  alphaS(MZ) =   0.11800
          kl =  -1.00000
          kv =   0.00000
         k2v =   1.00000
         kth =   0.00000
         kbh =   1.00000
 --------------

  mH       = 125.0000      GeV
  fact_scale 1.0
  ren_scale  1.0
  Kqq      =   0.26106188041243444            +-    1.6940530656374774E-004
  Kgq      =   -7.1019510899877084E-002       +-    9.6123457656431931E-005
  K_nlo    =    1.1900423695125575            +-    1.9477647959593379E-004
  Kqq2     =    5.8461380616216543E-002       +-    1.6295554628467963E-004
  Kgq2     =   -3.6458366088335865E-002       +-    1.0601593331335346E-004
  Kqqs     =    1.9000930762269122E-003       +-    2.7688195544770884E-006
  Kgg      =    1.2855872674330858E-003       +-    1.7783282780639981E-006
  Kgghhz   =    2.8939133388694783E-004       +-    6.5389886551400819E-007
  K_nnlo   =    1.2152310643840982            +-    2.7521372421849676E-004
  K_nnlo2  =    1.2155204557179853            +-    2.7521450103862825E-004
  sig_LO   = (  0.13461516659958367            +-    6.4336947173751176E-005 ) fb
  sig_NLO  = (  0.16019775183249624            +-    6.9474630353179626E-005 ) fb
  sig_NNLO = (  0.16358853218905478            +-    7.4241448860363438E-005 ) fb
  sig_HHZ  = (  0.16362748865167845            +-    7.4241501043786833E-005 ) fb

  pp ---> HHZ + X
  ===============

  PDFSET = PDF4LHC21_40                                NSET =  16
  Sqrt(S)  = 13.6 TeV
  LOOP     = 3
  alphaS(MZ) =   0.11800
          kl =  -1.00000
          kv =   0.00000
         k2v =   1.00000
         kth =   0.00000
         kbh =   1.00000
 --------------

  mH       = 125.0000      GeV
  fact_scale 1.0
  ren_scale  1.0
  Kqq      =   0.26080955830632069            +-    1.6958844683058881E-004
  Kgq      =   -7.1050721233058584E-002       +-    9.6449326259049560E-005
  K_nlo    =    1.1897588370732621            +-    1.9509667817324834E-004
  Kqq2     =    5.8355291043790121E-002       +-    1.6315116727852531E-004
  Kgq2     =   -3.6462231341168265E-002       +-    1.0632060727384984E-004
  Kqqs     =    1.8913527041812843E-003       +-    2.7603861293791949E-006
  Kgg      =    1.2980889393284000E-003       +-    1.8013924226627167E-006
  Kgghhz   =    2.9205025213051316E-004       +-    6.6007554426486821E-007
  K_nnlo   =    1.2148413384193937            +-    2.7567363583757025E-004
  K_nnlo2  =    1.2151333886715241            +-    2.7567442608198068E-004
  sig_LO   = (  0.13493899587074767            +-    6.4629179462284355E-005 ) fb
  sig_NLO  = (  0.16054486280301447            +-    6.9785363823044903E-005 ) fb
  sig_NNLO = (  0.16392947034858815            +-    7.4570139031440968E-005 ) fb
  sig_HHZ  = (  0.16396887931635445            +-    7.4570192225989804E-005 ) fb

  pp ---> HHZ + X
  ===============

  PDFSET = PDF4LHC21_40                                NSET =  17
  Sqrt(S)  = 13.6 TeV
  LOOP     = 3
  alphaS(MZ) =   0.11800
          kl =  -1.00000
          kv =   0.00000
         k2v =   1.00000
         kth =   0.00000
         kbh =   1.00000
 --------------

  mH       = 125.0000      GeV
  fact_scale 1.0
  ren_scale  1.0
  Kqq      =   0.26110804097689277            +-    1.6923998658160654E-004
  Kgq      =   -7.0972135350874252E-002       +-    9.6054964324006903E-005
  K_nlo    =    1.1901359056260183            +-    1.9459889318654565E-004
  Kqq2     =    5.8477405761603964E-002       +-    1.6285836910623746E-004
  Kgq2     =   -3.6426061382811757E-002       +-    1.0591895512895576E-004
  Kqqs     =    1.9002326523811406E-003       +-    2.7639110465104364E-006
  Kgg      =    1.2855181032124143E-003       +-    1.7800366886766489E-006
  Kgghhz   =    2.8932476244435086E-004       +-    6.5398631148704639E-007
  K_nnlo   =    1.2153730007604040            +-    2.7499310974616779E-004
  K_nnlo2  =    1.2156623255228483            +-    2.7499388739745377E-004
  sig_LO   = (  0.13549254924353479            +-    6.4684553515504989E-005 ) fb
  sig_NLO  = (  0.16125454779953219            +-    6.9851945846934255E-005 ) fb
  sig_NNLO = (  0.16467398615479173            +-    7.4648262572842545E-005 ) fb
  sig_HHZ  = (  0.16471318750441460            +-    7.4648315164673609E-005 ) fb

  pp ---> HHZ + X
  ===============

  PDFSET = PDF4LHC21_40                                NSET =  18
  Sqrt(S)  = 13.6 TeV
  LOOP     = 3
  alphaS(MZ) =   0.11800
          kl =  -1.00000
          kv =   0.00000
         k2v =   1.00000
         kth =   0.00000
         kbh =   1.00000
 --------------

  mH       = 125.0000      GeV
  fact_scale 1.0
  ren_scale  1.0
  Kqq      =   0.26104794880434040            +-    1.6932201635626843E-004
  Kgq      =   -7.0955731204057099E-002       +-    9.5965415255600746E-005
  K_nlo    =    1.1900922176002833            +-    1.9462606749387999E-004
  Kqq2     =    5.8453216492064926E-002       +-    1.6293808987886773E-004
  Kgq2     =   -3.6421817003280378E-002       +-    1.0585593485768373E-004
  Kqqs     =    1.9012605944957661E-003       +-    2.7681168752101859E-006
  Kgg      =    1.2823195504169135E-003       +-    1.7737051492509720E-006
  Kgghhz   =    2.8867607852760854E-004       +-    6.5281773701395644E-007
  K_nnlo   =    1.2153071972339806            +-    2.7503529723853953E-004
  K_nnlo2  =    1.2155958733125083            +-    2.7503607199436505E-004
  sig_LO   = (  0.13533943371898910            +-    6.4659954372246804E-005 ) fb
  sig_NLO  = (  0.16106640680339829            +-    6.9819309270138731E-005 ) fb
  sig_NNLO = (  0.16447898786825874            +-    7.4608782758905356E-005 ) fb
  sig_HHZ  = (  0.16451805712525489            +-    7.4608835072251381E-005 ) fb

  pp ---> HHZ + X
  ===============

  PDFSET = PDF4LHC21_40                                NSET =  19
  Sqrt(S)  = 13.6 TeV
  LOOP     = 3
  alphaS(MZ) =   0.11800
          kl =  -1.00000
          kv =   0.00000
         k2v =   1.00000
         kth =   0.00000
         kbh =   1.00000
 --------------

  mH       = 125.0000      GeV
  fact_scale 1.0
  ren_scale  1.0
  Kqq      =   0.26118578560264544            +-    1.6974250289960135E-004
  Kgq      =   -7.1551333054009694E-002       +-    9.7111944669357915E-005
  K_nlo    =    1.1896344525486358            +-    1.9555880723732595E-004
  Kqq2     =    5.8509328140685789E-002       +-    1.6304840854894790E-004
  Kgq2     =   -3.6720528145260285E-002       +-    1.0704352019180379E-004
  Kqqs     =    1.9067895935869087E-003       +-    2.7803837474346225E-006
  Kgg      =    1.3053951346684424E-003       +-    1.8113945760282301E-006
  Kgghhz   =    2.9370174279159315E-004       +-    6.6381886943300975E-007
  K_nnlo   =    1.2146354372723167            +-    2.7621976308290542E-004
  K_nnlo2  =    1.2149291390151082            +-    2.7622056073556110E-004
  sig_LO   = (  0.13400533326886993            +-    6.4155457885034154E-005 ) fb
  sig_NLO  = (  0.15941736128190956            +-    6.9301321660751738E-005 ) fb
  sig_NNLO = (  0.16276762657185637            +-    7.4067720251351027E-005 ) fb
  sig_HHZ  = (  0.16280698417178080            +-    7.4067773668932746E-005 ) fb

  pp ---> HHZ + X
  ===============

  PDFSET = PDF4LHC21_40                                NSET =  20
  Sqrt(S)  = 13.6 TeV
  LOOP     = 3
  alphaS(MZ) =   0.11800
          kl =  -1.00000
          kv =   0.00000
         k2v =   1.00000
         kth =   0.00000
         kbh =   1.00000
 --------------

  mH       = 125.0000      GeV
  fact_scale 1.0
  ren_scale  1.0
  Kqq      =   0.26095825710015069            +-    1.6951529830379328E-004
  Kgq      =   -7.1193466706123115E-002       +-    9.6500831339797120E-005
  K_nlo    =    1.1897647903940276            +-    1.9505857276289087E-004
  Kqq2     =    5.8416984640969130E-002       +-    1.6306033216722618E-004
  Kgq2     =   -3.6538229593812206E-002       +-    1.0639797138685441E-004
  Kqqs     =    1.9018480693465717E-003       +-    2.7704474839892656E-006
  Kgg      =    1.2937200597650108E-003       +-    1.7921045424727627E-006
  Kgghhz   =    2.9112564299029446E-004       +-    6.5727198762549547E-007
  K_nnlo   =    1.2148391135702963            +-    2.7562281122572695E-004
  K_nnlo2  =    1.2151302392132866            +-    2.7562359491603474E-004
  sig_LO   = (  0.13524429153892914            +-    6.4714118616563949E-005 ) fb
  sig_NLO  = (  0.16090889617480278            +-    6.9884554904043556E-005 ) fb
  sig_NNLO = (  0.16430005524859537            +-    7.4682314022130186E-005 ) fb
  sig_HHZ  = (  0.16433942832993040            +-    7.4682366925120104E-005 ) fb

  pp ---> HHZ + X
  ===============

  PDFSET = PDF4LHC21_40                                NSET =  21
  Sqrt(S)  = 13.6 TeV
  LOOP     = 3
  alphaS(MZ) =   0.11800
          kl =  -1.00000
          kv =   0.00000
         k2v =   1.00000
         kth =   0.00000
         kbh =   1.00000
 --------------

  mH       = 125.0000      GeV
  fact_scale 1.0
  ren_scale  1.0
  Kqq      =   0.26107510781206139            +-    1.6955153804234477E-004
  Kgq      =   -7.1641604964343103E-002       +-    9.7094451494896959E-005
  K_nlo    =    1.1894335028477183            +-    1.9538438157544626E-004
  Kqq2     =    5.8474525904803849E-002       +-    1.6306114117164169E-004
  Kgq2     =   -3.6768677917306425E-002       +-    1.0705745997900473E-004
  Kqqs     =    1.9125912731377335E-003       +-    2.7868124892235994E-006
  Kgg      =    1.3027692144762860E-003       +-    1.8055982784289841E-006
  Kgghhz   =    2.9317873912645899E-004       +-    6.6293228805133312E-007
  K_nnlo   =    1.2143547113228297            +-    2.7610925114882881E-004
  K_nnlo2  =    1.2146478900619562            +-    2.7611004699066194E-004
  sig_LO   = (  0.13396302927380488            +-    6.4092615156772183E-005 ) fb
  sig_NLO  = (  0.15934011516123317            +-    6.9231181133260858E-005 ) fb
  sig_NNLO = (  0.16267863574172312            +-    7.4000049978677687E-005 ) fb
  sig_HHZ  = (  0.16271791085373516            +-    7.4000103268723999E-005 ) fb

  pp ---> HHZ + X
  ===============

  PDFSET = PDF4LHC21_40                                NSET =  22
  Sqrt(S)  = 13.6 TeV
  LOOP     = 3
  alphaS(MZ) =   0.11800
          kl =  -1.00000
          kv =   0.00000
         k2v =   1.00000
         kth =   0.00000
         kbh =   1.00000
 --------------

  mH       = 125.0000      GeV
  fact_scale 1.0
  ren_scale  1.0
  Kqq      =   0.26097079920263366            +-    1.6946824357752223E-004
  Kgq      =   -7.1368948077399089E-002       +-    9.6894746887755674E-005
  K_nlo    =    1.1896018511252346            +-    1.9521290314856917E-004
  Kqq2     =    5.8423407320339883E-002       +-    1.6300558549086039E-004
  Kgq2     =   -3.6624232788214438E-002       +-    1.0678099870603770E-004
  Kqqs     =    1.9006830429134118E-003       +-    2.7705815295117129E-006
  Kgg      =    1.3050331619209141E-003       +-    1.8152942883175495E-006
  Kgghhz   =    2.9351280723528882E-004       +-    6.6374189345677218E-007
  K_nnlo   =    1.2146067418621942            +-    2.7584787756467248E-004
  K_nnlo2  =    1.2149002546694294            +-    2.7584867610745510E-004
  sig_LO   = (  0.13448171324097427            +-    6.4316350645213737E-005 ) fb
  sig_NLO  = (  0.15997969501395595            +-    6.9467907440517575E-005 ) fb
  sig_NNLO = (  0.16334239555966568            +-    7.4247847875380700E-005 ) fb
  sig_HHZ  = (  0.16338186766484084            +-    7.4247901530467760E-005 ) fb

  pp ---> HHZ + X
  ===============

  PDFSET = PDF4LHC21_40                                NSET =  23
  Sqrt(S)  = 13.6 TeV
  LOOP     = 3
  alphaS(MZ) =   0.11800
          kl =  -1.00000
          kv =   0.00000
         k2v =   1.00000
         kth =   0.00000
         kbh =   1.00000
 --------------

  mH       = 125.0000      GeV
  fact_scale 1.0
  ren_scale  1.0
  Kqq      =   0.26110586164855387            +-    1.6943724605645181E-004
  Kgq      =   -7.1360953963316903E-002       +-    9.6714507552071128E-005
  K_nlo    =    1.1897449076852371            +-    1.9509658203626791E-004
  Kqq2     =    5.8478342966749773E-002       +-    1.6289070196842060E-004
  Kgq2     =   -3.6623908856962401E-002       +-    1.0663160415325065E-004
  Kqqs     =    1.9065164509277793E-003       +-    2.7768563975880028E-006
  Kgg      =    1.2969056800762344E-003       +-    1.7968183427258773E-006
  Kgghhz   =    2.9183643043016933E-004       +-    6.5906648542434502E-007
  K_nnlo   =    1.2148027639260284            +-    2.7563979321190940E-004
  K_nnlo2  =    1.2150946003564584            +-    2.7564058113880180E-004
  sig_LO   = (  0.13465713993013884            +-    6.4337122444985226E-005 ) fb
  sig_NLO  = (  0.16020764651534106            +-    6.9494161829995350E-005 ) fb
  sig_NNLO = (  0.16358186576950659            +-    7.4276019557928687E-005 ) fb
  sig_HHZ  = (  0.16362116362855575            +-    7.4276072577773779E-005 ) fb

  pp ---> HHZ + X
  ===============

  PDFSET = PDF4LHC21_40                                NSET =  24
  Sqrt(S)  = 13.6 TeV
  LOOP     = 3
  alphaS(MZ) =   0.11800
          kl =  -1.00000
          kv =   0.00000
         k2v =   1.00000
         kth =   0.00000
         kbh =   1.00000
 --------------

  mH       = 125.0000      GeV
  fact_scale 1.0
  ren_scale  1.0
  Kqq      =   0.26076294572561365            +-    1.6920704150296699E-004
  Kgq      =   -7.1064557789812674E-002       +-    9.6369060362851340E-005
  K_nlo    =    1.1896983879358010            +-    1.9472549573542157E-004
  Kqq2     =    5.8342365887934199E-002       +-    1.6278295482589138E-004
  Kgq2     =   -3.6469540264734708E-002       +-    1.0622079583839194E-004
  Kqqs     =    1.8987423771288346E-003       +-    2.7664332606294999E-006
  Kgg      =    1.2911530805291228E-003       +-    1.7894787227560083E-006
  Kgghhz   =    2.9054004500599312E-004       +-    6.5689469615023044E-007
  K_nnlo   =    1.2147611090166583            +-    2.7515454189760329E-004
  K_nnlo2  =    1.2150516490616643            +-    2.7515532602063466E-004
  sig_LO   = (  0.13537536753645760            +-    6.4678476767326187E-005 ) fb
  sig_NLO  = (  0.16105585652434015            +-    6.9844180519321839E-005 ) fb
  sig_NNLO = (  0.16444873160212498            +-    7.4637821022273439E-005 ) fb
  sig_HHZ  = (  0.16448806356750173            +-    7.4637873998583613E-005 ) fb

  pp ---> HHZ + X
  ===============

  PDFSET = PDF4LHC21_40                                NSET =  25
  Sqrt(S)  = 13.6 TeV
  LOOP     = 3
  alphaS(MZ) =   0.11800
          kl =  -1.00000
          kv =   0.00000
         k2v =   1.00000
         kth =   0.00000
         kbh =   1.00000
 --------------

  mH       = 125.0000      GeV
  fact_scale 1.0
  ren_scale  1.0
  Kqq      =   0.26093188732808820            +-    1.6964268515264993E-004
  Kgq      =   -7.1368388712345548E-002       +-    9.6897725977104229E-005
  K_nlo    =    1.1895634986157426            +-    1.9536583612631738E-004
  Kqq2     =    5.8411068929870719E-002       +-    1.6305828586339762E-004
  Kgq2     =   -3.6627212587583988E-002       +-    1.0681974025781264E-004
  Kqqs     =    1.9022593526219591E-003       +-    2.7723720837968229E-006
  Kgg      =    1.3022559759178162E-003       +-    1.8058678141723075E-006
  Kgghhz   =    2.9300152103986710E-004       +-    6.6152934185379975E-007
  K_nnlo   =    1.2145518702865690            +-    2.7600220765117882E-004
  K_nnlo2  =    1.2148448718076088            +-    2.7600300043549266E-004
  sig_LO   = (  0.13468686133397603            +-    6.4488585228415421E-005 ) fb
  sig_NLO  = (  0.16021857398601791            +-    6.9650288675747205E-005 ) fb
  sig_NNLO = (  0.16358417933620839            +-    7.4435705915075731E-005 ) fb
  sig_HHZ  = (  0.16362364279144334            +-    7.4435759240856899E-005 ) fb

  pp ---> HHZ + X
  ===============

  PDFSET = PDF4LHC21_40                                NSET =  26
  Sqrt(S)  = 13.6 TeV
  LOOP     = 3
  alphaS(MZ) =   0.11800
          kl =  -1.00000
          kv =   0.00000
         k2v =   1.00000
         kth =   0.00000
         kbh =   1.00000
 --------------

  mH       = 125.0000      GeV
  fact_scale 1.0
  ren_scale  1.0
  Kqq      =   0.26094486795834948            +-    1.6773740584760617E-004
  Kgq      =   -7.1213549009351715E-002       +-    9.5863612524737217E-005
  K_nlo    =    1.1897313189489978            +-    1.9319852361438349E-004
  Kqq2     =    5.8422170018899940E-002       +-    1.6188649017991944E-004
  Kgq2     =   -3.6547984750902908E-002       +-    1.0572027135294906E-004
  Kqqs     =    1.9054771270752536E-003       +-    2.7582293781222054E-006
  Kgg      =    1.2914540067960958E-003       +-    1.7876151393119229E-006
  Kgghhz   =    2.9061501376738907E-004       +-    6.5613995696376780E-007
  K_nnlo   =    1.2148024353508662            +-    2.7335047905880917E-004
  K_nnlo2  =    1.2150930503646336            +-    2.7335126654420974E-004
  sig_LO   = (  0.13514024077728903            +-    6.3833342446265853E-005 ) fb
  sig_NLO  = (  0.16078057690304920            +-    6.8966441157525471E-005 ) fb
  sig_NNLO = (  0.16416869361015313            +-    7.3751658947615486E-005 ) fb
  sig_HHZ  = (  0.16420796739308716            +-    7.3751712251689356E-005 ) fb

  pp ---> HHZ + X
  ===============

  PDFSET = PDF4LHC21_40                                NSET =  27
  Sqrt(S)  = 13.6 TeV
  LOOP     = 3
  alphaS(MZ) =   0.11800
          kl =  -1.00000
          kv =   0.00000
         k2v =   1.00000
         kth =   0.00000
         kbh =   1.00000
 --------------

  mH       = 125.0000      GeV
  fact_scale 1.0
  ren_scale  1.0
  Kqq      =   0.26100299597437465            +-    1.6948582093859269E-004
  Kgq      =   -7.1249304611496297E-002       +-    9.6571881681727092E-005
  K_nlo    =    1.1897536913628783            +-    1.9506812100078834E-004
  Kqq2     =    5.8438176880611578E-002       +-    1.6295781344844210E-004
  Kgq2     =   -3.6569365451088916E-002       +-    1.0648847504150365E-004
  Kqqs     =    1.9017999701733920E-003       +-    2.7713733509680184E-006
  Kgg      =    1.2963132325373074E-003       +-    1.7966696312468478E-006
  Kgghhz   =    2.9172870225313986E-004       +-    6.5962043548217416E-007
  K_nnlo   =    1.2148206159951114            +-    2.7560392711889053E-004
  K_nnlo2  =    1.2151123446973646            +-    2.7560471647356406E-004
  sig_LO   = (  0.13467315919906303            +-    6.4405628255509347E-005 ) fb
  sig_NLO  = (  0.16022788828458581            +-    6.9557321503783460E-005 ) fb
  sig_NNLO = (  0.16360373021621352            +-    7.4335159425778689E-005 ) fb
  sig_HHZ  = (  0.16364301824217500            +-    7.4335212505162419E-005 ) fb

  pp ---> HHZ + X
  ===============

  PDFSET = PDF4LHC21_40                                NSET =  28
  Sqrt(S)  = 13.6 TeV
  LOOP     = 3
  alphaS(MZ) =   0.11800
          kl =  -1.00000
          kv =   0.00000
         k2v =   1.00000
         kth =   0.00000
         kbh =   1.00000
 --------------

  mH       = 125.0000      GeV
  fact_scale 1.0
  ren_scale  1.0
  Kqq      =   0.26103175991684646            +-    1.6962390601171843E-004
  Kgq      =   -7.1164660990603174E-002       +-    9.6425786929735363E-005
  K_nlo    =    1.1898670989262432            +-    1.9511586782138199E-004
  Kqq2     =    5.8447251512284748E-002       +-    1.6313610086353468E-004
  Kgq2     =   -3.6525783736106689E-002       +-    1.0635345181556085E-004
  Kqqs     =    1.9062130127766753E-003       +-    2.7770851355525128E-006
  Kgg      =    1.2876940177757978E-003       +-    1.7822358952938007E-006
  Kgghhz   =    2.8983318896515220E-004       +-    6.5500581516418738E-007
  K_nnlo   =    1.2149824737329737            +-    2.7569101283931940E-004
  K_nnlo2  =    1.2152723069219389            +-    2.7569179094232688E-004
  sig_LO   = (  0.13502424661791765            +-    6.4638888125513656E-005 ) fb
  sig_NLO  = (  0.16066090860796328            +-    6.9801608430974309E-005 ) fb
  sig_NNLO = (  0.16405209316976868            +-    7.4591449556776277E-005 ) fb
  sig_HHZ  = (  0.16409122767775358            +-    7.4591501988561075E-005 ) fb

  pp ---> HHZ + X
  ===============

  PDFSET = PDF4LHC21_40                                NSET =  29
  Sqrt(S)  = 13.6 TeV
  LOOP     = 3
  alphaS(MZ) =   0.11800
          kl =  -1.00000
          kv =   0.00000
         k2v =   1.00000
         kth =   0.00000
         kbh =   1.00000
 --------------

  mH       = 125.0000      GeV
  fact_scale 1.0
  ren_scale  1.0
  Kqq      =   0.26106889107119907            +-    1.6960025398333185E-004
  Kgq      =   -7.1201643037428514E-002       +-    9.6457213144800165E-005
  K_nlo    =    1.1898672480337706            +-    1.9511084059803564E-004
  Kqq2     =    5.8464637435994983E-002       +-    1.6306887112329277E-004
  Kgq2     =   -3.6547057306594501E-002       +-    1.0637282840042487E-004
  Kqqs     =    1.9072889314630716E-003       +-    2.7763181777034420E-006
  Kgg      =    1.2900155170203066E-003       +-    1.7858295147735514E-006
  Kgghhz   =    2.9031367735591929E-004       +-    6.5527886690749966E-007
  K_nnlo   =    1.2149821326116546            +-    2.7565516973182829E-004
  K_nnlo2  =    1.2152724462890105            +-    2.7565594858496430E-004
  sig_LO   = (  0.13508747883452035            +-    6.4643758556180039E-005 ) fb
  sig_NLO  = (  0.16073616668465096            +-    6.9810519496563969E-005 ) fb
  sig_NNLO = (  0.16412887312349728            +-    7.4601953975955360E-005 ) fb
  sig_HHZ  = (  0.16416809086624246            +-    7.4602006493228198E-005 ) fb

  pp ---> HHZ + X
  ===============

  PDFSET = PDF4LHC21_40                                NSET =  30
  Sqrt(S)  = 13.6 TeV
  LOOP     = 3
  alphaS(MZ) =   0.11800
          kl =  -1.00000
          kv =   0.00000
         k2v =   1.00000
         kth =   0.00000
         kbh =   1.00000
 --------------

  mH       = 125.0000      GeV
  fact_scale 1.0
  ren_scale  1.0
  Kqq      =   0.26106910555077428            +-    1.6957970570485056E-004
  Kgq      =   -7.1258072014730875E-002       +-    9.6449385030487431E-005
  K_nlo    =    1.1898110335360434            +-    1.9508910902380722E-004
  Kqq2     =    5.8461093189796851E-002       +-    1.6308855571178896E-004
  Kgq2     =   -3.6575741855771005E-002       +-    1.0639196383403575E-004
  Kqqs     =    1.9016578643651849E-003       +-    2.7699831458616670E-006
  Kgg      =    1.2930186305220176E-003       +-    1.7873537987566305E-006
  Kgghhz   =    2.9112844373536213E-004       +-    6.5829958524727792E-007
  K_nnlo   =    1.2148910613649564            +-    2.7565876527430304E-004
  K_nnlo2  =    1.2151821898086919            +-    2.7565955131447420E-004
  sig_LO   = (  0.13482174828657517            +-    6.4525023078998141E-005 ) fb
  sig_NLO  = (  0.16041240367198631            +-    6.9679890989386717E-005 ) fb
  sig_NNLO = (  0.16379373687095630            +-    7.4462747159107607E-005 ) fb
  sig_HHZ  = (  0.16383298731671667            +-    7.4462800052067083E-005 ) fb

  pp ---> HHZ + X
  ===============

  PDFSET = PDF4LHC21_40                                NSET =  31
  Sqrt(S)  = 13.6 TeV
  LOOP     = 3
  alphaS(MZ) =   0.11800
          kl =  -1.00000
          kv =   0.00000
         k2v =   1.00000
         kth =   0.00000
         kbh =   1.00000
 --------------

  mH       = 125.0000      GeV
  fact_scale 1.0
  ren_scale  1.0
  Kqq      =   0.26102978658811971            +-    1.7053587290346520E-004
  Kgq      =   -7.1144138595345116E-002       +-    9.6630288427138321E-005
  K_nlo    =    1.1898856479927746            +-    1.9600994002462932E-004
  Kqq2     =    5.8440339014014901E-002       +-    1.6373048620650922E-004
  Kgq2     =   -3.6517543380581260E-002       +-    1.0661410967922036E-004
  Kqqs     =    1.8998995659016520E-003       +-    2.7734337211193840E-006
  Kgg      =    1.2922721637935927E-003       +-    1.7902890086420067E-006
  Kgghhz   =    2.9091109144715739E-004       +-    6.5923194593620479E-007
  K_nnlo   =    1.2150006153559034            +-    2.7677614448126019E-004
  K_nnlo2  =    1.2152915264473505            +-    2.7677692956724187E-004
  sig_LO   = (  0.13443467882228621            +-    6.4785963687145719E-005 ) fb
  sig_NLO  = (  0.15996189492315657            +-    6.9939771931394967E-005 ) fb
  sig_NNLO = (  0.16333821749425098            +-    7.4710638997302453E-005 ) fb
  sig_HHZ  = (  0.16337732603339553            +-    7.4710691561073877E-005 ) fb

  pp ---> HHZ + X
  ===============

  PDFSET = PDF4LHC21_40                                NSET =  32
  Sqrt(S)  = 13.6 TeV
  LOOP     = 3
  alphaS(MZ) =   0.11800
          kl =  -1.00000
          kv =   0.00000
         k2v =   1.00000
         kth =   0.00000
         kbh =   1.00000
 --------------

  mH       = 125.0000      GeV
  fact_scale 1.0
  ren_scale  1.0
  Kqq      =   0.26096685856994367            +-    1.6962475654243308E-004
  Kgq      =   -7.1233292349889399E-002       +-    9.6652165748533587E-005
  K_nlo    =    1.1897335662200543            +-    1.9522858186229214E-004
  Kqq2     =    5.8421643871964204E-002       +-    1.6310985175466155E-004
  Kgq2     =   -3.6556565784928115E-002       +-    1.0655066681789504E-004
  Kqqs     =    1.9041402149565418E-003       +-    2.7770040222940731E-006
  Kgg      =    1.2930820803619375E-003       +-    1.7918514427917266E-006
  Kgghhz   =    2.9098473693839647E-004       +-    6.5775971018578507E-007
  K_nnlo   =    1.2147958666024088            +-    2.7583145215450018E-004
  K_nnlo2  =    1.2150868513393471            +-    2.7583223641463060E-004
  sig_LO   = (  0.13503362384081879            +-    6.4663868770156388E-005 ) fb
  sig_NLO  = (  0.16065403485175467            +-    6.9831176882200892E-005 ) fb
  sig_NNLO = (  0.16403828809417115            +-    7.4623851533414060E-005 ) fb
  sig_HHZ  = (  0.16407758081768231            +-    7.4623904391395236E-005 ) fb

  pp ---> HHZ + X
  ===============

  PDFSET = PDF4LHC21_40                                NSET =  33
  Sqrt(S)  = 13.6 TeV
  LOOP     = 3
  alphaS(MZ) =   0.11800
          kl =  -1.00000
          kv =   0.00000
         k2v =   1.00000
         kth =   0.00000
         kbh =   1.00000
 --------------

  mH       = 125.0000      GeV
  fact_scale 1.0
  ren_scale  1.0
  Kqq      =   0.26097739123451547            +-    1.6947729842683534E-004
  Kgq      =   -7.1177071569158909E-002       +-    9.6462772123798694E-005
  K_nlo    =    1.1898003196653566            +-    1.9500672062230706E-004
  Kqq2     =    5.8425300758205796E-002       +-    1.6303349460646633E-004
  Kgq2     =   -3.6530808140982834E-002       +-    1.0636624368599881E-004
  Kqqs     =    1.9015408413122210E-003       +-    2.7704442716702537E-006
  Kgg      =    1.2930373288082666E-003       +-    1.7925579688688404E-006
  Kgghhz   =    2.9099126133787635E-004       +-    6.5827072687943865E-007
  K_nnlo   =    1.2148893904527001            +-    2.7555799366533838E-004
  K_nnlo2  =    1.2151803817140379            +-    2.7555877992402371E-004
  sig_LO   = (  0.13479792992491241            +-    6.4482994719316841E-005 ) fb
  sig_NLO  = (  0.16038262011488913            +-    6.9635025734945296E-005 ) fb
  sig_NNLO = (  0.16376457492076260            +-    7.4416271188945974E-005 ) fb
  sig_HHZ  = (  0.16380379994041719            +-    7.4416324091601904E-005 ) fb

  pp ---> HHZ + X
  ===============

  PDFSET = PDF4LHC21_40                                NSET =  34
  Sqrt(S)  = 13.6 TeV
  LOOP     = 3
  alphaS(MZ) =   0.11800
          kl =  -1.00000
          kv =   0.00000
         k2v =   1.00000
         kth =   0.00000
         kbh =   1.00000
 --------------

  mH       = 125.0000      GeV
  fact_scale 1.0
  ren_scale  1.0
  Kqq      =   0.26074391365555782            +-    1.6784864902497841E-004
  Kgq      =   -7.1157625221121859E-002       +-    9.6205408766621183E-005
  K_nlo    =    1.1895862884344359            +-    1.9346485379898609E-004
  Kqq2     =    5.8346712545530192E-002       +-    1.6180389550366476E-004
  Kgq2     =   -3.6516917462592474E-002       +-    1.0602686341797853E-004
  Kqqs     =    1.9000022064305767E-003       +-    2.7612109106488199E-006
  Kgg      =    1.2959841593414244E-003       +-    1.7955657296825672E-006
  Kgghhz   =    2.9151849701226944E-004       +-    6.5630407392662199E-007
  K_nnlo   =    1.2146120698831455            +-    2.7360865184394536E-004
  K_nnlo2  =    1.2149035883801578            +-    2.7360943897990572E-004
  sig_LO   = (  0.13554265095924020            +-    6.4084689172120798E-005 ) fb
  sig_NLO  = (  0.16123967907916678            +-    6.9242179593708759E-005 ) fb
  sig_NNLO = (  0.16463173983905147            +-    7.4041827560953472E-005 ) fb
  sig_HHZ  = (  0.16467125302894017            +-    7.4041880999528475E-005 ) fb

  pp ---> HHZ + X
  ===============

  PDFSET = PDF4LHC21_40                                NSET =  35
  Sqrt(S)  = 13.6 TeV
  LOOP     = 3
  alphaS(MZ) =   0.11800
          kl =  -1.00000
          kv =   0.00000
         k2v =   1.00000
         kth =   0.00000
         kbh =   1.00000
 --------------

  mH       = 125.0000      GeV
  fact_scale 1.0
  ren_scale  1.0
  Kqq      =   0.26095143027966283            +-    1.6967012313651736E-004
  Kgq      =   -7.1167598691806375E-002       +-    9.6495059432658681E-005
  K_nlo    =    1.1897838315878566            +-    1.9519028454324588E-004
  Kqq2     =    5.8414431658800892E-002       +-    1.6316444826480612E-004
  Kgq2     =   -3.6525303457833468E-002       +-    1.0640459012943697E-004
  Kqqs     =    1.8997681847422779E-003       +-    2.7685079984226286E-006
  Kgg      =    1.2948216524801351E-003       +-    1.7934790051638357E-006
  Kgghhz   =    2.9137822131540168E-004       +-    6.5808016399850831E-007
  K_nnlo   =    1.2148675496260466            +-    2.7578017035625432E-004
  K_nnlo2  =    1.2151589278473620            +-    2.7578095552671308E-004
  sig_LO   = (  0.13490660126502335            +-    6.4618132626837664E-005 ) fb
  sig_NLO  = (  0.16050969295959466            +-    6.9777513588448645E-005 ) fb
  sig_NNLO = (  0.16389365210721701            +-    7.4563280216636161E-005 ) fb
  sig_HHZ  = (  0.16393296095273732            +-    7.4563333069539367E-005 ) fb

  pp ---> HHZ + X
  ===============

  PDFSET = PDF4LHC21_40                                NSET =  36
  Sqrt(S)  = 13.6 TeV
  LOOP     = 3
  alphaS(MZ) =   0.11800
          kl =  -1.00000
          kv =   0.00000
         k2v =   1.00000
         kth =   0.00000
         kbh =   1.00000
 --------------

  mH       = 125.0000      GeV
  fact_scale 1.0
  ren_scale  1.0
  Kqq      =   0.26096942854476751            +-    1.6959939119986367E-004
  Kgq      =   -7.1344818583688449E-002       +-    9.6740888332893301E-005
  K_nlo    =    1.1896246099610790            +-    1.9525048776072680E-004
  Kqq2     =    5.8421354401101619E-002       +-    1.6309216710366350E-004
  Kgq2     =   -3.6613776928960548E-002       +-    1.0668191883272309E-004
  Kqqs     =    1.8994836592562626E-003       +-    2.7669320242975244E-006
  Kgg      =    1.3020781928204197E-003       +-    1.8065807547102329E-006
  Kgghhz   =    2.9304400064198870E-004       +-    6.6432225409123263E-007
  K_nnlo   =    1.2146337492852968            +-    2.7588722223773450E-004
  K_nnlo2  =    1.2149267932859387            +-    2.7588802206350018E-004
  sig_LO   = (  0.13471483646185858            +-    6.4488394509354353E-005 ) fb
  sig_NLO  = (  0.16026008478190906            +-    6.9646306938700385E-005 ) fb
  sig_NNLO = (  0.16362918689602290            +-    7.4431661046740370E-005 ) fb
  sig_HHZ  = (  0.16366866427064553            +-    7.4431714849009799E-005 ) fb

  pp ---> HHZ + X
  ===============

  PDFSET = PDF4LHC21_40                                NSET =  37
  Sqrt(S)  = 13.6 TeV
  LOOP     = 3
  alphaS(MZ) =   0.11800
          kl =  -1.00000
          kv =   0.00000
         k2v =   1.00000
         kth =   0.00000
         kbh =   1.00000
 --------------

  mH       = 125.0000      GeV
  fact_scale 1.0
  ren_scale  1.0
  Kqq      =   0.26081109449052126            +-    1.6931627148426018E-004
  Kgq      =   -7.0974869031542154E-002       +-    9.6189689945476832E-005
  K_nlo    =    1.1898362254589792            +-    1.9473175457828819E-004
  Kqq2     =    5.8357434819812801E-002       +-    1.6290995197901448E-004
  Kgq2     =   -3.6426295517628979E-002       +-    1.0606414314075297E-004
  Kqqs     =    1.8960774626213938E-003       +-    2.7618287964420223E-006
  Kgg      =    1.2897215654914254E-003       +-    1.7866520922847850E-006
  Kgghhz   =    2.9024370006114407E-004       +-    6.5595565309485087E-007
  K_nnlo   =    1.2149531637892759            +-    2.7517363787093655E-004
  K_nnlo2  =    1.2152434074893370            +-    2.7517441969947742E-004
  sig_LO   = (  0.13532252196044334            +-    6.4673293046479656E-005 ) fb
  sig_NLO  = (  0.16101163874900370            +-    6.9835816323301366E-005 ) fb
  sig_NNLO = (  0.16441052618778434            +-    7.4627362282595052E-005 ) fb
  sig_HHZ  = (  0.16444980269725976            +-    7.4627415073715960E-005 ) fb

  pp ---> HHZ + X
  ===============

  PDFSET = PDF4LHC21_40                                NSET =  38
  Sqrt(S)  = 13.6 TeV
  LOOP     = 3
  alphaS(MZ) =   0.11800
          kl =  -1.00000
          kv =   0.00000
         k2v =   1.00000
         kth =   0.00000
         kbh =   1.00000
 --------------

  mH       = 125.0000      GeV
  fact_scale 1.0
  ren_scale  1.0
  Kqq      =   0.26084189943041430            +-    1.6943966065035218E-004
  Kgq      =   -7.1011295314525991E-002       +-    9.6234030737704293E-005
  K_nlo    =    1.1898306041158881            +-    1.9486094342718326E-004
  Kqq2     =    5.8371336215602122E-002       +-    1.6298035148550483E-004
  Kgq2     =   -3.6444118576060218E-002       +-    1.0611756171408279E-004
  Kqqs     =    1.8982383802442473E-003       +-    2.7648969434008008E-006
  Kgg      =    1.2888043518409964E-003       +-    1.7849406904400176E-006
  Kgghhz   =    2.9004894930578361E-004       +-    6.5555289751988790E-007
  K_nnlo   =    1.2149448644875154            +-    2.7532735028723321E-004
  K_nnlo2  =    1.2152349134368212            +-    2.7532813072003785E-004
  sig_LO   = (  0.13538875215092516            +-    6.4760046108184419E-005 ) fb
  sig_NLO  = (  0.16108968076223154            +-    6.9927622862924537E-005 ) fb
  sig_NNLO = (  0.16448986913513958            +-    7.4722022360841539E-005 ) fb
  sig_HHZ  = (  0.16452913850044878            +-    7.4722075071918199E-005 ) fb

  pp ---> HHZ + X
  ===============

  PDFSET = PDF4LHC21_40                                NSET =  39
  Sqrt(S)  = 13.6 TeV
  LOOP     = 3
  alphaS(MZ) =   0.11800
          kl =  -1.00000
          kv =   0.00000
         k2v =   1.00000
         kth =   0.00000
         kbh =   1.00000
 --------------

  mH       = 125.0000      GeV
  fact_scale 1.0
  ren_scale  1.0
  Kqq      =   0.26088680285440158            +-    1.6957300385283299E-004
  Kgq      =   -7.1254901655569053E-002       +-    9.6698535719119539E-005
  K_nlo    =    1.1896319011988326            +-    1.9520658402291341E-004
  Kqq2     =    5.8383807011236154E-002       +-    1.6314235715969826E-004
  Kgq2     =   -3.6561966986358344E-002       +-    1.0659172888300984E-004
  Kqqs     =    1.8983154455520183E-003       +-    2.7685615045018820E-006
  Kgg      =    1.2990614905522562E-003       +-    1.8006930958992204E-006
  Kgghhz   =    2.9226687314672290E-004       +-    6.5949234412574169E-007
  K_nnlo   =    1.2146511181598147            +-    2.7585094388132191E-004
  K_nnlo2  =    1.2149433850329614            +-    2.7585173222288847E-004
  sig_LO   = (  0.13485623575439298            +-    6.4571553739051563E-005 ) fb
  sig_NLO  = (  0.16042928012901650            +-    6.9731499120934403E-005 ) fb
  sig_NNLO = (  0.16380327754989701            +-    7.4520748214546023E-005 ) fb
  sig_HHZ  = (  0.16384269156024528            +-    7.4520801285173885E-005 ) fb

  pp ---> HHZ + X
  ===============

  PDFSET = PDF4LHC21_40                                NSET =  40
  Sqrt(S)  = 13.6 TeV
  LOOP     = 3
  alphaS(MZ) =   0.11800
          kl =  -1.00000
          kv =   0.00000
         k2v =   1.00000
         kth =   0.00000
         kbh =   1.00000
 --------------

  mH       = 125.0000      GeV
  fact_scale 1.0
  ren_scale  1.0
  Kqq      =   0.26096202850095040            +-    1.6954875862906942E-004
  Kgq      =   -7.1158120911719025E-002       +-    9.6434036118281182E-005
  K_nlo    =    1.1898039075892313            +-    1.9505462023423185E-004
  Kqq2     =    5.8420376578226560E-002       +-    1.6301416043139238E-004
  Kgq2     =   -3.6522927352672638E-002       +-    1.0634778409033199E-004
  Kqqs     =    1.9008593831791498E-003       +-    2.7670186082336503E-006
  Kgg      =    1.2935935133800785E-003       +-    1.7919571550542191E-006
  Kgghhz   =    2.9112788757015845E-004       +-    6.5812339142161503E-007
  K_nnlo   =    1.2148958097113443            +-    2.7557329344335939E-004
  K_nnlo2  =    1.2151869375989144            +-    2.7557407930648743E-004
  sig_LO   = (  0.13488155329541276            +-    6.4535287839166488E-005 ) fb
  sig_NLO  = (  0.16048259917258728            +-    6.9692044542787681E-005 ) fb
  sig_NNLO = (  0.16386703390595436            +-    7.4474116167772103E-005 ) fb
  sig_HHZ  = (  0.16390630168763745            +-    7.4474169071254859E-005 ) fb

  pp ---> HHZ + X
  ===============

  PDFSET = PDF4LHC21_40                                NSET =  41
  Sqrt(S)  = 13.6 TeV
  LOOP     = 3
  alphaS(MZ) =   0.11700
          kl =  -1.00000
          kv =   0.00000
         k2v =   1.00000
         kth =   0.00000
         kbh =   1.00000
 --------------

  mH       = 125.0000      GeV
  fact_scale 1.0
  ren_scale  1.0
  Kqq      =   0.25897405586998540            +-    1.6823259557512848E-004
  Kgq      =   -6.9562217077973276E-002       +-    9.4388080675510873E-005
  K_nlo    =    1.1894118387920121            +-    1.9290234832046883E-004
  Kqq2     =    5.7546146713629086E-002       +-    1.6090476899688282E-004
  Kgq2     =   -3.5471339500424776E-002       +-    1.0334675069061454E-004
  Kqqs     =    1.8681189468225492E-003       +-    2.7248717580497367E-006
  Kgg      =    1.2404272673797313E-003       +-    1.7192393656870095E-006
  Kgghhz   =    2.7964512466354221E-004       +-    6.3325275247011690E-007
  K_nnlo   =    1.2145951922194189            +-    2.7164791967157432E-004
  K_nnlo2  =    1.2148748373440825            +-    2.7164865777496968E-004
  sig_LO   = (  0.13565203253379943            +-    6.4887267253181354E-005 ) fb
  sig_NLO  = (  0.16134613345190021            +-    6.9964994909255902E-005 ) fb
  sig_NNLO = (  0.16476230653034496            +-    7.4620707007913044E-005 ) fb
  sig_HHZ  = (  0.16480024095989373            +-    7.4620756452332726E-005 ) fb

  pp ---> HHZ + X
  ===============

  PDFSET = PDF4LHC21_40                                NSET =  42
  Sqrt(S)  = 13.6 TeV
  LOOP     = 3
  alphaS(MZ) =   0.11900
          kl =  -1.00000
          kv =   0.00000
         k2v =   1.00000
         kth =   0.00000
         kbh =   1.00000
 --------------

  mH       = 125.0000      GeV
  fact_scale 1.0
  ren_scale  1.0
  Kqq      =   0.26269921518645811            +-    1.7064443418435686E-004
  Kgq      =   -7.0336938884760239E-002       +-    9.5568012521311872E-005
  K_nlo    =    1.1923622763016977            +-    1.9558314839313972E-004
  Kqq2     =    5.9197326647597102E-002       +-    1.6514753292103240E-004
  Kgq2     =   -3.6332413394545654E-002       +-    1.0591630370123889E-004
  Kqqs     =    1.9278588286586000E-003       +-    2.8070014988437974E-006
  Kgg      =    1.2697736656234447E-003       +-    1.7659366297646779E-006
  Kgghhz   =    2.8611295474062520E-004       +-    6.4465948693646379E-007
  K_nnlo   =    1.2184248220490312            +-    2.7704825706833879E-004
  K_nnlo2  =    1.2187109350037719            +-    2.7704900709163064E-004
  sig_LO   = (  0.13543746378379151            +-    6.4807145291990236E-005 ) fb
  sig_NLO  = (  0.16149052261377042            +-    7.0011772804924916E-005 ) fb
  sig_NNLO = (  0.16502036770953835            +-    7.4886047385474519E-005 ) fb
  sig_HHZ  = (  0.16505911812248411            +-    7.4886098284249487E-005 ) fb

