  pp ---> HHZ + X
  ===============

  PDFSET = PDF4LHC21_40                                NSET =   0
  Sqrt(S)  = 13.6 TeV
  LOOP     = 3
  alphaS(MZ) =   0.11800
          kl =  -1.70000
          kv =   1.20000
         k2v =   0.40000
         kth =   0.00000
         kbh =   1.00000
 --------------

  mH       = 125.0000      GeV
  fact_scale 0.5
  ren_scale  0.5
  Kqq      =   0.20392894692437774            +-    2.4939039224756282E-004
  Kgq      =   -2.7762553239331633E-002       +-    1.3703047680116719E-004
  K_nlo    =    1.1761663936850462            +-    2.8455740952881278E-004
  Kqq2     =    2.5012177935890112E-002       +-    1.9800270286286130E-004
  Kgq2     =   -1.6927415915374531E-002       +-    1.2371729930981431E-004
  Kqqs     =    1.1045067523539108E-003       +-    3.1707858962792543E-006
  Kgg      =    3.7462282823367578E-004       +-    2.0951282136798907E-006
  Kgghhz   =   0.21067016338134695            +-    6.7887235523137498E-004
  K_nnlo   =    1.1857302852861493            +-    3.6810107749461019E-004
  K_nnlo2  =    1.3964004486674964            +-    7.7224742016408657E-004
  sig_LO   = (  0.24222267649247331            +-    1.6333496894972837E-004 ) fb
  sig_NLO  = (  0.28489417187889188            +-    1.7728265858323527E-004 ) fb
  sig_NNLO = (  0.28721076330019496            +-    1.8608667519788376E-004 ) fb
  sig_HHZ  = (  0.33823985413153146            +-    2.4833082419931871E-004 ) fb

  mH       = 125.0000      GeV
  fact_scale 1.0
  ren_scale  0.5
  Kqq      =   0.28291383871795883            +-    2.8702360926478507E-004
  Kgq      =   -7.4157626677220354E-002       +-    1.3198966746845212E-004
  K_nlo    =    1.2087562120407385            +-    3.1591743319072562E-004
  Kqq2     =    4.6043600810789322E-002       +-    3.0657215799155367E-004
  Kgq2     =   -3.4831009159313087E-002       +-    1.6054345302817362E-004
  Kqqs     =    2.1716243325992546E-003       +-    3.9106956193915172E-006
  Kgg      =    1.3552645315389104E-003       +-    2.4172564717173135E-006
  Kgghhz   =   0.19856661267726594            +-    6.3667395785213250E-004
  K_nnlo   =    1.2234956925563529            +-    4.6859966883119083E-004
  K_nnlo2  =    1.4220623052336188            +-    7.9053107354221108E-004
  sig_LO   = (  0.23495261212197466            +-    1.5834326758015053E-004 ) fb
  sig_NLO  = (  0.28400042943763498            +-    1.7487719681045916E-004 ) fb
  sig_NNLO = (  0.28746350888609956            +-    1.9285828399049186E-004 ) fb
  sig_HHZ  = (  0.33411725321483560            +-    2.4407160858120778E-004 ) fb

  mH       = 125.0000      GeV
  fact_scale 0.5
  ren_scale  1.0
  Kqq      =   0.18806505811981639            +-    2.3004335838936786E-004
  Kgq      =   -2.5600514142293040E-002       +-    1.2616339506997805E-004
  K_nlo    =    1.1624645439775234            +-    2.6236834602261477E-004
  Kqq2     =    3.5243508926343925E-002       +-    1.3947306033938863E-004
  Kgq2     =   -1.6288536464892148E-002       +-    1.0303369815153054E-004
  Kqqs     =    9.3711365572579446E-004       +-    2.6809576059212378E-006
  Kgg      =    3.1769599815461744E-004       +-    1.7737616392661635E-006
  Kgghhz   =   0.17891000634948070            +-    5.7767976144752092E-004
  K_nnlo   =    1.1826743260928554            +-    3.1450939616153861E-004
  K_nnlo2  =    1.3615843324423360            +-    6.5774620261918680E-004
  sig_LO   = (  0.24222267649247331            +-    1.6333496894972837E-004 ) fb
  sig_NLO  = (  0.28157527316983816            +-    1.7526298309002784E-004 ) fb
  sig_NNLO = (  0.28647054068514360            +-    1.8022736675594149E-004 ) fb
  sig_HHZ  = (  0.32980660127440020            +-    2.2816990964891521E-004 ) fb

  mH       = 125.0000      GeV
  fact_scale 1.0
  ren_scale  1.0
  Kqq      =   0.26090622970033123            +-    2.6467072914283639E-004
  Kgq      =   -6.8333052462009519E-002       +-    1.2149237909605637E-004
  K_nlo    =    1.1925731772383217            +-    2.9122327009258812E-004
  Kqq2     =    5.8526072977484050E-002       +-    2.1169744086066124E-004
  Kgq2     =   -3.4702954292914284E-002       +-    1.2065971017646861E-004
  Kqqs     =    1.8454448555622711E-003       +-    3.3164177467702184E-006
  Kgg      =    1.1484421982454693E-003       +-    2.0449305595979512E-006
  Kgghhz   =   0.16861843159339165            +-    5.4164891436675987E-004
  K_nnlo   =    1.2193901829766993            +-    3.7973773257066223E-004
  K_nnlo2  =    1.3880086145700909            +-    6.6150154343931611E-004
  sig_LO   = (  0.23495261212197466            +-    1.5834326758015053E-004 ) fb
  sig_NLO  = (  0.28019818313874634            +-    1.7249460493919100E-004 ) fb
  sig_NNLO = (  0.28649890868626815            +-    1.8174945722466062E-004 ) fb
  sig_HHZ  = (  0.32611624964104602            +-    2.2187482481118636E-004 ) fb

  mH       = 125.0000      GeV
  fact_scale 1.5
  ren_scale  1.0
  Kqq      =   0.30440831636073079            +-    3.0662640718991520E-004
  Kgq      =   -9.2400533362313519E-002       +-    1.3267756606585680E-004
  K_nlo    =    1.2120077829984173            +-    3.3410041922056228E-004
  Kqq2     =    7.2249532514225986E-002       +-    2.8210391277922099E-004
  Kgq2     =   -4.7729869399269799E-002       +-    1.4683817381043237E-004
  Kqqs     =    3.2060259301647052E-003       +-    4.0722401354280237E-006
  Kgg      =    1.8708487509948217E-003       +-    2.6566115965143614E-006
  Kgghhz   =   0.16316877397202806            +-    5.2295096916559999E-004
  K_nnlo   =    1.2416043207945331            +-    4.6129252946647628E-004
  K_nnlo2  =    1.4047730947665611            +-    6.9732955902702140E-004
  sig_LO   = (  0.23078628617766170            +-    1.5556809175456729E-004 ) fb
  sig_NLO  = (  0.27971477505662606            +-    1.7362815091144577E-004 ) fb
  sig_NNLO = (  0.28654525009830845            +-    1.8850772022046105E-004 ) fb
  sig_HHZ  = (  0.32420236546347514            +-    2.2383300794953659E-004 ) fb

  mH       = 125.0000      GeV
  fact_scale 2.0
  ren_scale  1.0
  Kqq      =   0.33564679825516675            +-    3.3964277370797445E-004
  Kgq      =  -0.10895766441289283            +-    1.4355062588514812E-004
  K_nlo    =    1.2266891338422738            +-    3.6873296018129990E-004
  Kqq2     =    8.2049860794814133E-002       +-    3.4363109508363579E-004
  Kgq2     =   -5.7948296355561799E-002       +-    1.7428046240782903E-004
  Kqqs     =    4.5298809211362940E-003       +-    5.1332496234025324E-006
  Kgg      =    2.4747222794860900E-003       +-    2.9623297028508869E-006
  Kgghhz   =   0.15953745641753456            +-    5.1090037224544162E-004
  K_nnlo   =    1.2577953014821486            +-    5.3334335156491274E-004
  K_nnlo2  =    1.4173327578996830            +-    7.3856233387509338E-004
  sig_LO   = (  0.22787589153622145            +-    1.5366290297369299E-004 ) fb
  sig_NLO  = (  0.27953288001210347            +-    1.7513579741379532E-004 ) fb
  sig_NNLO = (  0.28662122569531512            +-    1.9591658772033339E-004 ) fb
  sig_HHZ  = (  0.32297596580988186            +-    2.2789770287820425E-004 ) fb

  mH       = 125.0000      GeV
  fact_scale 1.0
  ren_scale  1.5
  Kqq      =   0.24957892156794695            +-    2.5316600666751792E-004
  Kgq      =   -6.5338816192048066E-002       +-    1.1610653296400343E-004
  K_nlo    =    1.1842401053758989            +-    2.7852065260748426E-004
  Kqq2     =    6.4011709811024858E-002       +-    1.9659644527603699E-004
  Kgq2     =   -3.4508836792398301E-002       +-    1.0937754901849335E-004
  Kqqs     =    1.6880141565406284E-003       +-    3.0302205964050689E-006
  Kgg      =    1.0489386316756271E-003       +-    1.8661686988725915E-006
  Kgghhz   =   0.15417499422709857            +-    4.9572029638864632E-004
  K_nnlo   =    1.2164799311827417            +-    3.5805031668166586E-004
  K_nnlo2  =    1.3706549254098404            +-    6.1150522608354591E-004
  sig_LO   = (  0.23495261212197466            +-    1.5834326758015053E-004 ) fb
  sig_NLO  = (  0.27824030613766998            +-    1.7133263955462826E-004 ) fb
  sig_NNLO = (  0.28581513742534514            +-    1.7930304510172239E-004 ) fb
  sig_HHZ  = (  0.32203895504289232            +-    2.1381072057179596E-004 ) fb

  mH       = 125.0000      GeV
  fact_scale 1.5
  ren_scale  1.5
  Kqq      =   0.29119018464491669            +-    2.9327457543673016E-004
  Kgq      =   -8.8345480801250376E-002       +-    1.2685960260580114E-004
  K_nlo    =    1.2028447038436663            +-    3.1953612529868374E-004
  Kqq2     =    7.8273500165800730E-002       +-    2.3991160547847187E-004
  Kgq2     =   -4.7435683230593786E-002       +-    1.4396042766004447E-004
  Kqqs     =    2.9323411485658642E-003       +-    3.7213936961690712E-006
  Kgg      =    1.7085443963018255E-003       +-    2.4257486407134895E-006
  Kgghhz   =   0.14918560157491423            +-    4.7851013643243021E-004
  K_nnlo   =    1.2383234063237409            +-    4.2474139376063496E-004
  K_nnlo2  =    1.3875090078986552            +-    6.3982591557572104E-004
  sig_LO   = (  0.23078628617766170            +-    1.5556809175456729E-004 ) fb
  sig_NLO  = (  0.27760006204854909            +-    1.7216181534024207E-004 ) fb
  sig_NNLO = (  0.28578806003232771            +-    1.8387558725084125E-004 ) fb
  sig_HHZ  = (  0.32021805097098249            +-    2.1448964212506354E-004 ) fb

  mH       = 125.0000      GeV
  fact_scale 2.0
  ren_scale  1.5
  Kqq      =   0.32107028207634702            +-    3.2485047545208402E-004
  Kgq      =  -0.10417284126429521            +-    1.3724489025345786E-004
  K_nlo    =    1.2168974408120516            +-    3.5265279142823860E-004
  Kqq2     =    8.8463898657929654E-002       +-    2.8024833810386265E-004
  Kgq2     =   -5.7477771414074362E-002       +-    1.7208654795517568E-004
  Kqqs     =    4.1427139451634086E-003       +-    4.6912770878287293E-006
  Kgg      =    2.2598640096536384E-003       +-    2.7048979889279310E-006
  Kgghhz   =   0.14586072898936528            +-    4.6736752484738284E-004
  K_nnlo   =    1.2542861460107237            +-    4.8223047068085599E-004
  K_nnlo2  =    1.4001468750000889            +-    6.7154942493836511E-004
  sig_LO   = (  0.22787589153622145            +-    1.5366290297369299E-004 ) fb
  sig_NLO  = (  0.27730158923319259            +-    1.7340758115266184E-004 ) fb
  sig_NNLO = (  0.28582157376372502            +-    1.8891218540225121E-004 ) fb
  sig_HHZ  = (  0.31905971742229983            +-    2.1686503951719445E-004 ) fb

  mH       = 125.0000      GeV
  fact_scale 1.0
  ren_scale  2.0
  Kqq      =   0.24213134209081616            +-    2.4560370253522634E-004
  Kgq      =   -6.3371491540806235E-002       +-    1.1257160601786828E-004
  K_nlo    =    1.1787598505500099            +-    2.7017317627857525E-004
  Kqq2     =    6.7199639151948987E-002       +-    2.0479980402024614E-004
  Kgq2     =   -3.4329359077828650E-002       +-    1.0622981685657213E-004
  Kqqs     =    1.5883694559226968E-003       +-    2.8492923159635446E-006
  Kgg      =    9.8607078294101901E-004       +-    1.7533498306563164E-006
  Kgghhz   =   0.14503653981990372            +-    4.6663895430241575E-004
  K_nnlo   =    1.2142045708629938            +-    3.5529209335263384E-004
  K_nnlo2  =    1.3592411106828974            +-    5.8650182034785596E-004
  sig_LO   = (  0.23495261212197466            +-    1.5834326758015053E-004 ) fb
  sig_NLO  = (  0.27695270595123334            +-    1.7059318084300287E-004 ) fb
  sig_NNLO = (  0.28528053557470179            +-    1.7899990901579468E-004 ) fb
  sig_HHZ  = (  0.31935724945852095            +-    2.0990823593342243E-004 ) fb

  mH       = 125.0000      GeV
  fact_scale 1.5
  ren_scale  2.0
  Kqq      =   0.28249939256458534            +-    2.8449736335217477E-004
  Kgq      =   -8.5681478729871460E-002       +-    1.2303762097804665E-004
  K_nlo    =    1.1968179138347139            +-    3.0996291057201801E-004
  Kqq2     =    8.1804037650425723E-002       +-    2.4770352938564708E-004
  Kgq2     =   -4.7168633851993602E-002       +-    1.4273932576525835E-004
  Kqqs     =    2.7591253051334466E-003       +-    3.4995825443149651E-006
  Kgg      =    1.6060136659598035E-003       +-    2.2799548590030019E-006
  Kgghhz   =   0.14033932504674973            +-    4.5039092652400975E-004
  K_nnlo   =    1.2358184566042389            +-    4.2169420768187828E-004
  K_nnlo2  =    1.3761577816509887            +-    6.1699107893680523E-004
  sig_LO   = (  0.23078628617766170            +-    1.5556809175456729E-004 ) fb
  sig_NLO  = (  0.27620916156481029            +-    1.7122708440867672E-004 ) fb
  sig_NNLO = (  0.28520995198950205            +-    1.8350164834545879E-004 ) fb
  sig_HHZ  = (  0.31759834362172112            +-    2.1089623117113510E-004 ) fb

  mH       = 125.0000      GeV
  fact_scale 2.0
  ren_scale  2.0
  Kqq      =   0.31148653552405053            +-    3.1512830708680577E-004
  Kgq      =  -0.10102956360394795            +-    1.3310316481658565E-004
  K_nlo    =    1.2104569719201026            +-    3.4208522682452591E-004
  Kqq2     =    9.2279961527712354E-002       +-    2.7860260039653514E-004
  Kgq2     =   -5.7073041481096924E-002       +-    1.6937669052017449E-004
  Kqqs     =    3.8977069990909089E-003       +-    4.4118184304398964E-006
  Kgg      =    2.1241461611058712E-003       +-    2.5423220431418867E-006
  Kgghhz   =   0.13720875342211941            +-    4.3981524729162411E-004
  K_nnlo   =    1.2516857451269148            +-    4.7260565188548046E-004
  K_nnlo2  =    1.3888944985490341            +-    6.4559550334887896E-004
  sig_LO   = (  0.22787589153622145            +-    1.5366290297369299E-004 ) fb
  sig_NLO  = (  0.27583396164252832            +-    1.7230482937056780E-004 ) fb
  sig_NNLO = (  0.28522900509397531            +-    1.8764486220670948E-004 ) fb
  sig_HHZ  = (  0.31649557210661433            +-    2.1273293701086504E-004 ) fb

  pp ---> HHZ + X
  ===============

  PDFSET = PDF4LHC21_40                                NSET =   1
  Sqrt(S)  = 13.6 TeV
  LOOP     = 3
  alphaS(MZ) =   0.11800
          kl =  -1.70000
          kv =   1.20000
         k2v =   0.40000
         kth =   0.00000
         kbh =   1.00000
 --------------

  mH       = 125.0000      GeV
  fact_scale 1.0
  ren_scale  1.0
  Kqq      =   0.26115189898131763            +-    2.6404229538312896E-004
  Kgq      =   -6.8510889013116749E-002       +-    1.2144252045146619E-004
  K_nlo    =    1.1926410099682010            +-    2.9063141524067265E-004
  Kqq2     =    5.8622004032579063E-002       +-    2.1115530793911941E-004
  Kgq2     =   -3.4796470495129482E-002       +-    1.2052977891153363E-004
  Kqqs     =    1.8504875050705813E-003       +-    3.3141016168178930E-006
  Kgg      =    1.1506289668115081E-003       +-    2.0499874021080985E-006
  Kgghhz   =   0.16894559901578260            +-    5.4418995420155191E-004
  K_nnlo   =    1.2194676599775327            +-    3.7894036063475635E-004
  K_nnlo2  =    1.3884132589933154            +-    6.6312781812550008E-004
  sig_LO   = (  0.23444605303308469            +-    1.5731190931866481E-004 ) fb
  sig_NLO  = (  0.27960997747243649            +-    1.7143436202500268E-004 ) fb
  sig_NNLO = (  0.28589937968322432            +-    1.8066480804875430E-004 ) fb
  sig_HHZ  = (  0.32550800854978473            +-    2.2117242693736413E-004 ) fb

  pp ---> HHZ + X
  ===============

  PDFSET = PDF4LHC21_40                                NSET =   2
  Sqrt(S)  = 13.6 TeV
  LOOP     = 3
  alphaS(MZ) =   0.11800
          kl =  -1.70000
          kv =   1.20000
         k2v =   0.40000
         kth =   0.00000
         kbh =   1.00000
 --------------

  mH       = 125.0000      GeV
  fact_scale 1.0
  ren_scale  1.0
  Kqq      =   0.26090925456951125            +-    2.6439974355919660E-004
  Kgq      =   -6.8670791393767305E-002       +-    1.2166337277269038E-004
  K_nlo    =    1.1922384631757441            +-    2.9104845072357893E-004
  Kqq2     =    5.8535668474902353E-002       +-    2.1147100408855260E-004
  Kgq2     =   -3.4885816978965312E-002       +-    1.2092185486888608E-004
  Kqqs     =    1.8643770322990907E-003       +-    3.3417045541232000E-006
  Kgg      =    1.1424075321187616E-003       +-    2.0251865770896034E-006
  Kgghhz   =   0.16750878093451224            +-    5.3733643590475947E-004
  K_nnlo   =    1.2188950992360990            +-    3.7956099588043446E-004
  K_nnlo2  =    1.3864038801706111            +-    6.5787308422261576E-004
  sig_LO   = (  0.23450546789633636            +-    1.5779542041328404E-004 ) fb
  sig_NLO  = (  0.27958643865103683            +-    1.7192379724736466E-004 ) fb
  sig_NNLO = (  0.28583756556291273            +-    1.8116848439234549E-004 ) fb
  sig_HHZ  = (  0.32511929061270545            +-    2.2068103577558518E-004 ) fb

  pp ---> HHZ + X
  ===============

  PDFSET = PDF4LHC21_40                                NSET =   3
  Sqrt(S)  = 13.6 TeV
  LOOP     = 3
  alphaS(MZ) =   0.11800
          kl =  -1.70000
          kv =   1.20000
         k2v =   0.40000
         kth =   0.00000
         kbh =   1.00000
 --------------

  mH       = 125.0000      GeV
  fact_scale 1.0
  ren_scale  1.0
  Kqq      =   0.26088029078296054            +-    2.6394400518119337E-004
  Kgq      =   -6.8282756340016293E-002       +-    1.2117534807758756E-004
  K_nlo    =    1.1925975344429443            +-    2.9043054738235499E-004
  Kqq2     =    5.8517923621771273E-002       +-    2.1108584973644431E-004
  Kgq2     =   -3.4680090468998781E-002       +-    1.2035625143793987E-004
  Kqqs     =    1.8451650380687007E-003       +-    3.3108585212225402E-006
  Kgg      =    1.1449873330719017E-003       +-    2.0370487702701563E-006
  Kgghhz   =   0.16800572495697264            +-    5.4028184282040200E-004
  K_nnlo   =    1.2194255199668573            +-    3.7869232554120199E-004
  K_nnlo2  =    1.3874312449238300            +-    6.5978204515219517E-004
  sig_LO   = (  0.23475170737909118            +-    1.5750746487804685E-004 ) fb
  sig_NLO  = (  0.27996430742657569            +-    1.7163037799873668E-004 ) fb
  sig_NNLO = (  0.28626222283385583            +-    1.8086341536829216E-004 ) fb
  sig_HHZ  = (  0.32570185361696713            +-    2.2090258672406395E-004 ) fb

  pp ---> HHZ + X
  ===============

  PDFSET = PDF4LHC21_40                                NSET =   4
  Sqrt(S)  = 13.6 TeV
  LOOP     = 3
  alphaS(MZ) =   0.11800
          kl =  -1.70000
          kv =   1.20000
         k2v =   0.40000
         kth =   0.00000
         kbh =   1.00000
 --------------

  mH       = 125.0000      GeV
  fact_scale 1.0
  ren_scale  1.0
  Kqq      =   0.26144511929366931            +-    2.6498276779615666E-004
  Kgq      =   -6.9351312753732824E-002       +-    1.2353000103198581E-004
  K_nlo    =    1.1920938065399365            +-    2.9236198176896104E-004
  Kqq2     =    5.8742545078296897E-002       +-    2.1171429024904951E-004
  Kgq2     =   -3.5214198134847143E-002       +-    1.2260016721361502E-004
  Kqqs     =    1.8668000717346246E-003       +-    3.3562243094593592E-006
  Kgg      =    1.1731872030443374E-003       +-    2.0952674836447479E-006
  Kgghhz   =   0.17239953098247823            +-    5.5452134132710806E-004
  K_nnlo   =    1.2186621407581650            +-    3.8124129428458150E-004
  K_nnlo2  =    1.3910616717406432            +-    6.7293301483505616E-004
  sig_LO   = (  0.23104008302793094            +-    1.5560899578856652E-004 ) fb
  sig_NLO  = (  0.27542145204006918            +-    1.6963726667291990E-004 ) fb
  sig_NNLO = (  0.28155980218376259            +-    1.7880884169370917E-004 ) fb
  sig_HHZ  = (  0.32139100413593069            +-    2.1996926967722262E-004 ) fb

  pp ---> HHZ + X
  ===============

  PDFSET = PDF4LHC21_40                                NSET =   5
  Sqrt(S)  = 13.6 TeV
  LOOP     = 3
  alphaS(MZ) =   0.11800
          kl =  -1.70000
          kv =   1.20000
         k2v =   0.40000
         kth =   0.00000
         kbh =   1.00000
 --------------

  mH       = 125.0000      GeV
  fact_scale 1.0
  ren_scale  1.0
  Kqq      =   0.26110526809585138            +-    2.6515358051929498E-004
  Kgq      =   -6.8263084943611385E-002       +-    1.2115907724808172E-004
  K_nlo    =    1.1928421831522400            +-    2.9152348663839914E-004
  Kqq2     =    5.8603864118242123E-002       +-    2.1195155743784839E-004
  Kgq2     =   -3.4675184165994855E-002       +-    1.2048396528491310E-004
  Kqqs     =    1.8459885207659052E-003       +-    3.3153492441324820E-006
  Kgg      =    1.1419055746576343E-003       +-    2.0343197958712387E-006
  Kgghhz   =   0.16741697652111850            +-    5.4054194335864593E-004
  K_nnlo   =    1.2197587571999107            +-    3.8005384072596480E-004
  K_nnlo2  =    1.3871757337210291            +-    6.6077720479787937E-004
  sig_LO   = (  0.23423752582871779            +-    1.5816158728983127E-004 ) fb
  sig_NLO  = (  0.27940840168570691            +-    1.7227312620647956E-004 ) fb
  sig_NNLO = (  0.28571327339441877            +-    1.8149424044435513E-004 ) fb
  sig_HHZ  = (  0.32492861175645010            +-    2.2129521021527725E-004 ) fb

  pp ---> HHZ + X
  ===============

  PDFSET = PDF4LHC21_40                                NSET =   6
  Sqrt(S)  = 13.6 TeV
  LOOP     = 3
  alphaS(MZ) =   0.11800
          kl =  -1.70000
          kv =   1.20000
         k2v =   0.40000
         kth =   0.00000
         kbh =   1.00000
 --------------

  mH       = 125.0000      GeV
  fact_scale 1.0
  ren_scale  1.0
  Kqq      =   0.26099896958800678            +-    2.6412672048163279E-004
  Kgq      =   -6.8490358545933577E-002       +-    1.2164581314038614E-004
  K_nlo    =    1.1925086110420733            +-    2.9079310226855161E-004
  Kqq2     =    5.8566034670709907E-002       +-    2.1127512629801843E-004
  Kgq2     =   -3.4781496913776945E-002       +-    1.2070134920291219E-004
  Kqqs     =    1.8470582768850014E-003       +-    3.3109185610787629E-006
  Kgg      =    1.1540316032623689E-003       +-    2.0587407723325129E-006
  Kgghhz   =   0.16951540649327099            +-    5.4620799949282081E-004
  K_nnlo   =    1.2192942386791537            +-    3.7918573761931110E-004
  K_nnlo2  =    1.3888096451724246            +-    6.6492480952649858E-004
  sig_LO   = (  0.23473773352559973            +-    1.5769431456430364E-004 ) fb
  sig_NLO  = (  0.27992676856577725            +-    1.7183404777650822E-004 ) fb
  sig_NNLO = (  0.28621436608836615            +-    1.8108046455486966E-004 ) fb
  sig_HHZ  = (  0.32600602840626730            +-    2.2187695208020496E-004 ) fb

  pp ---> HHZ + X
  ===============

  PDFSET = PDF4LHC21_40                                NSET =   7
  Sqrt(S)  = 13.6 TeV
  LOOP     = 3
  alphaS(MZ) =   0.11800
          kl =  -1.70000
          kv =   1.20000
         k2v =   0.40000
         kth =   0.00000
         kbh =   1.00000
 --------------

  mH       = 125.0000      GeV
  fact_scale 1.0
  ren_scale  1.0
  Kqq      =   0.26121487395359738            +-    2.6600019023652783E-004
  Kgq      =   -6.8303760482195996E-002       +-    1.2138768107362210E-004
  K_nlo    =    1.1929111134714012            +-    2.9238856051887598E-004
  Kqq2     =    5.8632492881451580E-002       +-    2.1250966425141754E-004
  Kgq2     =   -3.4696659390179539E-002       +-    1.2070672558544949E-004
  Kqqs     =    1.8470094343721885E-003       +-    3.3214511127295825E-006
  Kgg      =    1.1431944390719712E-003       +-    2.0328330684334419E-006
  Kgghhz   =   0.16765641441926174            +-    5.3980349833248947E-004
  K_nnlo   =    1.2198371508361174            +-    3.8109933845637933E-004
  K_nnlo2  =    1.3874935652553793            +-    6.6077569763413964E-004
  sig_LO   = (  0.23421699976182242            +-    1.5888837432799716E-004 ) fb
  sig_NLO  = (  0.27940006197980649            +-    1.7301835362310556E-004 ) fb
  sig_NNLO = (  0.28570659766684509            +-    1.8224393827937828E-004 ) fb
  sig_HHZ  = (  0.32497458004294932            +-    2.2180552339089792E-004 ) fb

  pp ---> HHZ + X
  ===============

  PDFSET = PDF4LHC21_40                                NSET =   8
  Sqrt(S)  = 13.6 TeV
  LOOP     = 3
  alphaS(MZ) =   0.11800
          kl =  -1.70000
          kv =   1.20000
         k2v =   0.40000
         kth =   0.00000
         kbh =   1.00000
 --------------

  mH       = 125.0000      GeV
  fact_scale 1.0
  ren_scale  1.0
  Kqq      =   0.26075547984129704            +-    2.6472263718320692E-004
  Kgq      =   -6.8247965291591259E-002       +-    1.2184944391439115E-004
  K_nlo    =    1.1925075145497057            +-    2.9141956286337088E-004
  Kqq2     =    5.8463686626247721E-002       +-    2.1178951100418679E-004
  Kgq2     =   -3.4639057055159683E-002       +-    1.2079374868139706E-004
  Kqqs     =    1.8484520681695319E-003       +-    3.3214865905436123E-006
  Kgg      =    1.1524065767034896E-003       +-    2.0632842623288979E-006
  Kgghhz   =   0.16957659525513849            +-    5.4430986429125573E-004
  K_nnlo   =    1.2193330027656670            +-    3.7998233870338447E-004
  K_nnlo2  =    1.3889095980208055            +-    6.6382211931454859E-004
  sig_LO   = (  0.23552666516838028            +-    1.5884491347589814E-004 ) fb
  sig_NLO  = (  0.28086731809012594            +-    1.7303974973085674E-004 ) fb
  sig_NNLO = (  0.28718543587114498            +-    1.8232179170551272E-004 ) fb
  sig_HHZ  = (  0.32712524584219593            +-    2.2288190648290677E-004 ) fb

  pp ---> HHZ + X
  ===============

  PDFSET = PDF4LHC21_40                                NSET =   9
  Sqrt(S)  = 13.6 TeV
  LOOP     = 3
  alphaS(MZ) =   0.11800
          kl =  -1.70000
          kv =   1.20000
         k2v =   0.40000
         kth =   0.00000
         kbh =   1.00000
 --------------

  mH       = 125.0000      GeV
  fact_scale 1.0
  ren_scale  1.0
  Kqq      =   0.26100591229388498            +-    2.6365809156429765E-004
  Kgq      =   -6.8461457420052468E-002       +-    1.2156664229550261E-004
  K_nlo    =    1.1925444548738326            +-    2.9033435512582773E-004
  Kqq2     =    5.8564053280815542E-002       +-    2.1085671634614829E-004
  Kgq2     =   -3.4761932394838491E-002       +-    1.2054339276013469E-004
  Kqqs     =    1.8507618629951671E-003       +-    3.3204439373882312E-006
  Kgg      =    1.1483978285971633E-003       +-    2.0458708157756216E-006
  Kgghhz   =   0.16867928790907397            +-    5.4240550232574419E-004
  K_nnlo   =    1.2193457354514021            +-    3.7855054229002307E-004
  K_nnlo2  =    1.3880250233604761            +-    6.6144103442507512E-004
  sig_LO   = (  0.23571758317922467            +-    1.5789265355576273E-004 ) fb
  sig_NLO  = (  0.28110369673664576            +-    1.7208631857292434E-004 ) fb
  sig_NNLO = (  0.28742122982049872            +-    1.8136224741636039E-004 ) fb
  sig_HHZ  = (  0.32718190389881824            +-    2.2189871916385498E-004 ) fb

  pp ---> HHZ + X
  ===============

  PDFSET = PDF4LHC21_40                                NSET =  10
  Sqrt(S)  = 13.6 TeV
  LOOP     = 3
  alphaS(MZ) =   0.11800
          kl =  -1.70000
          kv =   1.20000
         k2v =   0.40000
         kth =   0.00000
         kbh =   1.00000
 --------------

  mH       = 125.0000      GeV
  fact_scale 1.0
  ren_scale  1.0
  Kqq      =   0.26087651439927123            +-    2.6488675876848011E-004
  Kgq      =   -6.8142247033171149E-002       +-    1.2143199490917444E-004
  K_nlo    =    1.1927342673661001            +-    2.9139444805708421E-004
  Kqq2     =    5.8512137021753487E-002       +-    2.1187546841931930E-004
  Kgq2     =   -3.4604276594334904E-002       +-    1.2054379795850125E-004
  Kqqs     =    1.8448413117754805E-003       +-    3.3194963857365105E-006
  Kgg      =    1.1447926427208478E-003       +-    2.0465439285216498E-006
  Kgghhz   =   0.16828433888390293            +-    5.4125274548971205E-004
  K_nnlo   =    1.2196317617480150            +-    3.7993151106609327E-004
  K_nnlo2  =    1.3879161006319181            +-    6.6128850557159685E-004
  sig_LO   = (  0.23469860578686288            +-    1.5839641051140898E-004 ) fb
  sig_NLO  = (  0.27993306962503905            +-    1.7252998949837147E-004 ) fb
  sig_NNLO = (  0.28624587405563440            +-    1.8177074581875904E-004 ) fb
  sig_HHZ  = (  0.32574197376745040            +-    2.2176010970902308E-004 ) fb

  pp ---> HHZ + X
  ===============

  PDFSET = PDF4LHC21_40                                NSET =  11
  Sqrt(S)  = 13.6 TeV
  LOOP     = 3
  alphaS(MZ) =   0.11800
          kl =  -1.70000
          kv =   1.20000
         k2v =   0.40000
         kth =   0.00000
         kbh =   1.00000
 --------------

  mH       = 125.0000      GeV
  fact_scale 1.0
  ren_scale  1.0
  Kqq      =   0.26082742230473777            +-    2.6457979713035714E-004
  Kgq      =   -6.8259435985374636E-002       +-    1.2142210917452503E-004
  K_nlo    =    1.1925679863193632            +-    2.9111131487101499E-004
  Kqq2     =    5.8494524407473512E-002       +-    2.1169863566815038E-004
  Kgq2     =   -3.4665135377016064E-002       +-    1.2056474262726463E-004
  Kqqs     =    1.8428428677867295E-003       +-    3.3150770523366660E-006
  Kgg      =    1.1473970143075188E-003       +-    2.0440011381419322E-006
  Kgghhz   =   0.16849440389626491            +-    5.4146333289914776E-004
  K_nnlo   =    1.2193876152319150            +-    3.7962235818110303E-004
  K_nnlo2  =    1.3878820191281798            +-    6.6128335507952636E-004
  sig_LO   = (  0.23525023262900333            +-    1.5855191212609315E-004 ) fb
  sig_NLO  = (  0.28055189620753224            +-    1.7271006837260453E-004 ) fb
  sig_NNLO = (  0.28686122014823362            +-    1.8197339031783124E-004 ) fb
  sig_HHZ  = (  0.32649956786151518            +-    2.2212568506461256E-004 ) fb

  pp ---> HHZ + X
  ===============

  PDFSET = PDF4LHC21_40                                NSET =  12
  Sqrt(S)  = 13.6 TeV
  LOOP     = 3
  alphaS(MZ) =   0.11800
          kl =  -1.70000
          kv =   1.20000
         k2v =   0.40000
         kth =   0.00000
         kbh =   1.00000
 --------------

  mH       = 125.0000      GeV
  fact_scale 1.0
  ren_scale  1.0
  Kqq      =   0.26056239035896267            +-    2.6371502313729224E-004
  Kgq      =   -6.8097828169668223E-002       +-    1.2115356764746480E-004
  K_nlo    =    1.1924645621892944            +-    2.9021337043977043E-004
  Kqq2     =    5.8391511258862897E-002       +-    2.1109845385413218E-004
  Kgq2     =   -3.4577876675175846E-002       +-    1.2020482041450383E-004
  Kqqs     =    1.8404958343484561E-003       +-    3.3094640974197916E-006
  Kgg      =    1.1440039081906763E-003       +-    2.0376695441444713E-006
  Kgghhz   =   0.16806024794071309            +-    5.3916660346792851E-004
  K_nnlo   =    1.2192626965155207            +-    3.7848469071057939E-004
  K_nnlo2  =    1.3873229444562338            +-    6.5874979119345865E-004
  sig_LO   = (  0.23707825590751849            +-    1.5922514858429505E-004 ) fb
  sig_NLO  = (  0.28270741863536053            +-    1.7345471812505418E-004 ) fb
  sig_NNLO = (  0.28906067358299764            +-    1.8276818334212629E-004 ) fb
  sig_HHZ  = (  0.32890410405216702            +-    2.2303218858807977E-004 ) fb

  pp ---> HHZ + X
  ===============

  PDFSET = PDF4LHC21_40                                NSET =  13
  Sqrt(S)  = 13.6 TeV
  LOOP     = 3
  alphaS(MZ) =   0.11800
          kl =  -1.70000
          kv =   1.20000
         k2v =   0.40000
         kth =   0.00000
         kbh =   1.00000
 --------------

  mH       = 125.0000      GeV
  fact_scale 1.0
  ren_scale  1.0
  Kqq      =   0.26091699326058454            +-    2.6441248155334408E-004
  Kgq      =   -6.8179841260607568E-002       +-    1.2114680178192989E-004
  K_nlo    =    1.1927371519999770            +-    2.9084447387424736E-004
  Kqq2     =    5.8526375783077247E-002       +-    2.1152187070297562E-004
  Kgq2     =   -3.4624324474291486E-002       +-    1.2031057764699620E-004
  Kqqs     =    1.8415332471095446E-003       +-    3.3101489429053691E-006
  Kgg      =    1.1439907759055684E-003       +-    2.0359363030319843E-006
  Kgghhz   =   0.16790576470315768            +-    5.3997052269452316E-004
  K_nnlo   =    1.2196247273317780            +-    3.7923837752168780E-004
  K_nnlo2  =    1.3875304920349356            +-    6.5984082350539568E-004
  sig_LO   = (  0.23470691386250445            +-    1.5798372485234703E-004 ) fb
  sig_NLO  = (  0.27994365599506743            +-    1.7210090936542271E-004 ) fb
  sig_NNLO = (  0.28625435582243997            +-    1.8133288211008951E-004 ) fb
  sig_HHZ  = (  0.32566299967564194            +-    2.2123138895030264E-004 ) fb

  pp ---> HHZ + X
  ===============

  PDFSET = PDF4LHC21_40                                NSET =  14
  Sqrt(S)  = 13.6 TeV
  LOOP     = 3
  alphaS(MZ) =   0.11800
          kl =  -1.70000
          kv =   1.20000
         k2v =   0.40000
         kth =   0.00000
         kbh =   1.00000
 --------------

  mH       = 125.0000      GeV
  fact_scale 1.0
  ren_scale  1.0
  Kqq      =   0.26105711671494708            +-    2.6510501551221555E-004
  Kgq      =   -6.8305582950424590E-002       +-    1.2139844283230551E-004
  K_nlo    =    1.1927515337645225            +-    2.9157889356371561E-004
  Kqq2     =    5.8584990045786198E-002       +-    2.1197463681076539E-004
  Kgq2     =   -3.4693040245485411E-002       +-    1.2062912930749281E-004
  Kqqs     =    1.8465673146783853E-003       +-    3.3205374777649590E-006
  Kgg      =    1.1444966208502851E-003       +-    2.0359764984276671E-006
  Kgghhz   =   0.16794913140277110            +-    5.4011813521061898E-004
  K_nnlo   =    1.2196345475003518            +-    3.8015530488186495E-004
  K_nnlo2  =    1.3875836789031228            +-    6.6048895207506699E-004
  sig_LO   = (  0.23480155525623772            +-    1.5858202639584850E-004 ) fb
  sig_NLO  = (  0.28005991516217277            +-    1.7272945838808654E-004 ) fb
  sig_NNLO = (  0.28637208859732033            +-    1.8197745838801027E-004 ) fb
  sig_HHZ  = (  0.32580680585462524            +-    2.2180904942905173E-004 ) fb

  pp ---> HHZ + X
  ===============

  PDFSET = PDF4LHC21_40                                NSET =  15
  Sqrt(S)  = 13.6 TeV
  LOOP     = 3
  alphaS(MZ) =   0.11800
          kl =  -1.70000
          kv =   1.20000
         k2v =   0.40000
         kth =   0.00000
         kbh =   1.00000
 --------------

  mH       = 125.0000      GeV
  fact_scale 1.0
  ren_scale  1.0
  Kqq      =   0.26100369422772290            +-    2.6453633788940862E-004
  Kgq      =   -6.8143996309553520E-002       +-    1.2098272893987015E-004
  K_nlo    =    1.1928596979181694            +-    2.9088880137550409E-004
  Kqq2     =    5.8565786979714950E-002       +-    2.1153702050951851E-004
  Kgq2     =   -3.4614688370452951E-002       +-    1.2018812802963116E-004
  Kqqs     =    1.8439591703338189E-003       +-    3.3140975523534001E-006
  Kgg      =    1.1401026975726492E-003       +-    2.0269302171607430E-006
  Kgghhz   =   0.16731826520832710            +-    5.3759429401624762E-004
  K_nnlo   =    1.2197948583953377            +-    3.7924198557079712E-004
  K_nnlo2  =    1.3871131236036649            +-    6.5789977092145914E-004
  sig_LO   = (  0.23453358371105923            +-    1.5784734140007406E-004 ) fb
  sig_NLO  = (  0.27976565981723978            +-    1.7195984198858108E-004 ) fb
  sig_NNLO = (  0.28608285953178253            +-    1.8118220940436454E-004 ) fb
  sig_HHZ  = (  0.32532461189140893            +-    2.2073546830738490E-004 ) fb

  pp ---> HHZ + X
  ===============

  PDFSET = PDF4LHC21_40                                NSET =  16
  Sqrt(S)  = 13.6 TeV
  LOOP     = 3
  alphaS(MZ) =   0.11800
          kl =  -1.70000
          kv =   1.20000
         k2v =   0.40000
         kth =   0.00000
         kbh =   1.00000
 --------------

  mH       = 125.0000      GeV
  fact_scale 1.0
  ren_scale  1.0
  Kqq      =   0.26074022000694019            +-    2.6465529630693925E-004
  Kgq      =   -6.8168455936849379E-002       +-    1.2136704790048675E-004
  K_nlo    =    1.1925717640700908            +-    2.9115697858611057E-004
  Kqq2     =    5.8456575648802300E-002       +-    2.1174922606006659E-004
  Kgq2     =   -3.4614880661347824E-002       +-    1.2048575224340617E-004
  Kqqs     =    1.8346554704067723E-003       +-    3.3025133383051415E-006
  Kgg      =    1.1515897331388879E-003       +-    2.0541782226321561E-006
  Kgghhz   =   0.16915653309068776            +-    5.4363396534999337E-004
  K_nnlo   =    1.2193997042610909            +-    3.7966045837380737E-004
  K_nnlo2  =    1.3885562373517786            +-    6.6308366887955197E-004
  sig_LO   = (  0.23522042856094885            +-    1.5863650171553753E-004 ) fb
  sig_NLO  = (  0.28051724143425355            +-    1.7278854522849329E-004 ) fb
  sig_NNLO = (  0.28682772102338810            +-    1.8204594329026817E-004 ) fb
  sig_HHZ  = (  0.32661679323086401            +-    2.2246895930580916E-004 ) fb

  pp ---> HHZ + X
  ===============

  PDFSET = PDF4LHC21_40                                NSET =  17
  Sqrt(S)  = 13.6 TeV
  LOOP     = 3
  alphaS(MZ) =   0.11800
          kl =  -1.70000
          kv =   1.20000
         k2v =   0.40000
         kth =   0.00000
         kbh =   1.00000
 --------------

  mH       = 125.0000      GeV
  fact_scale 1.0
  ren_scale  1.0
  Kqq      =   0.26106405424450208            +-    2.6436221989300487E-004
  Kgq      =   -6.8122768855534768E-002       +-    1.2094693232312782E-004
  K_nlo    =    1.1929412853889672            +-    2.9071557189998048E-004
  Kqq2     =    5.8587818088749133E-002       +-    2.1140597278234042E-004
  Kgq2     =   -3.4596449960632519E-002       +-    1.2009322034877814E-004
  Kqqs     =    1.8444946477210069E-003       +-    3.3086145319537056E-006
  Kgg      =    1.1404117497567498E-003       +-    2.0293693468794391E-006
  Kgghhz   =   0.16739767443875056            +-    5.3833373927905225E-004
  K_nnlo   =    1.2199175599145613            +-    3.7900590485767855E-004
  K_nnlo2  =    1.3873152343533119            +-    6.5836820303167307E-004
  sig_LO   = (  0.23604821079792629            +-    1.5871120496432166E-004 ) fb
  sig_NLO  = (  0.28159165600304409            +-    1.7291138682939259E-004 ) fb
  sig_NNLO = (  0.28795935733880429            +-    1.8218944553928968E-004 ) fb
  sig_HHZ  = (  0.32747327888180511            +-    2.2212714649417857E-004 ) fb

  pp ---> HHZ + X
  ===============

  PDFSET = PDF4LHC21_40                                NSET =  18
  Sqrt(S)  = 13.6 TeV
  LOOP     = 3
  alphaS(MZ) =   0.11800
          kl =  -1.70000
          kv =   1.20000
         k2v =   0.40000
         kth =   0.00000
         kbh =   1.00000
 --------------

  mH       = 125.0000      GeV
  fact_scale 1.0
  ren_scale  1.0
  Kqq      =   0.26099752227417106            +-    2.6445101712857966E-004
  Kgq      =   -6.8084811011333193E-002       +-    1.2077567424554179E-004
  K_nlo    =    1.1929127112628379            +-    2.9072513470597200E-004
  Kqq2     =    5.8562563491826397E-002       +-    2.1150802445573644E-004
  Kgq2     =   -3.4582234163832194E-002       +-    1.1998790116875542E-004
  Kqqs     =    1.8450951468180600E-003       +-    3.3128702348541488E-006
  Kgg      =    1.1370231612267670E-003       +-    2.0206608138043794E-006
  Kgghhz   =   0.16682022300176461            +-    5.3618931560577715E-004
  K_nnlo   =    1.2198751588988768            +-    3.7903680951218235E-004
  K_nnlo2  =    1.3866953819006413            +-    6.5663375266198894E-004
  sig_LO   = (  0.23581401045906136            +-    1.5867350152585507E-004 ) fb
  sig_NLO  = (  0.28130553057048208            +-    1.7285065969305005E-004 ) fb
  sig_NNLO = (  0.28766365347932887            +-    1.8211660002523692E-004 ) fb
  sig_HHZ  = (  0.32700219929104996            +-    2.2170649645313512E-004 ) fb

  pp ---> HHZ + X
  ===============

  PDFSET = PDF4LHC21_40                                NSET =  19
  Sqrt(S)  = 13.6 TeV
  LOOP     = 3
  alphaS(MZ) =   0.11800
          kl =  -1.70000
          kv =   1.20000
         k2v =   0.40000
         kth =   0.00000
         kbh =   1.00000
 --------------

  mH       = 125.0000      GeV
  fact_scale 1.0
  ren_scale  1.0
  Kqq      =   0.26114915124470062            +-    2.6481247367030443E-004
  Kgq      =   -6.8686421639239395E-002       +-    1.2226141016018135E-004
  K_nlo    =    1.1924627296054613            +-    2.9167361660894489E-004
  Kqq2     =    5.8619514194242835E-002       +-    2.1163465740479311E-004
  Kgq2     =   -3.4879652529962661E-002       +-    1.2137866277390301E-004
  Kqqs     =    1.8507296820401832E-003       +-    3.3284422750620374E-006
  Kgg      =    1.1586722049161230E-003       +-    2.0667633170894904E-006
  Kgghhz   =   0.17019617113231425            +-    5.4761018095974710E-004
  K_nnlo   =    1.2192119931566980            +-    3.8027734175987148E-004
  K_nnlo2  =    1.3894081642890124            +-    6.6669915775162110E-004
  sig_LO   = (  0.23345325332329153            +-    1.5725281581413519E-004 ) fb
  sig_NLO  = (  0.27838430369316741            +-    1.7136215922417192E-004 ) fb
  sig_NNLO = (  0.28462900629320564            +-    1.8058183939935121E-004 ) fb
  sig_HHZ  = (  0.32436185614721208            +-    2.2125374285192963E-004 ) fb

  pp ---> HHZ + X
  ===============

  PDFSET = PDF4LHC21_40                                NSET =  20
  Sqrt(S)  = 13.6 TeV
  LOOP     = 3
  alphaS(MZ) =   0.11800
          kl =  -1.70000
          kv =   1.20000
         k2v =   0.40000
         kth =   0.00000
         kbh =   1.00000
 --------------

  mH       = 125.0000      GeV
  fact_scale 1.0
  ren_scale  1.0
  Kqq      =   0.26089587800620789            +-    2.6462023222152285E-004
  Kgq      =   -6.8316631013423140E-002       +-    1.2145655604180513E-004
  K_nlo    =    1.1925792469927847            +-    2.9116243285580098E-004
  Kqq2     =    5.8522036582611424E-002       +-    2.1165024635696493E-004
  Kgq2     =   -3.4693735184163632E-002       +-    1.2060373396691341E-004
  Kqqs     =    1.8455148050691183E-003       +-    3.3157468125433257E-006
  Kgg      =    1.1476239331115032E-003       +-    2.0436616993450491E-006
  Kgghhz   =   0.16850961504892700            +-    5.4105984724439019E-004
  K_nnlo   =    1.2194006871294130            +-    3.7964696820375250E-004
  K_nnlo2  =    1.3879103021783399            +-    6.6096715407531700E-004
  sig_LO   = (  0.23568698665178142            +-    1.5878689618032554E-004 ) fb
  sig_NLO  = (  0.28107540906717998            +-    1.7298098590972611E-004 ) fb
  sig_NNLO = (  0.28739687347064313            +-    1.8226234944775801E-004 ) fb
  sig_HHZ  = (  0.32711239686337640            +-    2.2244349739024532E-004 ) fb

  pp ---> HHZ + X
  ===============

  PDFSET = PDF4LHC21_40                                NSET =  21
  Sqrt(S)  = 13.6 TeV
  LOOP     = 3
  alphaS(MZ) =   0.11800
          kl =  -1.70000
          kv =   1.20000
         k2v =   0.40000
         kth =   0.00000
         kbh =   1.00000
 --------------

  mH       = 125.0000      GeV
  fact_scale 1.0
  ren_scale  1.0
  Kqq      =   0.26097527922096203            +-    2.6469968810118451E-004
  Kgq      =   -6.8766709875566337E-002       +-    1.2222764183472879E-004
  K_nlo    =    1.1922085693453957            +-    2.9155706355590686E-004
  Kqq2     =    5.8564248061083957E-002       +-    2.1162748205949634E-004
  Kgq2     =   -3.4922548996209300E-002       +-    1.2138086566745778E-004
  Kqqs     =    1.8563150443330761E-003       +-    3.3360154877042159E-006
  Kgg      =    1.1559404569271776E-003       +-    2.0588597321235003E-006
  Kgghhz   =   0.16971072343087767            +-    5.4584997827136338E-004
  K_nnlo   =    1.2188625239115307            +-    3.8018468528479385E-004
  K_nnlo2  =    1.3885732473424084            +-    6.6520116784619791E-004
  sig_LO   = (  0.23338182402069899            +-    1.5724283345162278E-004 ) fb
  sig_NLO  = (  0.27823981052693647            +-    1.7133391620763127E-004 ) fb
  sig_NNLO = (  0.28446035906094586            +-    1.8054916592445908E-004 ) fb
  sig_HHZ  = (  0.32406775725111647            +-    2.2096738742783951E-004 ) fb

  pp ---> HHZ + X
  ===============

  PDFSET = PDF4LHC21_40                                NSET =  22
  Sqrt(S)  = 13.6 TeV
  LOOP     = 3
  alphaS(MZ) =   0.11800
          kl =  -1.70000
          kv =   1.20000
         k2v =   0.40000
         kth =   0.00000
         kbh =   1.00000
 --------------

  mH       = 125.0000      GeV
  fact_scale 1.0
  ren_scale  1.0
  Kqq      =   0.26091079342096546            +-    2.6457130232625860E-004
  Kgq      =   -6.8501042490621958E-002       +-    1.2198249769055223E-004
  K_nlo    =    1.1924097509303433            +-    2.9133778292119637E-004
  Kqq2     =    5.8527477138138384E-002       +-    2.1162791761576816E-004
  Kgq2     =   -3.4781606266973714E-002       +-    1.2107039391131250E-004
  Kqqs     =    1.8444047268192693E-003       +-    3.3158208772803754E-006
  Kgg      =    1.1586036515988029E-003       +-    2.0724851548105125E-006
  Kgghhz   =   0.17032088023522507            +-    5.5015625345705742E-004
  K_nnlo   =    1.2191586301799260            +-    3.7991763504274448E-004
  K_nnlo2  =    1.3894795104151512            +-    6.6858755046319694E-004
  sig_LO   = (  0.23434729157316395            +-    1.5784636150158513E-004 ) fb
  sig_NLO  = (  0.27943799557595700            +-    1.7197919352388225E-004 ) fb
  sig_NNLO = (  0.28570652298071436            +-    1.8122441875122582E-004 ) fb
  sig_HHZ  = (  0.32562075996219658            +-    2.2240643695243512E-004 ) fb

  pp ---> HHZ + X
  ===============

  PDFSET = PDF4LHC21_40                                NSET =  23
  Sqrt(S)  = 13.6 TeV
  LOOP     = 3
  alphaS(MZ) =   0.11800
          kl =  -1.70000
          kv =   1.20000
         k2v =   0.40000
         kth =   0.00000
         kbh =   1.00000
 --------------

  mH       = 125.0000      GeV
  fact_scale 1.0
  ren_scale  1.0
  Kqq      =   0.26106298397188610            +-    2.6457239929364890E-004
  Kgq      =   -6.8493513248023413E-002       +-    1.2175797051266582E-004
  K_nlo    =    1.1925694707238628            +-    2.9124484175923390E-004
  Kqq2     =    5.8586458701018224E-002       +-    2.1146789350635960E-004
  Kgq2     =   -3.4783104565311161E-002       +-    1.2089523261852258E-004
  Kqqs     =    1.8503947359548060E-003       +-    3.3239761023445368E-006
  Kgg      =    1.1507327703305272E-003       +-    2.0494645805933575E-006
  Kgghhz   =   0.16897337082129779            +-    5.4289025828123882E-004
  K_nnlo   =    1.2193739523658553            +-    3.7970137506659223E-004
  K_nnlo2  =    1.3883473231871530            +-    6.6249752208150277E-004
  sig_LO   = (  0.23461337716342684            +-    1.5779409123453235E-004 ) fb
  sig_NLO  = (  0.27979275102852591            +-    1.7195335230674264E-004 ) fb
  sig_NNLO = (  0.28608144098966887            +-    1.8120364240977466E-004 ) fb
  sig_HHZ  = (  0.32572485416874158            +-    2.2148973546505437E-004 ) fb

  pp ---> HHZ + X
  ===============

  PDFSET = PDF4LHC21_40                                NSET =  24
  Sqrt(S)  = 13.6 TeV
  LOOP     = 3
  alphaS(MZ) =   0.11800
          kl =  -1.70000
          kv =   1.20000
         k2v =   0.40000
         kth =   0.00000
         kbh =   1.00000
 --------------

  mH       = 125.0000      GeV
  fact_scale 1.0
  ren_scale  1.0
  Kqq      =   0.26068073673726910            +-    2.6412300757187060E-004
  Kgq      =   -6.8191414411729212E-002       +-    1.2130260383027220E-004
  K_nlo    =    1.1924893223255399            +-    2.9064632257232224E-004
  Kqq2     =    5.8437573358676380E-002       +-    2.1141724575674906E-004
  Kgq2     =   -3.4626732712991083E-002       +-    1.2039185007190945E-004
  Kqqs     =    1.8423280495126091E-003       +-    3.3109209284125432E-006
  Kgg      =    1.1452576008727274E-003       +-    2.0398394256999242E-006
  Kgghhz   =   0.16816782329487998            +-    5.4047333251528622E-004
  K_nnlo   =    1.2192877486216107            +-    3.7905389766390476E-004
  K_nnlo2  =    1.3874555719164907            +-    6.6014640837800298E-004
  sig_LO   = (  0.23595112179978156            +-    1.5880847333193466E-004 ) fb
  sig_NLO  = (  0.28136919333697241            +-    1.7298299910538880E-004 ) fb
  sig_NNLO = (  0.28769231208399904            +-    1.8226168400838882E-004 ) fb
  sig_HHZ  = (  0.32737169864105342            +-    2.2244554574125358E-004 ) fb

  pp ---> HHZ + X
  ===============

  PDFSET = PDF4LHC21_40                                NSET =  25
  Sqrt(S)  = 13.6 TeV
  LOOP     = 3
  alphaS(MZ) =   0.11800
          kl =  -1.70000
          kv =   1.20000
         k2v =   0.40000
         kth =   0.00000
         kbh =   1.00000
 --------------

  mH       = 125.0000      GeV
  fact_scale 1.0
  ren_scale  1.0
  Kqq      =   0.26085866135781000            +-    2.6471952701312949E-004
  Kgq      =   -6.8490477689509041E-002       +-    1.2195496385273689E-004
  K_nlo    =    1.1923681836683011            +-    2.9146087420162825E-004
  Kqq2     =    5.8511871034105142E-002       +-    2.1176423823428779E-004
  Kgq2     =   -3.4781731067337368E-002       +-    1.2109328394169711E-004
  Kqqs     =    1.8457789589081943E-003       +-    3.3177343930382128E-006
  Kgg      =    1.1555719602816573E-003       +-    2.0601729274142130E-006
  Kgghhz   =   0.16972528278302396            +-    5.4497122702073088E-004
  K_nnlo   =    1.2190996745542586            +-    3.8009521027645646E-004
  K_nnlo2  =    1.3888249573372826            +-    6.6442908361659240E-004
  sig_LO   = (  0.23470170300133891            +-    1.5823090677589692E-004 ) fb
  sig_NLO  = (  0.27985084331156351            +-    1.7238460033014457E-004 ) fb
  sig_NNLO = (  0.28612476974626250            +-    1.8164598624458703E-004 ) fb
  sig_HHZ  = (  0.32595958265782204            +-    2.2216013601340830E-004 ) fb

  pp ---> HHZ + X
  ===============

  PDFSET = PDF4LHC21_40                                NSET =  26
  Sqrt(S)  = 13.6 TeV
  LOOP     = 3
  alphaS(MZ) =   0.11800
          kl =  -1.70000
          kv =   1.20000
         k2v =   0.40000
         kth =   0.00000
         kbh =   1.00000
 --------------

  mH       = 125.0000      GeV
  fact_scale 1.0
  ren_scale  1.0
  Kqq      =   0.26088064075793144            +-    2.6285527016872684E-004
  Kgq      =   -6.8347287513405811E-002       +-    1.2084254040251005E-004
  K_nlo    =    1.1925333532445255            +-    2.8930228589903444E-004
  Kqq2     =    5.8519332810683181E-002       +-    2.1026689052264886E-004
  Kgq2     =   -3.4704772071990228E-002       +-    1.1980791608904588E-004
  Kqqs     =    1.8495610876911584E-003       +-    3.3007869037082511E-006
  Kgg      =    1.1455795815240380E-003       +-    2.0383112099449833E-006
  Kgghhz   =   0.16820913095962806            +-    5.4017674323452315E-004
  K_nnlo   =    1.2193430546524338            +-    3.7719618839649263E-004
  K_nnlo2  =    1.3875521856120618            +-    6.5883827945277919E-004
  sig_LO   = (  0.23550257321320112            +-    1.5701842481660565E-004 ) fb
  sig_NLO  = (  0.28084467333165314            +-    1.7116272334417016E-004 ) fb
  sig_NNLO = (  0.28715842700029309            +-    1.8040419671622971E-004 ) fb
  sig_HHZ  = (  0.32677211017924185            +-    2.2074606423417008E-004 ) fb

  pp ---> HHZ + X
  ===============

  PDFSET = PDF4LHC21_40                                NSET =  27
  Sqrt(S)  = 13.6 TeV
  LOOP     = 3
  alphaS(MZ) =   0.11800
          kl =  -1.70000
          kv =   1.20000
         k2v =   0.40000
         kth =   0.00000
         kbh =   1.00000
 --------------

  mH       = 125.0000      GeV
  fact_scale 1.0
  ren_scale  1.0
  Kqq      =   0.26094446535427368            +-    2.6456549854021120E-004
  Kgq      =   -6.8374122742982046E-002       +-    1.2154884211344263E-004
  K_nlo    =    1.1925703426112917            +-    2.9115120476643934E-004
  Kqq2     =    5.8543236990869302E-002       +-    2.1162911896963462E-004
  Kgq2     =   -3.4726121569350551E-002       +-    1.2071502190947553E-004
  Kqqs     =    1.8455346153048585E-003       +-    3.3171080021486555E-006
  Kgg      =    1.1500513637705699E-003       +-    2.0483815043187567E-006
  Kgghhz   =   0.16884514660497607            +-    5.4262515657306910E-004
  K_nnlo   =    1.2193830440118858            +-    3.7966198600821653E-004
  K_nnlo2  =    1.3882281906168619            +-    6.6225771733189416E-004
  sig_LO   = (  0.23465450241810515            +-    1.5803161811536268E-004 ) fb
  sig_NLO  = (  0.27984200034404183            +-    1.7216737981897397E-004 ) fb
  sig_NNLO = (  0.28613372144968346            +-    1.8141365031656897E-004 ) fb
  sig_HHZ  = (  0.32575399531198612            +-    2.2163866499913128E-004 ) fb

  pp ---> HHZ + X
  ===============

  PDFSET = PDF4LHC21_40                                NSET =  28
  Sqrt(S)  = 13.6 TeV
  LOOP     = 3
  alphaS(MZ) =   0.11800
          kl =  -1.70000
          kv =   1.20000
         k2v =   0.40000
         kth =   0.00000
         kbh =   1.00000
 --------------

  mH       = 125.0000      GeV
  fact_scale 1.0
  ren_scale  1.0
  Kqq      =   0.26096894045802643            +-    2.6477572175062798E-004
  Kgq      =   -6.8291845056580910E-002       +-    1.2134512611235791E-004
  K_nlo    =    1.1926770954014456            +-    2.9125731314387634E-004
  Kqq2     =    5.8552451819568307E-002       +-    2.1174138557965348E-004
  Kgq2     =   -3.4684212563771882E-002       +-    1.2056117361027137E-004
  Kqqs     =    1.8498585208804941E-003       +-    3.3238230769479490E-006
  Kgg      =    1.1420701669588374E-003       +-    2.0313756677995945E-006
  Kgghhz   =   0.16761734360484176            +-    5.3871702841367590E-004
  K_nnlo   =    1.2195372633450816            +-    3.7975703771782571E-004
  K_nnlo2  =    1.3871546069499234            +-    6.5911413609410574E-004
  sig_LO   = (  0.23527029076895883            +-    1.5857730834421458E-004 ) fb
  sig_NLO  = (  0.28060148702857529            +-    1.7274932044439968E-004 ) fb
  sig_NNLO = (  0.28692088655077752            +-    1.8201480651748331E-004 ) fb
  sig_HHZ  = (  0.32635626771860915            +-    2.2179598665720917E-004 ) fb

  pp ---> HHZ + X
  ===============

  PDFSET = PDF4LHC21_40                                NSET =  29
  Sqrt(S)  = 13.6 TeV
  LOOP     = 3
  alphaS(MZ) =   0.11800
          kl =  -1.70000
          kv =   1.20000
         k2v =   0.40000
         kth =   0.00000
         kbh =   1.00000
 --------------

  mH       = 125.0000      GeV
  fact_scale 1.0
  ren_scale  1.0
  Kqq      =   0.26100779568477084            +-    2.6475712655234815E-004
  Kgq      =   -6.8330377931692221E-002       +-    1.2139565670669704E-004
  K_nlo    =    1.1926774177530786            +-    2.9126146591594695E-004
  Kqq2     =    5.8570827924651507E-002       +-    2.1169827844125624E-004
  Kgq2     =   -3.4706337727783643E-002       +-    1.2060186415835466E-004
  Kqqs     =    1.8511650732305519E-003       +-    3.3235072830312545E-006
  Kgg      =    1.1444992860570478E-003       +-    2.0369398631853107E-006
  Kgghhz   =   0.16803692339366053            +-    5.3976389506878045E-004
  K_nnlo   =    1.2195375723092339            +-    3.7974913704396323E-004
  K_nnlo2  =    1.3875744957028944            +-    6.5996550629972793E-004
  sig_LO   = (  0.23534834842793592            +-    1.5857350149315434E-004 ) fb
  sig_NLO  = (  0.28069466047548242            +-    1.7275523335272776E-004 ) fb
  sig_NNLO = (  0.28701615348879272            +-    1.8202512982538191E-004 ) fb
  sig_HHZ  = (  0.32656336588440232            +-    2.2196939974516411E-004 ) fb

  pp ---> HHZ + X
  ===============

  PDFSET = PDF4LHC21_40                                NSET =  30
  Sqrt(S)  = 13.6 TeV
  LOOP     = 3
  alphaS(MZ) =   0.11800
          kl =  -1.70000
          kv =   1.20000
         k2v =   0.40000
         kth =   0.00000
         kbh =   1.00000
 --------------

  mH       = 125.0000      GeV
  fact_scale 1.0
  ren_scale  1.0
  Kqq      =   0.26101554602595201            +-    2.6469124919392358E-004
  Kgq      =   -6.8376954397813439E-002       +-    1.2134434643745191E-004
  K_nlo    =    1.1926385916281386            +-    2.9118019818004810E-004
  Kqq2     =    5.8570371280985932E-002       +-    2.1168919902343853E-004
  Kgq2     =   -3.4730539845487837E-002       +-    1.2059535211868810E-004
  Kqqs     =    1.8453858675727245E-003       +-    3.3154917624224931E-006
  Kgg      =    1.1462717720828958E-003       +-    2.0355255615369263E-006
  Kgghhz   =   0.16812737170696718            +-    5.4034010550397680E-004
  K_nnlo   =    1.2194700807032923            +-    3.7967960124021122E-004
  K_nnlo2  =    1.3875974524102594            +-    6.6039687250468910E-004
  sig_LO   = (  0.23491028558873933            +-    1.5827917593976866E-004 ) fb
  sig_NLO  = (  0.28016307216351793            +-    1.7242686830696227E-004 ) fb
  sig_NNLO = (  0.28646606492493348            +-    1.8167902585257368E-004 ) fb
  sig_HHZ  = (  0.32596091382790127            +-    2.2162775334508890E-004 ) fb

  pp ---> HHZ + X
  ===============

  PDFSET = PDF4LHC21_40                                NSET =  31
  Sqrt(S)  = 13.6 TeV
  LOOP     = 3
  alphaS(MZ) =   0.11800
          kl =  -1.70000
          kv =   1.20000
         k2v =   0.40000
         kth =   0.00000
         kbh =   1.00000
 --------------

  mH       = 125.0000      GeV
  fact_scale 1.0
  ren_scale  1.0
  Kqq      =   0.26097260122617383            +-    2.6568069562972582E-004
  Kgq      =   -6.8257217103815340E-002       +-    1.2148978468632150E-004
  K_nlo    =    1.1927153841223586            +-    2.9214037689683322E-004
  Kqq2     =    5.8548940057879501E-002       +-    2.1237643993983566E-004
  Kgq2     =   -3.4670949337899298E-002       +-    1.2080773863089585E-004
  Kqqs     =    1.8433685082964821E-003       +-    3.3179745394178230E-006
  Kgg      =    1.1459616258664887E-003       +-    2.0387941234230182E-006
  Kgghhz   =   0.16813496928716473            +-    5.4058191188312071E-004
  K_nnlo   =    1.2195827049765018            +-    3.8086667930468157E-004
  K_nnlo2  =    1.3877176742636665            +-    6.6127772596677199E-004
  sig_LO   = (  0.23425672370829564            +-    1.5871534183354639E-004 ) fb
  sig_NLO  = (  0.27940159820098504            +-    1.7284103958226376E-004 ) fb
  sig_NNLO = (  0.28569544875909625            +-    1.8207380841734586E-004 ) fb
  sig_HHZ  = (  0.32508219580510239            +-    2.2178205891954322E-004 ) fb

  pp ---> HHZ + X
  ===============

  PDFSET = PDF4LHC21_40                                NSET =  32
  Sqrt(S)  = 13.6 TeV
  LOOP     = 3
  alphaS(MZ) =   0.11800
          kl =  -1.70000
          kv =   1.20000
         k2v =   0.40000
         kth =   0.00000
         kbh =   1.00000
 --------------

  mH       = 125.0000      GeV
  fact_scale 1.0
  ren_scale  1.0
  Kqq      =   0.26090177583350688            +-    2.6470262958731264E-004
  Kgq      =   -6.8363149315563185E-002       +-    1.2163718836660144E-004
  K_nlo    =    1.1925386265179436            +-    2.9131269746471766E-004
  Kqq2     =    5.8524844717841557E-002       +-    2.1172524192733511E-004
  Kgq2     =   -3.4715138551545871E-002       +-    1.2078522496815428E-004
  Kqqs     =    1.8478700052817823E-003       +-    3.3240067186516892E-006
  Kgg      =    1.1471132145855802E-003       +-    2.0429274000924797E-006
  Kgghhz   =   0.16842690591356149            +-    5.4142812834166297E-004
  K_nnlo   =    1.2193433159041065            +-    3.7986176290460462E-004
  K_nnlo2  =    1.3877702218176680            +-    6.6139199955589899E-004
  sig_LO   = (  0.23530862301611968            +-    1.5864285408343569E-004 ) fb
  sig_NLO  = (  0.28061462209947191            +-    1.7281908714963820E-004 ) fb
  sig_NNLO = (  0.28692199664930473            +-    1.8209115407430543E-004 ) fb
  sig_HHZ  = (  0.32655429995869045            +-    2.2223554672970964E-004 ) fb

  pp ---> HHZ + X
  ===============

  PDFSET = PDF4LHC21_40                                NSET =  33
  Sqrt(S)  = 13.6 TeV
  LOOP     = 3
  alphaS(MZ) =   0.11800
          kl =  -1.70000
          kv =   1.20000
         k2v =   0.40000
         kth =   0.00000
         kbh =   1.00000
 --------------

  mH       = 125.0000      GeV
  fact_scale 1.0
  ren_scale  1.0
  Kqq      =   0.26091297410273895            +-    2.6456748886174005E-004
  Kgq      =   -6.8301032566241399E-002       +-    1.2141822702316434E-004
  K_nlo    =    1.1926119415364975            +-    2.9109850912716062E-004
  Kqq2     =    5.8529936155831776E-002       +-    2.1164311566135437E-004
  Kgq2     =   -3.4686915942188402E-002       +-    1.2057014684036835E-004
  Kqqs     =    1.8451635599562336E-003       +-    3.3156069109936310E-006
  Kgg      =    1.1469850698513390E-003       +-    2.0432848003883721E-006
  Kgghhz   =   0.16839000275802701            +-    5.4156197201085849E-004
  K_nnlo   =    1.2194471103799487            +-    3.7958329651602529E-004
  K_nnlo2  =    1.3878371131379756            +-    6.6134170329887906E-004
  sig_LO   = (  0.23490168281126381            +-    1.5824019595952926E-004 ) fb
  sig_NLO  = (  0.28014655200773186            +-    1.7238248081964395E-004 ) fb
  sig_NNLO = (  0.28645017832758285            +-    1.8163235717426850E-004 ) fb
  sig_HHZ  = (  0.32600527334403673            +-    2.2175136709462427E-004 ) fb

  pp ---> HHZ + X
  ===============

  PDFSET = PDF4LHC21_40                                NSET =  34
  Sqrt(S)  = 13.6 TeV
  LOOP     = 3
  alphaS(MZ) =   0.11800
          kl =  -1.70000
          kv =   1.20000
         k2v =   0.40000
         kth =   0.00000
         kbh =   1.00000
 --------------

  mH       = 125.0000      GeV
  fact_scale 1.0
  ren_scale  1.0
  Kqq      =   0.26067216349148303            +-    2.6284566374128979E-004
  Kgq      =   -6.8295494519086175E-002       +-    1.2124194207073167E-004
  K_nlo    =    1.1923766689723969            +-    2.8946062161316839E-004
  Kqq2     =    5.8437459608795789E-002       +-    2.1032660381473307E-004
  Kgq2     =   -3.4676509743532938E-002       +-    1.2017473404557570E-004
  Kqqs     =    1.8438141194807999E-003       +-    3.3033911033346602E-006
  Kgg      =    1.1501549564496745E-003       +-    2.0502824869606818E-006
  Kgghhz   =   0.16902523270819628            +-    5.4227881913425228E-004
  K_nnlo   =    1.2191315879135902            +-    3.7746763369977075E-004
  K_nnlo2  =    1.3881568206217865            +-    6.6071789151841758E-004
  sig_LO   = (  0.23621995828942857            +-    1.5761614209553089E-004 ) fb
  sig_NLO  = (  0.28166316700994737            +-    1.7180854763088611E-004 ) fb
  sig_NNLO = (  0.28798321284627304            +-    1.8108924537086919E-004 ) fb
  sig_HHZ  = (  0.32791034626646409            +-    2.2181563674148559E-004 ) fb

  pp ---> HHZ + X
  ===============

  PDFSET = PDF4LHC21_40                                NSET =  35
  Sqrt(S)  = 13.6 TeV
  LOOP     = 3
  alphaS(MZ) =   0.11800
          kl =  -1.70000
          kv =   1.20000
         k2v =   0.40000
         kth =   0.00000
         kbh =   1.00000
 --------------

  mH       = 125.0000      GeV
  fact_scale 1.0
  ren_scale  1.0
  Kqq      =   0.26088674268277040            +-    2.6478430755367025E-004
  Kgq      =   -6.8288527870651677E-002       +-    1.2141961770361502E-004
  K_nlo    =    1.1925982148121186            +-    2.9129616044494761E-004
  Kqq2     =    5.8517854293031323E-002       +-    2.1177408519276451E-004
  Kgq2     =   -3.4680303529803960E-002       +-    1.2059637494282606E-004
  Kqqs     =    1.8433670510469328E-003       +-    3.3130486398426655E-006
  Kgg      =    1.1486098215339859E-003       +-    2.0449790027101026E-006
  Kgghhz   =   0.16865241332524994            +-    5.4145770193135762E-004
  K_nnlo   =    1.2194277424479270            +-    3.7981621888613854E-004
  K_nnlo2  =    1.3880801557731770            +-    6.6139005368220493E-004
  sig_LO   = (  0.23510124690110981            +-    1.5854371839083407E-004 ) fb
  sig_NLO  = (  0.28038132735436672            +-    1.7270258046139480E-004 ) fb
  sig_NNLO = (  0.28668898275531302            +-    1.8196086196732854E-004 ) fb
  sig_HHZ  = (  0.32633937542096064            +-    2.2206840942334640E-004 ) fb

  pp ---> HHZ + X
  ===============

  PDFSET = PDF4LHC21_40                                NSET =  36
  Sqrt(S)  = 13.6 TeV
  LOOP     = 3
  alphaS(MZ) =   0.11800
          kl =  -1.70000
          kv =   1.20000
         k2v =   0.40000
         kth =   0.00000
         kbh =   1.00000
 --------------

  mH       = 125.0000      GeV
  fact_scale 1.0
  ren_scale  1.0
  Kqq      =   0.26091253866156183            +-    2.6470701347408506E-004
  Kgq      =   -6.8466286363699599E-002       +-    1.2175556214785661E-004
  K_nlo    =    1.1924462522978623            +-    2.9136612688559051E-004
  Kqq2     =    5.8527656820608835E-002       +-    2.1171810753395432E-004
  Kgq2     =   -3.4769029775425751E-002       +-    1.2090863229603775E-004
  Kqqs     =    1.8432807113428506E-003       +-    3.3113528184190555E-006
  Kgg      =    1.1550916555803275E-003       +-    2.0579420991248427E-006
  Kgghhz   =   0.16953469986127884            +-    5.4490025177930245E-004
  K_nnlo   =    1.2192032517099685            +-    3.7993798770449226E-004
  K_nnlo2  =    1.3887379515712472            +-    6.6428093370959104E-004
  sig_LO   = (  0.23475750421749758            +-    1.5824042242158754E-004 ) fb
  sig_NLO  = (  0.27993570610295454            +-    1.7239096241868342E-004 ) fb
  sig_NNLO = (  0.28621711250528964            +-    1.8164656599644610E-004 ) fb
  sig_HHZ  = (  0.32601665552298598            +-    2.2216852558060315E-004 ) fb

  pp ---> HHZ + X
  ===============

  PDFSET = PDF4LHC21_40                                NSET =  37
  Sqrt(S)  = 13.6 TeV
  LOOP     = 3
  alphaS(MZ) =   0.11800
          kl =  -1.70000
          kv =   1.20000
         k2v =   0.40000
         kth =   0.00000
         kbh =   1.00000
 --------------

  mH       = 125.0000      GeV
  fact_scale 1.0
  ren_scale  1.0
  Kqq      =   0.26074983607670615            +-    2.6434209923449723E-004
  Kgq      =   -6.8087836862193551E-002       +-    1.2102681340779040E-004
  K_nlo    =    1.1926619992145127            +-    2.9073051953887622E-004
  Kqq2     =    5.8459994831854691E-002       +-    2.1154353131720886E-004
  Kgq2     =   -3.4578195843518560E-002       +-    1.2019043804074732E-004
  Kqqs     =    1.8394421508625698E-003       +-    3.3043522592680671E-006
  Kgg      =    1.1437171251566210E-003       +-    2.0362296435102223E-006
  Kgghhz   =   0.16791403189236392            +-    5.3941109748165746E-004
  K_nnlo   =    1.2195269574788681            +-    3.7912492269031982E-004
  K_nnlo2  =    1.3874409893712321            +-    6.5931785892034444E-004
  sig_LO   = (  0.23588541395599055            +-    1.5878256812821071E-004 ) fb
  sig_NLO  = (  0.28133156939429455            +-    1.7295951949155148E-004 ) fb
  sig_NNLO = (  0.28766862119539238            +-    1.8223511153432105E-004 ) fb
  sig_HHZ  = (  0.32727709211734202            +-    2.2225987591764662E-004 ) fb

  pp ---> HHZ + X
  ===============

  PDFSET = PDF4LHC21_40                                NSET =  38
  Sqrt(S)  = 13.6 TeV
  LOOP     = 3
  alphaS(MZ) =   0.11800
          kl =  -1.70000
          kv =   1.20000
         k2v =   0.40000
         kth =   0.00000
         kbh =   1.00000
 --------------

  mH       = 125.0000      GeV
  fact_scale 1.0
  ren_scale  1.0
  Kqq      =   0.26077383634671242            +-    2.6451213237831469E-004
  Kgq      =   -6.8126882805220737E-002       +-    1.2108177691345100E-004
  K_nlo    =    1.1926469535414916            +-    2.9090800070785574E-004
  Kqq2     =    5.8474357457572339E-002       +-    2.1162097214006567E-004
  Kgq2     =   -3.4597670069916542E-002       +-    1.2025256741258752E-004
  Kqqs     =    1.8416852011255255E-003       +-    3.3082101550255961E-006
  Kgg      =    1.1428827104901695E-003       +-    2.0341180860226390E-006
  Kgghhz   =   0.16777272705594820            +-    5.3901100113853181E-004
  K_nnlo   =    1.2195082088407634            +-    3.7932395466867743E-004
  K_nnlo2  =    1.3872809358967115            +-    6.5910509172198569E-004
  sig_LO   = (  0.23599101515544110            +-    1.5895070089688807E-004 ) fb
  sig_NLO  = (  0.28145396528830086            +-    1.7314265134295835E-004 ) fb
  sig_NNLO = (  0.28779298019472543            +-    1.8242430398749049E-004 ) fb
  sig_HHZ  = (  0.32738583636805541            +-    2.2239359868877231E-004 ) fb

  pp ---> HHZ + X
  ===============

  PDFSET = PDF4LHC21_40                                NSET =  39
  Sqrt(S)  = 13.6 TeV
  LOOP     = 3
  alphaS(MZ) =   0.11800
          kl =  -1.70000
          kv =   1.20000
         k2v =   0.40000
         kth =   0.00000
         kbh =   1.00000
 --------------

  mH       = 125.0000      GeV
  fact_scale 1.0
  ren_scale  1.0
  Kqq      =   0.26083810125373441            +-    2.6467587626155612E-004
  Kgq      =   -6.8382776709303733E-002       +-    1.2170213225050641E-004
  K_nlo    =    1.1924553245444307            +-    2.9131551360877151E-004
  Kqq2     =    5.8493882481289082E-002       +-    2.1172766152899111E-004
  Kgq2     =   -3.4719614287390559E-002       +-    1.2081089585373668E-004
  Kqqs     =    1.8424274587525837E-003       +-    3.3134438230168091E-006
  Kgg      =    1.1525424745494385E-003       +-    2.0542007406924218E-006
  Kgghhz   =   0.16930235850995928            +-    5.4350970620144906E-004
  K_nnlo   =    1.2192245626716314            +-    3.7987340303489417E-004
  K_nnlo2  =    1.3885269211815907            +-    6.6310376493313372E-004
  sig_LO   = (  0.23504990553296243            +-    1.5847330219429908E-004 ) fb
  sig_NLO  = (  0.28028651138644650            +-    1.7263381158568497E-004 ) fb
  sig_NNLO = (  0.28657861827943437            +-    1.8189653675635884E-004 ) fb
  sig_HHZ  = (  0.32637312165370802            +-    2.2227662796694449E-004 ) fb

  pp ---> HHZ + X
  ===============

  PDFSET = PDF4LHC21_40                                NSET =  40
  Sqrt(S)  = 13.6 TeV
  LOOP     = 3
  alphaS(MZ) =   0.11800
          kl =  -1.70000
          kv =   1.20000
         k2v =   0.40000
         kth =   0.00000
         kbh =   1.00000
 --------------

  mH       = 125.0000      GeV
  fact_scale 1.0
  ren_scale  1.0
  Kqq      =   0.26090424977842247            +-    2.6462743644492130E-004
  Kgq      =   -6.8276748857810196E-002       +-    1.2134356097252491E-004
  K_nlo    =    1.1926275009206122            +-    2.9112186436079261E-004
  Kqq2     =    5.8525826386798159E-002       +-    2.1168733533180083E-004
  Kgq2     =   -3.4677282571147328E-002       +-    1.2053548780649616E-004
  Kqqs     =    1.8444557255729275E-003       +-    3.3113806020764921E-006
  Kgg      =    1.1474601658633720E-003       +-    2.0426689348735435E-006
  Kgghhz   =   0.16845718158148348            +-    5.4108842814051513E-004
  K_nnlo   =    1.2194679606276997            +-    3.7961481715997506E-004
  K_nnlo2  =    1.3879251422091832            +-    6.6097208448993871E-004
  sig_LO   = (  0.23504348543866183            +-    1.5836866779311680E-004 ) fb
  sig_NLO  = (  0.28031932464638160            +-    1.7251896462036853E-004 ) fb
  sig_NNLO = (  0.28662799984671128            +-    1.8177434413396717E-004 ) fb
  sig_HHZ  = (  0.32622276295279673            +-    2.2184789631170734E-004 ) fb

  pp ---> HHZ + X
  ===============

  PDFSET = PDF4LHC21_40                                NSET =  41
  Sqrt(S)  = 13.6 TeV
  LOOP     = 3
  alphaS(MZ) =   0.11700
          kl =  -1.70000
          kv =   1.20000
         k2v =   0.40000
         kth =   0.00000
         kbh =   1.00000
 --------------

  mH       = 125.0000      GeV
  fact_scale 1.0
  ren_scale  1.0
  Kqq      =   0.25891070613953981            +-    2.6262419223415772E-004
  Kgq      =   -6.6663476185880435E-002       +-    1.1860959821693942E-004
  K_nlo    =    1.1922472299536595            +-    2.8816610337759649E-004
  Kqq2     =    5.7649649792378820E-002       +-    2.0891039480465081E-004
  Kgq2     =   -3.3639030550780998E-002       +-    1.1699001219758035E-004
  Kqqs     =    1.8122689181668519E-003       +-    3.2602634451299249E-006
  Kgg      =    1.0972068944003009E-003       +-    1.9535908487455250E-006
  Kgghhz   =   0.16069839057964233            +-    5.1541636309600225E-004
  K_nnlo   =    1.2191673250078245            +-    3.7467901593522509E-004
  K_nnlo2  =    1.3798657155874670            +-    6.3721141886292237E-004
  sig_LO   = (  0.23651890456804839            +-    1.5936600176978878E-004 ) fb
  sig_NLO  = (  0.28198900880292960            +-    1.7332877001508172E-004 ) fb
  sig_NNLO = (  0.28835612019600843            +-    1.8234799496009976E-004 ) fb
  sig_HHZ  = (  0.32636432750175381            +-    2.1934400897516570E-004 ) fb

  pp ---> HHZ + X
  ===============

  PDFSET = PDF4LHC21_40                                NSET =  42
  Sqrt(S)  = 13.6 TeV
  LOOP     = 3
  alphaS(MZ) =   0.11900
          kl =  -1.70000
          kv =   1.20000
         k2v =   0.40000
         kth =   0.00000
         kbh =   1.00000
 --------------

  mH       = 125.0000      GeV
  fact_scale 1.0
  ren_scale  1.0
  Kqq      =   0.26262546776814066            +-    2.6637319091462046E-004
  Kgq      =   -6.7447514060868269E-002       +-    1.2019415050542768E-004
  K_nlo    =    1.1951779537072722            +-    2.9223502639786052E-004
  Kqq2     =    5.9299608849350205E-002       +-    2.1439625143839579E-004
  Kgq2     =   -3.4471097881441440E-002       +-    1.1996092756135819E-004
  Kqqs     =    1.8705827073957498E-003       +-    3.3587782788407532E-006
  Kgg      =    1.1250108040681778E-003       +-    2.0134461206645542E-006
  Kgghhz   =   0.16500955547117335            +-    5.2912317361000620E-004
  K_nnlo   =    1.2230020581866448            +-    3.8180233470053941E-004
  K_nnlo2  =    1.3880116136578180            +-    6.5249088547956547E-004
  sig_LO   = (  0.23595398047924196            +-    1.5898406749194379E-004 ) fb
  sig_NLO  = (  0.28200699555826608            +-    1.7329336477542906E-004 ) fb
  sig_NNLO = (  0.28857220376344439            +-    1.8273407436741665E-004 ) fb
  sig_HHZ  = (  0.32750686519397804            +-    2.2131187172209479E-004 ) fb

