  pp ---> HHZ + X
  ===============

  PDFSET = PDF4LHC21_40                                NSET =   0
  Sqrt(S)  = 13.6 TeV
  LOOP     = 3
  alphaS(MZ) =   0.11800
          kl =   0.00000
          kv =   1.20000
         k2v =   1.00000
         kth =   0.00000
         kbh =   1.00000
 --------------

  mH       = 125.0000      GeV
  fact_scale 0.5
  ren_scale  0.5
  Kqq      =   0.20639852606642997            +-    2.3068464522919195E-004
  Kgq      =   -2.7180378347583523E-002       +-    1.5420298456985033E-004
  K_nlo    =    1.1792181477188466            +-    2.7747786577449321E-004
  Kqq2     =    2.4889336168474697E-002       +-    2.0793660155389950E-004
  Kgq2     =   -1.9383267559493853E-002       +-    1.4242354523920895E-004
  Kqqs     =    1.4275807700310740E-003       +-    4.1306264426386348E-006
  Kgg      =    4.8097861820486660E-004       +-    2.6875626646899477E-006
  Kgghhz   =    9.9978367958235254E-002       +-    2.3651852012903759E-004
  K_nnlo   =    1.1866327757160635            +-    3.7488711309798726E-004
  K_nnlo2  =    1.2866111436742989            +-    4.4326217741983472E-004
  sig_LO   = (  0.24340753997665718            +-    1.5575855879886781E-004 ) fb
  sig_NLO  = (  0.28703058843207474            +-    1.6977163452958798E-004 ) fb
  sig_NNLO = (  0.28883536479271937            +-    1.8051968039082864E-004 ) fb
  sig_HHZ  = (  0.31317085338831446            +-    1.8947745233886216E-004 ) fb

  mH       = 125.0000      GeV
  fact_scale 1.0
  ren_scale  0.5
  Kqq      =   0.28153226945467480            +-    2.9839546716813373E-004
  Kgq      =   -8.3950428271214170E-002       +-    1.5197330955538400E-004
  K_nlo    =    1.1975818411834607            +-    3.3486675207267943E-004
  Kqq2     =    4.5052791469425195E-002       +-    3.1058222342484037E-004
  Kgq2     =   -4.0370379204495196E-002       +-    1.8679356407904897E-004
  Kqqs     =    2.3556467852965759E-003       +-    4.3562401831772557E-006
  Kgg      =    1.8498491429724854E-003       +-    3.2516763756667967E-006
  Kgghhz   =    9.4411953862139741E-002       +-    2.2298603721967542E-004
  K_nnlo   =    1.2064697493766599            +-    4.9347588082941012E-004
  K_nnlo2  =    1.3008817032387996            +-    5.4151751380292093E-004
  sig_LO   = (  0.23959462097690126            +-    1.5300881533144149E-004 ) fb
  sig_NLO  = (  0.28693416732717081            +-    1.7276838578328914E-004 ) fb
  sig_NNLO = (  0.28906366232199782            +-    1.9336756637937616E-004 ) fb
  sig_HHZ  = (  0.31168425862328586            +-    2.0061251321483285E-004 ) fb

  mH       = 125.0000      GeV
  fact_scale 0.5
  ren_scale  1.0
  Kqq      =   0.18983627151184240            +-    2.1230926976395327E-004
  Kgq      =   -2.5002072633423703E-002       +-    1.4172963463935552E-004
  K_nlo    =    1.1648341988784188            +-    2.5526949555853380E-004
  Kqq2     =    3.5565414183673594E-002       +-    1.5433568140991712E-004
  Kgq2     =   -1.8317461828507128E-002       +-    1.2100303419090218E-004
  Kqqs     =    1.2047444738088099E-003       +-    3.4849497107556042E-006
  Kgg      =    4.0591001701223629E-004       +-    2.2660328825884165E-006
  Kgghhz   =    8.4472095904463820E-002       +-    2.0013029127028184E-004
  K_nnlo   =    1.1836928057244063            +-    3.2193327256108188E-004
  K_nnlo2  =    1.2681649016288701            +-    3.7906881362862821E-004
  sig_LO   = (  0.24340753997665718            +-    1.5575855879886781E-004 ) fb
  sig_NLO  = (  0.28352942682967613            +-    1.6769444596615026E-004 ) fb
  sig_NNLO = (  0.28811975392944489            +-    1.7435932080620643E-004 ) fb
  sig_HHZ  = (  0.30868089899022266            +-    1.8103632435851399E-004 ) fb

  mH       = 125.0000      GeV
  fact_scale 1.0
  ren_scale  1.0
  Kqq      =   0.25894038205132230            +-    2.7452013243409792E-004
  Kgq      =   -7.7160502356424576E-002       +-    1.3964731357435093E-004
  K_nlo    =    1.1817798796948977            +-    3.0799784950575183E-004
  Kqq2     =    5.7937247235781981E-002       +-    2.2864832635817960E-004
  Kgq2     =   -4.0001507221877300E-002       +-    1.4657112991705277E-004
  Kqqs     =    1.9909652810609288E-003       +-    3.6801690469408741E-006
  Kgg      =    1.5601429817656191E-003       +-    2.7403460847622747E-006
  Kgghhz   =    7.9760485571587214E-002       +-    1.8865377165342109E-004
  K_nnlo   =    1.2032667279716289            +-    4.1066638736644162E-004
  K_nnlo2  =    1.2830272135432161            +-    4.5192601968869356E-004
  sig_LO   = (  0.23959462097690126            +-    1.5300881533144149E-004 ) fb
  sig_NLO  = (  0.28314810235362703            +-    1.6987449688773303E-004 ) fb
  sig_NNLO = (  0.28829623562247869            +-    1.8191473286671074E-004 ) fb
  sig_HHZ  = (  0.30740641893193671            +-    1.8744612241409944E-004 ) fb

  mH       = 125.0000      GeV
  fact_scale 1.5
  ren_scale  1.0
  Kqq      =   0.30042155413981270            +-    3.2711374865431852E-004
  Kgq      =  -0.10642585406771382            +-    1.4636509833969750E-004
  K_nlo    =    1.1939957000720989            +-    3.5836593946784339E-004
  Kqq2     =    7.0961867398747602E-002       +-    2.9128203152100311E-004
  Kgq2     =   -5.5022261855646196E-002       +-    1.7089714452683591E-004
  Kqqs     =    3.4546745951464239E-003       +-    4.5300426028000777E-006
  Kgg      =    2.5920831984802043E-003       +-    3.3240084398772226E-006
  Kgghhz   =    7.7253282483321709E-002       +-    1.8256670654603218E-004
  K_nnlo   =    1.2159820634088270            +-    4.9245179742101711E-004
  K_nnlo2  =    1.2932353458921486            +-    5.2520412709941219E-004
  sig_LO   = (  0.23718926632507029            +-    1.5124764151813584E-004 ) fb
  sig_NLO  = (  0.28320296409538981            +-    1.7349623422141479E-004 ) fb
  sig_NNLO = (  0.28841789348438479            +-    1.9109968345108636E-004 ) fb
  sig_HHZ  = (  0.30674154287780725            +-    1.9594444869600435E-004 ) fb

  mH       = 125.0000      GeV
  fact_scale 2.0
  ren_scale  1.0
  Kqq      =   0.33025345370508791            +-    3.6620668661599778E-004
  Kgq      =  -0.12653587027320159            +-    1.5742257091490267E-004
  K_nlo    =    1.2037175834318863            +-    3.9860908564121462E-004
  Kqq2     =    8.0193132976135478E-002       +-    3.4472237111680682E-004
  Kgq2     =   -6.6704459945023650E-002       +-    1.9484606061145581E-004
  Kqqs     =    4.9239323907085478E-003       +-    5.6691441008509606E-006
  Kgg      =    3.4602390885583637E-003       +-    3.7355603190577867E-006
  Kgghhz   =    7.5575843321183347E-002       +-    1.7850117692514022E-004
  K_nnlo   =    1.2255904279422649            +-    5.6190194629103692E-004
  K_nnlo2  =    1.3011662712634482            +-    5.8957312303845359E-004
  sig_LO   = (  0.23542776551702124            +-    1.4994327552782032E-004 ) fb
  sig_NLO  = (  0.28338854098091759            +-    1.7688871031178855E-004 ) fb
  sig_NNLO = (  0.28853801588949729            +-    1.9995729748500425E-004 ) fb
  sig_HHZ  = (  0.30633066780966800            +-    2.0432559455651458E-004 ) fb

  mH       = 125.0000      GeV
  fact_scale 1.0
  ren_scale  1.5
  Kqq      =   0.24736070959180409            +-    2.6228183726428775E-004
  Kgq      =   -7.3683765057302647E-002       +-    1.3333466898458448E-004
  K_nlo    =    1.1736769445345014            +-    2.9422762635748372E-004
  Kqq2     =    6.3478749178288968E-002       +-    2.0958398874400581E-004
  Kgq2     =   -3.9659790664668300E-002       +-    1.3044353694965455E-004
  Kqqs     =    1.8160628243966718E-003       +-    3.3561138304338921E-006
  Kgg      =    1.4215276131293601E-003       +-    2.4959023261801947E-006
  Kgghhz   =    7.2736079523022495E-002       +-    1.7216543068818374E-004
  K_nnlo   =    1.2007334934856480            +-    3.8409419913636698E-004
  K_nnlo2  =    1.2734695730086705            +-    4.2091482432227894E-004
  sig_LO   = (  0.23959462097690126            +-    1.5300881533144149E-004 ) fb
  sig_NLO  = (  0.28120668267507143            +-    1.6846748313498918E-004 ) fb
  sig_NNLO = (  0.28768928626596441            +-    1.7855152936974939E-004 ) fb
  sig_HHZ  = (  0.30511645967062873            +-    1.8325447827255642E-004 ) fb

  mH       = 125.0000      GeV
  fact_scale 1.5
  ren_scale  1.5
  Kqq      =   0.28698459733721043            +-    3.1247780347401255E-004
  Kgq      =  -0.10162425268345988            +-    1.3963976796407793E-004
  K_nlo    =    1.1853603446537506            +-    3.4225961266413706E-004
  Kqq2     =    7.7053622914095551E-002       +-    2.6051760237422769E-004
  Kgq2     =   -5.4600248867456548E-002       +-    1.5686728340369546E-004
  Kqqs     =    3.1510966878405123E-003       +-    4.1312134240453441E-006
  Kgg      =    2.3615120057876235E-003       +-    3.0292809047353692E-006
  Kgghhz   =    7.0447750987461172E-002       +-    1.6660597156030257E-004
  K_nnlo   =    1.2133263273940176            +-    4.5786968853313656E-004
  K_nnlo2  =    1.2837740783814788            +-    4.8723936770029555E-004
  sig_LO   = (  0.23718926632507029            +-    1.5124764151813584E-004 ) fb
  sig_NLO  = (  0.28115475047925559            +-    1.7165689970206945E-004 ) fb
  sig_NNLO = (  0.28778798140747913            +-    1.8619934131357431E-004 ) fb
  sig_HHZ  = (  0.30449743177844629            +-    1.9034652532759732E-004 ) fb

  mH       = 125.0000      GeV
  fact_scale 2.0
  ren_scale  1.5
  Kqq      =   0.31548256329318802            +-    3.4980306764712481E-004
  Kgq      =  -0.12082229570852419            +-    1.5033926478365850E-004
  K_nlo    =    1.1946602675846638            +-    3.8074148798237102E-004
  Kqq2     =    8.6709238911762340E-002       +-    3.0304656016064493E-004
  Kgq2     =   -6.6111339534231345E-002       +-    1.8253174713851980E-004
  Kqqs     =    4.4908694629373653E-003       +-    5.1696504808863511E-006
  Kgg      =    3.1522719962475262E-003       +-    3.4038190375522941E-006
  Kgghhz   =    6.8916670754206974E-002       +-    1.6289213087889552E-004
  K_nnlo   =    1.2229013084213796            +-    5.1976672486780528E-004
  K_nnlo2  =    1.2918179791755866            +-    5.4469376220227825E-004
  sig_LO   = (  0.23542776551702124            +-    1.4994327552782032E-004 ) fb
  sig_NLO  = (  0.28125619734942403            +-    1.7469344222234594E-004 ) fb
  sig_NNLO = (  0.28790492248948696            +-    1.9353758159755348E-004 ) fb
  sig_HHZ  = (  0.30412982029202218            +-    1.9730044762298615E-004 ) fb

  mH       = 125.0000      GeV
  fact_scale 1.0
  ren_scale  2.0
  Kqq      =   0.23976492856351628            +-    2.5425279100600950E-004
  Kgq      =   -7.1404470579084695E-002       +-    1.2919507537624349E-004
  K_nlo    =    1.1683604579844318            +-    2.8519440603879098E-004
  Kqq2     =    6.6705413955533435E-002       +-    2.0431335195552738E-004
  Kgq2     =   -3.9380196138176823E-002       +-    1.2228413136875042E-004
  Kqqs     =    1.7057499754847471E-003       +-    3.1517585443680824E-006
  Kgg      =    1.3342158001200723E-003       +-    2.3420141546615510E-006
  Kgghhz   =    6.8306651954204559E-002       +-    1.6175941411427115E-004
  K_nnlo   =    1.1987256415773933            +-    3.7154895023395557E-004
  K_nnlo2  =    1.2670322935315979            +-    4.0523416745697377E-004
  sig_LO   = (  0.23959462097690126            +-    1.5300881533144149E-004 ) fb
  sig_NLO  = (  0.27993288109517867            +-    1.6757335517497571E-004 ) fb
  sig_NNLO = (  0.28720821574902822            +-    1.7702106975954406E-004 ) fb
  sig_HHZ  = (  0.30357412213419699            +-    1.8121407177936383E-004 ) fb

  mH       = 125.0000      GeV
  fact_scale 1.5
  ren_scale  2.0
  Kqq      =   0.27817069084184670            +-    3.0287014484832345E-004
  Kgq      =   -9.8476666016104789E-002       +-    1.3524015643028034E-004
  K_nlo    =    1.1796940248257419            +-    3.3169296729314464E-004
  Kqq2     =    8.0599269519714981E-002       +-    2.5121274963872214E-004
  Kgq2     =   -5.4236396880636466E-002       +-    1.5079492813528496E-004
  Kqqs     =    2.9596285415093727E-003       +-    3.8797109412289048E-006
  Kgg      =    2.2162997744335920E-003       +-    2.8435958036846448E-006
  Kgghhz   =    6.6156495821508315E-002       +-    1.5653324812732550E-004
  K_nnlo   =    1.2112328257807634            +-    4.4259498266268948E-004
  K_nnlo2  =    1.2773893216022718            +-    4.6946030337769481E-004
  sig_LO   = (  0.23718926632507029            +-    1.5124764151813584E-004 ) fb
  sig_NLO  = (  0.27981076023648699            +-    1.7048592070707702E-004 ) fb
  sig_NNLO = (  0.28729142529578094            +-    1.8410973127641427E-004 ) fb
  sig_HHZ  = (  0.30298303600232207            +-    1.8781608557552287E-004 ) fb

  mH       = 125.0000      GeV
  fact_scale 2.0
  ren_scale  2.0
  Kqq      =   0.30579356449942802            +-    3.3904685532370625E-004
  Kgq      =  -0.11707719941314276            +-    1.4569594892007277E-004
  K_nlo    =    1.1887163650862853            +-    3.6902585226053562E-004
  Kqq2     =    9.0498880981369018E-002       +-    2.8882530162038490E-004
  Kgq2     =   -6.5614719264431326E-002       +-    1.7679349618018246E-004
  Kqqs     =    4.2177614996478027E-003       +-    4.8547568575365210E-006
  Kgg      =    2.9583287322219728E-003       +-    3.1948626515416554E-006
  Kgghhz   =    6.4717772794075007E-002       +-    1.5304118145983951E-004
  K_nnlo   =    1.2207766170350924            +-    5.0088906016785911E-004
  K_nnlo2  =    1.2854943898291675            +-    5.2374750960597870E-004
  sig_LO   = (  0.23542776551702124            +-    1.4994327552782032E-004 ) fb
  sig_NLO  = (  0.27985683766577979            +-    1.7329435844669330E-004 ) fb
  sig_NNLO = (  0.28740471114400029            +-    1.9075865677960067E-004 ) fb
  sig_HHZ  = (  0.30264107178214766            +-    1.9413149246984540E-004 ) fb

  pp ---> HHZ + X
  ===============

  PDFSET = PDF4LHC21_40                                NSET =   1
  Sqrt(S)  = 13.6 TeV
  LOOP     = 3
  alphaS(MZ) =   0.11800
          kl =   0.00000
          kv =   1.20000
         k2v =   1.00000
         kth =   0.00000
         kbh =   1.00000
 --------------

  mH       = 125.0000      GeV
  fact_scale 1.0
  ren_scale  1.0
  Kqq      =   0.25914515146393224            +-    2.7372984451928703E-004
  Kgq      =   -7.7268698187190343E-002       +-    1.3942913391619318E-004
  K_nlo    =    1.1818764532767418            +-    3.0719458192678589E-004
  Kqq2     =    5.8017683159558936E-002       +-    2.2816870279664776E-004
  Kgq2     =   -4.0063663845718377E-002       +-    1.4630955901848142E-004
  Kqqs     =    1.9940062362018055E-003       +-    3.6750149833799551E-006
  Kgg      =    1.5613368649044417E-003       +-    2.7428484702192148E-006
  Kgghhz   =    7.9807151265618825E-002       +-    1.8864791710527978E-004
  K_nnlo   =    1.2033858156916886            +-    4.0970353197662196E-004
  K_nnlo2  =    1.2831929669573074            +-    4.5104880084341145E-004
  sig_LO   = (  0.23942598825617034            +-    1.5211200129403477E-004 ) fb
  sig_NLO  = (  0.28297193782248148            +-    1.6896069758990439E-004 ) fb
  sig_NNLO = (  0.28812183817544024            +-    1.8099842437789638E-004 ) fb
  sig_HHZ  = (  0.30722974423712068            +-    1.8654893954800160E-004 ) fb

  pp ---> HHZ + X
  ===============

  PDFSET = PDF4LHC21_40                                NSET =   2
  Sqrt(S)  = 13.6 TeV
  LOOP     = 3
  alphaS(MZ) =   0.11800
          kl =   0.00000
          kv =   1.20000
         k2v =   1.00000
         kth =   0.00000
         kbh =   1.00000
 --------------

  mH       = 125.0000      GeV
  fact_scale 1.0
  ren_scale  1.0
  Kqq      =   0.25902054118048645            +-    2.7423332683804196E-004
  Kgq      =   -7.7622616458673577E-002       +-    1.4004301258580223E-004
  K_nlo    =    1.1813979247218129            +-    3.0792200785713174E-004
  Kqq2     =    5.7977505406946975E-002       +-    2.2844682509340971E-004
  Kgq2     =   -4.0250833204625580E-002       +-    1.4709344309212557E-004
  Kqqs     =    2.0126531057545389E-003       +-    3.7108704765807516E-006
  Kgg      =    1.5554242434078838E-003       +-    2.7218227990031350E-006
  Kgghhz   =    7.9438051409260149E-002       +-    1.8766381625332881E-004
  K_nnlo   =    1.2026926742732966            +-    4.1068427617546539E-004
  K_nnlo2  =    1.2821307256825567            +-    4.5152993547330732E-004
  sig_LO   = (  0.23915990428422756            +-    1.5229744372756052E-004 ) fb
  sig_NLO  = (  0.28254301459805387            +-    1.6916779715790315E-004 ) fb
  sig_NNLO = (  0.28763586486254333            +-    1.8122230824994340E-004 ) fb
  sig_HHZ  = (  0.30663426163410756            +-    1.8669731771416177E-004 ) fb

  pp ---> HHZ + X
  ===============

  PDFSET = PDF4LHC21_40                                NSET =   3
  Sqrt(S)  = 13.6 TeV
  LOOP     = 3
  alphaS(MZ) =   0.11800
          kl =   0.00000
          kv =   1.20000
         k2v =   1.00000
         kth =   0.00000
         kbh =   1.00000
 --------------

  mH       = 125.0000      GeV
  fact_scale 1.0
  ren_scale  1.0
  Kqq      =   0.25894069096305961            +-    2.7404467009988257E-004
  Kgq      =   -7.7137239171923083E-002       +-    1.3938193031841963E-004
  K_nlo    =    1.1818034517911364            +-    3.0745374238971666E-004
  Kqq2     =    5.7944536920096920E-002       +-    2.2823425157372161E-004
  Kgq2     =   -3.9991308120445442E-002       +-    1.4631811564046009E-004
  Kqqs     =    1.9912865603212673E-003       +-    3.6768960843984084E-006
  Kgg      =    1.5569524355547682E-003       +-    2.7333612188890700E-006
  Kgghhz   =    7.9567865690724160E-002       +-    1.8855818034367458E-004
  K_nnlo   =    1.2033049195866639            +-    4.0993738435741929E-004
  K_nnlo2  =    1.2828727852773880            +-    4.5122372108336706E-004
  sig_LO   = (  0.23936406914154554            +-    1.5275080527075234E-004 ) fb
  sig_NLO  = (  0.28288128314625077            +-    1.6955469300965813E-004 ) fb
  sig_NNLO = (  0.28802796197030417            +-    1.8155214930547906E-004 ) fb
  sig_HHZ  = (  0.30707365007494386            +-    1.8707823413283443E-004 ) fb

  pp ---> HHZ + X
  ===============

  PDFSET = PDF4LHC21_40                                NSET =   4
  Sqrt(S)  = 13.6 TeV
  LOOP     = 3
  alphaS(MZ) =   0.11800
          kl =   0.00000
          kv =   1.20000
         k2v =   1.00000
         kth =   0.00000
         kbh =   1.00000
 --------------

  mH       = 125.0000      GeV
  fact_scale 1.0
  ren_scale  1.0
  Kqq      =   0.25944605018577227            +-    2.7468945914424807E-004
  Kgq      =   -7.8021647988200465E-002       +-    1.4141894942160026E-004
  K_nlo    =    1.1814244021975717            +-    3.0895568973635795E-004
  Kqq2     =    5.8136247824868245E-002       +-    2.2874692707460276E-004
  Kgq2     =   -4.0444680455074884E-002       +-    1.4836531576360612E-004
  Kqqs     =    2.0077794114318633E-003       +-    3.7124638557621347E-006
  Kgg      =    1.5865835336562476E-003       +-    2.7937433552227124E-006
  Kgghhz   =    8.1163176519374047E-002       +-    1.9212079627264409E-004
  K_nnlo   =    1.2027103325124531            +-    4.1208327942054632E-004
  K_nnlo2  =    1.2838735090318272            +-    4.5466804323421154E-004
  sig_LO   = (  0.23632976337899306            +-    1.5102413752876446E-004 ) fb
  sig_NLO  = (  0.27920574942152049            +-    1.6774844980367907E-004 ) fb
  sig_NNLO = (  0.28423624829613814            +-    1.7970148532126136E-004 ) fb
  sig_HHZ  = (  0.30341752259804927            +-    1.8534868367630909E-004 ) fb

  pp ---> HHZ + X
  ===============

  PDFSET = PDF4LHC21_40                                NSET =   5
  Sqrt(S)  = 13.6 TeV
  LOOP     = 3
  alphaS(MZ) =   0.11800
          kl =   0.00000
          kv =   1.20000
         k2v =   1.00000
         kth =   0.00000
         kbh =   1.00000
 --------------

  mH       = 125.0000      GeV
  fact_scale 1.0
  ren_scale  1.0
  Kqq      =   0.25905970709752102            +-    2.7469555388844594E-004
  Kgq      =   -7.7058675584878319E-002       +-    1.3929331130596820E-004
  K_nlo    =    1.1820010315126428            +-    3.0799395107803897E-004
  Kqq2     =    5.7980411604357213E-002       +-    2.2877997866428047E-004
  Kgq2     =   -3.9951015574239239E-002       +-    1.4632174891380555E-004
  Kqqs     =    1.9898746192732191E-003       +-    3.6768886237360092E-006
  Kgg      =    1.5523827557122544E-003       +-    2.7285594057359671E-006
  Kgghhz   =    7.9299191073576344E-002       +-    1.8868731625045886E-004
  K_nnlo   =    1.2035726849177462            +-    4.1064774599389544E-004
  K_nnlo2  =    1.2828718759913225            +-    4.5192308483155353E-004
  sig_LO   = (  0.23915269829654012            +-    1.5251928902496661E-004 ) fb
  sig_NLO  = (  0.28267873607554228            +-    1.6937406316512569E-004 ) fb
  sig_NNLO = (  0.28783765519409055            +-    1.8140245263648395E-004 ) fb
  sig_HHZ  = (  0.30680227071206922            +-    1.8693079666322755E-004 ) fb

  pp ---> HHZ + X
  ===============

  PDFSET = PDF4LHC21_40                                NSET =   6
  Sqrt(S)  = 13.6 TeV
  LOOP     = 3
  alphaS(MZ) =   0.11800
          kl =   0.00000
          kv =   1.20000
         k2v =   1.00000
         kth =   0.00000
         kbh =   1.00000
 --------------

  mH       = 125.0000      GeV
  fact_scale 1.0
  ren_scale  1.0
  Kqq      =   0.25902969697257722            +-    2.7392243877513554E-004
  Kgq      =   -7.7278865285608414E-002       +-    1.3968694726077755E-004
  K_nlo    =    1.1817508316869687            +-    3.0748324458342952E-004
  Kqq2     =    5.7973802847744317E-002       +-    2.2823424885232821E-004
  Kgq2     =   -4.0064700231370889E-002       +-    1.4655493548121321E-004
  Kqqs     =    1.9917549328702230E-003       +-    3.6732990601989621E-006
  Kgg      =    1.5661662076627970E-003       +-    2.7545416709471885E-006
  Kgghhz   =    8.0080990478292258E-002       +-    1.8938610080134532E-004
  K_nnlo   =    1.2032178554438751            +-    4.1004420223732561E-004
  K_nnlo2  =    1.2832988459221673            +-    4.5166729233494661E-004
  sig_LO   = (  0.23950856807719881            +-    1.5239913400891448E-004 ) fb
  sig_NLO  = (  0.28303944952138471            +-    1.6926034137471562E-004 ) fb
  sig_NNLO = (  0.28818098564228056            +-    1.8130229815339227E-004 ) fb
  sig_HHZ  = (  0.30736106900194016            +-    1.8689038516444178E-004 ) fb

  pp ---> HHZ + X
  ===============

  PDFSET = PDF4LHC21_40                                NSET =   7
  Sqrt(S)  = 13.6 TeV
  LOOP     = 3
  alphaS(MZ) =   0.11800
          kl =   0.00000
          kv =   1.20000
         k2v =   1.00000
         kth =   0.00000
         kbh =   1.00000
 --------------

  mH       = 125.0000      GeV
  fact_scale 1.0
  ren_scale  1.0
  Kqq      =   0.25910871864320356            +-    2.7540357330878816E-004
  Kgq      =   -7.7058258172361199E-002       +-    1.3943357383748573E-004
  K_nlo    =    1.1820504604708424            +-    3.0868892060510148E-004
  Kqq2     =    5.8000819345592480E-002       +-    2.2921931051898974E-004
  Kgq2     =   -3.9952615135894320E-002       +-    1.4644972414797565E-004
  Kqqs     =    1.9899128928397617E-003       +-    3.6796978967205096E-006
  Kgg      =    1.5527614282933382E-003       +-    2.7252563117303199E-006
  Kgghhz   =    7.9328028983444335E-002       +-    1.8814061696360886E-004
  K_nnlo   =    1.2036413390016736            +-    4.1145939158164513E-004
  K_nnlo2  =    1.2829693679851180            +-    4.5243311403143888E-004
  sig_LO   = (  0.23926485540484779            +-    1.5317512806812161E-004 ) fb
  sig_NLO  = (  0.28282313250578983            +-    1.7005200551468980E-004 ) fb
  sig_NNLO = (  0.28798907093553278            +-    1.8208400159630051E-004 ) fb
  sig_HHZ  = (  0.30696948031980814            +-    1.8756591708479528E-004 ) fb

  pp ---> HHZ + X
  ===============

  PDFSET = PDF4LHC21_40                                NSET =   8
  Sqrt(S)  = 13.6 TeV
  LOOP     = 3
  alphaS(MZ) =   0.11800
          kl =   0.00000
          kv =   1.20000
         k2v =   1.00000
         kth =   0.00000
         kbh =   1.00000
 --------------

  mH       = 125.0000      GeV
  fact_scale 1.0
  ren_scale  1.0
  Kqq      =   0.25877656854722669            +-    2.7459390633492178E-004
  Kgq      =   -7.6977897944244186E-002       +-    1.3982961817376530E-004
  K_nlo    =    1.1817986706029826            +-    3.0814628914671804E-004
  Kqq2     =    5.7870099927325711E-002       +-    2.2868395600829662E-004
  Kgq2     =   -3.9893832435301958E-002       +-    1.4658047538728200E-004
  Kqqs     =    1.9946781593676022E-003       +-    3.6875715344409284E-006
  Kgg      =    1.5606925261199508E-003       +-    2.7546666183604120E-006
  Kgghhz   =    7.9928966119841363E-002       +-    1.8879087922090280E-004
  K_nnlo   =    1.2033303087804939            +-    4.1080105816229201E-004
  K_nnlo2  =    1.2832592749003353            +-    4.5210563529363395E-004
  sig_LO   = (  0.23993944269716949            +-    1.5335120754304490E-004 ) fb
  sig_NLO  = (  0.28356011440473539            +-    1.7024450454842740E-004 ) fb
  sig_NNLO = (  0.28872640366940450            +-    1.8229679277121977E-004 ) fb
  sig_HHZ  = (  0.30790451525556017            +-    1.8784052740423784E-004 ) fb

  pp ---> HHZ + X
  ===============

  PDFSET = PDF4LHC21_40                                NSET =   9
  Sqrt(S)  = 13.6 TeV
  LOOP     = 3
  alphaS(MZ) =   0.11800
          kl =   0.00000
          kv =   1.20000
         k2v =   1.00000
         kth =   0.00000
         kbh =   1.00000
 --------------

  mH       = 125.0000      GeV
  fact_scale 1.0
  ren_scale  1.0
  Kqq      =   0.25900938496335713            +-    2.7355279814497393E-004
  Kgq      =   -7.7206652628120570E-002       +-    1.3951982362624279E-004
  K_nlo    =    1.1818027323352365            +-    3.0707802682322085E-004
  Kqq2     =    5.7964933567135793E-002       +-    2.2794215299804560E-004
  Kgq2     =   -4.0024101213662913E-002       +-    1.4634668211420819E-004
  Kqqs     =    1.9945466410888233E-003       +-    3.6801459860583338E-006
  Kgg      =    1.5587144083368957E-003       +-    2.7380249203056417E-006
  Kgghhz   =    7.9693887220313744E-002       +-    1.8820274274446557E-004
  K_nnlo   =    1.2032968257381351            +-    4.0950327384748362E-004
  K_nnlo2  =    1.2829907129584488            +-    4.5068082238802515E-004
  sig_LO   = (  0.24050919948216012            +-    1.5284614162847793E-004 ) fb
  sig_NLO  = (  0.28423442909977731            +-    1.6975428533664343E-004 ) fb
  sig_NNLO = (  0.28940395629770321            +-    1.8182982738551462E-004 ) fb
  sig_HHZ  = (  0.30857106931668243            +-    1.8737918847176605E-004 ) fb

  pp ---> HHZ + X
  ===============

  PDFSET = PDF4LHC21_40                                NSET =  10
  Sqrt(S)  = 13.6 TeV
  LOOP     = 3
  alphaS(MZ) =   0.11800
          kl =   0.00000
          kv =   1.20000
         k2v =   1.00000
         kth =   0.00000
         kbh =   1.00000
 --------------

  mH       = 125.0000      GeV
  fact_scale 1.0
  ren_scale  1.0
  Kqq      =   0.25890798963889372            +-    2.7474047140673834E-004
  Kgq      =   -7.6935558458591985E-002       +-    1.3947871532628490E-004
  K_nlo    =    1.1819724311803017            +-    3.0811789733455541E-004
  Kqq2     =    5.7923461342831731E-002       +-    2.2880949005833014E-004
  Kgq2     =   -3.9886794232387029E-002       +-    1.4640455260146490E-004
  Kqqs     =    1.9902914586716596E-003       +-    3.6825932039235138E-006
  Kgg      =    1.5530369310349059E-003       +-    2.7354121806816542E-006
  Kgghhz   =    7.9452400890785119E-002       +-    1.8811103112780718E-004
  K_nnlo   =    1.2035524266804527            +-    4.1078675537748247E-004
  K_nnlo2  =    1.2830048275712378            +-    4.5180916151128060E-004
  sig_LO   = (  0.23929762970504379            +-    1.5305057691897872E-004 ) fb
  sig_NLO  = (  0.28284320115815420            +-    1.6988487158219967E-004 ) fb
  sig_NNLO = (  0.28800724293038588            +-    1.8189949824326949E-004 ) fb
  sig_HHZ  = (  0.30702001413792568            +-    1.8738659189071946E-004 ) fb

  pp ---> HHZ + X
  ===============

  PDFSET = PDF4LHC21_40                                NSET =  11
  Sqrt(S)  = 13.6 TeV
  LOOP     = 3
  alphaS(MZ) =   0.11800
          kl =   0.00000
          kv =   1.20000
         k2v =   1.00000
         kth =   0.00000
         kbh =   1.00000
 --------------

  mH       = 125.0000      GeV
  fact_scale 1.0
  ren_scale  1.0
  Kqq      =   0.25885849437676212            +-    2.7445056745913478E-004
  Kgq      =   -7.7106927161199268E-002       +-    1.3958763425277914E-004
  K_nlo    =    1.1817515672155630            +-    3.0790878781699092E-004
  Kqq2     =    5.7903164036859731E-002       +-    2.2860405040879864E-004
  Kgq2     =   -3.9974809328017467E-002       +-    1.4649565644676726E-004
  Kqqs     =    1.9889808717478566E-003       +-    3.6791818635244386E-006
  Kgg      =    1.5591936248387035E-003       +-    2.7394554194540397E-006
  Kgghhz   =    7.9717735982658300E-002       +-    1.8847951333442425E-004
  K_nnlo   =    1.2032280964209918            +-    4.1054798968109270E-004
  K_nnlo2  =    1.2829458324036502            +-    4.5174570144935306E-004
  sig_LO   = (  0.23978069220716461            +-    1.5314022062312476E-004 ) fb
  sig_NLO  = (  0.28336120880384924            +-    1.7000847641285001E-004 ) fb
  sig_NNLO = (  0.28851086584293439            +-    1.8205123560004644E-004 ) fb
  sig_HHZ  = (  0.30762563975804419            +-    1.8757699021344920E-004 ) fb

  pp ---> HHZ + X
  ===============

  PDFSET = PDF4LHC21_40                                NSET =  12
  Sqrt(S)  = 13.6 TeV
  LOOP     = 3
  alphaS(MZ) =   0.11800
          kl =   0.00000
          kv =   1.20000
         k2v =   1.00000
         kth =   0.00000
         kbh =   1.00000
 --------------

  mH       = 125.0000      GeV
  fact_scale 1.0
  ren_scale  1.0
  Kqq      =   0.25872660015380217            +-    2.7413506549620959E-004
  Kgq      =   -7.6997985185005266E-002       +-    1.3939616479417973E-004
  K_nlo    =    1.1817286149687969            +-    3.0754076948257973E-004
  Kqq2     =    5.7855987727460693E-002       +-    2.2835168814646498E-004
  Kgq2     =   -3.9915019932863685E-002       +-    1.4622671036722726E-004
  Kqqs     =    1.9886321885912170E-003       +-    3.6771047230562618E-006
  Kgg      =    1.5561394031062656E-003       +-    2.7331960285789050E-006
  Kgghhz   =    7.9577295489131339E-002       +-    1.8775322839319786E-004
  K_nnlo   =    1.2032143543550913            +-    4.1003543829500104E-004
  K_nnlo2  =    1.2827916498442227            +-    4.5097708969507740E-004
  sig_LO   = (  0.24128109388975172            +-    1.5424134461704329E-004 ) fb
  sig_NLO  = (  0.28512877290049254            +-    1.7116247356747542E-004 ) fb
  sig_NNLO = (  0.29031287560264779            +-    1.8324379659551962E-004 ) fb
  sig_HHZ  = (  0.30951337250705341            +-    1.8876042266471578E-004 ) fb

  pp ---> HHZ + X
  ===============

  PDFSET = PDF4LHC21_40                                NSET =  13
  Sqrt(S)  = 13.6 TeV
  LOOP     = 3
  alphaS(MZ) =   0.11800
          kl =   0.00000
          kv =   1.20000
         k2v =   1.00000
         kth =   0.00000
         kbh =   1.00000
 --------------

  mH       = 125.0000      GeV
  fact_scale 1.0
  ren_scale  1.0
  Kqq      =   0.25891152758003722            +-    2.7424761751017025E-004
  Kgq      =   -7.6982909016015885E-002       +-    1.3925610414079726E-004
  K_nlo    =    1.1819286185640214            +-    3.0757766214482677E-004
  Kqq2     =    5.7920851478925291E-002       +-    2.2844459132924659E-004
  Kgq2     =   -3.9909792484897219E-002       +-    1.4616150872061613E-004
  Kqqs     =    1.9865220580707979E-003       +-    3.6738467006867399E-006
  Kgg      =    1.5548150894850136E-003       +-    2.7300683648681075E-006
  Kgghhz   =    7.9470301284927020E-002       +-    1.8822035375310595E-004
  K_nnlo   =    1.2034810147056054            +-    4.1009155881632998E-004
  K_nnlo2  =    1.2829513159905324            +-    4.5122277001427113E-004
  sig_LO   = (  0.23935290163084083            +-    1.5272754947878576E-004 ) fb
  sig_NLO  = (  0.28289804437382982            +-    1.6954512893125112E-004 ) fb
  sig_NNLO = (  0.28805667292741527            +-    1.8155005751590550E-004 ) fb
  sig_HHZ  = (  0.30707812013343971            +-    1.8705620518310706E-004 ) fb

  pp ---> HHZ + X
  ===============

  PDFSET = PDF4LHC21_40                                NSET =  14
  Sqrt(S)  = 13.6 TeV
  LOOP     = 3
  alphaS(MZ) =   0.11800
          kl =   0.00000
          kv =   1.20000
         k2v =   1.00000
         kth =   0.00000
         kbh =   1.00000
 --------------

  mH       = 125.0000      GeV
  fact_scale 1.0
  ren_scale  1.0
  Kqq      =   0.25903825345166837            +-    2.7471785933369660E-004
  Kgq      =   -7.7089716796851046E-002       +-    1.3947084238747265E-004
  K_nlo    =    1.1819485366548175            +-    3.0809417085228980E-004
  Kqq2     =    5.7973550800068198E-002       +-    2.2880600714864896E-004
  Kgq2     =   -3.9967192666809745E-002       +-    1.4642837663295794E-004
  Kqqs     =    1.9907373727500021E-003       +-    3.6808656076025488E-006
  Kgg      =    1.5546658120324723E-003       +-    2.7287713807390375E-006
  Kgghhz   =    7.9451025811278234E-002       +-    1.8812985661653301E-004
  K_nnlo   =    1.2035002979728584            +-    4.1077545139492025E-004
  K_nnlo2  =    1.2829513237841366            +-    4.5180672241485934E-004
  sig_LO   = (  0.23965922057635614            +-    1.5294507860829693E-004 ) fb
  sig_NLO  = (  0.28326486505605825            +-    1.6983577229567732E-004 ) fb
  sig_NNLO = (  0.28842994337558758            +-    1.8188962725281527E-004 ) fb
  sig_HHZ  = (  0.30747111429551049            +-    1.8739444765801988E-004 ) fb

  pp ---> HHZ + X
  ===============

  PDFSET = PDF4LHC21_40                                NSET =  15
  Sqrt(S)  = 13.6 TeV
  LOOP     = 3
  alphaS(MZ) =   0.11800
          kl =   0.00000
          kv =   1.20000
         k2v =   1.00000
         kth =   0.00000
         kbh =   1.00000
 --------------

  mH       = 125.0000      GeV
  fact_scale 1.0
  ren_scale  1.0
  Kqq      =   0.25903076166138939            +-    2.7433731231004511E-004
  Kgq      =   -7.6950171620518273E-002       +-    1.3904899584614807E-004
  K_nlo    =    1.1820805900408711            +-    3.0756395135210713E-004
  Kqq2     =    5.7973689040422327E-002       +-    2.2851504916704884E-004
  Kgq2     =   -3.9902664323340137E-002       +-    1.4599489385426056E-004
  Kqqs     =    1.9884445058138979E-003       +-    3.6757946567895716E-006
  Kgg      =    1.5493652472817233E-003       +-    2.7172576555916428E-006
  Kgghhz   =    7.9174563128633080E-002       +-    1.8720744496001390E-004
  K_nnlo   =    1.2036894245110488            +-    4.1006111234081030E-004
  K_nnlo2  =    1.2828639876396819            +-    4.5077349445440918E-004
  sig_LO   = (  0.23932866205108269            +-    1.5265327686557161E-004 ) fb
  sig_NLO  = (  0.28290576605103607            +-    1.6947356292109356E-004 ) fb
  sig_NNLO = (  0.28807737949326701            +-    1.8147826406897293E-004 ) fb
  sig_HHZ  = (  0.30702612175532173            +-    1.8692717395545270E-004 ) fb

  pp ---> HHZ + X
  ===============

  PDFSET = PDF4LHC21_40                                NSET =  16
  Sqrt(S)  = 13.6 TeV
  LOOP     = 3
  alphaS(MZ) =   0.11800
          kl =   0.00000
          kv =   1.20000
         k2v =   1.00000
         kth =   0.00000
         kbh =   1.00000
 --------------

  mH       = 125.0000      GeV
  fact_scale 1.0
  ren_scale  1.0
  Kqq      =   0.25877552347539473            +-    2.7456272300461874E-004
  Kgq      =   -7.7019206748033239E-002       +-    1.3955370910393282E-004
  K_nlo    =    1.1817563167273615            +-    3.0799338724780457E-004
  Kqq2     =    5.7871581056632877E-002       +-    2.2868890762196961E-004
  Kgq2     =   -3.9926166283124280E-002       +-    1.4644597436985987E-004
  Kqqs     =    1.9812873190821574E-003       +-    3.6672802250766761E-006
  Kgg      =    1.5647556258569181E-003       +-    2.7527224411037890E-006
  Kgghhz   =    8.0024927766059767E-002       +-    1.8940105805750800E-004
  K_nnlo   =    1.2032477744458090            +-    4.1064095374418089E-004
  K_nnlo2  =    1.2832727022118688            +-    4.5221538417576423E-004
  sig_LO   = (  0.23962328272407510            +-    1.5313045035279091E-004 ) fb
  sig_NLO  = (  0.28317632799412218            +-    1.6998743212298025E-004 ) fb
  sig_NNLO = (  0.28832618164314228            +-    1.8202012051056875E-004 ) fb
  sig_HHZ  = (  0.30750201753420248            +-    1.8759294687355156E-004 ) fb

  pp ---> HHZ + X
  ===============

  PDFSET = PDF4LHC21_40                                NSET =  17
  Sqrt(S)  = 13.6 TeV
  LOOP     = 3
  alphaS(MZ) =   0.11800
          kl =   0.00000
          kv =   1.20000
         k2v =   1.00000
         kth =   0.00000
         kbh =   1.00000
 --------------

  mH       = 125.0000      GeV
  fact_scale 1.0
  ren_scale  1.0
  Kqq      =   0.25905378169434989            +-    2.7411641695436630E-004
  Kgq      =   -7.6846923726530111E-002       +-    1.3890295371358030E-004
  K_nlo    =    1.1822068579678198            +-    3.0730089585658064E-004
  Kqq2     =    5.7977981634203452E-002       +-    2.2835348104928939E-004
  Kgq2     =   -3.9839271849079344E-002       +-    1.4578098690252956E-004
  Kqqs     =    1.9876952139814968E-003       +-    3.6685834191062675E-006
  Kgg      =    1.5484409257206849E-003       +-    2.7182024084252977E-006
  Kgghhz   =    7.9143111316948275E-002       +-    1.8723607195388623E-004
  K_nnlo   =    1.2038817038926459            +-    4.0969756671537210E-004
  K_nnlo2  =    1.2830248152095942            +-    4.5045470672778814E-004
  sig_LO   = (  0.24095377090932238            +-    1.5351969937078819E-004 ) fb
  sig_NLO  = (  0.28485720042220786            +-    1.7044355657404599E-004 ) fb
  sig_NNLO = (  0.29007983628167333            +-    1.8252006985595382E-004 ) fb
  sig_HHZ  = (  0.30914966739498828            +-    1.8801319252329681E-004 ) fb

  pp ---> HHZ + X
  ===============

  PDFSET = PDF4LHC21_40                                NSET =  18
  Sqrt(S)  = 13.6 TeV
  LOOP     = 3
  alphaS(MZ) =   0.11800
          kl =   0.00000
          kv =   1.20000
         k2v =   1.00000
         kth =   0.00000
         kbh =   1.00000
 --------------

  mH       = 125.0000      GeV
  fact_scale 1.0
  ren_scale  1.0
  Kqq      =   0.25899342517588136            +-    2.7418752133634926E-004
  Kgq      =   -7.6874018865183122E-002       +-    1.3885141949308182E-004
  K_nlo    =    1.1821194063106983            +-    3.0734103785829634E-004
  Kqq2     =    5.7955504744649597E-002       +-    2.2840149305410027E-004
  Kgq2     =   -3.9856824684548445E-002       +-    1.4578644563334358E-004
  Kqqs     =    1.9896066019023523E-003       +-    3.6754781535688771E-006
  Kgg      =    1.5456033015834160E-003       +-    2.7104470563911890E-006
  Kgghhz   =    7.8973202709890014E-002       +-    1.8684138490681119E-004
  K_nnlo   =    1.2037532962742852            +-    4.0975638979088988E-004
  K_nnlo2  =    1.2827264989841751            +-    4.5034431503945832E-004
  sig_LO   = (  0.24061984986829232            +-    1.5329719890224287E-004 ) fb
  sig_NLO  = (  0.28444139407287505            +-    1.7020276704794425E-004 ) fb
  sig_NNLO = (  0.28964693742798048            +-    1.8226658484583348E-004 ) fb
  sig_HHZ  = (  0.30864945760765244            +-    1.8772934473719507E-004 ) fb

  pp ---> HHZ + X
  ===============

  PDFSET = PDF4LHC21_40                                NSET =  19
  Sqrt(S)  = 13.6 TeV
  LOOP     = 3
  alphaS(MZ) =   0.11800
          kl =   0.00000
          kv =   1.20000
         k2v =   1.00000
         kth =   0.00000
         kbh =   1.00000
 --------------

  mH       = 125.0000      GeV
  fact_scale 1.0
  ren_scale  1.0
  Kqq      =   0.25911164397841374            +-    2.7453595222691089E-004
  Kgq      =   -7.7433117013218644E-002       +-    1.4026176614493160E-004
  K_nlo    =    1.1816785269651953            +-    3.0829101853156889E-004
  Kqq2     =    5.8001943145239120E-002       +-    2.2862988637679539E-004
  Kgq2     =   -4.0142000390395435E-002       +-    1.4717999111982051E-004
  Kqqs     =    1.9940473640915712E-003       +-    3.6880225649618455E-006
  Kgg      =    1.5709446092567149E-003       +-    2.7629868649722027E-006
  Kgghhz   =    8.0334222285919063E-002       +-    1.9014469031713619E-004
  K_nnlo   =    1.2031034616933873            +-    4.1109386086973456E-004
  K_nnlo2  =    1.2834376839793065            +-    4.5293836854541739E-004
  sig_LO   = (  0.23838357055150500            +-    1.5229339469305844E-004 ) fb
  sig_NLO  = (  0.28169274650200610            +-    1.6909843483258393E-004 ) fb
  sig_NNLO = (  0.28680009894134550            +-    1.8109911777446376E-004 ) fb
  sig_HHZ  = (  0.30595045768734119            +-    1.8668545992622256E-004 ) fb

  pp ---> HHZ + X
  ===============

  PDFSET = PDF4LHC21_40                                NSET =  20
  Sqrt(S)  = 13.6 TeV
  LOOP     = 3
  alphaS(MZ) =   0.11800
          kl =   0.00000
          kv =   1.20000
         k2v =   1.00000
         kth =   0.00000
         kbh =   1.00000
 --------------

  mH       = 125.0000      GeV
  fact_scale 1.0
  ren_scale  1.0
  Kqq      =   0.25892084612201061            +-    2.7442765868277883E-004
  Kgq      =   -7.7139352209002074E-002       +-    1.3959525232186022E-004
  K_nlo    =    1.1817814939130085            +-    3.0789182243267776E-004
  Kqq2     =    5.7928242104804989E-002       +-    2.2859140715695043E-004
  Kgq2     =   -3.9990045841184929E-002       +-    1.4650470839733934E-004
  Kqqs     =    1.9908398300236426E-003       +-    3.6790778033805707E-006
  Kgg      =    1.5590500512183806E-003       +-    2.7384778769492003E-006
  Kgghhz   =    7.9706324064322723E-002       +-    1.8840075554926202E-004
  K_nnlo   =    1.2032695800578708            +-    4.1053144849580717E-004
  K_nnlo2  =    1.2829759041221935            +-    4.5169781369362234E-004
  sig_LO   = (  0.24032636642420602            +-    1.5338150611570250E-004 ) fb
  sig_NLO  = (  0.28401325233948327            +-    1.7029702241375626E-004 ) fb
  sig_NNLO = (  0.28917740600408831            +-    1.8237320028091208E-004 ) fb
  sig_HHZ  = (  0.30833293724749722            +-    1.8790968972335600E-004 ) fb

  pp ---> HHZ + X
  ===============

  PDFSET = PDF4LHC21_40                                NSET =  21
  Sqrt(S)  = 13.6 TeV
  LOOP     = 3
  alphaS(MZ) =   0.11800
          kl =   0.00000
          kv =   1.20000
         k2v =   1.00000
         kth =   0.00000
         kbh =   1.00000
 --------------

  mH       = 125.0000      GeV
  fact_scale 1.0
  ren_scale  1.0
  Kqq      =   0.25910962233268420            +-    2.7459018276373043E-004
  Kgq      =   -7.7607696500392176E-002       +-    1.4042248448833906E-004
  K_nlo    =    1.1815019258322919            +-    3.0841245535823727E-004
  Kqq2     =    5.8014370310067877E-002       +-    2.2872378037820627E-004
  Kgq2     =   -4.0233278040836921E-002       +-    1.4738888604316045E-004
  Kqqs     =    2.0018768142333219E-003       +-    3.7005715757472793E-006
  Kgg      =    1.5696854895699923E-003       +-    2.7577456636388530E-006
  Kgghhz   =    8.0243868729919135E-002       +-    1.8993166493985617E-004
  K_nnlo   =    1.2028545804053261            +-    4.1131203902970177E-004
  K_nnlo2  =    1.2830984491352453            +-    4.5304705141695461E-004
  sig_LO   = (  0.23811437136526106            +-    1.5192534546114829E-004 ) fb
  sig_NLO  = (  0.28133258833640151            +-    1.6874349730594648E-004 ) fb
  sig_NNLO = (  0.28641696225703916            +-    1.8075790043128344E-004 ) fb
  sig_HHZ  = (  0.30552418061558040            +-    1.8632970968163464E-004 ) fb

  pp ---> HHZ + X
  ===============

  PDFSET = PDF4LHC21_40                                NSET =  22
  Sqrt(S)  = 13.6 TeV
  LOOP     = 3
  alphaS(MZ) =   0.11800
          kl =   0.00000
          kv =   1.20000
         k2v =   1.00000
         kth =   0.00000
         kbh =   1.00000
 --------------

  mH       = 125.0000      GeV
  fact_scale 1.0
  ren_scale  1.0
  Kqq      =   0.25894277241417940            +-    2.7444304595778687E-004
  Kgq      =   -7.7300613601777673E-002       +-    1.4007562578778263E-004
  K_nlo    =    1.1816421588124018            +-    3.0812362196759081E-004
  Kqq2     =    5.7938076527939503E-002       +-    2.2858603253948578E-004
  Kgq2     =   -4.0071280774720705E-002       +-    1.4696659504294507E-004
  Kqqs     =    1.9896808292678915E-003       +-    3.6790859103179660E-006
  Kgg      =    1.5713263328666640E-003       +-    2.7694774390324819E-006
  Kgghhz   =    8.0389309293374178E-002       +-    1.9050265218900162E-004
  K_nnlo   =    1.2030699617277552            +-    4.1086752904495567E-004
  K_nnlo2  =    1.2834592710211292            +-    4.5288341426304320E-004
  sig_LO   = (  0.23896862055811052            +-    1.5256645880498305E-004 ) fb
  sig_NLO  = (  0.28237539668470740            +-    1.6940536487533627E-004 ) fb
  sig_NNLO = (  0.28749596918898046            +-    1.8142962799902630E-004 ) fb
  sig_HHZ  = (  0.30670649153843738            +-    1.8705389249076861E-004 ) fb

  pp ---> HHZ + X
  ===============

  PDFSET = PDF4LHC21_40                                NSET =  23
  Sqrt(S)  = 13.6 TeV
  LOOP     = 3
  alphaS(MZ) =   0.11800
          kl =   0.00000
          kv =   1.20000
         k2v =   1.00000
         kth =   0.00000
         kbh =   1.00000
 --------------

  mH       = 125.0000      GeV
  fact_scale 1.0
  ren_scale  1.0
  Kqq      =   0.25904177436828535            +-    2.7436021533552439E-004
  Kgq      =   -7.7263019948151851E-002       +-    1.3980746147242056E-004
  K_nlo    =    1.1817787544201335            +-    3.0792800139369864E-004
  Kqq2     =    5.7976034474803741E-002       +-    2.2852152805490357E-004
  Kgq2     =   -4.0053877369626366E-002       +-    1.4671977904732721E-004
  Kqqs     =    1.9943574722526133E-003       +-    3.6851573276491133E-006
  Kgg      =    1.5617186977228850E-003       +-    2.7433943796881015E-006
  Kgghhz   =    7.9844082194982735E-002       +-    1.8877855230861262E-004
  K_nnlo   =    1.2032569876952861            +-    4.1059656962499615E-004
  K_nnlo2  =    1.2831010698902690            +-    4.5191468752359652E-004
  sig_LO   = (  0.23945611440696163            +-    1.5284821113541053E-004 ) fb
  sig_NLO  = (  0.28298414862214410            +-    1.6970404140111226E-004 ) fb
  sig_NNLO = (  0.28812724290653846            +-    1.8173984249693999E-004 ) fb
  sig_HHZ  = (  0.30724639658733910            +-    1.8727730272365722E-004 ) fb

  pp ---> HHZ + X
  ===============

  PDFSET = PDF4LHC21_40                                NSET =  24
  Sqrt(S)  = 13.6 TeV
  LOOP     = 3
  alphaS(MZ) =   0.11800
          kl =   0.00000
          kv =   1.20000
         k2v =   1.00000
         kth =   0.00000
         kbh =   1.00000
 --------------

  mH       = 125.0000      GeV
  fact_scale 1.0
  ren_scale  1.0
  Kqq      =   0.25879491656683318            +-    2.7425677976801167E-004
  Kgq      =   -7.7066114782731995E-002       +-    1.3951575657714313E-004
  K_nlo    =    1.1817288017841010            +-    3.0770347346432785E-004
  Kqq2     =    5.7880384952724309E-002       +-    2.2847025112475807E-004
  Kgq2     =   -3.9950536601182744E-002       +-    1.4637358204982586E-004
  Kqqs     =    1.9893700083159064E-003       +-    3.6771828143782161E-006
  Kgg      =    1.5575566483709909E-003       +-    2.7365009667560712E-006
  Kgghhz   =    7.9634090759892182E-002       +-    1.8847576408479033E-004
  K_nnlo   =    1.2032055767923295            +-    4.1027590578062329E-004
  K_nnlo2  =    1.2828396675522218            +-    4.5149687984686715E-004
  sig_LO   = (  0.24029843413224741            +-    1.5355488916641175E-004 ) fb
  sig_NLO  = (  0.28396758063769650            +-    1.7042982605660598E-004 ) fb
  sig_NNLO = (  0.28912841604238437            +-    1.8247966302629826E-004 ) fb
  sig_HHZ  = (  0.30826436335553176            +-    1.8801609121742006E-004 ) fb

  pp ---> HHZ + X
  ===============

  PDFSET = PDF4LHC21_40                                NSET =  25
  Sqrt(S)  = 13.6 TeV
  LOOP     = 3
  alphaS(MZ) =   0.11800
          kl =   0.00000
          kv =   1.20000
         k2v =   1.00000
         kth =   0.00000
         kbh =   1.00000
 --------------

  mH       = 125.0000      GeV
  fact_scale 1.0
  ren_scale  1.0
  Kqq      =   0.25893854250626153            +-    2.7469910176300860E-004
  Kgq      =   -7.7344481134375032E-002       +-    1.4014112957328405E-004
  K_nlo    =    1.1815940613718865            +-    3.0838147270463535E-004
  Kqq2     =    5.7938923252706519E-002       +-    2.2877289649723568E-004
  Kgq2     =   -4.0096125205250605E-002       +-    1.4707186486792459E-004
  Kqqs     =    1.9922011728603626E-003       +-    3.6819233804139073E-006
  Kgg      =    1.5692995485245003E-003       +-    2.7593362789286840E-006
  Kgghhz   =    8.0251000895891544E-002       +-    1.8974056676663109E-004
  K_nnlo   =    1.2029983601407275            +-    4.1120247422823611E-004
  K_nnlo2  =    1.2832493610366189            +-    4.5286748336389261E-004
  sig_LO   = (  0.23926955639249481            +-    1.5307164033197796E-004 ) fb
  sig_NLO  = (  0.28271948690045756            +-    1.6992746944535171E-004 ) fb
  sig_NNLO = (  0.28784088397177049            +-    1.8196475368620289E-004 ) fb
  sig_HHZ  = (  0.30704250535618416            +-    1.8754267143613476E-004 ) fb

  pp ---> HHZ + X
  ===============

  PDFSET = PDF4LHC21_40                                NSET =  26
  Sqrt(S)  = 13.6 TeV
  LOOP     = 3
  alphaS(MZ) =   0.11800
          kl =   0.00000
          kv =   1.20000
         k2v =   1.00000
         kth =   0.00000
         kbh =   1.00000
 --------------

  mH       = 125.0000      GeV
  fact_scale 1.0
  ren_scale  1.0
  Kqq      =   0.25891861480588868            +-    2.7279937640935209E-004
  Kgq      =   -7.7149470380567964E-002       +-    1.3896390418708927E-004
  K_nlo    =    1.1817691444253207            +-    3.0615431801013341E-004
  Kqq2     =    5.7933029448781211E-002       +-    2.2738618075443491E-004
  Kgq2     =   -3.9993544153764389E-002       +-    1.4579866296546328E-004
  Kqqs     =    1.9945669524162710E-003       +-    3.6624096451625473E-006
  Kgg      =    1.5565313320759736E-003       +-    2.7321926913464451E-006
  Kgghhz   =    7.9572306939567197E-002       +-    1.8806007403025091E-004
  K_nnlo   =    1.2032597280048296            +-    4.0830511860392689E-004
  K_nnlo2  =    1.2828320349443969            +-    4.4953271440733905E-004
  sig_LO   = (  0.24012066026066634            +-    1.5182284294592421E-004 ) fb
  sig_NLO  = (  0.28376718723509076            +-    1.6868455902046620E-004 ) fb
  sig_NNLO = (  0.28892752035358954            +-    1.8072771342743333E-004 ) fb
  sig_HHZ  = (  0.30803447523438282            +-    1.8628384499742612E-004 ) fb

  pp ---> HHZ + X
  ===============

  PDFSET = PDF4LHC21_40                                NSET =  27
  Sqrt(S)  = 13.6 TeV
  LOOP     = 3
  alphaS(MZ) =   0.11800
          kl =   0.00000
          kv =   1.20000
         k2v =   1.00000
         kth =   0.00000
         kbh =   1.00000
 --------------

  mH       = 125.0000      GeV
  fact_scale 1.0
  ren_scale  1.0
  Kqq      =   0.25898447855942147            +-    2.7446440863772428E-004
  Kgq      =   -7.7202445550624901E-002       +-    1.3968857692978962E-004
  K_nlo    =    1.1817820330087967            +-    3.0796689778858611E-004
  Kqq2     =    5.7955135964042399E-002       +-    2.2859402002754138E-004
  Kgq2     =   -4.0025171125582175E-002       +-    1.4661955849420099E-004
  Kqqs     =    1.9910043798879199E-003       +-    3.6805171636585455E-006
  Kgg      =    1.5620777608558146E-003       +-    2.7444392426005118E-006
  Kgghhz   =    7.9857353665731809E-002       +-    1.8900646309668749E-004
  K_nnlo   =    1.2032650799880007            +-    4.1063025852007079E-004
  K_nnlo2  =    1.2831224336537326            +-    4.5204054276644221E-004
  sig_LO   = (  0.23934621341053522            +-    1.5290632753142908E-004 ) fb
  sig_NLO  = (  0.28285505467725958            +-    1.6974573305949707E-004 ) fb
  sig_NNLO = (  0.28799694062425263            +-    1.8176868069424819E-004 ) fb
  sig_HHZ  = (  0.30711049583713146            +-    1.8731344914103717E-004 ) fb

  pp ---> HHZ + X
  ===============

  PDFSET = PDF4LHC21_40                                NSET =  28
  Sqrt(S)  = 13.6 TeV
  LOOP     = 3
  alphaS(MZ) =   0.11800
          kl =   0.00000
          kv =   1.20000
         k2v =   1.00000
         kth =   0.00000
         kbh =   1.00000
 --------------

  mH       = 125.0000      GeV
  fact_scale 1.0
  ren_scale  1.0
  Kqq      =   0.25899748975692388            +-    2.7455054083880487E-004
  Kgq      =   -7.7098072493251818E-002       +-    1.3946958060527640E-004
  K_nlo    =    1.1818994172636721            +-    3.0794441607064733E-004
  Kqq2     =    5.7959961540707643E-002       +-    2.2866480519714922E-004
  Kgq2     =   -3.9969863773631611E-002       +-    1.4642929134777967E-004
  Kqqs     =    1.9949239090061017E-003       +-    3.6860081407241978E-006
  Kgg      =    1.5518607155322664E-003       +-    2.7234078032400895E-006
  Kgghhz   =    7.9312894858989749E-002       +-    1.8757691895166510E-004
  K_nnlo   =    1.2034362996552863            +-    4.1058482375220753E-004
  K_nnlo2  =    1.2827491945142762            +-    4.5140336509493466E-004
  sig_LO   = (  0.24001768439995361            +-    1.5321936477619529E-004 ) fb
  sig_NLO  = (  0.28367676132528113            +-    1.7011517600399952E-004 ) fb
  sig_NNLO = (  0.28884599396611060            +-    1.8217520929964535E-004 ) fb
  sig_HHZ  = (  0.30788249133322232            +-    1.8765598139592661E-004 ) fb

  pp ---> HHZ + X
  ===============

  PDFSET = PDF4LHC21_40                                NSET =  29
  Sqrt(S)  = 13.6 TeV
  LOOP     = 3
  alphaS(MZ) =   0.11800
          kl =   0.00000
          kv =   1.20000
         k2v =   1.00000
         kth =   0.00000
         kbh =   1.00000
 --------------

  mH       = 125.0000      GeV
  fact_scale 1.0
  ren_scale  1.0
  Kqq      =   0.25904925218232305            +-    2.7456219005381888E-004
  Kgq      =   -7.7137360330183952E-002       +-    1.3949885177766617E-004
  K_nlo    =    1.1819118918521392            +-    3.0796805979587663E-004
  Kqq2     =    5.7980292019901784E-002       +-    2.2868260292710965E-004
  Kgq2     =   -3.9992927697923425E-002       +-    1.4644175014473485E-004
  Kqqs     =    1.9961467777631216E-003       +-    3.6862283905865824E-006
  Kgg      =    1.5540985883111499E-003       +-    2.7281230822561367E-006
  Kgghhz   =    7.9442967510145512E-002       +-    1.8771553106879913E-004
  K_nnlo   =    1.2034495015401918            +-    4.1061694540862193E-004
  K_nnlo2  =    1.2828924690503374            +-    4.5149019531009587E-004
  sig_LO   = (  0.24015865496175492            +-    1.5333286317498375E-004 ) fb
  sig_NLO  = (  0.28384637023051290            +-    1.7023873030836943E-004 ) fb
  sig_NNLO = (  0.28901881360428683            +-    1.8230615121141413E-004 ) fb
  sig_HHZ  = (  0.30809772982769379            +-    1.8779743146388572E-004 ) fb

  pp ---> HHZ + X
  ===============

  PDFSET = PDF4LHC21_40                                NSET =  30
  Sqrt(S)  = 13.6 TeV
  LOOP     = 3
  alphaS(MZ) =   0.11800
          kl =   0.00000
          kv =   1.20000
         k2v =   1.00000
         kth =   0.00000
         kbh =   1.00000
 --------------

  mH       = 125.0000      GeV
  fact_scale 1.0
  ren_scale  1.0
  Kqq      =   0.25901652952712861            +-    2.7441238300069385E-004
  Kgq      =   -7.7203081184097078E-002       +-    1.3952145661046386E-004
  K_nlo    =    1.1818134483430316            +-    3.0784475437925697E-004
  Kqq2     =    5.7964785296344287E-002       +-    2.2855844206666283E-004
  Kgq2     =   -4.0024912183215945E-002       +-    1.4648814092726241E-004
  Kqqs     =    1.9900581628286441E-003       +-    3.6766774388956679E-006
  Kgg      =    1.5588545535303695E-003       +-    2.7315701930069262E-006
  Kgghhz   =    7.9632750876710956E-002       +-    1.8836208282274386E-004
  K_nnlo   =    1.2033022341725190            +-    4.1047181280058637E-004
  K_nnlo2  =    1.2829349850492300            +-    4.5162748294265908E-004
  sig_LO   = (  0.23970903886058917            +-    1.5289847468066199E-004 ) fb
  sig_NLO  = (  0.28329136581482661            +-    1.6977448432093953E-004 ) fb
  sig_NNLO = (  0.28844242201229403            +-    1.8182212233747234E-004 ) fb
  sig_HHZ  = (  0.30753111218677515            +-    1.8734459092444042E-004 ) fb

  pp ---> HHZ + X
  ===============

  PDFSET = PDF4LHC21_40                                NSET =  31
  Sqrt(S)  = 13.6 TeV
  LOOP     = 3
  alphaS(MZ) =   0.11800
          kl =   0.00000
          kv =   1.20000
         k2v =   1.00000
         kth =   0.00000
         kbh =   1.00000
 --------------

  mH       = 125.0000      GeV
  fact_scale 1.0
  ren_scale  1.0
  Kqq      =   0.25897664683617577            +-    2.7538067906952959E-004
  Kgq      =   -7.7097576441293295E-002       +-    1.3970162196180489E-004
  K_nlo    =    1.1818790703948825            +-    3.0878967208045402E-004
  Kqq2     =    5.7949325137041062E-002       +-    2.2921938247297922E-004
  Kgq2     =   -3.9971434090300503E-002       +-    1.4671650850118869E-004
  Kqqs     =    1.9888040653591658E-003       +-    3.6810856689821562E-006
  Kgg      =    1.5575550683591872E-003       +-    2.7345516483906173E-006
  Kgghhz   =    7.9599035819234262E-002       +-    1.8869757540809093E-004
  K_nnlo   =    1.2034033205753412            +-    4.1163011177032191E-004
  K_nnlo2  =    1.2830023563945754            +-    4.5282018934775855E-004
  sig_LO   = (  0.23898014293371550            +-    1.5323195063512337E-004 ) fb
  sig_NLO  = (  0.28244562917333582            +-    1.7007549406135183E-004 ) fb
  sig_NNLO = (  0.28758949755800295            +-    1.8209054766242535E-004 ) fb
  sig_HHZ  = (  0.30661208651546951            +-    1.8759137556609613E-004 ) fb

  pp ---> HHZ + X
  ===============

  PDFSET = PDF4LHC21_40                                NSET =  32
  Sqrt(S)  = 13.6 TeV
  LOOP     = 3
  alphaS(MZ) =   0.11800
          kl =   0.00000
          kv =   1.20000
         k2v =   1.00000
         kth =   0.00000
         kbh =   1.00000
 --------------

  mH       = 125.0000      GeV
  fact_scale 1.0
  ren_scale  1.0
  Kqq      =   0.25894135231864962            +-    2.7456916389729526E-004
  Kgq      =   -7.7173332291484001E-002       +-    1.3976049936054375E-004
  K_nlo    =    1.1817680200271656            +-    3.0809288038636715E-004
  Kqq2     =    5.7937590303605770E-002       +-    2.2867600716985486E-004
  Kgq2     =   -4.0005663469228660E-002       +-    1.4668700621524604E-004
  Kqqs     =    1.9929535156932646E-003       +-    3.6859964629168454E-006
  Kgg      =    1.5583211235042653E-003       +-    2.7375628153602208E-006
  Kgghhz   =    7.9667476503588130E-002       +-    1.8851662953172981E-004
  K_nnlo   =    1.2032512215007400            +-    4.1079447149687900E-004
  K_nnlo2  =    1.2829186980043281            +-    4.5198519602128960E-004
  sig_LO   = (  0.23995110408948533            +-    1.5328329308524668E-004 ) fb
  sig_NLO  = (  0.28356654118316343            +-    1.7017932542760840E-004 ) fb
  sig_NNLO = (  0.28872145909612451            +-    1.8224140187816454E-004 ) fb
  sig_HHZ  = (  0.30783775804318358            +-    1.8777143894279790E-004 ) fb

  pp ---> HHZ + X
  ===============

  PDFSET = PDF4LHC21_40                                NSET =  33
  Sqrt(S)  = 13.6 TeV
  LOOP     = 3
  alphaS(MZ) =   0.11800
          kl =   0.00000
          kv =   1.20000
         k2v =   1.00000
         kth =   0.00000
         kbh =   1.00000
 --------------

  mH       = 125.0000      GeV
  fact_scale 1.0
  ren_scale  1.0
  Kqq      =   0.25894151783542785            +-    2.7437703477618293E-004
  Kgq      =   -7.7118941841921085E-002       +-    1.3953944361656058E-004
  K_nlo    =    1.1818225759935068            +-    3.0782139876459205E-004
  Kqq2     =    5.7936925922467762E-002       +-    2.2854373472411995E-004
  Kgq2     =   -3.9980352436438597E-002       +-    1.4645648990851417E-004
  Kqqs     =    1.9904850298391881E-003       +-    3.6787948851774075E-006
  Kgg      =    1.5582378446387653E-003       +-    2.7382187149641380E-006
  Kgghhz   =    7.9659183083159057E-002       +-    1.8862567035972226E-004
  K_nnlo   =    1.2033278723540139            +-    4.1043487550267925E-004
  K_nnlo2  =    1.2829870554371730            +-    4.5170391911909997E-004
  sig_LO   = (  0.23955530673965011            +-    1.5283408468812088E-004 ) fb
  sig_NLO  = (  0.28311186970396796            +-    1.6969349384650186E-004 ) fb
  sig_NNLO = (  0.28826357757013632            +-    1.8172904038990048E-004 ) fb
  sig_HHZ  = (  0.30734635760825246            +-    1.8726250038481285E-004 ) fb

  pp ---> HHZ + X
  ===============

  PDFSET = PDF4LHC21_40                                NSET =  34
  Sqrt(S)  = 13.6 TeV
  LOOP     = 3
  alphaS(MZ) =   0.11800
          kl =   0.00000
          kv =   1.20000
         k2v =   1.00000
         kth =   0.00000
         kbh =   1.00000
 --------------

  mH       = 125.0000      GeV
  fact_scale 1.0
  ren_scale  1.0
  Kqq      =   0.25880300960016533            +-    2.7329476916168724E-004
  Kgq      =   -7.7159924186926743E-002       +-    1.3940991475389989E-004
  K_nlo    =    1.1816430854132387            +-    3.0679823203993457E-004
  Kqq2     =    5.7890937776258887E-002       +-    2.2764170738726213E-004
  Kgq2     =   -3.9999599615066959E-002       +-    1.4619712919828061E-004
  Kqqs     =    1.9911575518772326E-003       +-    3.6707233095018886E-006
  Kgg      =    1.5627458410083905E-003       +-    2.7463746756012225E-006
  Kgghhz   =    7.9933393685113166E-002       +-    1.8855078889529574E-004
  K_nnlo   =    1.2030883269673160            +-    4.0907275574683519E-004
  K_nnlo2  =    1.2830217206524293            +-    4.5043525559990111E-004
  sig_LO   = (  0.24055416944061350            +-    1.5323510187497446E-004 ) fb
  sig_NLO  = (  0.28424917098682551            +-    1.7008136790360210E-004 ) fb
  sig_NNLO = (  0.28940791325732002            +-    1.8211088534573859E-004 ) fb
  sig_HHZ  = (  0.30863622438581201            +-    1.8767419332106194E-004 ) fb

  pp ---> HHZ + X
  ===============

  PDFSET = PDF4LHC21_40                                NSET =  35
  Sqrt(S)  = 13.6 TeV
  LOOP     = 3
  alphaS(MZ) =   0.11800
          kl =   0.00000
          kv =   1.20000
         k2v =   1.00000
         kth =   0.00000
         kbh =   1.00000
 --------------

  mH       = 125.0000      GeV
  fact_scale 1.0
  ren_scale  1.0
  Kqq      =   0.25891784346579499            +-    2.7461460325413307E-004
  Kgq      =   -7.7120312641597563E-002       +-    1.3959013517213034E-004
  K_nlo    =    1.1817975308241975            +-    3.0805614124344047E-004
  Kqq2     =    5.7928549026123849E-002       +-    2.2871452207297443E-004
  Kgq2     =   -3.9980286157056635E-002       +-    1.4651455231599349E-004
  Kqqs     =    1.9890296334416830E-003       +-    3.6772131529843484E-006
  Kgg      =    1.5604173703479580E-003       +-    2.7404831273503944E-006
  Kgghhz   =    7.9777774050000569E-002       +-    1.8861337402038443E-004
  K_nnlo   =    1.2032952406970545            +-    4.1072675217176615E-004
  K_nnlo2  =    1.2830730147470550            +-    4.5196401384282891E-004
  sig_LO   = (  0.23971901391319198            +-    1.5313974948100262E-004 ) fb
  sig_NLO  = (  0.28329933873422170            +-    1.7001514532182714E-004 ) fb
  sig_NNLO = (  0.28845274854633485            +-    1.8206031945138532E-004 ) fb
  sig_HHZ  = (  0.30757699787379045            +-    1.8759073774663102E-004 ) fb

  pp ---> HHZ + X
  ===============

  PDFSET = PDF4LHC21_40                                NSET =  36
  Sqrt(S)  = 13.6 TeV
  LOOP     = 3
  alphaS(MZ) =   0.11800
          kl =   0.00000
          kv =   1.20000
         k2v =   1.00000
         kth =   0.00000
         kbh =   1.00000
 --------------

  mH       = 125.0000      GeV
  fact_scale 1.0
  ren_scale  1.0
  Kqq      =   0.25893318054664194            +-    2.7454057367470961E-004
  Kgq      =   -7.7302176837571762E-002       +-    1.3994953785204317E-004
  K_nlo    =    1.1816310037090703            +-    3.0815320822382997E-004
  Kqq2     =    5.7932688334686497E-002       +-    2.2865578186618955E-004
  Kgq2     =   -4.0071798733691960E-002       +-    1.4687673065943724E-004
  Kqqs     =    1.9885293222738900E-003       +-    3.6753628865247537E-006
  Kgg      =    1.5691929929150946E-003       +-    2.7595142327227351E-006
  Kgghhz   =    8.0226078348588928E-002       +-    1.9029398514320322E-004
  K_nnlo   =    1.2030496156252537            +-    4.1089629292539342E-004
  K_nnlo2  =    1.2832756939738426            +-    4.5282177986655231E-004
  sig_LO   = (  0.23939063742789801            +-    1.5288270364252984E-004 ) fb
  sig_NLO  = (  0.28287139918248122            +-    1.6974977287981637E-004 ) fb
  sig_NNLO = (  0.28799881434191715            +-    1.8179312498507435E-004 ) fb
  sig_HHZ  = (  0.30720418637612634            +-    1.8741387816119135E-004 ) fb

  pp ---> HHZ + X
  ===============

  PDFSET = PDF4LHC21_40                                NSET =  37
  Sqrt(S)  = 13.6 TeV
  LOOP     = 3
  alphaS(MZ) =   0.11800
          kl =   0.00000
          kv =   1.20000
         k2v =   1.00000
         kth =   0.00000
         kbh =   1.00000
 --------------

  mH       = 125.0000      GeV
  fact_scale 1.0
  ren_scale  1.0
  Kqq      =   0.25877235426498618            +-    2.7431166501936771E-004
  Kgq      =   -7.6955272633762298E-002       +-    1.3924561349987495E-004
  K_nlo    =    1.1818170816312239            +-    3.0763002201452050E-004
  Kqq2     =    5.7871028625832807E-002       +-    2.2848669382394783E-004
  Kgq2     =   -3.9894560320014573E-002       +-    1.4613604512579039E-004
  Kqqs     =    1.9861042232813863E-003       +-    3.6704424687128688E-006
  Kgg      =    1.5553381943689010E-003       +-    2.7316749125991065E-006
  Kgghhz   =    7.9512059580888708E-002       +-    1.8809430800153615E-004
  K_nnlo   =    1.2033349923546925            +-    4.1014519085319550E-004
  K_nnlo2  =    1.2828470519355812            +-    4.5121895603196998E-004
  sig_LO   = (  0.24031417100236871            +-    1.5354565123159236E-004 ) fb
  sig_NLO  = (  0.28400739224864630            +-    1.7041594575381550E-004 ) fb
  sig_NNLO = (  0.28917845112585960            +-    1.8245840696313805E-004 ) fb
  sig_HHZ  = (  0.30828632580873183            +-    1.8797411113868556E-004 ) fb

  pp ---> HHZ + X
  ===============

  PDFSET = PDF4LHC21_40                                NSET =  38
  Sqrt(S)  = 13.6 TeV
  LOOP     = 3
  alphaS(MZ) =   0.11800
          kl =   0.00000
          kv =   1.20000
         k2v =   1.00000
         kth =   0.00000
         kbh =   1.00000
 --------------

  mH       = 125.0000      GeV
  fact_scale 1.0
  ren_scale  1.0
  Kqq      =   0.25880677461180612            +-    2.7440429508450599E-004
  Kgq      =   -7.6983877881405177E-002       +-    1.3929258400848709E-004
  K_nlo    =    1.1818228967304010            +-    3.0773388035864051E-004
  Kqq2     =    5.7884102648332575E-002       +-    2.2858022689899025E-004
  Kgq2     =   -3.9908179265734992E-002       +-    1.4619067584155284E-004
  Kqqs     =    1.9879516975908171E-003       +-    3.6735964049329906E-006
  Kgg      =    1.5541439561853080E-003       +-    2.7290455280945408E-006
  Kgghhz   =    7.9445733013470743E-002       +-    1.8793150904213650E-004
  K_nnlo   =    1.2033409157667747            +-    4.1029467209900575E-004
  K_nnlo2  =    1.2827866487802455            +-    4.5128701515076333E-004
  sig_LO   = (  0.24046349765120065            +-    1.5356215065706548E-004 ) fb
  sig_NLO  = (  0.28418526735206595            +-    1.7046158326155649E-004 ) fb
  sig_NNLO = (  0.28935956547207747            +-    1.8252480847541662E-004 ) fb
  sig_HHZ  = (  0.30846336430596011            +-    1.8803590662889349E-004 ) fb

  pp ---> HHZ + X
  ===============

  PDFSET = PDF4LHC21_40                                NSET =  39
  Sqrt(S)  = 13.6 TeV
  LOOP     = 3
  alphaS(MZ) =   0.11800
          kl =   0.00000
          kv =   1.20000
         k2v =   1.00000
         kth =   0.00000
         kbh =   1.00000
 --------------

  mH       = 125.0000      GeV
  fact_scale 1.0
  ren_scale  1.0
  Kqq      =   0.25882780128433780            +-    2.7449038673602294E-004
  Kgq      =   -7.7197179717153050E-002       +-    1.3986373141604153E-004
  K_nlo    =    1.1816306215671846            +-    3.0806953074932617E-004
  Kqq2     =    5.7887703680135065E-002       +-    2.2864172955454226E-004
  Kgq2     =   -4.0011706703673683E-002       +-    1.4674183612407968E-004
  Kqqs     =    1.9865351188510802E-003       +-    3.6762036330725454E-006
  Kgg      =    1.5653764505200304E-003       +-    2.7513936026284640E-006
  Kgghhz   =    8.0053522123550991E-002       +-    1.8917800668648616E-004
  K_nnlo   =    1.2030585301130172            +-    4.1077746698033122E-004
  K_nnlo2  =    1.2831120522365682            +-    4.5224600119033592E-004
  sig_LO   = (  0.23956596607130073            +-    1.5299116055677217E-004 ) fb
  sig_NLO  = (  0.28307848139517416            +-    1.6986222149324067E-004 ) fb
  sig_NNLO = (  0.28821187900684403            +-    1.8190791312806335E-004 ) fb
  sig_HHZ  = (  0.30738997837178278            +-    1.8746852195617727E-004 ) fb

  pp ---> HHZ + X
  ===============

  PDFSET = PDF4LHC21_40                                NSET =  40
  Sqrt(S)  = 13.6 TeV
  LOOP     = 3
  alphaS(MZ) =   0.11800
          kl =   0.00000
          kv =   1.20000
         k2v =   1.00000
         kth =   0.00000
         kbh =   1.00000
 --------------

  mH       = 125.0000      GeV
  fact_scale 1.0
  ren_scale  1.0
  Kqq      =   0.25893373055733399            +-    2.7450929254934248E-004
  Kgq      =   -7.7120081229929680E-002       +-    1.3952207957580257E-004
  K_nlo    =    1.1818136493274043            +-    3.0793142480931869E-004
  Kqq2     =    5.7934070643772047E-002       +-    2.2863015029958206E-004
  Kgq2     =   -3.9982554891129542E-002       +-    1.4644996355392124E-004
  Kqqs     =    1.9903972726514115E-003       +-    3.6761195144516105E-006
  Kgg      =    1.5590937162739123E-003       +-    2.7378966513903682E-006
  Kgghhz   =    7.9701937044384399E-002       +-    1.8857892146937317E-004
  K_nnlo   =    1.2033146560689723            +-    4.1056316172887413E-004
  K_nnlo2  =    1.2830165931133566            +-    4.5180097320763008E-004
  sig_LO   = (  0.23968406040241710            +-    1.5312167094054681E-004 ) fb
  sig_NLO  = (  0.28326189410979052            +-    1.6998120270833819E-004 ) fb
  sig_NNLO = (  0.28841534270834923            +-    1.8201614721268815E-004 ) fb
  sig_HHZ  = (  0.30751862660108509            +-    1.8754428846426665E-004 ) fb

  pp ---> HHZ + X
  ===============

  PDFSET = PDF4LHC21_40                                NSET =  41
  Sqrt(S)  = 13.6 TeV
  LOOP     = 3
  alphaS(MZ) =   0.11700
          kl =   0.00000
          kv =   1.20000
         k2v =   1.00000
         kth =   0.00000
         kbh =   1.00000
 --------------

  mH       = 125.0000      GeV
  fact_scale 1.0
  ren_scale  1.0
  Kqq      =   0.25693874069564054            +-    2.7253858121361197E-004
  Kgq      =   -7.5580853285702576E-002       +-    1.3679842842829774E-004
  K_nlo    =    1.1813578874099380            +-    3.0494440193317319E-004
  Kqq2     =    5.7061072322768691E-002       +-    2.2556347058873009E-004
  Kgq2     =   -3.8925030631957881E-002       +-    1.4264963685128133E-004
  Kqqs     =    1.9572646926536695E-003       +-    3.6207995192999197E-006
  Kgg      =    1.5008663787494307E-003       +-    2.6347907963197065E-006
  Kgghhz   =    7.6589304391084120E-002       +-    1.8120890540667116E-004
  K_nnlo   =    1.2029520601721517            +-    4.0526403583332601E-004
  K_nnlo2  =    1.2795413645632359            +-    4.4393198368511281E-004
  sig_LO   = (  0.24071729989232360            +-    1.5375077090028680E-004 ) fb
  sig_NLO  = (  0.28437328086381991            +-    1.7037503127321910E-004 ) fb
  sig_NNLO = (  0.28957137182454845            +-    1.8208815184685590E-004 ) fb
  sig_HHZ  = (  0.30800774237820150            +-    1.8723997910301222E-004 ) fb

  pp ---> HHZ + X
  ===============

  PDFSET = PDF4LHC21_40                                NSET =  42
  Sqrt(S)  = 13.6 TeV
  LOOP     = 3
  alphaS(MZ) =   0.11900
          kl =   0.00000
          kv =   1.20000
         k2v =   1.00000
         kth =   0.00000
         kbh =   1.00000
 --------------

  mH       = 125.0000      GeV
  fact_scale 1.0
  ren_scale  1.0
  Kqq      =   0.26069407319105181            +-    2.7623469452727541E-004
  Kgq      =   -7.6277833879983173E-002       +-    1.3817255586604616E-004
  K_nlo    =    1.1844162393110687            +-    3.0886447133837328E-004
  Kqq2     =    5.8719966553103867E-002       +-    2.3157560555100420E-004
  Kgq2     =   -3.9806581159909704E-002       +-    1.4590513876057589E-004
  Kqqs     =    2.0185536918131790E-003       +-    3.7282830061457417E-006
  Kgg      =    1.5316091487314332E-003       +-    2.6989776138925782E-006
  Kgghhz   =    7.8229240796946792E-002       +-    1.8443567003797811E-004
  K_nnlo   =    1.2068797875448074            +-    4.1271541869976732E-004
  K_nnlo2  =    1.2851090283417541            +-    4.5205147186452361E-004
  sig_LO   = (  0.24083811662023341            +-    1.5371399919246432E-004 ) fb
  sig_NLO  = (  0.28525257637009743            +-    1.7076686084989385E-004 ) fb
  sig_NNLO = (  0.29066265501931882            +-    1.8305156993718991E-004 ) fb
  sig_HHZ  = (  0.30950323803748619            +-    1.8836384260880287E-004 ) fb

