  pp ---> HHW- + X
  ===============

  PDFSET = PDF4LHC21_40                                NSET =   0
  Sqrt(S)  = 13.6 TeV
  LOOP     = 3
  alphaS(MZ) =   0.11800
          kl =   1.00000
          kv =   1.00000
         k2v =   1.00000
         kth =   1.00000
         kbh =   1.00000
        cHsq =   1.20000
       chdup =   0.00000
         cHw =   0.00000
          cH =   0.00000
         cHb =   0.00000
        cHwb =   0.00000
      cHq1st =   0.00000
      cHq3st =   0.00000
      cHq1rd =   0.00000
      cHq3rd =   0.00000
       cHdst =   0.00000
       cHust =   0.00000
       cHdrd =   0.00000
       cHurd =   0.00000
         cth =   0.00000
         cbh =   0.00000
 --------------

  mH       = 125.0000      GeV
  fact_scale 0.5
  ren_scale  0.5
  Kqq      =   0.20981777478946947            +-    1.9474103999810475E-004
  Kgq      =   -3.8075769672408707E-002       +-    1.8435904171673520E-004
  K_nlo    =    1.1717420051170606            +-    2.6816474213113166E-004
  Kqq2     =    2.6034051597751830E-002       +-    1.8852280830708383E-004
  Kgq2     =   -2.6409706197203543E-002       +-    1.7560809829518344E-004
  Kqqs     =    1.5025728616111693E-003       +-    4.4216068621196746E-006
  Kgg      =    5.7299601525652281E-004       +-    3.0786974858901316E-006
  K_nnlo   =    1.1734419193944765            +-    3.7191452155912037E-004
  sig_LO   = (  0.31224247226640434            +-    1.7831295429493655E-004 ) fb
  sig_NLO  = (  0.36586762053614480            +-    1.9699398004263522E-004 ) fb
  sig_NNLO = (  0.36639840597276613            +-    2.1279358114063385E-004 ) fb

  mH       = 125.0000      GeV
  fact_scale 1.0
  ren_scale  0.5
  Kqq      =   0.28748095925826522            +-    2.5246124802156069E-004
  Kgq      =  -0.11254949915905443            +-    1.8339191468733687E-004
  K_nlo    =    1.1749314600992107            +-    3.1204050398192127E-004
  Kqq2     =    4.7289641928658394E-002       +-    2.7786087656342341E-004
  Kgq2     =   -5.4708708189546477E-002       +-    2.3405265449590994E-004
  Kqqs     =    2.7066687350906929E-003       +-    5.0288744122961602E-006
  Kgg      =    2.2295463613189893E-003       +-    3.6843983804868842E-006
  K_nnlo   =    1.1724486089347321            +-    4.7895245306371284E-004
  sig_LO   = (  0.30883544273829894            +-    1.7636048126386903E-004 ) fb
  sig_NLO  = (  0.36286047766689578            +-    2.0097272386658871E-004 ) fb
  sig_NNLO = (  0.36209368522826080            +-    2.3017950398598481E-004 ) fb

  mH       = 125.0000      GeV
  fact_scale 0.5
  ren_scale  1.0
  Kqq      =   0.19277816213790763            +-    1.7901937834366549E-004
  Kgq      =   -3.4986256582609766E-002       +-    1.6928521346384556E-004
  K_nlo    =    1.1577919055552979            +-    2.4638470187909845E-004
  Kqq2     =    3.6879440388091329E-002       +-    1.3486223260056530E-004
  Kgq2     =   -2.5000098785154808E-002       +-    1.4901365363362192E-004
  Kqqs     =    1.2660914681228480E-003       +-    3.7222999329374665E-006
  Kgg      =    4.8293366468144720E-004       +-    2.5923176923169792E-006
  K_nnlo   =    1.1714202722910387            +-    3.1799196168945984E-004
  sig_LO   = (  0.31224247226640434            +-    1.7831295429493655E-004 ) fb
  sig_NLO  = (  0.36151180696061752            +-    1.9420094403789457E-004 ) fb
  sig_NNLO = (  0.36576716188313846            +-    2.0409343982298885E-004 ) fb

  mH       = 125.0000      GeV
  fact_scale 1.0
  ren_scale  1.0
  Kqq      =   0.26413493261954019            +-    2.3205772920990747E-004
  Kgq      =  -0.10335410866850682            +-    1.6832637926793723E-004
  K_nlo    =    1.1607808239510333            +-    2.8667849525821113E-004
  Kqq2     =    6.0352866200216529E-002       +-    2.0118357613356294E-004
  Kgq2     =   -5.4141171955967390E-002       +-    1.7852740687903786E-004
  Kqqs     =    2.2834519980152912E-003       +-    4.2401770248112578E-006
  Kgg      =    1.8780514623161916E-003       +-    3.1013194828242533E-006
  K_nnlo   =    1.1711540216556140            +-    3.9313995375704456E-004
  sig_LO   = (  0.30883544273829894            +-    1.7636048126386903E-004 ) fb
  sig_NLO  = (  0.35849025968704484            +-    1.9733658465572455E-004 ) fb
  sig_NNLO = (  0.36169387079275089            +-    2.1411388451142985E-004 ) fb

  mH       = 125.0000      GeV
  fact_scale 1.5
  ren_scale  1.0
  Kqq      =   0.30682526344536531            +-    2.7956091891039096E-004
  Kgq      =  -0.14172178238245653            +-    1.6734400235588259E-004
  K_nlo    =    1.1651034810629088            +-    3.2581946305662563E-004
  Kqq2     =    7.4101046458989142E-002       +-    2.5828252198187822E-004
  Kgq2     =   -7.4477804544261519E-002       +-    2.0649568899558455E-004
  Kqqs     =    4.0570927959773014E-003       +-    5.0305417080123384E-006
  Kgg      =    3.1338017891042072E-003       +-    3.5735571241722834E-006
  K_nnlo   =    1.1719176175627180            +-    4.6427010446719929E-004
  sig_LO   = (  0.30647961142106422            +-    1.7508675898397468E-004 ) fb
  sig_NLO  = (  0.35708046214148953            +-    2.0156090419597885E-004 ) fb
  sig_NNLO = (  0.35916885604812115            +-    2.2561388277840693E-004 ) fb

  mH       = 125.0000      GeV
  fact_scale 2.0
  ren_scale  1.0
  Kqq      =   0.33769080850165945            +-    3.1059108593946153E-004
  Kgq      =  -0.16812429038891283            +-    1.8697935327467336E-004
  K_nlo    =    1.1695665181127466            +-    3.6253013835551532E-004
  Kqq2     =    8.3860146441086886E-002       +-    3.0733899956037251E-004
  Kgq2     =   -9.0334449409953554E-002       +-    2.3622214321333132E-004
  Kqqs     =    5.8170409241187831E-003       +-    5.9008985222117820E-006
  Kgg      =    4.1936061905715168E-003       +-    4.1395228269338559E-006
  K_nnlo   =    1.1731028622585700            +-    5.3079018365427924E-004
  sig_LO   = (  0.30468617017078686            +-    1.7403042280728293E-004 ) fb
  sig_NLO  = (  0.35635074316375498            +-    2.0612505919133015E-004 ) fb
  sig_NNLO = (  0.35742821831795185            +-    2.3757394374420093E-004 ) fb

  mH       = 125.0000      GeV
  fact_scale 1.0
  ren_scale  1.5
  Kqq      =   0.25218777435110334            +-    2.2161226962445353E-004
  Kgq      =   -9.8652158235429277E-002       +-    1.6062733923480257E-004
  K_nlo    =    1.1535356161156742            +-    2.7370264916100801E-004
  Kqq2     =    6.5960746823608543E-002       +-    1.8275611481753182E-004
  Kgq2     =   -5.3634038946598121E-002       +-    1.5843352035465016E-004
  Kqqs     =    2.0808981623461824E-003       +-    3.8629070269532015E-006
  Kgg      =    1.7101127334454380E-003       +-    2.8228631143495734E-006
  K_nnlo   =    1.1696533348884761            +-    3.6529030734442063E-004
  sig_LO   = (  0.30883544273829894            +-    1.7636048126386903E-004 ) fb
  sig_NLO  = (  0.35625268271748062            +-    1.9557143073531522E-004 ) fb
  sig_NNLO = (  0.36123040553061037            +-    2.0935651870706873E-004 ) fb

  mH       = 125.0000      GeV
  fact_scale 1.5
  ren_scale  1.5
  Kqq      =   0.29294494781477437            +-    2.6693466355767070E-004
  Kgq      =  -0.13526763417240281            +-    1.5976075941403429E-004
  K_nlo    =    1.1576773136423715            +-    3.1109100735507574E-004
  Kqq2     =    8.0254423758114118E-002       +-    2.2652372015810604E-004
  Kgq2     =   -7.3811285337647053E-002       +-    1.9069404380318475E-004
  Kqqs     =    3.6970282428570624E-003       +-    4.5835703778909991E-006
  Kgg      =    2.8532929562652114E-003       +-    3.2547027181733456E-006
  K_nnlo   =    1.1706707732619608            +-    4.2951883684032700E-004
  sig_LO   = (  0.30647961142106422            +-    1.7508675898397468E-004 ) fb
  sig_NLO  = (  0.35480449323609553            +-    1.9936316248289797E-004 ) fb
  sig_NNLO = (  0.35878672369132253            +-    2.1905281998083035E-004 ) fb

  mH       = 125.0000      GeV
  fact_scale 2.0
  ren_scale  1.5
  Kqq      =   0.32241305788886737            +-    2.9653211442664927E-004
  Kgq      =  -0.16046341338625544            +-    1.7851301842074327E-004
  K_nlo    =    1.1619496445026118            +-    3.4611875510007261E-004
  Kqq2     =    9.0419726854334762E-002       +-    2.6377196754518150E-004
  Kgq2     =   -8.9395129268364043E-002       +-    2.2304837189537620E-004
  Kqqs     =    5.3003990633673868E-003       +-    5.3760255233559768E-006
  Kgg      =    3.8180383811622963E-003       +-    3.7696999029986459E-006
  K_nnlo   =    1.1720926795331121            +-    4.8904757640504148E-004
  sig_LO   = (  0.30468617017078686            +-    1.7403042280728293E-004 ) fb
  sig_NLO  = (  0.35402998711480810            +-    2.0348929460941103E-004 ) fb
  sig_NNLO = (  0.35712042961215934            +-    2.2910562183969793E-004 ) fb

  mH       = 125.0000      GeV
  fact_scale 1.0
  ren_scale  2.0
  Kqq      =   0.24435787431508652            +-    2.1476536175372459E-004
  Kgq      =   -9.5571985025391160E-002       +-    1.5558618434909823E-004
  K_nlo    =    1.1487858892896954            +-    2.6520034194834621E-004
  Kqq2     =    6.9201809501006809E-002       +-    1.7964504800693201E-004
  Kgq2     =   -5.3227413121969942E-002       +-    1.4901524406793525E-004
  Kqqs     =    1.9532904270529558E-003       +-    3.6253152078877448E-006
  Kgg      =    1.6044140886611851E-003       +-    2.6476991392209278E-006
  K_nnlo   =    1.1683179901844463            +-    3.5331184643123324E-004
  sig_LO   = (  0.30883544273829894            +-    1.7636048126386903E-004 ) fb
  sig_NLO  = (  0.35478579873029353            +-    1.9445092998634451E-004 ) fb
  sig_NNLO = (  0.36081800375773310            +-    2.0738647665688627E-004 ) fb

  mH       = 125.0000      GeV
  fact_scale 1.5
  ren_scale  2.0
  Kqq      =   0.28384816320214334            +-    2.5865997706218144E-004
  Kgq      =  -0.13103998215772683            +-    1.5479189480134347E-004
  K_nlo    =    1.1528081810444164            +-    3.0143907250056092E-004
  Kqq2     =    8.3819840508588789E-002       +-    2.1913872389160799E-004
  Kgq2     =   -7.3253970407728922E-002       +-    1.8414734288875741E-004
  Kqqs     =    3.4702019262554617E-003       +-    4.3020384816039724E-006
  Kgg      =    2.6767650805382829E-003       +-    3.0539832874500078E-006
  K_nnlo   =    1.1695210181520701            +-    4.1572271164906014E-004
  sig_LO   = (  0.30647961142106422            +-    1.7508675898397468E-004 ) fb
  sig_NLO  = (  0.35331220336951663            +-    1.9796552332912630E-004 ) fb
  sig_NNLO = (  0.35843434719201378            +-    2.1653825904994394E-004 ) fb

  mH       = 125.0000      GeV
  fact_scale 2.0
  ren_scale  2.0
  Kqq      =   0.31240063754867053            +-    2.8731813995876772E-004
  Kgq      =  -0.15544555555906236            +-    1.7296571494540433E-004
  K_nlo    =    1.1569550819896082            +-    3.3536376085668661E-004
  Kqq2     =    9.4213960350724893E-002       +-    2.5061899296328628E-004
  Kgq2     =   -8.8634627252694803E-002       +-    2.1680396916748396E-004
  Kqqs     =    4.9749660197361779E-003       +-    5.0454492722162094E-006
  Kgg      =    3.5817036847439979E-003       +-    3.5369266614348540E-006
  K_nnlo   =    1.1710910847921185            +-    4.7150891739734346E-004
  sig_LO   = (  0.30468617017078686            +-    1.7403042280728293E-004 ) fb
  sig_NLO  = (  0.35250821299104246            +-    2.0181051384027553E-004 ) fb
  sig_NNLO = (  0.35681525754646287            +-    2.2566663257583079E-004 ) fb

  pp ---> HHW- + X
  ===============

  PDFSET = PDF4LHC21_40                                NSET =   1
  Sqrt(S)  = 13.6 TeV
  LOOP     = 3
  alphaS(MZ) =   0.11800
          kl =   1.00000
          kv =   1.00000
         k2v =   1.00000
         kth =   1.00000
         kbh =   1.00000
        cHsq =   1.20000
       chdup =   0.00000
         cHw =   0.00000
          cH =   0.00000
         cHb =   0.00000
        cHwb =   0.00000
      cHq1st =   0.00000
      cHq3st =   0.00000
      cHq1rd =   0.00000
      cHq3rd =   0.00000
       cHdst =   0.00000
       cHust =   0.00000
       cHdrd =   0.00000
       cHurd =   0.00000
         cth =   0.00000
         cbh =   0.00000
 --------------

  mH       = 125.0000      GeV
  fact_scale 1.0
  ren_scale  1.0
  Kqq      =   0.26438859052618968            +-    2.2954290428351933E-004
  Kgq      =  -0.10368335774397937            +-    1.6769053453414095E-004
  K_nlo    =    1.1607052327822103            +-    2.8427110348971252E-004
  Kqq2     =    6.0457822580044215E-002       +-    1.9944771515928957E-004
  Kgq2     =   -5.4330031192648849E-002       +-    1.7770887304012937E-004
  Kqqs     =    2.2916601843600247E-003       +-    4.2221935094504158E-006
  Kgg      =    1.8825067055717316E-003       +-    3.1067989714246123E-006
  K_nnlo   =    1.1710071910595374            +-    3.9012481853452086E-004
  sig_LO   = (  0.30815384612828961            +-    1.7263238960547303E-004 ) fb
  sig_NLO  = (  0.35767578170306980            +-    1.9358607315060104E-004 ) fb
  sig_NNLO = (  0.36085036976888130            +-    2.1036734741749542E-004 ) fb

  pp ---> HHW- + X
  ===============

  PDFSET = PDF4LHC21_40                                NSET =   2
  Sqrt(S)  = 13.6 TeV
  LOOP     = 3
  alphaS(MZ) =   0.11800
          kl =   1.00000
          kv =   1.00000
         k2v =   1.00000
         kth =   1.00000
         kbh =   1.00000
        cHsq =   1.20000
       chdup =   0.00000
         cHw =   0.00000
          cH =   0.00000
         cHb =   0.00000
        cHwb =   0.00000
      cHq1st =   0.00000
      cHq3st =   0.00000
      cHq1rd =   0.00000
      cHq3rd =   0.00000
       cHdst =   0.00000
       cHust =   0.00000
       cHdrd =   0.00000
       cHurd =   0.00000
         cth =   0.00000
         cbh =   0.00000
 --------------

  mH       = 125.0000      GeV
  fact_scale 1.0
  ren_scale  1.0
  Kqq      =   0.26411856073446632            +-    2.3276437545251112E-004
  Kgq      =  -0.10480903583878477            +-    1.7006245539889021E-004
  K_nlo    =    1.1593095248956815            +-    2.8827156158056432E-004
  Kqq2     =    6.0354518224137135E-002       +-    2.0159513098209610E-004
  Kgq2     =   -5.4920187651932705E-002       +-    1.8032814978598770E-004
  Kqqs     =    2.3219592950070680E-003       +-    4.3095852332989437E-006
  Kgg      =    1.8749125172410825E-003       +-    3.0814706680109373E-006
  K_nnlo   =    1.1689407272801340            +-    3.9533201191325763E-004
  sig_LO   = (  0.30804741734456942            +-    1.7647736459114034E-004 ) fb
  sig_NLO  = (  0.35712230504707448            +-    1.9755994755424897E-004 ) fb
  sig_NNLO = (  0.36008917206752800            +-    2.1441752133635376E-004 ) fb

  pp ---> HHW- + X
  ===============

  PDFSET = PDF4LHC21_40                                NSET =   3
  Sqrt(S)  = 13.6 TeV
  LOOP     = 3
  alphaS(MZ) =   0.11800
          kl =   1.00000
          kv =   1.00000
         k2v =   1.00000
         kth =   1.00000
         kbh =   1.00000
        cHsq =   1.20000
       chdup =   0.00000
         cHw =   0.00000
          cH =   0.00000
         cHb =   0.00000
        cHwb =   0.00000
      cHq1st =   0.00000
      cHq3st =   0.00000
      cHq1rd =   0.00000
      cHq3rd =   0.00000
       cHdst =   0.00000
       cHust =   0.00000
       cHdrd =   0.00000
       cHurd =   0.00000
         cth =   0.00000
         cbh =   0.00000
 --------------

  mH       = 125.0000      GeV
  fact_scale 1.0
  ren_scale  1.0
  Kqq      =   0.26433710781028019            +-    2.3452531531862456E-004
  Kgq      =  -0.10384448255328070            +-    1.6845078114389173E-004
  K_nlo    =    1.1604926252569994            +-    2.8875212413640800E-004
  Kqq2     =    6.0431334175975182E-002       +-    2.0282228614457618E-004
  Kgq2     =   -5.4404561043582988E-002       +-    1.7860594604689257E-004
  Kqqs     =    2.2909861239649599E-003       +-    4.2528206289186276E-006
  Kgg      =    1.8826349072981854E-003       +-    3.1067363960758816E-006
  K_nnlo   =    1.1706930194206548            +-    3.9552811683601187E-004
  sig_LO   = (  0.30722657386407709            +-    1.7824060575311404E-004 ) fb
  sig_NLO  = (  0.35653417325223630            +-    1.9909693691036380E-004 ) fb
  sig_NNLO = (  0.35966800540319921            +-    2.1572212133421048E-004 ) fb

  pp ---> HHW- + X
  ===============

  PDFSET = PDF4LHC21_40                                NSET =   4
  Sqrt(S)  = 13.6 TeV
  LOOP     = 3
  alphaS(MZ) =   0.11800
          kl =   1.00000
          kv =   1.00000
         k2v =   1.00000
         kth =   1.00000
         kbh =   1.00000
        cHsq =   1.20000
       chdup =   0.00000
         cHw =   0.00000
          cH =   0.00000
         cHb =   0.00000
        cHwb =   0.00000
      cHq1st =   0.00000
      cHq3st =   0.00000
      cHq1rd =   0.00000
      cHq3rd =   0.00000
       cHdst =   0.00000
       cHust =   0.00000
       cHdrd =   0.00000
       cHurd =   0.00000
         cth =   0.00000
         cbh =   0.00000
 --------------

  mH       = 125.0000      GeV
  fact_scale 1.0
  ren_scale  1.0
  Kqq      =   0.26469115823782674            +-    2.3162126833224818E-004
  Kgq      =  -0.10446608142141164            +-    1.7033051194501950E-004
  K_nlo    =    1.1602250768164153            +-    2.8750807857048428E-004
  Kqq2     =    6.0574649844779234E-002       +-    2.0092076737419679E-004
  Kgq2     =   -5.4721028124469627E-002       +-    1.8068099198674474E-004
  Kqqs     =    2.3005855638822234E-003       +-    4.2706705558279057E-006
  Kgg      =    1.9099520025565302E-003       +-    3.1624868958436327E-006
  K_nnlo   =    1.1702892361031636            +-    3.9459334867836379E-004
  sig_LO   = (  0.30450359936423510            +-    1.7325784517072042E-004 ) fb
  sig_NLO  = (  0.35329271196324452            +-    1.9412058360770523E-004 ) fb
  sig_NNLO = (  0.35635728469063438            +-    2.1084479542428093E-004 ) fb

  pp ---> HHW- + X
  ===============

  PDFSET = PDF4LHC21_40                                NSET =   5
  Sqrt(S)  = 13.6 TeV
  LOOP     = 3
  alphaS(MZ) =   0.11800
          kl =   1.00000
          kv =   1.00000
         k2v =   1.00000
         kth =   1.00000
         kbh =   1.00000
        cHsq =   1.20000
       chdup =   0.00000
         cHw =   0.00000
          cH =   0.00000
         cHb =   0.00000
        cHwb =   0.00000
      cHq1st =   0.00000
      cHq3st =   0.00000
      cHq1rd =   0.00000
      cHq3rd =   0.00000
       cHdst =   0.00000
       cHust =   0.00000
       cHdrd =   0.00000
       cHurd =   0.00000
         cth =   0.00000
         cbh =   0.00000
 --------------

  mH       = 125.0000      GeV
  fact_scale 1.0
  ren_scale  1.0
  Kqq      =   0.26431232824961753            +-    2.3324276215177584E-004
  Kgq      =  -0.10337771572756754            +-    1.6813686054392455E-004
  K_nlo    =    1.1609346125220501            +-    2.8752772035015511E-004
  Kqq2     =    6.0425133899649680E-002       +-    2.0187560150770076E-004
  Kgq2     =   -5.4155998155984472E-002       +-    1.7826836209579113E-004
  Kqqs     =    2.2844935469539564E-003       +-    4.2416917038024194E-006
  Kgg      =    1.8725682671095539E-003       +-    3.0931725956592251E-006
  K_nnlo   =    1.1713608100797788            +-    3.9399634140862996E-004
  sig_LO   = (  0.30777783138130166            +-    1.7699268752047838E-004 ) fb
  sig_NLO  = (  0.35730993741752826            +-    1.9788308662240558E-004 ) fb
  sig_NNLO = (  0.36051888989139902            +-    2.1454884979862208E-004 ) fb

  pp ---> HHW- + X
  ===============

  PDFSET = PDF4LHC21_40                                NSET =   6
  Sqrt(S)  = 13.6 TeV
  LOOP     = 3
  alphaS(MZ) =   0.11800
          kl =   1.00000
          kv =   1.00000
         k2v =   1.00000
         kth =   1.00000
         kbh =   1.00000
        cHsq =   1.20000
       chdup =   0.00000
         cHw =   0.00000
          cH =   0.00000
         cHb =   0.00000
        cHwb =   0.00000
      cHq1st =   0.00000
      cHq3st =   0.00000
      cHq1rd =   0.00000
      cHq3rd =   0.00000
       cHdst =   0.00000
       cHust =   0.00000
       cHdrd =   0.00000
       cHurd =   0.00000
         cth =   0.00000
         cbh =   0.00000
 --------------

  mH       = 125.0000      GeV
  fact_scale 1.0
  ren_scale  1.0
  Kqq      =   0.26415961213059341            +-    2.3235547976661620E-004
  Kgq      =  -0.10367421969731561            +-    1.6834233637887528E-004
  K_nlo    =    1.1604853924332779            +-    2.8692893056482261E-004
  Kqq2     =    6.0361572627323730E-002       +-    2.0145440847557926E-004
  Kgq2     =   -5.4311400531991190E-002       +-    1.7856387608997042E-004
  Kqqs     =    2.2863558407577016E-003       +-    4.2396710012380421E-006
  Kgg      =    1.8825259418274150E-003       +-    3.1117314346776514E-006
  K_nnlo   =    1.1707044463111955            +-    3.9347783344975478E-004
  sig_LO   = (  0.30914659747342649            +-    1.7708851737490103E-004 ) fb
  sig_NLO  = (  0.35876011048836193            +-    1.9806206955661496E-004 ) fb
  sig_NNLO = (  0.36191929622411778            +-    2.1484226832525655E-004 ) fb

  pp ---> HHW- + X
  ===============

  PDFSET = PDF4LHC21_40                                NSET =   7
  Sqrt(S)  = 13.6 TeV
  LOOP     = 3
  alphaS(MZ) =   0.11800
          kl =   1.00000
          kv =   1.00000
         k2v =   1.00000
         kth =   1.00000
         kbh =   1.00000
        cHsq =   1.20000
       chdup =   0.00000
         cHw =   0.00000
          cH =   0.00000
         cHb =   0.00000
        cHwb =   0.00000
      cHq1st =   0.00000
      cHq3st =   0.00000
      cHq1rd =   0.00000
      cHq3rd =   0.00000
       cHdst =   0.00000
       cHust =   0.00000
       cHdrd =   0.00000
       cHurd =   0.00000
         cth =   0.00000
         cbh =   0.00000
 --------------

  mH       = 125.0000      GeV
  fact_scale 1.0
  ren_scale  1.0
  Kqq      =   0.26437614007903532            +-    2.3522190088786819E-004
  Kgq      =  -0.10345537102042164            +-    1.6834417223026842E-004
  K_nlo    =    1.1609207690586139            +-    2.8925612004103966E-004
  Kqq2     =    6.0443213551404716E-002       +-    2.0278858867741370E-004
  Kgq2     =   -5.4197895734530835E-002       +-    1.7851266722272515E-004
  Kqqs     =    2.2854888288613212E-003       +-    4.2569005986816520E-006
  Kgg      =    1.8733251962821515E-003       +-    3.0886545376444480E-006
  K_nnlo   =    1.1713249009006312            +-    3.9583676942333824E-004
  sig_LO   = (  0.30785658188408138            +-    1.7933247264980055E-004 ) fb
  sig_NLO  = (  0.35739709980062384            +-    2.0022470241995912E-004 ) fb
  sig_NNLO = (  0.36060008026697865            +-    2.1681842185575058E-004 ) fb

  pp ---> HHW- + X
  ===============

  PDFSET = PDF4LHC21_40                                NSET =   8
  Sqrt(S)  = 13.6 TeV
  LOOP     = 3
  alphaS(MZ) =   0.11800
          kl =   1.00000
          kv =   1.00000
         k2v =   1.00000
         kth =   1.00000
         kbh =   1.00000
        cHsq =   1.20000
       chdup =   0.00000
         cHw =   0.00000
          cH =   0.00000
         cHb =   0.00000
        cHwb =   0.00000
      cHq1st =   0.00000
      cHq3st =   0.00000
      cHq1rd =   0.00000
      cHq3rd =   0.00000
       cHdst =   0.00000
       cHust =   0.00000
       cHdrd =   0.00000
       cHurd =   0.00000
         cth =   0.00000
         cbh =   0.00000
 --------------

  mH       = 125.0000      GeV
  fact_scale 1.0
  ren_scale  1.0
  Kqq      =   0.26386672637941505            +-    2.3229733353514499E-004
  Kgq      =  -0.10340289697056657            +-    1.6903058480842713E-004
  K_nlo    =    1.1604638294088485            +-    2.8728625057286903E-004
  Kqq2     =    6.0242612974187572E-002       +-    2.0133666034793222E-004
  Kgq2     =   -5.4141190298729117E-002       +-    1.7920461648463426E-004
  Kqqs     =    2.2915167292216405E-003       +-    4.2614906682685308E-006
  Kgg      =    1.8758181307313316E-003       +-    3.1143420843917203E-006
  K_nnlo   =    1.1707325869442597            +-    3.9396953507475055E-004
  sig_LO   = (  0.30943837905179533            +-    1.7707968915608920E-004 ) fb
  sig_NLO  = (  0.35909204632051323            +-    1.9814126920680221E-004 ) fb
  sig_NNLO = (  0.36226959400714692            +-    2.1498626085285079E-004 ) fb

  pp ---> HHW- + X
  ===============

  PDFSET = PDF4LHC21_40                                NSET =   9
  Sqrt(S)  = 13.6 TeV
  LOOP     = 3
  alphaS(MZ) =   0.11800
          kl =   1.00000
          kv =   1.00000
         k2v =   1.00000
         kth =   1.00000
         kbh =   1.00000
        cHsq =   1.20000
       chdup =   0.00000
         cHw =   0.00000
          cH =   0.00000
         cHb =   0.00000
        cHwb =   0.00000
      cHq1st =   0.00000
      cHq3st =   0.00000
      cHq1rd =   0.00000
      cHq3rd =   0.00000
       cHdst =   0.00000
       cHust =   0.00000
       cHdrd =   0.00000
       cHurd =   0.00000
         cth =   0.00000
         cbh =   0.00000
 --------------

  mH       = 125.0000      GeV
  fact_scale 1.0
  ren_scale  1.0
  Kqq      =   0.26419547639854413            +-    2.3087278372312480E-004
  Kgq      =  -0.10359540241911194            +-    1.6811224306641939E-004
  K_nlo    =    1.1606000739794322            +-    2.8559406249585730E-004
  Kqq2     =    6.0375834009942946E-002       +-    2.0038978050219546E-004
  Kgq2     =   -5.4269049441055955E-002       +-    1.7832548179673658E-004
  Kqqs     =    2.2893613457179987E-003       +-    4.2390282269034946E-006
  Kgg      =    1.8768193071535860E-003       +-    3.0984428746957700E-006
  K_nnlo   =    1.1708730392011908            +-    3.9185147674750467E-004
  sig_LO   = (  0.30990979865706314            +-    1.7561581561640867E-004 ) fb
  sig_NLO  = (  0.35968133524833845            +-    1.9665871779040543E-004 ) fb
  sig_NNLO = (  0.36286502783182473            +-    2.1351405397024279E-004 ) fb

  pp ---> HHW- + X
  ===============

  PDFSET = PDF4LHC21_40                                NSET =  10
  Sqrt(S)  = 13.6 TeV
  LOOP     = 3
  alphaS(MZ) =   0.11800
          kl =   1.00000
          kv =   1.00000
         k2v =   1.00000
         kth =   1.00000
         kbh =   1.00000
        cHsq =   1.20000
       chdup =   0.00000
         cHw =   0.00000
          cH =   0.00000
         cHb =   0.00000
        cHwb =   0.00000
      cHq1st =   0.00000
      cHq3st =   0.00000
      cHq1rd =   0.00000
      cHq3rd =   0.00000
       cHdst =   0.00000
       cHust =   0.00000
       cHdrd =   0.00000
       cHurd =   0.00000
         cth =   0.00000
         cbh =   0.00000
 --------------

  mH       = 125.0000      GeV
  fact_scale 1.0
  ren_scale  1.0
  Kqq      =   0.26408053667936321            +-    2.3175473758120719E-004
  Kgq      =  -0.10293802720783114            +-    1.6801071478880937E-004
  K_nlo    =    1.1611425094715322            +-    2.8624789724150088E-004
  Kqq2     =    6.0330324442995784E-002       +-    2.0102748141803567E-004
  Kgq2     =   -5.3927312751164379E-002       +-    1.7825299400596223E-004
  Kqqs     =    2.2809537211039847E-003       +-    4.2396716927372368E-006
  Kgg      =    1.8682107040477959E-003       +-    3.0941688095156273E-006
  K_nnlo   =    1.1716946855885153            +-    3.9262142775099923E-004
  sig_LO   = (  0.30855562005666282            +-    1.7593019556753030E-004 ) fb
  sig_NLO  = (  0.35827704698413804            +-    1.9685643561950892E-004 ) fb
  sig_NNLO = (  0.36153298022886088            +-    2.1360636117350923E-004 ) fb

  pp ---> HHW- + X
  ===============

  PDFSET = PDF4LHC21_40                                NSET =  11
  Sqrt(S)  = 13.6 TeV
  LOOP     = 3
  alphaS(MZ) =   0.11800
          kl =   1.00000
          kv =   1.00000
         k2v =   1.00000
         kth =   1.00000
         kbh =   1.00000
        cHsq =   1.20000
       chdup =   0.00000
         cHw =   0.00000
          cH =   0.00000
         cHb =   0.00000
        cHwb =   0.00000
      cHq1st =   0.00000
      cHq3st =   0.00000
      cHq1rd =   0.00000
      cHq3rd =   0.00000
       cHdst =   0.00000
       cHust =   0.00000
       cHdrd =   0.00000
       cHurd =   0.00000
         cth =   0.00000
         cbh =   0.00000
 --------------

  mH       = 125.0000      GeV
  fact_scale 1.0
  ren_scale  1.0
  Kqq      =   0.26412910374710435            +-    2.3236703409080928E-004
  Kgq      =  -0.10347200585637560            +-    1.6852136686483485E-004
  K_nlo    =    1.1606570978907287            +-    2.8704335843588439E-004
  Kqq2     =    6.0349917530983656E-002       +-    2.0141112825939499E-004
  Kgq2     =   -5.4207349437886278E-002       +-    1.7874781541874269E-004
  Kqqs     =    2.2841747813706877E-003       +-    4.2440763732977392E-006
  Kgg      =    1.8823634944308810E-003       +-    3.1088035849674565E-006
  K_nnlo   =    1.1709662042596276            +-    3.9362264997055144E-004
  sig_LO   = (  0.30816778098958536            +-    1.7635628504552268E-004 ) fb
  sig_NLO  = (  0.35767712234679783            +-    1.9729741813479139E-004 ) fb
  sig_NNLO = (  0.36085405678048704            +-    2.1404595410326040E-004 ) fb

  pp ---> HHW- + X
  ===============

  PDFSET = PDF4LHC21_40                                NSET =  12
  Sqrt(S)  = 13.6 TeV
  LOOP     = 3
  alphaS(MZ) =   0.11800
          kl =   1.00000
          kv =   1.00000
         k2v =   1.00000
         kth =   1.00000
         kbh =   1.00000
        cHsq =   1.20000
       chdup =   0.00000
         cHw =   0.00000
          cH =   0.00000
         cHb =   0.00000
        cHwb =   0.00000
      cHq1st =   0.00000
      cHq3st =   0.00000
      cHq1rd =   0.00000
      cHq3rd =   0.00000
       cHdst =   0.00000
       cHust =   0.00000
       cHdrd =   0.00000
       cHurd =   0.00000
         cth =   0.00000
         cbh =   0.00000
 --------------

  mH       = 125.0000      GeV
  fact_scale 1.0
  ren_scale  1.0
  Kqq      =   0.26388630101379834            +-    2.3114144954350255E-004
  Kgq      =  -0.10303774935539678            +-    1.6789271112352671E-004
  K_nlo    =    1.1608485516584017            +-    2.8568222231262398E-004
  Kqq2     =    6.0244174797150218E-002       +-    2.0075922948293827E-004
  Kgq2     =   -5.3973867545165227E-002       +-    1.7810721134392990E-004
  Kqqs     =    2.2804483583667976E-003       +-    4.2367765320461784E-006
  Kgg      =    1.8707665572221411E-003       +-    3.0889023502640994E-006
  K_nnlo   =    1.1712700738259756            +-    3.9200544727578196E-004
  sig_LO   = (  0.31136504926253922            +-    1.7705914735258055E-004 ) fb
  sig_NLO  = (  0.36144766647346549            +-    1.9814717701563782E-004 ) fb
  sig_NNLO = (  0.36469256423656277            +-    2.1505302361296666E-004 ) fb

  pp ---> HHW- + X
  ===============

  PDFSET = PDF4LHC21_40                                NSET =  13
  Sqrt(S)  = 13.6 TeV
  LOOP     = 3
  alphaS(MZ) =   0.11800
          kl =   1.00000
          kv =   1.00000
         k2v =   1.00000
         kth =   1.00000
         kbh =   1.00000
        cHsq =   1.20000
       chdup =   0.00000
         cHw =   0.00000
          cH =   0.00000
         cHb =   0.00000
        cHwb =   0.00000
      cHq1st =   0.00000
      cHq3st =   0.00000
      cHq1rd =   0.00000
      cHq3rd =   0.00000
       cHdst =   0.00000
       cHust =   0.00000
       cHdrd =   0.00000
       cHurd =   0.00000
         cth =   0.00000
         cbh =   0.00000
 --------------

  mH       = 125.0000      GeV
  fact_scale 1.0
  ren_scale  1.0
  Kqq      =   0.26407227747024792            +-    2.3120402674427343E-004
  Kgq      =  -0.10274238465990101            +-    1.6713102006431072E-004
  K_nlo    =    1.1613298928103470            +-    2.8528596153772398E-004
  Kqq2     =    6.0322706026402717E-002       +-    2.0063105007314672E-004
  Kgq2     =   -5.3824901269883256E-002       +-    1.7724874169939666E-004
  Kqqs     =    2.2736277604109853E-003       +-    4.2172768907171558E-006
  Kgg      =    1.8689009371834647E-003       +-    3.0851768047722034E-006
  K_nnlo   =    1.1719702262644609            +-    3.9126118933299059E-004
  sig_LO   = (  0.30901413167273123            +-    1.7561413009538950E-004 ) fb
  sig_NLO  = (  0.35886734841237539            +-    1.9649948791317456E-004 ) fb
  sig_NNLO = (  0.36215536181540670            +-    2.1320975340157204E-004 ) fb

  pp ---> HHW- + X
  ===============

  PDFSET = PDF4LHC21_40                                NSET =  14
  Sqrt(S)  = 13.6 TeV
  LOOP     = 3
  alphaS(MZ) =   0.11800
          kl =   1.00000
          kv =   1.00000
         k2v =   1.00000
         kth =   1.00000
         kbh =   1.00000
        cHsq =   1.20000
       chdup =   0.00000
         cHw =   0.00000
          cH =   0.00000
         cHb =   0.00000
        cHwb =   0.00000
      cHq1st =   0.00000
      cHq3st =   0.00000
      cHq1rd =   0.00000
      cHq3rd =   0.00000
       cHdst =   0.00000
       cHust =   0.00000
       cHdrd =   0.00000
       cHurd =   0.00000
         cth =   0.00000
         cbh =   0.00000
 --------------

  mH       = 125.0000      GeV
  fact_scale 1.0
  ren_scale  1.0
  Kqq      =   0.26430113257535043            +-    2.3478771727443982E-004
  Kgq      =  -0.10353148596076703            +-    1.6847575240758542E-004
  K_nlo    =    1.1607696466145834            +-    2.8897984589283096E-004
  Kqq2     =    6.0415012714986706E-002       +-    2.0305245023477555E-004
  Kgq2     =   -5.4239657273915595E-002       +-    1.7868532431374271E-004
  Kqqs     =    2.2861218401428029E-003       +-    4.2577440852205120E-006
  Kgg      =    1.8765832077878863E-003       +-    3.0955735849449808E-006
  K_nnlo   =    1.1711077071035851            +-    3.9584820949981921E-004
  sig_LO   = (  0.30814412602873015            +-    1.7917438048408775E-004 ) fb
  sig_NLO  = (  0.35768434827672868            +-    2.0008224698348751E-004 ) fb
  sig_NNLO = (  0.36086996089094425            +-    2.1675369530523396E-004 ) fb

  pp ---> HHW- + X
  ===============

  PDFSET = PDF4LHC21_40                                NSET =  15
  Sqrt(S)  = 13.6 TeV
  LOOP     = 3
  alphaS(MZ) =   0.11800
          kl =   1.00000
          kv =   1.00000
         k2v =   1.00000
         kth =   1.00000
         kbh =   1.00000
        cHsq =   1.20000
       chdup =   0.00000
         cHw =   0.00000
          cH =   0.00000
         cHb =   0.00000
        cHwb =   0.00000
      cHq1st =   0.00000
      cHq3st =   0.00000
      cHq1rd =   0.00000
      cHq3rd =   0.00000
       cHdst =   0.00000
       cHust =   0.00000
       cHdrd =   0.00000
       cHurd =   0.00000
         cth =   0.00000
         cbh =   0.00000
 --------------

  mH       = 125.0000      GeV
  fact_scale 1.0
  ren_scale  1.0
  Kqq      =   0.26428287938017847            +-    2.3232591053892033E-004
  Kgq      =  -0.10304381596657021            +-    1.6742076138602451E-004
  K_nlo    =    1.1612390634136083            +-    2.8636522144075832E-004
  Kqq2     =    6.0414683828870087E-002       +-    2.0134542930132240E-004
  Kgq2     =   -5.3995985790806479E-002       +-    1.7757825749013833E-004
  Kqqs     =    2.2810368309564826E-003       +-    4.2334615806403927E-006
  Kgg      =    1.8674469674214496E-003       +-    3.0778561503907221E-006
  K_nnlo   =    1.1718062452500497            +-    3.9256395005147826E-004
  sig_LO   = (  0.30818881376409041            +-    1.7623336746414882E-004 ) fb
  sig_NLO  = (  0.35788088944996327            +-    1.9709659255736145E-004 ) fb
  sig_NNLO = (  0.36113757668496566            +-    2.1376455283346726E-004 ) fb

  pp ---> HHW- + X
  ===============

  PDFSET = PDF4LHC21_40                                NSET =  16
  Sqrt(S)  = 13.6 TeV
  LOOP     = 3
  alphaS(MZ) =   0.11800
          kl =   1.00000
          kv =   1.00000
         k2v =   1.00000
         kth =   1.00000
         kbh =   1.00000
        cHsq =   1.20000
       chdup =   0.00000
         cHw =   0.00000
          cH =   0.00000
         cHb =   0.00000
        cHwb =   0.00000
      cHq1st =   0.00000
      cHq3st =   0.00000
      cHq1rd =   0.00000
      cHq3rd =   0.00000
       cHdst =   0.00000
       cHust =   0.00000
       cHdrd =   0.00000
       cHurd =   0.00000
         cth =   0.00000
         cbh =   0.00000
 --------------

  mH       = 125.0000      GeV
  fact_scale 1.0
  ren_scale  1.0
  Kqq      =   0.26404417792924484            +-    2.3211008448351095E-004
  Kgq      =  -0.10273265014222428            +-    1.6749039222444651E-004
  K_nlo    =    1.1613115277870205            +-    2.8623089072712178E-004
  Kqq2     =    6.0315924762332322E-002       +-    2.0123472647547573E-004
  Kgq2     =   -5.3818344646560941E-002       +-    1.7766887041191417E-004
  Kqqs     =    2.2678584465827063E-003       +-    4.2130988003948049E-006
  Kgg      =    1.8839718602100719E-003       +-    3.1163501360877762E-006
  K_nnlo   =    1.1719609382095848            +-    3.9245028640481227E-004
  sig_LO   = (  0.30874960330981227            +-    1.7644121119296348E-004 ) fb
  sig_NLO  = (  0.35855447352335462            +-    1.9733577287878612E-004 ) fb
  sig_NNLO = (  0.36184247476680464            +-    2.1404064129040205E-004 ) fb

  pp ---> HHW- + X
  ===============

  PDFSET = PDF4LHC21_40                                NSET =  17
  Sqrt(S)  = 13.6 TeV
  LOOP     = 3
  alphaS(MZ) =   0.11800
          kl =   1.00000
          kv =   1.00000
         k2v =   1.00000
         kth =   1.00000
         kbh =   1.00000
        cHsq =   1.20000
       chdup =   0.00000
         cHw =   0.00000
          cH =   0.00000
         cHb =   0.00000
        cHwb =   0.00000
      cHq1st =   0.00000
      cHq3st =   0.00000
      cHq1rd =   0.00000
      cHq3rd =   0.00000
       cHdst =   0.00000
       cHust =   0.00000
       cHdrd =   0.00000
       cHurd =   0.00000
         cth =   0.00000
         cbh =   0.00000
 --------------

  mH       = 125.0000      GeV
  fact_scale 1.0
  ren_scale  1.0
  Kqq      =   0.26411461323748636            +-    2.3172063869482149E-004
  Kgq      =  -0.10285783688403291            +-    1.6712142988541153E-004
  K_nlo    =    1.1612567763534534            +-    2.8569918922545181E-004
  Kqq2     =    6.0340418098471543E-002       +-    2.0094599718185798E-004
  Kgq2     =   -5.3881963377532670E-002       +-    1.7721197423180369E-004
  Kqqs     =    2.2788591994067713E-003       +-    4.2264226549242587E-006
  Kgg      =    1.8582041945171524E-003       +-    3.0658361092474187E-006
  K_nnlo   =    1.1718522944683161            +-    3.9170737332622690E-004
  sig_LO   = (  0.31158977188491654            +-    1.7758520983135126E-004 ) fb
  sig_NLO  = (  0.36183573404378611            +-    1.9864852235763802E-004 ) fb
  sig_NNLO = (  0.36513718911619869            +-    2.1548364245224552E-004 ) fb

  pp ---> HHW- + X
  ===============

  PDFSET = PDF4LHC21_40                                NSET =  18
  Sqrt(S)  = 13.6 TeV
  LOOP     = 3
  alphaS(MZ) =   0.11800
          kl =   1.00000
          kv =   1.00000
         k2v =   1.00000
         kth =   1.00000
         kbh =   1.00000
        cHsq =   1.20000
       chdup =   0.00000
         cHw =   0.00000
          cH =   0.00000
         cHb =   0.00000
        cHwb =   0.00000
      cHq1st =   0.00000
      cHq3st =   0.00000
      cHq1rd =   0.00000
      cHq3rd =   0.00000
       cHdst =   0.00000
       cHust =   0.00000
       cHdrd =   0.00000
       cHurd =   0.00000
         cth =   0.00000
         cbh =   0.00000
 --------------

  mH       = 125.0000      GeV
  fact_scale 1.0
  ren_scale  1.0
  Kqq      =   0.26428141062525651            +-    2.3251140640035065E-004
  Kgq      =  -0.10325430436890227            +-    1.6764260362119409E-004
  K_nlo    =    1.1610271062563542            +-    2.8664541973518750E-004
  Kqq2     =    6.0412187846004349E-002       +-    2.0142450969264875E-004
  Kgq2     =   -5.4097751857773081E-002       +-    1.7776554069666038E-004
  Kqqs     =    2.2870659194611075E-003       +-    4.2427419905730899E-006
  Kgg      =    1.8670561361161400E-003       +-    3.0764064816107887E-006
  K_nnlo   =    1.1714956643001628            +-    3.9289372908676010E-004
  sig_LO   = (  0.30917702591748458            +-    1.7696599892377549E-004 ) fb
  sig_NLO  = (  0.35896290772192296            +-    1.9791717905791716E-004 ) fb
  sig_NNLO = (  0.36219954536355226            +-    2.1464582019818754E-004 ) fb

  pp ---> HHW- + X
  ===============

  PDFSET = PDF4LHC21_40                                NSET =  19
  Sqrt(S)  = 13.6 TeV
  LOOP     = 3
  alphaS(MZ) =   0.11800
          kl =   1.00000
          kv =   1.00000
         k2v =   1.00000
         kth =   1.00000
         kbh =   1.00000
        cHsq =   1.20000
       chdup =   0.00000
         cHw =   0.00000
          cH =   0.00000
         cHb =   0.00000
        cHwb =   0.00000
      cHq1st =   0.00000
      cHq3st =   0.00000
      cHq1rd =   0.00000
      cHq3rd =   0.00000
       cHdst =   0.00000
       cHust =   0.00000
       cHdrd =   0.00000
       cHurd =   0.00000
         cth =   0.00000
         cbh =   0.00000
 --------------

  mH       = 125.0000      GeV
  fact_scale 1.0
  ren_scale  1.0
  Kqq      =   0.26421283454103495            +-    2.3177890508716098E-004
  Kgq      =  -0.10328715304476366            +-    1.6829850405150298E-004
  K_nlo    =    1.1609256814962714            +-    2.8643646295361375E-004
  Kqq2     =    6.0381480206435162E-002       +-    2.0109999834773160E-004
  Kgq2     =   -5.4111196171826748E-002       +-    1.7858446447316866E-004
  Kqqs     =    2.2797991892439585E-003       +-    4.2332518905745970E-006
  Kgg      =    1.8866989774894379E-003       +-    3.1200195284138360E-006
  K_nnlo   =    1.1713624636976132            +-    3.9294671717604384E-004
  sig_LO   = (  0.30793260000982631            +-    1.7573983660901192E-004 ) fb
  sig_NLO  = (  0.35748686352132630            +-    1.9663235082616269E-004 ) fb
  sig_NNLO = (  0.36070068900032176            +-    2.1336765783415993E-004 ) fb

  pp ---> HHW- + X
  ===============

  PDFSET = PDF4LHC21_40                                NSET =  20
  Sqrt(S)  = 13.6 TeV
  LOOP     = 3
  alphaS(MZ) =   0.11800
          kl =   1.00000
          kv =   1.00000
         k2v =   1.00000
         kth =   1.00000
         kbh =   1.00000
        cHsq =   1.20000
       chdup =   0.00000
         cHw =   0.00000
          cH =   0.00000
         cHb =   0.00000
        cHwb =   0.00000
      cHq1st =   0.00000
      cHq3st =   0.00000
      cHq1rd =   0.00000
      cHq3rd =   0.00000
       cHdst =   0.00000
       cHust =   0.00000
       cHdrd =   0.00000
       cHurd =   0.00000
         cth =   0.00000
         cbh =   0.00000
 --------------

  mH       = 125.0000      GeV
  fact_scale 1.0
  ren_scale  1.0
  Kqq      =   0.26414621974124652            +-    2.3239835400068346E-004
  Kgq      =  -0.10354231984721789            +-    1.6858264589275762E-004
  K_nlo    =    1.1606038998940287            +-    2.8710469072871294E-004
  Kqq2     =    6.0356142475383352E-002       +-    2.0138277867729441E-004
  Kgq2     =   -5.4237087740123438E-002       +-    1.7880149229826381E-004
  Kqqs     =    2.2862081549799487E-003       +-    4.2469487104620216E-006
  Kgg      =    1.8780062990422161E-003       +-    3.1006320543090713E-006
  K_nnlo   =    1.1708871690833107            +-    3.9367721692623971E-004
  sig_LO   = (  0.30956718797542437            +-    1.7708659759895997E-004 ) fb
  sig_NLO  = (  0.35928488564350536            +-    1.9813883016792813E-004 ) fb
  sig_NNLO = (  0.36246824836962577            +-    2.1496941648991484E-004 ) fb

  pp ---> HHW- + X
  ===============

  PDFSET = PDF4LHC21_40                                NSET =  21
  Sqrt(S)  = 13.6 TeV
  LOOP     = 3
  alphaS(MZ) =   0.11800
          kl =   1.00000
          kv =   1.00000
         k2v =   1.00000
         kth =   1.00000
         kbh =   1.00000
        cHsq =   1.20000
       chdup =   0.00000
         cHw =   0.00000
          cH =   0.00000
         cHb =   0.00000
        cHwb =   0.00000
      cHq1st =   0.00000
      cHq3st =   0.00000
      cHq1rd =   0.00000
      cHq3rd =   0.00000
       cHdst =   0.00000
       cHust =   0.00000
       cHdrd =   0.00000
       cHurd =   0.00000
         cth =   0.00000
         cbh =   0.00000
 --------------

  mH       = 125.0000      GeV
  fact_scale 1.0
  ren_scale  1.0
  Kqq      =   0.26425586559242953            +-    2.3224358598379987E-004
  Kgq      =  -0.10384872465541235            +-    1.6898391294085669E-004
  K_nlo    =    1.1604071409370174            +-    2.8721533048118740E-004
  Kqq2     =    6.0406363046203893E-002       +-    2.0130564111147132E-004
  Kgq2     =   -5.4403677340944395E-002       +-    1.7922451206883340E-004
  Kqqs     =    2.2934125805025383E-003       +-    4.2571632675287344E-006
  Kgg      =    1.8876688942495697E-003       +-    3.1178154643815695E-006
  K_nnlo   =    1.1705909081170289            +-    3.9391100155414027E-004
  sig_LO   = (  0.30723823268826633            +-    1.7562008399492560E-004 ) fb
  sig_NLO  = (  0.35652143918033313            +-    1.9654346741674868E-004 ) fb
  sig_NNLO = (  0.35965028181082864            +-    2.1328232072178636E-004 ) fb

  pp ---> HHW- + X
  ===============

  PDFSET = PDF4LHC21_40                                NSET =  22
  Sqrt(S)  = 13.6 TeV
  LOOP     = 3
  alphaS(MZ) =   0.11800
          kl =   1.00000
          kv =   1.00000
         k2v =   1.00000
         kth =   1.00000
         kbh =   1.00000
        cHsq =   1.20000
       chdup =   0.00000
         cHw =   0.00000
          cH =   0.00000
         cHb =   0.00000
        cHwb =   0.00000
      cHq1st =   0.00000
      cHq3st =   0.00000
      cHq1rd =   0.00000
      cHq3rd =   0.00000
       cHdst =   0.00000
       cHust =   0.00000
       cHdrd =   0.00000
       cHurd =   0.00000
         cth =   0.00000
         cbh =   0.00000
 --------------

  mH       = 125.0000      GeV
  fact_scale 1.0
  ren_scale  1.0
  Kqq      =   0.26413572516355432            +-    2.3204227984620579E-004
  Kgq      =  -0.10343761695237494            +-    1.6857977566098114E-004
  K_nlo    =    1.1606981082111794            +-    2.8681485386592445E-004
  Kqq2     =    6.0352787402510044E-002       +-    2.0119032496234958E-004
  Kgq2     =   -5.4181239706570218E-002       +-    1.7877783758413305E-004
  Kqqs     =    2.2803235463039078E-003       +-    4.2340281737204846E-006
  Kgg      =    1.8907707552803727E-003       +-    3.1336066819858230E-006
  K_nnlo   =    1.1710407502087035            +-    3.9335679599221282E-004
  sig_LO   = (  0.30801712153024990            +-    1.7593694255726985E-004 ) fb
  sig_NLO  = (  0.35751489025681399            +-    1.9687165844010484E-004 ) fb
  sig_NNLO = (  0.36070060107390928            +-    2.1362047079446695E-004 ) fb

  pp ---> HHW- + X
  ===============

  PDFSET = PDF4LHC21_40                                NSET =  23
  Sqrt(S)  = 13.6 TeV
  LOOP     = 3
  alphaS(MZ) =   0.11800
          kl =   1.00000
          kv =   1.00000
         k2v =   1.00000
         kth =   1.00000
         kbh =   1.00000
        cHsq =   1.20000
       chdup =   0.00000
         cHw =   0.00000
          cH =   0.00000
         cHb =   0.00000
        cHwb =   0.00000
      cHq1st =   0.00000
      cHq3st =   0.00000
      cHq1rd =   0.00000
      cHq3rd =   0.00000
       cHdst =   0.00000
       cHust =   0.00000
       cHdrd =   0.00000
       cHurd =   0.00000
         cth =   0.00000
         cbh =   0.00000
 --------------

  mH       = 125.0000      GeV
  fact_scale 1.0
  ren_scale  1.0
  Kqq      =   0.26426646043706287            +-    2.3150484448127904E-004
  Kgq      =  -0.10358666139939852            +-    1.6861630403141814E-004
  K_nlo    =    1.1606797990376643            +-    2.8640173009867947E-004
  Kqq2     =    6.0403314964492465E-002       +-    2.0084333653676227E-004
  Kgq2     =   -5.4261831173306463E-002       +-    1.7881131515836020E-004
  Kqqs     =    2.2884856783358682E-003       +-    4.2474904622075916E-006
  Kgg      =    1.8800078334373002E-003       +-    3.1045798344863818E-006
  K_nnlo   =    1.1709897763406234            +-    3.9289332248661804E-004
  sig_LO   = (  0.30863820666941449            +-    1.7572116085515628E-004 ) fb
  sig_NLO  = (  0.35823013169240109            +-    1.9670159352589992E-004 ) fb
  sig_NNLO = (  0.36141218459798874            +-    2.1350028677111037E-004 ) fb

  pp ---> HHW- + X
  ===============

  PDFSET = PDF4LHC21_40                                NSET =  24
  Sqrt(S)  = 13.6 TeV
  LOOP     = 3
  alphaS(MZ) =   0.11800
          kl =   1.00000
          kv =   1.00000
         k2v =   1.00000
         kth =   1.00000
         kbh =   1.00000
        cHsq =   1.20000
       chdup =   0.00000
         cHw =   0.00000
          cH =   0.00000
         cHb =   0.00000
        cHwb =   0.00000
      cHq1st =   0.00000
      cHq3st =   0.00000
      cHq1rd =   0.00000
      cHq3rd =   0.00000
       cHdst =   0.00000
       cHust =   0.00000
       cHdrd =   0.00000
       cHurd =   0.00000
         cth =   0.00000
         cbh =   0.00000
 --------------

  mH       = 125.0000      GeV
  fact_scale 1.0
  ren_scale  1.0
  Kqq      =   0.26401658644682136            +-    2.2988314999759213E-004
  Kgq      =  -0.10335577442207210            +-    1.6829547254759602E-004
  K_nlo    =    1.1606608120247492            +-    2.8490284086480093E-004
  Kqq2     =    6.0303480970289758E-002       +-    1.9979590285878923E-004
  Kgq2     =   -5.4140892583317592E-002       +-    1.7858870321878250E-004
  Kqqs     =    2.2830256382230371E-003       +-    4.2301741163345258E-006
  Kgg      =    1.8745088941658134E-003       +-    3.0966169928127526E-006
  K_nnlo   =    1.1709809349441105            +-    3.9116421086190123E-004
  sig_LO   = (  0.30979754161825046            +-    1.7446339754133221E-004 ) fb
  sig_NLO  = (  0.35956986621790965            +-    1.9551903482152954E-004 ) fb
  sig_NNLO = (  0.36276701492752583            +-    2.1242053605260593E-004 ) fb

  pp ---> HHW- + X
  ===============

  PDFSET = PDF4LHC21_40                                NSET =  25
  Sqrt(S)  = 13.6 TeV
  LOOP     = 3
  alphaS(MZ) =   0.11800
          kl =   1.00000
          kv =   1.00000
         k2v =   1.00000
         kth =   1.00000
         kbh =   1.00000
        cHsq =   1.20000
       chdup =   0.00000
         cHw =   0.00000
          cH =   0.00000
         cHb =   0.00000
        cHwb =   0.00000
      cHq1st =   0.00000
      cHq3st =   0.00000
      cHq1rd =   0.00000
      cHq3rd =   0.00000
       cHdst =   0.00000
       cHust =   0.00000
       cHdrd =   0.00000
       cHurd =   0.00000
         cth =   0.00000
         cbh =   0.00000
 --------------

  mH       = 125.0000      GeV
  fact_scale 1.0
  ren_scale  1.0
  Kqq      =   0.26408048249732841            +-    2.3229361401412720E-004
  Kgq      =  -0.10362856172653066            +-    1.6909772470597256E-004
  K_nlo    =    1.1604519207707977            +-    2.8732275164435061E-004
  Kqq2     =    6.0330767160113735E-002       +-    2.0138269628631363E-004
  Kgq2     =   -5.4280466621334678E-002       +-    1.7937912235195153E-004
  Kqqs     =    2.2855793921646868E-003       +-    4.2490511921291976E-006
  Kgg      =    1.8859558690468444E-003       +-    3.1176337373761511E-006
  K_nnlo   =    1.1706737565707885            +-    3.9409896928048032E-004
  sig_LO   = (  0.30887919065791075            +-    1.7660622536617342E-004 ) fb
  sig_NLO  = (  0.35843945008510197            +-    1.9765113131965686E-004 ) fb
  sig_NNLO = (  0.36159676245404110            +-    2.1449405851580171E-004 ) fb

  pp ---> HHW- + X
  ===============

  PDFSET = PDF4LHC21_40                                NSET =  26
  Sqrt(S)  = 13.6 TeV
  LOOP     = 3
  alphaS(MZ) =   0.11800
          kl =   1.00000
          kv =   1.00000
         k2v =   1.00000
         kth =   1.00000
         kbh =   1.00000
        cHsq =   1.20000
       chdup =   0.00000
         cHw =   0.00000
          cH =   0.00000
         cHb =   0.00000
        cHwb =   0.00000
      cHq1st =   0.00000
      cHq3st =   0.00000
      cHq1rd =   0.00000
      cHq3rd =   0.00000
       cHdst =   0.00000
       cHust =   0.00000
       cHdrd =   0.00000
       cHurd =   0.00000
         cth =   0.00000
         cbh =   0.00000
 --------------

  mH       = 125.0000      GeV
  fact_scale 1.0
  ren_scale  1.0
  Kqq      =   0.26413852325536435            +-    2.3006897439922710E-004
  Kgq      =  -0.10356657290717598            +-    1.6704914344911856E-004
  K_nlo    =    1.1605719503481884            +-    2.8431874596691019E-004
  Kqq2     =    6.0359892411882714E-002       +-    1.9948260528827066E-004
  Kgq2     =   -5.4248566637464857E-002       +-    1.7697111439839372E-004
  Kqqs     =    2.2914802311349214E-003       +-    4.2187572747170760E-006
  Kgg      =    1.8742343892759459E-003       +-    3.0932710830696785E-006
  K_nnlo   =    1.1708489907430171            +-    3.8984176365692029E-004
  sig_LO   = (  0.30942596939442207            +-    1.7394538993966064E-004 ) fb
  sig_NLO  = (  0.35911110078846326            +-    1.9492743651908375E-004 ) fb
  sig_NNLO = (  0.36229108397513876            +-    2.1167879385800955E-004 ) fb

  pp ---> HHW- + X
  ===============

  PDFSET = PDF4LHC21_40                                NSET =  27
  Sqrt(S)  = 13.6 TeV
  LOOP     = 3
  alphaS(MZ) =   0.11800
          kl =   1.00000
          kv =   1.00000
         k2v =   1.00000
         kth =   1.00000
         kbh =   1.00000
        cHsq =   1.20000
       chdup =   0.00000
         cHw =   0.00000
          cH =   0.00000
         cHb =   0.00000
        cHwb =   0.00000
      cHq1st =   0.00000
      cHq3st =   0.00000
      cHq1rd =   0.00000
      cHq3rd =   0.00000
       cHdst =   0.00000
       cHust =   0.00000
       cHdrd =   0.00000
       cHurd =   0.00000
         cth =   0.00000
         cbh =   0.00000
 --------------

  mH       = 125.0000      GeV
  fact_scale 1.0
  ren_scale  1.0
  Kqq      =   0.26420435764578365            +-    2.3129932997598336E-004
  Kgq      =  -0.10339070226743263            +-    1.6821876511100370E-004
  K_nlo    =    1.1608136553783508            +-    2.8600163108417735E-004
  Kqq2     =    6.0382454538618666E-002       +-    2.0069861233920771E-004
  Kgq2     =   -5.4168675471668981E-002       +-    1.7842559444385529E-004
  Kqqs     =    2.2847865975874270E-003       +-    4.2357215577199883E-006
  Kgg      =    1.8826186123943481E-003       +-    3.1097380300108553E-006
  K_nnlo   =    1.1711948396552823            +-    3.9235210020855809E-004
  sig_LO   = (  0.30815372487853027            +-    1.7516296830715435E-004 ) fb
  sig_NLO  = (  0.35770905179470136            +-    1.9608517886713156E-004 ) fb
  sig_NNLO = (  0.36090805239828821            +-    2.1283802933983142E-004 ) fb

  pp ---> HHW- + X
  ===============

  PDFSET = PDF4LHC21_40                                NSET =  28
  Sqrt(S)  = 13.6 TeV
  LOOP     = 3
  alphaS(MZ) =   0.11800
          kl =   1.00000
          kv =   1.00000
         k2v =   1.00000
         kth =   1.00000
         kbh =   1.00000
        cHsq =   1.20000
       chdup =   0.00000
         cHw =   0.00000
          cH =   0.00000
         cHb =   0.00000
        cHwb =   0.00000
      cHq1st =   0.00000
      cHq3st =   0.00000
      cHq1rd =   0.00000
      cHq3rd =   0.00000
       cHdst =   0.00000
       cHust =   0.00000
       cHdrd =   0.00000
       cHurd =   0.00000
         cth =   0.00000
         cbh =   0.00000
 --------------

  mH       = 125.0000      GeV
  fact_scale 1.0
  ren_scale  1.0
  Kqq      =   0.26422458419651351            +-    2.3231209749653359E-004
  Kgq      =  -0.10373160735246363            +-    1.6888323539034704E-004
  K_nlo    =    1.1604929768440497            +-    2.8721152107662792E-004
  Kqq2     =    6.0389911355295305E-002       +-    2.0134104021749536E-004
  Kgq2     =   -5.4337412706677517E-002       +-    1.7908279348345229E-004
  Kqqs     =    2.2941649740218163E-003       +-    4.2624406504834778E-006
  Kgg      =    1.8712511567594247E-003       +-    3.0856219954604746E-006
  K_nnlo   =    1.1707108916234485            +-    3.9386166188174236E-004
  sig_LO   = (  0.30891318560359499            +-    1.7663089658444075E-004 ) fb
  sig_NLO  = (  0.35849158234749440            +-    1.9766213581467998E-004 ) fb
  sig_NNLO = (  0.36164803095222459            +-    2.1448038127034019E-004 ) fb

  pp ---> HHW- + X
  ===============

  PDFSET = PDF4LHC21_40                                NSET =  29
  Sqrt(S)  = 13.6 TeV
  LOOP     = 3
  alphaS(MZ) =   0.11800
          kl =   1.00000
          kv =   1.00000
         k2v =   1.00000
         kth =   1.00000
         kbh =   1.00000
        cHsq =   1.20000
       chdup =   0.00000
         cHw =   0.00000
          cH =   0.00000
         cHb =   0.00000
        cHwb =   0.00000
      cHq1st =   0.00000
      cHq3st =   0.00000
      cHq1rd =   0.00000
      cHq3rd =   0.00000
       cHdst =   0.00000
       cHust =   0.00000
       cHdrd =   0.00000
       cHurd =   0.00000
         cth =   0.00000
         cbh =   0.00000
 --------------

  mH       = 125.0000      GeV
  fact_scale 1.0
  ren_scale  1.0
  Kqq      =   0.26426658635081279            +-    2.3253566053550078E-004
  Kgq      =  -0.10377284766381013            +-    1.6888239728796959E-004
  K_nlo    =    1.1604937386870027            +-    2.8739188842835011E-004
  Kqq2     =    6.0407218928671610E-002       +-    2.0146463475345042E-004
  Kgq2     =   -5.4363654063444587E-002       +-    1.7913676561500937E-004
  Kqqs     =    2.2968509025752507E-003       +-    4.2645709604729962E-006
  Kgg      =    1.8746820538353146E-003       +-    3.0930104380109799E-006
  K_nnlo   =    1.1707088365086400            +-    3.9408099505660986E-004
  sig_LO   = (  0.30893784457978385            +-    1.7681979185205535E-004 ) fb
  sig_NLO  = (  0.35852043427829750            +-    1.9785912545999509E-004 ) fb
  sig_NNLO = (  0.36167626458148583            +-    2.1467989458136749E-004 ) fb

  pp ---> HHW- + X
  ===============

  PDFSET = PDF4LHC21_40                                NSET =  30
  Sqrt(S)  = 13.6 TeV
  LOOP     = 3
  alphaS(MZ) =   0.11800
          kl =   1.00000
          kv =   1.00000
         k2v =   1.00000
         kth =   1.00000
         kbh =   1.00000
        cHsq =   1.20000
       chdup =   0.00000
         cHw =   0.00000
          cH =   0.00000
         cHb =   0.00000
        cHwb =   0.00000
      cHq1st =   0.00000
      cHq3st =   0.00000
      cHq1rd =   0.00000
      cHq3rd =   0.00000
       cHdst =   0.00000
       cHust =   0.00000
       cHdrd =   0.00000
       cHurd =   0.00000
         cth =   0.00000
         cbh =   0.00000
 --------------

  mH       = 125.0000      GeV
  fact_scale 1.0
  ren_scale  1.0
  Kqq      =   0.26428352469487187            +-    2.3262209294179495E-004
  Kgq      =  -0.10358515066110077            +-    1.6838003742529963E-004
  K_nlo    =    1.1606983740337711            +-    2.8716698126345650E-004
  Kqq2     =    6.0411616931435361E-002       +-    2.0155089275622484E-004
  Kgq2     =   -5.4267500237086028E-002       +-    1.7858016767981289E-004
  Kqqs     =    2.2851730279906867E-003       +-    4.2427356535305523E-006
  Kgg      =    1.8798351246943380E-003       +-    3.0952619475001983E-006
  K_nnlo   =    1.1710074988808052            +-    3.9370813458664672E-004
  sig_LO   = (  0.30856698456626663            +-    1.7683922821448719E-004 ) fb
  sig_NLO  = (  0.35815319726656941            +-    1.9779759590955387E-004 ) fb
  sig_NNLO = (  0.36133425283413600            +-    2.1454789325365457E-004 ) fb

  pp ---> HHW- + X
  ===============

  PDFSET = PDF4LHC21_40                                NSET =  31
  Sqrt(S)  = 13.6 TeV
  LOOP     = 3
  alphaS(MZ) =   0.11800
          kl =   1.00000
          kv =   1.00000
         k2v =   1.00000
         kth =   1.00000
         kbh =   1.00000
        cHsq =   1.20000
       chdup =   0.00000
         cHw =   0.00000
          cH =   0.00000
         cHb =   0.00000
        cHwb =   0.00000
      cHq1st =   0.00000
      cHq3st =   0.00000
      cHq1rd =   0.00000
      cHq3rd =   0.00000
       cHdst =   0.00000
       cHust =   0.00000
       cHdrd =   0.00000
       cHurd =   0.00000
         cth =   0.00000
         cbh =   0.00000
 --------------

  mH       = 125.0000      GeV
  fact_scale 1.0
  ren_scale  1.0
  Kqq      =   0.26415032782438463            +-    2.3240717867016922E-004
  Kgq      =  -0.10316880478741959            +-    1.6830884296207462E-004
  K_nlo    =    1.1609815230369651            +-    2.8695115144682771E-004
  Kqq2     =    6.0361690985653901E-002       +-    2.0138512621029425E-004
  Kgq2     =   -5.4045755047174439E-002       +-    1.7853196412139332E-004
  Kqqs     =    2.2801476281490620E-003       +-    4.2387193894178631E-006
  Kgg      =    1.8752032722232322E-003       +-    3.0949431182925391E-006
  K_nnlo   =    1.1714528098758168            +-    3.9344394772750866E-004
  sig_LO   = (  0.30807002741869766            +-    1.7628632341552816E-004 ) fb
  sig_NLO  = (  0.35766360963459914            +-    1.9720956696948815E-004 ) fb
  sig_NNLO = (  0.36088949925815322            +-    2.1393530995625142E-004 ) fb

  pp ---> HHW- + X
  ===============

  PDFSET = PDF4LHC21_40                                NSET =  32
  Sqrt(S)  = 13.6 TeV
  LOOP     = 3
  alphaS(MZ) =   0.11800
          kl =   1.00000
          kv =   1.00000
         k2v =   1.00000
         kth =   1.00000
         kbh =   1.00000
        cHsq =   1.20000
       chdup =   0.00000
         cHw =   0.00000
          cH =   0.00000
         cHb =   0.00000
        cHwb =   0.00000
      cHq1st =   0.00000
      cHq3st =   0.00000
      cHq1rd =   0.00000
      cHq3rd =   0.00000
       cHdst =   0.00000
       cHust =   0.00000
       cHdrd =   0.00000
       cHurd =   0.00000
         cth =   0.00000
         cbh =   0.00000
 --------------

  mH       = 125.0000      GeV
  fact_scale 1.0
  ren_scale  1.0
  Kqq      =   0.26412925340739557            +-    2.3212669972054844E-004
  Kgq      =  -0.10340288992470371            +-    1.6854938485105875E-004
  K_nlo    =    1.1607263634826919            +-    2.8686529915070586E-004
  Kqq2     =    6.0348756486392714E-002       +-    2.0126063452200377E-004
  Kgq2     =   -5.4162992265981875E-002       +-    1.7883464826941452E-004
  Kqqs     =    2.2865313243393324E-003       +-    4.2525590818251328E-006
  Kgg      =    1.8748023381750672E-003       +-    3.0963216500806789E-006
  K_nnlo   =    1.1710734613656173            +-    3.9345526525028730E-004
  sig_LO   = (  0.30946666977462517            +-    1.7685363154458758E-004 ) fb
  sig_NLO  = (  0.35920612222659976            +-    1.9788444049590728E-004 ) fb
  sig_NNLO = (  0.36240820415026070            +-    2.1471613560556402E-004 ) fb

  pp ---> HHW- + X
  ===============

  PDFSET = PDF4LHC21_40                                NSET =  33
  Sqrt(S)  = 13.6 TeV
  LOOP     = 3
  alphaS(MZ) =   0.11800
          kl =   1.00000
          kv =   1.00000
         k2v =   1.00000
         kth =   1.00000
         kbh =   1.00000
        cHsq =   1.20000
       chdup =   0.00000
         cHw =   0.00000
          cH =   0.00000
         cHb =   0.00000
        cHwb =   0.00000
      cHq1st =   0.00000
      cHq3st =   0.00000
      cHq1rd =   0.00000
      cHq3rd =   0.00000
       cHdst =   0.00000
       cHust =   0.00000
       cHdrd =   0.00000
       cHurd =   0.00000
         cth =   0.00000
         cbh =   0.00000
 --------------

  mH       = 125.0000      GeV
  fact_scale 1.0
  ren_scale  1.0
  Kqq      =   0.26417307491309661            +-    2.3239897628880965E-004
  Kgq      =  -0.10342678463170284            +-    1.6832020975884361E-004
  K_nlo    =    1.1607462902813939            +-    2.8695117562635604E-004
  Kqq2     =    6.0367882335046710E-002       +-    2.0141630868951075E-004
  Kgq2     =   -5.4181398345681302E-002       +-    1.7850643451230221E-004
  Kqqs     =    2.2846221933532939E-003       +-    4.2421076990979836E-006
  Kgg      =    1.8777704372148726E-003       +-    3.1019634073278700E-006
  K_nnlo   =    1.1710951669013272            +-    3.9344843552422738E-004
  sig_LO   = (  0.30846334201886139            +-    1.7655043925517407E-004 ) fb
  sig_NLO  = (  0.35804767993619413            +-    1.9749625665420545E-004 ) fb
  sig_NNLO = (  0.36123992900451968            +-    2.1424140561863519E-004 ) fb

  pp ---> HHW- + X
  ===============

  PDFSET = PDF4LHC21_40                                NSET =  34
  Sqrt(S)  = 13.6 TeV
  LOOP     = 3
  alphaS(MZ) =   0.11800
          kl =   1.00000
          kv =   1.00000
         k2v =   1.00000
         kth =   1.00000
         kbh =   1.00000
        cHsq =   1.20000
       chdup =   0.00000
         cHw =   0.00000
          cH =   0.00000
         cHb =   0.00000
        cHwb =   0.00000
      cHq1st =   0.00000
      cHq3st =   0.00000
      cHq1rd =   0.00000
      cHq3rd =   0.00000
       cHdst =   0.00000
       cHust =   0.00000
       cHdrd =   0.00000
       cHurd =   0.00000
         cth =   0.00000
         cbh =   0.00000
 --------------

  mH       = 125.0000      GeV
  fact_scale 1.0
  ren_scale  1.0
  Kqq      =   0.26402114918861441            +-    2.3064992133018248E-004
  Kgq      =  -0.10342303813588449            +-    1.6771528177920994E-004
  K_nlo    =    1.1605981110527299            +-    2.8518029727156674E-004
  Kqq2     =    6.0305319321276911E-002       +-    2.0029782020565342E-004
  Kgq2     =   -5.4177448918004266E-002       +-    1.7779685658716275E-004
  Kqqs     =    2.2847603709187769E-003       +-    4.2273450635826298E-006
  Kgg      =    1.8809882656951424E-003       +-    3.1087897174130870E-006
  K_nnlo   =    1.1708917300926165            +-    3.9126241317446434E-004
  sig_LO   = (  0.31000923556775495            +-    1.7549310500182831E-004 ) fb
  sig_NLO  = (  0.35979613320883719            +-    1.9650419172353761E-004 ) fb
  sig_NNLO = (  0.36298725017861810            +-    2.1333142669628549E-004 ) fb

  pp ---> HHW- + X
  ===============

  PDFSET = PDF4LHC21_40                                NSET =  35
  Sqrt(S)  = 13.6 TeV
  LOOP     = 3
  alphaS(MZ) =   0.11800
          kl =   1.00000
          kv =   1.00000
         k2v =   1.00000
         kth =   1.00000
         kbh =   1.00000
        cHsq =   1.20000
       chdup =   0.00000
         cHw =   0.00000
          cH =   0.00000
         cHb =   0.00000
        cHwb =   0.00000
      cHq1st =   0.00000
      cHq3st =   0.00000
      cHq1rd =   0.00000
      cHq3rd =   0.00000
       cHdst =   0.00000
       cHust =   0.00000
       cHdrd =   0.00000
       cHurd =   0.00000
         cth =   0.00000
         cbh =   0.00000
 --------------

  mH       = 125.0000      GeV
  fact_scale 1.0
  ren_scale  1.0
  Kqq      =   0.26414592043804674            +-    2.3245184738168162E-004
  Kgq      =  -0.10341782097833285            +-    1.6852491034825769E-004
  K_nlo    =    1.1607280994597140            +-    2.8711410059250816E-004
  Kqq2     =    6.0358335763395443E-002       +-    2.0142969516791630E-004
  Kgq2     =   -5.4172920451839468E-002       +-    1.7875509366095809E-004
  Kqqs     =    2.2828165832516627E-003       +-    4.2402637116362887E-006
  Kgg      =    1.8811118691839427E-003       +-    3.1062671938007927E-006
  K_nnlo   =    1.1710774432237054            +-    3.9368698365128350E-004
  sig_LO   = (  0.30853966556625662            +-    1.7660081780826909E-004 ) fb
  sig_NLO  = (  0.35813065962065671            +-    1.9757364181432279E-004 ) fb
  sig_NNLO = (  0.36132384268442891            +-    2.1434163405136301E-004 ) fb

  pp ---> HHW- + X
  ===============

  PDFSET = PDF4LHC21_40                                NSET =  36
  Sqrt(S)  = 13.6 TeV
  LOOP     = 3
  alphaS(MZ) =   0.11800
          kl =   1.00000
          kv =   1.00000
         k2v =   1.00000
         kth =   1.00000
         kbh =   1.00000
        cHsq =   1.20000
       chdup =   0.00000
         cHw =   0.00000
          cH =   0.00000
         cHb =   0.00000
        cHwb =   0.00000
      cHq1st =   0.00000
      cHq3st =   0.00000
      cHq1rd =   0.00000
      cHq3rd =   0.00000
       cHdst =   0.00000
       cHust =   0.00000
       cHdrd =   0.00000
       cHurd =   0.00000
         cth =   0.00000
         cbh =   0.00000
 --------------

  mH       = 125.0000      GeV
  fact_scale 1.0
  ren_scale  1.0
  Kqq      =   0.26412188664209535            +-    2.3204173144230405E-004
  Kgq      =  -0.10352433193361155            +-    1.6871666208511358E-004
  K_nlo    =    1.1605975547084837            +-    2.8689488875873121E-004
  Kqq2     =    6.0347364441758068E-002       +-    2.0116774676311267E-004
  Kgq2     =   -5.4222531556377011E-002       +-    1.7889003558543761E-004
  Kqqs     =    2.2799022465357687E-003       +-    4.2324360392434308E-006
  Kgg      =    1.8896140757492887E-003       +-    3.1243733135759906E-006
  K_nnlo   =    1.1708919039161501            +-    3.9345452035631837E-004
  sig_LO   = (  0.30846390315358468            +-    1.7615288424244357E-004 ) fb
  sig_NLO  = (  0.35800245171588496            +-    1.9713322291994400E-004 ) fb
  sig_NNLO = (  0.36117788685290769            +-    2.1391510019356155E-004 ) fb

  pp ---> HHW- + X
  ===============

  PDFSET = PDF4LHC21_40                                NSET =  37
  Sqrt(S)  = 13.6 TeV
  LOOP     = 3
  alphaS(MZ) =   0.11800
          kl =   1.00000
          kv =   1.00000
         k2v =   1.00000
         kth =   1.00000
         kbh =   1.00000
        cHsq =   1.20000
       chdup =   0.00000
         cHw =   0.00000
          cH =   0.00000
         cHb =   0.00000
        cHwb =   0.00000
      cHq1st =   0.00000
      cHq3st =   0.00000
      cHq1rd =   0.00000
      cHq3rd =   0.00000
       cHdst =   0.00000
       cHust =   0.00000
       cHdrd =   0.00000
       cHurd =   0.00000
         cth =   0.00000
         cbh =   0.00000
 --------------

  mH       = 125.0000      GeV
  fact_scale 1.0
  ren_scale  1.0
  Kqq      =   0.26391334249535181            +-    2.3147436960962466E-004
  Kgq      =  -0.10286950569022428            +-    1.6752569028224387E-004
  K_nlo    =    1.1610438368051275            +-    2.8573631321677584E-004
  Kqq2     =    6.0262590732051417E-002       +-    2.0080118855812838E-004
  Kgq2     =   -5.3884579997644164E-002       +-    1.7766094111808153E-004
  Kqqs     =    2.2743925604634340E-003       +-    4.2214577042413528E-006
  Kgg      =    1.8688017900573570E-003       +-    3.0857139561824049E-006
  K_nnlo   =    1.1715650418900554            +-    3.9186363744522529E-004
  sig_LO   = (  0.31034333591558305            +-    1.7662798644849868E-004 ) fb
  sig_NLO  = (  0.36032221745833104            +-    1.9763841360545710E-004 ) fb
  sig_NNLO = (  0.36358740334223960            +-    2.1444577272347945E-004 ) fb

  pp ---> HHW- + X
  ===============

  PDFSET = PDF4LHC21_40                                NSET =  38
  Sqrt(S)  = 13.6 TeV
  LOOP     = 3
  alphaS(MZ) =   0.11800
          kl =   1.00000
          kv =   1.00000
         k2v =   1.00000
         kth =   1.00000
         kbh =   1.00000
        cHsq =   1.20000
       chdup =   0.00000
         cHw =   0.00000
          cH =   0.00000
         cHb =   0.00000
        cHwb =   0.00000
      cHq1st =   0.00000
      cHq3st =   0.00000
      cHq1rd =   0.00000
      cHq3rd =   0.00000
       cHdst =   0.00000
       cHust =   0.00000
       cHdrd =   0.00000
       cHurd =   0.00000
         cth =   0.00000
         cbh =   0.00000
 --------------

  mH       = 125.0000      GeV
  fact_scale 1.0
  ren_scale  1.0
  Kqq      =   0.26411326264011870            +-    2.3212692111586236E-004
  Kgq      =  -0.10352981235566247            +-    1.6855460672129990E-004
  K_nlo    =    1.1605834502844561            +-    2.8686854646981056E-004
  Kqq2     =    6.0343394164977492E-002       +-    2.0122313661275870E-004
  Kgq2     =   -5.4228013594388960E-002       +-    1.7873233780538422E-004
  Kqqs     =    2.2863458984701641E-003       +-    4.2459995083680172E-006
  Kgg      =    1.8756817763958440E-003       +-    3.0958757332958439E-006
  K_nnlo   =    1.1708608585299107            +-    3.9339188501764737E-004
  sig_LO   = (  0.30917123774748567            +-    1.7661443772376537E-004 ) fb
  sig_NLO  = (  0.35881902183369280            +-    1.9763310051779332E-004 ) fb
  sig_NNLO = (  0.36199650086177620            +-    2.1444209279499680E-004 ) fb

  pp ---> HHW- + X
  ===============

  PDFSET = PDF4LHC21_40                                NSET =  39
  Sqrt(S)  = 13.6 TeV
  LOOP     = 3
  alphaS(MZ) =   0.11800
          kl =   1.00000
          kv =   1.00000
         k2v =   1.00000
         kth =   1.00000
         kbh =   1.00000
        cHsq =   1.20000
       chdup =   0.00000
         cHw =   0.00000
          cH =   0.00000
         cHb =   0.00000
        cHwb =   0.00000
      cHq1st =   0.00000
      cHq3st =   0.00000
      cHq1rd =   0.00000
      cHq3rd =   0.00000
       cHdst =   0.00000
       cHust =   0.00000
       cHdrd =   0.00000
       cHurd =   0.00000
         cth =   0.00000
         cbh =   0.00000
 --------------

  mH       = 125.0000      GeV
  fact_scale 1.0
  ren_scale  1.0
  Kqq      =   0.26403572015674687            +-    2.3205485148431257E-004
  Kgq      =  -0.10321719138021598            +-    1.6833495930460292E-004
  K_nlo    =    1.1608185287765309            +-    2.8668120381617049E-004
  Kqq2     =    6.0307496880924481E-002       +-    2.0118986171986200E-004
  Kgq2     =   -5.4049936969880995E-002       +-    1.7852807399843746E-004
  Kqqs     =    2.2744178163143893E-003       +-    4.2292731410841233E-006
  Kgg      =    1.8830894258872310E-003       +-    3.1122860863315524E-006
  K_nnlo   =    1.1712335959297759            +-    3.9314541757716384E-004
  sig_LO   = (  0.30894452007798195            +-    1.7644426370153974E-004 ) fb
  sig_NLO  = (  0.35862852327049444            +-    1.9742586655163962E-004 ) fb
  sig_NNLO = (  0.36184620119373373            +-    2.1420816864789295E-004 ) fb

  pp ---> HHW- + X
  ===============

  PDFSET = PDF4LHC21_40                                NSET =  40
  Sqrt(S)  = 13.6 TeV
  LOOP     = 3
  alphaS(MZ) =   0.11800
          kl =   1.00000
          kv =   1.00000
         k2v =   1.00000
         kth =   1.00000
         kbh =   1.00000
        cHsq =   1.20000
       chdup =   0.00000
         cHw =   0.00000
          cH =   0.00000
         cHb =   0.00000
        cHwb =   0.00000
      cHq1st =   0.00000
      cHq3st =   0.00000
      cHq1rd =   0.00000
      cHq3rd =   0.00000
       cHdst =   0.00000
       cHust =   0.00000
       cHdrd =   0.00000
       cHurd =   0.00000
         cth =   0.00000
         cbh =   0.00000
 --------------

  mH       = 125.0000      GeV
  fact_scale 1.0
  ren_scale  1.0
  Kqq      =   0.26413548304968204            +-    2.3166726246567809E-004
  Kgq      =  -0.10335447405603462            +-    1.6828076385682982E-004
  K_nlo    =    1.1607810089936474            +-    2.8633570504318787E-004
  Kqq2     =    6.0352981058272900E-002       +-    2.0095131957569907E-004
  Kgq2     =   -5.4142955328986567E-002       +-    1.7848344201612770E-004
  Kqqs     =    2.2832694291678368E-003       +-    4.2356587500158501E-006
  Kgg      =    1.8758074519827973E-003       +-    3.0972125700148415E-006
  K_nnlo   =    1.1711501116040846            +-    3.9275111893725918E-004
  sig_LO   = (  0.30912418296068983            +-    1.7619843608668344E-004 ) fb
  sig_NLO  = (  0.35882548100144640            +-    1.9718136712359332E-004 ) fb
  sig_NNLO = (  0.36203082137393333            +-    2.1397663958982460E-004 ) fb

  pp ---> HHW- + X
  ===============

  PDFSET = PDF4LHC21_40                                NSET =  41
  Sqrt(S)  = 13.6 TeV
  LOOP     = 3
  alphaS(MZ) =   0.11700
          kl =   1.00000
          kv =   1.00000
         k2v =   1.00000
         kth =   1.00000
         kbh =   1.00000
        cHsq =   1.20000
       chdup =   0.00000
         cHw =   0.00000
          cH =   0.00000
         cHb =   0.00000
        cHwb =   0.00000
      cHq1st =   0.00000
      cHq3st =   0.00000
      cHq1rd =   0.00000
      cHq3rd =   0.00000
       cHdst =   0.00000
       cHust =   0.00000
       cHdrd =   0.00000
       cHurd =   0.00000
         cth =   0.00000
         cbh =   0.00000
 --------------

  mH       = 125.0000      GeV
  fact_scale 1.0
  ren_scale  1.0
  Kqq      =   0.26209002970388168            +-    2.2995396513486214E-004
  Kgq      =  -0.10129042257249836            +-    1.6504503878781807E-004
  K_nlo    =    1.1607996071313833            +-    2.8305245257675786E-004
  Kqq2     =    5.9437267430488640E-002       +-    1.9816435272212234E-004
  Kgq2     =   -5.2706019657738322E-002       +-    1.7382196270450571E-004
  Kqqs     =    2.2442303770315959E-003       +-    4.1695393556604386E-006
  Kgg      =    1.8083809646811378E-003       +-    2.9840145646428557E-006
  K_nnlo   =    1.1715834662458464            +-    3.8681800076948651E-004
  sig_LO   = (  0.31039129060805104            +-    1.7664940097375482E-004 ) fb
  sig_NLO  = (  0.36030208819482867            +-    1.9729132301306383E-004 ) fb
  sig_NNLO = (  0.36364930414310220            +-    2.1358979450998561E-004 ) fb

  pp ---> HHW- + X
  ===============

  PDFSET = PDF4LHC21_40                                NSET =  42
  Sqrt(S)  = 13.6 TeV
  LOOP     = 3
  alphaS(MZ) =   0.11900
          kl =   1.00000
          kv =   1.00000
         k2v =   1.00000
         kth =   1.00000
         kbh =   1.00000
        cHsq =   1.20000
       chdup =   0.00000
         cHw =   0.00000
          cH =   0.00000
         cHb =   0.00000
        cHwb =   0.00000
      cHq1st =   0.00000
      cHq3st =   0.00000
      cHq1rd =   0.00000
      cHq3rd =   0.00000
       cHdst =   0.00000
       cHust =   0.00000
       cHdrd =   0.00000
       cHurd =   0.00000
         cth =   0.00000
         cbh =   0.00000
 --------------

  mH       = 125.0000      GeV
  fact_scale 1.0
  ren_scale  1.0
  Kqq      =   0.26590337588155166            +-    2.3343835385195366E-004
  Kgq      =  -0.10216132701126139            +-    1.6655391896461041E-004
  K_nlo    =    1.1637420488702903            +-    2.8676414171158139E-004
  Kqq2     =    6.1163558337356552E-002       +-    2.0377414611130428E-004
  Kgq2     =   -5.3873241727052650E-002       +-    1.7774520131494503E-004
  Kqqs     =    2.3135600741251809E-003       +-    4.2921545150739896E-006
  Kgg      =    1.8428504382904923E-003       +-    3.0530710904054454E-006
  K_nnlo   =    1.1751887759930100            +-    3.9418101935395844E-004
  sig_LO   = (  0.31083513533297058            +-    1.7737349917504688E-004 ) fb
  sig_NLO  = (  0.36173191725326515            +-    1.9851108485059699E-004 ) fb
  sig_NNLO = (  0.36528996222757526            +-    2.1557785118579023E-004 ) fb

