  pp ---> HHW- + X
  ===============

  PDFSET = PDF4LHC21_40                                NSET =   0
  Sqrt(S)  = 13.6 TeV
  LOOP     = 3
  alphaS(MZ) =   0.11800
          kl =   1.00000
          kv =   1.00000
         k2v =   1.00000
         kth =   1.00000
         kbh =   1.00000
        cHsq =   0.00000
       chdup =   1.20000
         cHw =   0.00000
          cH =   0.00000
         cHb =   0.00000
        cHwb =   0.00000
      cHq1st =   0.00000
      cHq3st =   0.00000
      cHq1rd =   0.00000
      cHq3rd =   0.00000
       cHdst =   0.00000
       cHust =   0.00000
       cHdrd =   0.00000
       cHurd =   0.00000
         cth =   0.00000
         cbh =   0.00000
 --------------

  mH       = 125.0000      GeV
  fact_scale 0.5
  ren_scale  0.5
  Kqq      =   0.20990795878647367            +-    2.0171153999112783E-004
  Kgq      =   -3.8061003843663781E-002       +-    1.8863294449067173E-004
  K_nlo    =    1.1718469549428099            +-    2.7617011625592872E-004
  Kqq2     =    2.6038608661981707E-002       +-    1.9684979765110909E-004
  Kgq2     =   -2.6489140472091492E-002       +-    1.7873441509828588E-004
  Kqqs     =    1.5085771409321491E-003       +-    4.4929469693964947E-006
  Kgg      =    5.7493612854555795E-004       +-    3.1282475809374603E-006
  K_nnlo   =    1.1734799364021780            +-    3.8340023421226492E-004
  sig_LO   = (  0.17147569529370735            +-    1.0069899694186010E-004 ) fb
  sig_NLO  = (  0.20094327137663209            +-    1.1127858080045452E-004 ) fb
  sig_NNLO = (  0.20122328800777892            +-    1.2026029303857963E-004 ) fb

  mH       = 125.0000      GeV
  fact_scale 1.0
  ren_scale  0.5
  Kqq      =   0.28749170655434769            +-    2.6402772037393386E-004
  Kgq      =  -0.11275725245531745            +-    1.8749206967437620E-004
  K_nlo    =    1.1747344540990301            +-    3.2382698052607867E-004
  Kqq2     =    4.7316643790490109E-002       +-    2.8911224021952760E-004
  Kgq2     =   -5.4886462373717547E-002       +-    2.3759667945495139E-004
  Kqqs     =    2.7101223737146340E-003       +-    5.1122819106505450E-006
  Kgg      =    2.2389550274513593E-003       +-    3.7538771776668875E-006
  K_nnlo   =    1.1721137129169688            +-    4.9491636654045812E-004
  sig_LO   = (  0.16964601081158587            +-    9.9430260239749267E-005 ) fb
  sig_NLO  = (  0.19928901390082651            +-    1.1359725283379500E-004 ) fb
  sig_NNLO = (  0.19884441561392013            +-    1.3013745373985076E-004 ) fb

  mH       = 125.0000      GeV
  fact_scale 0.5
  ren_scale  1.0
  Kqq      =   0.19285303070070087            +-    1.8544584828880271E-004
  Kgq      =   -3.4970144074462292E-002       +-    1.7321294639715680E-004
  K_nlo    =    1.1578828866262385            +-    2.5375753672972541E-004
  Kqq2     =    3.6894835459356200E-002       +-    1.4036129411660410E-004
  Kgq2     =   -2.5071651061263519E-002       +-    1.5176758831593183E-004
  Kqqs     =    1.2710434345746420E-003       +-    3.7823541643582278E-006
  Kgg      =    4.8452665295456443E-004       +-    2.6339500828589944E-006
  K_nnlo   =    1.1714616411118604            +-    3.2733595142074383E-004
  sig_LO   = (  0.17147569529370735            +-    1.0069899694186010E-004 ) fb
  sig_NLO  = (  0.19854877305291918            +-    1.0969818100008576E-004 ) fb
  sig_NNLO = (  0.20087719941956375            +-    1.1528609123181769E-004 ) fb

  mH       = 125.0000      GeV
  fact_scale 1.0
  ren_scale  1.0
  Kqq      =   0.26413412389069651            +-    2.4267894370849549E-004
  Kgq      =  -0.10353965871791893            +-    1.7211024897041265E-004
  K_nlo    =    1.1605944651727775            +-    2.9751471815715026E-004
  Kqq2     =    6.0382524673000516E-002       +-    2.0809863451104658E-004
  Kgq2     =   -5.4289619313450492E-002       +-    1.8179421982768320E-004
  Kqqs     =    2.2861618137617430E-003       +-    4.3104805496429015E-006
  Kgg      =    1.8858451630026250E-003       +-    3.1599655267005419E-006
  K_nnlo   =    1.1708593775090919            +-    4.0607604360876239E-004
  sig_LO   = (  0.16964601081158587            +-    9.9430260239749267E-005 ) fb
  sig_NLO  = (  0.19689022118656774            +-    1.1150703170390551E-004 ) fb
  sig_NNLO = (  0.19863162261575409            +-    1.2096320057879103E-004 ) fb

  mH       = 125.0000      GeV
  fact_scale 1.5
  ren_scale  1.0
  Kqq      =   0.30696653330720375            +-    2.8649671080038070E-004
  Kgq      =  -0.14203473179362028            +-    1.7195895747396383E-004
  K_nlo    =    1.1649318015135834            +-    3.3414106056420164E-004
  Kqq2     =    7.4108805140185904E-002       +-    2.6562088638996327E-004
  Kgq2     =   -7.4673104513579391E-002       +-    2.1058900466904517E-004
  Kqqs     =    4.0618405623196316E-003       +-    5.1389072172076801E-006
  Kgg      =    3.1478515238281546E-003       +-    3.6637940838458397E-006
  K_nnlo   =    1.1715771942263378            +-    4.7601708402486386E-004
  sig_LO   = (  0.16837506619508702            +-    9.8623209235863289E-005 ) fb
  sig_NLO  = (  0.19614546919261158            +-    1.1354223941105987E-004 ) fb
  sig_NNLO = (  0.19726438763051396            +-    1.2708447980760553E-004 ) fb

  mH       = 125.0000      GeV
  fact_scale 2.0
  ren_scale  1.0
  Kqq      =   0.33763115223513440            +-    3.2710963384371977E-004
  Kgq      =  -0.16851016607342806            +-    1.9135054686536581E-004
  K_nlo    =    1.1691209861617062            +-    3.7896667972137993E-004
  Kqq2     =    8.3849740667137324E-002       +-    3.1815756257054907E-004
  Kgq2     =   -9.0570181216336976E-002       +-    2.4074715795901176E-004
  Kqqs     =    5.8248480931461389E-003       +-    6.0535687791241618E-006
  Kgg      =    4.2130863665325079E-003       +-    4.2352508885528665E-006
  K_nnlo   =    1.1724384800721854            +-    5.5032150246040151E-004
  sig_LO   = (  0.16740470765242796            +-    9.8034249607387253E-005 ) fb
  sig_NLO  = (  0.19571635689871872            +-    1.1677092956313961E-004 ) fb
  sig_NNLO = (  0.19627172099694115            +-    1.3452876851710515E-004 ) fb

  mH       = 125.0000      GeV
  fact_scale 1.0
  ren_scale  1.5
  Kqq      =   0.25218177059542113            +-    2.3174897718325970E-004
  Kgq      =   -9.8826726154336034E-002       +-    1.6425034300140363E-004
  K_nlo    =    1.1533550444410849            +-    2.8405239587365880E-004
  Kqq2     =    6.5981063097611245E-002       +-    1.9013019003901604E-004
  Kgq2     =   -5.3772137261044788E-002       +-    1.6142308533023436E-004
  Kqqs     =    2.0832707960511533E-003       +-    3.9269842062156922E-006
  Kgg      =    1.7171466544536355E-003       +-    2.8764517249980912E-006
  K_nnlo   =    1.1693643877281563            +-    3.7804280236879574E-004
  sig_LO   = (  0.16964601081158587            +-    9.9430260239749267E-005 ) fb
  sig_NLO  = (  0.19566208233884941            +-    1.1049205531674183E-004 ) fb
  sig_NNLO = (  0.19837800356321428            +-    1.1831938340098264E-004 ) fb

  mH       = 125.0000      GeV
  fact_scale 1.5
  ren_scale  1.5
  Kqq      =   0.29307466432069551            +-    2.7354537567892632E-004
  Kgq      =  -0.13556293256025839            +-    1.6416712382344163E-004
  K_nlo    =    1.1575117317604373            +-    3.1902651472845661E-004
  Kqq2     =    8.0242715939674886E-002       +-    2.3513439244765273E-004
  Kgq2     =   -7.3999617615193691E-002       +-    1.9409414189984812E-004
  Kqqs     =    3.7011651505720815E-003       +-    4.6821418029175843E-006
  Kgg      =    2.8659749230503387E-003       +-    3.3370567700225064E-006
  K_nnlo   =    1.1703219701585410            +-    4.4132946188884815E-004
  sig_LO   = (  0.16837506619508702            +-    9.8623209235863289E-005 ) fb
  sig_NLO  = (  0.19489611445675339            +-    1.1230297382986481E-004 ) fb
  sig_NNLO = (  0.19705303919500891            +-    1.2348419597013941E-004 ) fb

  mH       = 125.0000      GeV
  fact_scale 2.0
  ren_scale  1.5
  Kqq      =   0.32234819001742171            +-    3.1230110265983285E-004
  Kgq      =  -0.16082840712931815            +-    1.8268635665532495E-004
  K_nlo    =    1.1615197828881034            +-    3.6180973401850873E-004
  Kqq2     =    9.0390590803304291E-002       +-    2.7320427186745605E-004
  Kgq2     =   -8.9626723723325280E-002       +-    2.2671417930286502E-004
  Kqqs     =    5.3072919298343445E-003       +-    5.5152426849004574E-006
  Kgg      =    3.8356308583390670E-003       +-    3.8566992492702831E-006
  K_nnlo   =    1.1714265727562558            +-    5.0694326006478789E-004
  sig_LO   = (  0.16740470765242796            +-    9.8034249607387253E-005 ) fb
  sig_NLO  = (  0.19444387968689456            +-    1.1523574008064160E-004 ) fb
  sig_NNLO = (  0.19610232294854665            +-    1.2966390942521880E-004 ) fb

  mH       = 125.0000      GeV
  fact_scale 1.0
  ren_scale  2.0
  Kqq      =   0.24434874329900211            +-    2.2458430488029069E-004
  Kgq      =   -9.5739493049618180E-002       +-    1.5910344823311405E-004
  K_nlo    =    1.1486092502493839            +-    2.7523084354452460E-004
  Kqq2     =    6.9217121719502381E-002       +-    1.8610078744084479E-004
  Kgq2     =   -5.3361254958234614E-002       +-    1.5181820833658631E-004
  Kqqs     =    1.9554579380800588E-003       +-    3.6854722184049871E-006
  Kgg      =    1.6109744988127440E-003       +-    2.6980961356034378E-006
  K_nnlo   =    1.1680315494475444            +-    3.6531513948246628E-004
  sig_LO   = (  0.16964601081158587            +-    9.9430260239749267E-005 ) fb
  sig_NLO  = (  0.19485697728609452            +-    1.0984763177945210E-004 ) fb
  sig_NNLO = (  0.19815189286585155            +-    1.1716307042227541E-004 ) fb

  mH       = 125.0000      GeV
  fact_scale 1.5
  ren_scale  2.0
  Kqq      =   0.28397059213869369            +-    2.6505949187762370E-004
  Kgq      =  -0.13132389085754864            +-    1.5906187338396717E-004
  K_nlo    =    1.1526467012811450            +-    3.0912329869946920E-004
  Kqq2     =    8.3803096190334797E-002       +-    2.2747778233574457E-004
  Kgq2     =   -7.3440985310999213E-002       +-    1.8715039208136707E-004
  Kqqs     =    3.4739694223262108E-003       +-    4.3944800078790864E-006
  Kgg      =    2.6885948347808780E-003       +-    3.1313650805514110E-006
  K_nnlo   =    1.1691713764175877            +-    4.2703365372444177E-004
  sig_LO   = (  0.16837506619508702            +-    9.8623209235863289E-005 ) fb
  sig_NLO  = (  0.19407696462776150            +-    1.1151502131549888E-004 ) fb
  sig_NNLO = (  0.19685930789771236            +-    1.2205084628168977E-004 ) fb

  mH       = 125.0000      GeV
  fact_scale 2.0
  ren_scale  2.0
  Kqq      =   0.31233239263411550            +-    3.0260364370690991E-004
  Kgq      =  -0.15579700001166658            +-    1.7700905873028306E-004
  K_nlo    =    1.1565353926224489            +-    3.5057263449573368E-004
  Kqq2     =    9.4184107130772410E-002       +-    2.6028383450845701E-004
  Kgq2     =   -8.8864460398560038E-002       +-    2.2001893651415599E-004
  Kqqs     =    4.9812918873673112E-003       +-    5.1761027770488769E-006
  Kgg      =    3.5981204534022144E-003       +-    3.6184352460916499E-006
  K_nnlo   =    1.1704344516954306            +-    4.8897552505428531E-004
  sig_LO   = (  0.16740470765242796            +-    9.8034249607387253E-005 ) fb
  sig_NLO  = (  0.19360946929164707            +-    1.1425820694520036E-004 ) fb
  sig_NNLO = (  0.19593623721240344            +-    1.2771550646484265E-004 ) fb

  pp ---> HHW- + X
  ===============

  PDFSET = PDF4LHC21_40                                NSET =   1
  Sqrt(S)  = 13.6 TeV
  LOOP     = 3
  alphaS(MZ) =   0.11800
          kl =   1.00000
          kv =   1.00000
         k2v =   1.00000
         kth =   1.00000
         kbh =   1.00000
        cHsq =   0.00000
       chdup =   1.20000
         cHw =   0.00000
          cH =   0.00000
         cHb =   0.00000
        cHwb =   0.00000
      cHq1st =   0.00000
      cHq3st =   0.00000
      cHq1rd =   0.00000
      cHq3rd =   0.00000
       cHdst =   0.00000
       cHust =   0.00000
       cHdrd =   0.00000
       cHurd =   0.00000
         cth =   0.00000
         cbh =   0.00000
 --------------

  mH       = 125.0000      GeV
  fact_scale 1.0
  ren_scale  1.0
  Kqq      =   0.26438461842587535            +-    2.4016699541511250E-004
  Kgq      =  -0.10386855303982753            +-    1.7150587656351404E-004
  K_nlo    =    1.1605160653860478            +-    2.9511769073124365E-004
  Kqq2     =    6.0487310774257119E-002       +-    2.0616212762413475E-004
  Kgq2     =   -5.4476089422275845E-002       +-    1.8098342803364952E-004
  Kqqs     =    2.2943745495895406E-003       +-    4.2917629281219282E-006
  Kgg      =    1.8902737469065852E-003       +-    3.1673968186833701E-006
  K_nnlo   =    1.1707119350345254            +-    4.0296492043787312E-004
  sig_LO   = (  0.16927596507192155            +-    9.7348950963799477E-005 ) fb
  sig_NLO  = (  0.19644747694969247            +-    1.0941870658844071E-004 ) fb
  sig_NNLO = (  0.19817339262418601            +-    1.1886855270925308E-004 ) fb

  pp ---> HHW- + X
  ===============

  PDFSET = PDF4LHC21_40                                NSET =   2
  Sqrt(S)  = 13.6 TeV
  LOOP     = 3
  alphaS(MZ) =   0.11800
          kl =   1.00000
          kv =   1.00000
         k2v =   1.00000
         kth =   1.00000
         kbh =   1.00000
        cHsq =   0.00000
       chdup =   1.20000
         cHw =   0.00000
          cH =   0.00000
         cHb =   0.00000
        cHwb =   0.00000
      cHq1st =   0.00000
      cHq3st =   0.00000
      cHq1rd =   0.00000
      cHq3rd =   0.00000
       cHdst =   0.00000
       cHust =   0.00000
       cHdrd =   0.00000
       cHurd =   0.00000
         cth =   0.00000
         cbh =   0.00000
 --------------

  mH       = 125.0000      GeV
  fact_scale 1.0
  ren_scale  1.0
  Kqq      =   0.26412020547399939            +-    2.4348100843095432E-004
  Kgq      =  -0.10500094218165093            +-    1.7390896506646540E-004
  K_nlo    =    1.1591192632923484            +-    2.9921117893060668E-004
  Kqq2     =    6.0386110661270399E-002       +-    2.0851020918513882E-004
  Kgq2     =   -5.5071311002871097E-002       +-    1.8363110196220004E-004
  Kqqs     =    2.3247273790685872E-003       +-    4.3814208599623688E-006
  Kgg      =    1.8827585896247342E-003       +-    3.1424239108435820E-006
  K_nnlo   =    1.1686415489194411            +-    4.0835436843030508E-004
  sig_LO   = (  0.16921186028559906            +-    9.9496294163951997E-005 ) fb
  sig_NLO  = (  0.19613672683457140            +-    1.1163743804805824E-004 ) fb
  sig_NNLO = (  0.19774801049970253            +-    1.2113670689762897E-004 ) fb

  pp ---> HHW- + X
  ===============

  PDFSET = PDF4LHC21_40                                NSET =   3
  Sqrt(S)  = 13.6 TeV
  LOOP     = 3
  alphaS(MZ) =   0.11800
          kl =   1.00000
          kv =   1.00000
         k2v =   1.00000
         kth =   1.00000
         kbh =   1.00000
        cHsq =   0.00000
       chdup =   1.20000
         cHw =   0.00000
          cH =   0.00000
         cHb =   0.00000
        cHwb =   0.00000
      cHq1st =   0.00000
      cHq3st =   0.00000
      cHq1rd =   0.00000
      cHq3rd =   0.00000
       cHdst =   0.00000
       cHust =   0.00000
       cHdrd =   0.00000
       cHurd =   0.00000
         cth =   0.00000
         cbh =   0.00000
 --------------

  mH       = 125.0000      GeV
  fact_scale 1.0
  ren_scale  1.0
  Kqq      =   0.26433512983667168            +-    2.4528374659669652E-004
  Kgq      =  -0.10402922066853187            +-    1.7226630937023475E-004
  K_nlo    =    1.1603059091681398            +-    2.9973287722329339E-004
  Kqq2     =    6.0461521892135391E-002       +-    2.0985601070423721E-004
  Kgq2     =   -5.4551409960232770E-002       +-    1.8186920001096699E-004
  Kqqs     =    2.2936834421161630E-003       +-    4.3227645762694714E-006
  Kgg      =    1.8904190065349455E-003       +-    3.1654797676840092E-006
  K_nnlo   =    1.1704001235486936            +-    4.0863731521438589E-004
  sig_LO   = (  0.16876628127280263            +-    1.0043399691338925E-004 ) fb
  sig_NLO  = (  0.19582051342916526            +-    1.1245359059202966E-004 ) fb
  sig_NNLO = (  0.19752407645254177            +-    1.2183205090780414E-004 ) fb

  pp ---> HHW- + X
  ===============

  PDFSET = PDF4LHC21_40                                NSET =   4
  Sqrt(S)  = 13.6 TeV
  LOOP     = 3
  alphaS(MZ) =   0.11800
          kl =   1.00000
          kv =   1.00000
         k2v =   1.00000
         kth =   1.00000
         kbh =   1.00000
        cHsq =   0.00000
       chdup =   1.20000
         cHw =   0.00000
          cH =   0.00000
         cHb =   0.00000
        cHwb =   0.00000
      cHq1st =   0.00000
      cHq3st =   0.00000
      cHq1rd =   0.00000
      cHq3rd =   0.00000
       cHdst =   0.00000
       cHust =   0.00000
       cHdrd =   0.00000
       cHurd =   0.00000
         cth =   0.00000
         cbh =   0.00000
 --------------

  mH       = 125.0000      GeV
  fact_scale 1.0
  ren_scale  1.0
  Kqq      =   0.26468563692043423            +-    2.4215708977083495E-004
  Kgq      =  -0.10464650504145795            +-    1.7415220294998156E-004
  K_nlo    =    1.1600391318789762            +-    2.9827679413358961E-004
  Kqq2     =    6.0603161934461657E-002       +-    2.0772245736355409E-004
  Kgq2     =   -5.4867993266192225E-002       +-    1.8397336215902552E-004
  Kqqs     =    2.3031795902447704E-003       +-    4.3412843811449496E-006
  Kgg      =    1.9177163005041030E-003       +-    3.2218275484855991E-006
  K_nnlo   =    1.1699951964379947            +-    4.0742249584269574E-004
  sig_LO   = (  0.16727600108515639            +-    9.7647749105837049E-005 ) fb
  sig_NLO  = (  0.19404670708301150            +-    1.0965650440897293E-004 ) fb
  sig_NNLO = (  0.19571211774898972            +-    1.1907887641277170E-004 ) fb

  pp ---> HHW- + X
  ===============

  PDFSET = PDF4LHC21_40                                NSET =   5
  Sqrt(S)  = 13.6 TeV
  LOOP     = 3
  alphaS(MZ) =   0.11800
          kl =   1.00000
          kv =   1.00000
         k2v =   1.00000
         kth =   1.00000
         kbh =   1.00000
        cHsq =   0.00000
       chdup =   1.20000
         cHw =   0.00000
          cH =   0.00000
         cHb =   0.00000
        cHwb =   0.00000
      cHq1st =   0.00000
      cHq3st =   0.00000
      cHq1rd =   0.00000
      cHq3rd =   0.00000
       cHdst =   0.00000
       cHust =   0.00000
       cHdrd =   0.00000
       cHurd =   0.00000
         cth =   0.00000
         cbh =   0.00000
 --------------

  mH       = 125.0000      GeV
  fact_scale 1.0
  ren_scale  1.0
  Kqq      =   0.26431064756134193            +-    2.4395617465457943E-004
  Kgq      =  -0.10356288759102956            +-    1.7189326136144456E-004
  K_nlo    =    1.1607477599703124            +-    2.9843241857005004E-004
  Kqq2     =    6.0454624672237507E-002       +-    2.0881625320184877E-004
  Kgq2     =   -5.4303522865744976E-002       +-    1.8153866402612745E-004
  Kqqs     =    2.2871930342111247E-003       +-    4.3116314146210007E-006
  Kgg      =    1.8803483735054236E-003       +-    3.1515880612057954E-006
  K_nnlo   =    1.1710664031845217            +-    4.0700238975217634E-004
  sig_LO   = (  0.16906850716359664            +-    9.9731813969354969E-005 ) fb
  sig_NLO  = (  0.19624589097166953            +-    1.1176848647521455E-004 ) fb
  sig_NNLO = (  0.19799044857584966            +-    1.2116694210949813E-004 ) fb

  pp ---> HHW- + X
  ===============

  PDFSET = PDF4LHC21_40                                NSET =   6
  Sqrt(S)  = 13.6 TeV
  LOOP     = 3
  alphaS(MZ) =   0.11800
          kl =   1.00000
          kv =   1.00000
         k2v =   1.00000
         kth =   1.00000
         kbh =   1.00000
        cHsq =   0.00000
       chdup =   1.20000
         cHw =   0.00000
          cH =   0.00000
         cHb =   0.00000
        cHwb =   0.00000
      cHq1st =   0.00000
      cHq3st =   0.00000
      cHq1rd =   0.00000
      cHq3rd =   0.00000
       cHdst =   0.00000
       cHust =   0.00000
       cHdrd =   0.00000
       cHurd =   0.00000
         cth =   0.00000
         cbh =   0.00000
 --------------

  mH       = 125.0000      GeV
  fact_scale 1.0
  ren_scale  1.0
  Kqq      =   0.26415759460664090            +-    2.4296498082419115E-004
  Kgq      =  -0.10385926872214432            +-    1.7217962088413908E-004
  K_nlo    =    1.1602983258844966            +-    2.9778818605630654E-004
  Kqq2     =    6.0392240454345957E-002       +-    2.0833239090814774E-004
  Kgq2     =   -5.4458523219509142E-002       +-    1.8180836216734358E-004
  Kqqs     =    2.2890370744943146E-003       +-    4.3101855124172499E-006
  Kgg      =    1.8903230253400126E-003       +-    3.1715305286191644E-006
  K_nnlo   =    1.1704114032191677            +-    4.0640263989697220E-004
  sig_LO   = (  0.16981742766192406            +-    9.9825830313644880E-005 ) fb
  sig_NLO  = (  0.19703887702214209            +-    1.1190390182401064E-004 ) fb
  sig_NNLO = (  0.19875625380086204            +-    1.2135964413847327E-004 ) fb

  pp ---> HHW- + X
  ===============

  PDFSET = PDF4LHC21_40                                NSET =   7
  Sqrt(S)  = 13.6 TeV
  LOOP     = 3
  alphaS(MZ) =   0.11800
          kl =   1.00000
          kv =   1.00000
         k2v =   1.00000
         kth =   1.00000
         kbh =   1.00000
        cHsq =   0.00000
       chdup =   1.20000
         cHw =   0.00000
          cH =   0.00000
         cHb =   0.00000
        cHwb =   0.00000
      cHq1st =   0.00000
      cHq3st =   0.00000
      cHq1rd =   0.00000
      cHq3rd =   0.00000
       cHdst =   0.00000
       cHust =   0.00000
       cHdrd =   0.00000
       cHurd =   0.00000
         cth =   0.00000
         cbh =   0.00000
 --------------

  mH       = 125.0000      GeV
  fact_scale 1.0
  ren_scale  1.0
  Kqq      =   0.26437414988877661            +-    2.4597717565771031E-004
  Kgq      =  -0.10364014441918079            +-    1.7210867566340454E-004
  K_nlo    =    1.1607340054695958            +-    3.0021020499502516E-004
  Kqq2     =    6.0473779748801540E-002       +-    2.0942062751780352E-004
  Kgq2     =   -5.4345689666922041E-002       +-    1.8178822501531845E-004
  Kqqs     =    2.2881450801311605E-003       +-    4.3275550222753708E-006
  Kgg      =    1.8810849723413518E-003       +-    3.1484947729779539E-006
  K_nnlo   =    1.1710313256039477            +-    4.0872822990237900E-004
  sig_LO   = (  0.16911239506145820            +-    1.0106478492360003E-004 ) fb
  sig_NLO  = (  0.19629450769424306            +-    1.1309999647173107E-004 ) fb
  sig_NNLO = (  0.19803591216487790            +-    1.2244102563925834E-004 ) fb

  pp ---> HHW- + X
  ===============

  PDFSET = PDF4LHC21_40                                NSET =   8
  Sqrt(S)  = 13.6 TeV
  LOOP     = 3
  alphaS(MZ) =   0.11800
          kl =   1.00000
          kv =   1.00000
         k2v =   1.00000
         kth =   1.00000
         kbh =   1.00000
        cHsq =   0.00000
       chdup =   1.20000
         cHw =   0.00000
          cH =   0.00000
         cHb =   0.00000
        cHwb =   0.00000
      cHq1st =   0.00000
      cHq3st =   0.00000
      cHq1rd =   0.00000
      cHq3rd =   0.00000
       cHdst =   0.00000
       cHust =   0.00000
       cHdrd =   0.00000
       cHurd =   0.00000
         cth =   0.00000
         cbh =   0.00000
 --------------

  mH       = 125.0000      GeV
  fact_scale 1.0
  ren_scale  1.0
  Kqq      =   0.26386666372907280            +-    2.4295291361221846E-004
  Kgq      =  -0.10358692803420264            +-    1.7286249274652549E-004
  K_nlo    =    1.1602797356948702            +-    2.9817370714267996E-004
  Kqq2     =    6.0272076848144951E-002       +-    2.0830972615491585E-004
  Kgq2     =   -5.4290007928034983E-002       +-    1.8246686226346446E-004
  Kqqs     =    2.2942670879328689E-003       +-    4.3323355969259916E-006
  Kgg      =    1.8835458497948932E-003       +-    3.1727466984164983E-006
  K_nnlo   =    1.1704396175527079            +-    4.0696866331396513E-004
  sig_LO   = (  0.16997230133406596            +-    9.9847110401309549E-005 ) fb
  sig_NLO  = (  0.19721541686733887            +-    1.1197337498697999E-004 ) fb
  sig_NNLO = (  0.19894231536799778            +-    1.2146771077534577E-004 ) fb

  pp ---> HHW- + X
  ===============

  PDFSET = PDF4LHC21_40                                NSET =   9
  Sqrt(S)  = 13.6 TeV
  LOOP     = 3
  alphaS(MZ) =   0.11800
          kl =   1.00000
          kv =   1.00000
         k2v =   1.00000
         kth =   1.00000
         kbh =   1.00000
        cHsq =   0.00000
       chdup =   1.20000
         cHw =   0.00000
          cH =   0.00000
         cHb =   0.00000
        cHwb =   0.00000
      cHq1st =   0.00000
      cHq3st =   0.00000
      cHq1rd =   0.00000
      cHq3rd =   0.00000
       cHdst =   0.00000
       cHust =   0.00000
       cHdrd =   0.00000
       cHurd =   0.00000
         cth =   0.00000
         cbh =   0.00000
 --------------

  mH       = 125.0000      GeV
  fact_scale 1.0
  ren_scale  1.0
  Kqq      =   0.26419308247349227            +-    2.4145981577571805E-004
  Kgq      =  -0.10377991144414082            +-    1.7195785708938249E-004
  K_nlo    =    1.1604131710293513            +-    2.9643270273236753E-004
  Kqq2     =    6.0405405170799703E-002       +-    2.0715954286088748E-004
  Kgq2     =   -5.4415255176874802E-002       +-    1.8156152512248771E-004
  Kqqs     =    2.2920455526809088E-003       +-    4.3093348861221118E-006
  Kgg      =    1.8845879254232457E-003       +-    3.1580774657646740E-006
  K_nnlo   =    1.1705799545013802            +-    4.0469810312477662E-004
  sig_LO   = (  0.17023722558337775            +-    9.9013629595226819E-005 ) fb
  sig_NLO  = (  0.19754551876644641            +-    1.1113191314663219E-004 ) fb
  sig_NNLO = (  0.19927628377783158            +-    1.2062411073814741E-004 ) fb

  pp ---> HHW- + X
  ===============

  PDFSET = PDF4LHC21_40                                NSET =  10
  Sqrt(S)  = 13.6 TeV
  LOOP     = 3
  alphaS(MZ) =   0.11800
          kl =   1.00000
          kv =   1.00000
         k2v =   1.00000
         kth =   1.00000
         kbh =   1.00000
        cHsq =   0.00000
       chdup =   1.20000
         cHw =   0.00000
          cH =   0.00000
         cHb =   0.00000
        cHwb =   0.00000
      cHq1st =   0.00000
      cHq3st =   0.00000
      cHq1rd =   0.00000
      cHq3rd =   0.00000
       cHdst =   0.00000
       cHust =   0.00000
       cHdrd =   0.00000
       cHurd =   0.00000
         cth =   0.00000
         cbh =   0.00000
 --------------

  mH       = 125.0000      GeV
  fact_scale 1.0
  ren_scale  1.0
  Kqq      =   0.26407989475819754            +-    2.4235059878304380E-004
  Kgq      =  -0.10312279996868143            +-    1.7179413424737967E-004
  K_nlo    =    1.1609570947895160            +-    2.9706402894377260E-004
  Kqq2     =    6.0359497396452418E-002       +-    2.0795479655356946E-004
  Kgq2     =   -5.4076498363486866E-002       +-    1.8150569147946932E-004
  Kqqs     =    2.2836609130299462E-003       +-    4.3101053766510224E-006
  Kgg      =    1.8759044586040385E-003       +-    3.1526054034693337E-006
  K_nnlo   =    1.1713996591941156            +-    4.0554292827094292E-004
  sig_LO   = (  0.16949151181603608            +-    9.9195947122240568E-005 ) fb
  sig_NLO  = (  0.19677237314942819            +-    1.1124271411940355E-004 ) fb
  sig_NNLO = (  0.19854229917760011            +-    1.2068340885033755E-004 ) fb

  pp ---> HHW- + X
  ===============

  PDFSET = PDF4LHC21_40                                NSET =  11
  Sqrt(S)  = 13.6 TeV
  LOOP     = 3
  alphaS(MZ) =   0.11800
          kl =   1.00000
          kv =   1.00000
         k2v =   1.00000
         kth =   1.00000
         kbh =   1.00000
        cHsq =   0.00000
       chdup =   1.20000
         cHw =   0.00000
          cH =   0.00000
         cHb =   0.00000
        cHwb =   0.00000
      cHq1st =   0.00000
      cHq3st =   0.00000
      cHq1rd =   0.00000
      cHq3rd =   0.00000
       cHdst =   0.00000
       cHust =   0.00000
       cHdrd =   0.00000
       cHurd =   0.00000
         cth =   0.00000
         cbh =   0.00000
 --------------

  mH       = 125.0000      GeV
  fact_scale 1.0
  ren_scale  1.0
  Kqq      =   0.26412813750103398            +-    2.4300447223337868E-004
  Kgq      =  -0.10365783406562545            +-    1.7231040213657172E-004
  K_nlo    =    1.1604703034354085            +-    2.9789603590831817E-004
  Kqq2     =    6.0379899190195561E-002       +-    2.0834546862003012E-004
  Kgq2     =   -5.4356425365469106E-002       +-    1.8201603228220562E-004
  Kqqs     =    2.2868885858438556E-003       +-    4.3145221722785691E-006
  Kgg      =    1.8901721641180174E-003       +-    3.1680790856500788E-006
  K_nnlo   =    1.1706708380100967            +-    4.0658132069589084E-004
  sig_LO   = (  0.16927921887702194            +-    9.9425121552989588E-005 ) fb
  sig_NLO  = (  0.19644350649552658            +-    1.1148227873149746E-004 ) fb
  sig_NNLO = (  0.19817024502045785            +-    1.2092287289245433E-004 ) fb

  pp ---> HHW- + X
  ===============

  PDFSET = PDF4LHC21_40                                NSET =  12
  Sqrt(S)  = 13.6 TeV
  LOOP     = 3
  alphaS(MZ) =   0.11800
          kl =   1.00000
          kv =   1.00000
         k2v =   1.00000
         kth =   1.00000
         kbh =   1.00000
        cHsq =   0.00000
       chdup =   1.20000
         cHw =   0.00000
          cH =   0.00000
         cHb =   0.00000
        cHwb =   0.00000
      cHq1st =   0.00000
      cHq3st =   0.00000
      cHq1rd =   0.00000
      cHq3rd =   0.00000
       cHdst =   0.00000
       cHust =   0.00000
       cHdrd =   0.00000
       cHurd =   0.00000
         cth =   0.00000
         cbh =   0.00000
 --------------

  mH       = 125.0000      GeV
  fact_scale 1.0
  ren_scale  1.0
  Kqq      =   0.26388520304678742            +-    2.4157265525372905E-004
  Kgq      =  -0.10322462182931447            +-    1.7168656945600979E-004
  K_nlo    =    1.1606605812174731            +-    2.9636738332331766E-004
  Kqq2     =    6.0272821067030392E-002       +-    2.0759879764577235E-004
  Kgq2     =   -5.4122958296338564E-002       +-    1.8137085389193281E-004
  Kqqs     =    2.2831596219188973E-003       +-    4.3075369692526602E-006
  Kgg      =    1.8785668397390035E-003       +-    3.1479285880432634E-006
  K_nnlo   =    1.1709721704498228            +-    4.0478974499424562E-004
  sig_LO   = (  0.17103071428388633            +-    9.9899954405501624E-005 ) fb
  sig_NLO  = (  0.19850860824677508            +-    1.1202350939605627E-004 ) fb
  sig_NNLO = (  0.20027220671858589            +-    1.2154422489518348E-004 ) fb

  pp ---> HHW- + X
  ===============

  PDFSET = PDF4LHC21_40                                NSET =  13
  Sqrt(S)  = 13.6 TeV
  LOOP     = 3
  alphaS(MZ) =   0.11800
          kl =   1.00000
          kv =   1.00000
         k2v =   1.00000
         kth =   1.00000
         kbh =   1.00000
        cHsq =   0.00000
       chdup =   1.20000
         cHw =   0.00000
          cH =   0.00000
         cHb =   0.00000
        cHwb =   0.00000
      cHq1st =   0.00000
      cHq3st =   0.00000
      cHq1rd =   0.00000
      cHq3rd =   0.00000
       cHdst =   0.00000
       cHust =   0.00000
       cHdrd =   0.00000
       cHurd =   0.00000
         cth =   0.00000
         cbh =   0.00000
 --------------

  mH       = 125.0000      GeV
  fact_scale 1.0
  ren_scale  1.0
  Kqq      =   0.26407032108082595            +-    2.4177465540940139E-004
  Kgq      =  -0.10292758060911536            +-    1.7090110335749153E-004
  K_nlo    =    1.1611427404717105            +-    2.9607798149667056E-004
  Kqq2     =    6.0352077612497848E-002       +-    2.0747436378015715E-004
  Kgq2     =   -5.3972484026867919E-002       +-    1.8048158195354741E-004
  Kqqs     =    2.2763076252985347E-003       +-    4.2875141973164131E-006
  Kgg      =    1.8766749479332634E-003       +-    3.1433326802279522E-006
  K_nnlo   =    1.1716753166305724            +-    4.0411588374612254E-004
  sig_LO   = (  0.16974347359420111            +-    9.9018330748938105E-005 ) fb
  sig_NLO  = (  0.19709640210635812            +-    1.1104245374444439E-004 ) fb
  sig_NNLO = (  0.19888423816945874            +-    1.2045765099449632E-004 ) fb

  pp ---> HHW- + X
  ===============

  PDFSET = PDF4LHC21_40                                NSET =  14
  Sqrt(S)  = 13.6 TeV
  LOOP     = 3
  alphaS(MZ) =   0.11800
          kl =   1.00000
          kv =   1.00000
         k2v =   1.00000
         kth =   1.00000
         kbh =   1.00000
        cHsq =   0.00000
       chdup =   1.20000
         cHw =   0.00000
          cH =   0.00000
         cHb =   0.00000
        cHwb =   0.00000
      cHq1st =   0.00000
      cHq3st =   0.00000
      cHq1rd =   0.00000
      cHq3rd =   0.00000
       cHdst =   0.00000
       cHust =   0.00000
       cHdrd =   0.00000
       cHurd =   0.00000
         cth =   0.00000
         cbh =   0.00000
 --------------

  mH       = 125.0000      GeV
  fact_scale 1.0
  ren_scale  1.0
  Kqq      =   0.26429844300664634            +-    2.4550570154358530E-004
  Kgq      =  -0.10371626113143421            +-    1.7225314863615699E-004
  K_nlo    =    1.1605821818752122            +-    2.9990698008795655E-004
  Kqq2     =    6.0445212845846800E-002       +-    2.0999942824471407E-004
  Kgq2     =   -5.4387761001563208E-002       +-    1.8196102235321261E-004
  Kqqs     =    2.2887875590797057E-003       +-    4.3284398135285225E-006
  Kgg      =    1.8843517213758432E-003       +-    3.1547635920092093E-006
  K_nnlo   =    1.1708127729999513            +-    4.0887951544306048E-004
  sig_LO   = (  0.16926956559450837            +-    1.0095006814327138E-004 ) fb
  sig_NLO  = (  0.19645124176274384            +-    1.1299563751338376E-004 ) fb
  sig_NNLO = (  0.19818296947820349            +-    1.2239713688492367E-004 ) fb

  pp ---> HHW- + X
  ===============

  PDFSET = PDF4LHC21_40                                NSET =  15
  Sqrt(S)  = 13.6 TeV
  LOOP     = 3
  alphaS(MZ) =   0.11800
          kl =   1.00000
          kv =   1.00000
         k2v =   1.00000
         kth =   1.00000
         kbh =   1.00000
        cHsq =   0.00000
       chdup =   1.20000
         cHw =   0.00000
          cH =   0.00000
         cHb =   0.00000
        cHwb =   0.00000
      cHq1st =   0.00000
      cHq3st =   0.00000
      cHq1rd =   0.00000
      cHq3rd =   0.00000
       cHdst =   0.00000
       cHust =   0.00000
       cHdrd =   0.00000
       cHurd =   0.00000
         cth =   0.00000
         cbh =   0.00000
 --------------

  mH       = 125.0000      GeV
  fact_scale 1.0
  ren_scale  1.0
  Kqq      =   0.26428137738481294            +-    2.4296437791513649E-004
  Kgq      =  -0.10322895147780962            +-    1.7119543818826049E-004
  K_nlo    =    1.1610524259070034            +-    2.9721972847063802E-004
  Kqq2     =    6.0445162102346170E-002       +-    2.0824890435840632E-004
  Kgq2     =   -5.4143463607818944E-002       +-    1.8082307576712401E-004
  Kqqs     =    2.2837046337572079E-003       +-    4.3036294313547055E-006
  Kgg      =    1.8751932940222621E-003       +-    3.1369535361071249E-006
  K_nnlo   =    1.1715130223293100            +-    4.0550279850118132E-004
  sig_LO   = (  0.16929371341321622            +-    9.9342731678726110E-005 ) fb
  sig_NLO  = (  0.19655887664921967            +-    1.1135897922222251E-004 ) fb
  sig_NNLO = (  0.19832978986206898            +-    1.2075460146521226E-004 ) fb

  pp ---> HHW- + X
  ===============

  PDFSET = PDF4LHC21_40                                NSET =  16
  Sqrt(S)  = 13.6 TeV
  LOOP     = 3
  alphaS(MZ) =   0.11800
          kl =   1.00000
          kv =   1.00000
         k2v =   1.00000
         kth =   1.00000
         kbh =   1.00000
        cHsq =   0.00000
       chdup =   1.20000
         cHw =   0.00000
          cH =   0.00000
         cHb =   0.00000
        cHwb =   0.00000
      cHq1st =   0.00000
      cHq3st =   0.00000
      cHq1rd =   0.00000
      cHq3rd =   0.00000
       cHdst =   0.00000
       cHust =   0.00000
       cHdrd =   0.00000
       cHurd =   0.00000
         cth =   0.00000
         cbh =   0.00000
 --------------

  mH       = 125.0000      GeV
  fact_scale 1.0
  ren_scale  1.0
  Kqq      =   0.26404358759996099            +-    2.4273807538545595E-004
  Kgq      =  -0.10291772794842534            +-    1.7126186141849014E-004
  K_nlo    =    1.1611258596515357            +-    2.9707305232612636E-004
  Kqq2     =    6.0345245769646352E-002       +-    2.0818345402293375E-004
  Kgq2     =   -5.3966716769050634E-002       +-    1.8091547820198886E-004
  Kqqs     =    2.2705812872314160E-003       +-    4.2830300951116024E-006
  Kgg      =    1.8917789210208509E-003       +-    3.1749799249425326E-006
  K_nnlo   =    1.1716667488603836            +-    4.0540298968391210E-004
  sig_LO   = (  0.16959742510054757            +-    9.9476569075119026E-005 ) fb
  sig_NLO  = (  0.19692395601456020            +-    1.1150792269550439E-004 ) fb
  sig_NNLO = (  0.19871166368265095            +-    1.2092509876001027E-004 ) fb

  pp ---> HHW- + X
  ===============

  PDFSET = PDF4LHC21_40                                NSET =  17
  Sqrt(S)  = 13.6 TeV
  LOOP     = 3
  alphaS(MZ) =   0.11800
          kl =   1.00000
          kv =   1.00000
         k2v =   1.00000
         kth =   1.00000
         kbh =   1.00000
        cHsq =   0.00000
       chdup =   1.20000
         cHw =   0.00000
          cH =   0.00000
         cHb =   0.00000
        cHwb =   0.00000
      cHq1st =   0.00000
      cHq3st =   0.00000
      cHq1rd =   0.00000
      cHq3rd =   0.00000
       cHdst =   0.00000
       cHust =   0.00000
       cHdrd =   0.00000
       cHurd =   0.00000
         cth =   0.00000
         cbh =   0.00000
 --------------

  mH       = 125.0000      GeV
  fact_scale 1.0
  ren_scale  1.0
  Kqq      =   0.26411236076905559            +-    2.4234266871708634E-004
  Kgq      =  -0.10304221669137423            +-    1.7090148101100899E-004
  K_nlo    =    1.1610701440776814            +-    2.9654221502625175E-004
  Kqq2     =    6.0370126538054118E-002       +-    2.0783462540406759E-004
  Kgq2     =   -5.4028707738913398E-002       +-    1.8044998408881026E-004
  Kqqs     =    2.2815142796536085E-003       +-    4.2967584056059579E-006
  Kgg      =    1.8659239252635477E-003       +-    3.1245640095610872E-006
  K_nnlo   =    1.1715590010817392            +-    4.0462691284715935E-004
  sig_LO   = (  0.17115921278672333            +-    1.0010615251833105E-004 ) fb
  sig_NLO  = (  0.19872785185050337            +-    1.1223816825629456E-004 ) fb
  sig_NNLO = (  0.20052311635835043            +-    1.2172749570402051E-004 ) fb

  pp ---> HHW- + X
  ===============

  PDFSET = PDF4LHC21_40                                NSET =  18
  Sqrt(S)  = 13.6 TeV
  LOOP     = 3
  alphaS(MZ) =   0.11800
          kl =   1.00000
          kv =   1.00000
         k2v =   1.00000
         kth =   1.00000
         kbh =   1.00000
        cHsq =   0.00000
       chdup =   1.20000
         cHw =   0.00000
          cH =   0.00000
         cHb =   0.00000
        cHwb =   0.00000
      cHq1st =   0.00000
      cHq3st =   0.00000
      cHq1rd =   0.00000
      cHq3rd =   0.00000
       cHdst =   0.00000
       cHust =   0.00000
       cHdrd =   0.00000
       cHurd =   0.00000
         cth =   0.00000
         cbh =   0.00000
 --------------

  mH       = 125.0000      GeV
  fact_scale 1.0
  ren_scale  1.0
  Kqq      =   0.26427936354316744            +-    2.4318386036118456E-004
  Kgq      =  -0.10343911703230564            +-    1.7142528816922590E-004
  K_nlo    =    1.1608402465108618            +-    2.9753154347744417E-004
  Kqq2     =    6.0442194570481528E-002       +-    2.0829547819879881E-004
  Kgq2     =   -5.4244675785926851E-002       +-    1.8101153726931193E-004
  Kqqs     =    2.2897243259537101E-003       +-    4.3132583011069422E-006
  Kgg      =    1.8747988023964733E-003       +-    3.1359933793695799E-006
  K_nnlo   =    1.1712022884237665            +-    4.0583942745670178E-004
  sig_LO   = (  0.16983667495057031            +-    9.9743081382540881E-005 ) fb
  sig_NLO  = (  0.19715324761620515            +-    1.1181297717457260E-004 ) fb
  sig_NNLO = (  0.19891310236039136            +-    1.2124163273911067E-004 ) fb

  pp ---> HHW- + X
  ===============

  PDFSET = PDF4LHC21_40                                NSET =  19
  Sqrt(S)  = 13.6 TeV
  LOOP     = 3
  alphaS(MZ) =   0.11800
          kl =   1.00000
          kv =   1.00000
         k2v =   1.00000
         kth =   1.00000
         kbh =   1.00000
        cHsq =   0.00000
       chdup =   1.20000
         cHw =   0.00000
          cH =   0.00000
         cHb =   0.00000
        cHwb =   0.00000
      cHq1st =   0.00000
      cHq3st =   0.00000
      cHq1rd =   0.00000
      cHq3rd =   0.00000
       cHdst =   0.00000
       cHust =   0.00000
       cHdrd =   0.00000
       cHurd =   0.00000
         cth =   0.00000
         cbh =   0.00000
 --------------

  mH       = 125.0000      GeV
  fact_scale 1.0
  ren_scale  1.0
  Kqq      =   0.26420908985593733            +-    2.4235435887501409E-004
  Kgq      =  -0.10347138257331542            +-    1.7208095624453139E-004
  K_nlo    =    1.1607377072826219            +-    2.9723305799952916E-004
  Kqq2     =    6.0410537132850932E-002       +-    2.0805927554688099E-004
  Kgq2     =   -5.4259310422035176E-002       +-    1.8185021079209171E-004
  Kqqs     =    2.2824836681173042E-003       +-    4.3034627102465374E-006
  Kgg      =    1.8944860562222204E-003       +-    3.1787827033664900E-006
  K_nnlo   =    1.1710659037177771            +-    4.0587470545076635E-004
  sig_LO   = (  0.16915163957979762            +-    9.9054937530290303E-005 ) fb
  sig_NLO  = (  0.19634068630895068            +-    1.1108421824217194E-004 ) fb
  sig_NNLO = (  0.19808771766985941            +-    1.2052096676044620E-004 ) fb

  pp ---> HHW- + X
  ===============

  PDFSET = PDF4LHC21_40                                NSET =  20
  Sqrt(S)  = 13.6 TeV
  LOOP     = 3
  alphaS(MZ) =   0.11800
          kl =   1.00000
          kv =   1.00000
         k2v =   1.00000
         kth =   1.00000
         kbh =   1.00000
        cHsq =   0.00000
       chdup =   1.20000
         cHw =   0.00000
          cH =   0.00000
         cHb =   0.00000
        cHwb =   0.00000
      cHq1st =   0.00000
      cHq3st =   0.00000
      cHq1rd =   0.00000
      cHq3rd =   0.00000
       cHdst =   0.00000
       cHust =   0.00000
       cHdrd =   0.00000
       cHurd =   0.00000
         cth =   0.00000
         cbh =   0.00000
 --------------

  mH       = 125.0000      GeV
  fact_scale 1.0
  ren_scale  1.0
  Kqq      =   0.26414517685529626            +-    2.4306390494644299E-004
  Kgq      =  -0.10372757096540604            +-    1.7239219426968077E-004
  K_nlo    =    1.1604176058898903            +-    2.9799182964123164E-004
  Kqq2     =    6.0386303602989133E-002       +-    2.0828733172774115E-004
  Kgq2     =   -5.4385409382174885E-002       +-    1.8206471349894147E-004
  Kqqs     =    2.2888913805508828E-003       +-    4.3175315597253376E-006
  Kgg      =    1.8857964019063536E-003       +-    3.1598123182205223E-006
  K_nnlo   =    1.1705931878931615            +-    4.0664349064665746E-004
  sig_LO   = (  0.17004818887460346            +-    9.9831012300082936E-005 ) fb
  sig_NLO  = (  0.19732691221977922            +-    1.1195526338553232E-004 ) fb
  sig_NNLO = (  0.19905725151018053            +-    1.2144057687076077E-004 ) fb

  pp ---> HHW- + X
  ===============

  PDFSET = PDF4LHC21_40                                NSET =  21
  Sqrt(S)  = 13.6 TeV
  LOOP     = 3
  alphaS(MZ) =   0.11800
          kl =   1.00000
          kv =   1.00000
         k2v =   1.00000
         kth =   1.00000
         kbh =   1.00000
        cHsq =   0.00000
       chdup =   1.20000
         cHw =   0.00000
          cH =   0.00000
         cHb =   0.00000
        cHwb =   0.00000
      cHq1st =   0.00000
      cHq3st =   0.00000
      cHq1rd =   0.00000
      cHq3rd =   0.00000
       cHdst =   0.00000
       cHust =   0.00000
       cHdrd =   0.00000
       cHurd =   0.00000
         cth =   0.00000
         cbh =   0.00000
 --------------

  mH       = 125.0000      GeV
  fact_scale 1.0
  ren_scale  1.0
  Kqq      =   0.26425562114255546            +-    2.4287634869663683E-004
  Kgq      =  -0.10403444689015498            +-    1.7279168376423826E-004
  K_nlo    =    1.1602211742524005            +-    2.9807027147015321E-004
  Kqq2     =    6.0437291501548550E-002       +-    2.0822012325011412E-004
  Kgq2     =   -5.4552018226959875E-002       +-    1.8249870606992376E-004
  Kqqs     =    2.2960953183266968E-003       +-    4.3278501659046296E-006
  Kgg      =    1.8954850792160661E-003       +-    3.1767530757655894E-006
  K_nnlo   =    1.1702980279245319            +-    4.0686128622043028E-004
  sig_LO   = (  0.16877036079071403            +-    9.9009175595776065E-005 ) fb
  sig_NLO  = (  0.19581094617560352            +-    1.1105607981405126E-004 ) fb
  sig_NNLO = (  0.19751162040548439            +-    1.2049005652430940E-004 ) fb

  pp ---> HHW- + X
  ===============

  PDFSET = PDF4LHC21_40                                NSET =  22
  Sqrt(S)  = 13.6 TeV
  LOOP     = 3
  alphaS(MZ) =   0.11800
          kl =   1.00000
          kv =   1.00000
         k2v =   1.00000
         kth =   1.00000
         kbh =   1.00000
        cHsq =   0.00000
       chdup =   1.20000
         cHw =   0.00000
          cH =   0.00000
         cHb =   0.00000
        cHwb =   0.00000
      cHq1st =   0.00000
      cHq3st =   0.00000
      cHq1rd =   0.00000
      cHq3rd =   0.00000
       cHdst =   0.00000
       cHust =   0.00000
       cHdrd =   0.00000
       cHurd =   0.00000
         cth =   0.00000
         cbh =   0.00000
 --------------

  mH       = 125.0000      GeV
  fact_scale 1.0
  ren_scale  1.0
  Kqq      =   0.26413478301716892            +-    2.4264999995158754E-004
  Kgq      =  -0.10362234047626771            +-    1.7238751324287103E-004
  K_nlo    =    1.1605124425409012            +-    2.9765160372248369E-004
  Kqq2     =    6.0382443989247775E-002       +-    2.0812730017293410E-004
  Kgq2     =   -5.4329591285655274E-002       +-    1.8203759753398517E-004
  Kqqs     =    2.2830314828321220E-003       +-    4.3042308579913299E-006
  Kgg      =    1.8985560548836859E-003       +-    3.1928145614454546E-006
  K_nnlo   =    1.1707468827822096            +-    4.0630020632518628E-004
  sig_LO   = (  0.16919643911342114            +-    9.9191776375351858E-005 ) fb
  sig_NLO  = (  0.19635457282473923            +-    1.1124431847737729E-004 ) fb
  sig_NNLO = (  0.19808620366988769            +-    1.2068480184718950E-004 ) fb

  pp ---> HHW- + X
  ===============

  PDFSET = PDF4LHC21_40                                NSET =  23
  Sqrt(S)  = 13.6 TeV
  LOOP     = 3
  alphaS(MZ) =   0.11800
          kl =   1.00000
          kv =   1.00000
         k2v =   1.00000
         kth =   1.00000
         kbh =   1.00000
        cHsq =   0.00000
       chdup =   1.20000
         cHw =   0.00000
          cH =   0.00000
         cHb =   0.00000
        cHwb =   0.00000
      cHq1st =   0.00000
      cHq3st =   0.00000
      cHq1rd =   0.00000
      cHq3rd =   0.00000
       cHdst =   0.00000
       cHust =   0.00000
       cHdrd =   0.00000
       cHurd =   0.00000
         cth =   0.00000
         cbh =   0.00000
 --------------

  mH       = 125.0000      GeV
  fact_scale 1.0
  ren_scale  1.0
  Kqq      =   0.26426256832004169            +-    2.4205620197058253E-004
  Kgq      =  -0.10377093331235845            +-    1.7241698011454033E-004
  K_nlo    =    1.1604916350076833            +-    2.9718482455240078E-004
  Kqq2     =    6.0432358186522046E-002       +-    2.0773099954799325E-004
  Kgq2     =   -5.4409520870903789E-002       +-    1.8208010614381278E-004
  Kqqs     =    2.2911395981539818E-003       +-    4.3180934112476895E-006
  Kgg      =    1.8877811567165979E-003       +-    3.1635207839132019E-006
  K_nnlo   =    1.1706933930781720            +-    4.0577433009648386E-004
  sig_LO   = (  0.16954002863212189            +-    9.9043528186259548E-005 ) fb
  sig_NLO  = (  0.19674978502654056            +-    1.1112263880166082E-004 ) fb
  sig_NNLO = (  0.19847939138190920            +-    1.2059175484645613E-004 ) fb

  pp ---> HHW- + X
  ===============

  PDFSET = PDF4LHC21_40                                NSET =  24
  Sqrt(S)  = 13.6 TeV
  LOOP     = 3
  alphaS(MZ) =   0.11800
          kl =   1.00000
          kv =   1.00000
         k2v =   1.00000
         kth =   1.00000
         kbh =   1.00000
        cHsq =   0.00000
       chdup =   1.20000
         cHw =   0.00000
          cH =   0.00000
         cHb =   0.00000
        cHwb =   0.00000
      cHq1st =   0.00000
      cHq3st =   0.00000
      cHq1rd =   0.00000
      cHq3rd =   0.00000
       cHdst =   0.00000
       cHust =   0.00000
       cHdrd =   0.00000
       cHurd =   0.00000
         cth =   0.00000
         cbh =   0.00000
 --------------

  mH       = 125.0000      GeV
  fact_scale 1.0
  ren_scale  1.0
  Kqq      =   0.26401411626925275            +-    2.4042065499249135E-004
  Kgq      =  -0.10354126654266790            +-    1.7211297953582293E-004
  K_nlo    =    1.1604728497265850            +-    2.9567713653868666E-004
  Kqq2     =    6.0331893016000941E-002       +-    2.0653640907196053E-004
  Kgq2     =   -5.4289501196096573E-002       +-    1.8183630000954138E-004
  Kqqs     =    2.2857086408928930E-003       +-    4.3006622125040082E-006
  Kgg      =    1.8823019874410496E-003       +-    3.1549642340289841E-006
  K_nnlo   =    1.1706832521748232            +-    4.0394943599416174E-004
  sig_LO   = (  0.17017217540193838            +-    9.8410851404792806E-005 ) fb
  sig_NLO  = (  0.19748018933285968            +-    1.1052781413730784E-004 ) fb
  sig_NNLO = (  0.19921771572920569            +-    1.2004171970162841E-004 ) fb

  pp ---> HHW- + X
  ===============

  PDFSET = PDF4LHC21_40                                NSET =  25
  Sqrt(S)  = 13.6 TeV
  LOOP     = 3
  alphaS(MZ) =   0.11800
          kl =   1.00000
          kv =   1.00000
         k2v =   1.00000
         kth =   1.00000
         kbh =   1.00000
        cHsq =   0.00000
       chdup =   1.20000
         cHw =   0.00000
          cH =   0.00000
         cHb =   0.00000
        cHwb =   0.00000
      cHq1st =   0.00000
      cHq3st =   0.00000
      cHq1rd =   0.00000
      cHq3rd =   0.00000
       cHdst =   0.00000
       cHust =   0.00000
       cHdrd =   0.00000
       cHurd =   0.00000
         cth =   0.00000
         cbh =   0.00000
 --------------

  mH       = 125.0000      GeV
  fact_scale 1.0
  ren_scale  1.0
  Kqq      =   0.26408131301739590            +-    2.4289152535491725E-004
  Kgq      =  -0.10381439629337881            +-    1.7290102049531285E-004
  K_nlo    =    1.1602669167240172            +-    2.9814603129600604E-004
  Kqq2     =    6.0360819850646480E-002       +-    2.0831109248510571E-004
  Kgq2     =   -5.4430676673132519E-002       +-    1.8267334907948808E-004
  Kqqs     =    2.2882928664962219E-003       +-    4.3196783825263099E-006
  Kgg      =    1.8937819932722600E-003       +-    3.1766220109116838E-006
  K_nnlo   =    1.1703791347612995            +-    4.0704160750781052E-004
  sig_LO   = (  0.16966867088367840            +-    9.9589123140283816E-005 ) fb
  sig_NLO  = (  0.19686094563086753            +-    1.1170022818984302E-004 ) fb
  sig_NNLO = (  0.19857667222493922            +-    1.2119233513841348E-004 ) fb

  pp ---> HHW- + X
  ===============

  PDFSET = PDF4LHC21_40                                NSET =  26
  Sqrt(S)  = 13.6 TeV
  LOOP     = 3
  alphaS(MZ) =   0.11800
          kl =   1.00000
          kv =   1.00000
         k2v =   1.00000
         kth =   1.00000
         kbh =   1.00000
        cHsq =   0.00000
       chdup =   1.20000
         cHw =   0.00000
          cH =   0.00000
         cHb =   0.00000
        cHwb =   0.00000
      cHq1st =   0.00000
      cHq3st =   0.00000
      cHq1rd =   0.00000
      cHq3rd =   0.00000
       cHdst =   0.00000
       cHust =   0.00000
       cHdrd =   0.00000
       cHurd =   0.00000
         cth =   0.00000
         cbh =   0.00000
 --------------

  mH       = 125.0000      GeV
  fact_scale 1.0
  ren_scale  1.0
  Kqq      =   0.26413778452728526            +-    2.4068069419969998E-004
  Kgq      =  -0.10375209289279699            +-    1.7089527976317769E-004
  K_nlo    =    1.1603856916344881            +-    2.9518196626112557E-004
  Kqq2     =    6.0388251219105474E-002       +-    2.0599573153993466E-004
  Kgq2     =   -5.4393849622206197E-002       +-    1.8017997523076153E-004
  Kqqs     =    2.2942770114331747E-003       +-    4.2882304995695056E-006
  Kgg      =    1.8820144459466425E-003       +-    3.1518835463517513E-006
  K_nnlo   =    1.1705563846887670            +-    4.0256649312048084E-004
  sig_LO   = (  0.16997054293950428            +-    9.8103074635038891E-005 ) fb
  sig_NLO  = (  0.19723138602634616            +-    1.1018832436461272E-004 ) fb
  sig_NNLO = (  0.19896010424685301            +-    1.1960818526263857E-004 ) fb

  pp ---> HHW- + X
  ===============

  PDFSET = PDF4LHC21_40                                NSET =  27
  Sqrt(S)  = 13.6 TeV
  LOOP     = 3
  alphaS(MZ) =   0.11800
          kl =   1.00000
          kv =   1.00000
         k2v =   1.00000
         kth =   1.00000
         kbh =   1.00000
        cHsq =   0.00000
       chdup =   1.20000
         cHw =   0.00000
          cH =   0.00000
         cHb =   0.00000
        cHwb =   0.00000
      cHq1st =   0.00000
      cHq3st =   0.00000
      cHq1rd =   0.00000
      cHq3rd =   0.00000
       cHdst =   0.00000
       cHust =   0.00000
       cHdrd =   0.00000
       cHurd =   0.00000
         cth =   0.00000
         cbh =   0.00000
 --------------

  mH       = 125.0000      GeV
  fact_scale 1.0
  ren_scale  1.0
  Kqq      =   0.26420268565655508            +-    2.4185730328477677E-004
  Kgq      =  -0.10357651021786844            +-    1.7199115924110923E-004
  K_nlo    =    1.1606261754386866            +-    2.9677586493730428E-004
  Kqq2     =    6.0410923700892079E-002       +-    2.0757622827728949E-004
  Kgq2     =   -5.4317103359892087E-002       +-    1.8169399315617814E-004
  Kqqs     =    2.2874692729732767E-003       +-    4.3061083333112505E-006
  Kgg      =    1.8904187905565137E-003       +-    3.1682696400305201E-006
  K_nnlo   =    1.1708978838432162            +-    4.0522227506103108E-004
  sig_LO   = (  0.16927263318508004            +-    9.8761158320246804E-005 ) fb
  sig_NLO  = (  0.19646224886003516            +-    1.1080354378941134E-004 ) fb
  sig_NNLO = (  0.19820096798897924            +-    1.2024463288805801E-004 ) fb

  pp ---> HHW- + X
  ===============

  PDFSET = PDF4LHC21_40                                NSET =  28
  Sqrt(S)  = 13.6 TeV
  LOOP     = 3
  alphaS(MZ) =   0.11800
          kl =   1.00000
          kv =   1.00000
         k2v =   1.00000
         kth =   1.00000
         kbh =   1.00000
        cHsq =   0.00000
       chdup =   1.20000
         cHw =   0.00000
          cH =   0.00000
         cHb =   0.00000
        cHwb =   0.00000
      cHq1st =   0.00000
      cHq3st =   0.00000
      cHq1rd =   0.00000
      cHq3rd =   0.00000
       cHdst =   0.00000
       cHust =   0.00000
       cHdrd =   0.00000
       cHurd =   0.00000
         cth =   0.00000
         cbh =   0.00000
 --------------

  mH       = 125.0000      GeV
  fact_scale 1.0
  ren_scale  1.0
  Kqq      =   0.26422315164423232            +-    2.4295347714789763E-004
  Kgq      =  -0.10391705748830905            +-    1.7268792848501189E-004
  K_nlo    =    1.1603060941559233            +-    2.9807299894941605E-004
  Kqq2     =    6.0420218404464501E-002       +-    2.0826779246834902E-004
  Kgq2     =   -5.4486149531890057E-002       +-    1.8236143665529373E-004
  Kqqs     =    2.2968608472447040E-003       +-    4.3330999951016687E-006
  Kgg      =    1.8790121116578319E-003       +-    3.1455281566654696E-006
  K_nnlo   =    1.1704160359874003            +-    4.0682594529389658E-004
  sig_LO   = (  0.16969033934064248            +-    9.9569987661154205E-005 ) fb
  sig_NLO  = (  0.19689273485633410            +-    1.1168048084839843E-004 ) fb
  sig_NNLO = (  0.19860829431643157            +-    1.2116078302142464E-004 ) fb

  pp ---> HHW- + X
  ===============

  PDFSET = PDF4LHC21_40                                NSET =  29
  Sqrt(S)  = 13.6 TeV
  LOOP     = 3
  alphaS(MZ) =   0.11800
          kl =   1.00000
          kv =   1.00000
         k2v =   1.00000
         kth =   1.00000
         kbh =   1.00000
        cHsq =   0.00000
       chdup =   1.20000
         cHw =   0.00000
          cH =   0.00000
         cHb =   0.00000
        cHwb =   0.00000
      cHq1st =   0.00000
      cHq3st =   0.00000
      cHq1rd =   0.00000
      cHq3rd =   0.00000
       cHdst =   0.00000
       cHust =   0.00000
       cHdrd =   0.00000
       cHurd =   0.00000
         cth =   0.00000
         cbh =   0.00000
 --------------

  mH       = 125.0000      GeV
  fact_scale 1.0
  ren_scale  1.0
  Kqq      =   0.26426563418869120            +-    2.4319269301266148E-004
  Kgq      =  -0.10395868323373310            +-    1.7267332698113456E-004
  K_nlo    =    1.1603069509549582            +-    2.9825955774372836E-004
  Kqq2     =    6.0437393718261866E-002       +-    2.0836979088299627E-004
  Kgq2     =   -5.4512004516993694E-002       +-    1.8242652858244712E-004
  Kqqs     =    2.2995458596921634E-003       +-    4.3351933302859437E-006
  Kgg      =    1.8824449151602317E-003       +-    3.1523423114265803E-006
  K_nnlo   =    1.1704143309310786            +-    4.0704410452923869E-004
  sig_LO   = (  0.16970445463708383            +-    9.9681404772060525E-005 ) fb
  sig_NLO  = (  0.19690925832342873            +-    1.1179606183571547E-004 ) fb
  sig_NNLO = (  0.19862452573008607            +-    1.2127671544618581E-004 ) fb

  pp ---> HHW- + X
  ===============

  PDFSET = PDF4LHC21_40                                NSET =  30
  Sqrt(S)  = 13.6 TeV
  LOOP     = 3
  alphaS(MZ) =   0.11800
          kl =   1.00000
          kv =   1.00000
         k2v =   1.00000
         kth =   1.00000
         kbh =   1.00000
        cHsq =   0.00000
       chdup =   1.20000
         cHw =   0.00000
          cH =   0.00000
         cHb =   0.00000
        cHwb =   0.00000
      cHq1st =   0.00000
      cHq3st =   0.00000
      cHq1rd =   0.00000
      cHq3rd =   0.00000
       cHdst =   0.00000
       cHust =   0.00000
       cHdrd =   0.00000
       cHurd =   0.00000
         cth =   0.00000
         cbh =   0.00000
 --------------

  mH       = 125.0000      GeV
  fact_scale 1.0
  ren_scale  1.0
  Kqq      =   0.26428103724463808            +-    2.4327581734602397E-004
  Kgq      =  -0.10377051888266803            +-    1.7215367340416165E-004
  K_nlo    =    1.1605105183619699            +-    2.9802686216501148E-004
  Kqq2     =    6.0441370271589856E-002       +-    2.0846760358324385E-004
  Kgq2     =   -5.4415415479788252E-002       +-    1.8186025393217422E-004
  Kqqs     =    2.2878553292724545E-003       +-    4.3129764387278075E-006
  Kgg      =    1.8876395754944889E-003       +-    3.1550284437015210E-006
  K_nnlo   =    1.1707119680585385            +-    4.0666996477018038E-004
  sig_LO   = (  0.16950145436958292            +-    9.9667608219837782E-005 ) fb
  sig_NLO  = (  0.19670822067355248            +-    1.1173852078951644E-004 ) fb
  sig_NNLO = (  0.19843738123379898            +-    1.2118224141491243E-004 ) fb

  pp ---> HHW- + X
  ===============

  PDFSET = PDF4LHC21_40                                NSET =  31
  Sqrt(S)  = 13.6 TeV
  LOOP     = 3
  alphaS(MZ) =   0.11800
          kl =   1.00000
          kv =   1.00000
         k2v =   1.00000
         kth =   1.00000
         kbh =   1.00000
        cHsq =   0.00000
       chdup =   1.20000
         cHw =   0.00000
          cH =   0.00000
         cHb =   0.00000
        cHwb =   0.00000
      cHq1st =   0.00000
      cHq3st =   0.00000
      cHq1rd =   0.00000
      cHq3rd =   0.00000
       cHdst =   0.00000
       cHust =   0.00000
       cHdrd =   0.00000
       cHurd =   0.00000
         cth =   0.00000
         cbh =   0.00000
 --------------

  mH       = 125.0000      GeV
  fact_scale 1.0
  ren_scale  1.0
  Kqq      =   0.26414975490705733            +-    2.4304602773915886E-004
  Kgq      =  -0.10335488425783136            +-    1.7207050963015950E-004
  K_nlo    =    1.1607948706492259            +-    2.9779125555356187E-004
  Kqq2     =    6.0391269894895620E-002       +-    2.0835017813457173E-004
  Kgq2     =   -5.4194763666468977E-002       +-    1.8181680533434487E-004
  Kqqs     =    2.2828571714550200E-003       +-    4.3090934300334130E-006
  Kgg      =    1.8829966622699657E-003       +-    3.1532413710883265E-006
  K_nnlo   =    1.1711572307113776            +-    4.0641763068572051E-004
  sig_LO   = (  0.16922584768812496            +-    9.9382475876367790E-005 ) fb
  sig_NLO  = (  0.19643649597764262            +-    1.1142903344831566E-004 ) fb
  sig_NNLO = (  0.19819007514320980            +-    1.2085969268522910E-004 ) fb

  pp ---> HHW- + X
  ===============

  PDFSET = PDF4LHC21_40                                NSET =  32
  Sqrt(S)  = 13.6 TeV
  LOOP     = 3
  alphaS(MZ) =   0.11800
          kl =   1.00000
          kv =   1.00000
         k2v =   1.00000
         kth =   1.00000
         kbh =   1.00000
        cHsq =   0.00000
       chdup =   1.20000
         cHw =   0.00000
          cH =   0.00000
         cHb =   0.00000
        cHwb =   0.00000
      cHq1st =   0.00000
      cHq3st =   0.00000
      cHq1rd =   0.00000
      cHq3rd =   0.00000
       cHdst =   0.00000
       cHust =   0.00000
       cHdrd =   0.00000
       cHurd =   0.00000
         cth =   0.00000
         cbh =   0.00000
 --------------

  mH       = 125.0000      GeV
  fact_scale 1.0
  ren_scale  1.0
  Kqq      =   0.26412831154075206            +-    2.4273958609488349E-004
  Kgq      =  -0.10358784451821197            +-    1.7234746989542953E-004
  K_nlo    =    1.1605404670225401            +-    2.9770145622228883E-004
  Kqq2     =    6.0378937077123850E-002       +-    2.0813469855497698E-004
  Kgq2     =   -5.4311606764732151E-002       +-    1.8208721479319207E-004
  Kqqs     =    2.2892247129468564E-003       +-    4.3232004318921569E-006
  Kgg      =    1.8825826825892226E-003       +-    3.1548979767886012E-006
  K_nnlo   =    1.1707796047304679            +-    4.0636265455108300E-004
  sig_LO   = (  0.16999263874012235            +-    9.9711938879184828E-005 ) fb
  sig_NLO  = (  0.19728333635385553            +-    1.1181925094613732E-004 ) fb
  sig_NNLO = (  0.19902391439124970            +-    1.2130264635665307E-004 ) fb

  pp ---> HHW- + X
  ===============

  PDFSET = PDF4LHC21_40                                NSET =  33
  Sqrt(S)  = 13.6 TeV
  LOOP     = 3
  alphaS(MZ) =   0.11800
          kl =   1.00000
          kv =   1.00000
         k2v =   1.00000
         kth =   1.00000
         kbh =   1.00000
        cHsq =   0.00000
       chdup =   1.20000
         cHw =   0.00000
          cH =   0.00000
         cHb =   0.00000
        cHwb =   0.00000
      cHq1st =   0.00000
      cHq3st =   0.00000
      cHq1rd =   0.00000
      cHq3rd =   0.00000
       cHdst =   0.00000
       cHust =   0.00000
       cHdrd =   0.00000
       cHurd =   0.00000
         cth =   0.00000
         cbh =   0.00000
 --------------

  mH       = 125.0000      GeV
  fact_scale 1.0
  ren_scale  1.0
  Kqq      =   0.26417151874008299            +-    2.4304463352486702E-004
  Kgq      =  -0.10361209214309269            +-    1.7210878461374225E-004
  K_nlo    =    1.1605594265969903            +-    2.9781223552174013E-004
  Kqq2     =    6.0397983923271607E-002       +-    2.0836802084243952E-004
  Kgq2     =   -5.4329782397179047E-002       +-    1.8177010146445323E-004
  Kqqs     =    2.2873151091406269E-003       +-    4.3124908622569075E-006
  Kgg      =    1.8855554256781855E-003       +-    3.1605475973003615E-006
  K_nnlo   =    1.1708004986579017            +-    4.0642135298382296E-004
  sig_LO   = (  0.16944247634032378            +-    9.9521186151497237E-005 ) fb
  sig_NLO  = (  0.19664806318270026            +-    1.1158353034187510E-004 ) fb
  sig_NNLO = (  0.19838333579308079            +-    1.2102421366941276E-004 ) fb

  pp ---> HHW- + X
  ===============

  PDFSET = PDF4LHC21_40                                NSET =  34
  Sqrt(S)  = 13.6 TeV
  LOOP     = 3
  alphaS(MZ) =   0.11800
          kl =   1.00000
          kv =   1.00000
         k2v =   1.00000
         kth =   1.00000
         kbh =   1.00000
        cHsq =   0.00000
       chdup =   1.20000
         cHw =   0.00000
          cH =   0.00000
         cHb =   0.00000
        cHwb =   0.00000
      cHq1st =   0.00000
      cHq3st =   0.00000
      cHq1rd =   0.00000
      cHq3rd =   0.00000
       cHdst =   0.00000
       cHust =   0.00000
       cHdrd =   0.00000
       cHurd =   0.00000
         cth =   0.00000
         cbh =   0.00000
 --------------

  mH       = 125.0000      GeV
  fact_scale 1.0
  ren_scale  1.0
  Kqq      =   0.26401969166756406            +-    2.4115508717040130E-004
  Kgq      =  -0.10360936595459827            +-    1.7155594583937215E-004
  K_nlo    =    1.1604103257129659            +-    2.9595137881247561E-004
  Kqq2     =    6.0334054081292533E-002       +-    2.0708642467634500E-004
  Kgq2     =   -5.4324035452637205E-002       +-    1.8103877552440612E-004
  Kqqs     =    2.2874836390894852E-003       +-    4.2975723755411435E-006
  Kgg      =    1.8887961064263260E-003       +-    3.1673634436395497E-006
  K_nnlo   =    1.1705966240871368            +-    4.0407368816729498E-004
  sig_LO   = (  0.17028838445720204            +-    9.8994076894356830E-005 ) fb
  sig_NLO  = (  0.19760439967311655            +-    1.1108417147373431E-004 ) fb
  sig_NNLO = (  0.19933900796685317            +-    1.2055916965200055E-004 ) fb

  pp ---> HHW- + X
  ===============

  PDFSET = PDF4LHC21_40                                NSET =  35
  Sqrt(S)  = 13.6 TeV
  LOOP     = 3
  alphaS(MZ) =   0.11800
          kl =   1.00000
          kv =   1.00000
         k2v =   1.00000
         kth =   1.00000
         kbh =   1.00000
        cHsq =   0.00000
       chdup =   1.20000
         cHw =   0.00000
          cH =   0.00000
         cHb =   0.00000
        cHwb =   0.00000
      cHq1st =   0.00000
      cHq3st =   0.00000
      cHq1rd =   0.00000
      cHq3rd =   0.00000
       cHdst =   0.00000
       cHust =   0.00000
       cHdrd =   0.00000
       cHurd =   0.00000
         cth =   0.00000
         cbh =   0.00000
 --------------

  mH       = 125.0000      GeV
  fact_scale 1.0
  ren_scale  1.0
  Kqq      =   0.26414516975120006            +-    2.4310536480627863E-004
  Kgq      =  -0.10360333373751539            +-    1.7230965796249988E-004
  K_nlo    =    1.1605418360136848            +-    2.9797791298139453E-004
  Kqq2     =    6.0388213124636630E-002       +-    2.0836413084198091E-004
  Kgq2     =   -5.4321444926214636E-002       +-    1.8202726168568020E-004
  Kqqs     =    2.2855273662817123E-003       +-    4.3105605770066843E-006
  Kgg      =    1.8889143047808017E-003       +-    3.1648590395015423E-006
  K_nnlo   =    1.1707830458831694            +-    4.0665583594520896E-004
  sig_LO   = (  0.16948373478992698            +-    9.9558635788550928E-005 ) fb
  sig_NLO  = (  0.19669296474755826            +-    1.1163518859732288E-004 ) fb
  sig_NNLO = (  0.19842868324500598            +-    1.2108716692457158E-004 ) fb

  pp ---> HHW- + X
  ===============

  PDFSET = PDF4LHC21_40                                NSET =  36
  Sqrt(S)  = 13.6 TeV
  LOOP     = 3
  alphaS(MZ) =   0.11800
          kl =   1.00000
          kv =   1.00000
         k2v =   1.00000
         kth =   1.00000
         kbh =   1.00000
        cHsq =   0.00000
       chdup =   1.20000
         cHw =   0.00000
          cH =   0.00000
         cHb =   0.00000
        cHwb =   0.00000
      cHq1st =   0.00000
      cHq3st =   0.00000
      cHq1rd =   0.00000
      cHq3rd =   0.00000
       cHdst =   0.00000
       cHust =   0.00000
       cHdrd =   0.00000
       cHurd =   0.00000
         cth =   0.00000
         cbh =   0.00000
 --------------

  mH       = 125.0000      GeV
  fact_scale 1.0
  ren_scale  1.0
  Kqq      =   0.26412103245567248            +-    2.4266394138482624E-004
  Kgq      =  -0.10370973621116034            +-    1.7250096876385664E-004
  K_nlo    =    1.1604112962445121            +-    2.9772868970404483E-004
  Kqq2     =    6.0376666587656960E-002       +-    2.0810206608019215E-004
  Kgq2     =   -5.4371152552905769E-002       +-    1.8216553522466591E-004
  Kqqs     =    2.2826091991737648E-003       +-    4.3025900557593779E-006
  Kgg      =    1.8974475515866611E-003       +-    3.1830321072634162E-006
  K_nnlo   =    1.1705968670300237            +-    4.0640099505046104E-004
  sig_LO   = (  0.16944161788581658            +-    9.9312846755181380E-005 ) fb
  sig_NLO  = (  0.19662196744864771            +-    1.1139122493026859E-004 ) fb
  sig_NNLO = (  0.19834782704163528            +-    1.2085078483730257E-004 ) fb

  pp ---> HHW- + X
  ===============

  PDFSET = PDF4LHC21_40                                NSET =  37
  Sqrt(S)  = 13.6 TeV
  LOOP     = 3
  alphaS(MZ) =   0.11800
          kl =   1.00000
          kv =   1.00000
         k2v =   1.00000
         kth =   1.00000
         kbh =   1.00000
        cHsq =   0.00000
       chdup =   1.20000
         cHw =   0.00000
          cH =   0.00000
         cHb =   0.00000
        cHwb =   0.00000
      cHq1st =   0.00000
      cHq3st =   0.00000
      cHq1rd =   0.00000
      cHq3rd =   0.00000
       cHdst =   0.00000
       cHust =   0.00000
       cHdrd =   0.00000
       cHurd =   0.00000
         cth =   0.00000
         cbh =   0.00000
 --------------

  mH       = 125.0000      GeV
  fact_scale 1.0
  ren_scale  1.0
  Kqq      =   0.26391287484608394            +-    2.4205745994709907E-004
  Kgq      =  -0.10305616531243329            +-    1.7129861342446502E-004
  K_nlo    =    1.1608567095336506            +-    2.9653841045838527E-004
  Kqq2     =    6.0290830668788153E-002       +-    2.0769140739265656E-004
  Kgq2     =   -5.4033462735945080E-002       +-    1.8091336727103557E-004
  Kqqs     =    2.2771221185391029E-003       +-    4.2916578353310988E-006
  Kgg      =    1.8765997601881722E-003       +-    3.1441794193517748E-006
  K_nnlo   =    1.1712677993452210            +-    4.0475758205433214E-004
  sig_LO   = (  0.17047053267513096            +-    9.9595100502273602E-005 ) fb
  sig_NLO  = (  0.19789186163370120            +-    1.1168972106241217E-004 ) fb
  sig_NNLO = (  0.19966664565960823            +-    1.2116137688964436E-004 ) fb

  pp ---> HHW- + X
  ===============

  PDFSET = PDF4LHC21_40                                NSET =  38
  Sqrt(S)  = 13.6 TeV
  LOOP     = 3
  alphaS(MZ) =   0.11800
          kl =   1.00000
          kv =   1.00000
         k2v =   1.00000
         kth =   1.00000
         kbh =   1.00000
        cHsq =   0.00000
       chdup =   1.20000
         cHw =   0.00000
          cH =   0.00000
         cHb =   0.00000
        cHwb =   0.00000
      cHq1st =   0.00000
      cHq3st =   0.00000
      cHq1rd =   0.00000
      cHq3rd =   0.00000
       cHdst =   0.00000
       cHust =   0.00000
       cHdrd =   0.00000
       cHurd =   0.00000
         cth =   0.00000
         cbh =   0.00000
 --------------

  mH       = 125.0000      GeV
  fact_scale 1.0
  ren_scale  1.0
  Kqq      =   0.26411242126032730            +-    2.4276246563440716E-004
  Kgq      =  -0.10371548515846053            +-    1.7234395953910319E-004
  K_nlo    =    1.1603969361018669            +-    2.9771807991875931E-004
  Kqq2     =    6.0373284366805474E-002       +-    2.0814095661385076E-004
  Kgq2     =   -5.4376555011852033E-002       +-    1.8200028640849087E-004
  Kqqs     =    2.2890494069735235E-003       +-    4.3164275416652137E-006
  Kgg      =    1.8834725649615395E-003       +-    3.1550343972528957E-006
  K_nnlo   =    1.1705661874287554            +-    4.0633902467297506E-004
  sig_LO   = (  0.16983007473144682            +-    9.9573806406768798E-005 ) fb
  sig_NLO  = (  0.19707029837632195            +-    1.1167545192430465E-004 ) fb
  sig_NNLO = (  0.19879734308913030            +-    1.2114919724012614E-004 ) fb

  pp ---> HHW- + X
  ===============

  PDFSET = PDF4LHC21_40                                NSET =  39
  Sqrt(S)  = 13.6 TeV
  LOOP     = 3
  alphaS(MZ) =   0.11800
          kl =   1.00000
          kv =   1.00000
         k2v =   1.00000
         kth =   1.00000
         kbh =   1.00000
        cHsq =   0.00000
       chdup =   1.20000
         cHw =   0.00000
          cH =   0.00000
         cHb =   0.00000
        cHwb =   0.00000
      cHq1st =   0.00000
      cHq3st =   0.00000
      cHq1rd =   0.00000
      cHq3rd =   0.00000
       cHdst =   0.00000
       cHust =   0.00000
       cHdrd =   0.00000
       cHurd =   0.00000
         cth =   0.00000
         cbh =   0.00000
 --------------

  mH       = 125.0000      GeV
  fact_scale 1.0
  ren_scale  1.0
  Kqq      =   0.26403452118393567            +-    2.4269184476275710E-004
  Kgq      =  -0.10340090454672889            +-    1.7213866670846452E-004
  K_nlo    =    1.1606336166372069            +-    2.9754168126586573E-004
  Kqq2     =    6.0337007631937174E-002       +-    2.0810537047468965E-004
  Kgq2     =   -5.4197721079874653E-002       +-    1.8178731695798805E-004
  Kqqs     =    2.2770777106045125E-003       +-    4.2996140101866760E-006
  Kgg      =    1.8909011923064062E-003       +-    3.1708616361971712E-006
  K_nnlo   =    1.1709408820921803            +-    4.0609613019808793E-004
  sig_LO   = (  0.16970432758427748            +-    9.9479921824791360E-005 ) fb
  sig_NLO  = (  0.19696454748312525            +-    1.1156123917672739E-004 ) fb
  sig_NNLO = (  0.19871373503639417            +-    1.2101944973771391E-004 ) fb

  pp ---> HHW- + X
  ===============

  PDFSET = PDF4LHC21_40                                NSET =  40
  Sqrt(S)  = 13.6 TeV
  LOOP     = 3
  alphaS(MZ) =   0.11800
          kl =   1.00000
          kv =   1.00000
         k2v =   1.00000
         kth =   1.00000
         kbh =   1.00000
        cHsq =   0.00000
       chdup =   1.20000
         cHw =   0.00000
          cH =   0.00000
         cHb =   0.00000
        cHwb =   0.00000
      cHq1st =   0.00000
      cHq3st =   0.00000
      cHq1rd =   0.00000
      cHq3rd =   0.00000
       cHdst =   0.00000
       cHust =   0.00000
       cHdrd =   0.00000
       cHurd =   0.00000
         cth =   0.00000
         cbh =   0.00000
 --------------

  mH       = 125.0000      GeV
  fact_scale 1.0
  ren_scale  1.0
  Kqq      =   0.26413425046690214            +-    2.4223846978944173E-004
  Kgq      =  -0.10354049010758559            +-    1.7205594803938352E-004
  K_nlo    =    1.1605937603593166            +-    2.9712409108260024E-004
  Kqq2     =    6.0381497319782949E-002       +-    2.0789636084514023E-004
  Kgq2     =   -5.4291409886257899E-002       +-    1.8175588164440358E-004
  Kqqs     =    2.2859791967344413E-003       +-    4.3058670336468823E-006
  Kgg      =    1.8835899121209183E-003       +-    3.1555210635302837E-006
  K_nnlo   =    1.1708534169016971            +-    4.0566897918221738E-004
  sig_LO   = (  0.16980474662991385            +-    9.9338451137232799E-005 ) fb
  sig_NLO  = (  0.19707432941807268            +-    1.1141652147295276E-004 ) fb
  sig_NNLO = (  0.19881646779776152            +-    1.2088508892963020E-004 ) fb

  pp ---> HHW- + X
  ===============

  PDFSET = PDF4LHC21_40                                NSET =  41
  Sqrt(S)  = 13.6 TeV
  LOOP     = 3
  alphaS(MZ) =   0.11700
          kl =   1.00000
          kv =   1.00000
         k2v =   1.00000
         kth =   1.00000
         kbh =   1.00000
        cHsq =   0.00000
       chdup =   1.20000
         cHw =   0.00000
          cH =   0.00000
         cHb =   0.00000
        cHwb =   0.00000
      cHq1st =   0.00000
      cHq3st =   0.00000
      cHq1rd =   0.00000
      cHq3rd =   0.00000
       cHdst =   0.00000
       cHust =   0.00000
       cHdrd =   0.00000
       cHurd =   0.00000
         cth =   0.00000
         cbh =   0.00000
 --------------

  mH       = 125.0000      GeV
  fact_scale 1.0
  ren_scale  1.0
  Kqq      =   0.26209013716824325            +-    2.4047864594413477E-004
  Kgq      =  -0.10147964298354319            +-    1.6874566271681443E-004
  K_nlo    =    1.1606104941847000            +-    2.9377725888989677E-004
  Kqq2     =    5.9465752063821931E-002       +-    2.0495793340973687E-004
  Kgq2     =   -5.2853654047619165E-002       +-    1.7700883065139363E-004
  Kqqs     =    2.2468982910426728E-003       +-    4.2391342253505104E-006
  Kgg      =    1.8160612582975976E-003       +-    3.0404245768069360E-006
  K_nnlo   =    1.1712855517502430            +-    3.9959000597814388E-004
  sig_LO   = (  0.17049533238609388            +-    9.9627046851445195E-005 ) fb
  sig_NLO  = (  0.19787867197680914            +-    1.1150928789701404E-004 ) fb
  sig_NNLO = (  0.19969871946468706            +-    1.2069384536167371E-004 ) fb

  pp ---> HHW- + X
  ===============

  PDFSET = PDF4LHC21_40                                NSET =  42
  Sqrt(S)  = 13.6 TeV
  LOOP     = 3
  alphaS(MZ) =   0.11900
          kl =   1.00000
          kv =   1.00000
         k2v =   1.00000
         kth =   1.00000
         kbh =   1.00000
        cHsq =   0.00000
       chdup =   1.20000
         cHw =   0.00000
          cH =   0.00000
         cHb =   0.00000
        cHwb =   0.00000
      cHq1st =   0.00000
      cHq3st =   0.00000
      cHq1rd =   0.00000
      cHq3rd =   0.00000
       cHdst =   0.00000
       cHust =   0.00000
       cHdrd =   0.00000
       cHurd =   0.00000
         cth =   0.00000
         cbh =   0.00000
 --------------

  mH       = 125.0000      GeV
  fact_scale 1.0
  ren_scale  1.0
  Kqq      =   0.26590284724008739            +-    2.4412127337176501E-004
  Kgq      =  -0.10234828034167964            +-    1.7027826279432487E-004
  K_nlo    =    1.1635545668984077            +-    2.9764052629456425E-004
  Kqq2     =    6.1194014188910809E-002       +-    2.1081050390053132E-004
  Kgq2     =   -5.4021912659647071E-002       +-    1.8099702784268770E-004
  Kqqs     =    2.3163196440960940E-003       +-    4.3632181637183779E-006
  Kgg      =    1.8505670319455387E-003       +-    3.1105113027987561E-006
  K_nnlo   =    1.1748935551037132            +-    4.0720951424162081E-004
  sig_LO   = (  0.17074616695023287            +-    9.9994412666100271E-005 ) fb
  sig_NLO  = (  0.19867248233534143            +-    1.1216797435244774E-004 ) fb
  sig_NNLO = (  0.20060857110849120            +-    1.2179174392045182E-004 ) fb

