  pp ---> HHW- + X
  ===============

  PDFSET = PDF4LHC21_40                                NSET =   0
  Sqrt(S)  = 13.6 TeV
  LOOP     = 3
  alphaS(MZ) =   0.11800
          kl =   1.00000
          kv =   1.00000
         k2v =   1.00000
         kth =   1.00000
         kbh =   1.00000
        cHsq =   0.60000
       chdup =   0.00000
         cHw =   0.00000
          cH =   0.00000
         cHb =   0.00000
        cHwb =   0.00000
      cHq1st =   0.00000
      cHq3st =   0.00000
      cHq1rd =   0.00000
      cHq3rd =   0.00000
       cHdst =   0.00000
       cHust =   0.00000
       cHdrd =   0.00000
       cHurd =   0.00000
         cth =   0.00000
         cbh =   0.00000
 --------------

  mH       = 125.0000      GeV
  fact_scale 0.5
  ren_scale  0.5
  Kqq      =   0.20987749087875809            +-    1.9875139726414481E-004
  Kgq      =   -3.8072885099371220E-002       +-    1.8696709400717814E-004
  K_nlo    =    1.1718046057793869            +-    2.7287142055543103E-004
  Kqq2     =    2.6043168987423756E-002       +-    1.9421670868912598E-004
  Kgq2     =   -2.6466591149554047E-002       +-    1.7734648184225147E-004
  Kqqs     =    1.5075656288889758E-003       +-    4.4671627032370406E-006
  Kgg      =    5.7465109515164462E-004       +-    3.1106935341084382E-006
  K_nnlo   =    1.1734634003412971            +-    3.7902552508858829E-004
  sig_LO   = (  0.23690407826383442            +-    1.3751718133891527E-004 ) fb
  sig_NLO  = (  0.27760529003748147            +-    1.5195350426000558E-004 ) fb
  sig_NNLO = (  0.27799826523419990            +-    1.6423672798268209E-004 ) fb

  mH       = 125.0000      GeV
  fact_scale 1.0
  ren_scale  0.5
  Kqq      =   0.28747582257022219            +-    2.5926395389283031E-004
  Kgq      =  -0.11272995381976407            +-    1.8587788546309982E-004
  K_nlo    =    1.1747458687504582            +-    3.1901157673723518E-004
  Kqq2     =    4.7294920529469542E-002       +-    2.8589528256815842E-004
  Kgq2     =   -5.4832415264405444E-002       +-    2.3629774962206310E-004
  Kqqs     =    2.7094989399453185E-003       +-    5.0807223706297901E-006
  Kgg      =    2.2373628960271818E-003       +-    3.7287277048904253E-006
  K_nnlo   =    1.1721552358514946            +-    4.8926561529874534E-004
  sig_LO   = (  0.23437019657263436            +-    1.3591279193677871E-004 ) fb
  sig_NLO  = (  0.27532542018193501            +-    1.5512047667488443E-004 ) fb
  sig_NNLO = (  0.27471825304015740            +-    1.7782387474289823E-004 ) fb

  mH       = 125.0000      GeV
  fact_scale 0.5
  ren_scale  1.0
  Kqq      =   0.19282611749118397            +-    1.8272501205161159E-004
  Kgq      =   -3.4982345041728813E-002       +-    1.7168055419425343E-004
  K_nlo    =    1.1578437724494552            +-    2.5072423639869280E-004
  Kqq2     =    3.6900173765977297E-002       +-    1.3803176858767828E-004
  Kgq2     =   -2.5051091086835734E-002       +-    1.5058841593097304E-004
  Kqqs     =    1.2702012478011883E-003       +-    3.7604792327689245E-006
  Kgg      =    4.8429814709137774E-004       +-    2.6191299723388296E-006
  K_nnlo   =    1.1714473545234894            +-    3.2343976860556555E-004
  sig_LO   = (  0.23690407826383442            +-    1.3751718133891527E-004 ) fb
  sig_NLO  = (  0.27429791168565903            +-    1.4979669339118857E-004 ) fb
  sig_NNLO = (  0.27752065575799451            +-    1.5742376957808836E-004 ) fb

  mH       = 125.0000      GeV
  fact_scale 1.0
  ren_scale  1.0
  Kqq      =   0.26412053436653582            +-    2.3834160122901982E-004
  Kgq      =  -0.10351593306578763            +-    1.7061335252372564E-004
  K_nlo    =    1.1606046013007483            +-    2.9311368943773028E-004
  Kqq2     =    6.0371236449976898E-002       +-    2.0508093268322238E-004
  Kgq2     =   -5.4251255983625561E-002       +-    1.8078048605345336E-004
  Kqqs     =    2.2856706509482823E-003       +-    4.2838126612943410E-006
  Kgg      =    1.8845270230731302E-003       +-    3.1384728357813599E-006
  K_nnlo   =    1.1708947794411211            +-    4.0085360056559233E-004
  sig_LO   = (  0.23437019657263436            +-    1.3591279193677871E-004 ) fb
  sig_NLO  = (  0.27201112854996029            +-    1.5228782074803499E-004 ) fb
  sig_NNLO = (  0.27442283962348685            +-    1.6522269664954775E-004 ) fb

  mH       = 125.0000      GeV
  fact_scale 1.5
  ren_scale  1.0
  Kqq      =   0.30694737604142808            +-    2.8177370413291910E-004
  Kgq      =  -0.14198362424361002            +-    1.7000403894626060E-004
  K_nlo    =    1.1649637517978180            +-    3.2908630114124700E-004
  Kqq2     =    7.4104150160876320E-002       +-    2.6276608367919730E-004
  Kgq2     =   -7.4626932072888869E-002       +-    2.0915709156994246E-004
  Kqqs     =    4.0608261369546464E-003       +-    5.0952370659994244E-006
  Kgg      =    3.1453825808325465E-003       +-    3.6291144471609719E-006
  K_nnlo   =    1.1716471786035925            +-    4.7024422292821103E-004
  sig_LO   = (  0.23260861029234173            +-    1.3488530435802092E-004 ) fb
  sig_NLO  = (  0.27098059934664298            +-    1.5509251646378714E-004 ) fb
  sig_NNLO = (  0.27253522196792479            +-    1.7366247246311352E-004 ) fb

  mH       = 125.0000      GeV
  fact_scale 2.0
  ren_scale  1.0
  Kqq      =   0.33763556178580845            +-    3.2075965639096870E-004
  Kgq      =  -0.16844527218671862            +-    1.8946659368453340E-004
  K_nlo    =    1.1691902895990898            +-    3.7253771257481089E-004
  Kqq2     =    8.3853457296363051E-002       +-    3.1513102050851266E-004
  Kgq2     =   -9.0514524086645939E-002       +-    2.3921900315442162E-004
  Kqqs     =    5.8233227769971512E-003       +-    5.9923761195983914E-006
  Kgg      =    4.2096201425621954E-003       +-    4.2009421278806397E-006
  K_nnlo   =    1.1725621657283660            +-    5.4348063013664506E-004
  sig_LO   = (  0.23126413824971609            +-    1.3412014010237113E-004 ) fb
  sig_NLO  = (  0.27039178477406950            +-    1.5940774552483428E-004 ) fb
  sig_NNLO = (  0.27117157880139142            +-    1.8380854072309839E-004 ) fb

  mH       = 125.0000      GeV
  fact_scale 1.0
  ren_scale  1.5
  Kqq      =   0.25216915824425229            +-    2.2762574428706063E-004
  Kgq      =   -9.8804674080424204E-002       +-    1.6281397419658437E-004
  K_nlo    =    1.1533644841638280            +-    2.7986044675145565E-004
  Kqq2     =    6.5970911330514831E-002       +-    1.8699120901866570E-004
  Kgq2     =   -5.3738612438466019E-002       +-    1.6047449658052447E-004
  Kqqs     =    2.0828399998192738E-003       +-    3.9026261933632155E-006
  Kgg      =    1.7159577657442442E-003       +-    2.8567313913757694E-006
  K_nnlo   =    1.1693955808214402            +-    3.7291156775354537E-004
  sig_LO   = (  0.23437019657263436            +-    1.3591279193677871E-004 ) fb
  sig_NLO  = (  0.27031426087337140            +-    1.5091209183109767E-004 ) fb
  sig_NNLO = (  0.27407147214829092            +-    1.6158878269462770E-004 ) fb

  mH       = 125.0000      GeV
  fact_scale 1.5
  ren_scale  1.5
  Kqq      =   0.29305696884833266            +-    2.6902578541817260E-004
  Kgq      =  -0.13551511479825182            +-    1.6230040955284583E-004
  K_nlo    =    1.1575418540500808            +-    3.1419149600345029E-004
  Kqq2     =    8.0248751514161915E-002       +-    2.3163551896479716E-004
  Kgq2     =   -7.3955137340331850E-002       +-    1.9296735830882410E-004
  Kqqs     =    3.7002836591448346E-003       +-    4.6425902915059945E-006
  Kgg      =    2.8637491863260150E-003       +-    3.3052284307609830E-006
  K_nnlo   =    1.1703995010693817            +-    4.3547696765645070E-004
  sig_LO   = (  0.23260861029234173            +-    1.3488530435802092E-004 ) fb
  sig_NLO  = (  0.26925420202580991            +-    1.5341207523291496E-004 ) fb
  sig_NNLO = (  0.27224500143059899            +-    1.6868569175353573E-004 ) fb

  mH       = 125.0000      GeV
  fact_scale 2.0
  ren_scale  1.5
  Kqq      =   0.32235374487046076            +-    3.0623726990563186E-004
  Kgq      =  -0.16076711602637650            +-    1.8088789086071706E-004
  K_nlo    =    1.1615866288440841            +-    3.5567076705753244E-004
  Kqq2     =    9.0405413617735533E-002       +-    2.6945756844480080E-004
  Kgq2     =   -8.9571818306457995E-002       +-    2.2557771244298503E-004
  Kqqs     =    5.3059328776067340E-003       +-    5.4594310223999620E-006
  Kgg      =    3.8325043666725049E-003       +-    3.8253904346416229E-006
  K_nnlo   =    1.1715586613996409            +-    5.0003881757474972E-004
  sig_LO   = (  0.23126413824971609            +-    1.3412014010237113E-004 ) fb
  sig_NLO  = (  0.26863333072201995            +-    1.5733376931798679E-004 ) fb
  sig_NNLO = (  0.27093950423757895            +-    1.7709055185429837E-004 ) fb

  mH       = 125.0000      GeV
  fact_scale 1.0
  ren_scale  2.0
  Kqq      =   0.24433675751900191            +-    2.2060068527783870E-004
  Kgq      =   -9.5718522149110072E-002       +-    1.5770700723428580E-004
  K_nlo    =    1.1486182353698917            +-    2.7117551968392558E-004
  Kqq2     =    6.9207298776801915E-002       +-    1.8329704855125434E-004
  Kgq2     =   -5.3329871601838122E-002       +-    1.5090296370396406E-004
  Kqqs     =    1.9550635156971178E-003       +-    3.6625701373527942E-006
  Kgg      =    1.6098663057675562E-003       +-    2.6794999431016192E-006
  K_nnlo   =    1.1680605923663201            +-    3.6045286665255418E-004
  sig_LO   = (  0.23437019657263436            +-    1.3591279193677871E-004 ) fb
  sig_NLO  = (  0.26920188161055397            +-    1.5003860666276702E-004 ) fb
  sig_NNLO = (  0.27375859064164221            +-    1.6002830247474343E-004 ) fb

  mH       = 125.0000      GeV
  fact_scale 1.5
  ren_scale  2.0
  Kqq      =   0.28395384194887430            +-    2.6067330010462171E-004
  Kgq      =  -0.13127816947847049            +-    1.5725217053479335E-004
  K_nlo    =    1.1526756724704037            +-    3.0443195385067236E-004
  Kqq2     =    8.3812704371301769E-002       +-    2.2421425784997789E-004
  Kgq2     =   -7.3397191266605766E-002       +-    1.8619374208676457E-004
  Kqqs     =    3.4731698740734225E-003       +-    4.3574865721192463E-006
  Kgg      =    2.6865204093527990E-003       +-    3.1013493459282838E-006
  K_nnlo   =    1.1692508758585256            +-    4.2148257804779853E-004
  sig_LO   = (  0.23260861029234173            +-    1.3488530435802092E-004 ) fb
  sig_NLO  = (  0.26812228629113111            +-    1.5234367799061606E-004 ) fb
  sig_NNLO = (  0.27197782131655518            +-    1.6675125310347874E-004 ) fb

  mH       = 125.0000      GeV
  fact_scale 2.0
  ren_scale  2.0
  Kqq      =   0.31233888751449107            +-    2.9672133264540271E-004
  Kgq      =  -0.15573805116059269            +-    1.7526556672271739E-004
  K_nlo    =    1.1566008363538982            +-    3.4461800319411499E-004
  Kqq2     =    9.4198509427731378E-002       +-    2.5663933675939789E-004
  Kgq2     =   -8.8807790607763559E-002       +-    2.1905145341093854E-004
  Kqqs     =    4.9800397091015062E-003       +-    5.1237393804176405E-006
  Kgg      =    3.5952042124365738E-003       +-    3.5890322542817818E-006
  K_nnlo   =    1.1705667990954041            +-    4.8233597253056706E-004
  sig_LO   = (  0.23126413824971609            +-    1.3412014010237113E-004 ) fb
  sig_NLO  = (  0.26748029571828524            +-    1.5601265653820235E-004 ) fb
  sig_NNLO = (  0.27071012205652728            +-    1.7444468492308350E-004 ) fb

  pp ---> HHW- + X
  ===============

  PDFSET = PDF4LHC21_40                                NSET =   1
  Sqrt(S)  = 13.6 TeV
  LOOP     = 3
  alphaS(MZ) =   0.11800
          kl =   1.00000
          kv =   1.00000
         k2v =   1.00000
         kth =   1.00000
         kbh =   1.00000
        cHsq =   0.60000
       chdup =   0.00000
         cHw =   0.00000
          cH =   0.00000
         cHb =   0.00000
        cHwb =   0.00000
      cHq1st =   0.00000
      cHq3st =   0.00000
      cHq1rd =   0.00000
      cHq3rd =   0.00000
       cHdst =   0.00000
       cHust =   0.00000
       cHdrd =   0.00000
       cHurd =   0.00000
         cth =   0.00000
         cbh =   0.00000
 --------------

  mH       = 125.0000      GeV
  fact_scale 1.0
  ren_scale  1.0
  Kqq      =   0.26437144548072988            +-    2.3583427775816963E-004
  Kgq      =  -0.10384446611441503            +-    1.7000357015309160E-004
  K_nlo    =    1.1605269793663147            +-    2.9072155136920043E-004
  Kqq2     =    6.0474905494983723E-002       +-    2.0322175372615453E-004
  Kgq2     =   -5.4438854749853716E-002       +-    1.7997900228882498E-004
  Kqqs     =    2.2938832739251205E-003       +-    4.2654528894154025E-006
  Kgg      =    1.8889627397263352E-003       +-    3.1451032350173199E-006
  K_nnlo   =    1.1707458761250962            +-    3.9779219279121106E-004
  sig_LO   = (  0.23385826113815572            +-    1.3306791121240309E-004 ) fb
  sig_NLO  = (  0.27139882139852273            +-    1.4943021015971522E-004 ) fb
  sig_NNLO = (  0.27378859482528167            +-    1.6236098655776152E-004 ) fb

  pp ---> HHW- + X
  ===============

  PDFSET = PDF4LHC21_40                                NSET =   2
  Sqrt(S)  = 13.6 TeV
  LOOP     = 3
  alphaS(MZ) =   0.11800
          kl =   1.00000
          kv =   1.00000
         k2v =   1.00000
         kth =   1.00000
         kbh =   1.00000
        cHsq =   0.60000
       chdup =   0.00000
         cHw =   0.00000
          cH =   0.00000
         cHb =   0.00000
        cHwb =   0.00000
      cHq1st =   0.00000
      cHq3st =   0.00000
      cHq1rd =   0.00000
      cHq3rd =   0.00000
       cHdst =   0.00000
       cHust =   0.00000
       cHdrd =   0.00000
       cHurd =   0.00000
         cth =   0.00000
         cbh =   0.00000
 --------------

  mH       = 125.0000      GeV
  fact_scale 1.0
  ren_scale  1.0
  Kqq      =   0.26410632775217191            +-    2.3911635814172851E-004
  Kgq      =  -0.10497586445623255            +-    1.7240016114831769E-004
  K_nlo    =    1.1591304632959394            +-    2.9478542754846158E-004
  Kqq2     =    6.0373508444614706E-002       +-    2.0548398573635976E-004
  Kgq2     =   -5.5032650256894258E-002       +-    1.8260102703163280E-004
  Kqqs     =    2.3242219748975798E-003       +-    4.3542843815869904E-006
  Kgg      =    1.8814405723190533E-003       +-    3.1200576695719701E-006
  K_nnlo   =    1.1686769840308764            +-    4.0310537867209619E-004
  sig_LO   = (  0.23377067603916163            +-    1.3600607577778122E-004 ) fb
  sig_NLO  = (  0.27097071202227835            +-    1.5246816847381392E-004 ) fb
  sig_NNLO = (  0.27320240862830653            +-    1.6546220197016318E-004 ) fb

  pp ---> HHW- + X
  ===============

  PDFSET = PDF4LHC21_40                                NSET =   3
  Sqrt(S)  = 13.6 TeV
  LOOP     = 3
  alphaS(MZ) =   0.11800
          kl =   1.00000
          kv =   1.00000
         k2v =   1.00000
         kth =   1.00000
         kbh =   1.00000
        cHsq =   0.60000
       chdup =   0.00000
         cHw =   0.00000
          cH =   0.00000
         cHb =   0.00000
        cHwb =   0.00000
      cHq1st =   0.00000
      cHq3st =   0.00000
      cHq1rd =   0.00000
      cHq3rd =   0.00000
       cHdst =   0.00000
       cHust =   0.00000
       cHdrd =   0.00000
       cHurd =   0.00000
         cth =   0.00000
         cbh =   0.00000
 --------------

  mH       = 125.0000      GeV
  fact_scale 1.0
  ren_scale  1.0
  Kqq      =   0.26432222516725273            +-    2.4087609847071666E-004
  Kgq      =  -0.10400538117111302            +-    1.7076621292637042E-004
  K_nlo    =    1.1603168439961398            +-    2.9526664947414713E-004
  Kqq2     =    6.0449544818035279E-002       +-    2.0673145078621441E-004
  Kgq2     =   -5.4513866387675317E-002       +-    1.8086947786365184E-004
  Kqqs     =    2.2931854438711539E-003       +-    4.2961962696742539E-006
  Kgg      =    1.8891035464937175E-003       +-    3.1439544358567059E-006
  K_nnlo   =    1.1704348114168646            +-    4.0331426556770123E-004
  sig_LO   = (  0.23315423476907898            +-    1.3732572609441397E-004 ) fb
  sig_NLO  = (  0.27053278585159274            +-    1.5361532547337962E-004 ) fb
  sig_NNLO = (  0.27289183280299034            +-    1.6643565987242847E-004 ) fb

  pp ---> HHW- + X
  ===============

  PDFSET = PDF4LHC21_40                                NSET =   4
  Sqrt(S)  = 13.6 TeV
  LOOP     = 3
  alphaS(MZ) =   0.11800
          kl =   1.00000
          kv =   1.00000
         k2v =   1.00000
         kth =   1.00000
         kbh =   1.00000
        cHsq =   0.60000
       chdup =   0.00000
         cHw =   0.00000
          cH =   0.00000
         cHb =   0.00000
        cHwb =   0.00000
      cHq1st =   0.00000
      cHq3st =   0.00000
      cHq1rd =   0.00000
      cHq3rd =   0.00000
       cHdst =   0.00000
       cHust =   0.00000
       cHdrd =   0.00000
       cHurd =   0.00000
         cth =   0.00000
         cbh =   0.00000
 --------------

  mH       = 125.0000      GeV
  fact_scale 1.0
  ren_scale  1.0
  Kqq      =   0.26467356339757436            +-    2.3782754572396447E-004
  Kgq      =  -0.10462381290923640            +-    1.7263570322374736E-004
  K_nlo    =    1.1600497504883378            +-    2.9387927373777516E-004
  Kqq2     =    6.0591700262720691E-002       +-    2.0474678817749070E-004
  Kgq2     =   -5.4829661921694986E-002       +-    1.8295653579186426E-004
  Kqqs     =    2.3027073548805518E-003       +-    4.3144648665487208E-006
  Kgg      =    1.9163963234405238E-003       +-    3.2006384051383842E-006
  K_nnlo   =    1.1700308925076846            +-    4.0222907339460841E-004
  sig_LO   = (  0.23109386579824914            +-    1.3350651951981544E-004 ) fb
  sig_NLO  = (  0.26808038135864437            +-    1.4978738616815406E-004 ) fb
  sig_NNLO = (  0.27038696205297658            +-    1.6267817891352771E-004 ) fb

  pp ---> HHW- + X
  ===============

  PDFSET = PDF4LHC21_40                                NSET =   5
  Sqrt(S)  = 13.6 TeV
  LOOP     = 3
  alphaS(MZ) =   0.11800
          kl =   1.00000
          kv =   1.00000
         k2v =   1.00000
         kth =   1.00000
         kbh =   1.00000
        cHsq =   0.60000
       chdup =   0.00000
         cHw =   0.00000
          cH =   0.00000
         cHb =   0.00000
        cHwb =   0.00000
      cHq1st =   0.00000
      cHq3st =   0.00000
      cHq1rd =   0.00000
      cHq3rd =   0.00000
       cHdst =   0.00000
       cHust =   0.00000
       cHdrd =   0.00000
       cHurd =   0.00000
         cth =   0.00000
         cbh =   0.00000
 --------------

  mH       = 125.0000      GeV
  fact_scale 1.0
  ren_scale  1.0
  Kqq      =   0.26429778999780384            +-    2.3956905865862494E-004
  Kgq      =  -0.10353883649069884            +-    1.7041292473966700E-004
  K_nlo    =    1.1607589535071050            +-    2.9399642648322632E-004
  Kqq2     =    6.0442979206648213E-002       +-    2.0573946127603078E-004
  Kgq2     =   -5.4265619029110347E-002       +-    1.8050681147846738E-004
  Kqqs     =    2.2866930407725691E-003       +-    4.2851724088091383E-006
  Kgg      =    1.8790320982198260E-003       +-    3.1302173807879643E-006
  K_nnlo   =    1.1711020388236353            +-    4.0171319951503410E-004
  sig_LO   = (  0.23357197691759876            +-    1.3637246130152115E-004 ) fb
  sig_NLO  = (  0.27112076349545761            +-    1.5268570531960912E-004 ) fb
  sig_NNLO = (  0.27353661838026699            +-    1.6553343873609979E-004 ) fb

  pp ---> HHW- + X
  ===============

  PDFSET = PDF4LHC21_40                                NSET =   6
  Sqrt(S)  = 13.6 TeV
  LOOP     = 3
  alphaS(MZ) =   0.11800
          kl =   1.00000
          kv =   1.00000
         k2v =   1.00000
         kth =   1.00000
         kbh =   1.00000
        cHsq =   0.60000
       chdup =   0.00000
         cHw =   0.00000
          cH =   0.00000
         cHb =   0.00000
        cHwb =   0.00000
      cHq1st =   0.00000
      cHq3st =   0.00000
      cHq1rd =   0.00000
      cHq3rd =   0.00000
       cHdst =   0.00000
       cHust =   0.00000
       cHdrd =   0.00000
       cHurd =   0.00000
         cth =   0.00000
         cbh =   0.00000
 --------------

  mH       = 125.0000      GeV
  fact_scale 1.0
  ren_scale  1.0
  Kqq      =   0.26414483049212434            +-    2.3861746678064042E-004
  Kgq      =  -0.10383568738607216            +-    1.7066230030374539E-004
  K_nlo    =    1.1603091431060522            +-    2.9336652194443698E-004
  Kqq2     =    6.0379884850273131E-002       +-    2.0532069256290814E-004
  Kgq2     =   -5.4420871021046410E-002       +-    1.8082551997950972E-004
  Kqqs     =    2.2885479879549181E-003       +-    4.2834825229579134E-006
  Kgg      =    1.8890048634727843E-003       +-    3.1495461036223428E-006
  K_nnlo   =    1.1704457097867067            +-    4.0118155432588301E-004
  sig_LO   = (  0.23460682922031531            +-    1.3646578866398547E-004 ) fb
  sig_NLO  = (  0.27221644897945196            +-    1.5283946080034614E-004 ) fb
  sig_NNLO = (  0.27459455674758054            +-    1.6577536955487192E-004 ) fb

  pp ---> HHW- + X
  ===============

  PDFSET = PDF4LHC21_40                                NSET =   7
  Sqrt(S)  = 13.6 TeV
  LOOP     = 3
  alphaS(MZ) =   0.11800
          kl =   1.00000
          kv =   1.00000
         k2v =   1.00000
         kth =   1.00000
         kbh =   1.00000
        cHsq =   0.60000
       chdup =   0.00000
         cHw =   0.00000
          cH =   0.00000
         cHb =   0.00000
        cHwb =   0.00000
      cHq1st =   0.00000
      cHq3st =   0.00000
      cHq1rd =   0.00000
      cHq3rd =   0.00000
       cHdst =   0.00000
       cHust =   0.00000
       cHdrd =   0.00000
       cHurd =   0.00000
         cth =   0.00000
         cbh =   0.00000
 --------------

  mH       = 125.0000      GeV
  fact_scale 1.0
  ren_scale  1.0
  Kqq      =   0.26436034182570667            +-    2.4158791329544456E-004
  Kgq      =  -0.10361602403558777            +-    1.7062218751034329E-004
  K_nlo    =    1.1607443177901191            +-    2.9576451903712519E-004
  Kqq2     =    6.0462246093739555E-002       +-    2.0651820882271738E-004
  Kgq2     =   -5.4307401886176172E-002       +-    1.8076009086148926E-004
  Kqqs     =    2.2876584950210018E-003       +-    4.3007628327972014E-006
  Kgg      =    1.8797723726750187E-003       +-    3.1264545120843439E-006
  K_nnlo   =    1.1710665928653787            +-    4.0352063518935363E-004
  sig_LO   = (  0.23363280219137475            +-    1.3816417894160529E-004 ) fb
  sig_NLO  = (  0.27118794759302106            +-    1.5448038997434370E-004 ) fb
  sig_NNLO = (  0.27359956964384413            +-    1.6726398236505496E-004 ) fb

  pp ---> HHW- + X
  ===============

  PDFSET = PDF4LHC21_40                                NSET =   8
  Sqrt(S)  = 13.6 TeV
  LOOP     = 3
  alphaS(MZ) =   0.11800
          kl =   1.00000
          kv =   1.00000
         k2v =   1.00000
         kth =   1.00000
         kbh =   1.00000
        cHsq =   0.60000
       chdup =   0.00000
         cHw =   0.00000
          cH =   0.00000
         cHb =   0.00000
        cHwb =   0.00000
      cHq1st =   0.00000
      cHq3st =   0.00000
      cHq1rd =   0.00000
      cHq3rd =   0.00000
       cHdst =   0.00000
       cHust =   0.00000
       cHdrd =   0.00000
       cHurd =   0.00000
         cth =   0.00000
         cbh =   0.00000
 --------------

  mH       = 125.0000      GeV
  fact_scale 1.0
  ren_scale  1.0
  Kqq      =   0.26385270986306492            +-    2.3861423117791823E-004
  Kgq      =  -0.10356394376290422            +-    1.7133814793965032E-004
  K_nlo    =    1.1602887661001609            +-    2.9375757396196358E-004
  Kqq2     =    6.0261332614549135E-002       +-    2.0526976959424399E-004
  Kgq2     =   -5.4251618999785478E-002       +-    1.8146085338177029E-004
  Kqqs     =    2.2937689247444263E-003       +-    4.3054610317088873E-006
  Kgg      =    1.8822365522782112E-003       +-    3.1514364074434298E-006
  K_nnlo   =    1.1704744851919471            +-    4.0172839136095239E-004
  sig_LO   = (  0.23482204902188467            +-    1.3647072017504937E-004 ) fb
  sig_NLO  = (  0.27246138551271398            +-    1.5291370797042864E-004 ) fb
  sig_NNLO = (  0.27485321694060855            +-    1.6590144686619250E-004 ) fb

  pp ---> HHW- + X
  ===============

  PDFSET = PDF4LHC21_40                                NSET =   9
  Sqrt(S)  = 13.6 TeV
  LOOP     = 3
  alphaS(MZ) =   0.11800
          kl =   1.00000
          kv =   1.00000
         k2v =   1.00000
         kth =   1.00000
         kbh =   1.00000
        cHsq =   0.60000
       chdup =   0.00000
         cHw =   0.00000
          cH =   0.00000
         cHb =   0.00000
        cHwb =   0.00000
      cHq1st =   0.00000
      cHq3st =   0.00000
      cHq1rd =   0.00000
      cHq3rd =   0.00000
       cHdst =   0.00000
       cHust =   0.00000
       cHdrd =   0.00000
       cHurd =   0.00000
         cth =   0.00000
         cbh =   0.00000
 --------------

  mH       = 125.0000      GeV
  fact_scale 1.0
  ren_scale  1.0
  Kqq      =   0.26417935584402430            +-    2.3714956050145938E-004
  Kgq      =  -0.10375605808060341            +-    1.7043406443191571E-004
  K_nlo    =    1.1604232977634210            +-    2.9204055260326044E-004
  Kqq2     =    6.0393636282818935E-002       +-    2.0422779703586002E-004
  Kgq2     =   -5.4377738587982435E-002       +-    1.8058220202300725E-004
  Kqqs     =    2.2915535551170920E-003       +-    4.2826266222350522E-006
  Kgg      =    1.8832750775533359E-003       +-    3.1361903529211956E-006
  K_nnlo   =    1.1706140240909280            +-    3.9954322133547906E-004
  sig_LO   = (  0.23518680946662721            +-    1.3534501241296146E-004 ) fb
  sig_NLO  = (  0.27291625303172090            +-    1.5177541311909044E-004 ) fb
  sig_NNLO = (  0.27531297744283478            +-    1.6476688078310525E-004 ) fb

  pp ---> HHW- + X
  ===============

  PDFSET = PDF4LHC21_40                                NSET =  10
  Sqrt(S)  = 13.6 TeV
  LOOP     = 3
  alphaS(MZ) =   0.11800
          kl =   1.00000
          kv =   1.00000
         k2v =   1.00000
         kth =   1.00000
         kbh =   1.00000
        cHsq =   0.60000
       chdup =   0.00000
         cHw =   0.00000
          cH =   0.00000
         cHb =   0.00000
        cHwb =   0.00000
      cHq1st =   0.00000
      cHq3st =   0.00000
      cHq1rd =   0.00000
      cHq3rd =   0.00000
       cHdst =   0.00000
       cHust =   0.00000
       cHdrd =   0.00000
       cHurd =   0.00000
         cth =   0.00000
         cbh =   0.00000
 --------------

  mH       = 125.0000      GeV
  fact_scale 1.0
  ren_scale  1.0
  Kqq      =   0.26406623003126078            +-    2.3803156650650209E-004
  Kgq      =  -0.10309924967330242            +-    1.7029400985413057E-004
  K_nlo    =    1.1609669803579585            +-    2.9267571892068199E-004
  Kqq2     =    6.0348786064546737E-002       +-    2.0493415194399708E-004
  Kgq2     =   -5.4037575445772278E-002       +-    1.8049698787448378E-004
  Kqqs     =    2.2831720562971496E-003       +-    4.2833889563256186E-006
  Kgg      =    1.8745922396315984E-003       +-    3.1326315664353824E-006
  K_nnlo   =    1.1714359552726616            +-    4.0033037170815190E-004
  sig_LO   = (  0.23415683671067733            +-    1.3558580215103572E-004 ) fb
  sig_NLO  = (  0.27184835564616655            +-    1.5192151783769458E-004 ) fb
  sig_NNLO = (  0.27429973769579691            +-    1.6483541752389621E-004 ) fb

  pp ---> HHW- + X
  ===============

  PDFSET = PDF4LHC21_40                                NSET =  11
  Sqrt(S)  = 13.6 TeV
  LOOP     = 3
  alphaS(MZ) =   0.11800
          kl =   1.00000
          kv =   1.00000
         k2v =   1.00000
         kth =   1.00000
         kbh =   1.00000
        cHsq =   0.60000
       chdup =   0.00000
         cHw =   0.00000
          cH =   0.00000
         cHb =   0.00000
        cHwb =   0.00000
      cHq1st =   0.00000
      cHq3st =   0.00000
      cHq1rd =   0.00000
      cHq3rd =   0.00000
       cHdst =   0.00000
       cHust =   0.00000
       cHdrd =   0.00000
       cHurd =   0.00000
         cth =   0.00000
         cbh =   0.00000
 --------------

  mH       = 125.0000      GeV
  fact_scale 1.0
  ren_scale  1.0
  Kqq      =   0.26411476316014737            +-    2.3865679986254541E-004
  Kgq      =  -0.10363407583382496            +-    1.7081102841448508E-004
  K_nlo    =    1.1604806873263223            +-    2.9348505166131559E-004
  Kqq2     =    6.0368289406106834E-002       +-    2.0531177323079711E-004
  Kgq2     =   -5.4317834856602763E-002       +-    1.8100530088957308E-004
  Kqqs     =    2.2863972638953851E-003       +-    4.2878040539736483E-006
  Kgg      =    1.8888513115153847E-003       +-    3.1463104114466820E-006
  K_nnlo   =    1.1707063904512371            +-    4.0134474365407434E-004
  sig_LO   = (  0.23386340345767079            +-    1.3590733685995890E-004 ) fb
  sig_NLO  = (  0.27139396318503084            +-    1.5225512844002336E-004 ) fb
  sig_NNLO = (  0.27378538092057109            +-    1.6516802119253806E-004 ) fb

  pp ---> HHW- + X
  ===============

  PDFSET = PDF4LHC21_40                                NSET =  12
  Sqrt(S)  = 13.6 TeV
  LOOP     = 3
  alphaS(MZ) =   0.11800
          kl =   1.00000
          kv =   1.00000
         k2v =   1.00000
         kth =   1.00000
         kbh =   1.00000
        cHsq =   0.60000
       chdup =   0.00000
         cHw =   0.00000
          cH =   0.00000
         cHb =   0.00000
        cHwb =   0.00000
      cHq1st =   0.00000
      cHq3st =   0.00000
      cHq1rd =   0.00000
      cHq3rd =   0.00000
       cHdst =   0.00000
       cHust =   0.00000
       cHdrd =   0.00000
       cHurd =   0.00000
         cth =   0.00000
         cbh =   0.00000
 --------------

  mH       = 125.0000      GeV
  fact_scale 1.0
  ren_scale  1.0
  Kqq      =   0.26387100911276257            +-    2.3730766951949193E-004
  Kgq      =  -0.10320107385070337            +-    1.7018511228218686E-004
  K_nlo    =    1.1606699352620591            +-    2.9202380460379074E-004
  Kqq2     =    6.0262573680149430E-002       +-    2.0464665957509108E-004
  Kgq2     =   -5.4084411500398381E-002       +-    1.8036865140892542E-004
  Kqqs     =    2.2826698928721922E-003       +-    4.2807898027789084E-006
  Kgg      =    1.8772530821913613E-003       +-    3.1263089682893333E-006
  K_nnlo   =    1.1710080204168736            +-    3.9964872964979057E-004
  sig_LO   = (  0.23628357838533137            +-    1.3648937952400820E-004 ) fb
  sig_NLO  = (  0.27424724562799024            +-    1.5293923629190064E-004 ) fb
  sig_NNLO = (  0.27668996538202206            +-    1.6597125413455764E-004 ) fb

  pp ---> HHW- + X
  ===============

  PDFSET = PDF4LHC21_40                                NSET =  13
  Sqrt(S)  = 13.6 TeV
  LOOP     = 3
  alphaS(MZ) =   0.11800
          kl =   1.00000
          kv =   1.00000
         k2v =   1.00000
         kth =   1.00000
         kbh =   1.00000
        cHsq =   0.60000
       chdup =   0.00000
         cHw =   0.00000
          cH =   0.00000
         cHb =   0.00000
        cHwb =   0.00000
      cHq1st =   0.00000
      cHq3st =   0.00000
      cHq1rd =   0.00000
      cHq3rd =   0.00000
       cHdst =   0.00000
       cHust =   0.00000
       cHdrd =   0.00000
       cHurd =   0.00000
         cth =   0.00000
         cbh =   0.00000
 --------------

  mH       = 125.0000      GeV
  fact_scale 1.0
  ren_scale  1.0
  Kqq      =   0.26405662080270625            +-    2.3747153847622816E-004
  Kgq      =  -0.10290381390580906            +-    1.6941418852095956E-004
  K_nlo    =    1.1611528068968970            +-    2.9170858550697809E-004
  Kqq2     =    6.0340950516010280E-002       +-    2.0450665175586046E-004
  Kgq2     =   -5.3934506309474016E-002       +-    1.7948321207540580E-004
  Kqqs     =    2.2758205412411543E-003       +-    4.2609416266972768E-006
  Kgg      =    1.8753623043223074E-003       +-    3.1220652892960218E-006
  K_nnlo   =    1.1717104339489968            +-    3.9894735968921583E-004
  sig_LO   = (  0.23450501420383824            +-    1.3534458562331592E-004 ) fb
  sig_NLO  = (  0.27229615547418351            +-    1.5164989859358145E-004 ) fb
  sig_NNLO = (  0.27477197195599495            +-    1.6453183314666859E-004 ) fb

  pp ---> HHW- + X
  ===============

  PDFSET = PDF4LHC21_40                                NSET =  14
  Sqrt(S)  = 13.6 TeV
  LOOP     = 3
  alphaS(MZ) =   0.11800
          kl =   1.00000
          kv =   1.00000
         k2v =   1.00000
         kth =   1.00000
         kbh =   1.00000
        cHsq =   0.60000
       chdup =   0.00000
         cHw =   0.00000
          cH =   0.00000
         cHb =   0.00000
        cHwb =   0.00000
      cHq1st =   0.00000
      cHq3st =   0.00000
      cHq1rd =   0.00000
      cHq3rd =   0.00000
       cHdst =   0.00000
       cHust =   0.00000
       cHdrd =   0.00000
       cHurd =   0.00000
         cth =   0.00000
         cbh =   0.00000
 --------------

  mH       = 125.0000      GeV
  fact_scale 1.0
  ren_scale  1.0
  Kqq      =   0.26428627360564294            +-    2.4110493751102984E-004
  Kgq      =  -0.10369247606138043            +-    1.7076049607820542E-004
  K_nlo    =    1.1605937975442624            +-    2.9545005993073079E-004
  Kqq2     =    6.0432960153529454E-002       +-    2.0692639975622483E-004
  Kgq2     =   -5.4349363862894809E-002       +-    1.8094394133053019E-004
  Kqqs     =    2.2883060679197687E-003       +-    4.3016300460349024E-006
  Kgg      =    1.8830396048119529E-003       +-    3.1330419349162264E-006
  K_nnlo   =    1.1708487395076286            +-    4.0358184139798787E-004
  sig_LO   = (  0.23384956827736950            +-    1.3804162631065328E-004 ) fb
  sig_NLO  = (  0.27140435850111855            +-    1.5436657270425849E-004 ) fb
  sig_NNLO = (  0.27380247225196125            +-    1.6722018914463416E-004 ) fb

  pp ---> HHW- + X
  ===============

  PDFSET = PDF4LHC21_40                                NSET =  15
  Sqrt(S)  = 13.6 TeV
  LOOP     = 3
  alphaS(MZ) =   0.11800
          kl =   1.00000
          kv =   1.00000
         k2v =   1.00000
         kth =   1.00000
         kbh =   1.00000
        cHsq =   0.60000
       chdup =   0.00000
         cHw =   0.00000
          cH =   0.00000
         cHb =   0.00000
        cHwb =   0.00000
      cHq1st =   0.00000
      cHq3st =   0.00000
      cHq1rd =   0.00000
      cHq3rd =   0.00000
       cHdst =   0.00000
       cHust =   0.00000
       cHdrd =   0.00000
       cHurd =   0.00000
         cth =   0.00000
         cbh =   0.00000
 --------------

  mH       = 125.0000      GeV
  fact_scale 1.0
  ren_scale  1.0
  Kqq      =   0.26426796766904542            +-    2.3860724038533631E-004
  Kgq      =  -0.10320510614278089            +-    1.6971103465415459E-004
  K_nlo    =    1.1610628615262644            +-    2.9280582379401086E-004
  Kqq2     =    6.0432952047860318E-002       +-    2.0522050456443981E-004
  Kgq2     =   -5.4105338028601443E-002       +-    1.7981941832757417E-004
  Kqqs     =    2.2832069762218892E-003       +-    4.2772006697112477E-006
  Kgg      =    1.8738835781188772E-003       +-    3.1152672000630456E-006
  K_nnlo   =    1.1715475660998642            +-    4.0026707144647368E-004
  sig_LO   = (  0.23388290732752784            +-    1.3580668455622115E-004 ) fb
  sig_NLO  = (  0.27155275764378162            +-    1.5209627832851012E-004 ) fb
  sig_NNLO = (  0.27400495083192533            +-    1.6494647941735986E-004 ) fb

  pp ---> HHW- + X
  ===============

  PDFSET = PDF4LHC21_40                                NSET =  16
  Sqrt(S)  = 13.6 TeV
  LOOP     = 3
  alphaS(MZ) =   0.11800
          kl =   1.00000
          kv =   1.00000
         k2v =   1.00000
         kth =   1.00000
         kbh =   1.00000
        cHsq =   0.60000
       chdup =   0.00000
         cHw =   0.00000
          cH =   0.00000
         cHb =   0.00000
        cHwb =   0.00000
      cHq1st =   0.00000
      cHq3st =   0.00000
      cHq1rd =   0.00000
      cHq3rd =   0.00000
       cHdst =   0.00000
       cHust =   0.00000
       cHdrd =   0.00000
       cHurd =   0.00000
         cth =   0.00000
         cbh =   0.00000
 --------------

  mH       = 125.0000      GeV
  fact_scale 1.0
  ren_scale  1.0
  Kqq      =   0.26403008446509774            +-    2.3840109658791335E-004
  Kgq      =  -0.10289408496112426            +-    1.6976881935967377E-004
  K_nlo    =    1.1611359995039736            +-    2.9267137694195025E-004
  Kqq2     =    6.0334342961284093E-002       +-    2.0514566849249847E-004
  Kgq2     =   -5.3928223991650460E-002       +-    1.7990935572979831E-004
  Kqqs     =    2.2700888133720203E-003       +-    4.2565163702227694E-006
  Kgg      =    1.8904555724365349E-003       +-    3.1537602314492650E-006
  K_nnlo   =    1.1717026628594158            +-    4.0017086425257124E-004
  sig_LO   = (  0.23430338508489260            +-    1.3597401747195690E-004 ) fb
  sig_NLO  = (  0.27205809522771118            +-    1.5228694104133054E-004 ) fb
  sig_NNLO = (  0.27453390022094376            +-    1.6516698013575187E-004 ) fb

  pp ---> HHW- + X
  ===============

  PDFSET = PDF4LHC21_40                                NSET =  17
  Sqrt(S)  = 13.6 TeV
  LOOP     = 3
  alphaS(MZ) =   0.11800
          kl =   1.00000
          kv =   1.00000
         k2v =   1.00000
         kth =   1.00000
         kbh =   1.00000
        cHsq =   0.60000
       chdup =   0.00000
         cHw =   0.00000
          cH =   0.00000
         cHb =   0.00000
        cHwb =   0.00000
      cHq1st =   0.00000
      cHq3st =   0.00000
      cHq1rd =   0.00000
      cHq3rd =   0.00000
       cHdst =   0.00000
       cHust =   0.00000
       cHdrd =   0.00000
       cHurd =   0.00000
         cth =   0.00000
         cbh =   0.00000
 --------------

  mH       = 125.0000      GeV
  fact_scale 1.0
  ren_scale  1.0
  Kqq      =   0.26409914804607504            +-    2.3799963173974816E-004
  Kgq      =  -0.10301858288242592            +-    1.6941552578978990E-004
  K_nlo    =    1.1610805651636491            +-    2.9213942747750892E-004
  Kqq2     =    6.0358287813692867E-002       +-    2.0481891545641836E-004
  Kgq2     =   -5.3990943274882658E-002       +-    1.7945613529792565E-004
  Kqqs     =    2.2810282089507018E-003       +-    4.2701384921470384E-006
  Kgg      =    1.8646186758300184E-003       +-    3.1030099951703685E-006
  K_nnlo   =    1.1715935565872400            +-    3.9941031592269848E-004
  sig_LO   = (  0.23646084501665851            +-    1.3684928985511653E-004 ) fb
  sig_NLO  = (  0.27455009157101590            +-    1.5329615263208845E-004 ) fb
  sig_NNLO = (  0.27703600240669113            +-    1.6627557674876571E-004 ) fb

  pp ---> HHW- + X
  ===============

  PDFSET = PDF4LHC21_40                                NSET =  18
  Sqrt(S)  = 13.6 TeV
  LOOP     = 3
  alphaS(MZ) =   0.11800
          kl =   1.00000
          kv =   1.00000
         k2v =   1.00000
         kth =   1.00000
         kbh =   1.00000
        cHsq =   0.60000
       chdup =   0.00000
         cHw =   0.00000
          cH =   0.00000
         cHb =   0.00000
        cHwb =   0.00000
      cHq1st =   0.00000
      cHq3st =   0.00000
      cHq1rd =   0.00000
      cHq3rd =   0.00000
       cHdst =   0.00000
       cHust =   0.00000
       cHdrd =   0.00000
       cHurd =   0.00000
         cth =   0.00000
         cbh =   0.00000
 --------------

  mH       = 125.0000      GeV
  fact_scale 1.0
  ren_scale  1.0
  Kqq      =   0.26426631590859440            +-    2.3881415907767121E-004
  Kgq      =  -0.10341529072020685            +-    1.6994058725425612E-004
  K_nlo    =    1.1608510251883877            +-    2.9310749866268636E-004
  Kqq2     =    6.0430060299575532E-002       +-    2.0528151989651332E-004
  Kgq2     =   -5.4206959434729321E-002       +-    1.8000814258272395E-004
  Kqqs     =    2.2892368975373084E-003       +-    4.2865999281976521E-006
  Kgg      =    1.8734911385748451E-003       +-    3.1140984747067026E-006
  K_nnlo   =    1.1712368540893461            +-    4.0060393423886414E-004
  sig_LO   = (  0.23463311076326140            +-    1.3636470757036256E-004 ) fb
  sig_NLO  = (  0.27237408717267253            +-    1.5272531245520045E-004 ) fb
  sig_NNLO = (  0.27481094651555937            +-    1.6562120511540810E-004 ) fb

  pp ---> HHW- + X
  ===============

  PDFSET = PDF4LHC21_40                                NSET =  19
  Sqrt(S)  = 13.6 TeV
  LOOP     = 3
  alphaS(MZ) =   0.11800
          kl =   1.00000
          kv =   1.00000
         k2v =   1.00000
         kth =   1.00000
         kbh =   1.00000
        cHsq =   0.60000
       chdup =   0.00000
         cHw =   0.00000
          cH =   0.00000
         cHb =   0.00000
        cHwb =   0.00000
      cHq1st =   0.00000
      cHq3st =   0.00000
      cHq1rd =   0.00000
      cHq3rd =   0.00000
       cHdst =   0.00000
       cHust =   0.00000
       cHdrd =   0.00000
       cHurd =   0.00000
         cth =   0.00000
         cbh =   0.00000
 --------------

  mH       = 125.0000      GeV
  fact_scale 1.0
  ren_scale  1.0
  Kqq      =   0.26419677920308954            +-    2.3802379309308277E-004
  Kgq      =  -0.10344788467580653            +-    1.7058291350067174E-004
  K_nlo    =    1.1607488945272830            +-    2.9283759399502710E-004
  Kqq2     =    6.0399305898317893E-002       +-    2.0498756411142503E-004
  Kgq2     =   -5.4220839536975859E-002       +-    1.8084452036440916E-004
  Kqqs     =    2.2819977555682174E-003       +-    4.2768284810961786E-006
  Kgg      =    1.8931643783204916E-003       +-    3.1576125684120628E-006
  K_nnlo   =    1.1711025230225136            +-    4.0063294949611172E-004
  sig_LO   = (  0.23368695497063272            +-    1.3541857319561843E-004 ) fb
  sig_NLO  = (  0.27125187464760886            +-    1.5172729866131006E-004 ) fb
  sig_NNLO = (  0.27367138256355650            +-    1.6463109913840461E-004 ) fb

  pp ---> HHW- + X
  ===============

  PDFSET = PDF4LHC21_40                                NSET =  20
  Sqrt(S)  = 13.6 TeV
  LOOP     = 3
  alphaS(MZ) =   0.11800
          kl =   1.00000
          kv =   1.00000
         k2v =   1.00000
         kth =   1.00000
         kbh =   1.00000
        cHsq =   0.60000
       chdup =   0.00000
         cHw =   0.00000
          cH =   0.00000
         cHb =   0.00000
        cHwb =   0.00000
      cHq1st =   0.00000
      cHq3st =   0.00000
      cHq1rd =   0.00000
      cHq3rd =   0.00000
       cHdst =   0.00000
       cHust =   0.00000
       cHdrd =   0.00000
       cHurd =   0.00000
         cth =   0.00000
         cbh =   0.00000
 --------------

  mH       = 125.0000      GeV
  fact_scale 1.0
  ren_scale  1.0
  Kqq      =   0.26413160729593554            +-    2.3870842750564313E-004
  Kgq      =  -0.10370392570597520            +-    1.7088732099321423E-004
  K_nlo    =    1.1604276815899603            +-    2.9357143907140343E-004
  Kqq2     =    6.0374338133871476E-002       +-    2.0526883177119393E-004
  Kgq2     =   -5.4346943438110563E-002       +-    1.8105965227568078E-004
  Kqqs     =    2.2884008098033059E-003       +-    4.2907978124745017E-006
  Kgg      =    1.8844779279447753E-003       +-    3.1380804944572138E-006
  K_nnlo   =    1.1706279550234695            +-    4.0141043747318419E-004
  sig_LO   = (  0.23492582196710063            +-    1.3646713273210656E-004 ) fb
  sig_NLO  = (  0.27261442693089838            +-    1.5290453223022762E-004 ) fb
  sig_NNLO = (  0.27501073455155467            +-    1.6587972930829693E-004 ) fb

  pp ---> HHW- + X
  ===============

  PDFSET = PDF4LHC21_40                                NSET =  21
  Sqrt(S)  = 13.6 TeV
  LOOP     = 3
  alphaS(MZ) =   0.11800
          kl =   1.00000
          kv =   1.00000
         k2v =   1.00000
         kth =   1.00000
         kbh =   1.00000
        cHsq =   0.60000
       chdup =   0.00000
         cHw =   0.00000
          cH =   0.00000
         cHb =   0.00000
        cHwb =   0.00000
      cHq1st =   0.00000
      cHq3st =   0.00000
      cHq1rd =   0.00000
      cHq3rd =   0.00000
       cHdst =   0.00000
       cHust =   0.00000
       cHdrd =   0.00000
       cHurd =   0.00000
         cth =   0.00000
         cbh =   0.00000
 --------------

  mH       = 125.0000      GeV
  fact_scale 1.0
  ren_scale  1.0
  Kqq      =   0.26424190128819858            +-    2.3853016583152723E-004
  Kgq      =  -0.10401071111993017            +-    1.7128851518689043E-004
  K_nlo    =    1.1602311901682683            +-    2.9366034026838807E-004
  Kqq2     =    6.0425093047152975E-002       +-    2.0519118357534849E-004
  Kgq2     =   -5.4513702872897640E-002       +-    1.8148380365728763E-004
  Kqqs     =    2.2955955688594072E-003       +-    4.3012701503337913E-006
  Kgg      =    1.8941644803353453E-003       +-    3.1551493443213020E-006
  K_nnlo   =    1.1703323403917185            +-    4.0162749426029821E-004
  sig_LO   = (  0.23316000460013978            +-    1.3534108363163152E-004 ) fb
  sig_NLO  = (  0.27051950963685911            +-    1.5167507629556973E-004 ) fb
  sig_NNLO = (  0.27287469386942542            +-    1.6457918487555747E-004 ) fb

  pp ---> HHW- + X
  ===============

  PDFSET = PDF4LHC21_40                                NSET =  22
  Sqrt(S)  = 13.6 TeV
  LOOP     = 3
  alphaS(MZ) =   0.11800
          kl =   1.00000
          kv =   1.00000
         k2v =   1.00000
         kth =   1.00000
         kbh =   1.00000
        cHsq =   0.60000
       chdup =   0.00000
         cHw =   0.00000
          cH =   0.00000
         cHb =   0.00000
        cHwb =   0.00000
      cHq1st =   0.00000
      cHq3st =   0.00000
      cHq1rd =   0.00000
      cHq3rd =   0.00000
       cHdst =   0.00000
       cHust =   0.00000
       cHdrd =   0.00000
       cHurd =   0.00000
         cth =   0.00000
         cbh =   0.00000
 --------------

  mH       = 125.0000      GeV
  fact_scale 1.0
  ren_scale  1.0
  Kqq      =   0.26412134035587159            +-    2.3831768295993520E-004
  Kgq      =  -0.10359884274230247            +-    1.7087918689372232E-004
  K_nlo    =    1.1605224976135691            +-    2.9324906568453353E-004
  Kqq2     =    6.0371208012514110E-002       +-    2.0509394103970872E-004
  Kgq2     =   -5.4291189721369849E-002       +-    1.8102882998948276E-004
  Kqqs     =    2.2825403659623429E-003       +-    4.2776026673710478E-006
  Kgg      =    1.8972310815583381E-003       +-    3.1719466443966828E-006
  K_nnlo   =    1.1707822873522340            +-    4.0107148439337748E-004
  sig_LO   = (  0.23374909620786702            +-    1.3558629450344551E-004 ) fb
  sig_NLO  = (  0.27127108494606833            +-    1.5192858156285426E-004 ) fb
  sig_NNLO = (  0.27366930152476399            +-    1.6484151158955120E-004 ) fb

  pp ---> HHW- + X
  ===============

  PDFSET = PDF4LHC21_40                                NSET =  23
  Sqrt(S)  = 13.6 TeV
  LOOP     = 3
  alphaS(MZ) =   0.11800
          kl =   1.00000
          kv =   1.00000
         k2v =   1.00000
         kth =   1.00000
         kbh =   1.00000
        cHsq =   0.60000
       chdup =   0.00000
         cHw =   0.00000
          cH =   0.00000
         cHb =   0.00000
        cHwb =   0.00000
      cHq1st =   0.00000
      cHq3st =   0.00000
      cHq1rd =   0.00000
      cHq3rd =   0.00000
       cHdst =   0.00000
       cHust =   0.00000
       cHdrd =   0.00000
       cHurd =   0.00000
         cth =   0.00000
         cbh =   0.00000
 --------------

  mH       = 125.0000      GeV
  fact_scale 1.0
  ren_scale  1.0
  Kqq      =   0.26425023604069309            +-    2.3773319109305068E-004
  Kgq      =  -0.10374733431355405            +-    1.7091441426788886E-004
  K_nlo    =    1.1605029017271391            +-    2.9279482091017336E-004
  Kqq2     =    6.0421045517248126E-002       +-    2.0471540987158010E-004
  Kgq2     =   -5.4371174568167362E-002       +-    1.8106872572804897E-004
  Kqqs     =    2.2906506220048283E-003       +-    4.2913793539668789E-006
  Kgg      =    1.8864639679001078E-003       +-    3.1418856257333507E-006
  K_nnlo   =    1.1707298872661247            +-    4.0056382389019326E-004
  sig_LO   = (  0.23422346180512449            +-    1.3540328670914268E-004 ) fb
  sig_NLO  = (  0.27181700707742268            +-    1.5178005938290247E-004 ) fb
  sig_NNLO = (  0.27421240703419486            +-    1.6473164143045551E-004 ) fb

  pp ---> HHW- + X
  ===============

  PDFSET = PDF4LHC21_40                                NSET =  24
  Sqrt(S)  = 13.6 TeV
  LOOP     = 3
  alphaS(MZ) =   0.11800
          kl =   1.00000
          kv =   1.00000
         k2v =   1.00000
         kth =   1.00000
         kbh =   1.00000
        cHsq =   0.60000
       chdup =   0.00000
         cHw =   0.00000
          cH =   0.00000
         cHb =   0.00000
        cHwb =   0.00000
      cHq1st =   0.00000
      cHq3st =   0.00000
      cHq1rd =   0.00000
      cHq3rd =   0.00000
       cHdst =   0.00000
       cHust =   0.00000
       cHdrd =   0.00000
       cHurd =   0.00000
         cth =   0.00000
         cbh =   0.00000
 --------------

  mH       = 125.0000      GeV
  fact_scale 1.0
  ren_scale  1.0
  Kqq      =   0.26400110704057983            +-    2.3612774912497073E-004
  Kgq      =  -0.10351780650783546            +-    1.7060770465607243E-004
  K_nlo    =    1.1604833005327444            +-    2.9131306663937812E-004
  Kqq2     =    6.0321090380419613E-002       +-    2.0363252246549625E-004
  Kgq2     =   -5.4250997973088633E-002       +-    1.8085701185558133E-004
  Kqqs     =    2.2852249310486381E-003       +-    4.2739468121521846E-006
  Kgg      =    1.8809841806970218E-003       +-    3.1338570655980626E-006
  K_nnlo   =    1.1707196020518211            +-    3.9883186108846690E-004
  sig_LO   = (  0.23509739855988832            +-    1.3448362379201768E-004 ) fb
  sig_NLO  = (  0.27282660502744122            +-    1.5091821157490337E-004 ) fb
  sig_NNLO = (  0.27523313288545076            +-    1.6394387823901420E-004 ) fb

  pp ---> HHW- + X
  ===============

  PDFSET = PDF4LHC21_40                                NSET =  25
  Sqrt(S)  = 13.6 TeV
  LOOP     = 3
  alphaS(MZ) =   0.11800
          kl =   1.00000
          kv =   1.00000
         k2v =   1.00000
         kth =   1.00000
         kbh =   1.00000
        cHsq =   0.60000
       chdup =   0.00000
         cHw =   0.00000
          cH =   0.00000
         cHb =   0.00000
        cHwb =   0.00000
      cHq1st =   0.00000
      cHq3st =   0.00000
      cHq1rd =   0.00000
      cHq3rd =   0.00000
       cHdst =   0.00000
       cHust =   0.00000
       cHdrd =   0.00000
       cHurd =   0.00000
         cth =   0.00000
         cbh =   0.00000
 --------------

  mH       = 125.0000      GeV
  fact_scale 1.0
  ren_scale  1.0
  Kqq      =   0.26406712655694731            +-    2.3856886437276145E-004
  Kgq      =  -0.10379084614300184            +-    1.7139499867551626E-004
  K_nlo    =    1.1602762804139455            +-    2.9375389124076170E-004
  Kqq2     =    6.0349490781621780E-002       +-    2.0529363077314517E-004
  Kgq2     =   -5.4391630243456723E-002       +-    1.8164990835841077E-004
  Kqqs     =    2.2878048593359969E-003       +-    4.2929138836444164E-006
  Kgg      =    1.8924591436258464E-003       +-    3.1549755987679422E-006
  K_nnlo   =    1.1704144049550724            +-    4.0182321441446100E-004
  sig_LO   = (  0.23440157255832739            +-    1.3611363862397723E-004 ) fb
  sig_NLO  = (  0.27197058473115571            +-    1.5253892246584944E-004 ) fb
  sig_NNLO = (  0.27434697706638805            +-    1.6552432060155399E-004 ) fb

  pp ---> HHW- + X
  ===============

  PDFSET = PDF4LHC21_40                                NSET =  26
  Sqrt(S)  = 13.6 TeV
  LOOP     = 3
  alphaS(MZ) =   0.11800
          kl =   1.00000
          kv =   1.00000
         k2v =   1.00000
         kth =   1.00000
         kbh =   1.00000
        cHsq =   0.60000
       chdup =   0.00000
         cHw =   0.00000
          cH =   0.00000
         cHb =   0.00000
        cHwb =   0.00000
      cHq1st =   0.00000
      cHq3st =   0.00000
      cHq1rd =   0.00000
      cHq3rd =   0.00000
       cHdst =   0.00000
       cHust =   0.00000
       cHdrd =   0.00000
       cHurd =   0.00000
         cth =   0.00000
         cbh =   0.00000
 --------------

  mH       = 125.0000      GeV
  fact_scale 1.0
  ren_scale  1.0
  Kqq      =   0.26412373442691761            +-    2.3636797487495775E-004
  Kgq      =  -0.10372784482342605            +-    1.6937563902538305E-004
  K_nlo    =    1.1603958896034916            +-    2.9078845685780841E-004
  Kqq2     =    6.0377499892240283E-002       +-    2.0317304272453841E-004
  Kgq2     =   -5.4357414640272952E-002       +-    1.7920403826996115E-004
  Kqqs     =    2.2937579172059609E-003       +-    4.2618827744491005E-006
  Kgg      =    1.8806969099101122E-003       +-    3.1304149067963717E-006
  K_nnlo   =    1.1705904296825751            +-    3.9746605189151205E-004
  sig_LO   = (  0.23481858030417935            +-    1.3408376562596064E-004 ) fb
  sig_NLO  = (  0.27248251538749713            +-    1.5046913458854804E-004 ) fb
  sig_NNLO = (  0.27487638281572152            +-    1.6336889456697594E-004 ) fb

  pp ---> HHW- + X
  ===============

  PDFSET = PDF4LHC21_40                                NSET =  27
  Sqrt(S)  = 13.6 TeV
  LOOP     = 3
  alphaS(MZ) =   0.11800
          kl =   1.00000
          kv =   1.00000
         k2v =   1.00000
         kth =   1.00000
         kbh =   1.00000
        cHsq =   0.60000
       chdup =   0.00000
         cHw =   0.00000
          cH =   0.00000
         cHb =   0.00000
        cHwb =   0.00000
      cHq1st =   0.00000
      cHq3st =   0.00000
      cHq1rd =   0.00000
      cHq3rd =   0.00000
       cHdst =   0.00000
       cHust =   0.00000
       cHdrd =   0.00000
       cHurd =   0.00000
         cth =   0.00000
         cbh =   0.00000
 --------------

  mH       = 125.0000      GeV
  fact_scale 1.0
  ren_scale  1.0
  Kqq      =   0.26418955499288249            +-    2.3754423827264721E-004
  Kgq      =  -0.10355273824984677            +-    1.7050124477555390E-004
  K_nlo    =    1.1606368167430359            +-    2.9240030712457458E-004
  Kqq2     =    6.0400448101595984E-002       +-    2.0458212362262041E-004
  Kgq2     =   -5.4278967169815798E-002       +-    1.8068073378531136E-004
  Kqqs     =    2.2869799848273592E-003       +-    4.2795171851175964E-006
  Kgg      =    1.8891003652305974E-003       +-    3.1468883842252914E-006
  K_nnlo   =    1.1709343780248740            +-    4.0003191078653426E-004
  sig_LO   = (  0.23385402807984257            +-    1.3499299163515342E-004 ) fb
  sig_NLO  = (  0.27141959473312499            +-    1.5132347476125456E-004 ) fb
  sig_NNLO = (  0.27382772091828184            +-    1.6423926747384467E-004 ) fb

  pp ---> HHW- + X
  ===============

  PDFSET = PDF4LHC21_40                                NSET =  28
  Sqrt(S)  = 13.6 TeV
  LOOP     = 3
  alphaS(MZ) =   0.11800
          kl =   1.00000
          kv =   1.00000
         k2v =   1.00000
         kth =   1.00000
         kbh =   1.00000
        cHsq =   0.60000
       chdup =   0.00000
         cHw =   0.00000
          cH =   0.00000
         cHb =   0.00000
        cHwb =   0.00000
      cHq1st =   0.00000
      cHq3st =   0.00000
      cHq1rd =   0.00000
      cHq3rd =   0.00000
       cHdst =   0.00000
       cHust =   0.00000
       cHdrd =   0.00000
       cHurd =   0.00000
         cth =   0.00000
         cbh =   0.00000
 --------------

  mH       = 125.0000      GeV
  fact_scale 1.0
  ren_scale  1.0
  Kqq      =   0.26420976889178055            +-    2.3859794601878320E-004
  Kgq      =  -0.10389325517265083            +-    1.7118570328986498E-004
  K_nlo    =    1.1603165137191298            +-    2.9365545262301511E-004
  Kqq2     =    6.0408127450213012E-002       +-    2.0522873082677833E-004
  Kgq2     =   -5.4447509779889582E-002       +-    1.8134358877421484E-004
  Kqqs     =    2.2963700892948058E-003       +-    4.3062783183145407E-006
  Kgg      =    1.8777016781349504E-003       +-    3.1234849361894167E-006
  K_nnlo   =    1.1704512031568832            +-    4.0157957392353890E-004
  sig_LO   = (  0.23443112505064478            +-    1.3611422437459004E-004 ) fb
  sig_NLO  = (  0.27201430572601754            +-    1.5253294736131037E-004 ) fb
  sig_NNLO = (  0.27439019237294893            +-    1.6549906254035733E-004 ) fb

  pp ---> HHW- + X
  ===============

  PDFSET = PDF4LHC21_40                                NSET =  29
  Sqrt(S)  = 13.6 TeV
  LOOP     = 3
  alphaS(MZ) =   0.11800
          kl =   1.00000
          kv =   1.00000
         k2v =   1.00000
         kth =   1.00000
         kbh =   1.00000
        cHsq =   0.60000
       chdup =   0.00000
         cHw =   0.00000
          cH =   0.00000
         cHb =   0.00000
        cHwb =   0.00000
      cHq1st =   0.00000
      cHq3st =   0.00000
      cHq1rd =   0.00000
      cHq3rd =   0.00000
       cHdst =   0.00000
       cHust =   0.00000
       cHdrd =   0.00000
       cHurd =   0.00000
         cth =   0.00000
         cbh =   0.00000
 --------------

  mH       = 125.0000      GeV
  fact_scale 1.0
  ren_scale  1.0
  Kqq      =   0.26425194645146255            +-    2.3883434153623733E-004
  Kgq      =  -0.10393493514516795            +-    1.7117498147252851E-004
  K_nlo    =    1.1603170113062946            +-    2.9384131258073385E-004
  Kqq2     =    6.0425513378930006E-002       +-    2.0535100228456866E-004
  Kgq2     =   -5.4473735525062246E-002       +-    1.8139871867887760E-004
  Kqqs     =    2.2990563191755495E-003       +-    4.3084073314000288E-006
  Kgg      =    1.8811309645876293E-003       +-    3.1305412453746070E-006
  K_nnlo   =    1.1704489764439256            +-    4.0180294787246930E-004
  sig_LO   = (  0.23445047301369495            +-    1.3626292324962674E-004 ) fb
  sig_NLO  = (  0.27203687214659761            +-    1.5268787271600876E-004 ) fb
  sig_NNLO = (  0.27441231616567341            +-    1.6565557328542541E-004 ) fb

  pp ---> HHW- + X
  ===============

  PDFSET = PDF4LHC21_40                                NSET =  30
  Sqrt(S)  = 13.6 TeV
  LOOP     = 3
  alphaS(MZ) =   0.11800
          kl =   1.00000
          kv =   1.00000
         k2v =   1.00000
         kth =   1.00000
         kbh =   1.00000
        cHsq =   0.60000
       chdup =   0.00000
         cHw =   0.00000
          cH =   0.00000
         cHb =   0.00000
        cHwb =   0.00000
      cHq1st =   0.00000
      cHq3st =   0.00000
      cHq1rd =   0.00000
      cHq3rd =   0.00000
       cHdst =   0.00000
       cHust =   0.00000
       cHdrd =   0.00000
       cHurd =   0.00000
         cth =   0.00000
         cbh =   0.00000
 --------------

  mH       = 125.0000      GeV
  fact_scale 1.0
  ren_scale  1.0
  Kqq      =   0.26426816235815903            +-    2.3890727538056499E-004
  Kgq      =  -0.10374666163122756            +-    1.7066561369817934E-004
  K_nlo    =    1.1605215007269316            +-    2.9360421987556870E-004
  Kqq2     =    6.0429390064916405E-002       +-    2.0542143880594309E-004
  Kgq2     =   -5.4377219521476367E-002       +-    1.8084021272559342E-004
  Kqqs     =    2.2873665214544836E-003       +-    4.2863216376643089E-006
  Kgg      =    1.8863242352309155E-003       +-    3.1331112236823213E-006
  K_nnlo   =    1.1707473620270570            +-    4.0141347377436706E-004
  sig_LO   = (  0.23417002795696049            +-    1.3626454252119738E-004 ) fb
  sig_NLO  = (  0.27175935226987930            +-    1.5262713704066946E-004 ) fb
  sig_NNLO = (  0.27415394249641362            +-    1.6554104739368656E-004 ) fb

  pp ---> HHW- + X
  ===============

  PDFSET = PDF4LHC21_40                                NSET =  31
  Sqrt(S)  = 13.6 TeV
  LOOP     = 3
  alphaS(MZ) =   0.11800
          kl =   1.00000
          kv =   1.00000
         k2v =   1.00000
         kth =   1.00000
         kbh =   1.00000
        cHsq =   0.60000
       chdup =   0.00000
         cHw =   0.00000
          cH =   0.00000
         cHb =   0.00000
        cHwb =   0.00000
      cHq1st =   0.00000
      cHq3st =   0.00000
      cHq1rd =   0.00000
      cHq3rd =   0.00000
       cHdst =   0.00000
       cHust =   0.00000
       cHdrd =   0.00000
       cHurd =   0.00000
         cth =   0.00000
         cbh =   0.00000
 --------------

  mH       = 125.0000      GeV
  fact_scale 1.0
  ren_scale  1.0
  Kqq      =   0.26413591192555985            +-    2.3870349476460724E-004
  Kgq      =  -0.10333115826786750            +-    1.7058579029922299E-004
  K_nlo    =    1.1608047536576924            +-    2.9339200784078516E-004
  Kqq2     =    6.0380098759098715E-002       +-    2.0529290572419249E-004
  Kgq2     =   -5.4156601692645447E-002       +-    1.8076881410238987E-004
  Kqqs     =    2.2823673754270735E-003       +-    4.2824540347637730E-006
  Kgg      =    1.8816806699062166E-003       +-    3.1320172819556985E-006
  K_nnlo   =    1.1711922987694792            +-    4.0116026785105260E-004
  sig_LO   = (  0.23378976818705463            +-    1.3585133471245834E-004 ) fb
  sig_NLO  = (  0.27138427426806294            +-    1.5218559195241961E-004 ) fb
  sig_NNLO = (  0.27381277603178011            +-    1.6508063985363751E-004 ) fb

  pp ---> HHW- + X
  ===============

  PDFSET = PDF4LHC21_40                                NSET =  32
  Sqrt(S)  = 13.6 TeV
  LOOP     = 3
  alphaS(MZ) =   0.11800
          kl =   1.00000
          kv =   1.00000
         k2v =   1.00000
         kth =   1.00000
         kbh =   1.00000
        cHsq =   0.60000
       chdup =   0.00000
         cHw =   0.00000
          cH =   0.00000
         cHb =   0.00000
        cHwb =   0.00000
      cHq1st =   0.00000
      cHq3st =   0.00000
      cHq1rd =   0.00000
      cHq3rd =   0.00000
       cHdst =   0.00000
       cHust =   0.00000
       cHdrd =   0.00000
       cHurd =   0.00000
         cth =   0.00000
         cbh =   0.00000
 --------------

  mH       = 125.0000      GeV
  fact_scale 1.0
  ren_scale  1.0
  Kqq      =   0.26411469859151554            +-    2.3840825512410740E-004
  Kgq      =  -0.10356434492777790            +-    1.7084495534596433E-004
  K_nlo    =    1.1605503536637376            +-    2.9330273588646603E-004
  Kqq2     =    6.0367232902944129E-002       +-    2.0514393010742819E-004
  Kgq2     =   -5.4273067089009391E-002       +-    1.8108674204329135E-004
  Kqqs     =    2.2887361582993176E-003       +-    4.2963818682391351E-006
  Kgg      =    1.8812679245099951E-003       +-    3.1334287212816802E-006
  K_nnlo   =    1.1708145235604814            +-    4.0116232668954596E-004
  sig_LO   = (  0.23484900525392302            +-    1.3629547879268227E-004 ) fb
  sig_NLO  = (  0.27255409610501735            +-    1.5271269623849871E-004 ) fb
  sig_NNLO = (  0.27496462619502493            +-    1.6568785869827826E-004 ) fb

  pp ---> HHW- + X
  ===============

  PDFSET = PDF4LHC21_40                                NSET =  33
  Sqrt(S)  = 13.6 TeV
  LOOP     = 3
  alphaS(MZ) =   0.11800
          kl =   1.00000
          kv =   1.00000
         k2v =   1.00000
         kth =   1.00000
         kbh =   1.00000
        cHsq =   0.60000
       chdup =   0.00000
         cHw =   0.00000
          cH =   0.00000
         cHb =   0.00000
        cHwb =   0.00000
      cHq1st =   0.00000
      cHq3st =   0.00000
      cHq1rd =   0.00000
      cHq3rd =   0.00000
       cHdst =   0.00000
       cHust =   0.00000
       cHdrd =   0.00000
       cHurd =   0.00000
         cth =   0.00000
         cbh =   0.00000
 --------------

  mH       = 125.0000      GeV
  fact_scale 1.0
  ren_scale  1.0
  Kqq      =   0.26415834684702427            +-    2.3868736710198164E-004
  Kgq      =  -0.10358832508852041            +-    1.7061247986290719E-004
  K_nlo    =    1.1605700217585040            +-    2.9339440604593515E-004
  Kqq2     =    6.0386023854570196E-002       +-    2.0530710660080656E-004
  Kgq2     =   -5.4291403748546400E-002       +-    1.8076183014464875E-004
  Kqqs     =    2.2868249320868515E-003       +-    4.2858067132775132E-006
  Kgg      =    1.8842390423516636E-003       +-    3.1390756198406877E-006
  K_nnlo   =    1.1708357058389662            +-    4.0116623324005661E-004
  sig_LO   = (  0.23408887801568773            +-    1.3604988718367007E-004 ) fb
  sig_NLO  = (  0.27167653425209048            +-    1.5240263993419572E-004 ) fb
  sig_NNLO = (  0.27407961672054942            +-    1.6531300073287892E-004 ) fb

  pp ---> HHW- + X
  ===============

  PDFSET = PDF4LHC21_40                                NSET =  34
  Sqrt(S)  = 13.6 TeV
  LOOP     = 3
  alphaS(MZ) =   0.11800
          kl =   1.00000
          kv =   1.00000
         k2v =   1.00000
         kth =   1.00000
         kbh =   1.00000
        cHsq =   0.60000
       chdup =   0.00000
         cHw =   0.00000
          cH =   0.00000
         cHb =   0.00000
        cHwb =   0.00000
      cHq1st =   0.00000
      cHq3st =   0.00000
      cHq1rd =   0.00000
      cHq3rd =   0.00000
       cHdst =   0.00000
       cHust =   0.00000
       cHdrd =   0.00000
       cHurd =   0.00000
         cth =   0.00000
         cbh =   0.00000
 --------------

  mH       = 125.0000      GeV
  fact_scale 1.0
  ren_scale  1.0
  Kqq      =   0.26400563910279989            +-    2.3688110945145277E-004
  Kgq      =  -0.10358545585781088            +-    1.7003950903684661E-004
  K_nlo    =    1.1604201832449890            +-    2.9159234326100363E-004
  Kqq2     =    6.0323315297980309E-002       +-    2.0416310685796217E-004
  Kgq2     =   -5.4286820632376019E-002       +-    1.8005311179197228E-004
  Kqqs     =    2.2869868762611626E-003       +-    4.2709818201438880E-006
  Kgg      =    1.8874749048749181E-003       +-    3.1459319367809792E-006
  K_nnlo   =    1.1706311396917293            +-    3.9894351741790466E-004
  sig_LO   = (  0.23525789826712942            +-    1.3527353610533636E-004 ) fb
  sig_NLO  = (  0.27299801341697327            +-    1.5167335791554712E-004 ) fb
  sig_NNLO = (  0.27540022156993060            +-    1.6464391283458086E-004 ) fb

  pp ---> HHW- + X
  ===============

  PDFSET = PDF4LHC21_40                                NSET =  35
  Sqrt(S)  = 13.6 TeV
  LOOP     = 3
  alphaS(MZ) =   0.11800
          kl =   1.00000
          kv =   1.00000
         k2v =   1.00000
         kth =   1.00000
         kbh =   1.00000
        cHsq =   0.60000
       chdup =   0.00000
         cHw =   0.00000
          cH =   0.00000
         cHb =   0.00000
        cHwb =   0.00000
      cHq1st =   0.00000
      cHq3st =   0.00000
      cHq1rd =   0.00000
      cHq3rd =   0.00000
       cHdst =   0.00000
       cHust =   0.00000
       cHdrd =   0.00000
       cHurd =   0.00000
         cth =   0.00000
         cbh =   0.00000
 --------------

  mH       = 125.0000      GeV
  fact_scale 1.0
  ren_scale  1.0
  Kqq      =   0.26413155873273969            +-    2.3875369673246341E-004
  Kgq      =  -0.10357965812229547            +-    1.7081235472555029E-004
  K_nlo    =    1.1605519006104443            +-    2.9356462360152378E-004
  Kqq2     =    6.0376757736774152E-002       +-    2.0532907892946209E-004
  Kgq2     =   -5.4283068536304109E-002       +-    1.8100873547934496E-004
  Kqqs     =    2.2850359119125558E-003       +-    4.2839021252711833E-006
  Kgg      =    1.8875939920110633E-003       +-    3.1433948896205201E-006
  K_nnlo   =    1.1708182197148382            +-    4.0141327077341138E-004
  sig_LO   = (  0.23414599306038569            +-    1.3609292184722110E-004 ) fb
  sig_NLO  = (  0.27173857726655049            +-    1.5246657286272698E-004 ) fb
  sig_NNLO = (  0.27414239474832353            +-    1.6539429726211984E-004 ) fb

  pp ---> HHW- + X
  ===============

  PDFSET = PDF4LHC21_40                                NSET =  36
  Sqrt(S)  = 13.6 TeV
  LOOP     = 3
  alphaS(MZ) =   0.11800
          kl =   1.00000
          kv =   1.00000
         k2v =   1.00000
         kth =   1.00000
         kbh =   1.00000
        cHsq =   0.60000
       chdup =   0.00000
         cHw =   0.00000
          cH =   0.00000
         cHb =   0.00000
        cHwb =   0.00000
      cHq1st =   0.00000
      cHq3st =   0.00000
      cHq1rd =   0.00000
      cHq3rd =   0.00000
       cHdst =   0.00000
       cHust =   0.00000
       cHdrd =   0.00000
       cHurd =   0.00000
         cth =   0.00000
         cbh =   0.00000
 --------------

  mH       = 125.0000      GeV
  fact_scale 1.0
  ren_scale  1.0
  Kqq      =   0.26410752392867970            +-    2.3832649746275493E-004
  Kgq      =  -0.10368612534772026            +-    1.7100458710151453E-004
  K_nlo    =    1.1604213985809593            +-    2.9332931698455237E-004
  Kqq2     =    6.0365670832656156E-002       +-    2.0507095102330325E-004
  Kgq2     =   -5.4332984602093723E-002       +-    1.8114218460001870E-004
  Kqqs     =    2.2821187412260481E-003       +-    4.2759844271222579E-006
  Kgg      =    1.8961253036351229E-003       +-    3.1616706975887286E-006
  K_nnlo   =    1.1706323288563829            +-    4.0116948338864746E-004
  sig_LO   = (  0.23408791007992236            +-    1.3575218717518228E-004 ) fb
  sig_NLO  = (  0.27164062000583739            +-    1.5212993625813299E-004 ) fb
  sig_NNLO = (  0.27403087533398313            +-    1.6506829706740831E-004 ) fb

  pp ---> HHW- + X
  ===============

  PDFSET = PDF4LHC21_40                                NSET =  37
  Sqrt(S)  = 13.6 TeV
  LOOP     = 3
  alphaS(MZ) =   0.11800
          kl =   1.00000
          kv =   1.00000
         k2v =   1.00000
         kth =   1.00000
         kbh =   1.00000
        cHsq =   0.60000
       chdup =   0.00000
         cHw =   0.00000
          cH =   0.00000
         cHb =   0.00000
        cHwb =   0.00000
      cHq1st =   0.00000
      cHq3st =   0.00000
      cHq1rd =   0.00000
      cHq3rd =   0.00000
       cHdst =   0.00000
       cHust =   0.00000
       cHdrd =   0.00000
       cHurd =   0.00000
         cth =   0.00000
         cbh =   0.00000
 --------------

  mH       = 125.0000      GeV
  fact_scale 1.0
  ren_scale  1.0
  Kqq      =   0.26389918104396604            +-    2.3774484886099692E-004
  Kgq      =  -0.10303225109449328            +-    1.6980714190766242E-004
  K_nlo    =    1.1608669299494727            +-    2.9215933769569520E-004
  Kqq2     =    6.0280672171570571E-002       +-    2.0470322410439569E-004
  Kgq2     =   -5.3995133078271855E-002       +-    1.7990606947992880E-004
  Kqqs     =    2.2766262034502262E-003       +-    4.2650839922575255E-006
  Kgg      =    1.8752819662723574E-003       +-    3.1227669144051439E-006
  K_nnlo   =    1.1713043772124940            +-    3.9956804803675360E-004
  sig_LO   = (  0.23551010826950225            +-    1.3612405870630747E-004 ) fb
  sig_NLO  = (  0.27339589635888500            +-    1.5252570495034257E-004 ) fb
  sig_NNLO = (  0.27585402069385634            +-    1.6548415303789277E-004 ) fb

  pp ---> HHW- + X
  ===============

  PDFSET = PDF4LHC21_40                                NSET =  38
  Sqrt(S)  = 13.6 TeV
  LOOP     = 3
  alphaS(MZ) =   0.11800
          kl =   1.00000
          kv =   1.00000
         k2v =   1.00000
         kth =   1.00000
         kbh =   1.00000
        cHsq =   0.60000
       chdup =   0.00000
         cHw =   0.00000
          cH =   0.00000
         cHb =   0.00000
        cHwb =   0.00000
      cHq1st =   0.00000
      cHq3st =   0.00000
      cHq1rd =   0.00000
      cHq3rd =   0.00000
       cHdst =   0.00000
       cHust =   0.00000
       cHdrd =   0.00000
       cHurd =   0.00000
         cth =   0.00000
         cbh =   0.00000
 --------------

  mH       = 125.0000      GeV
  fact_scale 1.0
  ren_scale  1.0
  Kqq      =   0.26409876788256570            +-    2.3841970940079301E-004
  Kgq      =  -0.10369176451352310            +-    1.7084537165687296E-004
  K_nlo    =    1.1604070033690426            +-    2.9331228894700890E-004
  Kqq2     =    6.0361787166564401E-002       +-    2.0512127139456066E-004
  Kgq2     =   -5.4338343355564825E-002       +-    1.8098642659444001E-004
  Kqqs     =    2.2885584610617023E-003       +-    4.2897061010402889E-006
  Kgg      =    1.8821564949106451E-003       +-    3.1333191727205322E-006
  K_nnlo   =    1.1706011621360146            +-    4.0111237914673079E-004
  sig_LO   = (  0.23462459038376809            +-    1.3610862598951713E-004 ) fb
  sig_NLO  = (  0.27226001784391746            +-    1.5251725519434549E-004 ) fb
  sig_NNLO = (  0.27465181816892537            +-    1.6547630026893142E-004 ) fb

  pp ---> HHW- + X
  ===============

  PDFSET = PDF4LHC21_40                                NSET =  39
  Sqrt(S)  = 13.6 TeV
  LOOP     = 3
  alphaS(MZ) =   0.11800
          kl =   1.00000
          kv =   1.00000
         k2v =   1.00000
         kth =   1.00000
         kbh =   1.00000
        cHsq =   0.60000
       chdup =   0.00000
         cHw =   0.00000
          cH =   0.00000
         cHb =   0.00000
        cHwb =   0.00000
      cHq1st =   0.00000
      cHq3st =   0.00000
      cHq1rd =   0.00000
      cHq3rd =   0.00000
       cHdst =   0.00000
       cHust =   0.00000
       cHdrd =   0.00000
       cHurd =   0.00000
         cth =   0.00000
         cbh =   0.00000
 --------------

  mH       = 125.0000      GeV
  fact_scale 1.0
  ren_scale  1.0
  Kqq      =   0.26402085810667802            +-    2.3835339512958957E-004
  Kgq      =  -0.10337771207128214            +-    1.7063056794929169E-004
  K_nlo    =    1.1606431460353959            +-    2.9313330020402001E-004
  Kqq2     =    6.0325698533993846E-002       +-    2.0509125959825730E-004
  Kgq2     =   -5.4159424358994616E-002       +-    1.8078458300488490E-004
  Kqqs     =    2.2765930563710588E-003       +-    4.2729255782272806E-006
  Kgg      =    1.8895771506720618E-003       +-    3.1495310883914988E-006
  K_nnlo   =    1.1709755904174384            +-    4.0087504205602996E-004
  sig_LO   = (  0.23445115440362960            +-    1.3597838265723728E-004 ) fb
  sig_NLO  = (  0.27211412543865898            +-    1.5235913736776785E-004 ) fb
  sig_NNLO = (  0.27453657895184014            +-    1.6529796319590513E-004 ) fb

  pp ---> HHW- + X
  ===============

  PDFSET = PDF4LHC21_40                                NSET =  40
  Sqrt(S)  = 13.6 TeV
  LOOP     = 3
  alphaS(MZ) =   0.11800
          kl =   1.00000
          kv =   1.00000
         k2v =   1.00000
         kth =   1.00000
         kbh =   1.00000
        cHsq =   0.60000
       chdup =   0.00000
         cHw =   0.00000
          cH =   0.00000
         cHb =   0.00000
        cHwb =   0.00000
      cHq1st =   0.00000
      cHq3st =   0.00000
      cHq1rd =   0.00000
      cHq3rd =   0.00000
       cHdst =   0.00000
       cHust =   0.00000
       cHdrd =   0.00000
       cHurd =   0.00000
         cth =   0.00000
         cbh =   0.00000
 --------------

  mH       = 125.0000      GeV
  fact_scale 1.0
  ren_scale  1.0
  Kqq      =   0.26412104177599083            +-    2.3792042302330364E-004
  Kgq      =  -0.10351669809072782            +-    1.7056426577940665E-004
  K_nlo    =    1.1606043436852631            +-    2.9274271374785029E-004
  Kqq2     =    6.0371161091090829E-002       +-    2.0485547732688035E-004
  Kgq2     =   -5.4253259387061457E-002       +-    1.8073564788035970E-004
  Kqqs     =    2.2854880178428904E-003       +-    4.2792664718887094E-006
  Kgg      =    1.8822729411311534E-003       +-    3.1343444582120762E-006
  K_nnlo   =    1.1708900063482666            +-    4.0044671767256796E-004
  sig_LO   = (  0.23458947114469608            +-    1.3578621996857525E-004 ) fb
  sig_NLO  = (  0.27226555919336298            +-    1.5216459849435110E-004 ) fb
  sig_NNLO = (  0.27467846735784968            +-    1.6511429618022410E-004 ) fb

  pp ---> HHW- + X
  ===============

  PDFSET = PDF4LHC21_40                                NSET =  41
  Sqrt(S)  = 13.6 TeV
  LOOP     = 3
  alphaS(MZ) =   0.11700
          kl =   1.00000
          kv =   1.00000
         k2v =   1.00000
         kth =   1.00000
         kbh =   1.00000
        cHsq =   0.60000
       chdup =   0.00000
         cHw =   0.00000
          cH =   0.00000
         cHb =   0.00000
        cHwb =   0.00000
      cHq1st =   0.00000
      cHq3st =   0.00000
      cHq1rd =   0.00000
      cHq3rd =   0.00000
       cHdst =   0.00000
       cHust =   0.00000
       cHdrd =   0.00000
       cHurd =   0.00000
         cth =   0.00000
         cbh =   0.00000
 --------------

  mH       = 125.0000      GeV
  fact_scale 1.0
  ren_scale  1.0
  Kqq      =   0.26207578305646845            +-    2.3620177554345613E-004
  Kgq      =  -0.10145480239031784            +-    1.6729025489477326E-004
  K_nlo    =    1.1606209806661505            +-    2.8944310002596268E-004
  Kqq2     =    5.9455272326107728E-002       +-    2.0202477184331547E-004
  Kgq2     =   -5.2815705114400806E-002       +-    1.7601438514620640E-004
  Kqqs     =    2.2464108169184048E-003       +-    4.2128239504810643E-006
  Kgg      =    1.8147661793704900E-003       +-    3.0202332943939899E-006
  K_nnlo   =    1.1713217248741465            +-    3.9446070788377711E-004
  sig_LO   = (  0.23554463787451221            +-    1.3615469496642738E-004 ) fb
  sig_NLO  = (  0.27337804860056969            +-    1.5227006584913201E-004 ) fb
  sig_NNLO = (  0.27589855152002979            +-    1.6483611851392016E-004 ) fb

  pp ---> HHW- + X
  ===============

  PDFSET = PDF4LHC21_40                                NSET =  42
  Sqrt(S)  = 13.6 TeV
  LOOP     = 3
  alphaS(MZ) =   0.11900
          kl =   1.00000
          kv =   1.00000
         k2v =   1.00000
         kth =   1.00000
         kbh =   1.00000
        cHsq =   0.60000
       chdup =   0.00000
         cHw =   0.00000
          cH =   0.00000
         cHb =   0.00000
        cHwb =   0.00000
      cHq1st =   0.00000
      cHq3st =   0.00000
      cHq1rd =   0.00000
      cHq3rd =   0.00000
       cHdst =   0.00000
       cHust =   0.00000
       cHdrd =   0.00000
       cHurd =   0.00000
         cth =   0.00000
         cbh =   0.00000
 --------------

  mH       = 125.0000      GeV
  fact_scale 1.0
  ren_scale  1.0
  Kqq      =   0.26588955689228005            +-    2.3974229454349030E-004
  Kgq      =  -0.10232388524929208            +-    1.6880929458295876E-004
  K_nlo    =    1.1635656716429881            +-    2.9321143519749331E-004
  Kqq2     =    6.1182319133075466E-002       +-    2.0771356240264011E-004
  Kgq2     =   -5.3983614835364069E-002       +-    1.7998495275693726E-004
  Kqqs     =    2.3158196731014953E-003       +-    4.3362883764382680E-006
  Kgg      =    1.8492581691936781E-003       +-    3.0897172208702616E-006
  K_nnlo   =    1.1749294537829944            +-    4.0192138871286112E-004
  sig_LO   = (  0.23588972932775157            +-    1.3669039600281872E-004 ) fb
  sig_NLO  = (  0.27447319133892789            +-    1.5319314570568106E-004 ) fb
  sig_NNLO = (  0.27715379083207353            +-    1.6635214165931149E-004 ) fb

