  pp ---> HHW- + X
  ===============

  PDFSET = PDF4LHC21_40                                NSET =   0
  Sqrt(S)  = 13.6 TeV
  LOOP     = 3
  alphaS(MZ) =   0.11800
          kl =   1.00000
          kv =   1.00000
         k2v =   1.00000
         kth =   1.00000
         kbh =   1.00000
        cHsq =   0.00000
       chdup =   0.00000
         cHw =   0.40000
          cH =   0.00000
         cHb =   0.00000
        cHwb =   0.00000
      cHq1st =   0.00000
      cHq3st =   0.00000
      cHq1rd =   0.00000
      cHq3rd =   0.00000
       cHdst =   0.00000
       cHust =   0.00000
       cHdrd =   0.00000
       cHurd =   0.00000
         cth =   0.00000
         cbh =   0.00000
 --------------

  mH       = 125.0000      GeV
  fact_scale 0.5
  ren_scale  0.5
  Kqq      =   0.20943245545974506            +-    1.7890524079716921E-004
  Kgq      =   -3.8074961872828252E-002       +-    1.6987116757664433E-004
  K_nlo    =    1.1713574935869169            +-    2.4670488191064536E-004
  Kqq2     =    1.1772900273375825E-002       +-    9.1029337857185370E-005
  Kgq2     =   -1.2011891749706518E-002       +-    8.2007407648008153E-005
  Kqqs     =    6.8544124392837236E-004       +-    2.0633760887198104E-006
  Kgg      =    2.6098501178269215E-004       +-    1.4344792651716847E-006
  K_nnlo   =    1.1720649283662972            +-    2.7546536854939745E-004
  sig_LO   = (  0.35763434696335722            +-    1.9435310453261027E-004 ) fb
  sig_NLO  = (  0.41891767227959187            +-    2.1344246702214499E-004 ) fb
  sig_NNLO = (  0.41917067525493479            +-    2.1789563396362320E-004 ) fb

  mH       = 125.0000      GeV
  fact_scale 1.0
  ren_scale  0.5
  Kqq      =   0.28799650677071909            +-    2.2360757281488953E-004
  Kgq      =  -0.10970835103761664            +-    1.6675645947485308E-004
  K_nlo    =    1.1782881557331024            +-    2.7894096758410093E-004
  Kqq2     =    2.1464446105359435E-002       +-    1.3381351804906850E-004
  Kgq2     =   -2.4988085531210739E-002       +-    1.0938598555862661E-004
  Kqqs     =    1.2312987033898167E-003       +-    2.3506826948973326E-006
  Kgg      =    1.0215569908833941E-003       +-    1.7337694053147662E-006
  K_nnlo   =    1.1770173720015242            +-    3.2815841679216117E-004
  sig_LO   = (  0.35257530989092456            +-    1.9174878726505072E-004 ) fb
  sig_NLO  = (  0.41543531164840458            +-    2.1549911168419313E-004 ) fb
  sig_NNLO = (  0.41498726468043912            +-    2.2395136963009228E-004 ) fb

  mH       = 125.0000      GeV
  fact_scale 0.5
  ren_scale  1.0
  Kqq      =   0.19254252694519922            +-    1.6454979083247644E-004
  Kgq      =   -3.5005596955197886E-002       +-    1.5602825291423589E-004
  K_nlo    =    1.1575369299900014            +-    2.2676298059974540E-004
  Kqq2     =    1.6677023185590570E-002       +-    6.5053474221678367E-005
  Kgq2     =   -1.1368049325358535E-002       +-    6.9668584015442626E-005
  Kqqs     =    5.7744903434425059E-004       +-    1.7369782932359671E-006
  Kgg      =    2.1991898252902558E-004       +-    1.2077374262684155E-006
  K_nnlo   =    1.1636432718671066            +-    2.4599103886278022E-004
  sig_LO   = (  0.35763434696335722            +-    1.9435310453261027E-004 ) fb
  sig_NLO  = (  0.41397496404294348            +-    2.1059452088982892E-004 ) fb
  sig_NNLO = (  0.41615880163249702            +-    2.1333706315065310E-004 ) fb

  mH       = 125.0000      GeV
  fact_scale 1.0
  ren_scale  1.0
  Kqq      =   0.26476828409061010            +-    2.0557903282324649E-004
  Kgq      =  -0.10079371557546354            +-    1.5309469888076131E-004
  K_nlo    =    1.1639745685151466            +-    2.5632152769896726E-004
  Kqq2     =    2.7383638417492400E-002       +-    9.7025202727302380E-005
  Kgq2     =   -2.4709538907336567E-002       +-    8.3958999851558520E-005
  Kqqs     =    1.0385433350302326E-003       +-    1.9819337636327300E-006
  Kgg      =    8.6035597123440143E-004       +-    1.4595470371380137E-006
  K_nnlo   =    1.1685475673315668            +-    2.8665272983398852E-004
  sig_LO   = (  0.35257530989092456            +-    1.9174878726505072E-004 ) fb
  sig_NLO  = (  0.41038869419938301            +-    2.1197832872856329E-004 ) fb
  sig_NNLO = (  0.41200102067421329            +-    2.1675347799688120E-004 ) fb

  mH       = 125.0000      GeV
  fact_scale 1.5
  ren_scale  1.0
  Kqq      =   0.30794986513445310            +-    2.4194851688587229E-004
  Kgq      =  -0.13777819876542083            +-    1.5873707567059015E-004
  K_nlo    =    1.1701716663690325            +-    2.8937267323595693E-004
  Kqq2     =    3.3669154180908580E-002       +-    1.2399064622220805E-004
  Kgq2     =   -3.4054248518430232E-002       +-    9.7598690148073276E-005
  Kqqs     =    1.8489561528660231E-003       +-    2.3744907935814888E-006
  Kgg      =    1.4396485829381892E-003       +-    1.7001826232419086E-006
  K_nnlo   =    1.1730751767673151            +-    3.2961228361883823E-004
  sig_LO   = (  0.34928640391332949            +-    1.9006549906742546E-004 ) fb
  sig_NLO  = (  0.40872505330730763            +-    2.1526921602695921E-004 ) fb
  sig_NNLO = (  0.40973921001304869            +-    2.2221521352707254E-004 ) fb

  mH       = 125.0000      GeV
  fact_scale 2.0
  ren_scale  1.0
  Kqq      =   0.33899196592625863            +-    2.7047992574788873E-004
  Kgq      =  -0.16323598867842562            +-    1.7439901120806819E-004
  K_nlo    =    1.1757559772478330            +-    3.2182977696747591E-004
  Kqq2     =    3.8149551912389022E-002       +-    1.4746073219055274E-004
  Kgq2     =   -4.1358478914740864E-002       +-    1.1174378327927814E-004
  Kqqs     =    2.6558625424126197E-003       +-    2.8105438837076741E-006
  Kgg      =    1.9298176702016753E-003       +-    1.9622728165622299E-006
  K_nnlo   =    1.1771327304580956            +-    3.7123778855903714E-004
  sig_LO   = (  0.34684058217883812            +-    1.8872881430092561E-004 ) fb
  sig_NLO  = (  0.40779988764888714            +-    2.1926787155903996E-004 ) fb
  sig_NNLO = (  0.40827740153385117            +-    2.2846835253955100E-004 ) fb

  mH       = 125.0000      GeV
  fact_scale 1.0
  ren_scale  1.5
  Kqq      =   0.25287060520969923            +-    1.9634690165255358E-004
  Kgq      =   -9.6232046523465758E-002       +-    1.4611211065601468E-004
  K_nlo    =    1.1566385586862333            +-    2.4474651104543454E-004
  Kqq2     =    2.9920762750042299E-002       +-    8.9045025115959672E-005
  Kgq2     =   -2.4470820866460175E-002       +-    7.4614716901301169E-005
  Kqqs     =    9.4631122210719638E-004       +-    1.8055542301041454E-006
  Kgg      =    7.8335151491650500E-004       +-    1.3286291074439951E-006
  K_nnlo   =    1.1638181633068392            +-    2.7092850057987478E-004
  sig_LO   = (  0.35257530989092456            +-    1.9174878726505072E-004 ) fb
  sig_NLO  = (  0.40780219826059105            +-    2.1027085788268522E-004 ) fb
  sig_NNLO = (  0.41033354958459545            +-    2.1422461026339724E-004 ) fb

  mH       = 125.0000      GeV
  fact_scale 1.5
  ren_scale  1.5
  Kqq      =   0.29411097244891027            +-    2.3107475962940805E-004
  Kgq      =  -0.13153476707384357            +-    1.5155590223089445E-004
  K_nlo    =    1.1625762053750666            +-    2.7634170159208536E-004
  Kqq2     =    3.6454270512621359E-002       +-    1.0964034153151286E-004
  Kgq2     =   -3.3743816977695941E-002       +-    8.9930050535348734E-005
  Kqqs     =    1.6846648567759586E-003       +-    2.1634377001205864E-006
  Kgg      =    1.3106657630159706E-003       +-    1.5486062744993896E-006
  K_nnlo   =    1.1682819895297838            +-    3.1061267386138969E-004
  sig_LO   = (  0.34928640391332949            +-    1.9006549906742546E-004 ) fb
  sig_NLO  = (  0.40607206205066143            +-    2.1317004358762263E-004 ) fb
  sig_NNLO = (  0.40806501487956826            +-    2.1885058392904049E-004 ) fb

  mH       = 125.0000      GeV
  fact_scale 2.0
  ren_scale  1.5
  Kqq      =   0.32375548107113272            +-    2.5827533102896496E-004
  Kgq      =  -0.15583427454027254            +-    1.6649610309253960E-004
  K_nlo    =    1.1679212065308602            +-    3.0728992655653877E-004
  Kqq2     =    4.1120140709078511E-002       +-    1.2729693871336463E-004
  Kgq2     =   -4.0924860350996371E-002       +-    1.0512860200138560E-004
  Kqqs     =    2.4197227730523917E-003       +-    2.5606445173573100E-006
  Kgg      =    1.7568314904836723E-003       +-    1.7869184851522163E-006
  K_nnlo   =    1.1722930411524783            +-    3.4884578613722663E-004
  sig_LO   = (  0.34684058217883812            +-    1.8872881430092561E-004 ) fb
  sig_NLO  = (  0.40508247121217456            +-    2.1674407321255567E-004 ) fb
  sig_NNLO = (  0.40659880087752620            +-    2.2418314671072821E-004 ) fb

  mH       = 125.0000      GeV
  fact_scale 1.0
  ren_scale  2.0
  Kqq      =   0.24506917639774131            +-    1.9029397258302059E-004
  Kgq      =   -9.3242549837571409E-002       +-    1.4153917800867840E-004
  K_nlo    =    1.1518266265601698            +-    2.3716056778646770E-004
  Kqq2     =    3.1387467795768079E-002       +-    8.6910259879659506E-005
  Kgq2     =   -2.4281899668783469E-002       +-    7.0197861973322952E-005
  Kqqs     =    8.8821430655419990E-004       +-    1.6944731703723226E-006
  Kgg      =    7.3489113119392443E-004       +-    1.2462671349594057E-006
  K_nnlo   =    1.1605553001249027            +-    2.6216539136940289E-004
  sig_LO   = (  0.35257530989092456            +-    1.9174878726505072E-004 ) fb
  sig_NLO  = (  0.40610562980007014            +-    2.0918746026275719E-004 ) fb
  sig_NNLO = (  0.40918314458709254            +-    2.1286489860962749E-004 ) fb

  mH       = 125.0000      GeV
  fact_scale 1.5
  ren_scale  2.0
  Kqq      =   0.28503637670216164            +-    2.2393862980031354E-004
  Kgq      =  -0.12744353098205308            +-    1.4684970582224486E-004
  K_nlo    =    1.1575928457201088            +-    2.6779347642711862E-004
  Kqq2     =    3.8070547928693965E-002       +-    1.0600796131126970E-004
  Kgq2     =   -3.3488034636433101E-002       +-    8.6669533478803172E-005
  Kqqs     =    1.5811817458634529E-003       +-    2.0304941113623787E-006
  Kgg      =    1.2295044709859980E-003       +-    1.4531795683616578E-006
  K_nnlo   =    1.1649860452292193            +-    3.0078044575557259E-004
  sig_LO   = (  0.34928640391332949            +-    1.9006549906742546E-004 ) fb
  sig_NLO  = (  0.40433144227737439            +-    2.1183482548082561E-004 ) fb
  sig_NNLO = (  0.40691378634732533            +-    2.1716856728382111E-004 ) fb

  mH       = 125.0000      GeV
  fact_scale 2.0
  ren_scale  2.0
  Kqq      =   0.31376494111358399            +-    2.5027625011637619E-004
  Kgq      =  -0.15098419744483910            +-    1.6131222959144380E-004
  K_nlo    =    1.1627807436687447            +-    2.9775801716843423E-004
  Kqq2     =    4.2844867586153426E-002       +-    1.2135735277312165E-004
  Kgq2     =   -4.0575446640910950E-002       +-    1.0192912297370954E-004
  Kqqs     =    2.2709976501742888E-003       +-    2.4032630079573608E-006
  Kgg      =    1.6479883431601880E-003       +-    1.6765537442027036E-006
  K_nnlo   =    1.1689691506073216            +-    3.3732117703445433E-004
  sig_LO   = (  0.34684058217883812            +-    1.8872881430092561E-004 ) fb
  sig_NLO  = (  0.40329955008040980            +-    2.1513763250904754E-004 ) fb
  sig_NNLO = (  0.40544594074574541            +-    2.2205131600530438E-004 ) fb

  pp ---> HHW- + X
  ===============

  PDFSET = PDF4LHC21_40                                NSET =   1
  Sqrt(S)  = 13.6 TeV
  LOOP     = 3
  alphaS(MZ) =   0.11800
          kl =   1.00000
          kv =   1.00000
         k2v =   1.00000
         kth =   1.00000
         kbh =   1.00000
        cHsq =   0.00000
       chdup =   0.00000
         cHw =   0.40000
          cH =   0.00000
         cHb =   0.00000
        cHwb =   0.00000
      cHq1st =   0.00000
      cHq3st =   0.00000
      cHq1rd =   0.00000
      cHq3rd =   0.00000
       cHdst =   0.00000
       cHust =   0.00000
       cHdrd =   0.00000
       cHurd =   0.00000
         cth =   0.00000
         cbh =   0.00000
 --------------

  mH       = 125.0000      GeV
  fact_scale 1.0
  ren_scale  1.0
  Kqq      =   0.26503000991896369            +-    2.0291589532332453E-004
  Kgq      =  -0.10114779715212370            +-    1.5241151056558447E-004
  K_nlo    =    1.1638822127668400            +-    2.5377968619995898E-004
  Kqq2     =    2.7443476118864305E-002       +-    9.6114458745236522E-005
  Kgq2     =   -2.4805058256897685E-002       +-    8.3645145567929187E-005
  Kqqs     =    1.0427261447107281E-003       +-    1.9740214578282384E-006
  Kgg      =    8.6274316950862807E-004       +-    1.4638705454230250E-006
  K_nnlo   =    1.1684260999430258            +-    2.8398004923305652E-004
  sig_LO   = (  0.35165945276885380            +-    1.8736965840325103E-004 ) fb
  sig_NLO  = (  0.40929018202898965            +-    2.0753767125660004E-004 ) fb
  sig_NNLO = (  0.41088808290681061            +-    2.1232112719945622E-004 ) fb

  pp ---> HHW- + X
  ===============

  PDFSET = PDF4LHC21_40                                NSET =   2
  Sqrt(S)  = 13.6 TeV
  LOOP     = 3
  alphaS(MZ) =   0.11800
          kl =   1.00000
          kv =   1.00000
         k2v =   1.00000
         kth =   1.00000
         kbh =   1.00000
        cHsq =   0.00000
       chdup =   0.00000
         cHw =   0.40000
          cH =   0.00000
         cHb =   0.00000
        cHwb =   0.00000
      cHq1st =   0.00000
      cHq3st =   0.00000
      cHq1rd =   0.00000
      cHq3rd =   0.00000
       cHdst =   0.00000
       cHust =   0.00000
       cHdrd =   0.00000
       cHurd =   0.00000
         cth =   0.00000
         cbh =   0.00000
 --------------

  mH       = 125.0000      GeV
  fact_scale 1.0
  ren_scale  1.0
  Kqq      =   0.26474877809888225            +-    2.0613263594105078E-004
  Kgq      =  -0.10217972577832700            +-    1.5454109685644234E-004
  K_nlo    =    1.1625690523205552            +-    2.5763077110003393E-004
  Kqq2     =    2.7381843019818712E-002       +-    9.7165582854096539E-005
  Kgq2     =   -2.5062648957977642E-002       +-    8.4806573498597286E-005
  Kqqs     =    1.0559511812505053E-003       +-    2.0140868644995725E-006
  Kgg      =    8.5887996807450186E-004       +-    1.4516089017743332E-006
  K_nnlo   =    1.1668030775317211            +-    2.8811991137692796E-004
  sig_LO   = (  0.35171677360739700            +-    1.9190870252216245E-004 ) fb
  sig_NLO  = (  0.40889503617799483            +-    2.1222553427309687E-004 ) fb
  sig_NNLO = (  0.41038421386463858            +-    2.1702086938054895E-004 ) fb

  pp ---> HHW- + X
  ===============

  PDFSET = PDF4LHC21_40                                NSET =   3
  Sqrt(S)  = 13.6 TeV
  LOOP     = 3
  alphaS(MZ) =   0.11800
          kl =   1.00000
          kv =   1.00000
         k2v =   1.00000
         kth =   1.00000
         kbh =   1.00000
        cHsq =   0.00000
       chdup =   0.00000
         cHw =   0.40000
          cH =   0.00000
         cHb =   0.00000
        cHwb =   0.00000
      cHq1st =   0.00000
      cHq3st =   0.00000
      cHq1rd =   0.00000
      cHq3rd =   0.00000
       cHdst =   0.00000
       cHust =   0.00000
       cHdrd =   0.00000
       cHurd =   0.00000
         cth =   0.00000
         cbh =   0.00000
 --------------

  mH       = 125.0000      GeV
  fact_scale 1.0
  ren_scale  1.0
  Kqq      =   0.26499931874677241            +-    2.0821345480590036E-004
  Kgq      =  -0.10131821959154580            +-    1.5317893111928068E-004
  K_nlo    =    1.1636810991552267            +-    2.5848912491834941E-004
  Kqq2     =    2.7433738994713002E-002       +-    9.7898047718382431E-005
  Kgq2     =   -2.4841160049207479E-002       +-    8.4049266116632319E-005
  Kqqs     =    1.0424871327215557E-003       +-    1.9885315689850771E-006
  Kgg      =    8.6288682466284213E-004       +-    1.4628251681124115E-006
  K_nnlo   =    1.1681790520581163            +-    2.8891353152481891E-004
  sig_LO   = (  0.35057301241637517            +-    1.9401222055125654E-004 ) fb
  sig_NLO  = (  0.40795518842284634            +-    2.1413220515723681E-004 ) fb
  sig_NNLO = (  0.40953204932171944            +-    2.1885943228701644E-004 ) fb

  pp ---> HHW- + X
  ===============

  PDFSET = PDF4LHC21_40                                NSET =   4
  Sqrt(S)  = 13.6 TeV
  LOOP     = 3
  alphaS(MZ) =   0.11800
          kl =   1.00000
          kv =   1.00000
         k2v =   1.00000
         kth =   1.00000
         kbh =   1.00000
        cHsq =   0.00000
       chdup =   0.00000
         cHw =   0.40000
          cH =   0.00000
         cHb =   0.00000
        cHwb =   0.00000
      cHq1st =   0.00000
      cHq3st =   0.00000
      cHq1rd =   0.00000
      cHq3rd =   0.00000
       cHdst =   0.00000
       cHust =   0.00000
       cHdrd =   0.00000
       cHurd =   0.00000
         cth =   0.00000
         cbh =   0.00000
 --------------

  mH       = 125.0000      GeV
  fact_scale 1.0
  ren_scale  1.0
  Kqq      =   0.26532105842588283            +-    2.0528987344234766E-004
  Kgq      =  -0.10196390243644550            +-    1.5507323779504576E-004
  K_nlo    =    1.1633571559894373            +-    2.5727736242859363E-004
  Kqq2     =    2.7506938432964607E-002       +-    9.6885700790084089E-005
  Kgq2     =   -2.4992211722589808E-002       +-    8.5032596819353210E-005
  Kqqs     =    1.0470957630176079E-003       +-    1.9976882968260950E-006
  Kgg      =    8.7556089226842933E-004       +-    1.4890684899570587E-006
  K_nnlo   =    1.1677945393550981            +-    2.8777635559778251E-004
  sig_LO   = (  0.34737670036457508            +-    1.8821450497549867E-004 ) fb
  sig_NLO  = (  0.40412317019312699            +-    2.0835566488025260E-004 ) fb
  sig_NNLO = (  0.40566461378494290            +-    2.1311513591356105E-004 ) fb

  pp ---> HHW- + X
  ===============

  PDFSET = PDF4LHC21_40                                NSET =   5
  Sqrt(S)  = 13.6 TeV
  LOOP     = 3
  alphaS(MZ) =   0.11800
          kl =   1.00000
          kv =   1.00000
         k2v =   1.00000
         kth =   1.00000
         kbh =   1.00000
        cHsq =   0.00000
       chdup =   0.00000
         cHw =   0.40000
          cH =   0.00000
         cHb =   0.00000
        cHwb =   0.00000
      cHq1st =   0.00000
      cHq3st =   0.00000
      cHq1rd =   0.00000
      cHq3rd =   0.00000
       cHdst =   0.00000
       cHust =   0.00000
       cHdrd =   0.00000
       cHurd =   0.00000
         cth =   0.00000
         cbh =   0.00000
 --------------

  mH       = 125.0000      GeV
  fact_scale 1.0
  ren_scale  1.0
  Kqq      =   0.26497913078429514            +-    2.0680054785554062E-004
  Kgq      =  -0.10084425398607209            +-    1.5292937803963210E-004
  K_nlo    =    1.1641348767982231            +-    2.5720392932640133E-004
  Kqq2     =    2.7430637097493903E-002       +-    9.7411256392191257E-005
  Kgq2     =   -2.4728276460419123E-002       +-    8.3878184201636744E-005
  Kqqs     =    1.0395273965909308E-003       +-    1.9834126047703514E-006
  Kgg      =    8.5829997283335367E-004       +-    1.4563715634862655E-006
  K_nnlo   =    1.1687350648047221            +-    2.8754898515122784E-004
  sig_LO   = (  0.35120460477469451            +-    1.9247882092914768E-004 ) fb
  sig_NLO  = (  0.40884952931035756            +-    2.1262131357132881E-004 ) fb
  sig_NNLO = (  0.41046513652106942            +-    2.1736324259160299E-004 ) fb

  pp ---> HHW- + X
  ===============

  PDFSET = PDF4LHC21_40                                NSET =   6
  Sqrt(S)  = 13.6 TeV
  LOOP     = 3
  alphaS(MZ) =   0.11800
          kl =   1.00000
          kv =   1.00000
         k2v =   1.00000
         kth =   1.00000
         kbh =   1.00000
        cHsq =   0.00000
       chdup =   0.00000
         cHw =   0.40000
          cH =   0.00000
         cHb =   0.00000
        cHwb =   0.00000
      cHq1st =   0.00000
      cHq3st =   0.00000
      cHq1rd =   0.00000
      cHq3rd =   0.00000
       cHdst =   0.00000
       cHust =   0.00000
       cHdrd =   0.00000
       cHurd =   0.00000
         cth =   0.00000
         cbh =   0.00000
 --------------

  mH       = 125.0000      GeV
  fact_scale 1.0
  ren_scale  1.0
  Kqq      =   0.26479263512264262            +-    2.0596644346413537E-004
  Kgq      =  -0.10112355874663957            +-    1.5306519820752857E-004
  K_nlo    =    1.1636690763760031            +-    2.5661475159385302E-004
  Kqq2     =    2.7388194874335234E-002       +-    9.7107874723061918E-005
  Kgq2     =   -2.4786472157175048E-002       +-    8.3981648047711313E-005
  Kqqs     =    1.0398507480055337E-003       +-    1.9818364588083042E-006
  Kgg      =    8.6240351302781812E-004       +-    1.4650519360002589E-006
  K_nnlo   =    1.1681730533541967            +-    2.8694957977062636E-004
  sig_LO   = (  0.35292685152872094            +-    1.9263153902266070E-004 ) fb
  sig_NLO  = (  0.41069006334671743            +-    2.1285946770176491E-004 ) fb
  sig_NNLO = (  0.41227963776098914            +-    2.1763035334283510E-004 ) fb

  pp ---> HHW- + X
  ===============

  PDFSET = PDF4LHC21_40                                NSET =   7
  Sqrt(S)  = 13.6 TeV
  LOOP     = 3
  alphaS(MZ) =   0.11800
          kl =   1.00000
          kv =   1.00000
         k2v =   1.00000
         kth =   1.00000
         kbh =   1.00000
        cHsq =   0.00000
       chdup =   0.00000
         cHw =   0.40000
          cH =   0.00000
         cHb =   0.00000
        cHwb =   0.00000
      cHq1st =   0.00000
      cHq3st =   0.00000
      cHq1rd =   0.00000
      cHq3rd =   0.00000
       cHdst =   0.00000
       cHust =   0.00000
       cHdrd =   0.00000
       cHurd =   0.00000
         cth =   0.00000
         cbh =   0.00000
 --------------

  mH       = 125.0000      GeV
  fact_scale 1.0
  ren_scale  1.0
  Kqq      =   0.26505719654752480            +-    2.0907927726371601E-004
  Kgq      =  -0.10094226579015392            +-    1.5317369227924813E-004
  K_nlo    =    1.1641149307573708            +-    2.5918395819875820E-004
  Kqq2     =    2.7443731564259086E-002       +-    9.7565965524836466E-005
  Kgq2     =   -2.4752218076058145E-002       +-    8.4012409734787502E-005
  Kqqs     =    1.0401590585630512E-003       +-    1.9912043389500545E-006
  Kgg      =    8.5879610018032453E-004       +-    1.4554475671997367E-006
  K_nnlo   =    1.1687053994043151            +-    2.8941252569326600E-004
  sig_LO   = (  0.35122719090569832            +-    1.9558002665551332E-004 ) fb
  sig_NLO  = (  0.40886881702129285            +-    2.1572773217370952E-004 ) fb
  sig_NNLO = (  0.41048111442909974            +-    2.2041818781345883E-004 ) fb

  pp ---> HHW- + X
  ===============

  PDFSET = PDF4LHC21_40                                NSET =   8
  Sqrt(S)  = 13.6 TeV
  LOOP     = 3
  alphaS(MZ) =   0.11800
          kl =   1.00000
          kv =   1.00000
         k2v =   1.00000
         kth =   1.00000
         kbh =   1.00000
        cHsq =   0.00000
       chdup =   0.00000
         cHw =   0.40000
          cH =   0.00000
         cHb =   0.00000
        cHwb =   0.00000
      cHq1st =   0.00000
      cHq3st =   0.00000
      cHq1rd =   0.00000
      cHq3rd =   0.00000
       cHdst =   0.00000
       cHust =   0.00000
       cHdrd =   0.00000
       cHurd =   0.00000
         cth =   0.00000
         cbh =   0.00000
 --------------

  mH       = 125.0000      GeV
  fact_scale 1.0
  ren_scale  1.0
  Kqq      =   0.26450749200435786            +-    2.0578022004079090E-004
  Kgq      =  -0.10085083491644327            +-    1.5380123236885261E-004
  K_nlo    =    1.1636566570879145            +-    2.5690527055359161E-004
  Kqq2     =    2.7322270627242008E-002       +-    9.7101722266476910E-005
  Kgq2     =   -2.4699318487178521E-002       +-    8.4225420519758556E-005
  Kqqs     =    1.0418126527190477E-003       +-    1.9912206719519534E-006
  Kgg      =    8.5891599797718963E-004       +-    1.4648358380851399E-006
  K_nnlo   =    1.1681803378786744            +-    2.8727877518336999E-004
  sig_LO   = (  0.35338535385791375            +-    1.9258749578328653E-004 ) fb
  sig_NLO  = (  0.41121921953412965            +-    2.1291346363787930E-004 ) fb
  sig_NNLO = (  0.41281782207111251            +-    2.1770685932288769E-004 ) fb

  pp ---> HHW- + X
  ===============

  PDFSET = PDF4LHC21_40                                NSET =   9
  Sqrt(S)  = 13.6 TeV
  LOOP     = 3
  alphaS(MZ) =   0.11800
          kl =   1.00000
          kv =   1.00000
         k2v =   1.00000
         kth =   1.00000
         kbh =   1.00000
        cHsq =   0.00000
       chdup =   0.00000
         cHw =   0.40000
          cH =   0.00000
         cHb =   0.00000
        cHwb =   0.00000
      cHq1st =   0.00000
      cHq3st =   0.00000
      cHq1rd =   0.00000
      cHq3rd =   0.00000
       cHdst =   0.00000
       cHust =   0.00000
       cHdrd =   0.00000
       cHurd =   0.00000
         cth =   0.00000
         cbh =   0.00000
 --------------

  mH       = 125.0000      GeV
  fact_scale 1.0
  ren_scale  1.0
  Kqq      =   0.26483238304868811            +-    2.0438885251228761E-004
  Kgq      =  -0.10106282516998849            +-    1.5286458668592042E-004
  K_nlo    =    1.1637695578786995            +-    2.5523006267668964E-004
  Kqq2     =    2.7396933077354926E-002       +-    9.6552527991435397E-005
  Kgq2     =   -2.4769012257772605E-002       +-    8.3880601398160374E-005
  Kqqs     =    1.0413157812847352E-003       +-    1.9815209156959466E-006
  Kgg      =    8.5987276610582594E-004       +-    1.4589876486708738E-006
  K_nnlo   =    1.1682986672456723            +-    2.8549393323939337E-004
  sig_LO   = (  0.35376488377454091            +-    1.9082433297097070E-004 ) fb
  sig_NLO  = (  0.41170080238330703            +-    2.1110771897261951E-004 ) fb
  sig_NNLO = (  0.41330304223211639            +-    2.1590383770871938E-004 ) fb

  pp ---> HHW- + X
  ===============

  PDFSET = PDF4LHC21_40                                NSET =  10
  Sqrt(S)  = 13.6 TeV
  LOOP     = 3
  alphaS(MZ) =   0.11800
          kl =   1.00000
          kv =   1.00000
         k2v =   1.00000
         kth =   1.00000
         kbh =   1.00000
        cHsq =   0.00000
       chdup =   0.00000
         cHw =   0.40000
          cH =   0.00000
         cHb =   0.00000
        cHwb =   0.00000
      cHq1st =   0.00000
      cHq3st =   0.00000
      cHq1rd =   0.00000
      cHq3rd =   0.00000
       cHdst =   0.00000
       cHust =   0.00000
       cHdrd =   0.00000
       cHurd =   0.00000
         cth =   0.00000
         cbh =   0.00000
 --------------

  mH       = 125.0000      GeV
  fact_scale 1.0
  ren_scale  1.0
  Kqq      =   0.26470797386664063            +-    2.0530020628387762E-004
  Kgq      =  -0.10038637920612525            +-    1.5285453724685460E-004
  K_nlo    =    1.1643215946605154            +-    2.5595445738871747E-004
  Kqq2     =    2.7370506187536430E-002       +-    9.6959920842013526E-005
  Kgq2     =   -2.4609954395084351E-002       +-    8.3816401501207009E-005
  Kqqs     =    1.0373037378359625E-003       +-    1.9815945301997669E-006
  Kgg      =    8.5571940423823632E-004       +-    1.4555211628003123E-006
  K_nnlo   =    1.1689751695950417            +-    2.8626062412806850E-004
  sig_LO   = (  0.35228815987476558            +-    1.9126801471645047E-004 ) fb
  sig_NLO  = (  0.41017671208540563            +-    2.1145692877042499E-004 ) fb
  sig_NNLO = (  0.41181611143592922            +-    2.1622538070266862E-004 ) fb

  pp ---> HHW- + X
  ===============

  PDFSET = PDF4LHC21_40                                NSET =  11
  Sqrt(S)  = 13.6 TeV
  LOOP     = 3
  alphaS(MZ) =   0.11800
          kl =   1.00000
          kv =   1.00000
         k2v =   1.00000
         kth =   1.00000
         kbh =   1.00000
        cHsq =   0.00000
       chdup =   0.00000
         cHw =   0.40000
          cH =   0.00000
         cHb =   0.00000
        cHwb =   0.00000
      cHq1st =   0.00000
      cHq3st =   0.00000
      cHq1rd =   0.00000
      cHq3rd =   0.00000
       cHdst =   0.00000
       cHust =   0.00000
       cHdrd =   0.00000
       cHurd =   0.00000
         cth =   0.00000
         cbh =   0.00000
 --------------

  mH       = 125.0000      GeV
  fact_scale 1.0
  ren_scale  1.0
  Kqq      =   0.26476138903006030            +-    2.0590691770273024E-004
  Kgq      =  -0.10090807608552947            +-    1.5327372078749229E-004
  K_nlo    =    1.1638533129445308            +-    2.5669143390826481E-004
  Kqq2     =    2.7381874423006436E-002       +-    9.7137531060532614E-005
  Kgq2     =   -2.4739461062057946E-002       +-    8.4062488327334836E-005
  Kqqs     =    1.0388561301525989E-003       +-    1.9837715746338174E-006
  Kgg      =    8.6230938883638704E-004       +-    1.4633335999809129E-006
  K_nnlo   =    1.1683968918244685            +-    2.8705186085633633E-004
  sig_LO   = (  0.35182006235036911            +-    1.9178297450242129E-004 ) fb
  sig_NLO  = (  0.40946694512682846            +-    2.1198221680643751E-004 ) fb
  sig_NNLO = (  0.41106546733166188            +-    2.1674826717026064E-004 ) fb

  pp ---> HHW- + X
  ===============

  PDFSET = PDF4LHC21_40                                NSET =  12
  Sqrt(S)  = 13.6 TeV
  LOOP     = 3
  alphaS(MZ) =   0.11800
          kl =   1.00000
          kv =   1.00000
         k2v =   1.00000
         kth =   1.00000
         kbh =   1.00000
        cHsq =   0.00000
       chdup =   0.00000
         cHw =   0.40000
          cH =   0.00000
         cHb =   0.00000
        cHwb =   0.00000
      cHq1st =   0.00000
      cHq3st =   0.00000
      cHq1rd =   0.00000
      cHq3rd =   0.00000
       cHdst =   0.00000
       cHust =   0.00000
       cHdrd =   0.00000
       cHurd =   0.00000
         cth =   0.00000
         cbh =   0.00000
 --------------

  mH       = 125.0000      GeV
  fact_scale 1.0
  ren_scale  1.0
  Kqq      =   0.26445722155502577            +-    2.0466830718189965E-004
  Kgq      =  -0.10042731248161542            +-    1.5261884360184179E-004
  K_nlo    =    1.1640299090734103            +-    2.5530692780860432E-004
  Kqq2     =    2.7312869561955076E-002       +-    9.6692336739000225E-005
  Kgq2     =   -2.4615531991385355E-002       +-    8.3708295114740986E-005
  Kqqs     =    1.0364102343335976E-003       +-    1.9791274010502600E-006
  Kgg      =    8.5640109029447981E-004       +-    1.4530066683812495E-006
  K_nnlo   =    1.1686200579686081            +-    2.8555934972572793E-004
  sig_LO   = (  0.35571160547946651            +-    1.9247653442173849E-004 ) fb
  sig_NLO  = (  0.41405894778262020            +-    2.1282550660003756E-004 ) fb
  sig_NNLO = (  0.41569171701552082            +-    2.1763514760198794E-004 ) fb

  pp ---> HHW- + X
  ===============

  PDFSET = PDF4LHC21_40                                NSET =  13
  Sqrt(S)  = 13.6 TeV
  LOOP     = 3
  alphaS(MZ) =   0.11800
          kl =   1.00000
          kv =   1.00000
         k2v =   1.00000
         kth =   1.00000
         kbh =   1.00000
        cHsq =   0.00000
       chdup =   0.00000
         cHw =   0.40000
          cH =   0.00000
         cHb =   0.00000
        cHwb =   0.00000
      cHq1st =   0.00000
      cHq3st =   0.00000
      cHq1rd =   0.00000
      cHq3rd =   0.00000
       cHdst =   0.00000
       cHust =   0.00000
       cHdrd =   0.00000
       cHurd =   0.00000
         cth =   0.00000
         cbh =   0.00000
 --------------

  mH       = 125.0000      GeV
  fact_scale 1.0
  ren_scale  1.0
  Kqq      =   0.26470919489912020            +-    2.0474285104136870E-004
  Kgq      =  -0.10019313227263452            +-    1.5197719722538668E-004
  K_nlo    =    1.1645160626264857            +-    2.5498373189094273E-004
  Kqq2     =    2.7368222311777046E-002       +-    9.6716868238718050E-005
  Kgq2     =   -2.4564150640207349E-002       +-    8.3352629381702975E-005
  Kqqs     =    1.0340125980171728E-003       +-    1.9713454252622008E-006
  Kgg      =    8.5614350485958986E-004       +-    1.4517645786589995E-006
  K_nnlo   =    1.1692102904009321            +-    2.8517452687601462E-004
  sig_LO   = (  0.35279384120243207            +-    1.9088321461984301E-004 ) fb
  sig_NLO  = (  0.41083409487592981            +-    2.1101802704643716E-004 ) fb
  sig_NNLO = (  0.41249018952395594            +-    2.1577380381951214E-004 ) fb

  pp ---> HHW- + X
  ===============

  PDFSET = PDF4LHC21_40                                NSET =  14
  Sqrt(S)  = 13.6 TeV
  LOOP     = 3
  alphaS(MZ) =   0.11800
          kl =   1.00000
          kv =   1.00000
         k2v =   1.00000
         kth =   1.00000
         kbh =   1.00000
        cHsq =   0.00000
       chdup =   0.00000
         cHw =   0.40000
          cH =   0.00000
         cHb =   0.00000
        cHwb =   0.00000
      cHq1st =   0.00000
      cHq3st =   0.00000
      cHq1rd =   0.00000
      cHq3rd =   0.00000
       cHdst =   0.00000
       cHust =   0.00000
       cHdrd =   0.00000
       cHurd =   0.00000
         cth =   0.00000
         cbh =   0.00000
 --------------

  mH       = 125.0000      GeV
  fact_scale 1.0
  ren_scale  1.0
  Kqq      =   0.26495284857214529            +-    2.0852809157636103E-004
  Kgq      =  -0.10099357216728075            +-    1.5325525730525852E-004
  K_nlo    =    1.1639592764048645            +-    2.5878782596594496E-004
  Kqq2     =    2.7423208291038025E-002       +-    9.7944797826580432E-005
  Kgq2     =   -2.4763613975607123E-002       +-    8.4071270434981390E-005
  Kqqs     =    1.0401267269542370E-003       +-    1.9910067292595498E-006
  Kgg      =    8.6000831102231185E-004       +-    1.4577766426696774E-006
  K_nnlo   =    1.1685190057582719            +-    2.8920302561100147E-004
  sig_LO   = (  0.35166266475255115            +-    1.9501588438521574E-004 ) fb
  sig_NLO  = (  0.40932102080398591            +-    2.1520522809393360E-004 ) fb
  sig_NNLO = (  0.41092450737895553            +-    2.1994197638680767E-004 ) fb

  pp ---> HHW- + X
  ===============

  PDFSET = PDF4LHC21_40                                NSET =  15
  Sqrt(S)  = 13.6 TeV
  LOOP     = 3
  alphaS(MZ) =   0.11800
          kl =   1.00000
          kv =   1.00000
         k2v =   1.00000
         kth =   1.00000
         kbh =   1.00000
        cHsq =   0.00000
       chdup =   0.00000
         cHw =   0.40000
          cH =   0.00000
         cHb =   0.00000
        cHwb =   0.00000
      cHq1st =   0.00000
      cHq3st =   0.00000
      cHq1rd =   0.00000
      cHq3rd =   0.00000
       cHdst =   0.00000
       cHust =   0.00000
       cHdrd =   0.00000
       cHurd =   0.00000
         cth =   0.00000
         cbh =   0.00000
 --------------

  mH       = 125.0000      GeV
  fact_scale 1.0
  ren_scale  1.0
  Kqq      =   0.26492085554269179            +-    2.0587148883710569E-004
  Kgq      =  -0.10050293706750907            +-    1.5224999402558014E-004
  K_nlo    =    1.1644179184751828            +-    2.5605298396385798E-004
  Kqq2     =    2.7419885182477750E-002       +-    9.7107124856660930E-005
  Kgq2     =   -2.4649914349293686E-002       +-    8.3541370720047886E-005
  Kqqs     =    1.0377106925350567E-003       +-    1.9792810743167793E-006
  Kgg      =    8.5574054448902441E-004       +-    1.4494077676937705E-006
  K_nnlo   =    1.1690813405453910            +-    2.8631818533400133E-004
  sig_LO   = (  0.35175063395980755            +-    1.9160839975998988E-004 ) fb
  sig_NLO  = (  0.40958474101780501            +-    2.1172105993342885E-004 ) fb
  sig_NNLO = (  0.41122510268742291            +-    2.1646433263474113E-004 ) fb

  pp ---> HHW- + X
  ===============

  PDFSET = PDF4LHC21_40                                NSET =  16
  Sqrt(S)  = 13.6 TeV
  LOOP     = 3
  alphaS(MZ) =   0.11800
          kl =   1.00000
          kv =   1.00000
         k2v =   1.00000
         kth =   1.00000
         kbh =   1.00000
        cHsq =   0.00000
       chdup =   0.00000
         cHw =   0.40000
          cH =   0.00000
         cHb =   0.00000
        cHwb =   0.00000
      cHq1st =   0.00000
      cHq3st =   0.00000
      cHq1rd =   0.00000
      cHq3rd =   0.00000
       cHdst =   0.00000
       cHust =   0.00000
       cHdrd =   0.00000
       cHurd =   0.00000
         cth =   0.00000
         cbh =   0.00000
 --------------

  mH       = 125.0000      GeV
  fact_scale 1.0
  ren_scale  1.0
  Kqq      =   0.26467971918545902            +-    2.0564138589947585E-004
  Kgq      =  -0.10018202618622407            +-    1.5234995883905435E-004
  K_nlo    =    1.1644976929992350            +-    2.5592750839430818E-004
  Kqq2     =    2.7363552561110425E-002       +-    9.7064760247211123E-005
  Kgq2     =   -2.4559863633718201E-002       +-    8.3543136176844943E-005
  Kqqs     =    1.0313654512394692E-003       +-    1.9691164749634451E-006
  Kgg      =    8.6295890894145079E-004       +-    1.4662123089534182E-006
  K_nnlo   =    1.1691957062868084            +-    2.8619213831839791E-004
  sig_LO   = (  0.35251173437235045            +-    1.9185694878426742E-004 ) fb
  sig_NLO  = (  0.41049910143176116            +-    2.1201008715537699E-004 ) fb
  sig_NNLO = (  0.41215520624386787            +-    2.1676506027384961E-004 ) fb

  pp ---> HHW- + X
  ===============

  PDFSET = PDF4LHC21_40                                NSET =  17
  Sqrt(S)  = 13.6 TeV
  LOOP     = 3
  alphaS(MZ) =   0.11800
          kl =   1.00000
          kv =   1.00000
         k2v =   1.00000
         kth =   1.00000
         kbh =   1.00000
        cHsq =   0.00000
       chdup =   0.00000
         cHw =   0.40000
          cH =   0.00000
         cHb =   0.00000
        cHwb =   0.00000
      cHq1st =   0.00000
      cHq3st =   0.00000
      cHq1rd =   0.00000
      cHq3rd =   0.00000
       cHdst =   0.00000
       cHust =   0.00000
       cHdrd =   0.00000
       cHurd =   0.00000
         cth =   0.00000
         cbh =   0.00000
 --------------

  mH       = 125.0000      GeV
  fact_scale 1.0
  ren_scale  1.0
  Kqq      =   0.26476730219858219            +-    2.0524349062548609E-004
  Kgq      =  -0.10032533453023504            +-    1.5196236022056484E-004
  K_nlo    =    1.1644419676683471            +-    2.5537707290972442E-004
  Kqq2     =    2.7380748484064400E-002       +-    9.6903497506302706E-005
  Kgq2     =   -2.4593354796800856E-002       +-    8.3356635789756271E-005
  Kqqs     =    1.0365249111910493E-003       +-    1.9758619604048585E-006
  Kgg      =    8.5136797852500214E-004       +-    1.4434405917466193E-006
  K_nnlo   =    1.1691172542453265            +-    2.8559070971988438E-004
  sig_LO   = (  0.35568158062491412            +-    1.9304419928097157E-004 ) fb
  sig_NLO  = (  0.41417055960626281            +-    2.1334639065134886E-004 ) fb
  sig_NNLO = (  0.41583347292583739            +-    2.1813855286808293E-004 ) fb

  pp ---> HHW- + X
  ===============

  PDFSET = PDF4LHC21_40                                NSET =  18
  Sqrt(S)  = 13.6 TeV
  LOOP     = 3
  alphaS(MZ) =   0.11800
          kl =   1.00000
          kv =   1.00000
         k2v =   1.00000
         kth =   1.00000
         kbh =   1.00000
        cHsq =   0.00000
       chdup =   0.00000
         cHw =   0.40000
          cH =   0.00000
         cHb =   0.00000
        cHwb =   0.00000
      cHq1st =   0.00000
      cHq3st =   0.00000
      cHq1rd =   0.00000
      cHq3rd =   0.00000
       cHdst =   0.00000
       cHust =   0.00000
       cHdrd =   0.00000
       cHurd =   0.00000
         cth =   0.00000
         cbh =   0.00000
 --------------

  mH       = 125.0000      GeV
  fact_scale 1.0
  ren_scale  1.0
  Kqq      =   0.26493097367812996            +-    2.0602286109020772E-004
  Kgq      =  -0.10071835762901155            +-    1.5243250263607345E-004
  K_nlo    =    1.1642126160491184            +-    2.5628321667969513E-004
  Kqq2     =    2.7420033699565791E-002       +-    9.7129512031160064E-005
  Kgq2     =   -2.4697218795695832E-002       +-    8.3632335944415801E-005
  Kqqs     =    1.0405040771715483E-003       +-    1.9837072435086279E-006
  Kgg      =    8.5561220994489779E-004       +-    1.4491194660717133E-006
  K_nnlo   =    1.1688315472401047            +-    2.8655825222156380E-004
  sig_LO   = (  0.35285793606221533            +-    1.9240285943277432E-004 ) fb
  sig_NLO  = (  0.41080166083668429            +-    2.1259522244674507E-004 ) fb
  sig_NNLO = (  0.41243148736354918            +-    2.1735448647220882E-004 ) fb

  pp ---> HHW- + X
  ===============

  PDFSET = PDF4LHC21_40                                NSET =  19
  Sqrt(S)  = 13.6 TeV
  LOOP     = 3
  alphaS(MZ) =   0.11800
          kl =   1.00000
          kv =   1.00000
         k2v =   1.00000
         kth =   1.00000
         kbh =   1.00000
        cHsq =   0.00000
       chdup =   0.00000
         cHw =   0.40000
          cH =   0.00000
         cHb =   0.00000
        cHwb =   0.00000
      cHq1st =   0.00000
      cHq3st =   0.00000
      cHq1rd =   0.00000
      cHq3rd =   0.00000
       cHdst =   0.00000
       cHust =   0.00000
       cHdrd =   0.00000
       cHurd =   0.00000
         cth =   0.00000
         cbh =   0.00000
 --------------

  mH       = 125.0000      GeV
  fact_scale 1.0
  ren_scale  1.0
  Kqq      =   0.26485316154088262            +-    2.0548558649468649E-004
  Kgq      =  -0.10075028102484594            +-    1.5312065127790584E-004
  K_nlo    =    1.1641028805160367            +-    2.5626209260215472E-004
  Kqq2     =    2.7401857965167326E-002       +-    9.7034135906946971E-005
  Kgq2     =   -2.4700527850757940E-002       +-    8.4006004077963548E-005
  Kqqs     =    1.0370734704086379E-003       +-    1.9791093056202814E-006
  Kgg      =    8.6445389374081839E-004       +-    1.4683623435929039E-006
  K_nnlo   =    1.1687057379945955            +-    2.8661640797205887E-004
  sig_LO   = (  0.35148079587021536            +-    1.9103430646233985E-004 ) fb
  sig_NLO  = (  0.40915980691858678            +-    2.1120352289259926E-004 ) fb
  sig_NNLO = (  0.41077762292842779            +-    2.1596918003220203E-004 ) fb

  pp ---> HHW- + X
  ===============

  PDFSET = PDF4LHC21_40                                NSET =  20
  Sqrt(S)  = 13.6 TeV
  LOOP     = 3
  alphaS(MZ) =   0.11800
          kl =   1.00000
          kv =   1.00000
         k2v =   1.00000
         kth =   1.00000
         kbh =   1.00000
        cHsq =   0.00000
       chdup =   0.00000
         cHw =   0.40000
          cH =   0.00000
         cHb =   0.00000
        cHwb =   0.00000
      cHq1st =   0.00000
      cHq3st =   0.00000
      cHq1rd =   0.00000
      cHq3rd =   0.00000
       cHdst =   0.00000
       cHust =   0.00000
       cHdrd =   0.00000
       cHurd =   0.00000
         cth =   0.00000
         cbh =   0.00000
 --------------

  mH       = 125.0000      GeV
  fact_scale 1.0
  ren_scale  1.0
  Kqq      =   0.26478886208092151            +-    2.0588240429772147E-004
  Kgq      =  -0.10099109848158401            +-    1.5333969017066411E-004
  K_nlo    =    1.1637977635993375            +-    2.5671117034723227E-004
  Kqq2     =    2.7386718015351728E-002       +-    9.7105501664557334E-005
  Kgq2     =   -2.4754339429009970E-002       +-    8.4092593740852552E-005
  Kqqs     =    1.0398368938799838E-003       +-    1.9852671077575440E-006
  Kgg      =    8.6038129498357176E-004       +-    1.4596254281070464E-006
  K_nnlo   =    1.1683303603745430            +-    2.8706748256902007E-004
  sig_LO   = (  0.35339082048119513            +-    1.9254782957298699E-004 ) fb
  sig_NLO  = (  0.41127544655254983            +-    2.1284893931822980E-004 ) fb
  sig_NNLO = (  0.41287722464585008            +-    2.1763768782123241E-004 ) fb

  pp ---> HHW- + X
  ===============

  PDFSET = PDF4LHC21_40                                NSET =  21
  Sqrt(S)  = 13.6 TeV
  LOOP     = 3
  alphaS(MZ) =   0.11800
          kl =   1.00000
          kv =   1.00000
         k2v =   1.00000
         kth =   1.00000
         kbh =   1.00000
        cHsq =   0.00000
       chdup =   0.00000
         cHw =   0.40000
          cH =   0.00000
         cHb =   0.00000
        cHwb =   0.00000
      cHq1st =   0.00000
      cHq3st =   0.00000
      cHq1rd =   0.00000
      cHq3rd =   0.00000
       cHdst =   0.00000
       cHust =   0.00000
       cHdrd =   0.00000
       cHurd =   0.00000
         cth =   0.00000
         cbh =   0.00000
 --------------

  mH       = 125.0000      GeV
  fact_scale 1.0
  ren_scale  1.0
  Kqq      =   0.26488218236442285            +-    2.0576935707141252E-004
  Kgq      =  -0.10128576533022986            +-    1.5369203369026505E-004
  K_nlo    =    1.1635964170341928            +-    2.5683120824664596E-004
  Kqq2     =    2.7412197572672766E-002       +-    9.7082643565457439E-005
  Kgq2     =   -2.4831736825327799E-002       +-    8.4296582717681597E-005
  Kqqs     =    1.0431765797252310E-003       +-    1.9901123904847261E-006
  Kgg      =    8.6485079534083520E-004       +-    1.4674614783590665E-006
  K_nnlo   =    1.1680849051566038            +-    2.8722697829327567E-004
  sig_LO   = (  0.35071702974443608            +-    1.9095746547002543E-004 ) fb
  sig_NLO  = (  0.40809307920350035            +-    2.1113567530350318E-004 ) fb
  sig_NNLO = (  0.40966726842583556            +-    2.1589898786015919E-004 ) fb

  pp ---> HHW- + X
  ===============

  PDFSET = PDF4LHC21_40                                NSET =  22
  Sqrt(S)  = 13.6 TeV
  LOOP     = 3
  alphaS(MZ) =   0.11800
          kl =   1.00000
          kv =   1.00000
         k2v =   1.00000
         kth =   1.00000
         kbh =   1.00000
        cHsq =   0.00000
       chdup =   0.00000
         cHw =   0.40000
          cH =   0.00000
         cHb =   0.00000
        cHwb =   0.00000
      cHq1st =   0.00000
      cHq3st =   0.00000
      cHq1rd =   0.00000
      cHq3rd =   0.00000
       cHdst =   0.00000
       cHust =   0.00000
       cHdrd =   0.00000
       cHurd =   0.00000
         cth =   0.00000
         cbh =   0.00000
 --------------

  mH       = 125.0000      GeV
  fact_scale 1.0
  ren_scale  1.0
  Kqq      =   0.26476843448559900            +-    2.0559977825378520E-004
  Kgq      =  -0.10088723747095306            +-    1.5335550245058091E-004
  K_nlo    =    1.1638811970146459            +-    2.5649401347765558E-004
  Kqq2     =    2.7383456757174112E-002       +-    9.7043715157370497E-005
  Kgq2     =   -2.4727106511130088E-002       +-    8.4069079154497434E-005
  Kqqs     =    1.0371109354420194E-003       +-    1.9790406584898255E-006
  Kgg      =    8.6612402567125030E-004       +-    1.4744382716910309E-006
  K_nnlo   =    1.1684407822218033            +-    2.8684553725210851E-004
  sig_LO   = (  0.35164437859809267            +-    1.9130301511337600E-004 ) fb
  sig_NLO  = (  0.40927228028621943            +-    2.1149922819720265E-004 ) fb
  sig_NNLO = (  0.41087563279305528            +-    2.1626631845315052E-004 ) fb

  pp ---> HHW- + X
  ===============

  PDFSET = PDF4LHC21_40                                NSET =  23
  Sqrt(S)  = 13.6 TeV
  LOOP     = 3
  alphaS(MZ) =   0.11800
          kl =   1.00000
          kv =   1.00000
         k2v =   1.00000
         kth =   1.00000
         kbh =   1.00000
        cHsq =   0.00000
       chdup =   0.00000
         cHw =   0.40000
          cH =   0.00000
         cHb =   0.00000
        cHwb =   0.00000
      cHq1st =   0.00000
      cHq3st =   0.00000
      cHq1rd =   0.00000
      cHq3rd =   0.00000
       cHdst =   0.00000
       cHust =   0.00000
       cHdrd =   0.00000
       cHurd =   0.00000
         cth =   0.00000
         cbh =   0.00000
 --------------

  mH       = 125.0000      GeV
  fact_scale 1.0
  ren_scale  1.0
  Kqq      =   0.26490997963366258            +-    2.0517359591878961E-004
  Kgq      =  -0.10105341322355867            +-    1.5339312355488457E-004
  K_nlo    =    1.1638565664101037            +-    2.5617504721609955E-004
  Kqq2     =    2.7414647608590529E-002       +-    9.6878717689769108E-005
  Kgq2     =   -2.4771218440546063E-002       +-    8.4118911180586356E-005
  Kqqs     =    1.0411056582568087E-003       +-    1.9859948936471121E-006
  Kgg      =    8.6148848427633929E-004       +-    1.4616460333451472E-006
  K_nnlo   =    1.1684025897206816            +-    2.8651913122937638E-004
  sig_LO   = (  0.35225200748124708            +-    1.9092975414376130E-004 ) fb
  sig_NLO  = (  0.40997081193819046            +-    2.1118025282039439E-004 ) fb
  sig_NNLO = (  0.41157215777539796            +-    2.1596392769410516E-004 ) fb

  pp ---> HHW- + X
  ===============

  PDFSET = PDF4LHC21_40                                NSET =  24
  Sqrt(S)  = 13.6 TeV
  LOOP     = 3
  alphaS(MZ) =   0.11800
          kl =   1.00000
          kv =   1.00000
         k2v =   1.00000
         kth =   1.00000
         kbh =   1.00000
        cHsq =   0.00000
       chdup =   0.00000
         cHw =   0.40000
          cH =   0.00000
         cHb =   0.00000
        cHwb =   0.00000
      cHq1st =   0.00000
      cHq3st =   0.00000
      cHq1rd =   0.00000
      cHq3rd =   0.00000
       cHdst =   0.00000
       cHust =   0.00000
       cHdrd =   0.00000
       cHurd =   0.00000
         cth =   0.00000
         cbh =   0.00000
 --------------

  mH       = 125.0000      GeV
  fact_scale 1.0
  ren_scale  1.0
  Kqq      =   0.26462751388366040            +-    2.0332838533356219E-004
  Kgq      =  -0.10078732033262190            +-    1.5304663338524426E-004
  K_nlo    =    1.1638401935510385            +-    2.5449106914174986E-004
  Kqq2     =    2.7351685329857284E-002       +-    9.6233871471447575E-005
  Kgq2     =   -2.4701786048165534E-002       +-    8.3965728700099936E-005
  Kqqs     =    1.0380016626337471E-003       +-    1.9768046563977517E-006
  Kgg      =    8.5847947713483012E-004       +-    1.4566825643928755E-006
  K_nnlo   =    1.1683865739724988            +-    2.8475065507944973E-004
  sig_LO   = (  0.35377519296869814            +-    1.8949687640785424E-004 ) fb
  sig_NLO  = (  0.41173778905824565            +-    2.0979737870111437E-004 ) fb
  sig_NNLO = (  0.41334618566915687            +-    2.1460930545026354E-004 ) fb

  pp ---> HHW- + X
  ===============

  PDFSET = PDF4LHC21_40                                NSET =  25
  Sqrt(S)  = 13.6 TeV
  LOOP     = 3
  alphaS(MZ) =   0.11800
          kl =   1.00000
          kv =   1.00000
         k2v =   1.00000
         kth =   1.00000
         kbh =   1.00000
        cHsq =   0.00000
       chdup =   0.00000
         cHw =   0.40000
          cH =   0.00000
         cHb =   0.00000
        cHwb =   0.00000
      cHq1st =   0.00000
      cHq3st =   0.00000
      cHq1rd =   0.00000
      cHq3rd =   0.00000
       cHdst =   0.00000
       cHust =   0.00000
       cHdrd =   0.00000
       cHurd =   0.00000
         cth =   0.00000
         cbh =   0.00000
 --------------

  mH       = 125.0000      GeV
  fact_scale 1.0
  ren_scale  1.0
  Kqq      =   0.26469779362241214            +-    2.0580090744287983E-004
  Kgq      =  -0.10104956699125302            +-    1.5381889231802336E-004
  K_nlo    =    1.1636482266311592            +-    2.5693241356095276E-004
  Kqq2     =    2.7367816244130528E-002       +-    9.7098133673413224E-005
  Kgq2     =   -2.4768218135544164E-002       +-    8.4347241872446046E-005
  Kqqs     =    1.0392913516047478E-003       +-    1.9857953032222861E-006
  Kgg      =    8.6378639821340568E-004       +-    1.4669486143570598E-006
  K_nnlo   =    1.1681509024895638            +-    2.8733754581298430E-004
  sig_LO   = (  0.35269552010937066            +-    1.9201817327340671E-004 ) fb
  sig_NLO  = (  0.41041351651602348            +-    2.1232702593043098E-004 ) fb
  sig_NNLO = (  0.41200159011978738            +-    2.1712050720855476E-004 ) fb

  pp ---> HHW- + X
  ===============

  PDFSET = PDF4LHC21_40                                NSET =  26
  Sqrt(S)  = 13.6 TeV
  LOOP     = 3
  alphaS(MZ) =   0.11800
          kl =   1.00000
          kv =   1.00000
         k2v =   1.00000
         kth =   1.00000
         kbh =   1.00000
        cHsq =   0.00000
       chdup =   0.00000
         cHw =   0.40000
          cH =   0.00000
         cHb =   0.00000
        cHwb =   0.00000
      cHq1st =   0.00000
      cHq3st =   0.00000
      cHq1rd =   0.00000
      cHq3rd =   0.00000
       cHdst =   0.00000
       cHust =   0.00000
       cHdrd =   0.00000
       cHurd =   0.00000
         cth =   0.00000
         cbh =   0.00000
 --------------

  mH       = 125.0000      GeV
  fact_scale 1.0
  ren_scale  1.0
  Kqq      =   0.26478081621969707            +-    2.0333455748999262E-004
  Kgq      =  -0.10102574729835005            +-    1.5176238011712097E-004
  K_nlo    =    1.1637550689213472            +-    2.5372576197237956E-004
  Kqq2     =    2.7386540840255956E-002       +-    9.5927170481550675E-005
  Kgq2     =   -2.4756795753414468E-002       +-    8.3240483765388123E-005
  Kqqs     =    1.0422703600255169E-003       +-    1.9716745341176841E-006
  Kgg      =    8.5863650281908723E-004       +-    1.4558757103421639E-006
  K_nnlo   =    1.1682857208710333            +-    2.8374948376536194E-004
  sig_LO   = (  0.35323831684492379            +-    1.8890770691607964E-004 ) fb
  sig_NLO  = (  0.41108288176552493            +-    2.0909060442731865E-004 ) fb
  sig_NNLO = (  0.41268328163444223            +-    2.1385138108347482E-004 ) fb

  pp ---> HHW- + X
  ===============

  PDFSET = PDF4LHC21_40                                NSET =  27
  Sqrt(S)  = 13.6 TeV
  LOOP     = 3
  alphaS(MZ) =   0.11800
          kl =   1.00000
          kv =   1.00000
         k2v =   1.00000
         kth =   1.00000
         kbh =   1.00000
        cHsq =   0.00000
       chdup =   0.00000
         cHw =   0.40000
          cH =   0.00000
         cHb =   0.00000
        cHwb =   0.00000
      cHq1st =   0.00000
      cHq3st =   0.00000
      cHq1rd =   0.00000
      cHq3rd =   0.00000
       cHdst =   0.00000
       cHust =   0.00000
       cHdrd =   0.00000
       cHurd =   0.00000
         cth =   0.00000
         cbh =   0.00000
 --------------

  mH       = 125.0000      GeV
  fact_scale 1.0
  ren_scale  1.0
  Kqq      =   0.26482601982504383            +-    2.0485182111518369E-004
  Kgq      =  -0.10082518731872399            +-    1.5297894343793155E-004
  K_nlo    =    1.1640008325063198            +-    2.5566936803143446E-004
  Kqq2     =    2.7398054528262963E-002       +-    9.6784318571918222E-005
  Kgq2     =   -2.4723497247179028E-002       +-    8.3919949772143237E-005
  Kqqs     =    1.0391910340076544E-003       +-    1.9800166237720590E-006
  Kgg      =    8.6248293889522874E-004       +-    1.4633893663757783E-006
  K_nnlo   =    1.1685770637603068            +-    2.8597665991309630E-004
  sig_LO   = (  0.35178360134327558            +-    1.9036346982337135E-004 ) fb
  sig_NLO  = (  0.40947640482564412            +-    2.1054098554775487E-004 ) fb
  sig_NNLO = (  0.41108624793675125            +-    2.1531138565078321E-004 ) fb

  pp ---> HHW- + X
  ===============

  PDFSET = PDF4LHC21_40                                NSET =  28
  Sqrt(S)  = 13.6 TeV
  LOOP     = 3
  alphaS(MZ) =   0.11800
          kl =   1.00000
          kv =   1.00000
         k2v =   1.00000
         kth =   1.00000
         kbh =   1.00000
        cHsq =   0.00000
       chdup =   0.00000
         cHw =   0.40000
          cH =   0.00000
         cHb =   0.00000
        cHwb =   0.00000
      cHq1st =   0.00000
      cHq3st =   0.00000
      cHq1rd =   0.00000
      cHq3rd =   0.00000
       cHdst =   0.00000
       cHust =   0.00000
       cHdrd =   0.00000
       cHurd =   0.00000
         cth =   0.00000
         cbh =   0.00000
 --------------

  mH       = 125.0000      GeV
  fact_scale 1.0
  ren_scale  1.0
  Kqq      =   0.26486387511476372            +-    2.0584501640791668E-004
  Kgq      =  -0.10117800186977488            +-    1.5361247039712904E-004
  K_nlo    =    1.1636858732449888            +-    2.5684423653546200E-004
  Kqq2     =    2.7405528255759273E-002       +-    9.7111000117936150E-005
  Kgq2     =   -2.4802858478534539E-002       +-    8.4237053849778911E-005
  Kqqs     =    1.0435709321896640E-003       +-    1.9926451709452298E-006
  Kgg      =    8.5738810454754353E-004       +-    1.4533262246913093E-006
  K_nnlo   =    1.1681895020589508            +-    2.8723069511905121E-004
  sig_LO   = (  0.35261009698323703            +-    1.9203613706929507E-004 ) fb
  sig_NLO  = (  0.41032738862293838            +-    2.1232064185670751E-004 ) fb
  sig_NNLO = (  0.41191541361580597            +-    2.1710736083316887E-004 ) fb

  pp ---> HHW- + X
  ===============

  PDFSET = PDF4LHC21_40                                NSET =  29
  Sqrt(S)  = 13.6 TeV
  LOOP     = 3
  alphaS(MZ) =   0.11800
          kl =   1.00000
          kv =   1.00000
         k2v =   1.00000
         kth =   1.00000
         kbh =   1.00000
        cHsq =   0.00000
       chdup =   0.00000
         cHw =   0.40000
          cH =   0.00000
         cHb =   0.00000
        cHwb =   0.00000
      cHq1st =   0.00000
      cHq3st =   0.00000
      cHq1rd =   0.00000
      cHq3rd =   0.00000
       cHdst =   0.00000
       cHust =   0.00000
       cHdrd =   0.00000
       cHurd =   0.00000
         cth =   0.00000
         cbh =   0.00000
 --------------

  mH       = 125.0000      GeV
  fact_scale 1.0
  ren_scale  1.0
  Kqq      =   0.26489925240780265            +-    2.0603876208018780E-004
  Kgq      =  -0.10120808474634886            +-    1.5360305675833982E-004
  K_nlo    =    1.1636911676614539            +-    2.5699391145519768E-004
  Kqq2     =    2.7413653699904419E-002       +-    9.7152709420781147E-005
  Kgq2     =   -2.4815266219701822E-002       +-    8.4265572619164752E-005
  Kqqs     =    1.0448027649839753E-003       +-    1.9936521786184010E-006
  Kgg      =    8.5895669294185268E-004       +-    1.4563859278359796E-006
  K_nnlo   =    1.1681933145995820            +-    2.8738702460385466E-004
  sig_LO   = (  0.35263579019513608            +-    1.9224221179326697E-004 ) fb
  sig_NLO  = (  0.41035915445139737            +-    2.1253236017480646E-004 ) fb
  sig_NNLO = (  0.41194677259449891            +-    2.1731880179554086E-004 ) fb

  pp ---> HHW- + X
  ===============

  PDFSET = PDF4LHC21_40                                NSET =  30
  Sqrt(S)  = 13.6 TeV
  LOOP     = 3
  alphaS(MZ) =   0.11800
          kl =   1.00000
          kv =   1.00000
         k2v =   1.00000
         kth =   1.00000
         kbh =   1.00000
        cHsq =   0.00000
       chdup =   0.00000
         cHw =   0.40000
          cH =   0.00000
         cHb =   0.00000
        cHwb =   0.00000
      cHq1st =   0.00000
      cHq3st =   0.00000
      cHq1rd =   0.00000
      cHq3rd =   0.00000
       cHdst =   0.00000
       cHust =   0.00000
       cHdrd =   0.00000
       cHurd =   0.00000
         cth =   0.00000
         cbh =   0.00000
 --------------

  mH       = 125.0000      GeV
  fact_scale 1.0
  ren_scale  1.0
  Kqq      =   0.26493301418138487            +-    2.0621038200680498E-004
  Kgq      =  -0.10103696233403685            +-    1.5313220215429246E-004
  K_nlo    =    1.1638960518473480            +-    2.5685052654027312E-004
  Kqq2     =    2.7419749029855212E-002       +-    9.7228216453218723E-005
  Kgq2     =   -2.4775051668894734E-002       +-    8.4022907209327412E-005
  Kqqs     =    1.0396508073713395E-003       +-    1.9837195917222025E-006
  Kgg      =    8.6147724027786459E-004       +-    1.4578433924313502E-006
  K_nnlo   =    1.1684418772559577            +-    2.8721321077793789E-004
  sig_LO   = (  0.35216226483931429            +-    1.9230830788275185E-004 ) fb
  sig_NLO  = (  0.40988026965609803            +-    2.1251880367213001E-004 ) fb
  sig_NNLO = (  0.41148113782755813            +-    2.1728536252014883E-004 ) fb

  pp ---> HHW- + X
  ===============

  PDFSET = PDF4LHC21_40                                NSET =  31
  Sqrt(S)  = 13.6 TeV
  LOOP     = 3
  alphaS(MZ) =   0.11800
          kl =   1.00000
          kv =   1.00000
         k2v =   1.00000
         kth =   1.00000
         kbh =   1.00000
        cHsq =   0.00000
       chdup =   0.00000
         cHw =   0.40000
          cH =   0.00000
         cHb =   0.00000
        cHwb =   0.00000
      cHq1st =   0.00000
      cHq3st =   0.00000
      cHq1rd =   0.00000
      cHq3rd =   0.00000
       cHdst =   0.00000
       cHust =   0.00000
       cHdrd =   0.00000
       cHurd =   0.00000
         cth =   0.00000
         cbh =   0.00000
 --------------

  mH       = 125.0000      GeV
  fact_scale 1.0
  ren_scale  1.0
  Kqq      =   0.26478536665677477            +-    2.0594012891234138E-004
  Kgq      =  -0.10059836898886715            +-    1.5311365122903475E-004
  K_nlo    =    1.1641869976679076            +-    2.5662253776533012E-004
  Kqq2     =    2.7389183453658001E-002       +-    9.7153162905238503E-005
  Kgq2     =   -2.4667869103952002E-002       +-    8.3966339691563305E-005
  Kqqs     =    1.0371022503116107E-003       +-    1.9814662165385235E-006
  Kgg      =    8.5911634003758364E-004       +-    1.4564509856958548E-006
  K_nnlo   =    1.1688045306079626            +-    2.8696734589609693E-004
  sig_LO   = (  0.35168473276171691            +-    1.9168196795579209E-004 ) fb
  sig_NLO  = (  0.40942679315950364            +-    2.1186571361218163E-004 ) fb
  sig_NNLO = (  0.41105070899754537            +-    2.1662694628627035E-004 ) fb

  pp ---> HHW- + X
  ===============

  PDFSET = PDF4LHC21_40                                NSET =  32
  Sqrt(S)  = 13.6 TeV
  LOOP     = 3
  alphaS(MZ) =   0.11800
          kl =   1.00000
          kv =   1.00000
         k2v =   1.00000
         kth =   1.00000
         kbh =   1.00000
        cHsq =   0.00000
       chdup =   0.00000
         cHw =   0.40000
          cH =   0.00000
         cHb =   0.00000
        cHwb =   0.00000
      cHq1st =   0.00000
      cHq3st =   0.00000
      cHq1rd =   0.00000
      cHq3rd =   0.00000
       cHdst =   0.00000
       cHust =   0.00000
       cHdrd =   0.00000
       cHurd =   0.00000
         cth =   0.00000
         cbh =   0.00000
 --------------

  mH       = 125.0000      GeV
  fact_scale 1.0
  ren_scale  1.0
  Kqq      =   0.26475965429039211            +-    2.0566359280163913E-004
  Kgq      =  -0.10084617799426639            +-    1.5332634872372634E-004
  K_nlo    =    1.1639134762961256            +-    2.5652774239256885E-004
  Kqq2     =    2.7380574090004193E-002       +-    9.7013327475341645E-005
  Kgq2     =   -2.4718317476093207E-002       +-    8.4091363736454292E-005
  Kqqs     =    1.0398804446338386E-003       +-    1.9876783000940191E-006
  Kgg      =    8.5883168455121368E-004       +-    1.4571505842195413E-006
  K_nnlo   =    1.1684744450392217            +-    2.8687192252427291E-004
  sig_LO   = (  0.35331041791497486            +-    1.9230473064860617E-004 ) fb
  sig_NLO  = (  0.41122275672705533            +-    2.1259260943452024E-004 ) fb
  sig_NNLO = (  0.41283419449977571            +-    2.1737965126737775E-004 ) fb

  pp ---> HHW- + X
  ===============

  PDFSET = PDF4LHC21_40                                NSET =  33
  Sqrt(S)  = 13.6 TeV
  LOOP     = 3
  alphaS(MZ) =   0.11800
          kl =   1.00000
          kv =   1.00000
         k2v =   1.00000
         kth =   1.00000
         kbh =   1.00000
        cHsq =   0.00000
       chdup =   0.00000
         cHw =   0.40000
          cH =   0.00000
         cHb =   0.00000
        cHwb =   0.00000
      cHq1st =   0.00000
      cHq3st =   0.00000
      cHq1rd =   0.00000
      cHq3rd =   0.00000
       cHdst =   0.00000
       cHust =   0.00000
       cHdrd =   0.00000
       cHurd =   0.00000
         cth =   0.00000
         cbh =   0.00000
 --------------

  mH       = 125.0000      GeV
  fact_scale 1.0
  ren_scale  1.0
  Kqq      =   0.26481572073214626            +-    2.0595086438174209E-004
  Kgq      =  -0.10087671846831157            +-    1.5308904175353121E-004
  K_nlo    =    1.1639390022638347            +-    2.5661647110932135E-004
  Kqq2     =    2.7393991973465433E-002       +-    9.7161270792684012E-005
  Kgq2     =   -2.4730606529058674E-002       +-    8.3962094262640913E-005
  Kqqs     =    1.0391844159436802E-003       +-    1.9830775441250661E-006
  Kgg      =    8.6032344830200996E-004       +-    1.4599703973772296E-006
  K_nnlo   =    1.1685018955724871            +-    2.8696345267250717E-004
  sig_LO   = (  0.35211262590178510            +-    1.9199136170375102E-004 ) fb
  sig_NLO  = (  0.40983761847662259            +-    2.1219150070033054E-004 ) fb
  sig_NNLO = (  0.41144427082124185            +-    2.1695728321163548E-004 ) fb

  pp ---> HHW- + X
  ===============

  PDFSET = PDF4LHC21_40                                NSET =  34
  Sqrt(S)  = 13.6 TeV
  LOOP     = 3
  alphaS(MZ) =   0.11800
          kl =   1.00000
          kv =   1.00000
         k2v =   1.00000
         kth =   1.00000
         kbh =   1.00000
        cHsq =   0.00000
       chdup =   0.00000
         cHw =   0.40000
          cH =   0.00000
         cHb =   0.00000
        cHwb =   0.00000
      cHq1st =   0.00000
      cHq3st =   0.00000
      cHq1rd =   0.00000
      cHq3rd =   0.00000
       cHdst =   0.00000
       cHust =   0.00000
       cHdrd =   0.00000
       cHurd =   0.00000
         cth =   0.00000
         cbh =   0.00000
 --------------

  mH       = 125.0000      GeV
  fact_scale 1.0
  ren_scale  1.0
  Kqq      =   0.26462345002685922            +-    2.0413686475282200E-004
  Kgq      =  -0.10084832821425956            +-    1.5241137362967324E-004
  K_nlo    =    1.1637751218125996            +-    2.5475691622171088E-004
  Kqq2     =    2.7351379264464463E-002       +-    9.6498221586439149E-005
  Kgq2     =   -2.4716164006092538E-002       +-    8.3598166406328571E-005
  Kqqs     =    1.0387703367648268E-003       +-    1.9752569813343299E-006
  Kgg      =    8.6138353149353046E-004       +-    1.4624215996561484E-006
  K_nnlo   =    1.1683104909392299            +-    2.8496962447902929E-004
  sig_LO   = (  0.35403322856436092            +-    1.9067302642758712E-004 ) fb
  sig_NLO  = (  0.41201506369819707            +-    2.1092860040511884E-004 ) fb
  sig_NNLO = (  0.41362073507282915            +-    2.1571911380995231E-004 ) fb

  pp ---> HHW- + X
  ===============

  PDFSET = PDF4LHC21_40                                NSET =  35
  Sqrt(S)  = 13.6 TeV
  LOOP     = 3
  alphaS(MZ) =   0.11800
          kl =   1.00000
          kv =   1.00000
         k2v =   1.00000
         kth =   1.00000
         kbh =   1.00000
        cHsq =   0.00000
       chdup =   0.00000
         cHw =   0.40000
          cH =   0.00000
         cHb =   0.00000
        cHwb =   0.00000
      cHq1st =   0.00000
      cHq3st =   0.00000
      cHq1rd =   0.00000
      cHq3rd =   0.00000
       cHdst =   0.00000
       cHust =   0.00000
       cHdrd =   0.00000
       cHurd =   0.00000
         cth =   0.00000
         cbh =   0.00000
 --------------

  mH       = 125.0000      GeV
  fact_scale 1.0
  ren_scale  1.0
  Kqq      =   0.26478250507359513            +-    2.0596822795998293E-004
  Kgq      =  -0.10085799676622453            +-    1.5329357501036260E-004
  K_nlo    =    1.1639245083073706            +-    2.5675247042323304E-004
  Kqq2     =    2.7387278715008616E-002       +-    9.7154063478632573E-005
  Kgq2     =   -2.4724904748421796E-002       +-    8.4066407783973341E-005
  Kqqs     =    1.0382946235314851E-003       +-    1.9820540790672256E-006
  Kgg      =    8.6178517166800165E-004       +-    1.4618387402388121E-006
  K_nnlo   =    1.1684869620691569            +-    2.8711316505416367E-004
  sig_LO   = (  0.35222549141743054            +-    1.9203181842713263E-004 ) fb
  sig_NLO  = (  0.40996388191135480            +-    2.1226084429597084E-004 ) fb
  sig_NNLO = (  0.41157089442966932            +-    2.1703273509348882E-004 ) fb

  pp ---> HHW- + X
  ===============

  PDFSET = PDF4LHC21_40                                NSET =  36
  Sqrt(S)  = 13.6 TeV
  LOOP     = 3
  alphaS(MZ) =   0.11800
          kl =   1.00000
          kv =   1.00000
         k2v =   1.00000
         kth =   1.00000
         kbh =   1.00000
        cHsq =   0.00000
       chdup =   0.00000
         cHw =   0.40000
          cH =   0.00000
         cHb =   0.00000
        cHwb =   0.00000
      cHq1st =   0.00000
      cHq3st =   0.00000
      cHq1rd =   0.00000
      cHq3rd =   0.00000
       cHdst =   0.00000
       cHust =   0.00000
       cHdrd =   0.00000
       cHurd =   0.00000
         cth =   0.00000
         cbh =   0.00000
 --------------

  mH       = 125.0000      GeV
  fact_scale 1.0
  ren_scale  1.0
  Kqq      =   0.26475627973415183            +-    2.0557487332934955E-004
  Kgq      =  -0.10096075254530781            +-    1.5346277652799700E-004
  K_nlo    =    1.1637955271888440            +-    2.5653820831225135E-004
  Kqq2     =    2.7380506622014474E-002       +-    9.7032101367439008E-005
  Kgq2     =   -2.4746137438590048E-002       +-    8.4123139728410910E-005
  Kqqs     =    1.0369088432377713E-003       +-    1.9782826227707458E-006
  Kgg      =    8.6563558607114877E-004       +-    1.4701369281379129E-006
  K_nnlo   =    1.1683324408015776            +-    2.8689694763508691E-004
  sig_LO   = (  0.35215646064623740            +-    1.9152731177672673E-004 ) fb
  sig_NLO  = (  0.40983811377074525            +-    2.1176476000782255E-004 ) fb
  sig_NNLO = (  0.41143581721086320            +-    2.1654168230907553E-004 ) fb

  pp ---> HHW- + X
  ===============

  PDFSET = PDF4LHC21_40                                NSET =  37
  Sqrt(S)  = 13.6 TeV
  LOOP     = 3
  alphaS(MZ) =   0.11800
          kl =   1.00000
          kv =   1.00000
         k2v =   1.00000
         kth =   1.00000
         kbh =   1.00000
        cHsq =   0.00000
       chdup =   0.00000
         cHw =   0.40000
          cH =   0.00000
         cHb =   0.00000
        cHwb =   0.00000
      cHq1st =   0.00000
      cHq3st =   0.00000
      cHq1rd =   0.00000
      cHq3rd =   0.00000
       cHdst =   0.00000
       cHust =   0.00000
       cHdrd =   0.00000
       cHurd =   0.00000
         cth =   0.00000
         cbh =   0.00000
 --------------

  mH       = 125.0000      GeV
  fact_scale 1.0
  ren_scale  1.0
  Kqq      =   0.26454890549707555            +-    2.0495572680818020E-004
  Kgq      =  -0.10029774709887772            +-    1.5232649142478513E-004
  K_nlo    =    1.1642511583981978            +-    2.5536289852140726E-004
  Kqq2     =    2.7333058804053331E-002       +-    9.6816161624699833E-005
  Kgq2     =   -2.4585773148455805E-002       +-    8.3528596108360025E-005
  Kqqs     =    1.0341337313487743E-003       +-    1.9727017739233025E-006
  Kgg      =    8.5589324215640521E-004       +-    1.4518446743714033E-006
  K_nnlo   =    1.1688884710273006            +-    2.8559867798376697E-004
  sig_LO   = (  0.35439077612805486            +-    1.9199592404509625E-004 ) fb
  sig_NLO  = (  0.41259987163272427            +-    2.1225543374201266E-004 ) fb
  sig_NNLO = (  0.41424329245450048            +-    2.1704058365363819E-004 ) fb

  pp ---> HHW- + X
  ===============

  PDFSET = PDF4LHC21_40                                NSET =  38
  Sqrt(S)  = 13.6 TeV
  LOOP     = 3
  alphaS(MZ) =   0.11800
          kl =   1.00000
          kv =   1.00000
         k2v =   1.00000
         kth =   1.00000
         kbh =   1.00000
        cHsq =   0.00000
       chdup =   0.00000
         cHw =   0.40000
          cH =   0.00000
         cHb =   0.00000
        cHwb =   0.00000
      cHq1st =   0.00000
      cHq3st =   0.00000
      cHq1rd =   0.00000
      cHq3rd =   0.00000
       cHdst =   0.00000
       cHust =   0.00000
       cHdrd =   0.00000
       cHurd =   0.00000
         cth =   0.00000
         cbh =   0.00000
 --------------

  mH       = 125.0000      GeV
  fact_scale 1.0
  ren_scale  1.0
  Kqq      =   0.26474928841309747            +-    2.0563244903819345E-004
  Kgq      =  -0.10096650965847809            +-    1.5329359732195715E-004
  K_nlo    =    1.1637827787546193            +-    2.5648319843091396E-004
  Kqq2     =    2.7378796029859744E-002       +-    9.7040267815555207E-005
  Kgq2     =   -2.4748508612860078E-002       +-    8.4051684045190539E-005
  Kqqs     =    1.0398246730837859E-003       +-    1.9846199480597399E-006
  Kgg      =    8.5925924160064695E-004       +-    1.4573278066273781E-006
  K_nnlo   =    1.1683121500863034            +-    2.8682955350969853E-004
  sig_LO   = (  0.35296488367558909            +-    1.9202804921332589E-004 ) fb
  sig_NLO  = (  0.41077445312677807            +-    2.1229784109761418E-004 ) fb
  sig_NNLO = (  0.41237316215198955            +-    2.1708169698959163E-004 ) fb

  pp ---> HHW- + X
  ===============

  PDFSET = PDF4LHC21_40                                NSET =  39
  Sqrt(S)  = 13.6 TeV
  LOOP     = 3
  alphaS(MZ) =   0.11800
          kl =   1.00000
          kv =   1.00000
         k2v =   1.00000
         kth =   1.00000
         kbh =   1.00000
        cHsq =   0.00000
       chdup =   0.00000
         cHw =   0.40000
          cH =   0.00000
         cHb =   0.00000
        cHwb =   0.00000
      cHq1st =   0.00000
      cHq3st =   0.00000
      cHq1rd =   0.00000
      cHq3rd =   0.00000
       cHdst =   0.00000
       cHust =   0.00000
       cHdrd =   0.00000
       cHurd =   0.00000
         cth =   0.00000
         cbh =   0.00000
 --------------

  mH       = 125.0000      GeV
  fact_scale 1.0
  ren_scale  1.0
  Kqq      =   0.26467858059780125            +-    2.0555051566189712E-004
  Kgq      =  -0.10067444332707613            +-    1.5313858013118288E-004
  K_nlo    =    1.1640041372707253            +-    2.5632487045440310E-004
  Kqq2     =    2.7359633862822644E-002       +-    9.7017232120518088E-005
  Kgq2     =   -2.4664528475383536E-002       +-    8.3945184480753289E-005
  Kqqs     =    1.0342794493692672E-003       +-    1.9767053250990154E-006
  Kgg      =    8.6256309657849368E-004       +-    1.4643419309773745E-006
  K_nnlo   =    1.1685960852041120            +-    2.8664896336902011E-004
  sig_LO   = (  0.35273185123515538            +-    1.9185366729839381E-004 ) fb
  sig_NLO  = (  0.41058133418488280            +-    2.1209080908972191E-004 ) fb
  sig_NNLO = (  0.41220106048020178            +-    2.1686656299196500E-004 ) fb

  pp ---> HHW- + X
  ===============

  PDFSET = PDF4LHC21_40                                NSET =  40
  Sqrt(S)  = 13.6 TeV
  LOOP     = 3
  alphaS(MZ) =   0.11800
          kl =   1.00000
          kv =   1.00000
         k2v =   1.00000
         kth =   1.00000
         kbh =   1.00000
        cHsq =   0.00000
       chdup =   0.00000
         cHw =   0.40000
          cH =   0.00000
         cHb =   0.00000
        cHwb =   0.00000
      cHq1st =   0.00000
      cHq3st =   0.00000
      cHq1rd =   0.00000
      cHq3rd =   0.00000
       cHdst =   0.00000
       cHust =   0.00000
       cHdrd =   0.00000
       cHurd =   0.00000
         cth =   0.00000
         cbh =   0.00000
 --------------

  mH       = 125.0000      GeV
  fact_scale 1.0
  ren_scale  1.0
  Kqq      =   0.26476711515095103            +-    2.0525485029178195E-004
  Kgq      =  -0.10078832758121628            +-    1.5304665113420729E-004
  K_nlo    =    1.1639787875697347            +-    2.5603287092031281E-004
  Kqq2     =    2.7383744346673733E-002       +-    9.6938919318522254E-005
  Kgq2     =   -2.4711004921671421E-002       +-    8.3941216029258272E-005
  Kqqs     =    1.0384808835751905E-003       +-    1.9798682002772709E-006
  Kgg      =    8.5934636162401695E-004       +-    1.4574239193298256E-006
  K_nnlo   =    1.1685493542399363            +-    2.8636018714441128E-004
  sig_LO   = (  0.35289888384274676            +-    1.9153437609096001E-004 ) fb
  sig_NLO  = (  0.41076681494999301            +-    2.1177632286420057E-004 ) fb
  sig_NNLO = (  0.41237976282643596            +-    2.1655893157939649E-004 ) fb

  pp ---> HHW- + X
  ===============

  PDFSET = PDF4LHC21_40                                NSET =  41
  Sqrt(S)  = 13.6 TeV
  LOOP     = 3
  alphaS(MZ) =   0.11700
          kl =   1.00000
          kv =   1.00000
         k2v =   1.00000
         kth =   1.00000
         kbh =   1.00000
        cHsq =   0.00000
       chdup =   0.00000
         cHw =   0.40000
          cH =   0.00000
         cHb =   0.00000
        cHwb =   0.00000
      cHq1st =   0.00000
      cHq3st =   0.00000
      cHq1rd =   0.00000
      cHq3rd =   0.00000
       cHdst =   0.00000
       cHust =   0.00000
       cHdrd =   0.00000
       cHurd =   0.00000
         cth =   0.00000
         cbh =   0.00000
 --------------

  mH       = 125.0000      GeV
  fact_scale 1.0
  ren_scale  1.0
  Kqq      =   0.26272496342225932            +-    2.0355310454015261E-004
  Kgq      =   -9.8699438819768365E-002       +-    1.5001587195973118E-004
  K_nlo    =    1.1640255246024909            +-    2.5286088706593740E-004
  Kqq2     =    2.6953720650195186E-002       +-    9.5520631243149122E-005
  Kgq2     =   -2.4045817705107313E-002       +-    8.1715361985181019E-005
  Kqqs     =    1.0202099543048682E-003       +-    1.9481655047736753E-006
  Kgg      =    8.2822323002850102E-004       +-    1.4035320164976167E-006
  K_nnlo   =    1.1687818607319120            +-    2.8239331584898914E-004
  sig_LO   = (  0.35450507948262022            +-    1.9207282602667146E-004 ) fb
  sig_NLO  = (  0.41265296111900474            +-    2.1196080806750909E-004 ) fb
  sig_NNLO = (  0.41433910643661126            +-    2.1659629623852129E-004 ) fb

  pp ---> HHW- + X
  ===============

  PDFSET = PDF4LHC21_40                                NSET =  42
  Sqrt(S)  = 13.6 TeV
  LOOP     = 3
  alphaS(MZ) =   0.11900
          kl =   1.00000
          kv =   1.00000
         k2v =   1.00000
         kth =   1.00000
         kbh =   1.00000
        cHsq =   0.00000
       chdup =   0.00000
         cHw =   0.40000
          cH =   0.00000
         cHb =   0.00000
        cHwb =   0.00000
      cHq1st =   0.00000
      cHq3st =   0.00000
      cHq1rd =   0.00000
      cHq3rd =   0.00000
       cHdst =   0.00000
       cHust =   0.00000
       cHdrd =   0.00000
       cHurd =   0.00000
         cth =   0.00000
         cbh =   0.00000
 --------------

  mH       = 125.0000      GeV
  fact_scale 1.0
  ren_scale  1.0
  Kqq      =   0.26652554460733374            +-    2.0682189355666900E-004
  Kgq      =   -9.9601098488735482E-002       +-    1.5148976117929561E-004
  K_nlo    =    1.1669244461185984            +-    2.5636778931161799E-004
  Kqq2     =    2.7756579194720330E-002       +-    9.8305306475880618E-005
  Kgq2     =   -2.4592808617823078E-002       +-    8.3609363868520864E-005
  Kqqs     =    1.0524181191347353E-003       +-    2.0065007348757017E-006
  Kgg      =    8.4444092153728074E-004       +-    1.4368048812925620E-006
  K_nnlo   =    1.1719850757361676            +-    2.8702786076931219E-004
  sig_LO   = (  0.35481109047656645            +-    1.9282555031848670E-004 ) fb
  sig_NLO  = (  0.41403773523110315            +-    2.1320366516347993E-004 ) fb
  sig_NNLO = (  0.41583330274421088            +-    2.1806699560152448E-004 ) fb

