  pp ---> HHW- + X
  ===============

  PDFSET = PDF4LHC21_40                                NSET =   0
  Sqrt(S)  = 13.6 TeV
  LOOP     = 3
  alphaS(MZ) =   0.11800
          kl =   1.00000
          kv =   1.00000
         k2v =   1.00000
         kth =   1.00000
         kbh =   1.00000
        cHsq =   0.00000
       chdup =   0.00000
         cHw =   0.00000
          cH =   0.00000
         cHb =   0.00000
        cHwb =   0.00000
      cHq1st =   0.00000
      cHq3st =  -0.11429
      cHq1rd =   0.00000
      cHq3rd =   0.00000
       cHdst =   0.00000
       cHust =   0.00000
       cHdrd =   0.00000
       cHurd =   0.00000
         cth =   0.00000
         cbh =   0.00000
 --------------

  mH       = 125.0000      GeV
  fact_scale 0.5
  ren_scale  0.5
  Kqq      =   0.20918098910792912            +-   -2.6228931464597488E-004
  Kgq      =   -3.7517499606172004E-002       +-   -1.5117069291916180E-004
  K_nlo    =    1.1716634895017570            +-    3.0273464118781441E-004
  Kqq2     =    2.6616971609684795E-002       +-   -2.1067038692839873E-004
  Kgq2     =   -2.2526100576106770E-002       +-   -1.5554572062268941E-004
  Kqqs     =    1.1547836160256848E-003       +-   -3.2684282262518216E-006
  Kgg      =    4.3518779617929878E-004       +-   -2.1943684698062203E-006
  K_nnlo   =    1.1773443319475401            +-    4.0030019233540116E-004
  sig_LO   = (  -1.2411143557615969            +-    8.5708724428753256E-004 ) fb
  sig_NLO  = (  -1.4541683769423577            +-    9.3582600232523718E-004 ) fb
  sig_NNLO = (  -1.4612189520546390            +-    9.9066996661823967E-004 ) fb

  mH       = 125.0000      GeV
  fact_scale 1.0
  ren_scale  0.5
  Kqq      =   0.29238554153485469            +-   -3.1605674967195011E-004
  Kgq      =   -9.5580850234181336E-002       +-   -1.4592123603450097E-004
  K_nlo    =    1.1968046913006734            +-    3.4811618195515454E-004
  Kqq2     =    4.9207993304692603E-002       +-   -3.1902884716914544E-004
  Kgq2     =   -4.5957288978581270E-002       +-   -1.9635670074401234E-004
  Kqqs     =    2.5261153017059408E-003       +-   -4.3724113945871695E-006
  Kgg      =    1.5906822113446006E-003       +-   -2.6036019871978411E-006
  K_nnlo   =    1.2041721931398350            +-    5.1141581136770998E-004
  sig_LO   = (  -1.2030308348091352            +-    8.2901717273487798E-004 ) fb
  sig_NLO  = (  -1.4397929468789383            +-    9.2879400662751054E-004 ) fb
  sig_NNLO = (  -1.4486562787669630            +-    1.0323762845887469E-003 ) fb

  mH       = 125.0000      GeV
  fact_scale 0.5
  ren_scale  1.0
  Kqq      =   0.19289571369495234            +-   -2.4213760901505008E-004
  Kgq      =   -3.4591527142982574E-002       +-   -1.3916268281964885E-004
  K_nlo    =    1.1583041865519697            +-    2.7927920436202807E-004
  Kqq2     =    3.6864057488642639E-002       +-   -1.5364093150642221E-004
  Kgq2     =   -2.1622817344575440E-002       +-   -1.2725880152624787E-004
  Kqqs     =    9.7937747158082021E-004       +-   -2.7842413067013108E-006
  Kgg      =    3.6880995948162566E-004       +-   -1.8575321980719075E-006
  K_nnlo   =    1.1748936141270994            +-    3.4323230444505999E-004
  sig_LO   = (  -1.2411143557615969            +-    8.5708724428753256E-004 ) fb
  sig_NLO  = (  -1.4375879542684085            +-    9.2452268060936801E-004 ) fb
  sig_NNLO = (  -1.4581773309857693            +-    9.5711362169671906E-004 ) fb

  mH       = 125.0000      GeV
  fact_scale 1.0
  ren_scale  1.0
  Kqq      =   0.26962470121720411            +-   -2.9164752304412762E-004
  Kgq      =   -8.8039390559893266E-002       +-   -1.3439865346160344E-004
  K_nlo    =    1.1815853106573109            +-    3.2112501576499316E-004
  Kqq2     =    6.1758713184000294E-002       +-   -2.3002707033104277E-004
  Kgq2     =   -4.5618455038491913E-002       +-   -1.5263296654213519E-004
  Kqqs     =    2.1463844262423104E-003       +-   -3.7144785360531478E-006
  Kgg      =    1.3466144172511235E-003       +-   -2.2023448794713594E-006
  K_nnlo   =    1.2012185676463127            +-    4.2349639784107387E-004
  sig_LO   = (  -1.2030308348091352            +-    8.2901717273487798E-004 ) fb
  sig_NLO  = (  -1.4214835626782760            +-    9.1461202789071066E-004 ) fb
  sig_NNLO = (  -1.4451029762237770            +-    9.7305629509806548E-004 ) fb

  mH       = 125.0000      GeV
  fact_scale 1.5
  ren_scale  1.0
  Kqq      =   0.31540619523047553            +-   -3.3768057095363423E-004
  Kgq      =  -0.11824239916315606            +-   -1.7352210074226420E-004
  K_nlo    =    1.1971637960673196            +-    3.7965522180734046E-004
  Kqq2     =    7.6592679183496187E-002       +-   -2.9834057978060592E-004
  Kgq2     =   -6.2640825094564853E-002       +-   -1.9266776251441081E-004
  Kqqs     =    3.7703545520368542E-003       +-   -4.8220049198171364E-006
  Kgg      =    2.2059172423398465E-003       +-   -2.9640154680166320E-006
  K_nnlo   =    1.2170919219506275            +-    5.1990200309371749E-004
  sig_LO   = (  -1.1812326969797227            +-    8.1296328694583698E-004 ) fb
  sig_NLO  = (  -1.4141290195550824            +-    9.2845394035762281E-004 ) fb
  sig_NNLO = (  -1.4376687734379741            +-    1.0188518649987589E-003 ) fb

  mH       = 125.0000      GeV
  fact_scale 2.0
  ren_scale  1.0
  Kqq      =   0.34823925110638720            +-   -3.7251943477252959E-004
  Kgq      =  -0.13908862830655644            +-   -1.7743201411469017E-004
  K_nlo    =    1.2091506227998308            +-    4.1261707298176668E-004
  Kqq2     =    8.7231642736285309E-002       +-   -3.5755627124249074E-004
  Kgq2     =   -7.6022817688718741E-002       +-   -2.2799302616706635E-004
  Kqqs     =    5.3207043249452633E-003       +-   -5.5942487496432786E-006
  Kgg      =    2.9275924393741813E-003       +-   -3.2893650324206425E-006
  K_nnlo   =    1.2286077446117167            +-    5.9171130760116467E-004
  sig_LO   = (  -1.1660337223127337            +-    8.0188713342096594E-004 ) fb
  sig_NLO  = (  -1.4099104015400468            +-    9.3514953133625074E-004 ) fb
  sig_NNLO = (  -1.4325980617118526            +-    1.0578569581571110E-003 ) fb

  mH       = 125.0000      GeV
  fact_scale 1.0
  ren_scale  1.5
  Kqq      =   0.25791164480970674            +-   -2.7906169504916134E-004
  Kgq      =   -8.4165319782674108E-002       +-   -1.2848361637075715E-004
  K_nlo    =    1.1737463250270326            +-    3.0721892734566179E-004
  Kqq2     =    6.7286103037811684E-002       +-   -2.2228187299238230E-004
  Kgq2     =   -4.5265375606741286E-002       +-   -1.4217772258008177E-004
  Kqqs     =    1.9631666557961410E-003       +-   -3.3972583694987683E-006
  Kgg      =    1.2293302983628811E-003       +-   -2.0095897964278495E-006
  K_nnlo   =    1.1989595494122618            +-    4.0499726541553133E-004
  sig_LO   = (  -1.2030308348091352            +-    8.2901717273487798E-004 ) fb
  sig_NLO  = (  -1.4120530212514257            +-    9.0767234242438073E-004 ) fb
  sig_NNLO = (  -1.4423853076318185            +-    9.6159081323942601E-004 ) fb

  mH       = 125.0000      GeV
  fact_scale 1.5
  ren_scale  1.5
  Kqq      =   0.30170183207331674            +-   -3.2310707369731008E-004
  Kgq      =  -0.11302779042564837            +-   -1.6590527726846876E-004
  K_nlo    =    1.1886740416476682            +-    3.6321170424253463E-004
  Kqq2     =    8.2679999468710963E-002       +-   -2.7528545737836479E-004
  Kgq2     =   -6.2085029192954805E-002       +-   -1.8718834893019216E-004
  Kqqs     =    3.4477804335499773E-003       +-   -4.4087240297989533E-006
  Kgg      =    2.0134272492205027E-003       +-   -2.7060640531726132E-006
  K_nnlo   =    1.2147302196061949            +-    4.9271803574481017E-004
  sig_LO   = (  -1.1812326969797227            +-    8.1296328694583698E-004 ) fb
  sig_NLO  = (  -1.4041006440452626            +-    9.1922930626116316E-004 ) fb
  sig_NNLO = (  -1.4348790534081965            +-    9.9982516653708770E-004 ) fb

  mH       = 125.0000      GeV
  fact_scale 2.0
  ren_scale  1.5
  Kqq      =   0.33310390326961681            +-   -3.5643528633351018E-004
  Kgq      =  -0.13294837197669115            +-   -1.6963456314844668E-004
  K_nlo    =    1.2001555312929257            +-    3.9474295225908176E-004
  Kqq2     =    9.3705815625570330E-002       +-   -3.1650434710019597E-004
  Kgq2     =   -7.5173783363509938E-002       +-   -2.2084843008463571E-004
  Kqqs     =    4.8647508290600126E-003       +-   -5.1152514122651877E-006
  Kgg      =    2.6718834293871147E-003       +-   -3.0034139863415343E-006
  K_nnlo   =    1.2262241978134332            +-    5.5209257869941457E-004
  sig_LO   = (  -1.1660337223127337            +-    8.0188713342096594E-004 ) fb
  sig_NLO  = (  -1.3994218215077066            +-    9.2459935195340914E-004 ) fb
  sig_NNLO = (  -1.4298187657663433            +-    1.0283229377217396E-003 ) fb

  mH       = 125.0000      GeV
  fact_scale 1.0
  ren_scale  2.0
  Kqq      =   0.25021131941207908            +-   -2.7078434339408225E-004
  Kgq      =   -8.1620893440707637E-002       +-   -1.2460039816577449E-004
  K_nlo    =    1.1685904259713715            +-    2.9807619806088809E-004
  Kqq2     =    7.0497927803444854E-002       +-   -2.2434701760811235E-004
  Kgq2     =   -4.4968083131613205E-002       +-   -1.3897153989588407E-004
  Kqqs     =    1.8472179828040460E-003       +-   -3.1965840780088266E-006
  Kgg      =    1.1552793038377245E-003       +-   -1.8879915642237576E-006
  K_nnlo   =    1.1971227679298446            +-    3.9813047575265587E-004
  sig_LO   = (  -1.2030308348091352            +-    8.2901717273487798E-004 ) fb
  sig_NLO  = (  -1.4058503157063020            +-    9.0324954715506503E-004 ) fb
  sig_NNLO = (  -1.4401756028716639            +-    9.5743159370624694E-004 ) fb

  mH       = 125.0000      GeV
  fact_scale 1.5
  ren_scale  2.0
  Kqq      =   0.29269212018992719            +-   -3.1350159909750830E-004
  Kgq      =  -0.10960353148886144            +-   -1.6089934163552409E-004
  K_nlo    =    1.1830885887010656            +-    3.5238026445225324E-004
  Kqq2     =    8.6210278739685023E-002       +-   -2.7751699502235033E-004
  Kgq2     =   -6.1614943939455824E-002       +-   -1.8336029803420011E-004
  Kqqs     =    3.2436886375840504E-003       +-   -4.1472748750355810E-006
  Kgg      =    1.8919200803474072E-003       +-   -2.5432514227143876E-006
  K_nnlo   =    1.2128195322192261            +-    4.8459488257053860E-004
  sig_LO   = (  -1.1812326969797227            +-    8.1296328694583698E-004 ) fb
  sig_NLO  = (  -1.3975029243972938            +-    9.1332777030604412E-004 ) fb
  sig_NNLO = (  -1.4326220869930026            +-    9.9427017652356270E-004 ) fb

  mH       = 125.0000      GeV
  fact_scale 2.0
  ren_scale  2.0
  Kqq      =   0.32315387383390926            +-   -3.4585730609820362E-004
  Kgq      =  -0.12891618790405604            +-   -1.6450507234854728E-004
  K_nlo    =    1.1942376859298531            +-    3.8298719953793137E-004
  Kqq2     =    9.7492584815464148E-002       +-   -3.1654652433259960E-004
  Kgq2     =   -7.4491298964166772E-002       +-   -2.1472665364060797E-004
  Kqqs     =    4.5763295915001792E-003       +-   -4.8122939296836301E-006
  Kgg      =    2.5104901545818297E-003       +-   -2.8228564790074614E-006
  K_nnlo   =    1.2243257915272325            +-    5.4131281118426956E-004
  sig_LO   = (  -1.1660337223127337            +-    8.0188713342096594E-004 ) fb
  sig_NLO  = (  -1.3925214142509321            +-    9.1785243338961481E-004 ) fb
  sig_NNLO = (  -1.4276051600179829            +-    1.0205011114991572E-003 ) fb

  pp ---> HHW- + X
  ===============

  PDFSET = PDF4LHC21_40                                NSET =   1
  Sqrt(S)  = 13.6 TeV
  LOOP     = 3
  alphaS(MZ) =   0.11800
          kl =   1.00000
          kv =   1.00000
         k2v =   1.00000
         kth =   1.00000
         kbh =   1.00000
        cHsq =   0.00000
       chdup =   0.00000
         cHw =   0.00000
          cH =   0.00000
         cHb =   0.00000
        cHwb =   0.00000
      cHq1st =   0.00000
      cHq3st =  -0.11429
      cHq1rd =   0.00000
      cHq3rd =   0.00000
       cHdst =   0.00000
       cHust =   0.00000
       cHdrd =   0.00000
       cHurd =   0.00000
         cth =   0.00000
         cbh =   0.00000
 --------------

  mH       = 125.0000      GeV
  fact_scale 1.0
  ren_scale  1.0
  Kqq      =   0.26993208686536663            +-   -2.8804079295181888E-004
  Kgq      =   -8.8548609119011121E-002       +-   -1.3410468550429554E-004
  K_nlo    =    1.1813834777463557            +-    3.1772876023192898E-004
  Kqq2     =    6.1889783338192464E-002       +-   -2.2769826206491738E-004
  Kgq2     =   -4.5886774553236517E-002       +-   -1.5179064229640978E-004
  Kqqs     =    2.1590701610536465E-003       +-   -3.6976763924529561E-006
  Kgg      =    1.3531610061120576E-003       +-   -2.2135925954498399E-006
  K_nnlo   =    1.2008987176984773            +-    4.1935311554528950E-004
  sig_LO   = (  -1.1970728268251667            +-    8.0754322517498519E-004 ) fb
  sig_NLO  = (  -1.4142020592703761            +-    8.9262980720726905E-004 ) fb
  sig_NNLO = (  -1.4375632227260338            +-    9.5085554364577620E-004 ) fb

  pp ---> HHW- + X
  ===============

  PDFSET = PDF4LHC21_40                                NSET =   2
  Sqrt(S)  = 13.6 TeV
  LOOP     = 3
  alphaS(MZ) =   0.11800
          kl =   1.00000
          kv =   1.00000
         k2v =   1.00000
         kth =   1.00000
         kbh =   1.00000
        cHsq =   0.00000
       chdup =   0.00000
         cHw =   0.00000
          cH =   0.00000
         cHb =   0.00000
        cHwb =   0.00000
      cHq1st =   0.00000
      cHq3st =  -0.11429
      cHq1rd =   0.00000
      cHq3rd =   0.00000
       cHdst =   0.00000
       cHust =   0.00000
       cHdrd =   0.00000
       cHurd =   0.00000
         cth =   0.00000
         cbh =   0.00000
 --------------

  mH       = 125.0000      GeV
  fact_scale 1.0
  ren_scale  1.0
  Kqq      =   0.26960324828124571            +-   -2.9326385954167871E-004
  Kgq      =   -8.9111265897966183E-002       +-   -1.3556030660166345E-004
  K_nlo    =    1.1804919823832796            +-    3.2307938349454991E-004
  Kqq2     =    6.1741084350499437E-002       +-   -2.3176525118291590E-004
  Kgq2     =   -4.6187027927336283E-002       +-   -1.5372656838842823E-004
  Kqqs     =    2.1807690016459043E-003       +-   -3.7724229751812863E-006
  Kgg      =    1.3400221517267808E-003       +-   -2.1842221309458277E-006
  K_nnlo   =    1.1995668299598157            +-    4.2631711146164618E-004
  sig_LO   = (  -1.2007543941699026            +-    8.3248462394817609E-004 ) fb
  sig_NLO  = (  -1.4174809351290620            +-    9.1843742770225461E-004 ) fb
  sig_NNLO = (  -1.4403851421747085            +-    9.7727910806518653E-004 ) fb

  pp ---> HHW- + X
  ===============

  PDFSET = PDF4LHC21_40                                NSET =   3
  Sqrt(S)  = 13.6 TeV
  LOOP     = 3
  alphaS(MZ) =   0.11800
          kl =   1.00000
          kv =   1.00000
         k2v =   1.00000
         kth =   1.00000
         kbh =   1.00000
        cHsq =   0.00000
       chdup =   0.00000
         cHw =   0.00000
          cH =   0.00000
         cHb =   0.00000
        cHwb =   0.00000
      cHq1st =   0.00000
      cHq3st =  -0.11429
      cHq1rd =   0.00000
      cHq3rd =   0.00000
       cHdst =   0.00000
       cHust =   0.00000
       cHdrd =   0.00000
       cHurd =   0.00000
         cth =   0.00000
         cbh =   0.00000
 --------------

  mH       = 125.0000      GeV
  fact_scale 1.0
  ren_scale  1.0
  Kqq      =   0.27003736861401373            +-   -2.9615760597118736E-004
  Kgq      =   -8.8797797126209596E-002       +-   -1.3488657325506939E-004
  K_nlo    =    1.1812395714878043            +-    3.2542851015097046E-004
  Kqq2     =    6.1895012641199822E-002       +-   -2.3371843993069132E-004
  Kgq2     =   -4.6012074856424029E-002       +-   -1.5289744640912991E-004
  Kqqs     =    2.1602772554157193E-003       +-   -3.7384697168812405E-006
  Kgg      =    1.3537183787366383E-003       +-   -2.2141668040054822E-006
  K_nnlo   =    1.2006365049067325            +-    4.2886423515094981E-004
  sig_LO   = (  -1.1921962052243285            +-    8.3828502882755962E-004 ) fb
  sig_NLO  = (  -1.4082693345885720            +-    9.2371321678423330E-004 ) fb
  sig_NNLO = (  -1.4313942850036070            +-    9.8190609247694369E-004 ) fb

  pp ---> HHW- + X
  ===============

  PDFSET = PDF4LHC21_40                                NSET =   4
  Sqrt(S)  = 13.6 TeV
  LOOP     = 3
  alphaS(MZ) =   0.11800
          kl =   1.00000
          kv =   1.00000
         k2v =   1.00000
         kth =   1.00000
         kbh =   1.00000
        cHsq =   0.00000
       chdup =   0.00000
         cHw =   0.00000
          cH =   0.00000
         cHb =   0.00000
        cHwb =   0.00000
      cHq1st =   0.00000
      cHq3st =  -0.11429
      cHq1rd =   0.00000
      cHq3rd =   0.00000
       cHdst =   0.00000
       cHust =   0.00000
       cHdrd =   0.00000
       cHurd =   0.00000
         cth =   0.00000
         cbh =   0.00000
 --------------

  mH       = 125.0000      GeV
  fact_scale 1.0
  ren_scale  1.0
  Kqq      =   0.27012671229803442            +-   -2.9068710124138857E-004
  Kgq      =   -8.9447286880855195E-002       +-   -1.3669418216064158E-004
  K_nlo    =    1.1806794254171793            +-    3.2122311601858285E-004
  Kqq2     =    6.1969166102498800E-002       +-   -2.2946177633508484E-004
  Kgq2     =   -4.6340157313634292E-002       +-   -1.5530807649337617E-004
  Kqqs     =    2.1716784389371551E-003       +-   -3.7575708471810203E-006
  Kgg      =    1.3777099161030116E-003       +-   -2.2582347105817835E-006
  K_nnlo   =    1.1998578225610839            +-    4.2423674363531092E-004
  sig_LO   = (  -1.1809559036814079            +-    8.1012969823296410E-004 ) fb
  sig_NLO  = (  -1.3943303378015903            +-    8.9454838036951909E-004 ) fb
  sig_NNLO = (  -1.4169791791318311            +-    9.5253137728450795E-004 ) fb

  pp ---> HHW- + X
  ===============

  PDFSET = PDF4LHC21_40                                NSET =   5
  Sqrt(S)  = 13.6 TeV
  LOOP     = 3
  alphaS(MZ) =   0.11800
          kl =   1.00000
          kv =   1.00000
         k2v =   1.00000
         kth =   1.00000
         kbh =   1.00000
        cHsq =   0.00000
       chdup =   0.00000
         cHw =   0.00000
          cH =   0.00000
         cHb =   0.00000
        cHwb =   0.00000
      cHq1st =   0.00000
      cHq3st =  -0.11429
      cHq1rd =   0.00000
      cHq3rd =   0.00000
       cHdst =   0.00000
       cHust =   0.00000
       cHdrd =   0.00000
       cHurd =   0.00000
         cth =   0.00000
         cbh =   0.00000
 --------------

  mH       = 125.0000      GeV
  fact_scale 1.0
  ren_scale  1.0
  Kqq      =   0.27004107894194040            +-   -2.9410541724006099E-004
  Kgq      =   -8.8280216297060857E-002       +-   -1.3458537406256554E-004
  K_nlo    =    1.1817608626448797            +-    3.2343657703097072E-004
  Kqq2     =    6.1904943645630414E-002       +-   -2.3179950790842195E-004
  Kgq2     =   -4.5756136497468326E-002       +-   -1.5289242265717319E-004
  Kqqs     =    2.1540464106883685E-003       +-   -3.7266988768689779E-006
  Kgg      =    1.3449166649217739E-003       +-   -2.2061898782372781E-006
  K_nnlo   =    1.2014086328686520            +-    4.2630632143140335E-004
  sig_LO   = (  -1.1942134133765767            +-    8.2906687592740162E-004 ) fb
  sig_NLO  = (  -1.4112746735739896            +-    9.1462709504232188E-004 ) fb
  sig_NNLO = (  -1.4347383043181594            +-    9.7290052690771100E-004 ) fb

  pp ---> HHW- + X
  ===============

  PDFSET = PDF4LHC21_40                                NSET =   6
  Sqrt(S)  = 13.6 TeV
  LOOP     = 3
  alphaS(MZ) =   0.11800
          kl =   1.00000
          kv =   1.00000
         k2v =   1.00000
         kth =   1.00000
         kbh =   1.00000
        cHsq =   0.00000
       chdup =   0.00000
         cHw =   0.00000
          cH =   0.00000
         cHb =   0.00000
        cHwb =   0.00000
      cHq1st =   0.00000
      cHq3st =  -0.11429
      cHq1rd =   0.00000
      cHq3rd =   0.00000
       cHdst =   0.00000
       cHust =   0.00000
       cHdrd =   0.00000
       cHurd =   0.00000
         cth =   0.00000
         cbh =   0.00000
 --------------

  mH       = 125.0000      GeV
  fact_scale 1.0
  ren_scale  1.0
  Kqq      =   0.26966822103585314            +-   -2.9271273548113941E-004
  Kgq      =   -8.8445901705069191E-002       +-   -1.3452613342541944E-004
  K_nlo    =    1.1812223193307840            +-    3.2214597015521590E-004
  Kqq2     =    6.1766240281341020E-002       +-   -2.3171905774532870E-004
  Kgq2     =   -4.5815830109168156E-002       +-   -1.5249292189399566E-004
  Kqqs     =    2.1503425762044856E-003       +-   -3.7168300869961783E-006
  Kgg      =    1.3507473834609676E-003       +-   -2.2116939560321424E-006
  K_nnlo   =    1.2006738194626221            +-    4.2514061844694070E-004
  sig_LO   = (  -1.2040892343358054            +-    8.3664057014075583E-004 ) fb
  sig_NLO  = (  -1.4222970780633679            +-    9.2218654887856225E-004 ) fb
  sig_NNLO = (  -1.4457184199637958            +-    9.8082438171284746E-004 ) fb

  pp ---> HHW- + X
  ===============

  PDFSET = PDF4LHC21_40                                NSET =   7
  Sqrt(S)  = 13.6 TeV
  LOOP     = 3
  alphaS(MZ) =   0.11800
          kl =   1.00000
          kv =   1.00000
         k2v =   1.00000
         kth =   1.00000
         kbh =   1.00000
        cHsq =   0.00000
       chdup =   0.00000
         cHw =   0.00000
          cH =   0.00000
         cHb =   0.00000
        cHwb =   0.00000
      cHq1st =   0.00000
      cHq3st =  -0.11429
      cHq1rd =   0.00000
      cHq3rd =   0.00000
       cHdst =   0.00000
       cHust =   0.00000
       cHdrd =   0.00000
       cHurd =   0.00000
         cth =   0.00000
         cbh =   0.00000
 --------------

  mH       = 125.0000      GeV
  fact_scale 1.0
  ren_scale  1.0
  Kqq      =   0.27032522559000377            +-   -2.9877185784800376E-004
  Kgq      =   -8.8533950142600418E-002       +-   -1.3510246478852430E-004
  K_nlo    =    1.1817912754474034            +-    3.2789830593323016E-004
  Kqq2     =    6.2076196096675203E-002       +-   -2.2921415121130199E-004
  Kgq2     =   -4.5885213794034790E-002       +-   -1.5344024571613542E-004
  Kqqs     =    2.1590265374028749E-003       +-   -3.7561449708287063E-006
  Kgg      =    1.3485373405495863E-003       +-   -2.2058843407692062E-006
  K_nnlo   =    1.2014898216279961            +-    4.2850823761696178E-004
  sig_LO   = (  -1.1922515443703383            +-    8.5116767453350382E-004 ) fb
  sig_NLO  = (  -1.4089924732755585            +-    9.3665273859286152E-004 ) fb
  sig_NNLO = (  -1.4324780953812208            +-    9.9272080758339002E-004 ) fb

  pp ---> HHW- + X
  ===============

  PDFSET = PDF4LHC21_40                                NSET =   8
  Sqrt(S)  = 13.6 TeV
  LOOP     = 3
  alphaS(MZ) =   0.11800
          kl =   1.00000
          kv =   1.00000
         k2v =   1.00000
         kth =   1.00000
         kbh =   1.00000
        cHsq =   0.00000
       chdup =   0.00000
         cHw =   0.00000
          cH =   0.00000
         cHb =   0.00000
        cHwb =   0.00000
      cHq1st =   0.00000
      cHq3st =  -0.11429
      cHq1rd =   0.00000
      cHq3rd =   0.00000
       cHdst =   0.00000
       cHust =   0.00000
       cHdrd =   0.00000
       cHurd =   0.00000
         cth =   0.00000
         cbh =   0.00000
 --------------

  mH       = 125.0000      GeV
  fact_scale 1.0
  ren_scale  1.0
  Kqq      =   0.26941494220968282            +-   -2.9210347933373562E-004
  Kgq      =   -8.8157841908107396E-002       +-   -1.3505012184971240E-004
  K_nlo    =    1.1812571003015753            +-    3.2181202284951426E-004
  Kqq2     =    6.1668257866388985E-002       +-   -2.3029893705384748E-004
  Kgq2     =   -4.5650521302197912E-002       +-   -1.5322692148421962E-004
  Kqqs     =    2.1522977364450066E-003       +-   -3.7287571467500155E-006
  Kgg      =    1.3482493083083235E-003       +-   -2.2128758502059483E-006
  K_nnlo   =    1.2007753839105197            +-    4.2437939202504563E-004
  sig_LO   = (  -1.2078333341523808            +-    8.3430002962319642E-004 ) fb
  sig_NLO  = (  -1.4267617019484251            +-    9.2040239393084895E-004 ) fb
  sig_NNLO = (  -1.4503365355167479            +-    9.7918045383737053E-004 ) fb

  pp ---> HHW- + X
  ===============

  PDFSET = PDF4LHC21_40                                NSET =   9
  Sqrt(S)  = 13.6 TeV
  LOOP     = 3
  alphaS(MZ) =   0.11800
          kl =   1.00000
          kv =   1.00000
         k2v =   1.00000
         kth =   1.00000
         kbh =   1.00000
        cHsq =   0.00000
       chdup =   0.00000
         cHw =   0.00000
          cH =   0.00000
         cHb =   0.00000
        cHwb =   0.00000
      cHq1st =   0.00000
      cHq3st =  -0.11429
      cHq1rd =   0.00000
      cHq3rd =   0.00000
       cHdst =   0.00000
       cHust =   0.00000
       cHdrd =   0.00000
       cHurd =   0.00000
         cth =   0.00000
         cbh =   0.00000
 --------------

  mH       = 125.0000      GeV
  fact_scale 1.0
  ren_scale  1.0
  Kqq      =   0.26971573746017768            +-   -2.8988191050899841E-004
  Kgq      =   -8.8482214487925162E-002       +-   -1.3450019273923637E-004
  K_nlo    =    1.1812335229722526            +-    3.1956505423346701E-004
  Kqq2     =    6.1804076767069657E-002       +-   -2.2817041207443852E-004
  Kgq2     =   -4.5829108421206438E-002       +-   -1.5237338814706614E-004
  Kqqs     =    2.1561522731362815E-003       +-   -3.7188512233940311E-006
  Kgg      =    1.3473936025656180E-003       +-   -2.2030199561407746E-006
  K_nnlo   =    1.2007120371938178            +-    4.2121240888680280E-004
  sig_LO   = (  -1.2062568506742770            +-    8.2341028262769686E-004 ) fb
  sig_NLO  = (  -1.4248710293313904            +-    9.0917403406860504E-004 ) fb
  sig_NNLO = (  -1.4483671205521096            +-    9.6755377172046337E-004 ) fb

  pp ---> HHW- + X
  ===============

  PDFSET = PDF4LHC21_40                                NSET =  10
  Sqrt(S)  = 13.6 TeV
  LOOP     = 3
  alphaS(MZ) =   0.11800
          kl =   1.00000
          kv =   1.00000
         k2v =   1.00000
         kth =   1.00000
         kbh =   1.00000
        cHsq =   0.00000
       chdup =   0.00000
         cHw =   0.00000
          cH =   0.00000
         cHb =   0.00000
        cHwb =   0.00000
      cHq1st =   0.00000
      cHq3st =  -0.11429
      cHq1rd =   0.00000
      cHq3rd =   0.00000
       cHdst =   0.00000
       cHust =   0.00000
       cHdrd =   0.00000
       cHurd =   0.00000
         cth =   0.00000
         cbh =   0.00000
 --------------

  mH       = 125.0000      GeV
  fact_scale 1.0
  ren_scale  1.0
  Kqq      =   0.26954021733595779            +-   -2.9109619654877776E-004
  Kgq      =   -8.7677752022358973E-002       +-   -1.3427768726328247E-004
  K_nlo    =    1.1818624653135987            +-    3.2057369346523201E-004
  Kqq2     =    6.1726786305029951E-002       +-   -2.2967341919028628E-004
  Kgq2     =   -4.5427551122910102E-002       +-   -1.5265258905697234E-004
  Kqqs     =    2.1431021560899804E-003       +-   -3.7144494492064004E-006
  Kgg      =    1.3410598426470382E-003       +-   -2.1998296585008848E-006
  K_nnlo   =    1.2016458624944557            +-    4.2289339289652123E-004
  sig_LO   = (  -1.2027968809280860            +-    8.2703624462752685E-004 ) fb
  sig_NLO  = (  -1.4215404869651749            +-    9.1250466953633150E-004 ) fb
  sig_NNLO = (  -1.4453358953884707            +-    9.7093702698237570E-004 ) fb

  pp ---> HHW- + X
  ===============

  PDFSET = PDF4LHC21_40                                NSET =  11
  Sqrt(S)  = 13.6 TeV
  LOOP     = 3
  alphaS(MZ) =   0.11800
          kl =   1.00000
          kv =   1.00000
         k2v =   1.00000
         kth =   1.00000
         kbh =   1.00000
        cHsq =   0.00000
       chdup =   0.00000
         cHw =   0.00000
          cH =   0.00000
         cHb =   0.00000
        cHwb =   0.00000
      cHq1st =   0.00000
      cHq3st =  -0.11429
      cHq1rd =   0.00000
      cHq3rd =   0.00000
       cHdst =   0.00000
       cHust =   0.00000
       cHdrd =   0.00000
       cHurd =   0.00000
         cth =   0.00000
         cbh =   0.00000
 --------------

  mH       = 125.0000      GeV
  fact_scale 1.0
  ren_scale  1.0
  Kqq      =   0.26961601582833777            +-   -2.9231727064431539E-004
  Kgq      =   -8.8140725277128046E-002       +-   -1.3458463411304117E-004
  K_nlo    =    1.1814752905512098            +-    3.2181114097601268E-004
  Kqq2     =    6.1750610099593872E-002       +-   -2.3082640125539930E-004
  Kgq2     =   -4.5669913105217445E-002       +-   -1.5287258398761133E-004
  Kqqs     =    2.1466999152356414E-003       +-   -3.7194929906145100E-006
  Kgg      =    1.3498204612133278E-003       +-   -2.2080914306190071E-006
  K_nnlo   =    1.2010525079220353            +-    4.2453736608657214E-004
  sig_LO   = (  -1.2006052479406217            +-    8.3054981013507554E-004 ) fb
  sig_NLO  = (  -1.4184854341479534            +-    9.1602037660498345E-004 ) fb
  sig_NNLO = (  -1.4419899440634407            +-    9.7447878453491563E-004 ) fb

  pp ---> HHW- + X
  ===============

  PDFSET = PDF4LHC21_40                                NSET =  12
  Sqrt(S)  = 13.6 TeV
  LOOP     = 3
  alphaS(MZ) =   0.11800
          kl =   1.00000
          kv =   1.00000
         k2v =   1.00000
         kth =   1.00000
         kbh =   1.00000
        cHsq =   0.00000
       chdup =   0.00000
         cHw =   0.00000
          cH =   0.00000
         cHb =   0.00000
        cHwb =   0.00000
      cHq1st =   0.00000
      cHq3st =  -0.11429
      cHq1rd =   0.00000
      cHq3rd =   0.00000
       cHdst =   0.00000
       cHust =   0.00000
       cHdrd =   0.00000
       cHurd =   0.00000
         cth =   0.00000
         cbh =   0.00000
 --------------

  mH       = 125.0000      GeV
  fact_scale 1.0
  ren_scale  1.0
  Kqq      =   0.26897975304555283            +-   -2.9010074737183966E-004
  Kgq      =   -8.7317041299458387E-002       +-   -1.3333332832796022E-004
  K_nlo    =    1.1816627117460945            +-    3.1927452148380328E-004
  Kqq2     =    6.1523989302451482E-002       +-   -2.2928688751426893E-004
  Kgq2     =   -4.5235737847132869E-002       +-   -1.5146138047408744E-004
  Kqqs     =    2.1330670753128417E-003       +-   -3.6956576724041247E-006
  Kgg      =    1.3343400864339189E-003       +-   -2.1808630134618521E-006
  K_nnlo   =    1.2014183703631598            +-    4.2126910719743495E-004
  sig_LO   = (  -1.2203039772756068            +-    8.3848208486421514E-004 ) fb
  sig_NLO  = (  -1.4419877069420379            +-    9.2458081992118362E-004 ) fb
  sig_NNLO = (  -1.4660956157261420            +-    9.8352769038954598E-004 ) fb

  pp ---> HHW- + X
  ===============

  PDFSET = PDF4LHC21_40                                NSET =  13
  Sqrt(S)  = 13.6 TeV
  LOOP     = 3
  alphaS(MZ) =   0.11800
          kl =   1.00000
          kv =   1.00000
         k2v =   1.00000
         kth =   1.00000
         kbh =   1.00000
        cHsq =   0.00000
       chdup =   0.00000
         cHw =   0.00000
          cH =   0.00000
         cHb =   0.00000
        cHwb =   0.00000
      cHq1st =   0.00000
      cHq3st =  -0.11429
      cHq1rd =   0.00000
      cHq3rd =   0.00000
       cHdst =   0.00000
       cHust =   0.00000
       cHdrd =   0.00000
       cHurd =   0.00000
         cth =   0.00000
         cbh =   0.00000
 --------------

  mH       = 125.0000      GeV
  fact_scale 1.0
  ren_scale  1.0
  Kqq      =   0.26958063431916146            +-   -2.9030674039446199E-004
  Kgq      =   -8.7500055854753164E-002       +-   -1.3336347504115147E-004
  K_nlo    =    1.1820805784644084            +-    3.1947428690508003E-004
  Kqq2     =    6.1746490918780123E-002       +-   -2.2875705211991386E-004
  Kgq2     =   -4.5339693021173112E-002       +-   -1.5138592308710540E-004
  Kqqs     =    2.1371144521764485E-003       +-   -3.6923527096087184E-006
  Kgg      =    1.3389479322422305E-003       +-   -2.1898656673857562E-006
  K_nnlo   =    1.2019634387464342            +-    4.2110537348413247E-004
  sig_LO   = (  -1.2040276057666346            +-    8.2449232403351716E-004 ) fb
  sig_NLO  = (  -1.4232576487117401            +-    9.0980642095561941E-004 ) fb
  sig_NNLO = (  -1.4471971613729000            +-    9.6791497686125525E-004 ) fb

  pp ---> HHW- + X
  ===============

  PDFSET = PDF4LHC21_40                                NSET =  14
  Sqrt(S)  = 13.6 TeV
  LOOP     = 3
  alphaS(MZ) =   0.11800
          kl =   1.00000
          kv =   1.00000
         k2v =   1.00000
         kth =   1.00000
         kbh =   1.00000
        cHsq =   0.00000
       chdup =   0.00000
         cHw =   0.00000
          cH =   0.00000
         cHb =   0.00000
        cHwb =   0.00000
      cHq1st =   0.00000
      cHq3st =  -0.11429
      cHq1rd =   0.00000
      cHq3rd =   0.00000
       cHdst =   0.00000
       cHust =   0.00000
       cHdrd =   0.00000
       cHurd =   0.00000
         cth =   0.00000
         cbh =   0.00000
 --------------

  mH       = 125.0000      GeV
  fact_scale 1.0
  ren_scale  1.0
  Kqq      =   0.26994128114775762            +-   -2.9634240129780976E-004
  Kgq      =   -8.8388468765562833E-002       +-   -1.3482832018536447E-004
  K_nlo    =    1.1815528123821948            +-    3.2557256446291553E-004
  Kqq2     =    6.1860079580528887E-002       +-   -2.3441748000727842E-004
  Kgq2     =   -4.5804733107553113E-002       +-   -1.5313915299191021E-004
  Kqqs     =    2.1533572487501440E-003       +-   -3.7461670624700482E-006
  Kgg      =    1.3480662464707351E-003       +-   -2.2042859106861176E-006
  K_nnlo   =    1.2011095823503914            +-    4.2944096507789949E-004
  sig_LO   = (  -1.1969736786234018            +-    8.4381922386264608E-004 ) fb
  sig_NLO  = (  -1.4142876163249418            +-    9.2946133206369612E-004 ) fb
  sig_NNLO = (  -1.4376965552157657            +-    9.8805730706338218E-004 ) fb

  pp ---> HHW- + X
  ===============

  PDFSET = PDF4LHC21_40                                NSET =  15
  Sqrt(S)  = 13.6 TeV
  LOOP     = 3
  alphaS(MZ) =   0.11800
          kl =   1.00000
          kv =   1.00000
         k2v =   1.00000
         kth =   1.00000
         kbh =   1.00000
        cHsq =   0.00000
       chdup =   0.00000
         cHw =   0.00000
          cH =   0.00000
         cHb =   0.00000
        cHwb =   0.00000
      cHq1st =   0.00000
      cHq3st =  -0.11429
      cHq1rd =   0.00000
      cHq3rd =   0.00000
       cHdst =   0.00000
       cHust =   0.00000
       cHdrd =   0.00000
       cHurd =   0.00000
         cth =   0.00000
         cbh =   0.00000
 --------------

  mH       = 125.0000      GeV
  fact_scale 1.0
  ren_scale  1.0
  Kqq      =   0.26980231724872522            +-   -2.9226139495491701E-004
  Kgq      =   -8.7865463345744438E-002       +-   -1.3386562558498236E-004
  K_nlo    =    1.1819368539029806            +-    3.2146030656093866E-004
  Kqq2     =    6.1826190203886709E-002       +-   -2.3063168326634657E-004
  Kgq2     =   -4.5537840090184405E-002       +-   -1.5193102512198910E-004
  Kqqs     =    2.1471524512023761E-003       +-   -3.7134975847118205E-006
  Kgg      =    1.3398519692786692E-003       +-   -2.1885861769285446E-006
  K_nnlo   =    1.2017122084371641            +-    4.2382699110474908E-004
  sig_LO   = (  -1.1984562958635578            +-    8.2829962346235662E-004 ) fb
  sig_NLO  = (  -1.4164996638731935            +-    9.1351111136979337E-004 ) fb
  sig_NNLO = (  -1.4401995620176193            +-    9.7163851607283956E-004 ) fb

  pp ---> HHW- + X
  ===============

  PDFSET = PDF4LHC21_40                                NSET =  16
  Sqrt(S)  = 13.6 TeV
  LOOP     = 3
  alphaS(MZ) =   0.11800
          kl =   1.00000
          kv =   1.00000
         k2v =   1.00000
         kth =   1.00000
         kbh =   1.00000
        cHsq =   0.00000
       chdup =   0.00000
         cHw =   0.00000
          cH =   0.00000
         cHb =   0.00000
        cHwb =   0.00000
      cHq1st =   0.00000
      cHq3st =  -0.11429
      cHq1rd =   0.00000
      cHq3rd =   0.00000
       cHdst =   0.00000
       cHust =   0.00000
       cHdrd =   0.00000
       cHurd =   0.00000
         cth =   0.00000
         cbh =   0.00000
 --------------

  mH       = 125.0000      GeV
  fact_scale 1.0
  ren_scale  1.0
  Kqq      =   0.26955595181005992            +-   -2.9174637577229664E-004
  Kgq      =   -8.7492054927827217E-002       +-   -1.3376346571337231E-004
  K_nlo    =    1.1820638968822326            +-    3.2094954827187815E-004
  Kqq2     =    6.1728536766999749E-002       +-   -2.3013090083183704E-004
  Kgq2     =   -4.5332693102028906E-002       +-   -1.5195627842911168E-004
  Kqqs     =    2.1298169829095472E-003       +-   -3.6895051858181318E-006
  Kgg      =    1.3512979463741874E-003       +-   -2.2133033532214236E-006
  K_nnlo   =    1.2019408554764872            +-    4.2317616398832150E-004
  sig_LO   = (  -1.2033646475938262            +-    8.2981466776814645E-004 ) fb
  sig_NLO  = (  -1.4224539047050728            +-    9.1529108018872452E-004 ) fb
  sig_NNLO = (  -1.4463731339790851            +-    9.7360819011800190E-004 ) fb

  pp ---> HHW- + X
  ===============

  PDFSET = PDF4LHC21_40                                NSET =  17
  Sqrt(S)  = 13.6 TeV
  LOOP     = 3
  alphaS(MZ) =   0.11800
          kl =   1.00000
          kv =   1.00000
         k2v =   1.00000
         kth =   1.00000
         kbh =   1.00000
        cHsq =   0.00000
       chdup =   0.00000
         cHw =   0.00000
          cH =   0.00000
         cHb =   0.00000
        cHwb =   0.00000
      cHq1st =   0.00000
      cHq3st =  -0.11429
      cHq1rd =   0.00000
      cHq3rd =   0.00000
       cHdst =   0.00000
       cHust =   0.00000
       cHdrd =   0.00000
       cHurd =   0.00000
         cth =   0.00000
         cbh =   0.00000
 --------------

  mH       = 125.0000      GeV
  fact_scale 1.0
  ren_scale  1.0
  Kqq      =   0.26972937748028808            +-   -2.9147554626821049E-004
  Kgq      =   -8.7751484374747682E-002       +-   -1.3358576520840736E-004
  K_nlo    =    1.1819778931055402            +-    3.2062930424193520E-004
  Kqq2     =    6.1792658114088898E-002       +-   -2.2997903318883509E-004
  Kgq2     =   -4.5465493120473446E-002       +-   -1.5150813111972913E-004
  Kqqs     =    2.1459066704643246E-003       +-   -3.7061722106205804E-006
  Kgg      =    1.3331518338403916E-003       +-   -2.1794588238068064E-006
  K_nnlo   =    1.2017841166034604            +-    4.2268984609729061E-004
  sig_LO   = (  -1.2124195654018148            +-    8.3491383181200454E-004 ) fb
  sig_NLO  = (  -1.4330531234735719            +-    9.2097651959141221E-004 ) fb
  sig_NNLO = (  -1.4570665763591717            +-    9.7965005616936656E-004 ) fb

  pp ---> HHW- + X
  ===============

  PDFSET = PDF4LHC21_40                                NSET =  18
  Sqrt(S)  = 13.6 TeV
  LOOP     = 3
  alphaS(MZ) =   0.11800
          kl =   1.00000
          kv =   1.00000
         k2v =   1.00000
         kth =   1.00000
         kbh =   1.00000
        cHsq =   0.00000
       chdup =   0.00000
         cHw =   0.00000
          cH =   0.00000
         cHb =   0.00000
        cHwb =   0.00000
      cHq1st =   0.00000
      cHq3st =  -0.11429
      cHq1rd =   0.00000
      cHq3rd =   0.00000
       cHdst =   0.00000
       cHust =   0.00000
       cHdrd =   0.00000
       cHurd =   0.00000
         cth =   0.00000
         cbh =   0.00000
 --------------

  mH       = 125.0000      GeV
  fact_scale 1.0
  ren_scale  1.0
  Kqq      =   0.26987068728268998            +-   -2.9283111771950094E-004
  Kgq      =   -8.8118576463359438E-002       +-   -1.3410338512765413E-004
  K_nlo    =    1.1817521108193305            +-    3.2207729104602852E-004
  Kqq2     =    6.1846760450991745E-002       +-   -2.3097825860663452E-004
  Kgq2     =   -4.5665226630348450E-002       +-   -1.5208514684810103E-004
  Kqqs     =    2.1542632613390901E-003       +-   -3.7230734801514422E-006
  Kgg      =    1.3399905083459954E-003       +-   -2.1889943832741915E-006
  K_nnlo   =    1.2014278984096589            +-    4.2453890542665056E-004
  sig_LO   = (  -1.2015749903268129            +-    8.3268837623400364E-004 ) fb
  sig_NLO  = (  -1.4199637811264276            +-    9.1822597749628883E-004 ) fb
  sig_NNLO = (  -1.4436057154099489            +-    9.7651809149729228E-004 ) fb

  pp ---> HHW- + X
  ===============

  PDFSET = PDF4LHC21_40                                NSET =  19
  Sqrt(S)  = 13.6 TeV
  LOOP     = 3
  alphaS(MZ) =   0.11800
          kl =   1.00000
          kv =   1.00000
         k2v =   1.00000
         kth =   1.00000
         kbh =   1.00000
        cHsq =   0.00000
       chdup =   0.00000
         cHw =   0.00000
          cH =   0.00000
         cHb =   0.00000
        cHwb =   0.00000
      cHq1st =   0.00000
      cHq3st =  -0.11429
      cHq1rd =   0.00000
      cHq3rd =   0.00000
       cHdst =   0.00000
       cHust =   0.00000
       cHdrd =   0.00000
       cHurd =   0.00000
         cth =   0.00000
         cbh =   0.00000
 --------------

  mH       = 125.0000      GeV
  fact_scale 1.0
  ren_scale  1.0
  Kqq      =   0.26978654331313262            +-   -2.9110776820073493E-004
  Kgq      =   -8.8142943378167887E-002       +-   -1.3461347924717998E-004
  K_nlo    =    1.1816435999349646            +-    3.2072499357213146E-004
  Kqq2     =    6.1818178823023609E-002       +-   -2.3007555622231525E-004
  Kgq2     =   -4.5669339886846877E-002       +-   -1.5301566593232095E-004
  Kqqs     =    2.1456188274759929E-003       +-   -3.7154390901481492E-006
  Kgg      =    1.3558407765282944E-003       +-   -2.2203301346871093E-006
  K_nnlo   =    1.2012938984751458            +-    4.2335778184309164E-004
  sig_LO   = (  -1.1977103734514394            +-    8.2434110233522257E-004 ) fb
  sig_NLO  = (  -1.4152667973646098            +-    9.0944953241145314E-004 ) fb
  sig_NNLO = (  -1.4388021637676021            +-    9.6780581920800609E-004 ) fb

  pp ---> HHW- + X
  ===============

  PDFSET = PDF4LHC21_40                                NSET =  20
  Sqrt(S)  = 13.6 TeV
  LOOP     = 3
  alphaS(MZ) =   0.11800
          kl =   1.00000
          kv =   1.00000
         k2v =   1.00000
         kth =   1.00000
         kbh =   1.00000
        cHsq =   0.00000
       chdup =   0.00000
         cHw =   0.00000
          cH =   0.00000
         cHb =   0.00000
        cHwb =   0.00000
      cHq1st =   0.00000
      cHq3st =  -0.11429
      cHq1rd =   0.00000
      cHq3rd =   0.00000
       cHdst =   0.00000
       cHust =   0.00000
       cHdrd =   0.00000
       cHurd =   0.00000
         cth =   0.00000
         cbh =   0.00000
 --------------

  mH       = 125.0000      GeV
  fact_scale 1.0
  ren_scale  1.0
  Kqq      =   0.26969284443170183            +-   -2.9247776465220535E-004
  Kgq      =   -8.8302790163342235E-002       +-   -1.3474410788498251E-004
  K_nlo    =    1.1813900542683597            +-    3.2202362867601912E-004
  Kqq2     =    6.1778205846363933E-002       +-   -2.3069338357254845E-004
  Kgq2     =   -4.5748344847285127E-002       +-   -1.5295636637928991E-004
  Kqqs     =    2.1513009879591113E-003       +-   -3.7238508495605884E-006
  Kgg      =    1.3474430482669777E-003       +-   -2.2037571388419327E-006
  K_nnlo   =    1.2009186593036645            +-    4.2465636493105096E-004
  sig_LO   = (  -1.2052069963117205            +-    8.3367764416945596E-004 ) fb
  sig_NLO  = (  -1.4238195587773101            +-    9.1958904219250736E-004 ) fb
  sig_NNLO = (  -1.4473555701940679            +-    9.7824150833664115E-004 ) fb

  pp ---> HHW- + X
  ===============

  PDFSET = PDF4LHC21_40                                NSET =  21
  Sqrt(S)  = 13.6 TeV
  LOOP     = 3
  alphaS(MZ) =   0.11800
          kl =   1.00000
          kv =   1.00000
         k2v =   1.00000
         kth =   1.00000
         kbh =   1.00000
        cHsq =   0.00000
       chdup =   0.00000
         cHw =   0.00000
          cH =   0.00000
         cHb =   0.00000
        cHwb =   0.00000
      cHq1st =   0.00000
      cHq3st =  -0.11429
      cHq1rd =   0.00000
      cHq3rd =   0.00000
       cHdst =   0.00000
       cHust =   0.00000
       cHdrd =   0.00000
       cHurd =   0.00000
         cth =   0.00000
         cbh =   0.00000
 --------------

  mH       = 125.0000      GeV
  fact_scale 1.0
  ren_scale  1.0
  Kqq      =   0.26971158004071089            +-   -2.9212700852895948E-004
  Kgq      =   -8.8518080657158632E-002       +-   -1.3499704775587996E-004
  K_nlo    =    1.1811934993835522            +-    3.2181111232349032E-004
  Kqq2     =    6.1794527848166025E-002       +-   -2.3047130862533294E-004
  Kgq2     =   -4.5866713879969559E-002       +-   -1.5325202490994535E-004
  Kqqs     =    2.1567003239648668E-003       +-   -3.7310044371805284E-006
  Kgg      =    1.3541916270259418E-003       +-   -2.2155916171935457E-006
  K_nnlo   =    1.2006322053027394            +-    4.2448136413001519E-004
  sig_LO   = (  -1.1960777996464769            +-    8.2605004071667975E-004 ) fb
  sig_NLO  = (  -1.4127993216994013            +-    9.1132609177849058E-004 ) fb
  sig_NNLO = (  -1.4360495263031978            +-    9.6960347156154034E-004 ) fb

  pp ---> HHW- + X
  ===============

  PDFSET = PDF4LHC21_40                                NSET =  22
  Sqrt(S)  = 13.6 TeV
  LOOP     = 3
  alphaS(MZ) =   0.11800
          kl =   1.00000
          kv =   1.00000
         k2v =   1.00000
         kth =   1.00000
         kbh =   1.00000
        cHsq =   0.00000
       chdup =   0.00000
         cHw =   0.00000
          cH =   0.00000
         cHb =   0.00000
        cHwb =   0.00000
      cHq1st =   0.00000
      cHq3st =  -0.11429
      cHq1rd =   0.00000
      cHq3rd =   0.00000
       cHdst =   0.00000
       cHust =   0.00000
       cHdrd =   0.00000
       cHurd =   0.00000
         cth =   0.00000
         cbh =   0.00000
 --------------

  mH       = 125.0000      GeV
  fact_scale 1.0
  ren_scale  1.0
  Kqq      =   0.26962422704509326            +-   -2.9160250595249015E-004
  Kgq      =   -8.8189738753720506E-002       +-   -1.3481313172149955E-004
  K_nlo    =    1.1814344882913728            +-    3.2125784342538696E-004
  Kqq2     =    6.1758988746013016E-002       +-   -2.3010101027262110E-004
  Kgq2     =   -4.5687406709233477E-002       +-   -1.5300035336702271E-004
  Kqqs     =    2.1434538352522545E-003       +-   -3.7090459999688673E-006
  Kgg      =    1.3582884339144120E-003       +-   -2.2285124075794795E-006
  K_nnlo   =    1.2010078125973191            +-    4.2376987659698722E-004
  sig_LO   = (  -1.1999314194104391            +-    8.2689866500226697E-004 ) fb
  sig_NLO  = (  -1.4176403624759129            +-    9.1233871033001579E-004 ) fb
  sig_NNLO = (  -1.4411270092929276            +-    9.7073598530191137E-004 ) fb

  pp ---> HHW- + X
  ===============

  PDFSET = PDF4LHC21_40                                NSET =  23
  Sqrt(S)  = 13.6 TeV
  LOOP     = 3
  alphaS(MZ) =   0.11800
          kl =   1.00000
          kv =   1.00000
         k2v =   1.00000
         kth =   1.00000
         kbh =   1.00000
        cHsq =   0.00000
       chdup =   0.00000
         cHw =   0.00000
          cH =   0.00000
         cHb =   0.00000
        cHwb =   0.00000
      cHq1st =   0.00000
      cHq3st =  -0.11429
      cHq1rd =   0.00000
      cHq3rd =   0.00000
       cHdst =   0.00000
       cHust =   0.00000
       cHdrd =   0.00000
       cHurd =   0.00000
         cth =   0.00000
         cbh =   0.00000
 --------------

  mH       = 125.0000      GeV
  fact_scale 1.0
  ren_scale  1.0
  Kqq      =   0.26985577972051938            +-   -2.9051968505507976E-004
  Kgq      =   -8.8460514092253140E-002       +-   -1.3495689008835660E-004
  K_nlo    =    1.1813952656282662            +-    3.2033583874868497E-004
  Kqq2     =    6.1854053846481759E-002       +-   -2.2902831769445011E-004
  Kgq2     =   -4.5833389151833652E-002       +-   -1.5318646507201327E-004
  Kqqs     =    2.1564304386508496E-003       +-   -3.7291452456248631E-006
  Kgg      =    1.3511326375778687E-003       +-   -2.2098365866254266E-006
  K_nnlo   =    1.2009234933991431            +-    4.2255639017299833E-004
  sig_LO   = (  -1.1996664385556541            +-    8.2158237441836931E-004 ) fb
  sig_NLO  = (  -1.4172802508427731            +-    9.0701771347602119E-004 ) fb
  sig_NNLO = (  -1.4407076103039644            +-    9.6538712291408403E-004 ) fb

  pp ---> HHW- + X
  ===============

  PDFSET = PDF4LHC21_40                                NSET =  24
  Sqrt(S)  = 13.6 TeV
  LOOP     = 3
  alphaS(MZ) =   0.11800
          kl =   1.00000
          kv =   1.00000
         k2v =   1.00000
         kth =   1.00000
         kbh =   1.00000
        cHsq =   0.00000
       chdup =   0.00000
         cHw =   0.00000
          cH =   0.00000
         cHb =   0.00000
        cHwb =   0.00000
      cHq1st =   0.00000
      cHq3st =  -0.11429
      cHq1rd =   0.00000
      cHq3rd =   0.00000
       cHdst =   0.00000
       cHust =   0.00000
       cHdrd =   0.00000
       cHurd =   0.00000
         cth =   0.00000
         cbh =   0.00000
 --------------

  mH       = 125.0000      GeV
  fact_scale 1.0
  ren_scale  1.0
  Kqq      =   0.26937307377238723            +-   -2.8804478099682461E-004
  Kgq      =   -8.7972411681407944E-002       +-   -1.3412599626632689E-004
  K_nlo    =    1.1814006620909792            +-    3.1774137082530408E-004
  Kqq2     =    6.1680296030671967E-002       +-   -2.2675887305447163E-004
  Kgq2     =   -4.5568485954279210E-002       +-   -1.5237631353762806E-004
  Kqqs     =    2.1432960105236148E-003       +-   -3.6985659656799694E-006
  Kgg      =    1.3412107678601973E-003       +-   -2.1940562029463273E-006
  K_nnlo   =    1.2009969789457555            +-    4.1906586528017177E-004
  sig_LO   = (  -1.2096076979341870            +-    8.1950632971091808E-004 ) fb
  sig_NLO  = (  -1.4290313352097939            +-    9.0515728528375080E-004 ) fb
  sig_NNLO = (  -1.4527351909284891            +-    9.6360967416351953E-004 ) fb

  pp ---> HHW- + X
  ===============

  PDFSET = PDF4LHC21_40                                NSET =  25
  Sqrt(S)  = 13.6 TeV
  LOOP     = 3
  alphaS(MZ) =   0.11800
          kl =   1.00000
          kv =   1.00000
         k2v =   1.00000
         kth =   1.00000
         kbh =   1.00000
        cHsq =   0.00000
       chdup =   0.00000
         cHw =   0.00000
          cH =   0.00000
         cHb =   0.00000
        cHwb =   0.00000
      cHq1st =   0.00000
      cHq3st =  -0.11429
      cHq1rd =   0.00000
      cHq3rd =   0.00000
       cHdst =   0.00000
       cHust =   0.00000
       cHdrd =   0.00000
       cHurd =   0.00000
         cth =   0.00000
         cbh =   0.00000
 --------------

  mH       = 125.0000      GeV
  fact_scale 1.0
  ren_scale  1.0
  Kqq      =   0.26946271859132270            +-   -2.9170782707252786E-004
  Kgq      =   -8.8170993467260692E-002       +-   -1.3494989589946471E-004
  K_nlo    =    1.1812917251240620            +-    3.2141084421446044E-004
  Kqq2     =    6.1697844202094260E-002       +-   -2.3026308154238138E-004
  Kgq2     =   -4.5679108820592750E-002       +-   -1.5344265032557581E-004
  Kqqs     =    2.1451947934993327E-003       +-   -3.7214052792628409E-006
  Kgg      =    1.3509431906073741E-003       +-   -2.2115604447724841E-006
  K_nnlo   =    1.2008065984896703            +-    4.2413371039783652E-004
  sig_LO   = (  -1.2052256995750346            +-    8.3152067795495127E-004 ) fb
  sig_NLO  = (  -1.4237231458148472            +-    9.1732446632107752E-004 ) fb
  sig_NNLO = (  -1.4472429727190308            +-    9.7607807455224113E-004 ) fb

  pp ---> HHW- + X
  ===============

  PDFSET = PDF4LHC21_40                                NSET =  26
  Sqrt(S)  = 13.6 TeV
  LOOP     = 3
  alphaS(MZ) =   0.11800
          kl =   1.00000
          kv =   1.00000
         k2v =   1.00000
         kth =   1.00000
         kbh =   1.00000
        cHsq =   0.00000
       chdup =   0.00000
         cHw =   0.00000
          cH =   0.00000
         cHb =   0.00000
        cHwb =   0.00000
      cHq1st =   0.00000
      cHq3st =  -0.11429
      cHq1rd =   0.00000
      cHq3rd =   0.00000
       cHdst =   0.00000
       cHust =   0.00000
       cHdrd =   0.00000
       cHurd =   0.00000
         cth =   0.00000
         cbh =   0.00000
 --------------

  mH       = 125.0000      GeV
  fact_scale 1.0
  ren_scale  1.0
  Kqq      =   0.26966824878125090            +-   -2.8887477815666324E-004
  Kgq      =   -8.8411512447765392E-002       +-   -1.3380289213972148E-004
  K_nlo    =    1.1812567363334856            +-    3.1835805534023378E-004
  Kqq2     =    6.1809147971834094E-002       +-   -2.2511786926819025E-004
  Kgq2     =   -4.5786427002393625E-002       +-   -1.5046316397662794E-004
  Kqqs     =    2.1575386717852729E-003       +-   -3.6831073974627802E-006
  Kgg      =    1.3443700061028776E-003       +-   -2.1958927441763772E-006
  K_nnlo   =    1.2007813659808144            +-    4.1795628647355948E-004
  sig_LO   = (  -1.2048913837292339            +-    8.1428547474913626E-004 ) fb
  sig_NLO  = (  -1.4232860635803322            +-    9.0011095272933312E-004 ) fb
  sig_NNLO = (  -1.4468111216129027            +-    9.5742658448788587E-004 ) fb

  pp ---> HHW- + X
  ===============

  PDFSET = PDF4LHC21_40                                NSET =  27
  Sqrt(S)  = 13.6 TeV
  LOOP     = 3
  alphaS(MZ) =   0.11800
          kl =   1.00000
          kv =   1.00000
         k2v =   1.00000
         kth =   1.00000
         kbh =   1.00000
        cHsq =   0.00000
       chdup =   0.00000
         cHw =   0.00000
          cH =   0.00000
         cHb =   0.00000
        cHwb =   0.00000
      cHq1st =   0.00000
      cHq3st =  -0.11429
      cHq1rd =   0.00000
      cHq3rd =   0.00000
       cHdst =   0.00000
       cHust =   0.00000
       cHdrd =   0.00000
       cHurd =   0.00000
         cth =   0.00000
         cbh =   0.00000
 --------------

  mH       = 125.0000      GeV
  fact_scale 1.0
  ren_scale  1.0
  Kqq      =   0.26962120269481005            +-   -2.9027851590968047E-004
  Kgq      =   -8.8024004605229161E-002       +-   -1.3423728237661026E-004
  K_nlo    =    1.1815971980895810            +-    3.1981442240553256E-004
  Kqq2     =    6.1767561467256503E-002       +-   -2.2889741225117307E-004
  Kgq2     =   -4.5616273369675810E-002       +-   -1.5247823725789237E-004
  Kqqs     =    2.1462536906875990E-003       +-   -3.7081009704166585E-006
  Kgg      =    1.3497394187783878E-003       +-   -2.2085139044882659E-006
  K_nnlo   =    1.2012444792966277            +-    4.2183353410749026E-004
  sig_LO   = (  -1.2004114735919276            +-    8.2215167792689748E-004 ) fb
  sig_NLO  = (  -1.4184028337508063            +-    9.0736950941225770E-004 ) fb
  sig_NNLO = (  -1.4419876555366320            +-    9.6558159744014377E-004 ) fb

  pp ---> HHW- + X
  ===============

  PDFSET = PDF4LHC21_40                                NSET =  28
  Sqrt(S)  = 13.6 TeV
  LOOP     = 3
  alphaS(MZ) =   0.11800
          kl =   1.00000
          kv =   1.00000
         k2v =   1.00000
         kth =   1.00000
         kbh =   1.00000
        cHsq =   0.00000
       chdup =   0.00000
         cHw =   0.00000
          cH =   0.00000
         cHb =   0.00000
        cHwb =   0.00000
      cHq1st =   0.00000
      cHq3st =  -0.11429
      cHq1rd =   0.00000
      cHq3rd =   0.00000
       cHdst =   0.00000
       cHust =   0.00000
       cHdrd =   0.00000
       cHurd =   0.00000
         cth =   0.00000
         cbh =   0.00000
 --------------

  mH       = 125.0000      GeV
  fact_scale 1.0
  ren_scale  1.0
  Kqq      =   0.26975422227852425            +-   -2.9223288721402790E-004
  Kgq      =   -8.8467242356150680E-002       +-   -1.3504313765296195E-004
  K_nlo    =    1.1812869799223735            +-    3.2192655901090792E-004
  Kqq2     =    6.1805619608429320E-002       +-   -2.3073650788289803E-004
  Kgq2     =   -4.5838716912652719E-002       +-   -1.5330493632742569E-004
  Kqqs     =    2.1596148504903208E-003       +-   -3.7390642671328427E-006
  Kgg      =    1.3422868065319964E-003       +-   -2.1938319598315895E-006
  K_nnlo   =    1.2007557842751726            +-    4.2473196544316749E-004
  sig_LO   = (  -1.2019600131962842            +-    8.3071272439142168E-004 ) fb
  sig_NLO  = (  -1.4198597139760949            +-    9.1641060693139044E-004 ) fb
  sig_NNLO = (  -1.4432604383129006            +-    9.7504099759282881E-004 ) fb

  pp ---> HHW- + X
  ===============

  PDFSET = PDF4LHC21_40                                NSET =  29
  Sqrt(S)  = 13.6 TeV
  LOOP     = 3
  alphaS(MZ) =   0.11800
          kl =   1.00000
          kv =   1.00000
         k2v =   1.00000
         kth =   1.00000
         kbh =   1.00000
        cHsq =   0.00000
       chdup =   0.00000
         cHw =   0.00000
          cH =   0.00000
         cHb =   0.00000
        cHwb =   0.00000
      cHq1st =   0.00000
      cHq3st =  -0.11429
      cHq1rd =   0.00000
      cHq3rd =   0.00000
       cHdst =   0.00000
       cHust =   0.00000
       cHdrd =   0.00000
       cHurd =   0.00000
         cth =   0.00000
         cbh =   0.00000
 --------------

  mH       = 125.0000      GeV
  fact_scale 1.0
  ren_scale  1.0
  Kqq      =   0.26973780329646763            +-   -2.9239692874754523E-004
  Kgq      =   -8.8423304909039060E-002       +-   -1.3496081498571389E-004
  K_nlo    =    1.1813144983874286            +-    3.2204096870212822E-004
  Kqq2     =    6.1803430921475423E-002       +-   -2.3062262517001834E-004
  Kgq2     =   -4.5822780371904431E-002       +-   -1.5325639866425395E-004
  Kqqs     =    2.1605501548641044E-003       +-   -3.7383866035717501E-006
  Kgg      =    1.3452098157758373E-003       +-   -2.1985536860503709E-006
  K_nnlo   =    1.2008009089076395            +-    4.2473934791488401E-004
  sig_LO   = (  -1.2022767338532376            +-    8.3125482130156541E-004 ) fb
  sig_NLO  = (  -1.4202669367747134            +-    9.1700314118533046E-004 ) fb
  sig_NNLO = (  -1.4436949947694759            +-    9.7557794492846017E-004 ) fb

  pp ---> HHW- + X
  ===============

  PDFSET = PDF4LHC21_40                                NSET =  30
  Sqrt(S)  = 13.6 TeV
  LOOP     = 3
  alphaS(MZ) =   0.11800
          kl =   1.00000
          kv =   1.00000
         k2v =   1.00000
         kth =   1.00000
         kbh =   1.00000
        cHsq =   0.00000
       chdup =   0.00000
         cHw =   0.00000
          cH =   0.00000
         cHb =   0.00000
        cHwb =   0.00000
      cHq1st =   0.00000
      cHq3st =  -0.11429
      cHq1rd =   0.00000
      cHq3rd =   0.00000
       cHdst =   0.00000
       cHust =   0.00000
       cHdrd =   0.00000
       cHurd =   0.00000
         cth =   0.00000
         cbh =   0.00000
 --------------

  mH       = 125.0000      GeV
  fact_scale 1.0
  ren_scale  1.0
  Kqq      =   0.26988652682332825            +-   -2.9297972840418491E-004
  Kgq      =   -8.8371579512935394E-002       +-   -1.3464589381569509E-004
  K_nlo    =    1.1815149473103927            +-    3.2243858016251312E-004
  Kqq2     =    6.1850062523546745E-002       +-   -2.3143708923414977E-004
  Kgq2     =   -4.5796821609298835E-002       +-   -1.5291319242722998E-004
  Kqqs     =    2.1523432532819611E-003       +-   -3.7251186817948409E-006
  Kgg      =    1.3485189490320848E-003       +-   -2.2013317187638006E-006
  K_nnlo   =    1.2010690504269548            +-    4.2535976659671248E-004
  sig_LO   = (  -1.1991355194413260            +-    8.3202974023502060E-004 ) fb
  sig_NLO  = (  -1.4167965400707387            +-    9.1748014686439405E-004 ) fb
  sig_NNLO = (  -1.4402445596686266            +-    9.7592969905259625E-004 ) fb

  pp ---> HHW- + X
  ===============

  PDFSET = PDF4LHC21_40                                NSET =  31
  Sqrt(S)  = 13.6 TeV
  LOOP     = 3
  alphaS(MZ) =   0.11800
          kl =   1.00000
          kv =   1.00000
         k2v =   1.00000
         kth =   1.00000
         kbh =   1.00000
        cHsq =   0.00000
       chdup =   0.00000
         cHw =   0.00000
          cH =   0.00000
         cHb =   0.00000
        cHwb =   0.00000
      cHq1st =   0.00000
      cHq3st =  -0.11429
      cHq1rd =   0.00000
      cHq3rd =   0.00000
       cHdst =   0.00000
       cHust =   0.00000
       cHdrd =   0.00000
       cHurd =   0.00000
         cth =   0.00000
         cbh =   0.00000
 --------------

  mH       = 125.0000      GeV
  fact_scale 1.0
  ren_scale  1.0
  Kqq      =   0.26965643216729918            +-   -2.9207792484146981E-004
  Kgq      =   -8.7782526445118844E-002       +-   -1.3447452540133392E-004
  K_nlo    =    1.1818739057221803            +-    3.2154768256296496E-004
  Kqq2     =    6.1773464790641427E-002       +-   -2.3043504985497347E-004
  Kgq2     =   -4.5498597949339130E-002       +-   -1.5290262475769459E-004
  Kqqs     =    2.1420384541366777E-003       +-   -3.7151466687210987E-006
  Kgg      =    1.3436378771919683E-003       +-   -2.1979517981585343E-006
  K_nnlo   =    1.2016344488948112            +-    4.2413567443442776E-004
  sig_LO   = (  -1.1995884819456397            +-    8.2779395318466700E-004 ) fb
  sig_NLO  = (  -1.4177623244164346            +-    9.1325052676196076E-004 ) fb
  sig_NNLO = (  -1.4414668444033123            +-    9.7165237222452934E-004 ) fb

  pp ---> HHW- + X
  ===============

  PDFSET = PDF4LHC21_40                                NSET =  32
  Sqrt(S)  = 13.6 TeV
  LOOP     = 3
  alphaS(MZ) =   0.11800
          kl =   1.00000
          kv =   1.00000
         k2v =   1.00000
         kth =   1.00000
         kbh =   1.00000
        cHsq =   0.00000
       chdup =   0.00000
         cHw =   0.00000
          cH =   0.00000
         cHb =   0.00000
        cHwb =   0.00000
      cHq1st =   0.00000
      cHq3st =  -0.11429
      cHq1rd =   0.00000
      cHq3rd =   0.00000
       cHdst =   0.00000
       cHust =   0.00000
       cHdrd =   0.00000
       cHurd =   0.00000
         cth =   0.00000
         cbh =   0.00000
 --------------

  mH       = 125.0000      GeV
  fact_scale 1.0
  ren_scale  1.0
  Kqq      =   0.26959538901767743            +-   -2.9178052915558372E-004
  Kgq      =   -8.8105119234751839E-002       +-   -1.3463913902732124E-004
  K_nlo    =    1.1814902697829255            +-    3.2134650294087652E-004
  Kqq2     =    6.1747253537619930E-002       +-   -2.3025068739766514E-004
  Kgq2     =   -4.5644360014757641E-002       +-   -1.5295387796391226E-004
  Kqqs     =    2.1506088168144967E-003       +-   -3.7285751030632511E-006
  Kgg      =    1.3438541035663294E-003       +-   -2.1984236201460705E-006
  K_nnlo   =    1.2010876262261687            +-    4.2390161372934194E-004
  sig_LO   = (  -1.2059296768086472            +-    8.3243239431921045E-004 ) fb
  sig_NLO  = (  -1.4247941791918848            +-    9.1821372076561123E-004 ) fb
  sig_NNLO = (  -1.4484272129137887            +-    9.7686466165103933E-004 ) fb

  pp ---> HHW- + X
  ===============

  PDFSET = PDF4LHC21_40                                NSET =  33
  Sqrt(S)  = 13.6 TeV
  LOOP     = 3
  alphaS(MZ) =   0.11800
          kl =   1.00000
          kv =   1.00000
         k2v =   1.00000
         kth =   1.00000
         kbh =   1.00000
        cHsq =   0.00000
       chdup =   0.00000
         cHw =   0.00000
          cH =   0.00000
         cHb =   0.00000
        cHwb =   0.00000
      cHq1st =   0.00000
      cHq3st =  -0.11429
      cHq1rd =   0.00000
      cHq3rd =   0.00000
       cHdst =   0.00000
       cHust =   0.00000
       cHdrd =   0.00000
       cHurd =   0.00000
         cth =   0.00000
         cbh =   0.00000
 --------------

  mH       = 125.0000      GeV
  fact_scale 1.0
  ren_scale  1.0
  Kqq      =   0.26973307667956381            +-   -2.9249765853028847E-004
  Kgq      =   -8.8199187799743436E-002       +-   -1.3452215041754605E-004
  K_nlo    =    1.1815338888798204            +-    3.2194889221530507E-004
  Kqq2     =    6.1792969660121572E-002       +-   -2.3100185703947413E-004
  Kgq2     =   -4.5700225346241623E-002       +-   -1.5272867393346817E-004
  Kqqs     =    2.1496400980957620E-003       +-   -3.7201308436478933E-006
  Kgg      =    1.3475655319195978E-003       +-   -2.2057059713064884E-006
  K_nnlo   =    1.2011238388237158            +-    4.2468541240328606E-004
  sig_LO   = (  -1.2004128262755227            +-    8.3098907772285481E-004 ) fb
  sig_NLO  = (  -1.4183284348905345            +-    9.1646229008563417E-004 ) fb
  sig_NNLO = (  -1.4418444620692821            +-    9.7490341094777814E-004 ) fb

  pp ---> HHW- + X
  ===============

  PDFSET = PDF4LHC21_40                                NSET =  34
  Sqrt(S)  = 13.6 TeV
  LOOP     = 3
  alphaS(MZ) =   0.11800
          kl =   1.00000
          kv =   1.00000
         k2v =   1.00000
         kth =   1.00000
         kbh =   1.00000
        cHsq =   0.00000
       chdup =   0.00000
         cHw =   0.00000
          cH =   0.00000
         cHb =   0.00000
        cHwb =   0.00000
      cHq1st =   0.00000
      cHq3st =  -0.11429
      cHq1rd =   0.00000
      cHq3rd =   0.00000
       cHdst =   0.00000
       cHust =   0.00000
       cHdrd =   0.00000
       cHurd =   0.00000
         cth =   0.00000
         cbh =   0.00000
 --------------

  mH       = 125.0000      GeV
  fact_scale 1.0
  ren_scale  1.0
  Kqq      =   0.26930650954264751            +-   -2.8878114193250589E-004
  Kgq      =   -8.7985409278868068E-002       +-   -1.3365852446271090E-004
  K_nlo    =    1.1813211002637793            +-    3.1821242762876373E-004
  Kqq2     =    6.1658461723349441E-002       +-   -2.2725853471434321E-004
  Kgq2     =   -4.5574306694155478E-002       +-   -1.5119756517209055E-004
  Kqqs     =    2.1428918974349897E-003       +-   -3.6933827653525149E-006
  Kgg      =    1.3466607501253418E-003       +-   -2.2014693918745671E-006
  K_nnlo   =    1.2008948079405337            +-    4.1926695786289296E-004
  sig_LO   = (  -1.2111712790322933            +-    8.2413786616552837E-004 ) fb
  sig_NLO  = (  -1.4307821879543177            +-    9.0980431969528409E-004 ) fb
  sig_NNLO = (  -1.4544893005165762            +-    9.6802284270474097E-004 ) fb

  pp ---> HHW- + X
  ===============

  PDFSET = PDF4LHC21_40                                NSET =  35
  Sqrt(S)  = 13.6 TeV
  LOOP     = 3
  alphaS(MZ) =   0.11800
          kl =   1.00000
          kv =   1.00000
         k2v =   1.00000
         kth =   1.00000
         kbh =   1.00000
        cHsq =   0.00000
       chdup =   0.00000
         cHw =   0.00000
          cH =   0.00000
         cHb =   0.00000
        cHwb =   0.00000
      cHq1st =   0.00000
      cHq3st =  -0.11429
      cHq1rd =   0.00000
      cHq3rd =   0.00000
       cHdst =   0.00000
       cHust =   0.00000
       cHdrd =   0.00000
       cHurd =   0.00000
         cth =   0.00000
         cbh =   0.00000
 --------------

  mH       = 125.0000      GeV
  fact_scale 1.0
  ren_scale  1.0
  Kqq      =   0.26965802238736336            +-   -2.9232161011573068E-004
  Kgq      =   -8.8109454394080550E-002       +-   -1.3460201602935788E-004
  K_nlo    =    1.1815485679932827            +-    3.2182235233094169E-004
  Kqq2     =    6.1768425836431190E-002       +-   -2.3048159460908879E-004
  Kgq2     =   -4.5655645346161351E-002       +-   -1.5290668667081433E-004
  Kqqs     =    2.1459235442397731E-003       +-   -3.7157158939356383E-006
  Kgg      =    1.3493639994438978E-003       +-   -2.2062074390804763E-006
  K_nnlo   =    1.2011566360272363            +-    4.2437073489801861E-004
  sig_LO   = (  -1.2014972880772758            +-    8.3046631406095571E-004 ) fb
  sig_NLO  = (  -1.4196274001755180            +-    9.1607148718995371E-004 ) fb
  sig_NNLO = (  -1.4431864407427477            +-    9.7450100358228476E-004 ) fb

  pp ---> HHW- + X
  ===============

  PDFSET = PDF4LHC21_40                                NSET =  36
  Sqrt(S)  = 13.6 TeV
  LOOP     = 3
  alphaS(MZ) =   0.11800
          kl =   1.00000
          kv =   1.00000
         k2v =   1.00000
         kth =   1.00000
         kbh =   1.00000
        cHsq =   0.00000
       chdup =   0.00000
         cHw =   0.00000
          cH =   0.00000
         cHb =   0.00000
        cHwb =   0.00000
      cHq1st =   0.00000
      cHq3st =  -0.11429
      cHq1rd =   0.00000
      cHq3rd =   0.00000
       cHdst =   0.00000
       cHust =   0.00000
       cHdrd =   0.00000
       cHurd =   0.00000
         cth =   0.00000
         cbh =   0.00000
 --------------

  mH       = 125.0000      GeV
  fact_scale 1.0
  ren_scale  1.0
  Kqq      =   0.26961878671600165            +-   -2.9156353883448766E-004
  Kgq      =   -8.8179407695250706E-002       +-   -1.3466681328731073E-004
  K_nlo    =    1.1814393790207509            +-    3.2116109318946031E-004
  Kqq2     =    6.1757250145344889E-002       +-   -2.2988336316705674E-004
  Kgq2     =   -4.5689705120303827E-002       +-   -1.5293222836502163E-004
  Kqqs     =    2.1426378275812182E-003       +-   -3.7065363434455561E-006
  Kgg      =    1.3546290189744477E-003       +-   -2.2190980598494804E-006
  K_nnlo   =    1.2010041908923479            +-    4.2355370110554077E-004
  sig_LO   = (  -1.2016616684928723            +-    8.2743107098388164E-004 ) fb
  sig_NLO  = (  -1.4196904154172583            +-    9.1300701384879079E-004 ) fb
  sig_NNLO = (  -1.4432006998946303            +-    9.7143751927419083E-004 ) fb

  pp ---> HHW- + X
  ===============

  PDFSET = PDF4LHC21_40                                NSET =  37
  Sqrt(S)  = 13.6 TeV
  LOOP     = 3
  alphaS(MZ) =   0.11800
          kl =   1.00000
          kv =   1.00000
         k2v =   1.00000
         kth =   1.00000
         kbh =   1.00000
        cHsq =   0.00000
       chdup =   0.00000
         cHw =   0.00000
          cH =   0.00000
         cHb =   0.00000
        cHwb =   0.00000
      cHq1st =   0.00000
      cHq3st =  -0.11429
      cHq1rd =   0.00000
      cHq3rd =   0.00000
       cHdst =   0.00000
       cHust =   0.00000
       cHdrd =   0.00000
       cHurd =   0.00000
         cth =   0.00000
         cbh =   0.00000
 --------------

  mH       = 125.0000      GeV
  fact_scale 1.0
  ren_scale  1.0
  Kqq      =   0.26942419512237575            +-   -2.9050260254522643E-004
  Kgq      =   -8.7497128498541826E-002       +-   -1.3355005046002482E-004
  K_nlo    =    1.1819270666238340            +-    3.1973016445656951E-004
  Kqq2     =    6.1680191319948750E-002       +-   -2.2893002665026727E-004
  Kgq2     =   -4.5335107614809182E-002       +-   -1.5163380134042680E-004
  Kqqs     =    2.1349584381086225E-003       +-   -3.6919694123642529E-006
  Kgg      =    1.3376147556295420E-003       +-   -2.1875197826230391E-006
  K_nnlo   =    1.2017447235227114            +-    4.2148257467587708E-004
  sig_LO   = (  -1.2109364065725552            +-    8.3020794740682000E-004 ) fb
  sig_NLO  = (  -1.4312385148883064            +-    9.1605026481062293E-004 ) fb
  sig_NNLO = (  -1.4552364371201212            +-    9.7454694768504390E-004 ) fb

  pp ---> HHW- + X
  ===============

  PDFSET = PDF4LHC21_40                                NSET =  38
  Sqrt(S)  = 13.6 TeV
  LOOP     = 3
  alphaS(MZ) =   0.11800
          kl =   1.00000
          kv =   1.00000
         k2v =   1.00000
         kth =   1.00000
         kbh =   1.00000
        cHsq =   0.00000
       chdup =   0.00000
         cHw =   0.00000
          cH =   0.00000
         cHb =   0.00000
        cHwb =   0.00000
      cHq1st =   0.00000
      cHq3st =  -0.11429
      cHq1rd =   0.00000
      cHq3rd =   0.00000
       cHdst =   0.00000
       cHust =   0.00000
       cHdrd =   0.00000
       cHurd =   0.00000
         cth =   0.00000
         cbh =   0.00000
 --------------

  mH       = 125.0000      GeV
  fact_scale 1.0
  ren_scale  1.0
  Kqq      =   0.26961877956303482            +-   -2.9184628356384792E-004
  Kgq      =   -8.8195887004929197E-002       +-   -1.3455656280915668E-004
  K_nlo    =    1.1814228925581056            +-    3.2137162573109106E-004
  Kqq2     =    6.1754507879314802E-002       +-   -2.3020115562393393E-004
  Kgq2     =   -4.5697172645363757E-002       +-   -1.5275553210863046E-004
  Kqqs     =    2.1500387483672674E-003       +-   -3.7201395472422783E-006
  Kgg      =    1.3444786090957800E-003       +-   -2.1983944170548005E-006
  K_nnlo   =    1.2009747451495196            +-    4.2382215473202176E-004
  sig_LO   = (  -1.2044215714761282            +-    8.3061994480811195E-004 ) fb
  sig_NLO  = (  -1.4229312168327064            +-    9.1637890203946507E-004 ) fb
  sig_NNLO = (  -1.4464798898561269            +-    9.7493561908293337E-004 ) fb

  pp ---> HHW- + X
  ===============

  PDFSET = PDF4LHC21_40                                NSET =  39
  Sqrt(S)  = 13.6 TeV
  LOOP     = 3
  alphaS(MZ) =   0.11800
          kl =   1.00000
          kv =   1.00000
         k2v =   1.00000
         kth =   1.00000
         kbh =   1.00000
        cHsq =   0.00000
       chdup =   0.00000
         cHw =   0.00000
          cH =   0.00000
         cHb =   0.00000
        cHwb =   0.00000
      cHq1st =   0.00000
      cHq3st =  -0.11429
      cHq1rd =   0.00000
      cHq3rd =   0.00000
       cHdst =   0.00000
       cHust =   0.00000
       cHdrd =   0.00000
       cHurd =   0.00000
         cth =   0.00000
         cbh =   0.00000
 --------------

  mH       = 125.0000      GeV
  fact_scale 1.0
  ren_scale  1.0
  Kqq      =   0.26957773831153203            +-   -2.9183079797260035E-004
  Kgq      =   -8.8011970283461249E-002       +-   -1.3447821735114324E-004
  K_nlo    =    1.1815657680280709            +-    3.2132476653265620E-004
  Kqq2     =    6.1734480711315390E-002       +-   -2.3017860541753521E-004
  Kgq2     =   -4.5586790899131639E-002       +-   -1.5267003562781077E-004
  Kqqs     =    2.1407679037013364E-003       +-   -3.7072683263665600E-006
  Kgg      =    1.3507519230368643E-003       +-   -2.2098287901766754E-006
  K_nnlo   =    1.2012049776669929            +-    4.2374351079343974E-004
  sig_LO   = (  -1.2040099244220792            +-    8.3059407298234937E-004 ) fb
  sig_NLO  = (  -1.4226169110631934            +-    9.1627575641643278E-004 ) fb
  sig_NNLO = (  -1.4462627143762610            +-    9.7477267655454508E-004 ) fb

  pp ---> HHW- + X
  ===============

  PDFSET = PDF4LHC21_40                                NSET =  40
  Sqrt(S)  = 13.6 TeV
  LOOP     = 3
  alphaS(MZ) =   0.11800
          kl =   1.00000
          kv =   1.00000
         k2v =   1.00000
         kth =   1.00000
         kbh =   1.00000
        cHsq =   0.00000
       chdup =   0.00000
         cHw =   0.00000
          cH =   0.00000
         cHb =   0.00000
        cHwb =   0.00000
      cHq1st =   0.00000
      cHq3st =  -0.11429
      cHq1rd =   0.00000
      cHq3rd =   0.00000
       cHdst =   0.00000
       cHust =   0.00000
       cHdrd =   0.00000
       cHurd =   0.00000
         cth =   0.00000
         cbh =   0.00000
 --------------

  mH       = 125.0000      GeV
  fact_scale 1.0
  ren_scale  1.0
  Kqq      =   0.26961945099440349            +-   -2.9076743030925469E-004
  Kgq      =   -8.7997462395494913E-002       +-   -1.3430662288006244E-004
  K_nlo    =    1.1816219885989085            +-    3.2028732019562467E-004
  Kqq2     =    6.1761527679848938E-002       +-   -2.2927344847106763E-004
  Kgq2     =   -4.5602133945927902E-002       +-   -1.5255152655618210E-004
  Kqqs     =    2.1453150129630283E-003       +-   -3.7085675549025193E-006
  Kgg      =    1.3448569077380624E-003       +-   -2.1991103148208107E-006
  K_nnlo   =    1.2012715542535308            +-    4.2242258399145452E-004
  sig_LO   = (  -1.2040623628825211            +-    8.2632317133223931E-004 ) fb
  sig_NLO  = (  -1.4227465636263454            +-    9.1188417548244700E-004 ) fb
  sig_NNLO = (  -1.4464058660780652            +-    9.7031308171479399E-004 ) fb

  pp ---> HHW- + X
  ===============

  PDFSET = PDF4LHC21_40                                NSET =  41
  Sqrt(S)  = 13.6 TeV
  LOOP     = 3
  alphaS(MZ) =   0.11700
          kl =   1.00000
          kv =   1.00000
         k2v =   1.00000
         kth =   1.00000
         kbh =   1.00000
        cHsq =   0.00000
       chdup =   0.00000
         cHw =   0.00000
          cH =   0.00000
         cHb =   0.00000
        cHwb =   0.00000
      cHq1st =   0.00000
      cHq3st =  -0.11429
      cHq1rd =   0.00000
      cHq3rd =   0.00000
       cHdst =   0.00000
       cHust =   0.00000
       cHdrd =   0.00000
       cHurd =   0.00000
         cth =   0.00000
         cbh =   0.00000
 --------------

  mH       = 125.0000      GeV
  fact_scale 1.0
  ren_scale  1.0
  Kqq      =   0.26757926532905563            +-   -2.8890061069794754E-004
  Kgq      =   -8.5811979528253146E-002       +-   -1.3098887462073615E-004
  K_nlo    =    1.1817672858008024            +-    3.1720915518952789E-004
  Kqq2     =    6.0849451060359647E-002       +-   -2.2634786083333545E-004
  Kgq2     =   -4.4181667753049436E-002       +-   -1.4780972711557591E-004
  Kqqs     =    2.1065969645365943E-003       +-   -3.6462545383246112E-006
  Kgg      =    1.2860625806022368E-003       +-   -2.1031147857189200E-006
  K_nnlo   =    1.2018277286532513            +-    4.1679783580750773E-004
  sig_LO   = (  -1.2125854894339243            +-    8.3237261699822341E-004 ) fb
  sig_NLO  = (  -1.4329938626497665            +-    9.1694851503186818E-004 ) fb
  sig_NNLO = (  -1.4573188645642645            +-    9.7379483144480867E-004 ) fb

  pp ---> HHW- + X
  ===============

  PDFSET = PDF4LHC21_40                                NSET =  42
  Sqrt(S)  = 13.6 TeV
  LOOP     = 3
  alphaS(MZ) =   0.11900
          kl =   1.00000
          kv =   1.00000
         k2v =   1.00000
         kth =   1.00000
         kbh =   1.00000
        cHsq =   0.00000
       chdup =   0.00000
         cHw =   0.00000
          cH =   0.00000
         cHb =   0.00000
        cHwb =   0.00000
      cHq1st =   0.00000
      cHq3st =  -0.11429
      cHq1rd =   0.00000
      cHq3rd =   0.00000
       cHdst =   0.00000
       cHust =   0.00000
       cHdrd =   0.00000
       cHurd =   0.00000
         cth =   0.00000
         cbh =   0.00000
 --------------

  mH       = 125.0000      GeV
  fact_scale 1.0
  ren_scale  1.0
  Kqq      =   0.27133492811574805            +-   -2.9331831185606494E-004
  Kgq      =   -8.6869669086719711E-002       +-   -1.3268260807985902E-004
  K_nlo    =    1.1844652590290283            +-    3.2193214588941755E-004
  Kqq2     =    6.2542355004251676E-002       +-   -2.3332079763264621E-004
  Kgq2     =   -4.5298191043532006E-002       +-   -1.5158074311414469E-004
  Kqqs     =    2.1726719728147438E-003       +-   -3.7563109584161525E-006
  Kgg      =    1.3183708722704361E-003       +-   -2.1625563757864490E-006
  K_nnlo   =    1.2052004658348332            +-    4.2552838844198230E-004
  sig_LO   = (  -1.2097829786347685            +-    8.3319469527302101E-004 ) fb
  sig_NLO  = (  -1.4329459091575405            +-    9.1972753949919603E-004 ) fb
  sig_NNLO = (  -1.4580310094096749            +-    9.7940254887378853E-004 ) fb

