  pp ---> HHZ + X
  ===============

  PDFSET = PDF4LHC21_40                                NSET =   0
  Sqrt(S)  = 14.0 TeV
  LOOP     = 3
  alphaS(MZ) =   0.11800
          kl =   1.00000
          kv =   1.00000
         k2v =   1.00000
         kth =   1.00000
         kbh =   1.00000
        cHsq =   0.00000
       chdup =   0.00000
         cHw =   0.00000
          cH =   0.00000
         cHb =   0.00000
        cHwb =   0.00000
      cHq1st =   0.00000
      cHq3st =   0.00000
      cHq1rd =   0.00000
      cHq3rd =  -8.00000
       cHdst =   0.00000
       cHust =   0.00000
       cHdrd =   0.00000
       cHurd =   0.00000
         cth =   0.00000
         cbh =   0.00000
 --------------

  mH       = 125.0000      GeV
  fact_scale 0.5
  ren_scale  0.5
  Kqq      =   0.20649543556109029            +-    2.0323033256195483E-004
  Kgq      =   -2.6959786973678932E-002       +-    1.5396937492325946E-004
  K_nlo    =    1.1795356485874113            +-    2.5496889317621078E-004
  Kqq2     =    2.4852149044351395E-002       +-    1.9290149414376208E-004
  Kgq2     =   -2.0226899340073132E-002       +-    1.4664030821542185E-004
  Kqqs     =    1.5580780828524294E-003       +-    4.2591859501181262E-006
  Kgg      =    5.2346976084982220E-004       +-    2.8761411055314575E-006
  Kgghhz   =    8.1537566008658260E-002       +-    6.9750283783335816E-004
  K_nnlo   =    1.1862424461353918            +-    3.5178106227670697E-004
  K_nnlo2  =    1.2677800121440501            +-    7.8119147752783139E-004
  sig_LO   = (  0.30851573629450840            +-    1.8329597278938736E-004 ) fb
  sig_NLO  = (  0.36390530910956576            +-    1.9946205313236618E-004 ) fb
  sig_NNLO = (  0.36597446169325909            +-    2.1301683763846915E-004 ) fb
  sig_HHZ  = (  0.39113008390608239            +-    3.0279228544758850E-004 ) fb

  mH       = 125.0000      GeV
  fact_scale 1.0
  ren_scale  0.5
  Kqq      =   0.28004309638130703            +-    2.6457288487486780E-004
  Kgq      =   -8.7574961992160236E-002       +-    1.5483997627602369E-004
  K_nlo    =    1.1924681343891468            +-    3.0655216467050046E-004
  Kqq2     =    4.4717169320761196E-002       +-    2.8569297354031693E-004
  Kgq2     =   -4.2198890486335482E-002       +-    1.9450125599894093E-004
  Kqqs     =    2.4171453175494202E-003       +-    4.3091526646062083E-006
  Kgg      =    2.0439738234259500E-003       +-    3.4600026268573205E-006
  Kgghhz   =    7.6244482422223578E-002       +-    6.5595133212778686E-004
  K_nnlo   =    1.1994475323645479            +-    4.6201296929253852E-004
  K_nnlo2  =    1.2756920147867714            +-    8.0232670023795563E-004
  sig_LO   = (  0.30550905406173040            +-    1.8122187477228880E-004 ) fb
  sig_NLO  = (  0.36430981173598465            +-    2.0399148541108336E-004 ) fb
  sig_NNLO = (  0.36644208100936981            +-    2.2970513509778441E-004 ) fb
  sig_HHZ  = (  0.38973546071160958            +-    3.0483476957772124E-004 ) fb

  mH       = 125.0000      GeV
  fact_scale 0.5
  ren_scale  1.0
  Kqq      =   0.18977314656810029            +-    1.8692571381078265E-004
  Kgq      =   -2.4780676271416852E-002       +-    1.4144213497278312E-004
  K_nlo    =    1.1649924702966834            +-    2.3440797774250264E-004
  Kqq2     =    3.5600181734658572E-002       +-    1.4157367740504171E-004
  Kgq2     =   -1.8982812391976786E-002       +-    1.2446991564731051E-004
  Kqqs     =    1.3133187748042405E-003       +-    3.5909551594254804E-006
  Kgg      =    4.4129529279937613E-004       +-    2.4225927244293417E-006
  Kgghhz   =    6.9011151305680737E-002       +-    5.8950448959614425E-004
  K_nnlo   =    1.1833644537069687            +-    3.0083505443852536E-004
  K_nnlo2  =    1.2523756050126496            +-    6.6182873406421473E-004
  sig_LO   = (  0.30851573629450840            +-    1.8329597278938736E-004 ) fb
  sig_NLO  = (  0.35941850975113954            +-    1.9704666019172614E-004 ) fb
  sig_NNLO = (  0.36508655574015425            +-    2.0545448557306658E-004 ) fb
  sig_HHZ  = (  0.38637758189775806            +-    2.7438796624503116E-004 ) fb

  mH       = 125.0000      GeV
  fact_scale 1.0
  ren_scale  1.0
  Kqq      =   0.25735863149616867            +-    2.4322997822900100E-004
  Kgq      =   -8.0439157906749742E-002       +-    1.4221321410496043E-004
  K_nlo    =    1.1769194735894188            +-    2.8175418466341119E-004
  Kqq2     =    5.7595577771826729E-002       +-    2.1116238292987719E-004
  Kgq2     =   -4.1795998234213844E-002       +-    1.4999016247536340E-004
  Kqqs     =    2.0399012801187583E-003       +-    3.6366123732883909E-006
  Kgg      =    1.7222307099881305E-003       +-    2.9136547685272759E-006
  Kgghhz   =    6.4532183513134458E-002       +-    5.5440350083161042E-004
  K_nnlo   =    1.1964811851171386            +-    3.8274500089879334E-004
  K_nnlo2  =    1.2610133686302731            +-    6.7368908069476889E-004
  sig_LO   = (  0.30550905406173040            +-    1.8122187477228880E-004 ) fb
  sig_NLO  = (  0.35955955508313309            +-    2.0062619024894857E-004 ) fb
  sig_NNLO = (  0.36553583506779519            +-    2.1567214769996213E-004 ) fb
  sig_HHZ  = (  0.38525100140943092            +-    2.7423067635439619E-004 ) fb

  mH       = 125.0000      GeV
  fact_scale 1.5
  ren_scale  1.0
  Kqq      =   0.29796280678585207            +-    2.8767373938686641E-004
  Kgq      =  -0.11164884074798574            +-    1.3698202513129281E-004
  K_nlo    =    1.1863139660378663            +-    3.1862243414720952E-004
  Kqq2     =    7.0372483329257329E-002       +-    2.6833621191802890E-004
  Kgq2     =   -5.7521144252358894E-002       +-    1.7096223612859357E-004
  Kqqs     =    3.5353804154773481E-003       +-    4.4137489752804578E-006
  Kgg      =    2.8770139491671597E-003       +-    3.3716257525330737E-006
  Kgghhz   =    6.2179033328942084E-002       +-    5.3570995585932484E-004
  K_nnlo   =    1.2055776994794094            +-    4.5031490469529334E-004
  K_nnlo2  =    1.2677567328083514            +-    6.9983474492020677E-004
  sig_LO   = (  0.30340378502686050            +-    1.7989139680753028E-004 ) fb
  sig_NLO  = (  0.35993214752611508            +-    2.0422107067619632E-004 ) fb
  sig_NNLO = (  0.36577683716602777            +-    2.2589360137479172E-004 ) fb
  sig_HHZ  = (  0.38464219122734011            +-    2.7829123173662507E-004 ) fb

  mH       = 125.0000      GeV
  fact_scale 2.0
  ren_scale  1.0
  Kqq      =   0.32717573687390522            +-    3.3056939406693811E-004
  Kgq      =  -0.13314918443987686            +-    1.5409818015169041E-004
  K_nlo    =    1.1940265524340283            +-    3.6472232372017680E-004
  Kqq2     =    7.9420238805108276E-002       +-    3.1675422015853727E-004
  Kgq2     =   -6.9707035377368234E-002       +-    1.9400622474264240E-004
  Kqqs     =    5.0486557254515521E-003       +-    5.4740865047724330E-006
  Kgg      =    3.8516173151856258E-003       +-    3.8883596373804075E-006
  Kgghhz   =    6.0607588735169839E-002       +-    5.2312657455922328E-004
  K_nnlo   =    1.2126400289024055            +-    5.2061416577991082E-004
  K_nnlo2  =    1.2732476176375753            +-    7.3803829346503363E-004
  sig_LO   = (  0.30179275480193396            +-    1.7889983649916865E-004 ) fb
  sig_NLO  = (  0.36034856256572123            +-    2.1004922884012553E-004 ) fb
  sig_NNLO = (  0.36596597490555377            +-    2.3809890061707710E-004 ) fb
  sig_HHZ  = (  0.38425690607184332            +-    2.8568489262270202E-004 ) fb

  mH       = 125.0000      GeV
  fact_scale 1.0
  ren_scale  1.5
  Kqq      =   0.24574595673101057            +-    2.3230258260707509E-004
  Kgq      =   -7.6788979065922358E-002       +-    1.3575570720608156E-004
  K_nlo    =    1.1689569776650881            +-    2.6906152070658540E-004
  Kqq2     =    6.3105737618240690E-002       +-    1.8856247652506347E-004
  Kgq2     =   -4.1419998874708937E-002       +-    1.3289640256413312E-004
  Kqqs     =    1.8592771233386497E-003       +-    3.3145892081120225E-006
  Kgg      =    1.5684513775659514E-003       +-    2.6527213372554302E-006
  Kgghhz   =    5.8907384114676262E-002       +-    5.0565998447304398E-004
  K_nnlo   =    1.1940704449095243            +-    3.5444236022914247E-004
  K_nnlo2  =    1.2529778290242006            +-    6.1751227244653546E-004
  sig_LO   = (  0.30550905406173040            +-    1.8122187477228880E-004 ) fb
  sig_NLO  = (  0.35712694048532040            +-    1.9899328636807287E-004 ) fb
  sig_NNLO = (  0.36479933210737842            +-    2.1110917782608709E-004 ) fb
  sig_HHZ  = (  0.38279607130550419            +-    2.6159567966567996E-004 ) fb

  mH       = 125.0000      GeV
  fact_scale 1.5
  ren_scale  1.5
  Kqq      =   0.28451861587068317            +-    2.7482749576213605E-004
  Kgq      =  -0.10657781252631689            +-    1.3079542828064056E-004
  K_nlo    =    1.1779408033443663            +-    3.0436424968449086E-004
  Kqq2     =    7.6419220674584315E-002       +-    2.3311630593569646E-004
  Kgq2     =   -5.7079720333339523E-002       +-    1.5576065029379864E-004
  Kqqs     =    3.2222934318247060E-003       +-    4.0226615389640570E-006
  Kgg      =    2.6198784288626441E-003       +-    3.0715750527253961E-006
  Kgghhz   =    5.6760033799812926E-002       +-    4.8866823733496997E-004
  K_nnlo   =    1.2031224755462986            +-    4.1384514632675944E-004
  K_nnlo2  =    1.2598825093461115            +-    6.4036274978974495E-004
  sig_LO   = (  0.30340378502686050            +-    1.7989139680753028E-004 ) fb
  sig_NLO  = (  0.35739169827226142            +-    2.0220920523971345E-004 ) fb
  sig_NNLO = (  0.36503191293163334            +-    2.1937815900548207E-004 ) fb
  sig_HHZ  = (  0.38225312202474909            +-    2.6478090737989875E-004 ) fb

  mH       = 125.0000      GeV
  fact_scale 2.0
  ren_scale  1.5
  Kqq      =   0.31241111577460634            +-    3.1569425659496673E-004
  Kgq      =  -0.12709786317994876            +-    1.4712819913037967E-004
  K_nlo    =    1.1853132525946575            +-    3.4829523486030832E-004
  Kqq2     =    8.5875363377493616E-002       +-    2.7238359818637653E-004
  Kgq2     =   -6.9110416199902630E-002       +-    1.8082507545859057E-004
  Kqqs     =    4.6012894006171277E-003       +-    4.9885964858278136E-006
  Kgg      =    3.5072080343667321E-003       +-    3.5414924523266888E-006
  Kgghhz   =    5.5324492145345454E-002       +-    4.7719290683621569E-004
  K_nnlo   =    1.2101866972072324            +-    4.7774211805706230E-004
  K_nnlo2  =    1.2655111893525779            +-    6.7524114337060741E-004
  sig_LO   = (  0.30179275480193396            +-    1.7889983649916865E-004 ) fb
  sig_NLO  = (  0.35771895180378233            +-    2.0749431252508019E-004 ) fb
  sig_NNLO = (  0.36522557717482462            +-    2.2976676702488640E-004 ) fb
  sig_HHZ  = (  0.38192210806738636            +-    2.7116897986737020E-004 ) fb

  mH       = 125.0000      GeV
  fact_scale 1.0
  ren_scale  2.0
  Kqq      =   0.23813378624265102            +-    2.2513883869569254E-004
  Kgq      =   -7.4397308634310363E-002       +-    1.3152502773031190E-004
  K_nlo    =    1.1637364776083405            +-    2.6074188311183224E-004
  Kqq2     =    6.6321499107326917E-002       +-    1.8406534616087351E-004
  Kgq2     =   -4.1117499168806644E-002       +-    1.2438174647550011E-004
  Kqqs     =    1.7454593108221900E-003       +-    3.1116564042058676E-006
  Kgg      =    1.4716449007586532E-003       +-    2.4885258879182832E-006
  Kgghhz   =    5.5356075592400182E-002       +-    4.7492419924040341E-004
  K_nnlo   =    1.1921575817584416            +-    3.4256835126583837E-004
  K_nnlo2  =    1.2475136573508416            +-    5.8558182204806639E-004
  sig_LO   = (  0.30550905406173040            +-    1.8122187477228880E-004 ) fb
  sig_NLO  = (  0.35553203045125426            +-    1.9795687697842399E-004 ) fb
  sig_NNLO = (  0.36421493509554159            +-    2.0927161527911181E-004 ) fb
  sig_HHZ  = (  0.38112671738634540            +-    2.5465029778147231E-004 ) fb

  mH       = 125.0000      GeV
  fact_scale 1.5
  ren_scale  2.0
  Kqq      =   0.27570590087264207            +-    2.6639565180245045E-004
  Kgq      =  -0.10325538085252886            +-    1.2674030527780669E-004
  K_nlo    =    1.1724505200201132            +-    2.9500804782440099E-004
  Kqq2     =    7.9958549421807718E-002       +-    2.2404074134202160E-004
  Kgq2     =   -5.6699972401016555E-002       +-    1.4935230516465535E-004
  Kqqs     =    3.0250086542764438E-003       +-    3.7762256156638792E-006
  Kgg      =    2.4580274982166344E-003       +-    2.8826216666802083E-006
  Kgghhz   =    5.3336986041735958E-002       +-    4.5899121753252927E-004
  K_nnlo   =    1.2011921331933975            +-    3.9944046178099759E-004
  K_nnlo2  =    1.2545291192351333            +-    6.0846168349355432E-004
  sig_LO   = (  0.30340378502686050            +-    1.7989139680753028E-004 ) fb
  sig_NLO  = (  0.35572592553081323            +-    2.0092869040594505E-004 ) fb
  sig_NNLO = (  0.36444623975536555            +-    2.1690632638996226E-004 ) fb
  sig_HHZ  = (  0.38062888320235305            +-    2.5776270262913806E-004 ) fb

  mH       = 125.0000      GeV
  fact_scale 2.0
  ren_scale  2.0
  Kqq      =   0.30273291840654493            +-    3.0594255476183642E-004
  Kgq      =  -0.12313339746312037            +-    1.4256092288511822E-004
  K_nlo    =    1.1795995209434245            +-    3.3752698195559994E-004
  Kqq2     =    8.9636927837143138E-002       +-    2.5685456681362527E-004
  Kgq2     =   -6.8608313947852870E-002       +-    1.7497499212826509E-004
  Kqqs     =    4.3194118951314520E-003       +-    4.6827347733756260E-006
  Kgg      =    3.2904386581337772E-003       +-    3.3231275988601153E-006
  Kgghhz   =    5.1990160924340743E-002       +-    4.4823550001369430E-004
  K_nnlo   =    1.2082379853859802            +-    4.5885504366123460E-004
  K_nnlo2  =    1.2602281463103209            +-    6.4145382886524266E-004
  sig_LO   = (  0.30179275480193396            +-    1.7889983649916865E-004 ) fb
  sig_NLO  = (  0.35599458898855768            +-    2.0586709923148830E-004 ) fb
  sig_NNLO = (  0.36463747006597369            +-    2.2623355255752648E-004 ) fb
  sig_HHZ  = (  0.38032772395392633            +-    2.6359198890930192E-004 ) fb

  pp ---> HHZ + X
  ===============

  PDFSET = PDF4LHC21_40                                NSET =   1
  Sqrt(S)  = 14.0 TeV
  LOOP     = 3
  alphaS(MZ) =   0.11800
          kl =   1.00000
          kv =   1.00000
         k2v =   1.00000
         kth =   1.00000
         kbh =   1.00000
        cHsq =   0.00000
       chdup =   0.00000
         cHw =   0.00000
          cH =   0.00000
         cHb =   0.00000
        cHwb =   0.00000
      cHq1st =   0.00000
      cHq3st =   0.00000
      cHq1rd =   0.00000
      cHq3rd =  -8.00000
       cHdst =   0.00000
       cHust =   0.00000
       cHdrd =   0.00000
       cHurd =   0.00000
         cth =   0.00000
         cbh =   0.00000
 --------------

  mH       = 125.0000      GeV
  fact_scale 1.0
  ren_scale  1.0
  Kqq      =   0.25754633244561781            +-    2.4249847325308159E-004
  Kgq      =   -8.0515008316845632E-002       +-    1.4198300765037980E-004
  K_nlo    =    1.1770313241287722            +-    2.8100655506860212E-004
  Kqq2     =    5.7671826873592839E-002       +-    2.1078627923646904E-004
  Kgq2     =   -4.1842549059145015E-002       +-    1.4977590837809843E-004
  Kqqs     =    2.0419824535641011E-003       +-    3.6297229530064860E-006
  Kgg      =    1.7227985092332231E-003       +-    2.9145652359965366E-006
  Kgghhz   =    6.4528555022846004E-002       +-    5.5447853072764116E-004
  K_nnlo   =    1.1966253829060172            +-    3.8190317073257332E-004
  K_nnlo2  =    1.2611539379288632            +-    6.7327295568252014E-004
  sig_LO   = (  0.30546346665197910            +-    1.8031924660111818E-004 ) fb
  sig_NLO  = (  0.35954006862634397            +-    1.9970744066867335E-004 ) fb
  sig_NNLO = (  0.36552533774622392            +-    2.1476497660243314E-004 ) fb
  sig_HHZ  = (  0.38523645386154542            +-    2.7351633590672579E-004 ) fb

  pp ---> HHZ + X
  ===============

  PDFSET = PDF4LHC21_40                                NSET =   2
  Sqrt(S)  = 14.0 TeV
  LOOP     = 3
  alphaS(MZ) =   0.11800
          kl =   1.00000
          kv =   1.00000
         k2v =   1.00000
         kth =   1.00000
         kbh =   1.00000
        cHsq =   0.00000
       chdup =   0.00000
         cHw =   0.00000
          cH =   0.00000
         cHb =   0.00000
        cHwb =   0.00000
      cHq1st =   0.00000
      cHq3st =   0.00000
      cHq1rd =   0.00000
      cHq3rd =  -8.00000
       cHdst =   0.00000
       cHust =   0.00000
       cHdrd =   0.00000
       cHurd =   0.00000
         cth =   0.00000
         cbh =   0.00000
 --------------

  mH       = 125.0000      GeV
  fact_scale 1.0
  ren_scale  1.0
  Kqq      =   0.25746868959824437            +-    2.4312898630669626E-004
  Kgq      =   -8.0944684606798170E-002       +-    1.4273592954781145E-004
  K_nlo    =    1.1765240049914460            +-    2.8193128518559180E-004
  Kqq2     =    5.7651270475339876E-002       +-    2.1117613178525313E-004
  Kgq2     =   -4.2068964036969726E-002       +-    1.5050877659521518E-004
  Kqqs     =    2.0624150738729878E-003       +-    3.6656348067492595E-006
  Kgg      =    1.7181672185145620E-003       +-    2.8955917115245310E-006
  Kgghhz   =    6.4242055209119672E-002       +-    5.5232645850249195E-004
  K_nnlo   =    1.1958868937222036            +-    3.8308657163135693E-004
  K_nnlo2  =    1.2601289489313232            +-    6.7217545189196830E-004
  sig_LO   = (  0.30498371697078908            +-    1.8060194963017128E-004 ) fb
  sig_NLO  = (  0.35882066414765046            +-    2.0002597349648622E-004 ) fb
  sig_NNLO = (  0.36472602992404873            +-    2.1509886180572291E-004 ) fb
  sig_HHZ  = (  0.38431881070756868            +-    2.7320892555765931E-004 ) fb

  pp ---> HHZ + X
  ===============

  PDFSET = PDF4LHC21_40                                NSET =   3
  Sqrt(S)  = 14.0 TeV
  LOOP     = 3
  alphaS(MZ) =   0.11800
          kl =   1.00000
          kv =   1.00000
         k2v =   1.00000
         kth =   1.00000
         kbh =   1.00000
        cHsq =   0.00000
       chdup =   0.00000
         cHw =   0.00000
          cH =   0.00000
         cHb =   0.00000
        cHwb =   0.00000
      cHq1st =   0.00000
      cHq3st =   0.00000
      cHq1rd =   0.00000
      cHq3rd =  -8.00000
       cHdst =   0.00000
       cHust =   0.00000
       cHdrd =   0.00000
       cHurd =   0.00000
         cth =   0.00000
         cbh =   0.00000
 --------------

  mH       = 125.0000      GeV
  fact_scale 1.0
  ren_scale  1.0
  Kqq      =   0.25737546723963761            +-    2.4275231648666784E-004
  Kgq      =   -8.0425952250979676E-002       +-    1.4201016784186519E-004
  K_nlo    =    1.1769495149886580            +-    2.8123935522987901E-004
  Kqq2     =    5.7603340270183129E-002       +-    2.1054998541960627E-004
  Kgq2     =   -4.1791190110391910E-002       +-    1.4974232045518565E-004
  Kqqs     =    2.0403856903844033E-003       +-    3.6330803867805296E-006
  Kgg      =    1.7192308142305844E-003       +-    2.9067221057497750E-006
  Kgghhz   =    6.4375913440362975E-002       +-    5.5353974742444712E-004
  K_nnlo   =    1.1965212816530642            +-    3.8193099132188119E-004
  K_nnlo2  =    1.2608971950934271            +-    6.7251582443154120E-004
  sig_LO   = (  0.30520545629810886            +-    1.8047335271169596E-004 ) fb
  sig_NLO  = (  0.35921141376195126            +-    1.9984597357198172E-004 ) fb
  sig_NNLO = (  0.36518482373732147            +-    2.1484551431857673E-004 ) fb
  sig_HHZ  = (  0.38483270377349499            +-    2.7331383231504367E-004 ) fb

  pp ---> HHZ + X
  ===============

  PDFSET = PDF4LHC21_40                                NSET =   4
  Sqrt(S)  = 14.0 TeV
  LOOP     = 3
  alphaS(MZ) =   0.11800
          kl =   1.00000
          kv =   1.00000
         k2v =   1.00000
         kth =   1.00000
         kbh =   1.00000
        cHsq =   0.00000
       chdup =   0.00000
         cHw =   0.00000
          cH =   0.00000
         cHb =   0.00000
        cHwb =   0.00000
      cHq1st =   0.00000
      cHq3st =   0.00000
      cHq1rd =   0.00000
      cHq3rd =  -8.00000
       cHdst =   0.00000
       cHust =   0.00000
       cHdrd =   0.00000
       cHurd =   0.00000
         cth =   0.00000
         cbh =   0.00000
 --------------

  mH       = 125.0000      GeV
  fact_scale 1.0
  ren_scale  1.0
  Kqq      =   0.25784917160578508            +-    2.4327795756124012E-004
  Kgq      =   -8.1221018879549980E-002       +-    1.4376863780430371E-004
  K_nlo    =    1.1766281527262352            +-    2.8258376784817918E-004
  Kqq2     =    5.7789823061518739E-002       +-    2.1116920852383173E-004
  Kgq2     =   -4.2199649731905070E-002       +-    1.5164984318603216E-004
  Kqqs     =    2.0546268676154265E-003       +-    3.6646403914875108E-006
  Kgg      =    1.7484596297469900E-003       +-    2.9656916540432980E-006
  Kgghhz   =    6.5601243436785805E-002       +-    5.6330782721664260E-004
  K_nnlo   =    1.1960214125532114            +-    3.8401291688482185E-004
  K_nnlo2  =    1.2616226559899972            +-    6.8174894832183201E-004
  sig_LO   = (  0.30171490227210895            +-    1.7884929184822741E-004 ) fb
  sig_NLO  = (  0.35500624811040810            +-    1.9813200503530679E-004 ) fb
  sig_NNLO = (  0.36085748360384179            +-    2.1309896642366164E-004 ) fb
  sig_HHZ  = (  0.38065035635630046            +-    2.7257478914431178E-004 ) fb

  pp ---> HHZ + X
  ===============

  PDFSET = PDF4LHC21_40                                NSET =   5
  Sqrt(S)  = 14.0 TeV
  LOOP     = 3
  alphaS(MZ) =   0.11800
          kl =   1.00000
          kv =   1.00000
         k2v =   1.00000
         kth =   1.00000
         kbh =   1.00000
        cHsq =   0.00000
       chdup =   0.00000
         cHw =   0.00000
          cH =   0.00000
         cHb =   0.00000
        cHwb =   0.00000
      cHq1st =   0.00000
      cHq3st =   0.00000
      cHq1rd =   0.00000
      cHq3rd =  -8.00000
       cHdst =   0.00000
       cHust =   0.00000
       cHdrd =   0.00000
       cHurd =   0.00000
         cth =   0.00000
         cbh =   0.00000
 --------------

  mH       = 125.0000      GeV
  fact_scale 1.0
  ren_scale  1.0
  Kqq      =   0.25744615517782166            +-    2.4352949450606523E-004
  Kgq      =   -8.0321032621949576E-002       +-    1.4188643543088103E-004
  K_nlo    =    1.1771251225558719            +-    2.8184814218593177E-004
  Kqq2     =    5.7630749309860979E-002       +-    2.1155214020750305E-004
  Kgq2     =   -4.1735588430417622E-002       +-    1.4957181035551054E-004
  Kqqs     =    2.0381576047981747E-003       +-    3.6330292803400563E-006
  Kgg      =    1.7139207271615095E-003       +-    2.9004878129241378E-006
  Kgghhz   =    6.4117939913068384E-002       +-    5.5223544065895940E-004
  K_nnlo   =    1.1967723617672748            +-    3.8286553966682059E-004
  K_nnlo2  =    1.2608903016803432            +-    6.7197470442283830E-004
  sig_LO   = (  0.30507809171726341            +-    1.8114652767049416E-004 ) fb
  sig_NLO  = (  0.35911508610179527            +-    2.0051833819320562E-004 ) fb
  sig_NNLO = (  0.36510902834792269            +-    2.1553935323219951E-004 ) fb
  sig_HHZ  = (  0.38467000710144378            +-    2.7357086160234996E-004 ) fb

  pp ---> HHZ + X
  ===============

  PDFSET = PDF4LHC21_40                                NSET =   6
  Sqrt(S)  = 14.0 TeV
  LOOP     = 3
  alphaS(MZ) =   0.11800
          kl =   1.00000
          kv =   1.00000
         k2v =   1.00000
         kth =   1.00000
         kbh =   1.00000
        cHsq =   0.00000
       chdup =   0.00000
         cHw =   0.00000
          cH =   0.00000
         cHb =   0.00000
        cHwb =   0.00000
      cHq1st =   0.00000
      cHq3st =   0.00000
      cHq1rd =   0.00000
      cHq3rd =  -8.00000
       cHdst =   0.00000
       cHust =   0.00000
       cHdrd =   0.00000
       cHurd =   0.00000
         cth =   0.00000
         cbh =   0.00000
 --------------

  mH       = 125.0000      GeV
  fact_scale 1.0
  ren_scale  1.0
  Kqq      =   0.25744499471161680            +-    2.4273970358407859E-004
  Kgq      =   -8.0539683429586853E-002       +-    1.4222769830845336E-004
  K_nlo    =    1.1769053112820300            +-    2.8133837609221885E-004
  Kqq2     =    5.7632499655526602E-002       +-    2.1088856143571072E-004
  Kgq2     =   -4.1851125307865340E-002       +-    1.5003399575410015E-004
  Kqqs     =    2.0402473592235335E-003       +-    3.6279792704215825E-006
  Kgg      =    1.7282636779913660E-003       +-    2.9274828062095183E-006
  Kgghhz   =    6.4779565902380667E-002       +-    5.5648763231124052E-004
  K_nnlo   =    1.1964551966669064            +-    3.8230511306774190E-004
  K_nnlo2  =    1.2612347625692870            +-    6.7515604447646721E-004
  sig_LO   = (  0.30546661035628292            +-    1.8061035163409480E-004 ) fb
  sig_NLO  = (  0.35950527614762773            +-    2.0001423289013726E-004 ) fb
  sig_NNLO = (  0.36547711336899974            +-    2.1507674324133539E-004 ) fb
  sig_HHZ  = (  0.38526510778555140            +-    2.7414240546139304E-004 ) fb

  pp ---> HHZ + X
  ===============

  PDFSET = PDF4LHC21_40                                NSET =   7
  Sqrt(S)  = 14.0 TeV
  LOOP     = 3
  alphaS(MZ) =   0.11800
          kl =   1.00000
          kv =   1.00000
         k2v =   1.00000
         kth =   1.00000
         kbh =   1.00000
        cHsq =   0.00000
       chdup =   0.00000
         cHw =   0.00000
          cH =   0.00000
         cHb =   0.00000
        cHwb =   0.00000
      cHq1st =   0.00000
      cHq3st =   0.00000
      cHq1rd =   0.00000
      cHq3rd =  -8.00000
       cHdst =   0.00000
       cHust =   0.00000
       cHdrd =   0.00000
       cHurd =   0.00000
         cth =   0.00000
         cbh =   0.00000
 --------------

  mH       = 125.0000      GeV
  fact_scale 1.0
  ren_scale  1.0
  Kqq      =   0.25748011532921816            +-    2.4399361172374592E-004
  Kgq      =   -8.0304968224221895E-002       +-    1.4196602668141867E-004
  K_nlo    =    1.1771751471049963            +-    2.8228927590984989E-004
  Kqq2     =    5.7643084593083142E-002       +-    2.1161978565316895E-004
  Kgq2     =   -4.1728540220051138E-002       +-    1.4968794859126868E-004
  Kqqs     =    2.0378234723872793E-003       +-    3.6364742183773368E-006
  Kgg      =    1.7139001160312640E-003       +-    2.8965207113177640E-006
  Kgghhz   =    6.4136624696628064E-002       +-    5.5183096041703887E-004
  K_nnlo   =    1.1968414150664468            +-    3.8327309415615759E-004
  K_nnlo2  =    1.2609780397630748            +-    6.7187474545396205E-004
  sig_LO   = (  0.30527758200548044            +-    1.8166226225125470E-004 ) fb
  sig_NLO  = (  0.35936518250515903            +-    2.0106611293915124E-004 ) fb
  sig_NNLO = (  0.36536885323550250            +-    2.1608163612673754E-004 ) fb
  sig_HHZ  = (  0.38494832694088210            +-    2.7399012995499793E-004 ) fb

  pp ---> HHZ + X
  ===============

  PDFSET = PDF4LHC21_40                                NSET =   8
  Sqrt(S)  = 14.0 TeV
  LOOP     = 3
  alphaS(MZ) =   0.11800
          kl =   1.00000
          kv =   1.00000
         k2v =   1.00000
         kth =   1.00000
         kbh =   1.00000
        cHsq =   0.00000
       chdup =   0.00000
         cHw =   0.00000
          cH =   0.00000
         cHb =   0.00000
        cHwb =   0.00000
      cHq1st =   0.00000
      cHq3st =   0.00000
      cHq1rd =   0.00000
      cHq3rd =  -8.00000
       cHdst =   0.00000
       cHust =   0.00000
       cHdrd =   0.00000
       cHurd =   0.00000
         cth =   0.00000
         cbh =   0.00000
 --------------

  mH       = 125.0000      GeV
  fact_scale 1.0
  ren_scale  1.0
  Kqq      =   0.25718973045130011            +-    2.4332101728959590E-004
  Kgq      =   -8.0225696835460228E-002       +-    1.4228212343015594E-004
  K_nlo    =    1.1769640336158400            +-    2.8186755773348227E-004
  Kqq2     =    5.7526495070744629E-002       +-    2.1120914288386920E-004
  Kgq2     =   -4.1673665113512413E-002       +-    1.5004952159644217E-004
  Kqqs     =    2.0439232917427107E-003       +-    3.6442794420377046E-006
  Kgg      =    1.7213619428043012E-003       +-    2.9272758301834196E-006
  Kgghhz   =    6.4741864302671703E-002       +-    5.5504519500548777E-004
  K_nnlo   =    1.1965821488076192            +-    3.8287769690612097E-004
  K_nnlo2  =    1.2613240131102907            +-    6.7429259174843037E-004
  sig_LO   = (  0.30582532404775092            +-    1.8154373350830370E-004 ) fb
  sig_NLO  = (  0.35994540697311223            +-    2.0097002978400303E-004 ) fb
  sig_NNLO = (  0.36594512340884422            +-    2.1603023111392176E-004 ) fb
  sig_HHZ  = (  0.38574482503866431            +-    2.7474181130406094E-004 ) fb

  pp ---> HHZ + X
  ===============

  PDFSET = PDF4LHC21_40                                NSET =   9
  Sqrt(S)  = 14.0 TeV
  LOOP     = 3
  alphaS(MZ) =   0.11800
          kl =   1.00000
          kv =   1.00000
         k2v =   1.00000
         kth =   1.00000
         kbh =   1.00000
        cHsq =   0.00000
       chdup =   0.00000
         cHw =   0.00000
          cH =   0.00000
         cHb =   0.00000
        cHwb =   0.00000
      cHq1st =   0.00000
      cHq3st =   0.00000
      cHq1rd =   0.00000
      cHq3rd =  -8.00000
       cHdst =   0.00000
       cHust =   0.00000
       cHdrd =   0.00000
       cHurd =   0.00000
         cth =   0.00000
         cbh =   0.00000
 --------------

  mH       = 125.0000      GeV
  fact_scale 1.0
  ren_scale  1.0
  Kqq      =   0.25741714753199557            +-    2.4232917648407868E-004
  Kgq      =   -8.0452800427983764E-002       +-    1.4204172166745293E-004
  K_nlo    =    1.1769643471040117            +-    2.8089015730300325E-004
  Kqq2     =    5.7618083593514863E-002       +-    2.1050790826173830E-004
  Kgq2     =   -4.1803811989093331E-002       +-    1.4985881180319273E-004
  Kqqs     =    2.0426566086832027E-003       +-    3.6329255849641133E-006
  Kgg      =    1.7201647194992284E-003       +-    2.9102735975838066E-006
  Kgghhz   =    6.4464541129526778E-002       +-    5.5361367527303497E-004
  K_nnlo   =    1.1965414400366159            +-    3.8169646478088023E-004
  K_nnlo2  =    1.2610059811661427            +-    6.7244352378139467E-004
  sig_LO   = (  0.30673627336415271            +-    1.8097918712313248E-004 ) fb
  sig_NLO  = (  0.36101765771315764            +-    2.0044169708284372E-004 ) fb
  sig_NNLO = (  0.36702266224260827            +-    2.1554866728453208E-004 ) fb
  sig_HHZ  = (  0.38679627535280947            +-    2.7440447756149768E-004 ) fb

  pp ---> HHZ + X
  ===============

  PDFSET = PDF4LHC21_40                                NSET =  10
  Sqrt(S)  = 14.0 TeV
  LOOP     = 3
  alphaS(MZ) =   0.11800
          kl =   1.00000
          kv =   1.00000
         k2v =   1.00000
         kth =   1.00000
         kbh =   1.00000
        cHsq =   0.00000
       chdup =   0.00000
         cHw =   0.00000
          cH =   0.00000
         cHb =   0.00000
        cHwb =   0.00000
      cHq1st =   0.00000
      cHq3st =   0.00000
      cHq1rd =   0.00000
      cHq3rd =  -8.00000
       cHdst =   0.00000
       cHust =   0.00000
       cHdrd =   0.00000
       cHurd =   0.00000
         cth =   0.00000
         cbh =   0.00000
 --------------

  mH       = 125.0000      GeV
  fact_scale 1.0
  ren_scale  1.0
  Kqq      =   0.25732582581491331            +-    2.4339775503220447E-004
  Kgq      =   -8.0205643016643374E-002       +-    1.4197827464442720E-004
  K_nlo    =    1.1771201827982700            +-    2.8178058418870064E-004
  Kqq2     =    5.7581887652645380E-002       +-    2.1127818808949444E-004
  Kgq2     =   -4.1679031132080262E-002       +-    1.4974587305444063E-004
  Kqqs     =    2.0392436572811219E-003       +-    3.6393729775283054E-006
  Kgg      =    1.7137600745440991E-003       +-    2.9076477880753741E-006
  Kgghhz   =    6.4287171807509466E-002       +-    5.5189300366620246E-004
  K_nnlo   =    1.1967760430506602            +-    3.8273266954399240E-004
  K_nnlo2  =    1.2610632148581697            +-    6.7161758749453089E-004
  sig_LO   = (  0.30510986888450220            +-    1.8120305609826059E-004 ) fb
  sig_NLO  = (  0.35915098463488138            +-    2.0056441008797142E-004 ) fb
  sig_NNLO = (  0.36514818157930035            +-    2.1557149244432058E-004 ) fb
  sig_HHZ  = (  0.38476283214044504            +-    2.7354266133055297E-004 ) fb

  pp ---> HHZ + X
  ===============

  PDFSET = PDF4LHC21_40                                NSET =  11
  Sqrt(S)  = 14.0 TeV
  LOOP     = 3
  alphaS(MZ) =   0.11800
          kl =   1.00000
          kv =   1.00000
         k2v =   1.00000
         kth =   1.00000
         kbh =   1.00000
        cHsq =   0.00000
       chdup =   0.00000
         cHw =   0.00000
          cH =   0.00000
         cHb =   0.00000
        cHwb =   0.00000
      cHq1st =   0.00000
      cHq3st =   0.00000
      cHq1rd =   0.00000
      cHq3rd =  -8.00000
       cHdst =   0.00000
       cHust =   0.00000
       cHdrd =   0.00000
       cHurd =   0.00000
         cth =   0.00000
         cbh =   0.00000
 --------------

  mH       = 125.0000      GeV
  fact_scale 1.0
  ren_scale  1.0
  Kqq      =   0.25727468955702404            +-    2.4316545608061291E-004
  Kgq      =   -8.0397248232729021E-002       +-    1.4216373419067888E-004
  K_nlo    =    1.1768774413242951            +-    2.8167351020273539E-004
  Kqq2     =    5.7560237745504846E-002       +-    2.1113194986004881E-004
  Kgq2     =   -4.1776350332960434E-002       +-    1.4994834206745618E-004
  Kqqs     =    2.0382427447527825E-003       +-    3.6362080300867033E-006
  Kgg      =    1.7214456059586433E-003       +-    2.9130725697224946E-006
  Kgghhz   =    6.4510272029259103E-002       +-    5.5414237805762251E-004
  K_nnlo   =    1.1964210170875509            +-    3.8265242700269132E-004
  K_nnlo2  =    1.2609312891168101            +-    6.7342160275002101E-004
  sig_LO   = (  0.30568551411527478            +-    1.8132269528814272E-004 ) fb
  sig_NLO  = (  0.35975438570188623            +-    2.0072801141651639E-004 ) fb
  sig_NNLO = (  0.36572857370672790            +-    2.1577814012766825E-004 ) fb
  sig_HHZ  = (  0.38544842937770818            +-    2.7432516303224234E-004 ) fb

  pp ---> HHZ + X
  ===============

  PDFSET = PDF4LHC21_40                                NSET =  12
  Sqrt(S)  = 14.0 TeV
  LOOP     = 3
  alphaS(MZ) =   0.11800
          kl =   1.00000
          kv =   1.00000
         k2v =   1.00000
         kth =   1.00000
         kbh =   1.00000
        cHsq =   0.00000
       chdup =   0.00000
         cHw =   0.00000
          cH =   0.00000
         cHb =   0.00000
        cHwb =   0.00000
      cHq1st =   0.00000
      cHq3st =   0.00000
      cHq1rd =   0.00000
      cHq3rd =  -8.00000
       cHdst =   0.00000
       cHust =   0.00000
       cHdrd =   0.00000
       cHurd =   0.00000
         cth =   0.00000
         cbh =   0.00000
 --------------

  mH       = 125.0000      GeV
  fact_scale 1.0
  ren_scale  1.0
  Kqq      =   0.25719319814273600            +-    2.4261378016728026E-004
  Kgq      =   -8.0310897419618152E-002       +-    1.4201267038345392E-004
  K_nlo    =    1.1768823007231179            +-    2.8112105021946851E-004
  Kqq2     =    5.7526532402098922E-002       +-    2.1055701557241499E-004
  Kgq2     =   -4.1728289992736485E-002       +-    1.4984144494170284E-004
  Kqqs     =    2.0386167229408908E-003       +-    3.6332822463551399E-006
  Kgg      =    1.7187070422530740E-003       +-    2.9077348300691827E-006
  Kgghhz   =    6.4432275442352194E-002       +-    5.5305244638569518E-004
  K_nnlo   =    1.1964378668976743            +-    3.8188665329806978E-004
  K_nnlo2  =    1.2608701423400266            +-    6.7208959553053814E-004
  sig_LO   = (  0.30743618863938998            +-    1.8195857503218129E-004 ) fb
  sig_NLO  = (  0.36181620901147177            +-    2.0144108830958690E-004 ) fb
  sig_NNLO = (  0.36782829774286280            +-    2.1654800747986777E-004 ) fb
  sig_HHZ  = (  0.38763711093022291            +-    2.7532285532838716E-004 ) fb

  pp ---> HHZ + X
  ===============

  PDFSET = PDF4LHC21_40                                NSET =  13
  Sqrt(S)  = 14.0 TeV
  LOOP     = 3
  alphaS(MZ) =   0.11800
          kl =   1.00000
          kv =   1.00000
         k2v =   1.00000
         kth =   1.00000
         kbh =   1.00000
        cHsq =   0.00000
       chdup =   0.00000
         cHw =   0.00000
          cH =   0.00000
         cHb =   0.00000
        cHwb =   0.00000
      cHq1st =   0.00000
      cHq3st =   0.00000
      cHq1rd =   0.00000
      cHq3rd =  -8.00000
       cHdst =   0.00000
       cHust =   0.00000
       cHdrd =   0.00000
       cHurd =   0.00000
         cth =   0.00000
         cbh =   0.00000
 --------------

  mH       = 125.0000      GeV
  fact_scale 1.0
  ren_scale  1.0
  Kqq      =   0.25731385169310428            +-    2.4292818532341276E-004
  Kgq      =   -8.0255284299126858E-002       +-    1.4183178632596414E-004
  K_nlo    =    1.1770585673939775            +-    2.8130118882958947E-004
  Kqq2     =    5.7573381496644621E-002       +-    2.1099930163469264E-004
  Kgq2     =   -4.1701703002870912E-002       +-    1.4957210207771062E-004
  Kqqs     =    2.0353957498263609E-003       +-    3.6287262666830125E-006
  Kgg      =    1.7166436142786636E-003       +-    2.9031095435965697E-006
  Kgghhz   =    6.4296975907541590E-002       +-    5.5270319568822895E-004
  K_nnlo   =    1.1966822852518559            +-    3.8215765535516108E-004
  K_nnlo2  =    1.2609792611593975            +-    6.7195632006145664E-004
  sig_LO   = (  0.30519568575058942            +-    1.8083640712853938E-004 ) fb
  sig_NLO  = (  0.35923319664441128            +-    2.0018080942271125E-004 ) fb
  sig_NNLO = (  0.36522227067302265            +-    2.1518604036734084E-004 ) fb
  sig_HHZ  = (  0.38484543032681395            +-    2.7342066840472563E-004 ) fb

  pp ---> HHZ + X
  ===============

  PDFSET = PDF4LHC21_40                                NSET =  14
  Sqrt(S)  = 14.0 TeV
  LOOP     = 3
  alphaS(MZ) =   0.11800
          kl =   1.00000
          kv =   1.00000
         k2v =   1.00000
         kth =   1.00000
         kbh =   1.00000
        cHsq =   0.00000
       chdup =   0.00000
         cHw =   0.00000
          cH =   0.00000
         cHb =   0.00000
        cHwb =   0.00000
      cHq1st =   0.00000
      cHq3st =   0.00000
      cHq1rd =   0.00000
      cHq3rd =  -8.00000
       cHdst =   0.00000
       cHust =   0.00000
       cHdrd =   0.00000
       cHurd =   0.00000
         cth =   0.00000
         cbh =   0.00000
 --------------

  mH       = 125.0000      GeV
  fact_scale 1.0
  ren_scale  1.0
  Kqq      =   0.25743444336174781            +-    2.4349968962632484E-004
  Kgq      =   -8.0348928238297354E-002       +-    1.4201740642760395E-004
  K_nlo    =    1.1770855151234503            +-    2.8188835126081351E-004
  Kqq2     =    5.7626525595716994E-002       +-    2.1149905232338570E-004
  Kgq2     =   -4.1751832308004388E-002       +-    1.4978065702789337E-004
  Kqqs     =    2.0391087141056895E-003       +-    3.6367938146464893E-006
  Kgg      =    1.7160793044428578E-003       +-    2.9008590634895294E-006
  Kgghhz   =    6.4256303550382407E-002       +-    5.5242017747412369E-004
  K_nnlo   =    1.1967153964297113            +-    3.8294748749991025E-004
  K_nnlo2  =    1.2609716999800937            +-    6.7217321477654570E-004
  sig_LO   = (  0.30569427979527652            +-    1.8153285339946111E-004 ) fb
  sig_NLO  = (  0.35982830880311523            +-    2.0094708569915652E-004 ) fb
  sig_NNLO = (  0.36582905123149950            +-    2.1600545702626231E-004 ) fb
  sig_HHZ  = (  0.38547183566764032            +-    2.7418242936686410E-004 ) fb

  pp ---> HHZ + X
  ===============

  PDFSET = PDF4LHC21_40                                NSET =  15
  Sqrt(S)  = 14.0 TeV
  LOOP     = 3
  alphaS(MZ) =   0.11800
          kl =   1.00000
          kv =   1.00000
         k2v =   1.00000
         kth =   1.00000
         kbh =   1.00000
        cHsq =   0.00000
       chdup =   0.00000
         cHw =   0.00000
          cH =   0.00000
         cHb =   0.00000
        cHwb =   0.00000
      cHq1st =   0.00000
      cHq3st =   0.00000
      cHq1rd =   0.00000
      cHq3rd =  -8.00000
       cHdst =   0.00000
       cHust =   0.00000
       cHdrd =   0.00000
       cHurd =   0.00000
         cth =   0.00000
         cbh =   0.00000
 --------------

  mH       = 125.0000      GeV
  fact_scale 1.0
  ren_scale  1.0
  Kqq      =   0.25744612448653542            +-    2.4307165527050390E-004
  Kgq      =   -8.0221374455747008E-002       +-    1.4162914030332410E-004
  K_nlo    =    1.1772247500307884            +-    2.8132302248305480E-004
  Kqq2     =    5.7631997964681901E-002       +-    2.1109163113293986E-004
  Kgq2     =   -4.1694882107871305E-002       +-    1.4937114616335378E-004
  Kqqs     =    2.0369666431552316E-003       +-    3.6305517573860529E-006
  Kgg      =    1.7105026556232319E-003       +-    2.8890773605001569E-006
  Kgghhz   =    6.4025708812437895E-002       +-    5.5026797270153098E-004
  K_nnlo   =    1.1969093351863775            +-    3.8214602797043238E-004
  K_nnlo2  =    1.2609350439988154            +-    6.6994807893942896E-004
  sig_LO   = (  0.30524846458797089            +-    1.8084880711621948E-004 ) fb
  sig_NLO  = (  0.35934604742185600            +-    2.0020123728956737E-004 ) fb
  sig_NNLO = (  0.36535473681665076            +-    2.1520546961643577E-004 ) fb
  sig_HHZ  = (  0.38489848612580396            +-    2.7299596264004504E-004 ) fb

  pp ---> HHZ + X
  ===============

  PDFSET = PDF4LHC21_40                                NSET =  16
  Sqrt(S)  = 14.0 TeV
  LOOP     = 3
  alphaS(MZ) =   0.11800
          kl =   1.00000
          kv =   1.00000
         k2v =   1.00000
         kth =   1.00000
         kbh =   1.00000
        cHsq =   0.00000
       chdup =   0.00000
         cHw =   0.00000
          cH =   0.00000
         cHb =   0.00000
        cHwb =   0.00000
      cHq1st =   0.00000
      cHq3st =   0.00000
      cHq1rd =   0.00000
      cHq3rd =  -8.00000
       cHdst =   0.00000
       cHust =   0.00000
       cHdrd =   0.00000
       cHurd =   0.00000
         cth =   0.00000
         cbh =   0.00000
 --------------

  mH       = 125.0000      GeV
  fact_scale 1.0
  ren_scale  1.0
  Kqq      =   0.25719583462523216            +-    2.4328204761265123E-004
  Kgq      =   -8.0313699153676657E-002       +-    1.4212377014534655E-004
  K_nlo    =    1.1768821354715555            +-    2.8175400747980784E-004
  Kqq2     =    5.7530069655687348E-002       +-    2.1120014726393310E-004
  Kgq2     =   -4.1730075464991780E-002       +-    1.4989820858586357E-004
  Kqqs     =    2.0308261561900165E-003       +-    3.6253956575475419E-006
  Kgg      =    1.7275756675411741E-003       +-    2.9273223812778718E-006
  Kgghhz   =    6.4778874070831452E-002       +-    5.5639000660862665E-004
  K_nnlo   =    1.1964405314859823            +-    3.8272968082249300E-004
  K_nnlo2  =    1.2612194055568138            +-    6.7531610971191482E-004
  sig_LO   = (  0.30542141022489522            +-    1.8129845123054353E-004 ) fb
  sig_NLO  = (  0.35944500148420866            +-    2.0068474976124193E-004 ) fb
  sig_NNLO = (  0.36541855437667181            +-    2.1571578055415406E-004 ) fb
  sig_HHZ  = (  0.38520340944816606            +-    2.7461002415624862E-004 ) fb

  pp ---> HHZ + X
  ===============

  PDFSET = PDF4LHC21_40                                NSET =  17
  Sqrt(S)  = 14.0 TeV
  LOOP     = 3
  alphaS(MZ) =   0.11800
          kl =   1.00000
          kv =   1.00000
         k2v =   1.00000
         kth =   1.00000
         kbh =   1.00000
        cHsq =   0.00000
       chdup =   0.00000
         cHw =   0.00000
          cH =   0.00000
         cHb =   0.00000
        cHwb =   0.00000
      cHq1st =   0.00000
      cHq3st =   0.00000
      cHq1rd =   0.00000
      cHq3rd =  -8.00000
       cHdst =   0.00000
       cHust =   0.00000
       cHdrd =   0.00000
       cHurd =   0.00000
         cth =   0.00000
         cbh =   0.00000
 --------------

  mH       = 125.0000      GeV
  fact_scale 1.0
  ren_scale  1.0
  Kqq      =   0.25745170776235238            +-    2.4288016138997523E-004
  Kgq      =   -8.0083427507330815E-002       +-    1.4143300310887405E-004
  K_nlo    =    1.1773682802550216            +-    2.8105883221349792E-004
  Kqq2     =    5.7629340426073171E-002       +-    2.1098687793605892E-004
  Kgq2     =   -4.1611850855477708E-002       +-    1.4916736219699190E-004
  Kqqs     =    2.0356626493692621E-003       +-    3.6219297941594513E-006
  Kgg      =    1.7089737494441609E-003       +-    2.8893793268070479E-006
  Kgghhz   =    6.4006908221218684E-002       +-    5.5008419744266546E-004
  K_nnlo   =    1.1971304062244306            +-    3.8181395817800742E-004
  K_nnlo2  =    1.2611373144456492            +-    6.6960773810918479E-004
  sig_LO   = (  0.30735297478111667            +-    1.8190818201107564E-004 ) fb
  sig_NLO  = (  0.36186764334930838            +-    2.0137732858920476E-004 ) fb
  sig_NNLO = (  0.36794159155400535            +-    2.1647632160450069E-004 ) fb
  sig_HHZ  = (  0.38761430520233880            +-    2.7467556790930931E-004 ) fb

  pp ---> HHZ + X
  ===============

  PDFSET = PDF4LHC21_40                                NSET =  18
  Sqrt(S)  = 14.0 TeV
  LOOP     = 3
  alphaS(MZ) =   0.11800
          kl =   1.00000
          kv =   1.00000
         k2v =   1.00000
         kth =   1.00000
         kbh =   1.00000
        cHsq =   0.00000
       chdup =   0.00000
         cHw =   0.00000
          cH =   0.00000
         cHb =   0.00000
        cHwb =   0.00000
      cHq1st =   0.00000
      cHq3st =   0.00000
      cHq1rd =   0.00000
      cHq3rd =  -8.00000
       cHdst =   0.00000
       cHust =   0.00000
       cHdrd =   0.00000
       cHurd =   0.00000
         cth =   0.00000
         cbh =   0.00000
 --------------

  mH       = 125.0000      GeV
  fact_scale 1.0
  ren_scale  1.0
  Kqq      =   0.25739503206311964            +-    2.4300898475335150E-004
  Kgq      =   -8.0137666176627459E-002       +-    1.4144887352444897E-004
  K_nlo    =    1.1772573658864920            +-    2.8117814725221832E-004
  Kqq2     =    5.7608693637934465E-002       +-    2.1106125622757758E-004
  Kgq2     =   -4.1642997740701189E-002       +-    1.4915555702917077E-004
  Kqqs     =    2.0381093569172139E-003       +-    3.6304445146222477E-006
  Kgg      =    1.7065155089110026E-003       +-    2.8821488072906573E-006
  Kgghhz   =    6.3871983728755577E-002       +-    5.4910513262315880E-004
  K_nnlo   =    1.1969676866495538            +-    3.8193830846663794E-004
  K_nnlo2  =    1.2608396703783094            +-    6.6887466549978816E-004
  sig_LO   = (  0.30688118428872113            +-    1.8173237816727867E-004 ) fb
  sig_NLO  = (  0.36127813465586700            +-    2.0117734720191387E-004 ) fb
  sig_NNLO = (  0.36732686123434588            +-    2.1625162764762044E-004 ) fb
  sig_HHZ  = (  0.38692797124389633            +-    2.7415396735443827E-004 ) fb

  pp ---> HHZ + X
  ===============

  PDFSET = PDF4LHC21_40                                NSET =  19
  Sqrt(S)  = 14.0 TeV
  LOOP     = 3
  alphaS(MZ) =   0.11800
          kl =   1.00000
          kv =   1.00000
         k2v =   1.00000
         kth =   1.00000
         kbh =   1.00000
        cHsq =   0.00000
       chdup =   0.00000
         cHw =   0.00000
          cH =   0.00000
         cHb =   0.00000
        cHwb =   0.00000
      cHq1st =   0.00000
      cHq3st =   0.00000
      cHq1rd =   0.00000
      cHq3rd =  -8.00000
       cHdst =   0.00000
       cHust =   0.00000
       cHdrd =   0.00000
       cHurd =   0.00000
         cth =   0.00000
         cbh =   0.00000
 --------------

  mH       = 125.0000      GeV
  fact_scale 1.0
  ren_scale  1.0
  Kqq      =   0.25750357222404585            +-    2.4313543022176802E-004
  Kgq      =   -8.0676285618721061E-002       +-    1.4272385306458266E-004
  K_nlo    =    1.1768272866053247            +-    2.8193072848259164E-004
  Kqq2     =    5.7652506834449398E-002       +-    2.1118475789912234E-004
  Kgq2     =   -4.1918806086721404E-002       +-    1.5056763907175504E-004
  Kqqs     =    2.0421027790441630E-003       +-    3.6426729669148996E-006
  Kgg      =    1.7329378430628378E-003       +-    2.9356731400499259E-006
  Kgghhz   =    6.4970879942713736E-002       +-    5.5810795679282440E-004
  K_nnlo   =    1.1963360279751596            +-    3.8311413287740650E-004
  K_nnlo2  =    1.2613069079178734            +-    6.7694972505044138E-004
  sig_LO   = (  0.30411381110615976            +-    1.8030509240941496E-004 ) fb
  sig_NLO  = (  0.35788943114326627            +-    1.9965246636031813E-004 ) fb
  sig_NNLO = (  0.36382230883113120            +-    2.1467318447045768E-004 ) fb
  sig_HHZ  = (  0.38358085074143061            +-    2.7366454787879383E-004 ) fb

  pp ---> HHZ + X
  ===============

  PDFSET = PDF4LHC21_40                                NSET =  20
  Sqrt(S)  = 14.0 TeV
  LOOP     = 3
  alphaS(MZ) =   0.11800
          kl =   1.00000
          kv =   1.00000
         k2v =   1.00000
         kth =   1.00000
         kbh =   1.00000
        cHsq =   0.00000
       chdup =   0.00000
         cHw =   0.00000
          cH =   0.00000
         cHb =   0.00000
        cHwb =   0.00000
      cHq1st =   0.00000
      cHq3st =   0.00000
      cHq1rd =   0.00000
      cHq3rd =  -8.00000
       cHdst =   0.00000
       cHust =   0.00000
       cHdrd =   0.00000
       cHurd =   0.00000
         cth =   0.00000
         cbh =   0.00000
 --------------

  mH       = 125.0000      GeV
  fact_scale 1.0
  ren_scale  1.0
  Kqq      =   0.25733411926511496            +-    2.4319348338353451E-004
  Kgq      =   -8.0417091602933852E-002       +-    1.4216054141588745E-004
  K_nlo    =    1.1769170276621810            +-    2.8169609492478896E-004
  Kqq2     =    5.7585333358371599E-002       +-    2.1118801315838672E-004
  Kgq2     =   -4.1784442596766037E-002       +-    1.4993660812536873E-004
  Kqqs     =    2.0397003660011653E-003       +-    3.6348036710796810E-006
  Kgg      =    1.7210701904258182E-003       +-    2.9115792115270132E-006
  Kgghhz   =    6.4488515304092983E-002       +-    5.5394396788154855E-004
  K_nnlo   =    1.1964786889802135            +-    3.8269536493800826E-004
  K_nnlo2  =    1.2609672042843065            +-    6.7328275033405496E-004
  sig_LO   = (  0.30643152396935786            +-    1.8170550458780873E-004 ) fb
  sig_NLO  = (  0.36064447837200903            +-    2.0116692101034976E-004 ) fb
  sig_NNLO = (  0.36663878806106615            +-    2.1626170592041057E-004 ) fb
  sig_HHZ  = (  0.38640010208422060            +-    2.7492325123507322E-004 ) fb

  pp ---> HHZ + X
  ===============

  PDFSET = PDF4LHC21_40                                NSET =  21
  Sqrt(S)  = 14.0 TeV
  LOOP     = 3
  alphaS(MZ) =   0.11800
          kl =   1.00000
          kv =   1.00000
         k2v =   1.00000
         kth =   1.00000
         kbh =   1.00000
        cHsq =   0.00000
       chdup =   0.00000
         cHw =   0.00000
          cH =   0.00000
         cHb =   0.00000
        cHwb =   0.00000
      cHq1st =   0.00000
      cHq3st =   0.00000
      cHq1rd =   0.00000
      cHq3rd =  -8.00000
       cHdst =   0.00000
       cHust =   0.00000
       cHdrd =   0.00000
       cHurd =   0.00000
         cth =   0.00000
         cbh =   0.00000
 --------------

  mH       = 125.0000      GeV
  fact_scale 1.0
  ren_scale  1.0
  Kqq      =   0.25756500836533164            +-    2.4335669589027530E-004
  Kgq      =   -8.0882414074619213E-002       +-    1.4296626099417811E-004
  K_nlo    =    1.1766825942907124            +-    2.8224427933491833E-004
  Kqq2     =    5.7687940613910423E-002       +-    2.1131427122488138E-004
  Kgq2     =   -4.2026646095605205E-002       +-    1.5077700366054357E-004
  Kqqs     =    2.0506047337373419E-003       +-    3.6549893985509340E-006
  Kgg      =    1.7323337673482292E-003       +-    2.9313379510994865E-006
  Kgghhz   =    6.4906307565774174E-002       +-    5.5777235471187521E-004
  K_nnlo   =    1.1961268273101033            +-    3.8349864532111292E-004
  K_nnlo2  =    1.2610331348758774            +-    6.7689084101054189E-004
  sig_LO   = (  0.30370510946930940            +-    1.8014260476456354E-004 ) fb
  sig_NLO  = (  0.35736451610969178            +-    1.9949714312007412E-004 ) fb
  sig_NNLO = (  0.36326982902739258            +-    2.1451511594611588E-004 ) fb
  sig_HHZ  = (  0.38298220627190471            +-    2.7333591745551524E-004 ) fb

  pp ---> HHZ + X
  ===============

  PDFSET = PDF4LHC21_40                                NSET =  22
  Sqrt(S)  = 14.0 TeV
  LOOP     = 3
  alphaS(MZ) =   0.11800
          kl =   1.00000
          kv =   1.00000
         k2v =   1.00000
         kth =   1.00000
         kbh =   1.00000
        cHsq =   0.00000
       chdup =   0.00000
         cHw =   0.00000
          cH =   0.00000
         cHb =   0.00000
        cHwb =   0.00000
      cHq1st =   0.00000
      cHq3st =   0.00000
      cHq1rd =   0.00000
      cHq3rd =  -8.00000
       cHdst =   0.00000
       cHust =   0.00000
       cHdrd =   0.00000
       cHurd =   0.00000
         cth =   0.00000
         cbh =   0.00000
 --------------

  mH       = 125.0000      GeV
  fact_scale 1.0
  ren_scale  1.0
  Kqq      =   0.25735996221099483            +-    2.4313072675745604E-004
  Kgq      =   -8.0569383826075827E-002       +-    1.4257744086327049E-004
  K_nlo    =    1.1767905783849189            +-    2.8185258014914132E-004
  Kqq2     =    5.7595250581635220E-002       +-    2.1108211355397424E-004
  Kgq2     =   -4.1861925548350637E-002       +-    1.5038392191851112E-004
  Kqqs     =    2.0385405964791483E-003       +-    3.6353137613305796E-006
  Kgg      =    1.7336618901758086E-003       +-    2.9434110083671703E-006
  Kgghhz   =    6.5060676871408152E-002       +-    5.5876212860096806E-004
  K_nnlo   =    1.1962961059048585            +-    3.8292785057402308E-004
  K_nnlo2  =    1.2613567827762666            +-    6.7738383144560371E-004
  sig_LO   = (  0.30470754074994283            +-    1.8067156896552295E-004 ) fb
  sig_NLO  = (  0.35857696311737147            +-    2.0004508976854228E-004 ) fb
  sig_NNLO = (  0.36452044443900256            +-    2.1507364422747088E-004 ) fb
  sig_HHZ  = (  0.38434492328801600            +-    2.7430787652527169E-004 ) fb

  pp ---> HHZ + X
  ===============

  PDFSET = PDF4LHC21_40                                NSET =  23
  Sqrt(S)  = 14.0 TeV
  LOOP     = 3
  alphaS(MZ) =   0.11800
          kl =   1.00000
          kv =   1.00000
         k2v =   1.00000
         kth =   1.00000
         kbh =   1.00000
        cHsq =   0.00000
       chdup =   0.00000
         cHw =   0.00000
          cH =   0.00000
         cHb =   0.00000
        cHwb =   0.00000
      cHq1st =   0.00000
      cHq3st =   0.00000
      cHq1rd =   0.00000
      cHq3rd =  -8.00000
       cHdst =   0.00000
       cHust =   0.00000
       cHdrd =   0.00000
       cHurd =   0.00000
         cth =   0.00000
         cbh =   0.00000
 --------------

  mH       = 125.0000      GeV
  fact_scale 1.0
  ren_scale  1.0
  Kqq      =   0.25743979919826138            +-    2.4301149573683720E-004
  Kgq      =   -8.0516955171027665E-002       +-    1.4232582546590090E-004
  K_nlo    =    1.1769228440272337            +-    2.8162249138661655E-004
  Kqq2     =    5.7626779698361455E-002       +-    2.1102959632594891E-004
  Kgq2     =   -4.1835924767897777E-002       +-    1.5011648294111160E-004
  Kqqs     =    2.0426494545224862E-003       +-    3.6396278611175288E-006
  Kgg      =    1.7233781169278769E-003       +-    2.9158381657299861E-006
  Kgghhz   =    6.4580446534389047E-002       +-    5.5475372651253173E-004
  K_nnlo   =    1.1964797265291476            +-    3.8262439236682634E-004
  K_nnlo2  =    1.2610601730635367            +-    6.7390883857805571E-004
  sig_LO   = (  0.30542702564503604            +-    1.8091045007372482E-004 ) fb
  sig_NLO  = (  0.35946404366493467            +-    2.0031772711647360E-004 ) fb
  sig_NNLO = (  0.36543724411838369            +-    2.1537350285372089E-004 ) fb
  sig_HHZ  = (  0.38516185781821038            +-    2.7403388179192141E-004 ) fb

  pp ---> HHZ + X
  ===============

  PDFSET = PDF4LHC21_40                                NSET =  24
  Sqrt(S)  = 14.0 TeV
  LOOP     = 3
  alphaS(MZ) =   0.11800
          kl =   1.00000
          kv =   1.00000
         k2v =   1.00000
         kth =   1.00000
         kbh =   1.00000
        cHsq =   0.00000
       chdup =   0.00000
         cHw =   0.00000
          cH =   0.00000
         cHb =   0.00000
        cHwb =   0.00000
      cHq1st =   0.00000
      cHq3st =   0.00000
      cHq1rd =   0.00000
      cHq3rd =  -8.00000
       cHdst =   0.00000
       cHust =   0.00000
       cHdrd =   0.00000
       cHurd =   0.00000
         cth =   0.00000
         cbh =   0.00000
 --------------

  mH       = 125.0000      GeV
  fact_scale 1.0
  ren_scale  1.0
  Kqq      =   0.25724216355682988            +-    2.4285719664773200E-004
  Kgq      =   -8.0367064959954757E-002       +-    1.4211388043501382E-004
  K_nlo    =    1.1768750985968750            +-    2.8138225419505861E-004
  Kqq2     =    5.7548348228289824E-002       +-    2.1088064145902141E-004
  Kgq2     =   -4.1757516894487305E-002       +-    1.4992351381676384E-004
  Kqqs     =    2.0389284424104483E-003       +-    3.6328063548142453E-006
  Kgg      =    1.7200949766106124E-003       +-    2.9109117509779389E-006
  Kgghhz   =    6.4464070589631578E-002       +-    5.5384679349870238E-004
  K_nnlo   =    1.1964249533496987            +-    3.8228961351632331E-004
  K_nnlo2  =    1.2608890239393302            +-    6.7297222771170440E-004
  sig_LO   = (  0.30625912787002146            +-    1.8146338930774691E-004 ) fb
  sig_NLO  = (  0.36042874130822450            +-    2.0088614835829267E-004 ) fb
  sig_NNLO = (  0.36641606277480987            +-    2.1595512028610588E-004 ) fb
  sig_HHZ  = (  0.38615877281254196            +-    2.7460475982408870E-004 ) fb

  pp ---> HHZ + X
  ===============

  PDFSET = PDF4LHC21_40                                NSET =  25
  Sqrt(S)  = 14.0 TeV
  LOOP     = 3
  alphaS(MZ) =   0.11800
          kl =   1.00000
          kv =   1.00000
         k2v =   1.00000
         kth =   1.00000
         kbh =   1.00000
        cHsq =   0.00000
       chdup =   0.00000
         cHw =   0.00000
          cH =   0.00000
         cHb =   0.00000
        cHwb =   0.00000
      cHq1st =   0.00000
      cHq3st =   0.00000
      cHq1rd =   0.00000
      cHq3rd =  -8.00000
       cHdst =   0.00000
       cHust =   0.00000
       cHdrd =   0.00000
       cHurd =   0.00000
         cth =   0.00000
         cbh =   0.00000
 --------------

  mH       = 125.0000      GeV
  fact_scale 1.0
  ren_scale  1.0
  Kqq      =   0.25737315530676436            +-    2.4330466708453758E-004
  Kgq      =   -8.0632248247470104E-002       +-    1.4268500806317500E-004
  K_nlo    =    1.1767409070592942            +-    2.8205703776205618E-004
  Kqq2     =    5.7602047691461565E-002       +-    2.1116097609453517E-004
  Kgq2     =   -4.1896213916874599E-002       +-    1.5050208003948283E-004
  Kqqs     =    2.0414365572168931E-003       +-    3.6395897494813293E-006
  Kgg      =    1.7321434745433786E-003       +-    2.9334594315840642E-006
  Kgghhz   =    6.4938536505479455E-002       +-    5.5768983681903593E-004
  K_nnlo   =    1.1962203208656417            +-    3.8316818535767683E-004
  K_nnlo2  =    1.2611588573711212            +-    6.7663565702787045E-004
  sig_LO   = (  0.30506882134276692            +-    1.8108404345828813E-004 ) fb
  sig_NLO  = (  0.35898696154239734            +-    2.0048811429303304E-004 ) fb
  sig_NNLO = (  0.36492952335274770            +-    2.1553497702111511E-004 ) fb
  sig_HHZ  = (  0.38474024614419855            +-    2.7459211536858848E-004 ) fb

  pp ---> HHZ + X
  ===============

  PDFSET = PDF4LHC21_40                                NSET =  26
  Sqrt(S)  = 14.0 TeV
  LOOP     = 3
  alphaS(MZ) =   0.11800
          kl =   1.00000
          kv =   1.00000
         k2v =   1.00000
         kth =   1.00000
         kbh =   1.00000
        cHsq =   0.00000
       chdup =   0.00000
         cHw =   0.00000
          cH =   0.00000
         cHb =   0.00000
        cHwb =   0.00000
      cHq1st =   0.00000
      cHq3st =   0.00000
      cHq1rd =   0.00000
      cHq3rd =  -8.00000
       cHdst =   0.00000
       cHust =   0.00000
       cHdrd =   0.00000
       cHurd =   0.00000
         cth =   0.00000
         cbh =   0.00000
 --------------

  mH       = 125.0000      GeV
  fact_scale 1.0
  ren_scale  1.0
  Kqq      =   0.25734050308091411            +-    2.4179459738651104E-004
  Kgq      =   -8.0419640297035855E-002       +-    1.4159998922524345E-004
  K_nlo    =    1.1769208627838783            +-    2.8020561071094563E-004
  Kqq2     =    5.7591370049793700E-002       +-    2.1003736257549252E-004
  Kgq2     =   -4.1784105107542928E-002       +-    1.4929087870573106E-004
  Kqqs     =    2.0430725307397776E-003       +-    3.6206013081807854E-006
  Kgg      =    1.7183663362452274E-003       +-    2.9055997705641006E-006
  Kgghhz   =    6.4381270311690497E-002       +-    5.5299863538531334E-004
  K_nnlo   =    1.1964895665931141            +-    3.8071012027545543E-004
  K_nnlo2  =    1.2608708369048047            +-    6.7137745450541488E-004
  sig_LO   = (  0.30616130195457530            +-    1.7989261355310333E-004 ) fb
  sig_NLO  = (  0.36032762364741427            +-    1.9930116160201959E-004 ) fb
  sig_NNLO = (  0.36631880348321333            +-    2.1435317673533904E-004 ) fb
  sig_HHZ  = (  0.38602985702332993            +-    2.7315210208163067E-004 ) fb

  pp ---> HHZ + X
  ===============

  PDFSET = PDF4LHC21_40                                NSET =  27
  Sqrt(S)  = 14.0 TeV
  LOOP     = 3
  alphaS(MZ) =   0.11800
          kl =   1.00000
          kv =   1.00000
         k2v =   1.00000
         kth =   1.00000
         kbh =   1.00000
        cHsq =   0.00000
       chdup =   0.00000
         cHw =   0.00000
          cH =   0.00000
         cHb =   0.00000
        cHwb =   0.00000
      cHq1st =   0.00000
      cHq3st =   0.00000
      cHq1rd =   0.00000
      cHq3rd =  -8.00000
       cHdst =   0.00000
       cHust =   0.00000
       cHdrd =   0.00000
       cHurd =   0.00000
         cth =   0.00000
         cbh =   0.00000
 --------------

  mH       = 125.0000      GeV
  fact_scale 1.0
  ren_scale  1.0
  Kqq      =   0.25740506553209525            +-    2.4311471341633957E-004
  Kgq      =   -8.0479883390446094E-002       +-    1.4225356437567855E-004
  K_nlo    =    1.1769251821416491            +-    2.8167506183028384E-004
  Kqq2     =    5.7613614373735203E-002       +-    2.1103054299969674E-004
  Kgq2     =   -4.1818762092649661E-002       +-    1.5003197281000235E-004
  Kqqs     =    2.0399078985627642E-003       +-    3.6373734248610779E-006
  Kgg      =    1.7242349150765469E-003       +-    2.9176285626907823E-006
  Kgghhz   =    6.4604215365210771E-002       +-    5.5512681817092497E-004
  K_nnlo   =    1.1964841772363739            +-    3.8263045676339470E-004
  K_nnlo2  =    1.2610883926015846            +-    6.7421943808788193E-004
  sig_LO   = (  0.30522115753918089            +-    1.8095169371317560E-004 ) fb
  sig_NLO  = (  0.35922246643028549            +-    2.0033697757795564E-004 ) fb
  sig_NNLO = (  0.36519228555340061            +-    2.1536642732937681E-004 ) fb
  sig_HHZ  = (  0.38491085894908078            +-    2.7402811647178588E-004 ) fb

  pp ---> HHZ + X
  ===============

  PDFSET = PDF4LHC21_40                                NSET =  28
  Sqrt(S)  = 14.0 TeV
  LOOP     = 3
  alphaS(MZ) =   0.11800
          kl =   1.00000
          kv =   1.00000
         k2v =   1.00000
         kth =   1.00000
         kbh =   1.00000
        cHsq =   0.00000
       chdup =   0.00000
         cHw =   0.00000
          cH =   0.00000
         cHb =   0.00000
        cHwb =   0.00000
      cHq1st =   0.00000
      cHq3st =   0.00000
      cHq1rd =   0.00000
      cHq3rd =  -8.00000
       cHdst =   0.00000
       cHust =   0.00000
       cHdrd =   0.00000
       cHurd =   0.00000
         cth =   0.00000
         cbh =   0.00000
 --------------

  mH       = 125.0000      GeV
  fact_scale 1.0
  ren_scale  1.0
  Kqq      =   0.25741156206280258            +-    2.4328617167894816E-004
  Kgq      =   -8.0366715663984803E-002       +-    1.4203720104952040E-004
  K_nlo    =    1.1770448463988177            +-    2.8171391128622048E-004
  Kqq2     =    5.7617799393963373E-002       +-    2.1127025496570044E-004
  Kgq2     =   -4.1759752918135669E-002       +-    1.4978352915359720E-004
  Kqqs     =    2.0435974181231267E-003       +-    3.6414743047253196E-006
  Kgg      =    1.7132031684718228E-003       +-    2.8956980849262317E-006
  Kgghhz   =    6.4155452223961407E-002       +-    5.5136069599663747E-004
  K_nnlo   =    1.1966596934612403            +-    3.8269387172212480E-004
  K_nnlo2  =    1.2608151456852017            +-    6.7115811590382087E-004
  sig_LO   = (  0.30609791710594869            +-    1.8157915310850915E-004 ) fb
  sig_NLO  = (  0.36029097582296943            +-    2.0101480994875868E-004 ) fb
  sig_NNLO = (  0.36629503965312876            +-    2.1608606954976058E-004 ) fb
  sig_HHZ  = (  0.38593288994987357            +-    2.7418355909283740E-004 ) fb

  pp ---> HHZ + X
  ===============

  PDFSET = PDF4LHC21_40                                NSET =  29
  Sqrt(S)  = 14.0 TeV
  LOOP     = 3
  alphaS(MZ) =   0.11800
          kl =   1.00000
          kv =   1.00000
         k2v =   1.00000
         kth =   1.00000
         kbh =   1.00000
        cHsq =   0.00000
       chdup =   0.00000
         cHw =   0.00000
          cH =   0.00000
         cHb =   0.00000
        cHwb =   0.00000
      cHq1st =   0.00000
      cHq3st =   0.00000
      cHq1rd =   0.00000
      cHq3rd =  -8.00000
       cHdst =   0.00000
       cHust =   0.00000
       cHdrd =   0.00000
       cHurd =   0.00000
         cth =   0.00000
         cbh =   0.00000
 --------------

  mH       = 125.0000      GeV
  fact_scale 1.0
  ren_scale  1.0
  Kqq      =   0.25746731570115383            +-    2.4328873388364196E-004
  Kgq      =   -8.0404491017679575E-002       +-    1.4205613180107973E-004
  K_nlo    =    1.1770628246834742            +-    2.8172566907719163E-004
  Kqq2     =    5.7638759348069515E-002       +-    2.1120188346456650E-004
  Kgq2     =   -4.1780439151699329E-002       +-    1.4983734841464118E-004
  Kqqs     =    2.0447364978226469E-003       +-    3.6423211108834320E-006
  Kgg      =    1.7152527732842361E-003       +-    2.9000336258285347E-006
  Kgghhz   =    6.4253442735688351E-002       +-    5.5192522156864438E-004
  K_nnlo   =    1.1966811341509513            +-    3.8268589714543689E-004
  K_nnlo2  =    1.2609345768866398            +-    6.7161741049321007E-004
  sig_LO   = (  0.30631039446161445            +-    1.8166857188840082E-004 ) fb
  sig_NLO  = (  0.36054657813489710            +-    2.0112280694791450E-004 ) fb
  sig_NNLO = (  0.36655587024655001            +-    2.1620396630037169E-004 ) fb
  sig_HHZ  = (  0.38623736763643546            +-    2.7445506886245849E-004 ) fb

  pp ---> HHZ + X
  ===============

  PDFSET = PDF4LHC21_40                                NSET =  30
  Sqrt(S)  = 14.0 TeV
  LOOP     = 3
  alphaS(MZ) =   0.11800
          kl =   1.00000
          kv =   1.00000
         k2v =   1.00000
         kth =   1.00000
         kbh =   1.00000
        cHsq =   0.00000
       chdup =   0.00000
         cHw =   0.00000
          cH =   0.00000
         cHb =   0.00000
        cHwb =   0.00000
      cHq1st =   0.00000
      cHq3st =   0.00000
      cHq1rd =   0.00000
      cHq3rd =  -8.00000
       cHdst =   0.00000
       cHust =   0.00000
       cHdrd =   0.00000
       cHurd =   0.00000
         cth =   0.00000
         cbh =   0.00000
 --------------

  mH       = 125.0000      GeV
  fact_scale 1.0
  ren_scale  1.0
  Kqq      =   0.25741965540281747            +-    2.4317029881106722E-004
  Kgq      =   -8.0477565090174563E-002       +-    1.4211810258042988E-004
  K_nlo    =    1.1769420903126429            +-    2.8165466320465086E-004
  Kqq2     =    5.7619042471475888E-002       +-    2.1119945505451544E-004
  Kgq2     =   -4.1816326742718471E-002       +-    1.4988745044059522E-004
  Kqqs     =    2.0386231012448244E-003       +-    3.6326184228261077E-006
  Kgg      =    1.7212809043558835E-003       +-    2.9048392461354211E-006
  Kgghhz   =    6.4404141141685439E-002       +-    5.5382128499878317E-004
  K_nnlo   =    1.1965047100470010            +-    3.8265185342225015E-004
  K_nnlo2  =    1.2609088511886863            +-    6.7315708170172781E-004
  sig_LO   = (  0.30572876006793592            +-    1.8126545727700522E-004 ) fb
  sig_NLO  = (  0.35982504594304898            +-    2.0067906270926188E-004 ) fb
  sig_NNLO = (  0.36580590141811486            +-    2.1573892207451748E-004 ) fb
  sig_HHZ  = (  0.38549609963260267            +-    2.7424849744140268E-004 ) fb

  pp ---> HHZ + X
  ===============

  PDFSET = PDF4LHC21_40                                NSET =  31
  Sqrt(S)  = 14.0 TeV
  LOOP     = 3
  alphaS(MZ) =   0.11800
          kl =   1.00000
          kv =   1.00000
         k2v =   1.00000
         kth =   1.00000
         kbh =   1.00000
        cHsq =   0.00000
       chdup =   0.00000
         cHw =   0.00000
          cH =   0.00000
         cHb =   0.00000
        cHwb =   0.00000
      cHq1st =   0.00000
      cHq3st =   0.00000
      cHq1rd =   0.00000
      cHq3rd =  -8.00000
       cHdst =   0.00000
       cHust =   0.00000
       cHdrd =   0.00000
       cHurd =   0.00000
         cth =   0.00000
         cbh =   0.00000
 --------------

  mH       = 125.0000      GeV
  fact_scale 1.0
  ren_scale  1.0
  Kqq      =   0.25738248440597911            +-    2.4399158143418833E-004
  Kgq      =   -8.0379891401763909E-002       +-    1.4226258374367440E-004
  K_nlo    =    1.1770025930042152            +-    2.8243677972987534E-004
  Kqq2     =    5.7605330752347882E-002       +-    2.1173382045872185E-004
  Kgq2     =   -4.1765785413818882E-002       +-    1.5001559862583508E-004
  Kqqs     =    2.0377172619547067E-003       +-    3.6403722174709040E-006
  Kgg      =    1.7195935550888793E-003       +-    2.9075284452356381E-006
  Kgghhz   =    6.4389932661335414E-002       +-    5.5369344676302096E-004
  K_nnlo   =    1.1965994491597878            +-    3.8357284983799050E-004
  K_nnlo2  =    1.2609893818211231            +-    6.7357595274857604E-004
  sig_LO   = (  0.30477000779414132            +-    1.8159832979086543E-004 ) fb
  sig_NLO  = (  0.35871508944361918            +-    2.0096621644357618E-004 ) fb
  sig_NNLO = (  0.36468762344689371            +-    2.1597202176839176E-004 ) fb
  sig_HHZ  = (  0.38431174372595311            +-    2.7408063022823327E-004 ) fb

  pp ---> HHZ + X
  ===============

  PDFSET = PDF4LHC21_40                                NSET =  32
  Sqrt(S)  = 14.0 TeV
  LOOP     = 3
  alphaS(MZ) =   0.11800
          kl =   1.00000
          kv =   1.00000
         k2v =   1.00000
         kth =   1.00000
         kbh =   1.00000
        cHsq =   0.00000
       chdup =   0.00000
         cHw =   0.00000
          cH =   0.00000
         cHb =   0.00000
        cHwb =   0.00000
      cHq1st =   0.00000
      cHq3st =   0.00000
      cHq1rd =   0.00000
      cHq3rd =  -8.00000
       cHdst =   0.00000
       cHust =   0.00000
       cHdrd =   0.00000
       cHurd =   0.00000
         cth =   0.00000
         cbh =   0.00000
 --------------

  mH       = 125.0000      GeV
  fact_scale 1.0
  ren_scale  1.0
  Kqq      =   0.25736105743796467            +-    2.4324879643007022E-004
  Kgq      =   -8.0445345754278114E-002       +-    1.4229914681763360E-004
  K_nlo    =    1.1769157116836864            +-    2.8181381114080302E-004
  Kqq2     =    5.7596497050160192E-002       +-    2.1120686904243537E-004
  Kgq2     =   -4.1797540157659373E-002       +-    1.5008012432549242E-004
  Kqqs     =    2.0416740015652230E-003       +-    3.6409949703644267E-006
  Kgg      =    1.7202254942220501E-003       +-    2.9106390697833160E-006
  Kgghhz   =    6.4458956479517465E-002       +-    5.5384381672241283E-004
  K_nnlo   =    1.1964765680719744            +-    3.8284871432739154E-004
  K_nnlo2  =    1.2609355245514919            +-    6.7328753989940010E-004
  sig_LO   = (  0.30596113269343062            +-    1.8157599435608394E-004 ) fb
  sig_NLO  = (  0.36009046423143576            +-    2.0100853829596374E-004 ) fb
  sig_NNLO = (  0.36607532600844994            +-    2.1608072056228871E-004 ) fb
  sig_HHZ  = (  0.38579726134515968            +-    2.7460110502483981E-004 ) fb

  pp ---> HHZ + X
  ===============

  PDFSET = PDF4LHC21_40                                NSET =  33
  Sqrt(S)  = 14.0 TeV
  LOOP     = 3
  alphaS(MZ) =   0.11800
          kl =   1.00000
          kv =   1.00000
         k2v =   1.00000
         kth =   1.00000
         kbh =   1.00000
        cHsq =   0.00000
       chdup =   0.00000
         cHw =   0.00000
          cH =   0.00000
         cHb =   0.00000
        cHwb =   0.00000
      cHq1st =   0.00000
      cHq3st =   0.00000
      cHq1rd =   0.00000
      cHq3rd =  -8.00000
       cHdst =   0.00000
       cHust =   0.00000
       cHdrd =   0.00000
       cHurd =   0.00000
         cth =   0.00000
         cbh =   0.00000
 --------------

  mH       = 125.0000      GeV
  fact_scale 1.0
  ren_scale  1.0
  Kqq      =   0.25735614109794269            +-    2.4313300137057648E-004
  Kgq      =   -8.0394102012463775E-002       +-    1.4210591384671898E-004
  K_nlo    =    1.1769620390854789            +-    2.8161631186008360E-004
  Kqq2     =    5.7594755715884953E-002       +-    2.1114714808053193E-004
  Kgq2     =   -4.1773577895259241E-002       +-    1.4987006282455025E-004
  Kqqs     =    2.0393363541160244E-003       +-    3.6345954677621133E-006
  Kgg      =    1.7201676626076492E-003       +-    2.9111506978834498E-006
  Kgghhz   =    6.4449494740884697E-002       +-    5.5388141699285137E-004
  K_nnlo   =    1.1965427209228283            +-    3.8258801087050892E-004
  K_nnlo2  =    1.2609922156637130            +-    6.7317026832136725E-004
  sig_LO   = (  0.30546384994550174            +-    1.8109117429099427E-004 ) fb
  sig_NLO  = (  0.35951935569875848            +-    2.0048459703837860E-004 ) fb
  sig_NNLO = (  0.36550054615735317            +-    2.1552694477608401E-004 ) fb
  sig_HHZ  = (  0.38518753694794616            +-    2.7400250697080537E-004 ) fb

  pp ---> HHZ + X
  ===============

  PDFSET = PDF4LHC21_40                                NSET =  34
  Sqrt(S)  = 14.0 TeV
  LOOP     = 3
  alphaS(MZ) =   0.11800
          kl =   1.00000
          kv =   1.00000
         k2v =   1.00000
         kth =   1.00000
         kbh =   1.00000
        cHsq =   0.00000
       chdup =   0.00000
         cHw =   0.00000
          cH =   0.00000
         cHb =   0.00000
        cHwb =   0.00000
      cHq1st =   0.00000
      cHq3st =   0.00000
      cHq1rd =   0.00000
      cHq3rd =  -8.00000
       cHdst =   0.00000
       cHust =   0.00000
       cHdrd =   0.00000
       cHurd =   0.00000
         cth =   0.00000
         cbh =   0.00000
 --------------

  mH       = 125.0000      GeV
  fact_scale 1.0
  ren_scale  1.0
  Kqq      =   0.25726110402998564            +-    2.4196035772606106E-004
  Kgq      =   -8.0456747430644418E-002       +-    1.4203187670961222E-004
  K_nlo    =    1.1768043565993414            +-    2.8056704851528436E-004
  Kqq2     =    5.7555237349071191E-002       +-    2.0987859962258307E-004
  Kgq2     =   -4.1804961058004513E-002       +-    1.4982692485070146E-004
  Kqqs     =    2.0407093984652980E-003       +-    3.6275772170135615E-006
  Kgg      =    1.7253247551167865E-003       +-    2.9209737179230151E-006
  Kgghhz   =    6.4708532613650727E-002       +-    5.5521300750866463E-004
  K_nnlo   =    1.1963206670439901            +-    3.8109932315114178E-004
  K_nnlo2  =    1.2610291996576408            +-    6.7342273336521308E-004
  sig_LO   = (  0.30658000060518109            +-    1.8049716672171475E-004 ) fb
  sig_NLO  = (  0.36078468035840577            +-    1.9994504683516607E-004 ) fb
  sig_NNLO = (  0.36676799082633710            +-    2.1501212154750101E-004 ) fb
  sig_HHZ  = (  0.38660633279419054            +-    2.7423367592353782E-004 ) fb

  pp ---> HHZ + X
  ===============

  PDFSET = PDF4LHC21_40                                NSET =  35
  Sqrt(S)  = 14.0 TeV
  LOOP     = 3
  alphaS(MZ) =   0.11800
          kl =   1.00000
          kv =   1.00000
         k2v =   1.00000
         kth =   1.00000
         kbh =   1.00000
        cHsq =   0.00000
       chdup =   0.00000
         cHw =   0.00000
          cH =   0.00000
         cHb =   0.00000
        cHwb =   0.00000
      cHq1st =   0.00000
      cHq3st =   0.00000
      cHq1rd =   0.00000
      cHq3rd =  -8.00000
       cHdst =   0.00000
       cHust =   0.00000
       cHdrd =   0.00000
       cHurd =   0.00000
         cth =   0.00000
         cbh =   0.00000
 --------------

  mH       = 125.0000      GeV
  fact_scale 1.0
  ren_scale  1.0
  Kqq      =   0.25733566156688170            +-    2.4334093642961556E-004
  Kgq      =   -8.0401351663007950E-002       +-    1.4216092361164177E-004
  K_nlo    =    1.1769343099038736            +-    2.8182359650064304E-004
  Kqq2     =    5.7587199610588211E-002       +-    2.1125504927034733E-004
  Kgq2     =   -4.1775562927616625E-002       +-    1.4993318164416167E-004
  Kqqs     =    2.0380470347083780E-003       +-    3.6343319383823927E-006
  Kgg      =    1.7225595436342457E-003       +-    2.9139755767954358E-006
  Kgghhz   =    6.4549580510724375E-002       +-    5.5446340164860299E-004
  K_nnlo   =    1.1965065531651877            +-    3.8282488681774048E-004
  K_nnlo2  =    1.2610561336759121            +-    6.7378376185149775E-004
  sig_LO   = (  0.30565338030333444            +-    1.8140492050984698E-004 ) fb
  sig_NLO  = (  0.35973395021709120            +-    2.0081808306339317E-004 ) fb
  sig_NNLO = (  0.36571627253003103            +-    2.1586914548183764E-004 ) fb
  sig_HHZ  = (  0.38544607001029618            +-    2.7444633986193977E-004 ) fb

  pp ---> HHZ + X
  ===============

  PDFSET = PDF4LHC21_40                                NSET =  36
  Sqrt(S)  = 14.0 TeV
  LOOP     = 3
  alphaS(MZ) =   0.11800
          kl =   1.00000
          kv =   1.00000
         k2v =   1.00000
         kth =   1.00000
         kbh =   1.00000
        cHsq =   0.00000
       chdup =   0.00000
         cHw =   0.00000
          cH =   0.00000
         cHb =   0.00000
        cHwb =   0.00000
      cHq1st =   0.00000
      cHq3st =   0.00000
      cHq1rd =   0.00000
      cHq3rd =  -8.00000
       cHdst =   0.00000
       cHust =   0.00000
       cHdrd =   0.00000
       cHurd =   0.00000
         cth =   0.00000
         cbh =   0.00000
 --------------

  mH       = 125.0000      GeV
  fact_scale 1.0
  ren_scale  1.0
  Kqq      =   0.25734569914629357            +-    2.4323259917711812E-004
  Kgq      =   -8.0582546425745138E-002       +-    1.4252281015126900E-004
  K_nlo    =    1.1767631527205484            +-    2.8191283886313384E-004
  Kqq2     =    5.7588385119715368E-002       +-    2.1114677957833003E-004
  Kgq2     =   -4.1866556044045398E-002       +-    1.5026742975094562E-004
  Kqqs     =    2.0373919692890595E-003       +-    3.6324534305436980E-006
  Kgg      =    1.7322109874221142E-003       +-    2.9341047896802440E-006
  Kgghhz   =    6.4915553807686543E-002       +-    5.5808517301487223E-004
  K_nnlo   =    1.1962545847529296            +-    3.8296202863334692E-004
  K_nnlo2  =    1.2611701385606162            +-    6.7684486827781164E-004
  sig_LO   = (  0.30524488426148300            +-    1.8109529248084219E-004 ) fb
  sig_NLO  = (  0.35920093235536166            +-    2.0050069683585713E-004 ) fb
  sig_NNLO = (  0.36515059227017643            +-    2.1554688666625263E-004 ) fb
  sig_HHZ  = (  0.38496573297897380            +-    2.7473711741340685E-004 ) fb

  pp ---> HHZ + X
  ===============

  PDFSET = PDF4LHC21_40                                NSET =  37
  Sqrt(S)  = 14.0 TeV
  LOOP     = 3
  alphaS(MZ) =   0.11800
          kl =   1.00000
          kv =   1.00000
         k2v =   1.00000
         kth =   1.00000
         kbh =   1.00000
        cHsq =   0.00000
       chdup =   0.00000
         cHw =   0.00000
          cH =   0.00000
         cHb =   0.00000
        cHwb =   0.00000
      cHq1st =   0.00000
      cHq3st =   0.00000
      cHq1rd =   0.00000
      cHq3rd =  -8.00000
       cHdst =   0.00000
       cHust =   0.00000
       cHdrd =   0.00000
       cHurd =   0.00000
         cth =   0.00000
         cbh =   0.00000
 --------------

  mH       = 125.0000      GeV
  fact_scale 1.0
  ren_scale  1.0
  Kqq      =   0.25719012921621981            +-    2.4302965671017441E-004
  Kgq      =   -8.0255678797487268E-002       +-    1.4186482237167017E-004
  K_nlo    =    1.1769344504187325            +-    2.8140547590125312E-004
  Kqq2     =    5.7527954803409165E-002       +-    2.1092817167954947E-004
  Kgq2     =   -4.1700019211366457E-002       +-    1.4962785418480551E-004
  Kqqs     =    2.0356018019430070E-003       +-    3.6280305097525886E-006
  Kgg      =    1.7176484890860052E-003       +-    2.9056491958629254E-006
  Kgghhz   =    6.4356989966643990E-002       +-    5.5293771409365474E-004
  K_nnlo   =    1.1965156363018039            +-    3.8221700070230629E-004
  K_nnlo2  =    1.2608726262684480            +-    6.7218297456346141E-004
  sig_LO   = (  0.30630515747294623            +-    1.8151865264971875E-004 ) fb
  sig_NLO  = (  0.36050109217084531            +-    2.0094467600932430E-004 ) fb
  sig_NNLO = (  0.36649891039626659            +-    2.1599904148022291E-004 ) fb
  sig_HHZ  = (  0.38621178834248432            +-    2.7448314115269447E-004 ) fb

  pp ---> HHZ + X
  ===============

  PDFSET = PDF4LHC21_40                                NSET =  38
  Sqrt(S)  = 14.0 TeV
  LOOP     = 3
  alphaS(MZ) =   0.11800
          kl =   1.00000
          kv =   1.00000
         k2v =   1.00000
         kth =   1.00000
         kbh =   1.00000
        cHsq =   0.00000
       chdup =   0.00000
         cHw =   0.00000
          cH =   0.00000
         cHb =   0.00000
        cHwb =   0.00000
      cHq1st =   0.00000
      cHq3st =   0.00000
      cHq1rd =   0.00000
      cHq3rd =  -8.00000
       cHdst =   0.00000
       cHust =   0.00000
       cHdrd =   0.00000
       cHurd =   0.00000
         cth =   0.00000
         cbh =   0.00000
 --------------

  mH       = 125.0000      GeV
  fact_scale 1.0
  ren_scale  1.0
  Kqq      =   0.25722456063045035            +-    2.4311791730571814E-004
  Kgq      =   -8.0278110328238381E-002       +-    1.4190604136596083E-004
  K_nlo    =    1.1769464503022120            +-    2.8150248008006570E-004
  Kqq2     =    5.7541728466018106E-002       +-    2.1110687235609390E-004
  Kgq2     =   -4.1710043636356581E-002       +-    1.4965276147534896E-004
  Kqqs     =    2.0372574136587759E-003       +-    3.6307908876733388E-006
  Kgg      =    1.7162799324912303E-003       +-    2.9027614643765141E-006
  Kgghhz   =    6.4298768290805067E-002       +-    5.5249238268314561E-004
  K_nnlo   =    1.1965316724780233            +-    3.8239680376669823E-004
  K_nnlo2  =    1.2608304407688284            +-    6.7191900438511639E-004
  sig_LO   = (  0.30651849955884447            +-    1.8176954320817766E-004 ) fb
  sig_NLO  = (  0.36075586000774212            +-    2.0120982067775055E-004 ) fb
  sig_NNLO = (  0.36675909292259851            +-    2.1628395264541029E-004 ) fb
  sig_HHZ  = (  0.38646785490257790            +-    2.7469597392260959E-004 ) fb

  pp ---> HHZ + X
  ===============

  PDFSET = PDF4LHC21_40                                NSET =  39
  Sqrt(S)  = 14.0 TeV
  LOOP     = 3
  alphaS(MZ) =   0.11800
          kl =   1.00000
          kv =   1.00000
         k2v =   1.00000
         kth =   1.00000
         kbh =   1.00000
        cHsq =   0.00000
       chdup =   0.00000
         cHw =   0.00000
          cH =   0.00000
         cHb =   0.00000
        cHwb =   0.00000
      cHq1st =   0.00000
      cHq3st =   0.00000
      cHq1rd =   0.00000
      cHq3rd =  -8.00000
       cHdst =   0.00000
       cHust =   0.00000
       cHdrd =   0.00000
       cHurd =   0.00000
         cth =   0.00000
         cbh =   0.00000
 --------------

  mH       = 125.0000      GeV
  fact_scale 1.0
  ren_scale  1.0
  Kqq      =   0.25722812162070752            +-    2.4322178255870727E-004
  Kgq      =   -8.0473938889699906E-002       +-    1.4241076834757067E-004
  K_nlo    =    1.1767541827310075            +-    2.8184687767009327E-004
  Kqq2     =    5.7538210351594017E-002       +-    2.1119589849140285E-004
  Kgq2     =   -4.1804997332714526E-002       +-    1.5020593414425578E-004
  Kqqs     =    2.0349964583141486E-003       +-    3.6314472667329717E-006
  Kgg      =    1.7279942029812161E-003       +-    2.9255436508667408E-006
  Kgghhz   =    6.4790289155355285E-002       +-    5.5629109444694028E-004
  K_nnlo   =    1.1962503864111824            +-    3.8291636013498321E-004
  K_nnlo2  =    1.2610406755665378            +-    6.7534044793718579E-004
  sig_LO   = (  0.30540020107940030            +-    1.8120756611978418E-004 ) fb
  sig_NLO  = (  0.35938096402707509            +-    2.0061225242949183E-004 ) fb
  sig_NNLO = (  0.36533510855128543            +-    2.1566591040279509E-004 ) fb
  sig_HHZ  = (  0.38512207588732339            +-    2.7454485392398349E-004 ) fb

  pp ---> HHZ + X
  ===============

  PDFSET = PDF4LHC21_40                                NSET =  40
  Sqrt(S)  = 14.0 TeV
  LOOP     = 3
  alphaS(MZ) =   0.11800
          kl =   1.00000
          kv =   1.00000
         k2v =   1.00000
         kth =   1.00000
         kbh =   1.00000
        cHsq =   0.00000
       chdup =   0.00000
         cHw =   0.00000
          cH =   0.00000
         cHb =   0.00000
        cHwb =   0.00000
      cHq1st =   0.00000
      cHq3st =   0.00000
      cHq1rd =   0.00000
      cHq3rd =  -8.00000
       cHdst =   0.00000
       cHust =   0.00000
       cHdrd =   0.00000
       cHurd =   0.00000
         cth =   0.00000
         cbh =   0.00000
 --------------

  mH       = 125.0000      GeV
  fact_scale 1.0
  ren_scale  1.0
  Kqq      =   0.25735080450630238            +-    2.4315901339998683E-004
  Kgq      =   -8.0405227090899672E-002       +-    1.4210914973483783E-004
  K_nlo    =    1.1769455774154027            +-    2.8164040235025505E-004
  Kqq2     =    5.7591372187830087E-002       +-    2.1105918461038778E-004
  Kgq2     =   -4.1779332698645366E-002       +-    1.4988470595710487E-004
  Kqqs     =    2.0395159119100332E-003       +-    3.6335302204988562E-006
  Kgg      =    1.7211678773306981E-003       +-    2.9112530887712723E-006
  Kgghhz   =    6.4484235189198116E-002       +-    5.5404911637969021E-004
  K_nnlo   =    1.1965183006938283            +-    3.8256293424830537E-004
  K_nnlo2  =    1.2610025358830264            +-    6.7329400860381109E-004
  sig_LO   = (  0.30561979530847316            +-    1.8126656767078426E-004 ) fb
  sig_NLO  = (  0.35969786645890811            +-    2.0066502905733717E-004 ) fb
  sig_NNLO = (  0.36567967814088992            +-    2.1570251660919728E-004 ) fb
  sig_HHZ  = (  0.38538733690003607            +-    2.7422559164210744E-004 ) fb

  pp ---> HHZ + X
  ===============

  PDFSET = PDF4LHC21_40                                NSET =  41
  Sqrt(S)  = 14.0 TeV
  LOOP     = 3
  alphaS(MZ) =   0.11700
          kl =   1.00000
          kv =   1.00000
         k2v =   1.00000
         kth =   1.00000
         kbh =   1.00000
        cHsq =   0.00000
       chdup =   0.00000
         cHw =   0.00000
          cH =   0.00000
         cHb =   0.00000
        cHwb =   0.00000
      cHq1st =   0.00000
      cHq3st =   0.00000
      cHq1rd =   0.00000
      cHq3rd =  -8.00000
       cHdst =   0.00000
       cHust =   0.00000
       cHdrd =   0.00000
       cHurd =   0.00000
         cth =   0.00000
         cbh =   0.00000
 --------------

  mH       = 125.0000      GeV
  fact_scale 1.0
  ren_scale  1.0
  Kqq      =   0.25536594488693060            +-    2.4146611384527082E-004
  Kgq      =   -7.8894878082077055E-002       +-    1.3948435957951278E-004
  K_nlo    =    1.1764710668048535            +-    2.7885797586377930E-004
  Kqq2     =    5.6719841128381736E-002       +-    2.0826151151007616E-004
  Kgq2     =   -4.0722198533891571E-002       +-    1.4613088407795547E-004
  Kqqs     =    2.0063106928846094E-003       +-    3.5778512279216005E-006
  Kgg      =    1.6599299566005816E-003       +-    2.8059659914939874E-006
  Kgghhz   =    6.1915359900271236E-002       +-    5.3292931111579623E-004
  K_nnlo   =    1.1961349500488292            +-    3.7750435444543564E-004
  K_nnlo2  =    1.2580503099491005            +-    6.5308742773967279E-004
  sig_LO   = (  0.30669895336992864            +-    1.8190344483404801E-004 ) fb
  sig_NLO  = (  0.36082244485905196            +-    2.0100613355483903E-004 ) fb
  sig_NNLO = (  0.36685333726916763            +-    2.1562447850786021E-004 ) fb
  sig_HHZ  = (  0.38584271334810327            +-    2.7057244168810413E-004 ) fb

  pp ---> HHZ + X
  ===============

  PDFSET = PDF4LHC21_40                                NSET =  42
  Sqrt(S)  = 14.0 TeV
  LOOP     = 3
  alphaS(MZ) =   0.11900
          kl =   1.00000
          kv =   1.00000
         k2v =   1.00000
         kth =   1.00000
         kbh =   1.00000
        cHsq =   0.00000
       chdup =   0.00000
         cHw =   0.00000
          cH =   0.00000
         cHb =   0.00000
        cHwb =   0.00000
      cHq1st =   0.00000
      cHq3st =   0.00000
      cHq1rd =   0.00000
      cHq3rd =  -8.00000
       cHdst =   0.00000
       cHust =   0.00000
       cHdrd =   0.00000
       cHurd =   0.00000
         cth =   0.00000
         cbh =   0.00000
 --------------

  mH       = 125.0000      GeV
  fact_scale 1.0
  ren_scale  1.0
  Kqq      =   0.25911601844412119            +-    2.4474565176217444E-004
  Kgq      =   -7.9542227000657495E-002       +-    1.4069710367147325E-004
  K_nlo    =    1.1795737914434636            +-    2.8230499293854658E-004
  Kqq2     =    5.8382502106030916E-002       +-    2.1394315378352278E-004
  Kgq2     =   -4.1605467507593030E-002       +-    1.4938661159466114E-004
  Kqqs     =    2.0682253810510995E-003       +-    3.6849129269487741E-006
  Kgg      =    1.6909169180413326E-003       +-    2.8692858239261290E-006
  Kgghhz   =    6.3169350920214626E-002       +-    5.4286935916928922E-004
  K_nnlo   =    1.2001099683409939            +-    3.8445539818947224E-004
  K_nnlo2  =    1.2632793192612086            +-    6.6521657700473798E-004
  sig_LO   = (  0.30719483784871521            +-    1.8213401995141539E-004 ) fb
  sig_NLO  = (  0.36235897959306906            +-    2.0172658949755372E-004 ) fb
  sig_NNLO = (  0.36866758712513842            +-    2.1707384045202547E-004 ) fb
  sig_HHZ  = (  0.38807288563808234            +-    2.7373741557335836E-004 ) fb

