  pp ---> HHZ + X
  ===============

  PDFSET = PDF4LHC21_40                                NSET =   0
  Sqrt(S)  = 14.0 TeV
  LOOP     = 3
  alphaS(MZ) =   0.11800
          kl =   1.00000
          kv =   1.00000
         k2v =   1.00000
         kth =   1.00000
         kbh =   1.00000
        cHsq =   0.00000
       chdup =   0.00000
         cHw =   0.00000
          cH =   0.00000
         cHb =   0.00000
        cHwb =   0.00000
      cHq1st =  -3.00000
      cHq3st =   0.00000
      cHq1rd =   0.00000
      cHq3rd =   0.00000
       cHdst =   0.00000
       cHust =   0.00000
       cHdrd =   0.00000
       cHurd =   0.00000
         cth =   0.00000
         cbh =   0.00000
 --------------

  mH       = 125.0000      GeV
  fact_scale 0.5
  ren_scale  0.5
  Kqq      =   0.14535189338006185            +-    3.6548478889990989E-003
  Kgq      =   -9.2180524068915543E-003       +-    1.4195943896610985E-003
  K_nlo    =    1.1361338409731703            +-    3.9208623187863200E-003
  Kqq2     =    3.9326618819041516E-002       +-    1.1890618128314935E-002
  Kgq2     =   -5.0938977102094433E-002       +-    1.1817655663521123E-003
  Kqqs     =    4.5607096256980312E-003       +-    3.1648520936998419E-005
  Kgg      =    1.3683467101674211E-003       +-    1.0822783043094655E-005
  Kgghhz   =    2.4122842521598492E-002       +-    6.6288889506444873E-005
  K_nnlo   =    1.1304505390259829            +-    1.2576074483383756E-002
  K_nnlo2  =    1.1545733815475814            +-    1.2576249187595165E-002
  sig_LO   = (   2.7189324494140097            +-    2.3630086175104953E-002 ) fb
  sig_NLO  = (   3.0890711670993287            +-    2.5923512640870488E-002 ) fb
  sig_NNLO = (   3.0736186530153033            +-    4.1564121663661906E-002 ) fb
  sig_HHZ  = (   3.1392070323193817            +-    4.1564512439477709E-002 ) fb

  mH       = 125.0000      GeV
  fact_scale 1.0
  ren_scale  0.5
  Kqq      =   0.12870949977551430            +-    3.3886226177532114E-003
  Kgq      =  -0.19097933749315538            +-    1.0344026001301444E-003
  K_nlo    =   0.93773016228235884            +-    3.5429863088508587E-003
  Kqq2     =    3.3335005524738941E-002       +-    1.1431423681084426E-002
  Kgq2     =   -9.1190316676976857E-002       +-    1.2175178588272346E-003
  Kqqs     =    1.6536384970625023E-003       +-    2.8501749184441139E-005
  Kgg      =    4.3362243927598096E-003       +-    9.9168579772410971E-006
  Kgghhz   =    1.7238523933028112E-002       +-    4.7447934559192568E-005
  K_nnlo   =   0.88586471401994316            +-    1.2029690760427069E-002
  K_nnlo2  =   0.90310323795297132            +-    1.2029784332979472E-002
  sig_LO   = (   3.5568461439459891            +-    2.2642873684508808E-002 ) fb
  sig_NLO  = (   3.3353619117758551            +-    2.5913443100968981E-002 ) fb
  sig_NNLO = (   3.1508844921196522            +-    4.8409627818687670E-002 ) fb
  sig_HHZ  = (   3.2121992694981638            +-    4.8409921990952662E-002 ) fb

  mH       = 125.0000      GeV
  fact_scale 0.5
  ren_scale  1.0
  Kqq      =   0.12239704207272870            +-    3.4035956012998512E-003
  Kgq      =   -7.0062308731529983E-003       +-    1.3005348427041093E-003
  K_nlo    =    1.1153908111995756            +-    3.6436045194662794E-003
  Kqq2     =    3.1597208688140171E-002       +-    6.8847322593874952E-003
  Kgq2     =   -4.2642713124877926E-002       +-    1.0014184378669966E-003
  Kqqs     =    3.7746567841579919E-003       +-    2.6809864621207144E-005
  Kgg      =    1.1487964606352551E-003       +-    9.1507243831503386E-006
  Kgghhz   =    2.0358751293407380E-002       +-    5.5957809067905608E-005
  K_nnlo   =    1.1092687600076310            +-    7.8536000388371996E-003
  K_nnlo2  =    1.1296275113010383            +-    7.8537993892395380E-003
  sig_LO   = (   2.7189324494140097            +-    2.3630086175104953E-002 ) fb
  sig_NLO  = (   3.0326722703487414            +-    2.5622723626348147E-002 ) fb
  sig_NNLO = (   3.0160268267059900            +-    3.1848846218406002E-002 ) fb
  sig_HHZ  = (   3.0713808962271849            +-    3.1849209624380301E-002 ) fb

  mH       = 125.0000      GeV
  fact_scale 1.0
  ren_scale  1.0
  Kqq      =   0.10669224523578671            +-    3.1571312166472610E-003
  Kgq      =  -0.17383440053271407            +-    9.5382415936186640E-004
  K_nlo    =   0.93285784470307276            +-    3.2980688358660716E-003
  Kqq2     =    5.1503770063520783E-002       +-    1.0166439909622429E-002
  Kgq2     =   -8.9888331492839701E-002       +-    9.8862456888530455E-004
  Kqqs     =    1.2574908386146842E-003       +-    2.4270161137664792E-005
  Kgg      =    3.6463073239922992E-003       +-    8.3825306637270979E-006
  Kgghhz   =    1.4546967753286318E-002       +-    4.0054577603252879E-005
  K_nnlo   =   0.89937708143636086            +-    1.0733675806908849E-002
  K_nnlo2  =   0.91392404918964720            +-    1.0733750541959101E-002
  sig_LO   = (   3.5568461439459891            +-    2.2642873684508808E-002 ) fb
  sig_NLO  = (   3.3180318277818905            +-    2.5501168614008574E-002 ) fb
  sig_NNLO = (   3.1989459040603179            +-    4.4387632999547844E-002 ) fb
  sig_HHZ  = (   3.2506872302197007            +-    4.4387861633840793E-002 ) fb

  mH       = 125.0000      GeV
  fact_scale 1.5
  ren_scale  1.0
  Kqq      =   0.11801136486963593            +-    3.1810427368912011E-003
  Kgq      =  -0.24346842740693736            +-    9.6003789953728435E-004
  K_nlo    =   0.87454293746269851            +-    3.3227557331943951E-003
  Kqq2     =    6.0473023487087024E-002       +-    1.1369269790003829E-002
  Kgq2     =  -0.11466858954831877            +-    1.0588331941905173E-003
  Kqqs     =    3.1409044046006446E-003       +-    2.8706673472034054E-005
  Kgg      =    5.5017425035230640E-003       +-    9.7298331421102512E-006
  Kgghhz   =    1.2529429737416976E-002       +-    3.4527591130101862E-005
  K_nnlo   =   0.82899001830959063            +-    1.1892142266902311E-002
  K_nnlo2  =   0.84151944804700762            +-    1.1892192390421276E-002
  sig_LO   = (   3.9712943231991047            +-    2.2100537735462260E-002 ) fb
  sig_NLO  = (   3.4730674029394839            +-    2.5740215793302955E-002 ) fb
  sig_NNLO = (   3.2921633537015982            +-    5.2142515395584427E-002 ) fb
  sig_HHZ  = (   3.3419214068907244            +-    5.2142695686558785E-002 ) fb

  mH       = 125.0000      GeV
  fact_scale 2.0
  ren_scale  1.0
  Kqq      =   0.13108546926423742            +-    3.2201446573875705E-003
  Kgq      =  -0.28571709234476395            +-    9.2092232691954430E-004
  K_nlo    =   0.84536837691947342            +-    3.3492431304282199E-003
  Kqq2     =    6.5446160834087982E-002       +-    1.2050321953405264E-002
  Kgq2     =  -0.13210307457433648            +-    1.1422218508399886E-003
  Kqqs     =    5.4226617627696023E-003       +-    3.3332849193422814E-005
  Kgg      =    6.9080884367166140E-003       +-    1.0257905882111203E-005
  Kgghhz   =    1.1426686196272831E-002       +-    3.1503125516802647E-005
  K_nnlo   =   0.79104221337871117            +-    1.2559202832482890E-002
  K_nnlo2  =   0.80246889957498402            +-    1.2559242343165593E-002
  sig_LO   = (   4.2364225702080702            +-    2.1727678244524554E-002 ) fb
  sig_NLO  = (   3.5813376721218209            +-    2.5950227516386658E-002 ) fb
  sig_NNLO = (   3.3511890867449208            +-    5.7471558631400292E-002 ) fb
  sig_HHZ  = (   3.3995973580494958            +-    5.7471713592352668E-002 ) fb

  mH       = 125.0000      GeV
  fact_scale 1.0
  ren_scale  1.5
  Kqq      =    9.6147023051885772E-002       +-    3.0382992184534848E-003
  Kgq      =  -0.16515738680801426            +-    9.1231329519105139E-004
  K_nlo    =   0.93098963624387143            +-    3.1723142482164993E-003
  Kqq2     =    3.3163396097069350E-002       +-    6.6537641902042347E-003
  Kgq2     =   -8.8964373964298835E-002       +-    9.0077950270727543E-004
  Kqqs     =    1.0802215177015907E-003       +-    2.2222138476426579E-005
  Kgg      =    3.3171791173427991E-003       +-    7.6465578590688904E-006
  Kgghhz   =    1.3257954229800832E-002       +-    3.6511299039713663E-005
  K_nnlo   =   0.87958605901168629            +-    7.4261774550615708E-003
  K_nnlo2  =   0.89284401324148710            +-    7.4262672096432353E-003
  sig_LO   = (   3.5568461439459891            +-    2.2642873684508808E-002 ) fb
  sig_NLO  = (   3.3113868977276932            +-    2.5298529696030841E-002 ) fb
  sig_NNLO = (   3.1285522822643657            +-    3.4790616671666469E-002 ) fb
  sig_HHZ  = (   3.1757087856432453            +-    3.4790859048492523E-002 ) fb

  mH       = 125.0000      GeV
  fact_scale 1.5
  ren_scale  1.5
  Kqq      =   0.10682081149215340            +-    3.0577967464218902E-003
  Kgq      =  -0.23156736604211814            +-    9.1869343481460299E-004
  K_nlo    =   0.87525344545003525            +-    3.1928229781182284E-003
  Kqq2     =    3.8081984125189872E-002       +-    7.5751191191416141E-003
  Kgq2     =  -0.11452660262338570            +-    1.0007765108710619E-003
  Kqqs     =    2.7706052025960022E-003       +-    2.6313592178412369E-005
  Kgg      =    5.0059357855804371E-003       +-    8.8819594607402887E-006
  Kgghhz   =    1.1419281279478655E-002       +-    3.1473736488310518E-005
  K_nnlo   =   0.80658536794001590            +-    8.2812362095180583E-003
  K_nnlo2  =   0.81800464921949456            +-    8.2812960189768345E-003
  sig_LO   = (   3.9712943231991047            +-    2.2100537735462260E-002 ) fb
  sig_NLO  = (   3.4758890392761828            +-    2.5479541456673544E-002 ) fb
  sig_NNLO = (   3.2031878928756465            +-    3.9623268732609233E-002 ) fb
  sig_HHZ  = (   3.2485372197958537            +-    3.9623465874711196E-002 ) fb

  mH       = 125.0000      GeV
  fact_scale 2.0
  ren_scale  1.5
  Kqq      =   0.11920941809567562            +-    3.0929468444429770E-003
  Kgq      =  -0.27186907990380665            +-    8.8105602669903574E-004
  K_nlo    =   0.84734033819186894            +-    3.2159881692463456E-003
  Kqq2     =    4.0943261613557679E-002       +-    8.0663879986076874E-003
  Kgq2     =  -0.13208073335446913            +-    1.0901210606815961E-003
  Kqqs     =    4.8314463992190897E-003       +-    3.0548442508815865E-005
  Kgg      =    6.2860400501966651E-003       +-    9.3632538354905093E-006
  Kgghhz   =    1.0414384201315784E-002       +-    2.8719251081012729E-005
  K_nnlo   =   0.76732035290037315            +-    8.7520614745109204E-003
  K_nnlo2  =   0.77773473710168894            +-    8.7521085944474494E-003
  sig_LO   = (   4.2364225702080702            +-    2.1727678244524554E-002 ) fb
  sig_NLO  = (   3.5896917333637735            +-    2.5645918583661619E-002 ) fb
  sig_NNLO = (   3.2506932616071631            +-    4.2974735300403057E-002 ) fb
  sig_HHZ  = (   3.2948129938924358            +-    4.2974907527186655E-002 ) fb

  mH       = 125.0000      GeV
  fact_scale 1.0
  ren_scale  2.0
  Kqq      =    8.9507152062810222E-002       +-    2.9603974532303391E-003
  Kgq      =  -0.15950792207063894            +-    8.8501634947516525E-004
  K_nlo    =   0.92999922999217122            +-    3.0898555014645954E-003
  Kqq2     =    2.9687092986295866E-002       +-    5.2454037205728037E-003
  Kgq2     =   -8.8255778616000036E-002       +-    8.6145836818021912E-004
  Kqqs     =    9.7300848804810196E-004       +-    2.0923872235567487E-005
  Kgg      =    3.1102108686777790E-003       +-    7.1823540124993120E-006
  Kgghhz   =    1.2445804178084453E-002       +-    3.4278366406659326E-005
  K_nnlo   =   0.87551376371919298            +-    6.1485012097645597E-003
  K_nnlo2  =   0.88795956789727748            +-    6.1485967612846240E-003
  sig_LO   = (   3.5568461439459891            +-    2.2642873684508808E-002 ) fb
  sig_NLO  = (   3.3078641750703937            +-    2.5169086587837165E-002 ) fb
  sig_NNLO = (   3.1140677544562512            +-    3.1479593744589529E-002 ) fb
  sig_HHZ  = (   3.1583355650553777            +-    3.1479829852016986E-002 ) fb

  mH       = 125.0000      GeV
  fact_scale 1.5
  ren_scale  2.0
  Kqq      =    9.9761200321261956E-002       +-    2.9768182285991938E-003
  Kgq      =  -0.22380863907208973            +-    8.9150725697028548E-004
  K_nlo    =   0.87595256124917231            +-    3.1074478202137400E-003
  Kqq2     =    3.2681063254505476E-002       +-    5.9572203689512142E-003
  Kgq2     =  -0.11413235177179902            +-    9.7230622227570298E-004
  Kqqs     =    2.5434804737838211E-003       +-    2.4795056710260828E-005
  Kgg      =    4.6941087997255911E-003       +-    8.3467453558580879E-006
  Kgghhz   =    1.0719762063636050E-002       +-    2.9549467222087704E-005
  K_nnlo   =   0.80173886200538813            +-    6.7890183629498099E-003
  K_nnlo2  =   0.81245862406902414            +-    6.7890826702495547E-003
  sig_LO   = (   3.9712943231991047            +-    2.2100537735462260E-002 ) fb
  sig_NLO  = (   3.4786654338805540            +-    2.5312525100860423E-002 ) fb
  sig_NNLO = (   3.1839409913701084            +-    3.4861720252871403E-002 ) fb
  sig_HHZ  = (   3.2265123215994715            +-    3.4861917760293418E-002 ) fb

  mH       = 125.0000      GeV
  fact_scale 2.0
  ren_scale  2.0
  Kqq      =   0.11170404636152473            +-    3.0092386544485952E-003
  Kgq      =  -0.26283603514651055            +-    8.5485143481686004E-004
  K_nlo    =   0.84886801121501410            +-    3.1283043737839892E-003
  Kqq2     =    3.4877202179924058E-002       +-    6.4001229294347629E-003
  Kgq2     =  -0.13167290269478121            +-    1.0577443407711346E-003
  Kqqs     =    4.4663710384781350E-003       +-    2.8782609127204710E-005
  Kgg      =    5.8947651593471003E-003       +-    8.7984338935566255E-006
  Kgghhz   =    9.7764095546714874E-003       +-    2.6964761662708589E-005
  K_nnlo   =   0.76243344689798220            +-    7.2019157665424802E-003
  K_nnlo2  =   0.77220985645265372            +-    7.2019662458765168E-003
  sig_LO   = (   4.2364225702080702            +-    2.1727678244524554E-002 ) fb
  sig_NLO  = (   3.5961636018389234            +-    2.5450524947800864E-002 ) fb
  sig_NNLO = (   3.2299902627201478            +-    3.7456294235086104E-002 ) fb
  sig_HHZ  = (   3.2714072648131558            +-    3.7456468430174222E-002 ) fb

  pp ---> HHZ + X
  ===============

  PDFSET = PDF4LHC21_40                                NSET =   1
  Sqrt(S)  = 14.0 TeV
  LOOP     = 3
  alphaS(MZ) =   0.11800
          kl =   1.00000
          kv =   1.00000
         k2v =   1.00000
         kth =   1.00000
         kbh =   1.00000
        cHsq =   0.00000
       chdup =   0.00000
         cHw =   0.00000
          cH =   0.00000
         cHb =   0.00000
        cHwb =   0.00000
      cHq1st =  -3.00000
      cHq3st =   0.00000
      cHq1rd =   0.00000
      cHq3rd =   0.00000
       cHdst =   0.00000
       cHust =   0.00000
       cHdrd =   0.00000
       cHurd =   0.00000
         cth =   0.00000
         cbh =   0.00000
 --------------

  mH       = 125.0000      GeV
  fact_scale 1.0
  ren_scale  1.0
  Kqq      =   0.11530318085421132            +-    2.9403826177427182E-003
  Kgq      =  -0.16362413893630157            +-    9.0010498517275304E-004
  K_nlo    =   0.95167904191790975            +-    3.0750673038254565E-003
  Kqq2     =    3.6285184880077710E-002       +-    7.5805144410172479E-003
  Kgq2     =   -8.4629678311642781E-002       +-    9.3290128077896939E-004
  Kqqs     =    1.1754153693045092E-003       +-    2.2854431796274231E-005
  Kgg      =    3.4292740196605023E-003       +-    7.8878354593811598E-006
  Kgghhz   =    1.3685269128433188E-002       +-    3.7653487581738934E-005
  K_nnlo   =   0.90793923787530972            +-    8.2335367525873965E-003
  K_nnlo2  =   0.92162450700374288            +-    8.2336228503213857E-003
  sig_LO   = (   3.7807035135252551            +-    2.2672293766689552E-002 ) fb
  sig_NLO  = (   3.5980162975273902            +-    2.5479302745621147E-002 ) fb
  sig_NNLO = (   3.4326490667026262            +-    3.8510001753722760E-002 ) fb
  sig_HHZ  = (   3.4843890117800322            +-    3.8510264871771782E-002 ) fb

  pp ---> HHZ + X
  ===============

  PDFSET = PDF4LHC21_40                                NSET =   2
  Sqrt(S)  = 14.0 TeV
  LOOP     = 3
  alphaS(MZ) =   0.11800
          kl =   1.00000
          kv =   1.00000
         k2v =   1.00000
         kth =   1.00000
         kbh =   1.00000
        cHsq =   0.00000
       chdup =   0.00000
         cHw =   0.00000
          cH =   0.00000
         cHb =   0.00000
        cHwb =   0.00000
      cHq1st =  -3.00000
      cHq3st =   0.00000
      cHq1rd =   0.00000
      cHq3rd =   0.00000
       cHdst =   0.00000
       cHust =   0.00000
       cHdrd =   0.00000
       cHurd =   0.00000
         cth =   0.00000
         cbh =   0.00000
 --------------

  mH       = 125.0000      GeV
  fact_scale 1.0
  ren_scale  1.0
  Kqq      =   0.10609235177227687            +-    3.1388792573261021E-003
  Kgq      =  -0.17478596498002447            +-    9.5328425428701223E-004
  K_nlo    =   0.93130638679225242            +-    3.2804441561385565E-003
  Kqq2     =    5.1780098199697859E-002       +-    1.0177028262170647E-002
  Kgq2     =   -9.0327464567497240E-002       +-    9.8876762135076488E-004
  Kqqs     =    1.2426608339728533E-003       +-    2.4373707665953779E-005
  Kgg      =    3.6598762604797977E-003       +-    8.3566459556887095E-006
  Kgghhz   =    1.4564142942727308E-002       +-    4.0093312670584537E-005
  K_nnlo   =   0.89766155751890575            +-    1.0738321257568725E-002
  K_nnlo2  =   0.91222570046163309            +-    1.0738396104841416E-002
  sig_LO   = (   3.5348499569541425            +-    2.2452441227146937E-002 ) fb
  sig_NLO  = (   3.2920283412637112            +-    2.5270071249639117E-002 ) fb
  sig_NNLO = (   3.1730989179550924            +-    4.4101573537430432E-002 ) fb
  sig_HHZ  = (   3.2245809780092660            +-    4.4101801257153919E-002 ) fb

  pp ---> HHZ + X
  ===============

  PDFSET = PDF4LHC21_40                                NSET =   3
  Sqrt(S)  = 14.0 TeV
  LOOP     = 3
  alphaS(MZ) =   0.11800
          kl =   1.00000
          kv =   1.00000
         k2v =   1.00000
         kth =   1.00000
         kbh =   1.00000
        cHsq =   0.00000
       chdup =   0.00000
         cHw =   0.00000
          cH =   0.00000
         cHb =   0.00000
        cHwb =   0.00000
      cHq1st =  -3.00000
      cHq3st =   0.00000
      cHq1rd =   0.00000
      cHq3rd =   0.00000
       cHdst =   0.00000
       cHust =   0.00000
       cHdrd =   0.00000
       cHurd =   0.00000
         cth =   0.00000
         cbh =   0.00000
 --------------

  mH       = 125.0000      GeV
  fact_scale 1.0
  ren_scale  1.0
  Kqq      =   0.11767078767339657            +-    2.8507491204427214E-003
  Kgq      =  -0.16009702583123878            +-    8.7394182456953173E-004
  K_nlo    =   0.95757376184215792            +-    2.9817016719378333E-003
  Kqq2     =    3.3529852418027487E-002       +-    6.9969566737735286E-003
  Kgq2     =   -8.2755045159688331E-002       +-    9.0648155129080012E-004
  Kqqs     =    1.1650208476817340E-003       +-    2.2243104510494707E-005
  Kgg      =    3.3420555937814867E-003       +-    7.6688703248615162E-006
  Kgghhz   =    1.3315499840520351E-002       +-    3.6728274326456501E-005
  K_nnlo   =   0.91285564554196041            +-    7.6596481593609565E-003
  K_nnlo2  =   0.92617114538248080            +-    7.6597362155192191E-003
  sig_LO   = (   3.8739578505803460            +-    2.2557651907472637E-002 ) fb
  sig_NLO  = (   3.7096003921981819            +-    2.5343104604886348E-002 ) fb
  sig_NNLO = (   3.5363642944938660            +-    3.7273901526223320E-002 ) fb
  sig_HHZ  = (   3.5879479796354512            +-    3.7274173091599777E-002 ) fb

  pp ---> HHZ + X
  ===============

  PDFSET = PDF4LHC21_40                                NSET =   4
  Sqrt(S)  = 14.0 TeV
  LOOP     = 3
  alphaS(MZ) =   0.11800
          kl =   1.00000
          kv =   1.00000
         k2v =   1.00000
         kth =   1.00000
         kbh =   1.00000
        cHsq =   0.00000
       chdup =   0.00000
         cHw =   0.00000
          cH =   0.00000
         cHb =   0.00000
        cHwb =   0.00000
      cHq1st =  -3.00000
      cHq3st =   0.00000
      cHq1rd =   0.00000
      cHq3rd =   0.00000
       cHdst =   0.00000
       cHust =   0.00000
       cHdrd =   0.00000
       cHurd =   0.00000
         cth =   0.00000
         cbh =   0.00000
 --------------

  mH       = 125.0000      GeV
  fact_scale 1.0
  ren_scale  1.0
  Kqq      =   0.11616602136770116            +-    3.0022866252928009E-003
  Kgq      =  -0.16882774979289375            +-    9.3224138699533182E-004
  K_nlo    =   0.94733827157480743            +-    3.1436919352950303E-003
  Kqq2     =    3.6641977953417976E-002       +-    7.6828953726141864E-003
  Kgq2     =   -8.7332032668044512E-002       +-    9.6574645397604834E-004
  Kqqs     =    1.2247590099821761E-003       +-    2.3624637445062900E-005
  Kgg      =    3.5680148806573764E-003       +-    8.2395602134386524E-006
  Kgghhz   =    1.4258638093598314E-002       +-    3.9264528695753662E-005
  K_nnlo   =   0.90144099075082040            +-    8.3572108097013879E-003
  K_nnlo2  =   0.91569962884441869            +-    8.3573030470961984E-003
  sig_LO   = (   3.6403402910859461            +-    2.2202271106306057E-002 ) fb
  sig_NLO  = (   3.4486336793014911            +-    2.4978159653745221E-002 ) fb
  sig_NNLO = (   3.2815519586666446            +-    3.7663049828280164E-002 ) fb
  sig_HHZ  = (   3.3334582534147836            +-    3.7663321058264150E-002 ) fb

  pp ---> HHZ + X
  ===============

  PDFSET = PDF4LHC21_40                                NSET =   5
  Sqrt(S)  = 14.0 TeV
  LOOP     = 3
  alphaS(MZ) =   0.11800
          kl =   1.00000
          kv =   1.00000
         k2v =   1.00000
         kth =   1.00000
         kbh =   1.00000
        cHsq =   0.00000
       chdup =   0.00000
         cHw =   0.00000
          cH =   0.00000
         cHb =   0.00000
        cHwb =   0.00000
      cHq1st =  -3.00000
      cHq3st =   0.00000
      cHq1rd =   0.00000
      cHq3rd =   0.00000
       cHdst =   0.00000
       cHust =   0.00000
       cHdrd =   0.00000
       cHurd =   0.00000
         cth =   0.00000
         cbh =   0.00000
 --------------

  mH       = 125.0000      GeV
  fact_scale 1.0
  ren_scale  1.0
  Kqq      =   0.11976569157383971            +-    2.7959791150576575E-003
  Kgq      =  -0.15761305532276954            +-    8.5628037877157775E-004
  K_nlo    =   0.96215263625107017            +-    2.9241606144170327E-003
  Kqq2     =    3.1577118894080401E-002       +-    6.5525184346114616E-003
  Kgq2     =   -8.1440384956385656E-002       +-    8.8877804152931927E-004
  Kqqs     =    1.1489644778205660E-003       +-    2.1832087579033012E-005
  Kgg      =    3.2767806409233205E-003       +-    7.5155009951116065E-006
  Kgghhz   =    1.3030093580106570E-002       +-    3.6060641864463317E-005
  K_nnlo   =   0.91671511530750882            +-    7.2302608988015641E-003
  K_nnlo2  =   0.92974520888761536            +-    7.2303508237588632E-003
  sig_LO   = (   3.9435162390161893            +-    2.2594085458920294E-002 ) fb
  sig_NLO  = (   3.7942645454683319            +-    2.5366663366839851E-002 ) fb
  sig_NNLO = (   3.6150809437667597            +-    3.6379444470527114E-002 ) fb
  sig_HHZ  = (   3.6664653293958107            +-    3.6379722407584351E-002 ) fb

  pp ---> HHZ + X
  ===============

  PDFSET = PDF4LHC21_40                                NSET =   6
  Sqrt(S)  = 14.0 TeV
  LOOP     = 3
  alphaS(MZ) =   0.11800
          kl =   1.00000
          kv =   1.00000
         k2v =   1.00000
         kth =   1.00000
         kbh =   1.00000
        cHsq =   0.00000
       chdup =   0.00000
         cHw =   0.00000
          cH =   0.00000
         cHb =   0.00000
        cHwb =   0.00000
      cHq1st =  -3.00000
      cHq3st =   0.00000
      cHq1rd =   0.00000
      cHq3rd =   0.00000
       cHdst =   0.00000
       cHust =   0.00000
       cHdrd =   0.00000
       cHurd =   0.00000
         cth =   0.00000
         cbh =   0.00000
 --------------

  mH       = 125.0000      GeV
  fact_scale 1.0
  ren_scale  1.0
  Kqq      =   0.11362999682598543            +-    2.9821520691276546E-003
  Kgq      =  -0.16553747586107762            +-    9.0873550097233993E-004
  K_nlo    =   0.94809252096490793            +-    3.1175360742307060E-003
  Kqq2     =    3.8769997828322279E-002       +-    8.0500601321886293E-003
  Kgq2     =   -8.5627447313983931E-002       +-    9.4199043396159428E-004
  Kqqs     =    1.2044440029553745E-003       +-    2.3056020573478465E-005
  Kgg      =    3.4902591803401377E-003       +-    8.0446412019398710E-006
  Kgghhz   =    1.3939169202319204E-002       +-    3.8360297451748534E-005
  K_nnlo   =   0.90592977466254176            +-    8.6839185613405267E-003
  K_nnlo2  =   0.91986894386486096            +-    8.6840032872181200E-003
  sig_LO   = (   3.7248245647582419            +-    2.2639262951282359E-002 ) fb
  sig_NLO  = (   3.5314783117536570            +-    2.5443685985144134E-002 ) fb
  sig_NNLO = (   3.3744294786089339            +-    3.9481700531527823E-002 ) fb
  sig_HHZ  = (   3.4263504384660539            +-    3.9481959083770966E-002 ) fb

  pp ---> HHZ + X
  ===============

  PDFSET = PDF4LHC21_40                                NSET =   7
  Sqrt(S)  = 14.0 TeV
  LOOP     = 3
  alphaS(MZ) =   0.11800
          kl =   1.00000
          kv =   1.00000
         k2v =   1.00000
         kth =   1.00000
         kbh =   1.00000
        cHsq =   0.00000
       chdup =   0.00000
         cHw =   0.00000
          cH =   0.00000
         cHb =   0.00000
        cHwb =   0.00000
      cHq1st =  -3.00000
      cHq3st =   0.00000
      cHq1rd =   0.00000
      cHq3rd =   0.00000
       cHdst =   0.00000
       cHust =   0.00000
       cHdrd =   0.00000
       cHurd =   0.00000
         cth =   0.00000
         cbh =   0.00000
 --------------

  mH       = 125.0000      GeV
  fact_scale 1.0
  ren_scale  1.0
  Kqq      =   0.12643962820615229            +-    2.6488164023444768E-003
  Kgq      =  -0.14607288376778452            +-    7.9561113242725720E-004
  K_nlo    =   0.98036674443836791            +-    2.7657233063651393E-003
  Kqq2     =    2.6640113887370163E-002       +-    4.9181172569756713E-003
  Kgq2     =   -7.5492816311071770E-002       +-    8.2525227499282078E-004
  Kqqs     =    1.0679122474590960E-003       +-    2.0284660380668966E-005
  Kgg      =    3.0389954535913239E-003       +-    6.9622793852455001E-006
  Kgghhz   =    1.2095006956288410E-002       +-    3.3387881095488566E-005
  K_nnlo   =   0.93562094971571674            +-    5.7025085724525700E-003
  K_nnlo2  =   0.94771595667200514            +-    5.7026063137392792E-003
  sig_LO   = (   4.2514100099510221            +-    2.3719359325997891E-002 ) fb
  sig_NLO  = (   4.1679409907283729            +-    2.6473832978577059E-002 ) fb
  sig_NNLO = (   3.9777082711412803            +-    3.3917032517570778E-002 ) fb
  sig_HHZ  = (   4.0291291047856719            +-    3.3917329543219285E-002 ) fb

  pp ---> HHZ + X
  ===============

  PDFSET = PDF4LHC21_40                                NSET =   8
  Sqrt(S)  = 14.0 TeV
  LOOP     = 3
  alphaS(MZ) =   0.11800
          kl =   1.00000
          kv =   1.00000
         k2v =   1.00000
         kth =   1.00000
         kbh =   1.00000
        cHsq =   0.00000
       chdup =   0.00000
         cHw =   0.00000
          cH =   0.00000
         cHb =   0.00000
        cHwb =   0.00000
      cHq1st =  -3.00000
      cHq3st =   0.00000
      cHq1rd =   0.00000
      cHq3rd =   0.00000
       cHdst =   0.00000
       cHust =   0.00000
       cHdrd =   0.00000
       cHurd =   0.00000
         cth =   0.00000
         cbh =   0.00000
 --------------

  mH       = 125.0000      GeV
  fact_scale 1.0
  ren_scale  1.0
  Kqq      =   0.10029840471154383            +-    3.2814290598824469E-003
  Kgq      =  -0.17600886242421460            +-    9.8597153872306441E-004
  K_nlo    =   0.92428954228732918            +-    3.4263561621951867E-003
  Kqq2     =    6.6590401965392398E-002       +-    1.2219191371517694E-002
  Kgq2     =   -9.1076979687249024E-002       +-    1.0196873577296198E-003
  Kqqs     =    1.2704370712329648E-003       +-    2.5073330273390378E-005
  Kgg      =    3.7584689782788907E-003       +-    8.7217273175507296E-006
  Kgghhz   =    1.5061017885537946E-002       +-    4.1385881062835582E-005
  K_nnlo   =   0.90483187061498449            +-    1.2731418670828379E-002
  K_nnlo2  =   0.91989288850052242            +-    1.2731485936962298E-002
  sig_LO   = (   3.4426274791338587            +-    2.2635171449757366E-002 ) fb
  sig_NLO  = (   3.1819845769544166            +-    2.5524277996269273E-002 ) fb
  sig_NNLO = (   3.1149990617752379            +-    4.9329289892109253E-002 ) fb
  sig_HHZ  = (   3.1668485358117175            +-    4.9329495646308480E-002 ) fb

  pp ---> HHZ + X
  ===============

  PDFSET = PDF4LHC21_40                                NSET =   9
  Sqrt(S)  = 14.0 TeV
  LOOP     = 3
  alphaS(MZ) =   0.11800
          kl =   1.00000
          kv =   1.00000
         k2v =   1.00000
         kth =   1.00000
         kbh =   1.00000
        cHsq =   0.00000
       chdup =   0.00000
         cHw =   0.00000
          cH =   0.00000
         cHb =   0.00000
        cHwb =   0.00000
      cHq1st =  -3.00000
      cHq3st =   0.00000
      cHq1rd =   0.00000
      cHq3rd =   0.00000
       cHdst =   0.00000
       cHust =   0.00000
       cHdrd =   0.00000
       cHurd =   0.00000
         cth =   0.00000
         cbh =   0.00000
 --------------

  mH       = 125.0000      GeV
  fact_scale 1.0
  ren_scale  1.0
  Kqq      =   0.11279788852925290            +-    2.9903740114491247E-003
  Kgq      =  -0.16604164627579110            +-    9.1478958626034132E-004
  K_nlo    =   0.94675624225346178            +-    3.1271675227721170E-003
  Kqq2     =    4.0019405604134715E-002       +-    8.2989232009526518E-003
  Kgq2     =   -8.5886851021777913E-002       +-    9.4789745168799143E-004
  Kqqs     =    1.1755055876913141E-003       +-    2.3288557530893365E-005
  Kgg      =    3.4920140998723525E-003       +-    8.0386142137354450E-006
  Kgghhz   =    1.3945950952535766E-002       +-    3.8339733274834475E-005
  K_nnlo   =   0.90555631652338220            +-    8.9191041907771117E-003
  K_nnlo2  =   0.91950226747591801            +-    8.9191865941399291E-003
  sig_LO   = (   3.7206646372244547            +-    2.2587570046972653E-002 ) fb
  sig_NLO  = (   3.5225624706239649            +-    2.5408164850427777E-002 ) fb
  sig_NNLO = (   3.3692713639037839            +-    4.0142773332621937E-002 ) fb
  sig_HHZ  = (   3.4211595704453504            +-    4.0143026787402843E-002 ) fb

  pp ---> HHZ + X
  ===============

  PDFSET = PDF4LHC21_40                                NSET =  10
  Sqrt(S)  = 14.0 TeV
  LOOP     = 3
  alphaS(MZ) =   0.11800
          kl =   1.00000
          kv =   1.00000
         k2v =   1.00000
         kth =   1.00000
         kbh =   1.00000
        cHsq =   0.00000
       chdup =   0.00000
         cHw =   0.00000
          cH =   0.00000
         cHb =   0.00000
        cHwb =   0.00000
      cHq1st =  -3.00000
      cHq3st =   0.00000
      cHq1rd =   0.00000
      cHq3rd =   0.00000
       cHdst =   0.00000
       cHust =   0.00000
       cHdrd =   0.00000
       cHurd =   0.00000
         cth =   0.00000
         cbh =   0.00000
 --------------

  mH       = 125.0000      GeV
  fact_scale 1.0
  ren_scale  1.0
  Kqq      =   0.10346088671423496            +-    3.2405977688508870E-003
  Kgq      =  -0.17640934228701374            +-    9.7402413353606153E-004
  K_nlo    =   0.92705154442722126            +-    3.3838139594534484E-003
  Kqq2     =    5.9208205304345229E-002       +-    1.1264574284108823E-002
  Kgq2     =   -9.1305526544669544E-002       +-    1.0093377858627337E-003
  Kqqs     =    1.2759227291193845E-003       +-    2.4823987306532515E-005
  Kgg      =    3.6986822721534825E-003       +-    8.5549822451361573E-006
  Kgghhz   =    1.4793694664851991E-002       +-    4.0716632835969027E-005
  K_nnlo   =   0.89992882818816988            +-    1.1805095632752626E-002
  K_nnlo2  =   0.91472252285302191            +-    1.1805165849856775E-002
  sig_LO   = (   3.4776621033471207            +-    2.2618500794777209E-002 ) fb
  sig_NLO  = (   3.2239720239039666            +-    2.5496603511225079E-002 ) fb
  sig_NNLO = (   3.1296483814995804            +-    4.6872576980058825E-002 ) fb
  sig_HHZ  = (   3.1810958528040247            +-    4.6872790859312299E-002 ) fb

  pp ---> HHZ + X
  ===============

  PDFSET = PDF4LHC21_40                                NSET =  11
  Sqrt(S)  = 14.0 TeV
  LOOP     = 3
  alphaS(MZ) =   0.11800
          kl =   1.00000
          kv =   1.00000
         k2v =   1.00000
         kth =   1.00000
         kbh =   1.00000
        cHsq =   0.00000
       chdup =   0.00000
         cHw =   0.00000
          cH =   0.00000
         cHb =   0.00000
        cHwb =   0.00000
      cHq1st =  -3.00000
      cHq3st =   0.00000
      cHq1rd =   0.00000
      cHq3rd =   0.00000
       cHdst =   0.00000
       cHust =   0.00000
       cHdrd =   0.00000
       cHurd =   0.00000
         cth =   0.00000
         cbh =   0.00000
 --------------

  mH       = 125.0000      GeV
  fact_scale 1.0
  ren_scale  1.0
  Kqq      =   0.10733613973323144            +-    3.1400104115593777E-003
  Kgq      =  -0.17265766594294013            +-    9.4869605401660842E-004
  K_nlo    =   0.93467847379029134            +-    3.2801965775861629E-003
  Kqq2     =    5.0075895203615141E-002       +-    9.9527797110423484E-003
  Kgq2     =   -8.9295201782823602E-002       +-    9.8318938828415568E-004
  Kqqs     =    1.2425141935537166E-003       +-    2.4139773078630792E-005
  Kgg      =    3.6186749688540236E-003       +-    8.3252206023485298E-006
  Kgghhz   =    1.4442777430857336E-002       +-    3.9748656126419221E-005
  K_nnlo   =   0.90032035637349062            +-    1.0525437139393362E-002
  K_nnlo2  =   0.91476313380434793            +-    1.0525512193284703E-002
  sig_LO   = (   3.5830932099426218            +-    2.2711915241198165E-002 ) fb
  sig_NLO  = (   3.3490400929175257            +-    2.5572836789656900E-002 ) fb
  sig_NNLO = (   3.2259317556949751            +-    4.4024406916707913E-002 ) fb
  sig_HHZ  = (   3.2776815734401925            +-    4.4024637292300890E-002 ) fb

  pp ---> HHZ + X
  ===============

  PDFSET = PDF4LHC21_40                                NSET =  12
  Sqrt(S)  = 14.0 TeV
  LOOP     = 3
  alphaS(MZ) =   0.11800
          kl =   1.00000
          kv =   1.00000
         k2v =   1.00000
         kth =   1.00000
         kbh =   1.00000
        cHsq =   0.00000
       chdup =   0.00000
         cHw =   0.00000
          cH =   0.00000
         cHb =   0.00000
        cHwb =   0.00000
      cHq1st =  -3.00000
      cHq3st =   0.00000
      cHq1rd =   0.00000
      cHq3rd =   0.00000
       cHdst =   0.00000
       cHust =   0.00000
       cHdrd =   0.00000
       cHurd =   0.00000
         cth =   0.00000
         cbh =   0.00000
 --------------

  mH       = 125.0000      GeV
  fact_scale 1.0
  ren_scale  1.0
  Kqq      =    7.8975522094989523E-002       +-    4.1269644240466020E-003
  Kgq      =  -0.21123009832343284            +-    1.1667483945228530E-003
  K_nlo    =   0.86774542377155661            +-    4.2887220909576269E-003
  Kqq2     =    7.9815039609745522E-002       +-    1.5814397680952771E-002
  Kgq2     =  -0.10926517388576135            +-    1.2084400102993290E-003
  Kqqs     =    1.4972938441302505E-003       +-    2.9715023295444308E-005
  Kgg      =    4.4510593756425998E-003       +-    1.0246498178744290E-005
  Kgghhz   =    1.7781076072759701E-002       +-    4.8852037540998697E-005
  K_nnlo   =   0.84424364271531371            +-    1.6430143834325339E-002
  K_nnlo2  =   0.86202471878807341            +-    1.6430216460478871E-002
  sig_LO   = (   2.9228888800553308            +-    2.3185746265791698E-002 ) fb
  sig_NLO  = (   2.5363234498607836            +-    2.6357475977640227E-002 ) fb
  sig_NNLO = (   2.4676303553499963            +-    5.3327609300389697E-002 ) fb
  sig_HHZ  = (   2.5196024648784836            +-    5.3327800464819518E-002 ) fb

  pp ---> HHZ + X
  ===============

  PDFSET = PDF4LHC21_40                                NSET =  13
  Sqrt(S)  = 14.0 TeV
  LOOP     = 3
  alphaS(MZ) =   0.11800
          kl =   1.00000
          kv =   1.00000
         k2v =   1.00000
         kth =   1.00000
         kbh =   1.00000
        cHsq =   0.00000
       chdup =   0.00000
         cHw =   0.00000
          cH =   0.00000
         cHb =   0.00000
        cHwb =   0.00000
      cHq1st =  -3.00000
      cHq3st =   0.00000
      cHq1rd =   0.00000
      cHq3rd =   0.00000
       cHdst =   0.00000
       cHust =   0.00000
       cHdrd =   0.00000
       cHurd =   0.00000
         cth =   0.00000
         cbh =   0.00000
 --------------

  mH       = 125.0000      GeV
  fact_scale 1.0
  ren_scale  1.0
  Kqq      =   0.10694080015035264            +-    3.1475344065852681E-003
  Kgq      =  -0.17341717442282481            +-    9.4938837522919137E-004
  K_nlo    =   0.93352362572752789            +-    3.2875995996560167E-003
  Kqq2     =    5.1067834985198499E-002       +-    1.0099115499458333E-002
  Kgq2     =   -8.9660798063551955E-002       +-    9.8437928786766445E-004
  Kqqs     =    1.2472269448602212E-003       +-    2.4181286550856002E-005
  Kgg      =    3.6200234723241954E-003       +-    8.3136117221624654E-006
  Kgghhz   =    1.4430627021870849E-002       +-    3.9783831599410029E-005
  K_nnlo   =   0.89979791306635881            +-    1.0666306831898278E-002
  K_nnlo2  =   0.91422854008822962            +-    1.0666381025702045E-002
  sig_LO   = (   3.5695581562643777            +-    2.2661139419347307E-002 ) fb
  sig_NLO  = (   3.3322668722811910            +-    2.5519482532180431E-002 ) fb
  sig_NNLO = (   3.2118809795756866            +-    4.4307526560235233E-002 ) fb
  sig_HHZ  = (   3.2633919419616149            +-    4.4307754139936137E-002 ) fb

  pp ---> HHZ + X
  ===============

  PDFSET = PDF4LHC21_40                                NSET =  14
  Sqrt(S)  = 14.0 TeV
  LOOP     = 3
  alphaS(MZ) =   0.11800
          kl =   1.00000
          kv =   1.00000
         k2v =   1.00000
         kth =   1.00000
         kbh =   1.00000
        cHsq =   0.00000
       chdup =   0.00000
         cHw =   0.00000
          cH =   0.00000
         cHb =   0.00000
        cHwb =   0.00000
      cHq1st =  -3.00000
      cHq3st =   0.00000
      cHq1rd =   0.00000
      cHq3rd =   0.00000
       cHdst =   0.00000
       cHust =   0.00000
       cHdrd =   0.00000
       cHurd =   0.00000
         cth =   0.00000
         cbh =   0.00000
 --------------

  mH       = 125.0000      GeV
  fact_scale 1.0
  ren_scale  1.0
  Kqq      =   0.11429534535202761            +-    2.9511639023636470E-003
  Kgq      =  -0.16422328084148360            +-    8.9855703657471398E-004
  K_nlo    =   0.95007206451054405            +-    3.0849267619494896E-003
  Kqq2     =    3.7650873515073013E-002       +-    7.8447494793188726E-003
  Kgq2     =   -8.4904974221027940E-002       +-    9.3179521952808486E-004
  Kqqs     =    1.1859737159684116E-003       +-    2.2902793027042060E-005
  Kgg      =    3.4301448293662029E-003       +-    7.8713242137558464E-006
  Kgghhz   =    1.3669581454063925E-002       +-    3.7679128209167176E-005
  K_nnlo   =   0.90743408234992373            +-    8.4809018592762065E-003
  K_nnlo2  =   0.92110366380398767            +-    8.4809855596727195E-003
  sig_LO   = (   3.7726619990142769            +-    2.2689232850649849E-002 ) fb
  sig_NLO  = (   3.5843007741039701            +-    2.5500065004050863E-002 ) fb
  sig_NNLO = (   3.4234420790919491            +-    3.9223949078088086E-002 ) fb
  sig_HHZ  = (   3.4750127895861262            +-    3.9224206659636024E-002 ) fb

  pp ---> HHZ + X
  ===============

  PDFSET = PDF4LHC21_40                                NSET =  15
  Sqrt(S)  = 14.0 TeV
  LOOP     = 3
  alphaS(MZ) =   0.11800
          kl =   1.00000
          kv =   1.00000
         k2v =   1.00000
         kth =   1.00000
         kbh =   1.00000
        cHsq =   0.00000
       chdup =   0.00000
         cHw =   0.00000
          cH =   0.00000
         cHb =   0.00000
        cHwb =   0.00000
      cHq1st =  -3.00000
      cHq3st =   0.00000
      cHq1rd =   0.00000
      cHq3rd =   0.00000
       cHdst =   0.00000
       cHust =   0.00000
       cHdrd =   0.00000
       cHurd =   0.00000
         cth =   0.00000
         cbh =   0.00000
 --------------

  mH       = 125.0000      GeV
  fact_scale 1.0
  ren_scale  1.0
  Kqq      =   0.11280567358086271            +-    3.0068163903028931E-003
  Kgq      =  -0.16708642501548815            +-    9.1230722190783131E-004
  K_nlo    =   0.94571924856537448            +-    3.1421726992861654E-003
  Kqq2     =    4.0226373148575731E-002       +-    8.3291631291471310E-003
  Kgq2     =   -8.6424767616383583E-002       +-    9.4624302461592609E-004
  Kqqs     =    1.2045760716869768E-003       +-    2.3276468357866300E-005
  Kgg      =    3.4736420036956747E-003       +-    7.9665969119863186E-006
  Kgghhz   =    1.3846380292659607E-002       +-    3.8121743543974725E-005
  K_nnlo   =   0.90419907217294926            +-    8.9523286817656117E-003
  K_nnlo2  =   0.91804545246560887            +-    8.9524098483980304E-003
  sig_LO   = (   3.7065800886235150            +-    2.2635765853200925E-002 ) fb
  sig_NLO  = (   3.5053841361604099            +-    2.5456312783134233E-002 ) fb
  sig_NNLO = (   3.3514862770681102            +-    4.0167869550726654E-002 ) fb
  sig_HHZ  = (   3.4028089945603912            +-    4.0168118082632667E-002 ) fb

  pp ---> HHZ + X
  ===============

  PDFSET = PDF4LHC21_40                                NSET =  16
  Sqrt(S)  = 14.0 TeV
  LOOP     = 3
  alphaS(MZ) =   0.11800
          kl =   1.00000
          kv =   1.00000
         k2v =   1.00000
         kth =   1.00000
         kbh =   1.00000
        cHsq =   0.00000
       chdup =   0.00000
         cHw =   0.00000
          cH =   0.00000
         cHb =   0.00000
        cHwb =   0.00000
      cHq1st =  -3.00000
      cHq3st =   0.00000
      cHq1rd =   0.00000
      cHq3rd =   0.00000
       cHdst =   0.00000
       cHust =   0.00000
       cHdrd =   0.00000
       cHurd =   0.00000
         cth =   0.00000
         cbh =   0.00000
 --------------

  mH       = 125.0000      GeV
  fact_scale 1.0
  ren_scale  1.0
  Kqq      =   0.10655047707366354            +-    3.1566217664727456E-003
  Kgq      =  -0.17335820045519876            +-    9.5290253034115754E-004
  K_nlo    =   0.93319227661846482            +-    3.2973146966736580E-003
  Kqq2     =    5.1715620622725174E-002       +-    1.0200594005661576E-002
  Kgq2     =   -8.9652064652822605E-002       +-    9.8739742287498860E-004
  Kqqs     =    1.2536814737546089E-003       +-    2.4174418113233498E-005
  Kgg      =    3.6337604608261283E-003       +-    8.3746840307200766E-006
  Kgghhz   =    1.4509611159486430E-002       +-    3.9960337010029872E-005
  K_nnlo   =   0.90014327452294807            +-    1.0765686716868686E-002
  K_nnlo2  =   0.91465288568243452            +-    1.0765760879487191E-002
  sig_LO   = (   3.5772014240162968            +-    2.2757602713583808E-002 ) fb
  sig_NLO  = (   3.3382167408005823            +-    2.5632679396735188E-002 ) fb
  sig_NNLO = (   3.2199938034421822            +-    4.4732626814131871E-002 ) fb
  sig_HHZ  = (   3.2718976051438200            +-    4.4732855210696990E-002 ) fb

  pp ---> HHZ + X
  ===============

  PDFSET = PDF4LHC21_40                                NSET =  17
  Sqrt(S)  = 14.0 TeV
  LOOP     = 3
  alphaS(MZ) =   0.11800
          kl =   1.00000
          kv =   1.00000
         k2v =   1.00000
         kth =   1.00000
         kbh =   1.00000
        cHsq =   0.00000
       chdup =   0.00000
         cHw =   0.00000
          cH =   0.00000
         cHb =   0.00000
        cHwb =   0.00000
      cHq1st =  -3.00000
      cHq3st =   0.00000
      cHq1rd =   0.00000
      cHq3rd =   0.00000
       cHdst =   0.00000
       cHust =   0.00000
       cHdrd =   0.00000
       cHurd =   0.00000
         cth =   0.00000
         cbh =   0.00000
 --------------

  mH       = 125.0000      GeV
  fact_scale 1.0
  ren_scale  1.0
  Kqq      =   0.11193682024716242            +-    2.9948097440849726E-003
  Kgq      =  -0.16595821422098894            +-    9.0996877444727848E-004
  K_nlo    =   0.94597860602617345            +-    3.1300045644911418E-003
  Kqq2     =    4.1113705197746833E-002       +-    8.4871237728475733E-003
  Kgq2     =   -8.5808869070641280E-002       +-    9.4340159450948013E-004
  Kqqs     =    1.1929612386273299E-003       +-    2.3200770781369301E-005
  Kgg      =    3.4793697042214385E-003       +-    7.9913161532297438E-006
  Kgghhz   =    1.3874659645138173E-002       +-    3.8212183953324896E-005
  K_nnlo   =   0.90595577309612774            +-    9.0949880271934142E-003
  K_nnlo2  =   0.91983043274126586            +-    9.0950683002269991E-003
  sig_LO   = (   3.7219934795104530            +-    2.2644298197195063E-002 ) fb
  sig_NLO  = (   3.5209262033858058            +-    2.5465337209138322E-002 ) fb
  sig_NNLO = (   3.3719614801886397            +-    4.0726985578188081E-002 ) fb
  sig_HHZ  = (   3.4236028729182708            +-    4.0727233915141492E-002 ) fb

  pp ---> HHZ + X
  ===============

  PDFSET = PDF4LHC21_40                                NSET =  18
  Sqrt(S)  = 14.0 TeV
  LOOP     = 3
  alphaS(MZ) =   0.11800
          kl =   1.00000
          kv =   1.00000
         k2v =   1.00000
         kth =   1.00000
         kbh =   1.00000
        cHsq =   0.00000
       chdup =   0.00000
         cHw =   0.00000
          cH =   0.00000
         cHb =   0.00000
        cHwb =   0.00000
      cHq1st =  -3.00000
      cHq3st =   0.00000
      cHq1rd =   0.00000
      cHq3rd =   0.00000
       cHdst =   0.00000
       cHust =   0.00000
       cHdrd =   0.00000
       cHurd =   0.00000
         cth =   0.00000
         cbh =   0.00000
 --------------

  mH       = 125.0000      GeV
  fact_scale 1.0
  ren_scale  1.0
  Kqq      =   0.11692956293701852            +-    2.8888146961445907E-003
  Kgq      =  -0.16138798565675308            +-    8.7940477025012548E-004
  K_nlo    =   0.95554157728026556            +-    3.0197024851133332E-003
  Kqq2     =    3.4648627520764280E-002       +-    7.2452587184408642E-003
  Kgq2     =   -8.3419713755243360E-002       +-    9.1223654117505331E-004
  Kqqs     =    1.1685494531825846E-003       +-    2.2462628511292117E-005
  Kgg      =    3.3506697959341343E-003       +-    7.6783920107051249E-006
  Kgghhz   =    1.3348443256810843E-002       +-    3.6773930683518548E-005
  K_nnlo   =   0.91128971029490313            +-    7.9022222210072979E-003
  K_nnlo2  =   0.92463815355171397            +-    7.9023077864734826E-003
  sig_LO   = (   3.8561236547589783            +-    2.2751931043072434E-002 ) fb
  sig_NLO  = (   3.6846864792561358            +-    2.5558582985417282E-002 ) fb
  sig_NNLO = (   3.5140458082066321            +-    3.8028803046385146E-002 ) fb
  sig_HHZ  = (   3.5655190560034282            +-    3.8029067432016499E-002 ) fb

  pp ---> HHZ + X
  ===============

  PDFSET = PDF4LHC21_40                                NSET =  19
  Sqrt(S)  = 14.0 TeV
  LOOP     = 3
  alphaS(MZ) =   0.11800
          kl =   1.00000
          kv =   1.00000
         k2v =   1.00000
         kth =   1.00000
         kbh =   1.00000
        cHsq =   0.00000
       chdup =   0.00000
         cHw =   0.00000
          cH =   0.00000
         cHb =   0.00000
        cHwb =   0.00000
      cHq1st =  -3.00000
      cHq3st =   0.00000
      cHq1rd =   0.00000
      cHq3rd =   0.00000
       cHdst =   0.00000
       cHust =   0.00000
       cHdrd =   0.00000
       cHurd =   0.00000
         cth =   0.00000
         cbh =   0.00000
 --------------

  mH       = 125.0000      GeV
  fact_scale 1.0
  ren_scale  1.0
  Kqq      =   0.11129259499750126            +-    3.0208582035981236E-003
  Kgq      =  -0.16769603703021221            +-    9.2229618473459185E-004
  K_nlo    =   0.94359655796728903            +-    3.1585146095312062E-003
  Kqq2     =    4.2650134463463642E-002       +-    8.7504945001276608E-003
  Kgq2     =   -8.6727139261064665E-002       +-    9.5579466683387278E-004
  Kqqs     =    1.2130159739107090E-003       +-    2.3415081914568372E-005
  Kgg      =    3.5234286945438754E-003       +-    8.1210981578143833E-006
  Kgghhz   =    1.4069162202636286E-002       +-    3.8747078794541984E-005
  K_nnlo   =   0.90425599783814259            +-    9.3520867296465419E-003
  K_nnlo2  =   0.91832516004077891            +-    9.3521669967417745E-003
  sig_LO   = (   3.6844680523477473            +-    2.2554131833511959E-002 ) fb
  sig_NLO  = (   3.4766513721357759            +-    2.5379499919471447E-002 ) fb
  sig_NNLO = (   3.3317023351784703            +-    4.1182590274315263E-002 ) fb
  sig_HHZ  = (   3.3835397138373819            +-    4.1182837721525936E-002 ) fb

  pp ---> HHZ + X
  ===============

  PDFSET = PDF4LHC21_40                                NSET =  20
  Sqrt(S)  = 14.0 TeV
  LOOP     = 3
  alphaS(MZ) =   0.11800
          kl =   1.00000
          kv =   1.00000
         k2v =   1.00000
         kth =   1.00000
         kbh =   1.00000
        cHsq =   0.00000
       chdup =   0.00000
         cHw =   0.00000
          cH =   0.00000
         cHb =   0.00000
        cHwb =   0.00000
      cHq1st =  -3.00000
      cHq3st =   0.00000
      cHq1rd =   0.00000
      cHq3rd =   0.00000
       cHdst =   0.00000
       cHust =   0.00000
       cHdrd =   0.00000
       cHurd =   0.00000
         cth =   0.00000
         cbh =   0.00000
 --------------

  mH       = 125.0000      GeV
  fact_scale 1.0
  ren_scale  1.0
  Kqq      =   0.11129108504878966            +-    3.0308843639895292E-003
  Kgq      =  -0.16798218718971189            +-    9.2147701559877192E-004
  K_nlo    =   0.94330889785907768            +-    3.1678667772103409E-003
  Kqq2     =    4.2503790578126463E-002       +-    8.7289893913154500E-003
  Kgq2     =   -8.6870513298681423E-002       +-    9.5513252610383837E-004
  Kqqs     =    1.2146898915785149E-003       +-    2.3452536846764971E-005
  Kgg      =    3.5274246301488532E-003       +-    8.1103670694385134E-006
  Kgghhz   =    1.4075910662446350E-002       +-    3.8732805770140919E-005
  K_nnlo   =   0.90368428966025005            +-    9.3350698794283666E-003
  K_nnlo2  =   0.91776020032269645            +-    9.3351502336091827E-003
  sig_LO   = (   3.6845012597525240            +-    2.2653791069124001E-002 ) fb
  sig_NLO  = (   3.4756228224975367            +-    2.5483917417972967E-002 ) fb
  sig_NNLO = (   3.3296259036717566            +-    4.1185137526898730E-002 ) fb
  sig_HHZ  = (   3.3814886142397040            +-    4.1185384781006175E-002 ) fb

  pp ---> HHZ + X
  ===============

  PDFSET = PDF4LHC21_40                                NSET =  21
  Sqrt(S)  = 14.0 TeV
  LOOP     = 3
  alphaS(MZ) =   0.11800
          kl =   1.00000
          kv =   1.00000
         k2v =   1.00000
         kth =   1.00000
         kbh =   1.00000
        cHsq =   0.00000
       chdup =   0.00000
         cHw =   0.00000
          cH =   0.00000
         cHb =   0.00000
        cHwb =   0.00000
      cHq1st =  -3.00000
      cHq3st =   0.00000
      cHq1rd =   0.00000
      cHq3rd =   0.00000
       cHdst =   0.00000
       cHust =   0.00000
       cHdrd =   0.00000
       cHurd =   0.00000
         cth =   0.00000
         cbh =   0.00000
 --------------

  mH       = 125.0000      GeV
  fact_scale 1.0
  ren_scale  1.0
  Kqq      =   0.10988874703106473            +-    3.0781697090633713E-003
  Kgq      =  -0.17054665464820579            +-    9.3612087831325419E-004
  K_nlo    =   0.93934209238285904            +-    3.2173671000694432E-003
  Kqq2     =    4.5155538919849282E-002       +-    9.1649990644686406E-003
  Kgq2     =   -8.8178726673755412E-002       +-    9.7032566674826908E-004
  Kqqs     =    1.2286785232229187E-003       +-    2.3807916841282810E-005
  Kgg      =    3.5786650219730618E-003       +-    8.2291446226816354E-006
  Kgghhz   =    1.4275448581757225E-002       +-    3.9326657771787283E-005
  K_nnlo   =   0.90112624817414888            +-    9.7617019696155608E-003
  K_nnlo2  =   0.91540169675590610            +-    9.7617811863208569E-003
  sig_LO   = (   3.6240532088189505            +-    2.2586683700910874E-002 ) fb
  sig_NLO  = (   3.4042257240788070            +-    2.5418728756987176E-002 ) fb
  sig_NNLO = (   3.2657294712465061            +-    4.1972434633767854E-002 ) fb
  sig_HHZ  = (   3.3174644564865532            +-    4.1972676607264135E-002 ) fb

  pp ---> HHZ + X
  ===============

  PDFSET = PDF4LHC21_40                                NSET =  22
  Sqrt(S)  = 14.0 TeV
  LOOP     = 3
  alphaS(MZ) =   0.11800
          kl =   1.00000
          kv =   1.00000
         k2v =   1.00000
         kth =   1.00000
         kbh =   1.00000
        cHsq =   0.00000
       chdup =   0.00000
         cHw =   0.00000
          cH =   0.00000
         cHb =   0.00000
        cHwb =   0.00000
      cHq1st =  -3.00000
      cHq3st =   0.00000
      cHq1rd =   0.00000
      cHq3rd =   0.00000
       cHdst =   0.00000
       cHust =   0.00000
       cHdrd =   0.00000
       cHurd =   0.00000
         cth =   0.00000
         cbh =   0.00000
 --------------

  mH       = 125.0000      GeV
  fact_scale 1.0
  ren_scale  1.0
  Kqq      =   0.10574572740722818            +-    3.1833791097614322E-003
  Kgq      =  -0.17408035224843393            +-    9.6349248740619953E-004
  K_nlo    =   0.93166537515879422            +-    3.3259916310408354E-003
  Kqq2     =    5.3746477631210307E-002       +-    1.0492553247606342E-002
  Kgq2     =   -9.0074522438885404E-002       +-    9.9807009560295371E-004
  Kqqs     =    1.2581358054045101E-003       +-    2.4406713332316809E-005
  Kgg      =    3.6784412737987369E-003       +-    8.5151694785341414E-006
  Kgghhz   =    1.4711216420413223E-002       +-    4.0534315494796123E-005
  K_nnlo   =   0.90027390743032232            +-    1.1052271535531141E-002
  K_nnlo2  =   0.91498512385073549            +-    1.1052345865283284E-002
  sig_LO   = (   3.5333407649106476            +-    2.2660200592993156E-002 ) fb
  sig_NLO  = (   3.2918912493043395            +-    2.5526279537041452E-002 ) fb
  sig_NNLO = (   3.1809744967089530            +-    4.5149748381740920E-002 ) fb
  sig_HHZ  = (   3.2329542373886220            +-    4.5149975540931420E-002 ) fb

  pp ---> HHZ + X
  ===============

  PDFSET = PDF4LHC21_40                                NSET =  23
  Sqrt(S)  = 14.0 TeV
  LOOP     = 3
  alphaS(MZ) =   0.11800
          kl =   1.00000
          kv =   1.00000
         k2v =   1.00000
         kth =   1.00000
         kbh =   1.00000
        cHsq =   0.00000
       chdup =   0.00000
         cHw =   0.00000
          cH =   0.00000
         cHb =   0.00000
        cHwb =   0.00000
      cHq1st =  -3.00000
      cHq3st =   0.00000
      cHq1rd =   0.00000
      cHq3rd =   0.00000
       cHdst =   0.00000
       cHust =   0.00000
       cHdrd =   0.00000
       cHurd =   0.00000
         cth =   0.00000
         cbh =   0.00000
 --------------

  mH       = 125.0000      GeV
  fact_scale 1.0
  ren_scale  1.0
  Kqq      =   0.11410161853993638            +-    2.9576367486571862E-003
  Kgq      =  -0.16562461214472335            +-    9.1020865885747479E-004
  K_nlo    =   0.94847700639521304            +-    3.0945266099464352E-003
  Kqq2     =    3.8046847934974669E-002       +-    7.9568571141124134E-003
  Kgq2     =   -8.5647256006455716E-002       +-    9.4323816622837395E-004
  Kqqs     =    1.1928908532759558E-003       +-    2.3160583496675251E-005
  Kgg      =    3.4798599011089770E-003       +-    8.0033248335053270E-006
  Kgghhz   =    1.3886788716568399E-002       +-    3.8221371547278328E-005
  K_nnlo   =   0.90554934907811702            +-    8.5894102695199086E-003
  K_nnlo2  =   0.91943613779468536            +-    8.5894953083040359E-003
  sig_LO   = (   3.7275100359513558            +-    2.2388905088978277E-002 ) fb
  sig_NLO  = (   3.5354575602072544            +-    2.5185640839866175E-002 ) fb
  sig_NNLO = (   3.3754442867378982            +-    3.9068639531214172E-002 ) fb
  sig_HHZ  = (   3.4272074310460430            +-    3.9068899302084736E-002 ) fb

  pp ---> HHZ + X
  ===============

  PDFSET = PDF4LHC21_40                                NSET =  24
  Sqrt(S)  = 14.0 TeV
  LOOP     = 3
  alphaS(MZ) =   0.11800
          kl =   1.00000
          kv =   1.00000
         k2v =   1.00000
         kth =   1.00000
         kbh =   1.00000
        cHsq =   0.00000
       chdup =   0.00000
         cHw =   0.00000
          cH =   0.00000
         cHb =   0.00000
        cHwb =   0.00000
      cHq1st =  -3.00000
      cHq3st =   0.00000
      cHq1rd =   0.00000
      cHq3rd =   0.00000
       cHdst =   0.00000
       cHust =   0.00000
       cHdrd =   0.00000
       cHurd =   0.00000
         cth =   0.00000
         cbh =   0.00000
 --------------

  mH       = 125.0000      GeV
  fact_scale 1.0
  ren_scale  1.0
  Kqq      =   0.10336558547687151            +-    3.2634639019624347E-003
  Kgq      =  -0.17927797250792793            +-    9.8206676624898199E-004
  K_nlo    =   0.92408761296894371            +-    3.4080275487123942E-003
  Kqq2     =    5.9625719928270017E-002       +-    1.1354688577383235E-002
  Kgq2     =   -9.2700637483923209E-002       +-    1.0181091891888463E-003
  Kqqs     =    1.2950858780561383E-003       +-    2.5012087190494303E-005
  Kgg      =    3.7633004738576222E-003       +-    8.6569970799057666E-006
  Kgghhz   =    1.5016016795748507E-002       +-    4.1365673293391297E-005
  K_nnlo   =   0.89607108176520434            +-    1.1898775202992734E-002
  K_nnlo2  =   0.91108709856095282            +-    1.1898847105929289E-002
  sig_LO   = (   3.4501610078207543            +-    2.2574283649452659E-002 ) fb
  sig_NLO  = (   3.1882510500756056            +-    2.5452987617488085E-002 ) fb
  sig_NNLO = (   3.0915895065420704            +-    4.6849991021723471E-002 ) fb
  sig_HHZ  = (   3.1433971821835436            +-    4.6850208401133263E-002 ) fb

  pp ---> HHZ + X
  ===============

  PDFSET = PDF4LHC21_40                                NSET =  25
  Sqrt(S)  = 14.0 TeV
  LOOP     = 3
  alphaS(MZ) =   0.11800
          kl =   1.00000
          kv =   1.00000
         k2v =   1.00000
         kth =   1.00000
         kbh =   1.00000
        cHsq =   0.00000
       chdup =   0.00000
         cHw =   0.00000
          cH =   0.00000
         cHb =   0.00000
        cHwb =   0.00000
      cHq1st =  -3.00000
      cHq3st =   0.00000
      cHq1rd =   0.00000
      cHq3rd =   0.00000
       cHdst =   0.00000
       cHust =   0.00000
       cHdrd =   0.00000
       cHurd =   0.00000
         cth =   0.00000
         cbh =   0.00000
 --------------

  mH       = 125.0000      GeV
  fact_scale 1.0
  ren_scale  1.0
  Kqq      =   0.10147005644814037            +-    3.3233432907123508E-003
  Kgq      =  -0.18176247540521900            +-    1.0005715182469488E-003
  K_nlo    =   0.91970758104292138            +-    3.4706993518669694E-003
  Kqq2     =    6.4166271198464075E-002       +-    1.1992383893814226E-002
  Kgq2     =   -9.4021195703652347E-002       +-    1.0365044454241630E-003
  Kqqs     =    1.3204181705452971E-003       +-    2.5400235108632680E-005
  Kgg      =    3.8420568656784577E-003       +-    8.8479050806641800E-006
  Kgghhz   =    1.5340022762345149E-002       +-    4.2213606740139417E-005
  K_nnlo   =   0.89501513157395696            +-    1.2527493379380273E-002
  K_nnlo2  =   0.91035515433630210            +-    1.2527564502288965E-002
  sig_LO   = (   3.3883136569767869            +-    2.2543017257842673E-002 ) fb
  sig_NLO  = (   3.1162577572728152            +-    2.5425989593146063E-002 ) fb
  sig_NNLO = (   3.0325919935129129            +-    4.8061855612011192E-002 ) fb
  sig_HHZ  = (   3.0845688021369018            +-    4.8062068445831600E-002 ) fb

  pp ---> HHZ + X
  ===============

  PDFSET = PDF4LHC21_40                                NSET =  26
  Sqrt(S)  = 14.0 TeV
  LOOP     = 3
  alphaS(MZ) =   0.11800
          kl =   1.00000
          kv =   1.00000
         k2v =   1.00000
         kth =   1.00000
         kbh =   1.00000
        cHsq =   0.00000
       chdup =   0.00000
         cHw =   0.00000
          cH =   0.00000
         cHb =   0.00000
        cHwb =   0.00000
      cHq1st =  -3.00000
      cHq3st =   0.00000
      cHq1rd =   0.00000
      cHq3rd =   0.00000
       cHdst =   0.00000
       cHust =   0.00000
       cHdrd =   0.00000
       cHurd =   0.00000
         cth =   0.00000
         cbh =   0.00000
 --------------

  mH       = 125.0000      GeV
  fact_scale 1.0
  ren_scale  1.0
  Kqq      =   0.11313990376743449            +-    2.9844029735320498E-003
  Kgq      =  -0.16551629972181114            +-    9.0927630897212337E-004
  K_nlo    =   0.94762360404562340            +-    3.1198468735636545E-003
  Kqq2     =    3.9394875439553487E-002       +-    8.1677945723489902E-003
  Kgq2     =   -8.5588741781297606E-002       +-    9.4234017078739297E-004
  Kqqs     =    1.1851298717143323E-003       +-    2.3106533592232199E-005
  Kgg      =    3.4703009244795575E-003       +-    7.9743140497744402E-006
  Kgghhz   =    1.3848007717419550E-002       +-    3.8109291278070413E-005
  K_nnlo   =   0.90608516850007315            +-    8.7940272452180501E-003
  K_nnlo2  =   0.91993317621749271            +-    8.7941098189480826E-003
  sig_LO   = (   3.7357736118021041            +-    2.2702882003573920E-002 ) fb
  sig_NLO  = (   3.5401072539144458            +-    2.5519812822685749E-002 ) fb
  sig_NNLO = (   3.3849290625278368            +-    3.9933786121651264E-002 ) fb
  sig_HHZ  = (   3.4366620843346047            +-    3.9934039897904644E-002 ) fb

  pp ---> HHZ + X
  ===============

  PDFSET = PDF4LHC21_40                                NSET =  27
  Sqrt(S)  = 14.0 TeV
  LOOP     = 3
  alphaS(MZ) =   0.11800
          kl =   1.00000
          kv =   1.00000
         k2v =   1.00000
         kth =   1.00000
         kbh =   1.00000
        cHsq =   0.00000
       chdup =   0.00000
         cHw =   0.00000
          cH =   0.00000
         cHb =   0.00000
        cHwb =   0.00000
      cHq1st =  -3.00000
      cHq3st =   0.00000
      cHq1rd =   0.00000
      cHq3rd =   0.00000
       cHdst =   0.00000
       cHust =   0.00000
       cHdrd =   0.00000
       cHurd =   0.00000
         cth =   0.00000
         cbh =   0.00000
 --------------

  mH       = 125.0000      GeV
  fact_scale 1.0
  ren_scale  1.0
  Kqq      =   0.10369136020906385            +-    3.2465217459116216E-003
  Kgq      =  -0.17795033982352512            +-    9.7590911861153852E-004
  K_nlo    =   0.92574102038553874            +-    3.3900298014126946E-003
  Kqq2     =    5.8672320216835223E-002       +-    1.1206749777841273E-002
  Kgq2     =   -9.2007135339390672E-002       +-    1.0117107247584007E-003
  Kqqs     =    1.2897734675046712E-003       +-    2.4817717145337465E-005
  Kgg      =    3.7264031570465334E-003       +-    8.5681857879422053E-006
  Kgghhz   =    1.4864591811201332E-002       +-    4.0948002337459411E-005
  K_nnlo   =   0.89742238188753454            +-    1.1751927099888544E-002
  K_nnlo2  =   0.91228697369873590            +-    1.1751998438563128E-002
  sig_LO   = (   3.4815415917996111            +-    2.2692816082255662E-002 ) fb
  sig_NLO  = (   3.2230058657072647            +-    2.5578577174418863E-002 ) fb
  sig_NNLO = (   3.1244133479533254            +-    4.6786607500398023E-002 ) fb
  sig_HHZ  = (   3.1761650425891466            +-    4.6786824698514640E-002 ) fb

  pp ---> HHZ + X
  ===============

  PDFSET = PDF4LHC21_40                                NSET =  28
  Sqrt(S)  = 14.0 TeV
  LOOP     = 3
  alphaS(MZ) =   0.11800
          kl =   1.00000
          kv =   1.00000
         k2v =   1.00000
         kth =   1.00000
         kbh =   1.00000
        cHsq =   0.00000
       chdup =   0.00000
         cHw =   0.00000
          cH =   0.00000
         cHb =   0.00000
        cHwb =   0.00000
      cHq1st =  -3.00000
      cHq3st =   0.00000
      cHq1rd =   0.00000
      cHq3rd =   0.00000
       cHdst =   0.00000
       cHust =   0.00000
       cHdrd =   0.00000
       cHurd =   0.00000
         cth =   0.00000
         cbh =   0.00000
 --------------

  mH       = 125.0000      GeV
  fact_scale 1.0
  ren_scale  1.0
  Kqq      =   0.11054558404413402            +-    3.0539355393116004E-003
  Kgq      =  -0.16925896957046657            +-    9.2704210143530275E-004
  K_nlo    =   0.94128661447366746            +-    3.1915402764345646E-003
  Kqq2     =    4.3734977726836349E-002       +-    8.9394352674532530E-003
  Kgq2     =   -8.7508993589940715E-002       +-    9.6112020121307483E-004
  Kqqs     =    1.2196237096831299E-003       +-    2.3664649004648657E-005
  Kgg      =    3.5449657416821612E-003       +-    8.1352901214094277E-006
  Kgghhz   =    1.4132360165246162E-002       +-    3.8916209148433779E-005
  K_nnlo   =   0.90227718806192836            +-    9.5406399406344211E-003
  K_nnlo2  =   0.91640954822717458            +-    9.5407193097880854E-003
  sig_LO   = (   3.6479941996416732            +-    2.2581983074384509E-002 ) fb
  sig_NLO  = (   3.4338081098002871            +-    2.5406670349835746E-002 ) fb
  sig_NNLO = (   3.2915019485189143            +-    4.1488290384641434E-002 ) fb
  sig_HHZ  = (   3.3430567164289795            +-    4.1488533276260439E-002 ) fb

  pp ---> HHZ + X
  ===============

  PDFSET = PDF4LHC21_40                                NSET =  29
  Sqrt(S)  = 14.0 TeV
  LOOP     = 3
  alphaS(MZ) =   0.11800
          kl =   1.00000
          kv =   1.00000
         k2v =   1.00000
         kth =   1.00000
         kbh =   1.00000
        cHsq =   0.00000
       chdup =   0.00000
         cHw =   0.00000
          cH =   0.00000
         cHb =   0.00000
        cHwb =   0.00000
      cHq1st =  -3.00000
      cHq3st =   0.00000
      cHq1rd =   0.00000
      cHq3rd =   0.00000
       cHdst =   0.00000
       cHust =   0.00000
       cHdrd =   0.00000
       cHurd =   0.00000
         cth =   0.00000
         cbh =   0.00000
 --------------

  mH       = 125.0000      GeV
  fact_scale 1.0
  ren_scale  1.0
  Kqq      =   0.10842804831316001            +-    3.1172958526773180E-003
  Kgq      =  -0.17190078007468249            +-    9.4383764818627147E-004
  K_nlo    =   0.93652726823847765            +-    3.2570481941864167E-003
  Kqq2     =    4.7945013450192427E-002       +-    9.6242133600326803E-003
  Kgq2     =   -8.8894290236681134E-002       +-    9.7830734907917321E-004
  Kqqs     =    1.2433980848833436E-003       +-    2.4067247203999728E-005
  Kgg      =    3.6047169534947580E-003       +-    8.2824354159836466E-006
  Kgghhz   =    1.4382108777566549E-002       +-    3.9568511585634835E-005
  K_nnlo   =   0.90042610649036703            +-    1.0207427630851529E-002
  K_nnlo2  =   0.91480821526793354            +-    1.0207504323103682E-002
  sig_LO   = (   3.5920157153301839            +-    2.2629256910284234E-002 ) fb
  sig_NLO  = (   3.3640206653478577            +-    2.5474663627018890E-002 ) fb
  sig_NNLO = (   3.2343447250069679            +-    4.3086228966221170E-002 ) fb
  sig_HHZ  = (   3.2860054857555752            +-    4.3086463392461326E-002 ) fb

  pp ---> HHZ + X
  ===============

  PDFSET = PDF4LHC21_40                                NSET =  30
  Sqrt(S)  = 14.0 TeV
  LOOP     = 3
  alphaS(MZ) =   0.11800
          kl =   1.00000
          kv =   1.00000
         k2v =   1.00000
         kth =   1.00000
         kbh =   1.00000
        cHsq =   0.00000
       chdup =   0.00000
         cHw =   0.00000
          cH =   0.00000
         cHb =   0.00000
        cHwb =   0.00000
      cHq1st =  -3.00000
      cHq3st =   0.00000
      cHq1rd =   0.00000
      cHq3rd =   0.00000
       cHdst =   0.00000
       cHust =   0.00000
       cHdrd =   0.00000
       cHurd =   0.00000
         cth =   0.00000
         cbh =   0.00000
 --------------

  mH       = 125.0000      GeV
  fact_scale 1.0
  ren_scale  1.0
  Kqq      =   0.11603024816159975            +-    2.9105474120551260E-003
  Kgq      =  -0.16317316209698013            +-    8.8922990835128672E-004
  K_nlo    =   0.95285708606461972            +-    3.0433560533935605E-003
  Kqq2     =    3.5769948128005213E-002       +-    7.4747465362878188E-003
  Kgq2     =   -8.4325870331547134E-002       +-    9.2249343783393028E-004
  Kqqs     =    1.1774793168758272E-003       +-    2.2641233202733880E-005
  Kgg      =    3.4084956703139976E-003       +-    7.8019648212935920E-006
  Kgghhz   =    1.3570924440854351E-002       +-    3.7385535690767388E-005
  K_nnlo   =   0.90888713884826755            +-    8.1231409866145167E-003
  K_nnlo2  =   0.92245806328912194            +-    8.1232270168139185E-003
  sig_LO   = (   3.8106401925532132            +-    2.2622245188503799E-002 ) fb
  sig_NLO  = (   3.6309955099169762            +-    2.5421634786048409E-002 ) fb
  sig_NNLO = (   3.4634418617899017            +-    3.8339781516848942E-002 ) fb
  sig_HHZ  = (   3.5151557719143240            +-    3.8340046197366494E-002 ) fb

  pp ---> HHZ + X
  ===============

  PDFSET = PDF4LHC21_40                                NSET =  31
  Sqrt(S)  = 14.0 TeV
  LOOP     = 3
  alphaS(MZ) =   0.11800
          kl =   1.00000
          kv =   1.00000
         k2v =   1.00000
         kth =   1.00000
         kbh =   1.00000
        cHsq =   0.00000
       chdup =   0.00000
         cHw =   0.00000
          cH =   0.00000
         cHb =   0.00000
        cHwb =   0.00000
      cHq1st =  -3.00000
      cHq3st =   0.00000
      cHq1rd =   0.00000
      cHq3rd =   0.00000
       cHdst =   0.00000
       cHust =   0.00000
       cHdrd =   0.00000
       cHurd =   0.00000
         cth =   0.00000
         cbh =   0.00000
 --------------

  mH       = 125.0000      GeV
  fact_scale 1.0
  ren_scale  1.0
  Kqq      =   0.10576198590692992            +-    3.1854733456118584E-003
  Kgq      =  -0.17545817555366722            +-    9.5863227983656598E-004
  K_nlo    =   0.93030381035326259            +-    3.3265922929550983E-003
  Kqq2     =    5.2869379537208411E-002       +-    1.0378616157838499E-002
  Kgq2     =   -9.0693836745877207E-002       +-    9.9415074613378937E-004
  Kqqs     =    1.2836152953022207E-003       +-    2.4412071144227631E-005
  Kgg      =    3.6608727166726890E-003       +-    8.3983623638020164E-006
  Kgghhz   =    1.4581565643342473E-002       +-    4.0234739219605322E-005
  K_nnlo   =   0.89742384115656870            +-    1.0943988844248744E-002
  K_nnlo2  =   0.91200540679991116            +-    1.0944062803971887E-002
  sig_LO   = (   3.5333590131666042            +-    2.2691335519142566E-002 ) fb
  sig_NLO  = (   3.2870973532949361            +-    2.5554926692266725E-002 ) fb
  sig_NNLO = (   3.1709206177811580            +-    4.4835159057036583E-002 ) fb
  sig_HHZ  = (   3.2224425241731427            +-    4.4835384443647590E-002 ) fb

  pp ---> HHZ + X
  ===============

  PDFSET = PDF4LHC21_40                                NSET =  32
  Sqrt(S)  = 14.0 TeV
  LOOP     = 3
  alphaS(MZ) =   0.11800
          kl =   1.00000
          kv =   1.00000
         k2v =   1.00000
         kth =   1.00000
         kbh =   1.00000
        cHsq =   0.00000
       chdup =   0.00000
         cHw =   0.00000
          cH =   0.00000
         cHb =   0.00000
        cHwb =   0.00000
      cHq1st =  -3.00000
      cHq3st =   0.00000
      cHq1rd =   0.00000
      cHq3rd =   0.00000
       cHdst =   0.00000
       cHust =   0.00000
       cHdrd =   0.00000
       cHurd =   0.00000
         cth =   0.00000
         cbh =   0.00000
 --------------

  mH       = 125.0000      GeV
  fact_scale 1.0
  ren_scale  1.0
  Kqq      =   0.10771481643335201            +-    3.1367210392201344E-003
  Kgq      =  -0.17290136899726008            +-    9.5032068387157433E-004
  K_nlo    =   0.93481344743609207            +-    3.2775186162828087E-003
  Kqq2     =    4.9391455673501172E-002       +-    9.8505085206175378E-003
  Kgq2     =   -8.9412050141742611E-002       +-    9.8489172549861745E-004
  Kqqs     =    1.2367906317014630E-003       +-    2.4214137279372581E-005
  Kgg      =    3.6311248763370302E-003       +-    8.3503586717222678E-006
  Kgghhz   =    1.4486933700996435E-002       +-    3.9900744748760621E-005
  K_nnlo   =   0.89966076847588905            +-    1.0428102135994299E-002
  K_nnlo2  =   0.91414770217688546            +-    1.0428178471246087E-002
  sig_LO   = (   3.5726934358939366            +-    2.2622000425863955E-002 ) fb
  sig_NLO  = (   3.3398018674403072            +-    2.5472905511628390E-002 ) fb
  sig_NNLO = (   3.2142121220651028            +-    4.3586639490955301E-002 ) fb
  sig_HHZ  = (   3.2659694950048834            +-    4.3586872605281622E-002 ) fb

  pp ---> HHZ + X
  ===============

  PDFSET = PDF4LHC21_40                                NSET =  33
  Sqrt(S)  = 14.0 TeV
  LOOP     = 3
  alphaS(MZ) =   0.11800
          kl =   1.00000
          kv =   1.00000
         k2v =   1.00000
         kth =   1.00000
         kbh =   1.00000
        cHsq =   0.00000
       chdup =   0.00000
         cHw =   0.00000
          cH =   0.00000
         cHb =   0.00000
        cHwb =   0.00000
      cHq1st =  -3.00000
      cHq3st =   0.00000
      cHq1rd =   0.00000
      cHq3rd =   0.00000
       cHdst =   0.00000
       cHust =   0.00000
       cHdrd =   0.00000
       cHurd =   0.00000
         cth =   0.00000
         cbh =   0.00000
 --------------

  mH       = 125.0000      GeV
  fact_scale 1.0
  ren_scale  1.0
  Kqq      =   0.11104645374672255            +-    3.0293211934586646E-003
  Kgq      =  -0.16761747378598041            +-    9.1994056731113281E-004
  K_nlo    =   0.94342897996074226            +-    3.1659244369571671E-003
  Kqq2     =    4.2781148301217396E-002       +-    8.7693602271044779E-003
  Kgq2     =   -8.6675606069960706E-002       +-    9.5360053281279386E-004
  Kqqs     =    1.2080872776323518E-003       +-    2.3415003949149200E-005
  Kgg      =    3.5149714401914623E-003       +-    8.0832685445405650E-006
  Kgghhz   =    1.4020473435615450E-002       +-    3.8636360610677787E-005
  K_nnlo   =   0.90425758090982267            +-    9.3720181343756263E-003
  K_nnlo2  =   0.91827805434543808            +-    9.3720977736804923E-003
  sig_LO   = (   3.6852866908693018            +-    2.2647715839785990E-002 ) fb
  sig_NLO  = (   3.4768062636297241            +-    2.5476378011337914E-002 ) fb
  sig_NNLO = (   3.3324484280446396            +-    4.1301720373328583E-002 ) fb
  sig_HHZ  = (   3.3841178921966000            +-    4.1301965807795230E-002 ) fb

  pp ---> HHZ + X
  ===============

  PDFSET = PDF4LHC21_40                                NSET =  34
  Sqrt(S)  = 14.0 TeV
  LOOP     = 3
  alphaS(MZ) =   0.11800
          kl =   1.00000
          kv =   1.00000
         k2v =   1.00000
         kth =   1.00000
         kbh =   1.00000
        cHsq =   0.00000
       chdup =   0.00000
         cHw =   0.00000
          cH =   0.00000
         cHb =   0.00000
        cHwb =   0.00000
      cHq1st =  -3.00000
      cHq3st =   0.00000
      cHq1rd =   0.00000
      cHq3rd =   0.00000
       cHdst =   0.00000
       cHust =   0.00000
       cHdrd =   0.00000
       cHurd =   0.00000
         cth =   0.00000
         cbh =   0.00000
 --------------

  mH       = 125.0000      GeV
  fact_scale 1.0
  ren_scale  1.0
  Kqq      =    9.3947346832043421E-002       +-    3.5521245620864237E-003
  Kgq      =  -0.19025550851063422            +-    1.0519809290460791E-003
  K_nlo    =   0.90369183832140931            +-    3.7046258623043594E-003
  Kqq2     =    8.1101563688681294E-002       +-    1.4322726961696737E-002
  Kgq2     =   -9.8432250671294352E-002       +-    1.0895676590790145E-003
  Kqqs     =    1.3578369674381581E-003       +-    2.6706235268195016E-005
  Kgg      =    4.0146829314922344E-003       +-    9.2551010136655569E-006
  Kgghhz   =    1.6050027787547459E-002       +-    4.4082988590158278E-005
  K_nnlo   =   0.89173367123772662            +-    1.4834173956192399E-002
  K_nnlo2  =   0.90778369902527412            +-    1.4834239457163279E-002
  sig_LO   = (   3.2422106660469510            +-    2.2804092974925319E-002 ) fb
  sig_NLO  = (   2.9299593170252498            +-    2.5773921722792505E-002 ) fb
  sig_NNLO = (   2.8911884201601623            +-    5.3227863136668503E-002 ) fb
  sig_HHZ  = (   2.9432259914432986            +-    5.3228055027714272E-002 ) fb

  pp ---> HHZ + X
  ===============

  PDFSET = PDF4LHC21_40                                NSET =  35
  Sqrt(S)  = 14.0 TeV
  LOOP     = 3
  alphaS(MZ) =   0.11800
          kl =   1.00000
          kv =   1.00000
         k2v =   1.00000
         kth =   1.00000
         kbh =   1.00000
        cHsq =   0.00000
       chdup =   0.00000
         cHw =   0.00000
          cH =   0.00000
         cHb =   0.00000
        cHwb =   0.00000
      cHq1st =  -3.00000
      cHq3st =   0.00000
      cHq1rd =   0.00000
      cHq3rd =   0.00000
       cHdst =   0.00000
       cHust =   0.00000
       cHdrd =   0.00000
       cHurd =   0.00000
         cth =   0.00000
         cbh =   0.00000
 --------------

  mH       = 125.0000      GeV
  fact_scale 1.0
  ren_scale  1.0
  Kqq      =   0.10776206774992203            +-    3.1259664173177455E-003
  Kgq      =  -0.17222062615441788            +-    9.4476747520390043E-004
  K_nlo    =   0.93554144159550412            +-    3.2656165764525227E-003
  Kqq2     =    4.9170151805182763E-002       +-    9.8144049290217576E-003
  Kgq2     =   -8.9055515448516781E-002       +-    9.7919381825988298E-004
  Kqqs     =    1.2495986523626394E-003       +-    2.4030630300598917E-005
  Kgg      =    3.6133786095420731E-003       +-    8.3065247742681531E-006
  Kgghhz   =    1.4417174401532206E-002       +-    3.9684825432535279E-005
  K_nnlo   =   0.90051905521407483            +-    1.0389719088525585E-002
  K_nnlo2  =   0.91493622961560706            +-    1.0389794878814621E-002
  sig_LO   = (   3.5913866724206351            +-    2.2665674012522962E-002 ) fb
  sig_NLO  = (   3.3598910648432816            +-    2.5520206050928061E-002 ) fb
  sig_NNLO = (   3.2341121331566502            +-    4.3658103039921431E-002 ) fb
  sig_HHZ  = (   3.2858897811562771            +-    4.3658335676106587E-002 ) fb

  pp ---> HHZ + X
  ===============

  PDFSET = PDF4LHC21_40                                NSET =  36
  Sqrt(S)  = 14.0 TeV
  LOOP     = 3
  alphaS(MZ) =   0.11800
          kl =   1.00000
          kv =   1.00000
         k2v =   1.00000
         kth =   1.00000
         kbh =   1.00000
        cHsq =   0.00000
       chdup =   0.00000
         cHw =   0.00000
          cH =   0.00000
         cHb =   0.00000
        cHwb =   0.00000
      cHq1st =  -3.00000
      cHq3st =   0.00000
      cHq1rd =   0.00000
      cHq3rd =   0.00000
       cHdst =   0.00000
       cHust =   0.00000
       cHdrd =   0.00000
       cHurd =   0.00000
         cth =   0.00000
         cbh =   0.00000
 --------------

  mH       = 125.0000      GeV
  fact_scale 1.0
  ren_scale  1.0
  Kqq      =   0.10582025893910019            +-    3.1761677354289210E-003
  Kgq      =  -0.17498007591533862            +-    9.5857816698999515E-004
  K_nlo    =   0.93084018302376159            +-    3.3176668889160015E-003
  Kqq2     =    5.3422772319835977E-002       +-    1.0444082369880460E-002
  Kgq2     =   -9.0457885513692618E-002       +-    9.9361314758810663E-004
  Kqqs     =    1.2716429178144476E-003       +-    2.4320580518853228E-005
  Kgg      =    3.6819912642549074E-003       +-    8.4633441717000068E-006
  Kgghhz   =    1.4675929118304544E-002       +-    4.0506909868653282E-005
  K_nnlo   =   0.89875870401197433            +-    1.1003349505516432E-002
  K_nnlo2  =   0.91343463313027884            +-    1.1003424064821632E-002
  sig_LO   = (   3.5432630880106157            +-    2.2663324058694014E-002 ) fb
  sig_NLO  = (   3.2982116613451398            +-    2.5530665911734696E-002 ) fb
  sig_NNLO = (   3.1845385409538864            +-    4.5096251004376878E-002 ) fb
  sig_HHZ  = (   3.2365392188810351            +-    4.5096479403005894E-002 ) fb

  pp ---> HHZ + X
  ===============

  PDFSET = PDF4LHC21_40                                NSET =  37
  Sqrt(S)  = 14.0 TeV
  LOOP     = 3
  alphaS(MZ) =   0.11800
          kl =   1.00000
          kv =   1.00000
         k2v =   1.00000
         kth =   1.00000
         kbh =   1.00000
        cHsq =   0.00000
       chdup =   0.00000
         cHw =   0.00000
          cH =   0.00000
         cHb =   0.00000
        cHwb =   0.00000
      cHq1st =  -3.00000
      cHq3st =   0.00000
      cHq1rd =   0.00000
      cHq3rd =   0.00000
       cHdst =   0.00000
       cHust =   0.00000
       cHdrd =   0.00000
       cHurd =   0.00000
         cth =   0.00000
         cbh =   0.00000
 --------------

  mH       = 125.0000      GeV
  fact_scale 1.0
  ren_scale  1.0
  Kqq      =   0.10107802970359507            +-    3.2872638365310405E-003
  Kgq      =  -0.17909112630858506            +-    9.8163490128904437E-004
  K_nlo    =   0.92198690339501010            +-    3.4307011834891024E-003
  Kqq2     =    6.4296623476564868E-002       +-    1.1991010139160875E-002
  Kgq2     =   -9.2610188657326190E-002       +-    1.0174872976919406E-003
  Kqqs     =    1.2984034775062499E-003       +-    2.4988135816324531E-005
  Kgg      =    3.7528067169698164E-003       +-    8.6254581544576242E-006
  Kgghhz   =    1.4969929175075903E-002       +-    4.1225559130903489E-005
  K_nnlo   =   0.89872454840872484            +-    1.2513593168002421E-002
  K_nnlo2  =   0.91369447758380073            +-    1.2513661075840376E-002
  sig_LO   = (   3.4560424708586663            +-    2.2744870737524944E-002 ) fb
  sig_NLO  = (   3.1864258957086209            +-    2.5649742108966433E-002 ) fb
  sig_NNLO = (   3.1060302089038285            +-    4.8863853906936337E-002 ) fb
  sig_HHZ  = (   3.1577669199186369            +-    4.8864061624210663E-002 ) fb

  pp ---> HHZ + X
  ===============

  PDFSET = PDF4LHC21_40                                NSET =  38
  Sqrt(S)  = 14.0 TeV
  LOOP     = 3
  alphaS(MZ) =   0.11800
          kl =   1.00000
          kv =   1.00000
         k2v =   1.00000
         kth =   1.00000
         kbh =   1.00000
        cHsq =   0.00000
       chdup =   0.00000
         cHw =   0.00000
          cH =   0.00000
         cHb =   0.00000
        cHwb =   0.00000
      cHq1st =  -3.00000
      cHq3st =   0.00000
      cHq1rd =   0.00000
      cHq3rd =   0.00000
       cHdst =   0.00000
       cHust =   0.00000
       cHdrd =   0.00000
       cHurd =   0.00000
         cth =   0.00000
         cbh =   0.00000
 --------------

  mH       = 125.0000      GeV
  fact_scale 1.0
  ren_scale  1.0
  Kqq      =   0.10748500665276328            +-    3.1403963218542236E-003
  Kgq      =  -0.17313766486294080            +-    9.5031781390154024E-004
  K_nlo    =   0.93434734178982248            +-    3.2810353557580175E-003
  Kqq2     =    4.9655181727754738E-002       +-    9.8962926200012926E-003
  Kgq2     =   -8.9520151311812388E-002       +-    9.8502143634348759E-004
  Kqqs     =    1.2463953873484315E-003       +-    2.4203697841950809E-005
  Kgg      =    3.6348907572433344E-003       +-    8.3502446313461433E-006
  Kgghhz   =    1.4496311411539621E-002       +-    3.9923138870831274E-005
  K_nnlo   =   0.89936365835035659            +-    1.0472474559628063E-002
  K_nnlo2  =   0.91385996976189621            +-    1.0472550656791988E-002
  sig_LO   = (   3.5683957914953548            +-    2.2619695140597359E-002 ) fb
  sig_NLO  = (   3.3341211222376743            +-    2.5470151928310217E-002 ) fb
  sig_NNLO = (   3.2092854934812785            +-    4.3682520374448301E-002 ) fb
  sig_HHZ  = (   3.2610140701144226            +-    4.3682752678378414E-002 ) fb

  pp ---> HHZ + X
  ===============

  PDFSET = PDF4LHC21_40                                NSET =  39
  Sqrt(S)  = 14.0 TeV
  LOOP     = 3
  alphaS(MZ) =   0.11800
          kl =   1.00000
          kv =   1.00000
         k2v =   1.00000
         kth =   1.00000
         kbh =   1.00000
        cHsq =   0.00000
       chdup =   0.00000
         cHw =   0.00000
          cH =   0.00000
         cHb =   0.00000
        cHwb =   0.00000
      cHq1st =  -3.00000
      cHq3st =   0.00000
      cHq1rd =   0.00000
      cHq3rd =   0.00000
       cHdst =   0.00000
       cHust =   0.00000
       cHdrd =   0.00000
       cHurd =   0.00000
         cth =   0.00000
         cbh =   0.00000
 --------------

  mH       = 125.0000      GeV
  fact_scale 1.0
  ren_scale  1.0
  Kqq      =   0.10839802761030677            +-    3.1143521359977529E-003
  Kgq      =  -0.17148728762673704            +-    9.4292160477013609E-004
  K_nlo    =   0.93691073998356966            +-    3.2539653316739649E-003
  Kqq2     =    4.8076024151544106E-002       +-    9.6426222847087063E-003
  Kgq2     =   -8.8692995000568139E-002       +-    9.7706568994105985E-004
  Kqqs     =    1.2343480754992248E-003       +-    2.3947125404795760E-005
  Kgg      =    3.6047239993323211E-003       +-    8.3018983115216812E-006
  Kgghhz   =    1.4395718124486976E-002       +-    3.9602590279331990E-005
  K_nnlo   =   0.90113284120937720            +-    1.0223685962219680E-002
  K_nnlo2  =   0.91552855933386412            +-    1.0223762664461875E-002
  sig_LO   = (   3.6059796371822763            +-    2.2693700427983354E-002 ) fb
  sig_NLO  = (   3.3784810502381308            +-    2.5547691144268130E-002 ) fb
  sig_NNLO = (   3.2494666757972244            +-    4.3291289407039336E-002 ) fb
  sig_HHZ  = (   3.3013773422167403            +-    4.3291524945605467E-002 ) fb

  pp ---> HHZ + X
  ===============

  PDFSET = PDF4LHC21_40                                NSET =  40
  Sqrt(S)  = 14.0 TeV
  LOOP     = 3
  alphaS(MZ) =   0.11800
          kl =   1.00000
          kv =   1.00000
         k2v =   1.00000
         kth =   1.00000
         kbh =   1.00000
        cHsq =   0.00000
       chdup =   0.00000
         cHw =   0.00000
          cH =   0.00000
         cHb =   0.00000
        cHwb =   0.00000
      cHq1st =  -3.00000
      cHq3st =   0.00000
      cHq1rd =   0.00000
      cHq3rd =   0.00000
       cHdst =   0.00000
       cHust =   0.00000
       cHdrd =   0.00000
       cHurd =   0.00000
         cth =   0.00000
         cbh =   0.00000
 --------------

  mH       = 125.0000      GeV
  fact_scale 1.0
  ren_scale  1.0
  Kqq      =   0.10334462935838119            +-    3.2485879848814358E-003
  Kgq      =  -0.17822566754598282            +-    9.7761357926952818E-004
  K_nlo    =   0.92511896181239850            +-    3.3924994039628373E-003
  Kqq2     =    5.9573467917825765E-002       +-    1.1321529649854487E-002
  Kgq2     =   -9.2157384779488191E-002       +-    1.0133473038480404E-003
  Kqqs     =    1.2943330400685073E-003       +-    2.4866947840518176E-005
  Kgg      =    3.7430015328701939E-003       +-    8.6012562077303594E-006
  Kgghhz   =    1.4928957061121441E-002       +-    4.1120663755338222E-005
  K_nnlo   =   0.89757237952367486            +-    1.1862278487851388E-002
  K_nnlo2  =   0.91250133658479626            +-    1.1862349760158375E-002
  sig_LO   = (   3.4647940214917634            +-    2.2596638140385858E-002 ) fb
  sig_NLO  = (   3.2053466480562647            +-    2.5471001112595936E-002 ) fb
  sig_NNLO = (   3.1099034144297639            +-    4.6902526112551045E-002 ) fb
  sig_HHZ  = (   3.1616291756022448            +-    4.6902742507860973E-002 ) fb

  pp ---> HHZ + X
  ===============

  PDFSET = PDF4LHC21_40                                NSET =  41
  Sqrt(S)  = 14.0 TeV
  LOOP     = 3
  alphaS(MZ) =   0.11700
          kl =   1.00000
          kv =   1.00000
         k2v =   1.00000
         kth =   1.00000
         kbh =   1.00000
        cHsq =   0.00000
       chdup =   0.00000
         cHw =   0.00000
          cH =   0.00000
         cHb =   0.00000
        cHwb =   0.00000
      cHq1st =  -3.00000
      cHq3st =   0.00000
      cHq1rd =   0.00000
      cHq3rd =   0.00000
       cHdst =   0.00000
       cHust =   0.00000
       cHdrd =   0.00000
       cHurd =   0.00000
         cth =   0.00000
         cbh =   0.00000
 --------------

  mH       = 125.0000      GeV
  fact_scale 1.0
  ren_scale  1.0
  Kqq      =    9.6427331049487253E-002       +-    3.3506814349267985E-003
  Kgq      =  -0.18090625666020238            +-    9.8036269075831299E-004
  K_nlo    =   0.91552107438928476            +-    3.4911569835505804E-003
  Kqq2     =    7.3535933221064415E-002       +-    1.3108808589096091E-002
  Kgq2     =   -9.2870566073069455E-002       +-    1.0106073353121330E-003
  Kqqs     =    1.2666813959820963E-003       +-    2.5160133167208068E-005
  Kgg      =    3.7077907114403757E-003       +-    8.4645370121848175E-006
  Kgghhz   =    1.4726687978444413E-002       +-    4.0599537195016825E-005
  K_nnlo   =   0.90116091364470219            +-    1.3603347807662199E-002
  K_nnlo2  =   0.91588760162314664            +-    1.3603408392702486E-002
  sig_LO   = (   3.3940017485625016            +-    2.2811503884238641E-002 ) fb
  sig_NLO  = (   3.1072801273230528            +-    2.5705317394716470E-002 ) fb
  sig_NNLO = (   3.0585417166463009            +-    5.1497707438454589E-002 ) fb
  sig_HHZ  = (   3.1085241213956758            +-    5.1497891790355757E-002 ) fb

  pp ---> HHZ + X
  ===============

  PDFSET = PDF4LHC21_40                                NSET =  42
  Sqrt(S)  = 14.0 TeV
  LOOP     = 3
  alphaS(MZ) =   0.11900
          kl =   1.00000
          kv =   1.00000
         k2v =   1.00000
         kth =   1.00000
         kbh =   1.00000
        cHsq =   0.00000
       chdup =   0.00000
         cHw =   0.00000
          cH =   0.00000
         cHb =   0.00000
        cHwb =   0.00000
      cHq1st =  -3.00000
      cHq3st =   0.00000
      cHq1rd =   0.00000
      cHq3rd =   0.00000
       cHdst =   0.00000
       cHust =   0.00000
       cHdrd =   0.00000
       cHurd =   0.00000
         cth =   0.00000
         cbh =   0.00000
 --------------

  mH       = 125.0000      GeV
  fact_scale 1.0
  ren_scale  1.0
  Kqq      =   0.11171616624836368            +-    3.1004131313535732E-003
  Kgq      =  -0.17012729594368456            +-    9.2206678306291587E-004
  K_nlo    =   0.94158887030467908            +-    3.2346203390038932E-003
  Kqq2     =    4.3600999126731856E-002       +-    8.9557752389856308E-003
  Kgq2     =   -8.8687102396177164E-002       +-    9.6229819335839103E-004
  Kqqs     =    1.3089228925148172E-003       +-    2.4057374958376502E-005
  Kgg      =    3.5149015099211300E-003       +-    8.0764298134349149E-006
  Kgghhz   =    1.4005272043812841E-002       +-    3.8466426823082568E-005
  K_nnlo   =   0.90132659143766980            +-    9.5705454738836612E-003
  K_nnlo2  =   0.91533186348148265            +-    9.5706227766884418E-003
  sig_LO   = (   3.6441767570389443            +-    2.2737320993036974E-002 ) fb
  sig_NLO  = (   3.4313162758508682            +-    2.5611161401930056E-002 ) fb
  sig_NNLO = (   3.2845934150182923            +-    4.1633809697906893E-002 ) fb
  sig_HHZ  = (   3.3356311018763622            +-    4.1634045683331913E-002 ) fb

