  pp ---> HHZ + X
  ===============

  PDFSET = PDF4LHC21_40                                NSET =   0
  Sqrt(S)  = 14.0 TeV
  LOOP     = 3
  alphaS(MZ) =   0.11800
          kl =   1.00000
          kv =   1.00000
         k2v =   1.00000
         kth =   1.00000
         kbh =   1.00000
        cHsq =   0.00000
       chdup =   0.00000
         cHw =   0.00000
          cH =   0.00000
         cHb =   0.00000
        cHwb =   0.00000
      cHq1st =   0.00000
      cHq3st =   0.00000
      cHq1rd =  -6.40000
      cHq3rd =   2.00000
       cHdst =   0.00000
       cHust =   0.00000
       cHdrd =   0.00000
       cHurd =  34.00000
         cth =   0.00000
         cbh =   0.00000
 --------------

  mH       = 125.0000      GeV
  fact_scale 0.5
  ren_scale  0.5
  Kqq      =   0.20649543556109029            +-    2.0323033256195483E-004
  Kgq      =   -2.6959786973678932E-002       +-    1.5396937492325946E-004
  K_nlo    =    1.1795356485874113            +-    2.5496889317621078E-004
  Kqq2     =    2.4852149044351395E-002       +-    1.9290149414376208E-004
  Kgq2     =   -2.0226899340073132E-002       +-    1.4664030821542185E-004
  Kqqs     =    1.5580780828524294E-003       +-    4.2591859501181262E-006
  Kgg      =    5.2346976084982220E-004       +-    2.8761411055314575E-006
  Kgghhz   =   0.92193226176460041            +-    3.5681125050795993E-003
  K_nnlo   =    1.1862424461353918            +-    3.5178106227670697E-004
  K_nnlo2  =    2.1081747078999920            +-    3.5854116590263302E-003
  sig_LO   = (  0.30851573629450840            +-    1.8329597278938736E-004 ) fb
  sig_NLO  = (  0.36390530910956576            +-    1.9946205313236618E-004 ) fb
  sig_NNLO = (  0.36597446169325909            +-    2.1301683763846915E-004 ) fb
  sig_HHZ  = (  0.65040507224522626            +-    1.1212396391287514E-003 ) fb

  mH       = 125.0000      GeV
  fact_scale 1.0
  ren_scale  0.5
  Kqq      =   0.28004309638130703            +-    2.6457288487486780E-004
  Kgq      =   -8.7574961992160236E-002       +-    1.5483997627602369E-004
  K_nlo    =    1.1924681343891468            +-    3.0655216467050046E-004
  Kqq2     =    4.4717169320761196E-002       +-    2.8569297354031693E-004
  Kgq2     =   -4.2198890486335482E-002       +-    1.9450125599894093E-004
  Kqqs     =    2.4171453175494202E-003       +-    4.3091526646062083E-006
  Kgg      =    2.0439738234259500E-003       +-    3.4600026268573205E-006
  Kgghhz   =   0.87420637727769079            +-    3.3619929050574759E-003
  K_nnlo   =    1.1994475323645479            +-    4.6201296929253852E-004
  K_nnlo2  =    2.0736539096422386            +-    3.3935898805617795E-003
  sig_LO   = (  0.30550905406173040            +-    1.8122187477228880E-004 ) fb
  sig_NLO  = (  0.36430981173598465            +-    2.0399148541108336E-004 ) fb
  sig_NNLO = (  0.36644208100936981            +-    2.2970513509778441E-004 ) fb
  sig_HHZ  = (  0.63352004438620935            +-    1.0524915431427116E-003 ) fb

  mH       = 125.0000      GeV
  fact_scale 0.5
  ren_scale  1.0
  Kqq      =   0.18977314656810029            +-    1.8692571381078265E-004
  Kgq      =   -2.4780676271416852E-002       +-    1.4144213497278312E-004
  K_nlo    =    1.1649924702966834            +-    2.3440797774250264E-004
  Kqq2     =    3.5600181734658572E-002       +-    1.4157367740504171E-004
  Kgq2     =   -1.8982812391976786E-002       +-    1.2446991564731051E-004
  Kqqs     =    1.3133187748042405E-003       +-    3.5909551594254804E-006
  Kgg      =    4.4129529279937613E-004       +-    2.4225927244293417E-006
  Kgghhz   =   0.77696821132025107            +-    3.0161010706017560E-003
  K_nnlo   =    1.1833644537069687            +-    3.0083505443852536E-004
  K_nnlo2  =    1.9603326650272197            +-    3.0310670395199261E-003
  sig_LO   = (  0.30851573629450840            +-    1.8329597278938736E-004 ) fb
  sig_NLO  = (  0.35941850975113954            +-    1.9704666019172614E-004 ) fb
  sig_NNLO = (  0.36508655574015425            +-    2.0545448557306658E-004 ) fb
  sig_HHZ  = (  0.60479347553304874            +-    9.5292656884714592E-004 ) fb

  mH       = 125.0000      GeV
  fact_scale 1.0
  ren_scale  1.0
  Kqq      =   0.25735863149616867            +-    2.4322997822900100E-004
  Kgq      =   -8.0439157906749742E-002       +-    1.4221321410496043E-004
  K_nlo    =    1.1769194735894188            +-    2.8175418466341119E-004
  Kqq2     =    5.7595577771826729E-002       +-    2.1116238292987719E-004
  Kgq2     =   -4.1795998234213844E-002       +-    1.4999016247536340E-004
  Kqqs     =    2.0399012801187583E-003       +-    3.6366123732883909E-006
  Kgg      =    1.7222307099881305E-003       +-    2.9136547685272759E-006
  Kgghhz   =   0.73664307511116112            +-    2.8403058008111604E-003
  K_nnlo   =    1.1964811851171386            +-    3.8274500089879334E-004
  K_nnlo2  =    1.9331242602282996            +-    2.8659781537608668E-003
  sig_LO   = (  0.30550905406173040            +-    1.8122187477228880E-004 ) fb
  sig_NLO  = (  0.35955955508313309            +-    2.0062619024894857E-004 ) fb
  sig_NNLO = (  0.36553583506779519            +-    2.1567214769996213E-004 ) fb
  sig_HHZ  = (  0.59058696412613021            +-    8.9413963545673114E-004 ) fb

  mH       = 125.0000      GeV
  fact_scale 1.5
  ren_scale  1.0
  Kqq      =   0.29796280678585207            +-    2.8767373938686641E-004
  Kgq      =  -0.11164884074798574            +-    1.3698202513129281E-004
  K_nlo    =    1.1863139660378663            +-    3.1862243414720952E-004
  Kqq2     =    7.0372483329257329E-002       +-    2.6833621191802890E-004
  Kgq2     =   -5.7521144252358894E-002       +-    1.7096223612859357E-004
  Kqqs     =    3.5353804154773481E-003       +-    4.4137489752804578E-006
  Kgg      =    2.8770139491671597E-003       +-    3.3716257525330737E-006
  Kgghhz   =   0.71503880283409293            +-    2.7470115581490471E-003
  K_nnlo   =    1.2055776994794094            +-    4.5031490469529334E-004
  K_nnlo2  =    1.9206165023135022            +-    2.7836767078802788E-003
  sig_LO   = (  0.30340378502686050            +-    1.7989139680753028E-004 ) fb
  sig_NLO  = (  0.35993214752611508            +-    2.0422107067619632E-004 ) fb
  sig_NNLO = (  0.36577683716602777            +-    2.2589360137479172E-004 ) fb
  sig_HHZ  = (  0.58272231638696659            +-    8.6352359335363765E-004 ) fb

  mH       = 125.0000      GeV
  fact_scale 2.0
  ren_scale  1.0
  Kqq      =   0.32717573687390522            +-    3.3056939406693811E-004
  Kgq      =  -0.13314918443987686            +-    1.5409818015169041E-004
  K_nlo    =    1.1940265524340283            +-    3.6472232372017680E-004
  Kqq2     =    7.9420238805108276E-002       +-    3.1675422015853727E-004
  Kgq2     =   -6.9707035377368234E-002       +-    1.9400622474264240E-004
  Kqqs     =    5.0486557254515521E-003       +-    5.4740865047724330E-006
  Kgg      =    3.8516173151856258E-003       +-    3.8883596373804075E-006
  Kgghhz   =   0.70047795527753354            +-    2.6851361126050354E-003
  K_nnlo   =    1.2126400289024055            +-    5.2061416577991082E-004
  K_nnlo2  =    1.9131179841799391            +-    2.7351407738590702E-003
  sig_LO   = (  0.30179275480193396            +-    1.7889983649916865E-004 ) fb
  sig_NLO  = (  0.36034856256572123            +-    2.1004922884012553E-004 ) fb
  sig_NNLO = (  0.36596597490555377            +-    2.3809890061707710E-004 ) fb
  sig_HHZ  = (  0.57736514670678651            +-    8.4460979382691692E-004 ) fb

  mH       = 125.0000      GeV
  fact_scale 1.0
  ren_scale  1.5
  Kqq      =   0.24574595673101057            +-    2.3230258260707509E-004
  Kgq      =   -7.6788979065922358E-002       +-    1.3575570720608156E-004
  K_nlo    =    1.1689569776650881            +-    2.6906152070658540E-004
  Kqq2     =    6.3105737618240690E-002       +-    1.8856247652506347E-004
  Kgq2     =   -4.1419998874708937E-002       +-    1.3289640256413312E-004
  Kqqs     =    1.8592771233386497E-003       +-    3.3145892081120225E-006
  Kgg      =    1.5684513775659514E-003       +-    2.6527213372554302E-006
  Kgghhz   =   0.67089538723920095            +-    2.5898757384742194E-003
  K_nnlo   =    1.1940704449095243            +-    3.5444236022914247E-004
  K_nnlo2  =    1.8649658321487252            +-    2.6140171628094159E-003
  sig_LO   = (  0.30550905406173040            +-    1.8122187477228880E-004 ) fb
  sig_NLO  = (  0.35712694048532040            +-    1.9899328636807287E-004 ) fb
  sig_NNLO = (  0.36479933210737842            +-    2.1110917782608709E-004 ) fb
  sig_HHZ  = (  0.56976394723720503            +-    8.1890949958990063E-004 ) fb

  mH       = 125.0000      GeV
  fact_scale 1.5
  ren_scale  1.5
  Kqq      =   0.28451861587068317            +-    2.7482749576213605E-004
  Kgq      =  -0.10657781252631689            +-    1.3079542828064056E-004
  K_nlo    =    1.1779408033443663            +-    3.0436424968449086E-004
  Kqq2     =    7.6419220674584315E-002       +-    2.3311630593569646E-004
  Kgq2     =   -5.7079720333339523E-002       +-    1.5576065029379864E-004
  Kqqs     =    3.2222934318247060E-003       +-    4.0226615389640570E-006
  Kgg      =    2.6198784288626441E-003       +-    3.0715750527253961E-006
  Kgghhz   =   0.65122467741498458            +-    2.5055739036661502E-003
  K_nnlo   =    1.2031224755462986            +-    4.1384514632675944E-004
  K_nnlo2  =    1.8543471529612832            +-    2.5395212918719635E-003
  sig_LO   = (  0.30340378502686050            +-    1.7989139680753028E-004 ) fb
  sig_NLO  = (  0.35739169827226142            +-    2.0220920523971345E-004 ) fb
  sig_NNLO = (  0.36503191293163334            +-    2.1937815900548207E-004 ) fb
  sig_HHZ  = (  0.56261594496223588            +-    7.9122167441710532E-004 ) fb

  mH       = 125.0000      GeV
  fact_scale 2.0
  ren_scale  1.5
  Kqq      =   0.31241111577460634            +-    3.1569425659496673E-004
  Kgq      =  -0.12709786317994876            +-    1.4712819913037967E-004
  K_nlo    =    1.1853132525946575            +-    3.4829523486030832E-004
  Kqq2     =    8.5875363377493616E-002       +-    2.7238359818637653E-004
  Kgq2     =   -6.9110416199902630E-002       +-    1.8082507545859057E-004
  Kqqs     =    4.6012894006171277E-003       +-    4.9885964858278136E-006
  Kgg      =    3.5072080343667321E-003       +-    3.5414924523266888E-006
  Kgghhz   =   0.63795567255709629            +-    2.4485681369146696E-003
  K_nnlo   =    1.2101866972072324            +-    4.7774211805706230E-004
  K_nnlo2  =    1.8481423697643287            +-    2.4947391551982793E-003
  sig_LO   = (  0.30179275480193396            +-    1.7889983649916865E-004 ) fb
  sig_NLO  = (  0.35771895180378233            +-    2.0749431252508019E-004 ) fb
  sig_NNLO = (  0.36522557717482462            +-    2.2976676702488640E-004 ) fb
  sig_HHZ  = (  0.55775597703735125            +-    7.7385711287347920E-004 ) fb

  mH       = 125.0000      GeV
  fact_scale 1.0
  ren_scale  2.0
  Kqq      =   0.23813378624265102            +-    2.2513883869569254E-004
  Kgq      =   -7.4397308634310363E-002       +-    1.3152502773031190E-004
  K_nlo    =    1.1637364776083405            +-    2.6074188311183224E-004
  Kqq2     =    6.6321499107326917E-002       +-    1.8406534616087351E-004
  Kgq2     =   -4.1117499168806644E-002       +-    1.2438174647550011E-004
  Kqqs     =    1.7454593108221900E-003       +-    3.1116564042058676E-006
  Kgg      =    1.4716449007586532E-003       +-    2.4885258879182832E-006
  Kgghhz   =   0.62951117587675121            +-    2.4322107597758305E-003
  K_nnlo   =    1.1921575817584416            +-    3.4256835126583837E-004
  K_nnlo2  =    1.8216687576351926            +-    2.4562170619182493E-003
  sig_LO   = (  0.30550905406173040            +-    1.8122187477228880E-004 ) fb
  sig_NLO  = (  0.35553203045125426            +-    1.9795687697842399E-004 ) fb
  sig_NNLO = (  0.36421493509554159            +-    2.0927161527911181E-004 ) fb
  sig_HHZ  = (  0.55653629895893542            +-    7.7196913920453696E-004 ) fb

  mH       = 125.0000      GeV
  fact_scale 1.5
  ren_scale  2.0
  Kqq      =   0.27570590087264207            +-    2.6639565180245045E-004
  Kgq      =  -0.10325538085252886            +-    1.2674030527780669E-004
  K_nlo    =    1.1724505200201132            +-    2.9500804782440099E-004
  Kqq2     =    7.9958549421807718E-002       +-    2.2404074134202160E-004
  Kgq2     =   -5.6699972401016555E-002       +-    1.4935230516465535E-004
  Kqqs     =    3.0250086542764438E-003       +-    3.7762256156638792E-006
  Kgg      =    2.4580274982166344E-003       +-    2.8826216666802083E-006
  Kgghhz   =   0.61101028048122996            +-    2.3528174392929120E-003
  K_nnlo   =    1.2011921331933975            +-    3.9944046178099759E-004
  K_nnlo2  =    1.8122024136746275            +-    2.3864833092122543E-003
  sig_LO   = (  0.30340378502686050            +-    1.7989139680753028E-004 ) fb
  sig_NLO  = (  0.35572592553081323            +-    2.0092869040594505E-004 ) fb
  sig_NNLO = (  0.36444623975536555            +-    2.1690632638996226E-004 ) fb
  sig_HHZ  = (  0.54982907154369443            +-    7.4608007819041919E-004 ) fb

  mH       = 125.0000      GeV
  fact_scale 2.0
  ren_scale  2.0
  Kqq      =   0.30273291840654493            +-    3.0594255476183642E-004
  Kgq      =  -0.12313339746312037            +-    1.4256092288511822E-004
  K_nlo    =    1.1795995209434245            +-    3.3752698195559994E-004
  Kqq2     =    8.9636927837143138E-002       +-    2.5685456681362527E-004
  Kgq2     =   -6.8608313947852870E-002       +-    1.7497499212826509E-004
  Kqqs     =    4.3194118951314520E-003       +-    4.6827347733756260E-006
  Kgg      =    3.2904386581337772E-003       +-    3.3231275988601153E-006
  Kgghhz   =   0.59856145192688259            +-    2.2991400980072996E-003
  K_nnlo   =    1.2082379853859802            +-    4.5885504366123460E-004
  K_nnlo2  =    1.8067994373128626            +-    2.3444814226942319E-003
  sig_LO   = (  0.30179275480193396            +-    1.7889983649916865E-004 ) fb
  sig_NLO  = (  0.35599458898855768            +-    2.0586709923148830E-004 ) fb
  sig_NNLO = (  0.36463747006597369            +-    2.2623355255752648E-004 ) fb
  sig_HHZ  = (  0.54527897956123295            +-    7.2981410397100408E-004 ) fb

  pp ---> HHZ + X
  ===============

  PDFSET = PDF4LHC21_40                                NSET =   1
  Sqrt(S)  = 14.0 TeV
  LOOP     = 3
  alphaS(MZ) =   0.11800
          kl =   1.00000
          kv =   1.00000
         k2v =   1.00000
         kth =   1.00000
         kbh =   1.00000
        cHsq =   0.00000
       chdup =   0.00000
         cHw =   0.00000
          cH =   0.00000
         cHb =   0.00000
        cHwb =   0.00000
      cHq1st =   0.00000
      cHq3st =   0.00000
      cHq1rd =  -6.40000
      cHq3rd =   2.00000
       cHdst =   0.00000
       cHust =   0.00000
       cHdrd =   0.00000
       cHurd =  34.00000
         cth =   0.00000
         cbh =   0.00000
 --------------

  mH       = 125.0000      GeV
  fact_scale 1.0
  ren_scale  1.0
  Kqq      =   0.25754633244561781            +-    2.4249847325308159E-004
  Kgq      =   -8.0515008316845632E-002       +-    1.4198300765037980E-004
  K_nlo    =    1.1770313241287722            +-    2.8100655506860212E-004
  Kqq2     =    5.7671826873592839E-002       +-    2.1078627923646904E-004
  Kgq2     =   -4.1842549059145015E-002       +-    1.4977590837809843E-004
  Kqqs     =    2.0419824535641011E-003       +-    3.6297229530064860E-006
  Kgg      =    1.7227985092332231E-003       +-    2.9145652359965366E-006
  Kgghhz   =   0.73682018991754417            +-    2.8393216178218537E-003
  K_nnlo   =    1.1966253829060172            +-    3.8190317073257332E-004
  K_nnlo2  =    1.9334455728235613            +-    2.8648904483847370E-003
  sig_LO   = (  0.30546346665197910            +-    1.8031924660111818E-004 ) fb
  sig_NLO  = (  0.35954006862634397            +-    1.9970744066867335E-004 ) fb
  sig_NNLO = (  0.36552533774622392            +-    2.1476497660243314E-004 ) fb
  sig_HHZ  = (  0.59059698725760656            +-    8.9350374304842935E-004 ) fb

  pp ---> HHZ + X
  ===============

  PDFSET = PDF4LHC21_40                                NSET =   2
  Sqrt(S)  = 14.0 TeV
  LOOP     = 3
  alphaS(MZ) =   0.11800
          kl =   1.00000
          kv =   1.00000
         k2v =   1.00000
         kth =   1.00000
         kbh =   1.00000
        cHsq =   0.00000
       chdup =   0.00000
         cHw =   0.00000
          cH =   0.00000
         cHb =   0.00000
        cHwb =   0.00000
      cHq1st =   0.00000
      cHq3st =   0.00000
      cHq1rd =  -6.40000
      cHq3rd =   2.00000
       cHdst =   0.00000
       cHust =   0.00000
       cHdrd =   0.00000
       cHurd =  34.00000
         cth =   0.00000
         cbh =   0.00000
 --------------

  mH       = 125.0000      GeV
  fact_scale 1.0
  ren_scale  1.0
  Kqq      =   0.25746868959824437            +-    2.4312898630669626E-004
  Kgq      =   -8.0944684606798170E-002       +-    1.4273592954781145E-004
  K_nlo    =    1.1765240049914460            +-    2.8193128518559180E-004
  Kqq2     =    5.7651270475339876E-002       +-    2.1117613178525313E-004
  Kgq2     =   -4.2068964036969726E-002       +-    1.5050877659521518E-004
  Kqqs     =    2.0624150738729878E-003       +-    3.6656348067492595E-006
  Kgg      =    1.7181672185145620E-003       +-    2.8955917115245310E-006
  Kgghhz   =   0.73463922567468398            +-    2.8282306011695769E-003
  K_nnlo   =    1.1958868937222036            +-    3.8308657163135693E-004
  K_nnlo2  =    1.9305261193968875            +-    2.8540574021480880E-003
  sig_LO   = (  0.30498371697078908            +-    1.8060194963017128E-004 ) fb
  sig_NLO  = (  0.35882066414765046            +-    2.0002597349648622E-004 ) fb
  sig_NNLO = (  0.36472602992404873            +-    2.1509886180572291E-004 ) fb
  sig_HHZ  = (  0.58877903160285616            +-    8.8897956081338328E-004 ) fb

  pp ---> HHZ + X
  ===============

  PDFSET = PDF4LHC21_40                                NSET =   3
  Sqrt(S)  = 14.0 TeV
  LOOP     = 3
  alphaS(MZ) =   0.11800
          kl =   1.00000
          kv =   1.00000
         k2v =   1.00000
         kth =   1.00000
         kbh =   1.00000
        cHsq =   0.00000
       chdup =   0.00000
         cHw =   0.00000
          cH =   0.00000
         cHb =   0.00000
        cHwb =   0.00000
      cHq1st =   0.00000
      cHq3st =   0.00000
      cHq1rd =  -6.40000
      cHq3rd =   2.00000
       cHdst =   0.00000
       cHust =   0.00000
       cHdrd =   0.00000
       cHurd =  34.00000
         cth =   0.00000
         cbh =   0.00000
 --------------

  mH       = 125.0000      GeV
  fact_scale 1.0
  ren_scale  1.0
  Kqq      =   0.25737546723963761            +-    2.4275231648666784E-004
  Kgq      =   -8.0425952250979676E-002       +-    1.4201016784186519E-004
  K_nlo    =    1.1769495149886580            +-    2.8123935522987901E-004
  Kqq2     =    5.7603340270183129E-002       +-    2.1054998541960627E-004
  Kgq2     =   -4.1791190110391910E-002       +-    1.4974232045518565E-004
  Kqqs     =    2.0403856903844033E-003       +-    3.6330803867805296E-006
  Kgg      =    1.7192308142305844E-003       +-    2.9067221057497750E-006
  Kgghhz   =   0.73528258855130291            +-    2.8368073430094943E-003
  K_nnlo   =    1.1965212816530642            +-    3.8193099132188119E-004
  K_nnlo2  =    1.9318038702043672            +-    2.8624023447944387E-003
  sig_LO   = (  0.30520545629810886            +-    1.8047335271169596E-004 ) fb
  sig_NLO  = (  0.35921141376195126            +-    1.9984597357198172E-004 ) fb
  sig_NNLO = (  0.36518482373732147            +-    2.1484551431857673E-004 ) fb
  sig_HHZ  = (  0.58959708168417646            +-    8.9206723808202574E-004 ) fb

  pp ---> HHZ + X
  ===============

  PDFSET = PDF4LHC21_40                                NSET =   4
  Sqrt(S)  = 14.0 TeV
  LOOP     = 3
  alphaS(MZ) =   0.11800
          kl =   1.00000
          kv =   1.00000
         k2v =   1.00000
         kth =   1.00000
         kbh =   1.00000
        cHsq =   0.00000
       chdup =   0.00000
         cHw =   0.00000
          cH =   0.00000
         cHb =   0.00000
        cHwb =   0.00000
      cHq1st =   0.00000
      cHq3st =   0.00000
      cHq1rd =  -6.40000
      cHq3rd =   2.00000
       cHdst =   0.00000
       cHust =   0.00000
       cHdrd =   0.00000
       cHurd =  34.00000
         cth =   0.00000
         cbh =   0.00000
 --------------

  mH       = 125.0000      GeV
  fact_scale 1.0
  ren_scale  1.0
  Kqq      =   0.25784917160578508            +-    2.4327795756124012E-004
  Kgq      =   -8.1221018879549980E-002       +-    1.4376863780430371E-004
  K_nlo    =    1.1766281527262352            +-    2.8258376784817918E-004
  Kqq2     =    5.7789823061518739E-002       +-    2.1116920852383173E-004
  Kgq2     =   -4.2199649731905070E-002       +-    1.5164984318603216E-004
  Kqqs     =    2.0546268676154265E-003       +-    3.6646403914875108E-006
  Kgg      =    1.7484596297469900E-003       +-    2.9656916540432980E-006
  Kgghhz   =   0.74803585382574878            +-    2.8866052301512587E-003
  K_nnlo   =    1.1960214125532114            +-    3.8401291688482185E-004
  K_nnlo2  =    1.9440572663789601            +-    2.9120363450807051E-003
  sig_LO   = (  0.30171490227210895            +-    1.7884929184822741E-004 ) fb
  sig_NLO  = (  0.35500624811040810            +-    1.9813200503530679E-004 ) fb
  sig_NNLO = (  0.36085748360384179            +-    2.1309896642366164E-004 ) fb
  sig_HHZ  = (  0.58655104813691117            +-    8.9662332989885599E-004 ) fb

  pp ---> HHZ + X
  ===============

  PDFSET = PDF4LHC21_40                                NSET =   5
  Sqrt(S)  = 14.0 TeV
  LOOP     = 3
  alphaS(MZ) =   0.11800
          kl =   1.00000
          kv =   1.00000
         k2v =   1.00000
         kth =   1.00000
         kbh =   1.00000
        cHsq =   0.00000
       chdup =   0.00000
         cHw =   0.00000
          cH =   0.00000
         cHb =   0.00000
        cHwb =   0.00000
      cHq1st =   0.00000
      cHq3st =   0.00000
      cHq1rd =  -6.40000
      cHq3rd =   2.00000
       cHdst =   0.00000
       cHust =   0.00000
       cHdrd =   0.00000
       cHurd =  34.00000
         cth =   0.00000
         cbh =   0.00000
 --------------

  mH       = 125.0000      GeV
  fact_scale 1.0
  ren_scale  1.0
  Kqq      =   0.25744615517782166            +-    2.4352949450606523E-004
  Kgq      =   -8.0321032621949576E-002       +-    1.4188643543088103E-004
  K_nlo    =    1.1771251225558719            +-    2.8184814218593177E-004
  Kqq2     =    5.7630749309860979E-002       +-    2.1155214020750305E-004
  Kgq2     =   -4.1735588430417622E-002       +-    1.4957181035551054E-004
  Kqqs     =    2.0381576047981747E-003       +-    3.6330292803400563E-006
  Kgg      =    1.7139207271615095E-003       +-    2.9004878129241378E-006
  Kgghhz   =   0.73290298116909181            +-    2.8321888553357387E-003
  K_nnlo   =    1.1967723617672748            +-    3.8286553966682059E-004
  K_nnlo2  =    1.9296753429363664            +-    2.8579502678934650E-003
  sig_LO   = (  0.30507809171726341            +-    1.8114652767049416E-004 ) fb
  sig_NLO  = (  0.35911508610179527            +-    2.0051833819320562E-004 ) fb
  sig_NNLO = (  0.36510902834792269            +-    2.1553935323219951E-004 ) fb
  sig_HHZ  = (  0.58870167125688266            +-    8.9051682253629282E-004 ) fb

  pp ---> HHZ + X
  ===============

  PDFSET = PDF4LHC21_40                                NSET =   6
  Sqrt(S)  = 14.0 TeV
  LOOP     = 3
  alphaS(MZ) =   0.11800
          kl =   1.00000
          kv =   1.00000
         k2v =   1.00000
         kth =   1.00000
         kbh =   1.00000
        cHsq =   0.00000
       chdup =   0.00000
         cHw =   0.00000
          cH =   0.00000
         cHb =   0.00000
        cHwb =   0.00000
      cHq1st =   0.00000
      cHq3st =   0.00000
      cHq1rd =  -6.40000
      cHq3rd =   2.00000
       cHdst =   0.00000
       cHust =   0.00000
       cHdrd =   0.00000
       cHurd =  34.00000
         cth =   0.00000
         cbh =   0.00000
 --------------

  mH       = 125.0000      GeV
  fact_scale 1.0
  ren_scale  1.0
  Kqq      =   0.25744499471161680            +-    2.4273970358407859E-004
  Kgq      =   -8.0539683429586853E-002       +-    1.4222769830845336E-004
  K_nlo    =    1.1769053112820300            +-    2.8133837609221885E-004
  Kqq2     =    5.7632499655526602E-002       +-    2.1088856143571072E-004
  Kgq2     =   -4.1851125307865340E-002       +-    1.5003399575410015E-004
  Kqqs     =    2.0402473592235335E-003       +-    3.6279792704215825E-006
  Kgg      =    1.7282636779913660E-003       +-    2.9274828062095183E-006
  Kgghhz   =   0.73925190047270739            +-    2.8503025466976996E-003
  K_nnlo   =    1.1964551966669064            +-    3.8230511306774190E-004
  K_nnlo2  =    1.9357070971396138            +-    2.8758271518276495E-003
  sig_LO   = (  0.30546661035628292            +-    1.8061035163409480E-004 ) fb
  sig_NLO  = (  0.35950527614762773            +-    2.0001423289013726E-004 ) fb
  sig_NNLO = (  0.36547711336899974            +-    2.1507674324133539E-004 ) fb
  sig_HHZ  = (  0.59129388560583784            +-    8.9684345642977302E-004 ) fb

  pp ---> HHZ + X
  ===============

  PDFSET = PDF4LHC21_40                                NSET =   7
  Sqrt(S)  = 14.0 TeV
  LOOP     = 3
  alphaS(MZ) =   0.11800
          kl =   1.00000
          kv =   1.00000
         k2v =   1.00000
         kth =   1.00000
         kbh =   1.00000
        cHsq =   0.00000
       chdup =   0.00000
         cHw =   0.00000
          cH =   0.00000
         cHb =   0.00000
        cHwb =   0.00000
      cHq1st =   0.00000
      cHq3st =   0.00000
      cHq1rd =  -6.40000
      cHq3rd =   2.00000
       cHdst =   0.00000
       cHust =   0.00000
       cHdrd =   0.00000
       cHurd =  34.00000
         cth =   0.00000
         cbh =   0.00000
 --------------

  mH       = 125.0000      GeV
  fact_scale 1.0
  ren_scale  1.0
  Kqq      =   0.25748011532921816            +-    2.4399361172374592E-004
  Kgq      =   -8.0304968224221895E-002       +-    1.4196602668141867E-004
  K_nlo    =    1.1771751471049963            +-    2.8228927590984989E-004
  Kqq2     =    5.7643084593083142E-002       +-    2.1161978565316895E-004
  Kgq2     =   -4.1728540220051138E-002       +-    1.4968794859126868E-004
  Kqqs     =    2.0378234723872793E-003       +-    3.6364742183773368E-006
  Kgg      =    1.7139001160312640E-003       +-    2.8965207113177640E-006
  Kgghhz   =   0.73292289572088187            +-    2.8277806349490805E-003
  K_nnlo   =    1.1968414150664468            +-    3.8327309415615759E-004
  K_nnlo2  =    1.9297643107873288            +-    2.8536365543104926E-003
  sig_LO   = (  0.30527758200548044            +-    1.8166226225125470E-004 ) fb
  sig_NLO  = (  0.35936518250515903            +-    2.0106611293915124E-004 ) fb
  sig_NNLO = (  0.36536885323550250            +-    2.1608163612673754E-004 ) fb
  sig_HHZ  = (  0.58911378263762826            +-    8.8989084044581771E-004 ) fb

  pp ---> HHZ + X
  ===============

  PDFSET = PDF4LHC21_40                                NSET =   8
  Sqrt(S)  = 14.0 TeV
  LOOP     = 3
  alphaS(MZ) =   0.11800
          kl =   1.00000
          kv =   1.00000
         k2v =   1.00000
         kth =   1.00000
         kbh =   1.00000
        cHsq =   0.00000
       chdup =   0.00000
         cHw =   0.00000
          cH =   0.00000
         cHb =   0.00000
        cHwb =   0.00000
      cHq1st =   0.00000
      cHq3st =   0.00000
      cHq1rd =  -6.40000
      cHq3rd =   2.00000
       cHdst =   0.00000
       cHust =   0.00000
       cHdrd =   0.00000
       cHurd =  34.00000
         cth =   0.00000
         cbh =   0.00000
 --------------

  mH       = 125.0000      GeV
  fact_scale 1.0
  ren_scale  1.0
  Kqq      =   0.25718973045130011            +-    2.4332101728959590E-004
  Kgq      =   -8.0225696835460228E-002       +-    1.4228212343015594E-004
  K_nlo    =    1.1769640336158400            +-    2.8186755773348227E-004
  Kqq2     =    5.7526495070744629E-002       +-    2.1120914288386920E-004
  Kgq2     =   -4.1673665113512413E-002       +-    1.5004952159644217E-004
  Kqqs     =    2.0439232917427107E-003       +-    3.6442794420377046E-006
  Kgg      =    1.7213619428043012E-003       +-    2.9272758301834196E-006
  Kgghhz   =   0.73667679479591563            +-    2.8417726047768634E-003
  K_nnlo   =    1.1965821488076192            +-    3.8287769690612097E-004
  K_nnlo2  =    1.9332589436035348            +-    2.8674495406281193E-003
  sig_LO   = (  0.30582532404775092            +-    1.8154373350830370E-004 ) fb
  sig_NLO  = (  0.35994540697311223            +-    2.0097002978400303E-004 ) fb
  sig_NNLO = (  0.36594512340884422            +-    2.1603023111392176E-004 ) fb
  sig_HHZ  = (  0.59123954289576364            +-    8.9553312855724537E-004 ) fb

  pp ---> HHZ + X
  ===============

  PDFSET = PDF4LHC21_40                                NSET =   9
  Sqrt(S)  = 14.0 TeV
  LOOP     = 3
  alphaS(MZ) =   0.11800
          kl =   1.00000
          kv =   1.00000
         k2v =   1.00000
         kth =   1.00000
         kbh =   1.00000
        cHsq =   0.00000
       chdup =   0.00000
         cHw =   0.00000
          cH =   0.00000
         cHb =   0.00000
        cHwb =   0.00000
      cHq1st =   0.00000
      cHq3st =   0.00000
      cHq1rd =  -6.40000
      cHq3rd =   2.00000
       cHdst =   0.00000
       cHust =   0.00000
       cHdrd =   0.00000
       cHurd =  34.00000
         cth =   0.00000
         cbh =   0.00000
 --------------

  mH       = 125.0000      GeV
  fact_scale 1.0
  ren_scale  1.0
  Kqq      =   0.25741714753199557            +-    2.4232917648407868E-004
  Kgq      =   -8.0452800427983764E-002       +-    1.4204172166745293E-004
  K_nlo    =    1.1769643471040117            +-    2.8089015730300325E-004
  Kqq2     =    5.7618083593514863E-002       +-    2.1050790826173830E-004
  Kgq2     =   -4.1803811989093331E-002       +-    1.4985881180319273E-004
  Kqqs     =    2.0426566086832027E-003       +-    3.6329255849641133E-006
  Kgg      =    1.7201647194992284E-003       +-    2.9102735975838066E-006
  Kgghhz   =   0.73573624207597121            +-    2.8345775421351744E-003
  K_nnlo   =    1.1965414400366159            +-    3.8169646478088023E-004
  K_nnlo2  =    1.9322776821125871            +-    2.8601611901435398E-003
  sig_LO   = (  0.30673627336415271            +-    1.8097918712313248E-004 ) fb
  sig_NLO  = (  0.36101765771315764            +-    2.0044169708284372E-004 ) fb
  sig_NNLO = (  0.36702266224260827            +-    2.1554866728453208E-004 ) fb
  sig_HHZ  = (  0.59269965531593782            +-    8.9578758612259360E-004 ) fb

  pp ---> HHZ + X
  ===============

  PDFSET = PDF4LHC21_40                                NSET =  10
  Sqrt(S)  = 14.0 TeV
  LOOP     = 3
  alphaS(MZ) =   0.11800
          kl =   1.00000
          kv =   1.00000
         k2v =   1.00000
         kth =   1.00000
         kbh =   1.00000
        cHsq =   0.00000
       chdup =   0.00000
         cHw =   0.00000
          cH =   0.00000
         cHb =   0.00000
        cHwb =   0.00000
      cHq1st =   0.00000
      cHq3st =   0.00000
      cHq1rd =  -6.40000
      cHq3rd =   2.00000
       cHdst =   0.00000
       cHust =   0.00000
       cHdrd =   0.00000
       cHurd =  34.00000
         cth =   0.00000
         cbh =   0.00000
 --------------

  mH       = 125.0000      GeV
  fact_scale 1.0
  ren_scale  1.0
  Kqq      =   0.25732582581491331            +-    2.4339775503220447E-004
  Kgq      =   -8.0205643016643374E-002       +-    1.4197827464442720E-004
  K_nlo    =    1.1771201827982700            +-    2.8178058418870064E-004
  Kqq2     =    5.7581887652645380E-002       +-    2.1127818808949444E-004
  Kgq2     =   -4.1679031132080262E-002       +-    1.4974587305444063E-004
  Kqqs     =    2.0392436572811219E-003       +-    3.6393729775283054E-006
  Kgg      =    1.7137600745440991E-003       +-    2.9076477880753741E-006
  Kgghhz   =   0.73321426542553858            +-    2.8293842817833544E-003
  K_nnlo   =    1.1967760430506602            +-    3.8273266954399240E-004
  K_nnlo2  =    1.9299903084761989            +-    2.8551531850916478E-003
  sig_LO   = (  0.30510986888450220            +-    1.8120305609826059E-004 ) fb
  sig_NLO  = (  0.35915098463488138            +-    2.0056441008797142E-004 ) fb
  sig_NNLO = (  0.36514818157930035            +-    2.1557149244432058E-004 ) fb
  sig_HHZ  = (  0.58885908996753300            +-    8.8978169062671854E-004 ) fb

  pp ---> HHZ + X
  ===============

  PDFSET = PDF4LHC21_40                                NSET =  11
  Sqrt(S)  = 14.0 TeV
  LOOP     = 3
  alphaS(MZ) =   0.11800
          kl =   1.00000
          kv =   1.00000
         k2v =   1.00000
         kth =   1.00000
         kbh =   1.00000
        cHsq =   0.00000
       chdup =   0.00000
         cHw =   0.00000
          cH =   0.00000
         cHb =   0.00000
        cHwb =   0.00000
      cHq1st =   0.00000
      cHq3st =   0.00000
      cHq1rd =  -6.40000
      cHq3rd =   2.00000
       cHdst =   0.00000
       cHust =   0.00000
       cHdrd =   0.00000
       cHurd =  34.00000
         cth =   0.00000
         cbh =   0.00000
 --------------

  mH       = 125.0000      GeV
  fact_scale 1.0
  ren_scale  1.0
  Kqq      =   0.25727468955702404            +-    2.4316545608061291E-004
  Kgq      =   -8.0397248232729021E-002       +-    1.4216373419067888E-004
  K_nlo    =    1.1768774413242951            +-    2.8167351020273539E-004
  Kqq2     =    5.7560237745504846E-002       +-    2.1113194986004881E-004
  Kgq2     =   -4.1776350332960434E-002       +-    1.4994834206745618E-004
  Kqqs     =    2.0382427447527825E-003       +-    3.6362080300867033E-006
  Kgg      =    1.7214456059586433E-003       +-    2.9130725697224946E-006
  Kgghhz   =   0.73631788212536498            +-    2.8385308931338556E-003
  K_nnlo   =    1.1964210170875509            +-    3.8265242700269132E-004
  K_nnlo2  =    1.9327388992129158            +-    2.8642067856854076E-003
  sig_LO   = (  0.30568551411527478            +-    1.8132269528814272E-004 ) fb
  sig_NLO  = (  0.35975438570188623            +-    2.0072801141651639E-004 ) fb
  sig_NNLO = (  0.36572857370672790            +-    2.1577814012766825E-004 ) fb
  sig_HHZ  = (  0.59081028405649039            +-    8.9412506686177074E-004 ) fb

  pp ---> HHZ + X
  ===============

  PDFSET = PDF4LHC21_40                                NSET =  12
  Sqrt(S)  = 14.0 TeV
  LOOP     = 3
  alphaS(MZ) =   0.11800
          kl =   1.00000
          kv =   1.00000
         k2v =   1.00000
         kth =   1.00000
         kbh =   1.00000
        cHsq =   0.00000
       chdup =   0.00000
         cHw =   0.00000
          cH =   0.00000
         cHb =   0.00000
        cHwb =   0.00000
      cHq1st =   0.00000
      cHq3st =   0.00000
      cHq1rd =  -6.40000
      cHq3rd =   2.00000
       cHdst =   0.00000
       cHust =   0.00000
       cHdrd =   0.00000
       cHurd =  34.00000
         cth =   0.00000
         cbh =   0.00000
 --------------

  mH       = 125.0000      GeV
  fact_scale 1.0
  ren_scale  1.0
  Kqq      =   0.25719319814273600            +-    2.4261378016728026E-004
  Kgq      =   -8.0310897419618152E-002       +-    1.4201267038345392E-004
  K_nlo    =    1.1768823007231179            +-    2.8112105021946851E-004
  Kqq2     =    5.7526532402098922E-002       +-    2.1055701557241499E-004
  Kgq2     =   -4.1728289992736485E-002       +-    1.4984144494170284E-004
  Kqqs     =    2.0386167229408908E-003       +-    3.6332822463551399E-006
  Kgg      =    1.7187070422530740E-003       +-    2.9077348300691827E-006
  Kgghhz   =   0.73516600627589712            +-    2.8314052200836479E-003
  K_nnlo   =    1.1964378668976743            +-    3.8188665329806978E-004
  K_nnlo2  =    1.9316038731735714            +-    2.8570426906653198E-003
  sig_LO   = (  0.30743618863938998            +-    1.8195857503218129E-004 ) fb
  sig_NLO  = (  0.36181620901147177            +-    2.0144108830958690E-004 ) fb
  sig_NNLO = (  0.36782829774286280            +-    2.1654800747986777E-004 ) fb
  sig_HHZ  = (  0.59384493272956651            +-    8.9700738771105034E-004 ) fb

  pp ---> HHZ + X
  ===============

  PDFSET = PDF4LHC21_40                                NSET =  13
  Sqrt(S)  = 14.0 TeV
  LOOP     = 3
  alphaS(MZ) =   0.11800
          kl =   1.00000
          kv =   1.00000
         k2v =   1.00000
         kth =   1.00000
         kbh =   1.00000
        cHsq =   0.00000
       chdup =   0.00000
         cHw =   0.00000
          cH =   0.00000
         cHb =   0.00000
        cHwb =   0.00000
      cHq1st =   0.00000
      cHq3st =   0.00000
      cHq1rd =  -6.40000
      cHq3rd =   2.00000
       cHdst =   0.00000
       cHust =   0.00000
       cHdrd =   0.00000
       cHurd =  34.00000
         cth =   0.00000
         cbh =   0.00000
 --------------

  mH       = 125.0000      GeV
  fact_scale 1.0
  ren_scale  1.0
  Kqq      =   0.25731385169310428            +-    2.4292818532341276E-004
  Kgq      =   -8.0255284299126858E-002       +-    1.4183178632596414E-004
  K_nlo    =    1.1770585673939775            +-    2.8130118882958947E-004
  Kqq2     =    5.7573381496644621E-002       +-    2.1099930163469264E-004
  Kgq2     =   -4.1701703002870912E-002       +-    1.4957210207771062E-004
  Kqqs     =    2.0353957498263609E-003       +-    3.6287262666830125E-006
  Kgg      =    1.7166436142786636E-003       +-    2.9031095435965697E-006
  Kgghhz   =   0.73420390720589679            +-    2.8324329434536821E-003
  K_nnlo   =    1.1966822852518559            +-    3.8215765535516108E-004
  K_nnlo2  =    1.9308861924577527            +-    2.8580974183376332E-003
  sig_LO   = (  0.30519568575058942            +-    1.8083640712853938E-004 ) fb
  sig_NLO  = (  0.35923319664441128            +-    2.0018080942271125E-004 ) fb
  sig_NNLO = (  0.36522227067302265            +-    2.1518604036734084E-004 ) fb
  sig_HHZ  = (  0.58929813561348843            +-    8.9082684212815719E-004 ) fb

  pp ---> HHZ + X
  ===============

  PDFSET = PDF4LHC21_40                                NSET =  14
  Sqrt(S)  = 14.0 TeV
  LOOP     = 3
  alphaS(MZ) =   0.11800
          kl =   1.00000
          kv =   1.00000
         k2v =   1.00000
         kth =   1.00000
         kbh =   1.00000
        cHsq =   0.00000
       chdup =   0.00000
         cHw =   0.00000
          cH =   0.00000
         cHb =   0.00000
        cHwb =   0.00000
      cHq1st =   0.00000
      cHq3st =   0.00000
      cHq1rd =  -6.40000
      cHq3rd =   2.00000
       cHdst =   0.00000
       cHust =   0.00000
       cHdrd =   0.00000
       cHurd =  34.00000
         cth =   0.00000
         cbh =   0.00000
 --------------

  mH       = 125.0000      GeV
  fact_scale 1.0
  ren_scale  1.0
  Kqq      =   0.25743444336174781            +-    2.4349968962632484E-004
  Kgq      =   -8.0348928238297354E-002       +-    1.4201740642760395E-004
  K_nlo    =    1.1770855151234503            +-    2.8188835126081351E-004
  Kqq2     =    5.7626525595716994E-002       +-    2.1149905232338570E-004
  Kgq2     =   -4.1751832308004388E-002       +-    1.4978065702789337E-004
  Kqqs     =    2.0391087141056895E-003       +-    3.6367938146464893E-006
  Kgg      =    1.7160793044428578E-003       +-    2.9008590634895294E-006
  Kgghhz   =   0.73392868335023853            +-    2.8304836940897969E-003
  K_nnlo   =    1.1967153964297113            +-    3.8294748749991025E-004
  K_nnlo2  =    1.9306440797799498            +-    2.8562714718126350E-003
  sig_LO   = (  0.30569427979527652            +-    1.8153285339946111E-004 ) fb
  sig_NLO  = (  0.35982830880311523            +-    2.0094708569915652E-004 ) fb
  sig_NNLO = (  0.36582905123149950            +-    2.1600545702626231E-004 ) fb
  sig_HHZ  = (  0.59018685150934624            +-    8.9181716347356524E-004 ) fb

  pp ---> HHZ + X
  ===============

  PDFSET = PDF4LHC21_40                                NSET =  15
  Sqrt(S)  = 14.0 TeV
  LOOP     = 3
  alphaS(MZ) =   0.11800
          kl =   1.00000
          kv =   1.00000
         k2v =   1.00000
         kth =   1.00000
         kbh =   1.00000
        cHsq =   0.00000
       chdup =   0.00000
         cHw =   0.00000
          cH =   0.00000
         cHb =   0.00000
        cHwb =   0.00000
      cHq1st =   0.00000
      cHq3st =   0.00000
      cHq1rd =  -6.40000
      cHq3rd =   2.00000
       cHdst =   0.00000
       cHust =   0.00000
       cHdrd =   0.00000
       cHurd =  34.00000
         cth =   0.00000
         cbh =   0.00000
 --------------

  mH       = 125.0000      GeV
  fact_scale 1.0
  ren_scale  1.0
  Kqq      =   0.25744612448653542            +-    2.4307165527050390E-004
  Kgq      =   -8.0221374455747008E-002       +-    1.4162914030332410E-004
  K_nlo    =    1.1772247500307884            +-    2.8132302248305480E-004
  Kqq2     =    5.7631997964681901E-002       +-    2.1109163113293986E-004
  Kgq2     =   -4.1694882107871305E-002       +-    1.4937114616335378E-004
  Kqqs     =    2.0369666431552316E-003       +-    3.6305517573860529E-006
  Kgg      =    1.7105026556232319E-003       +-    2.8890773605001569E-006
  Kgghhz   =   0.73152684139729240            +-    2.8190333779594891E-003
  K_nnlo   =    1.1969093351863775            +-    3.8214602797043238E-004
  K_nnlo2  =    1.9284361765836699            +-    2.8448171773847379E-003
  sig_LO   = (  0.30524846458797089            +-    1.8084880711621948E-004 ) fb
  sig_NLO  = (  0.35934604742185600            +-    2.0020123728956737E-004 ) fb
  sig_NNLO = (  0.36535473681665076            +-    2.1520546961643577E-004 ) fb
  sig_HHZ  = (  0.58865218195806235            +-    8.8700806051291044E-004 ) fb

  pp ---> HHZ + X
  ===============

  PDFSET = PDF4LHC21_40                                NSET =  16
  Sqrt(S)  = 14.0 TeV
  LOOP     = 3
  alphaS(MZ) =   0.11800
          kl =   1.00000
          kv =   1.00000
         k2v =   1.00000
         kth =   1.00000
         kbh =   1.00000
        cHsq =   0.00000
       chdup =   0.00000
         cHw =   0.00000
          cH =   0.00000
         cHb =   0.00000
        cHwb =   0.00000
      cHq1st =   0.00000
      cHq3st =   0.00000
      cHq1rd =  -6.40000
      cHq3rd =   2.00000
       cHdst =   0.00000
       cHust =   0.00000
       cHdrd =   0.00000
       cHurd =  34.00000
         cth =   0.00000
         cbh =   0.00000
 --------------

  mH       = 125.0000      GeV
  fact_scale 1.0
  ren_scale  1.0
  Kqq      =   0.25719583462523216            +-    2.4328204761265123E-004
  Kgq      =   -8.0313699153676657E-002       +-    1.4212377014534655E-004
  K_nlo    =    1.1768821354715555            +-    2.8175400747980784E-004
  Kqq2     =    5.7530069655687348E-002       +-    2.1120014726393310E-004
  Kgq2     =   -4.1730075464991780E-002       +-    1.4989820858586357E-004
  Kqqs     =    2.0308261561900165E-003       +-    3.6253956575475419E-006
  Kgg      =    1.7275756675411741E-003       +-    2.9273223812778718E-006
  Kgghhz   =   0.73902595148322170            +-    2.8509721519668872E-003
  K_nnlo   =    1.1964405314859823            +-    3.8272968082249300E-004
  K_nnlo2  =    1.9354664829692041            +-    2.8765472740549893E-003
  sig_LO   = (  0.30542141022489522            +-    1.8129845123054353E-004 ) fb
  sig_NLO  = (  0.35944500148420866            +-    2.0068474976124193E-004 ) fb
  sig_NNLO = (  0.36541855437667181            +-    2.1571578055415406E-004 ) fb
  sig_HHZ  = (  0.59113290267147245            +-    8.9707037883061209E-004 ) fb

  pp ---> HHZ + X
  ===============

  PDFSET = PDF4LHC21_40                                NSET =  17
  Sqrt(S)  = 14.0 TeV
  LOOP     = 3
  alphaS(MZ) =   0.11800
          kl =   1.00000
          kv =   1.00000
         k2v =   1.00000
         kth =   1.00000
         kbh =   1.00000
        cHsq =   0.00000
       chdup =   0.00000
         cHw =   0.00000
          cH =   0.00000
         cHb =   0.00000
        cHwb =   0.00000
      cHq1st =   0.00000
      cHq3st =   0.00000
      cHq1rd =  -6.40000
      cHq3rd =   2.00000
       cHdst =   0.00000
       cHust =   0.00000
       cHdrd =   0.00000
       cHurd =  34.00000
         cth =   0.00000
         cbh =   0.00000
 --------------

  mH       = 125.0000      GeV
  fact_scale 1.0
  ren_scale  1.0
  Kqq      =   0.25745170776235238            +-    2.4288016138997523E-004
  Kgq      =   -8.0083427507330815E-002       +-    1.4143300310887405E-004
  K_nlo    =    1.1773682802550216            +-    2.8105883221349792E-004
  Kqq2     =    5.7629340426073171E-002       +-    2.1098687793605892E-004
  Kgq2     =   -4.1611850855477708E-002       +-    1.4916736219699190E-004
  Kqqs     =    2.0356626493692621E-003       +-    3.6219297941594513E-006
  Kgg      =    1.7089737494441609E-003       +-    2.8893793268070479E-006
  Kgghhz   =   0.73090032546924388            +-    2.8179398733892045E-003
  K_nnlo   =    1.1971304062244306            +-    3.8181395817800742E-004
  K_nnlo2  =    1.9280307316936744            +-    2.8436889824128659E-003
  sig_LO   = (  0.30735297478111667            +-    1.8190818201107564E-004 ) fb
  sig_NLO  = (  0.36186764334930838            +-    2.0137732858920476E-004 ) fb
  sig_NNLO = (  0.36794159155400535            +-    2.1647632160450069E-004 ) fb
  sig_HHZ  = (  0.59258598085546388            +-    8.9274577768846020E-004 ) fb

  pp ---> HHZ + X
  ===============

  PDFSET = PDF4LHC21_40                                NSET =  18
  Sqrt(S)  = 14.0 TeV
  LOOP     = 3
  alphaS(MZ) =   0.11800
          kl =   1.00000
          kv =   1.00000
         k2v =   1.00000
         kth =   1.00000
         kbh =   1.00000
        cHsq =   0.00000
       chdup =   0.00000
         cHw =   0.00000
          cH =   0.00000
         cHb =   0.00000
        cHwb =   0.00000
      cHq1st =   0.00000
      cHq3st =   0.00000
      cHq1rd =  -6.40000
      cHq3rd =   2.00000
       cHdst =   0.00000
       cHust =   0.00000
       cHdrd =   0.00000
       cHurd =  34.00000
         cth =   0.00000
         cbh =   0.00000
 --------------

  mH       = 125.0000      GeV
  fact_scale 1.0
  ren_scale  1.0
  Kqq      =   0.25739503206311964            +-    2.4300898475335150E-004
  Kgq      =   -8.0137666176627459E-002       +-    1.4144887352444897E-004
  K_nlo    =    1.1772573658864920            +-    2.8117814725221832E-004
  Kqq2     =    5.7608693637934465E-002       +-    2.1106125622757758E-004
  Kgq2     =   -4.1642997740701189E-002       +-    1.4915555702917077E-004
  Kqqs     =    2.0381093569172139E-003       +-    3.6304445146222477E-006
  Kgg      =    1.7065155089110026E-003       +-    2.8821488072906573E-006
  Kgghhz   =   0.72976954492667911            +-    2.8127299599465983E-003
  K_nnlo   =    1.1969676866495538            +-    3.8193830846663794E-004
  K_nnlo2  =    1.9267372315762330            +-    2.8385430592216755E-003
  sig_LO   = (  0.30688118428872113            +-    1.8173237816727867E-004 ) fb
  sig_NLO  = (  0.36127813465586700            +-    2.0117734720191387E-004 ) fb
  sig_NNLO = (  0.36732686123434588            +-    2.1625162764762044E-004 ) fb
  sig_HHZ  = (  0.59127940343928631            +-    8.8985052124534200E-004 ) fb

  pp ---> HHZ + X
  ===============

  PDFSET = PDF4LHC21_40                                NSET =  19
  Sqrt(S)  = 14.0 TeV
  LOOP     = 3
  alphaS(MZ) =   0.11800
          kl =   1.00000
          kv =   1.00000
         k2v =   1.00000
         kth =   1.00000
         kbh =   1.00000
        cHsq =   0.00000
       chdup =   0.00000
         cHw =   0.00000
          cH =   0.00000
         cHb =   0.00000
        cHwb =   0.00000
      cHq1st =   0.00000
      cHq3st =   0.00000
      cHq1rd =  -6.40000
      cHq3rd =   2.00000
       cHdst =   0.00000
       cHust =   0.00000
       cHdrd =   0.00000
       cHurd =  34.00000
         cth =   0.00000
         cbh =   0.00000
 --------------

  mH       = 125.0000      GeV
  fact_scale 1.0
  ren_scale  1.0
  Kqq      =   0.25750357222404585            +-    2.4313543022176802E-004
  Kgq      =   -8.0676285618721061E-002       +-    1.4272385306458266E-004
  K_nlo    =    1.1768272866053247            +-    2.8193072848259164E-004
  Kqq2     =    5.7652506834449398E-002       +-    2.1118475789912234E-004
  Kgq2     =   -4.1918806086721404E-002       +-    1.5056763907175504E-004
  Kqqs     =    2.0421027790441630E-003       +-    3.6426729669148996E-006
  Kgg      =    1.7329378430628378E-003       +-    2.9356731400499259E-006
  Kgghhz   =   0.74129456050435449            +-    2.8598370595237566E-003
  K_nnlo   =    1.1963360279751596            +-    3.8311413287740650E-004
  K_nnlo2  =    1.9376305884795140            +-    2.8853846270187090E-003
  sig_LO   = (  0.30411381110615976            +-    1.8030509240941496E-004 ) fb
  sig_NLO  = (  0.35788943114326627            +-    1.9965246636031813E-004 ) fb
  sig_NNLO = (  0.36382230883113120            +-    2.1467318447045768E-004 ) fb
  sig_HHZ  = (  0.58926022277837620            +-    8.9581828801586587E-004 ) fb

  pp ---> HHZ + X
  ===============

  PDFSET = PDF4LHC21_40                                NSET =  20
  Sqrt(S)  = 14.0 TeV
  LOOP     = 3
  alphaS(MZ) =   0.11800
          kl =   1.00000
          kv =   1.00000
         k2v =   1.00000
         kth =   1.00000
         kbh =   1.00000
        cHsq =   0.00000
       chdup =   0.00000
         cHw =   0.00000
          cH =   0.00000
         cHb =   0.00000
        cHwb =   0.00000
      cHq1st =   0.00000
      cHq3st =   0.00000
      cHq1rd =  -6.40000
      cHq3rd =   2.00000
       cHdst =   0.00000
       cHust =   0.00000
       cHdrd =   0.00000
       cHurd =  34.00000
         cth =   0.00000
         cbh =   0.00000
 --------------

  mH       = 125.0000      GeV
  fact_scale 1.0
  ren_scale  1.0
  Kqq      =   0.25733411926511496            +-    2.4319348338353451E-004
  Kgq      =   -8.0417091602933852E-002       +-    1.4216054141588745E-004
  K_nlo    =    1.1769170276621810            +-    2.8169609492478896E-004
  Kqq2     =    5.7585333358371599E-002       +-    2.1118801315838672E-004
  Kgq2     =   -4.1784442596766037E-002       +-    1.4993660812536873E-004
  Kqqs     =    2.0397003660011653E-003       +-    3.6348036710796810E-006
  Kgg      =    1.7210701904258182E-003       +-    2.9115792115270132E-006
  Kgghhz   =   0.73613775680523752            +-    2.8371704132962063E-003
  K_nnlo   =    1.1964786889802135            +-    3.8269536493800826E-004
  K_nnlo2  =    1.9326164457854511            +-    2.8628642469436792E-003
  sig_LO   = (  0.30643152396935786            +-    1.8170550458780873E-004 ) fb
  sig_NLO  = (  0.36064447837200903            +-    2.0116692101034976E-004 ) fb
  sig_NNLO = (  0.36663878806106615            +-    2.1626170592041057E-004 ) fb
  sig_HHZ  = (  0.59221460273027959            +-    8.9589217900827459E-004 ) fb

  pp ---> HHZ + X
  ===============

  PDFSET = PDF4LHC21_40                                NSET =  21
  Sqrt(S)  = 14.0 TeV
  LOOP     = 3
  alphaS(MZ) =   0.11800
          kl =   1.00000
          kv =   1.00000
         k2v =   1.00000
         kth =   1.00000
         kbh =   1.00000
        cHsq =   0.00000
       chdup =   0.00000
         cHw =   0.00000
          cH =   0.00000
         cHb =   0.00000
        cHwb =   0.00000
      cHq1st =   0.00000
      cHq3st =   0.00000
      cHq1rd =  -6.40000
      cHq3rd =   2.00000
       cHdst =   0.00000
       cHust =   0.00000
       cHdrd =   0.00000
       cHurd =  34.00000
         cth =   0.00000
         cbh =   0.00000
 --------------

  mH       = 125.0000      GeV
  fact_scale 1.0
  ren_scale  1.0
  Kqq      =   0.25756500836533164            +-    2.4335669589027530E-004
  Kgq      =   -8.0882414074619213E-002       +-    1.4296626099417811E-004
  K_nlo    =    1.1766825942907124            +-    2.8224427933491833E-004
  Kqq2     =    5.7687940613910423E-002       +-    2.1131427122488138E-004
  Kgq2     =   -4.2026646095605205E-002       +-    1.5077700366054357E-004
  Kqqs     =    2.0506047337373419E-003       +-    3.6549893985509340E-006
  Kgg      =    1.7323337673482292E-003       +-    2.9313379510994865E-006
  Kgghhz   =   0.74095192800055565            +-    2.8578717104653689E-003
  K_nnlo   =    1.1961268273101033            +-    3.8349864532111292E-004
  K_nnlo2  =    1.9370787553106590            +-    2.8834878054955220E-003
  sig_LO   = (  0.30370510946930940            +-    1.8014260476456354E-004 ) fb
  sig_NLO  = (  0.35736451610969178            +-    1.9949714312007412E-004 ) fb
  sig_NNLO = (  0.36326982902739258            +-    2.1451511594611588E-004 ) fb
  sig_HHZ  = (  0.58830071543229723            +-    8.9406619176609237E-004 ) fb

  pp ---> HHZ + X
  ===============

  PDFSET = PDF4LHC21_40                                NSET =  22
  Sqrt(S)  = 14.0 TeV
  LOOP     = 3
  alphaS(MZ) =   0.11800
          kl =   1.00000
          kv =   1.00000
         k2v =   1.00000
         kth =   1.00000
         kbh =   1.00000
        cHsq =   0.00000
       chdup =   0.00000
         cHw =   0.00000
          cH =   0.00000
         cHb =   0.00000
        cHwb =   0.00000
      cHq1st =   0.00000
      cHq3st =   0.00000
      cHq1rd =  -6.40000
      cHq3rd =   2.00000
       cHdst =   0.00000
       cHust =   0.00000
       cHdrd =   0.00000
       cHurd =  34.00000
         cth =   0.00000
         cbh =   0.00000
 --------------

  mH       = 125.0000      GeV
  fact_scale 1.0
  ren_scale  1.0
  Kqq      =   0.25735996221099483            +-    2.4313072675745604E-004
  Kgq      =   -8.0569383826075827E-002       +-    1.4257744086327049E-004
  K_nlo    =    1.1767905783849189            +-    2.8185258014914132E-004
  Kqq2     =    5.7595250581635220E-002       +-    2.1108211355397424E-004
  Kgq2     =   -4.1861925548350637E-002       +-    1.5038392191851112E-004
  Kqqs     =    2.0385405964791483E-003       +-    3.6353137613305796E-006
  Kgg      =    1.7336618901758086E-003       +-    2.9434110083671703E-006
  Kgghhz   =   0.74173969949002472            +-    2.8646277387275785E-003
  K_nnlo   =    1.1962961059048585            +-    3.8292785057402308E-004
  K_nnlo2  =    1.9380358053948832            +-    2.8901082713685177E-003
  sig_LO   = (  0.30470754074994283            +-    1.8067156896552295E-004 ) fb
  sig_NLO  = (  0.35857696311737147            +-    2.0004508976854228E-004 ) fb
  sig_NNLO = (  0.36452044443900256            +-    2.1507364422747088E-004 ) fb
  sig_HHZ  = (  0.59053412414720963            +-    8.9898004550241408E-004 ) fb

  pp ---> HHZ + X
  ===============

  PDFSET = PDF4LHC21_40                                NSET =  23
  Sqrt(S)  = 14.0 TeV
  LOOP     = 3
  alphaS(MZ) =   0.11800
          kl =   1.00000
          kv =   1.00000
         k2v =   1.00000
         kth =   1.00000
         kbh =   1.00000
        cHsq =   0.00000
       chdup =   0.00000
         cHw =   0.00000
          cH =   0.00000
         cHb =   0.00000
        cHwb =   0.00000
      cHq1st =   0.00000
      cHq3st =   0.00000
      cHq1rd =  -6.40000
      cHq3rd =   2.00000
       cHdst =   0.00000
       cHust =   0.00000
       cHdrd =   0.00000
       cHurd =  34.00000
         cth =   0.00000
         cbh =   0.00000
 --------------

  mH       = 125.0000      GeV
  fact_scale 1.0
  ren_scale  1.0
  Kqq      =   0.25743979919826138            +-    2.4301149573683720E-004
  Kgq      =   -8.0516955171027665E-002       +-    1.4232582546590090E-004
  K_nlo    =    1.1769228440272337            +-    2.8162249138661655E-004
  Kqq2     =    5.7626779698361455E-002       +-    2.1102959632594891E-004
  Kgq2     =   -4.1835924767897777E-002       +-    1.5011648294111160E-004
  Kqqs     =    2.0426494545224862E-003       +-    3.6396278611175288E-006
  Kgg      =    1.7233781169278769E-003       +-    2.9158381657299861E-006
  Kgghhz   =   0.73713149726713401            +-    2.8416410892230224E-003
  K_nnlo   =    1.1964797265291476            +-    3.8262439236682634E-004
  K_nnlo2  =    1.9336112237962815            +-    2.8672853896315742E-003
  sig_LO   = (  0.30542702564503604            +-    1.8091045007372482E-004 ) fb
  sig_NLO  = (  0.35946404366493467            +-    2.0031772711647360E-004 ) fb
  sig_NNLO = (  0.36543724411838369            +-    2.1537350285372089E-004 ) fb
  sig_HHZ  = (  0.59057712483795644            +-    8.9423734686852499E-004 ) fb

  pp ---> HHZ + X
  ===============

  PDFSET = PDF4LHC21_40                                NSET =  24
  Sqrt(S)  = 14.0 TeV
  LOOP     = 3
  alphaS(MZ) =   0.11800
          kl =   1.00000
          kv =   1.00000
         k2v =   1.00000
         kth =   1.00000
         kbh =   1.00000
        cHsq =   0.00000
       chdup =   0.00000
         cHw =   0.00000
          cH =   0.00000
         cHb =   0.00000
        cHwb =   0.00000
      cHq1st =   0.00000
      cHq3st =   0.00000
      cHq1rd =  -6.40000
      cHq3rd =   2.00000
       cHdst =   0.00000
       cHust =   0.00000
       cHdrd =   0.00000
       cHurd =  34.00000
         cth =   0.00000
         cbh =   0.00000
 --------------

  mH       = 125.0000      GeV
  fact_scale 1.0
  ren_scale  1.0
  Kqq      =   0.25724216355682988            +-    2.4285719664773200E-004
  Kgq      =   -8.0367064959954757E-002       +-    1.4211388043501382E-004
  K_nlo    =    1.1768750985968750            +-    2.8138225419505861E-004
  Kqq2     =    5.7548348228289824E-002       +-    2.1088064145902141E-004
  Kgq2     =   -4.1757516894487305E-002       +-    1.4992351381676384E-004
  Kqqs     =    2.0389284424104483E-003       +-    3.6328063548142453E-006
  Kgg      =    1.7200949766106124E-003       +-    2.9109117509779389E-006
  Kgghhz   =   0.73574944758256822            +-    2.8381750630669094E-003
  K_nnlo   =    1.1964249533496987            +-    3.8228961351632331E-004
  K_nnlo2  =    1.9321744009322668            +-    2.8638056912467570E-003
  sig_LO   = (  0.30625912787002146            +-    1.8146338930774691E-004 ) fb
  sig_NLO  = (  0.36042874130822450            +-    2.0088614835829267E-004 ) fb
  sig_NNLO = (  0.36641606277480987            +-    2.1595512028610588E-004 ) fb
  sig_HHZ  = (  0.59174604692229726            +-    8.9564213895165052E-004 ) fb

  pp ---> HHZ + X
  ===============

  PDFSET = PDF4LHC21_40                                NSET =  25
  Sqrt(S)  = 14.0 TeV
  LOOP     = 3
  alphaS(MZ) =   0.11800
          kl =   1.00000
          kv =   1.00000
         k2v =   1.00000
         kth =   1.00000
         kbh =   1.00000
        cHsq =   0.00000
       chdup =   0.00000
         cHw =   0.00000
          cH =   0.00000
         cHb =   0.00000
        cHwb =   0.00000
      cHq1st =   0.00000
      cHq3st =   0.00000
      cHq1rd =  -6.40000
      cHq3rd =   2.00000
       cHdst =   0.00000
       cHust =   0.00000
       cHdrd =   0.00000
       cHurd =  34.00000
         cth =   0.00000
         cbh =   0.00000
 --------------

  mH       = 125.0000      GeV
  fact_scale 1.0
  ren_scale  1.0
  Kqq      =   0.25737315530676436            +-    2.4330466708453758E-004
  Kgq      =   -8.0632248247470104E-002       +-    1.4268500806317500E-004
  K_nlo    =    1.1767409070592942            +-    2.8205703776205618E-004
  Kqq2     =    5.7602047691461565E-002       +-    2.1116097609453517E-004
  Kgq2     =   -4.1896213916874599E-002       +-    1.5050208003948283E-004
  Kqqs     =    2.0414365572168931E-003       +-    3.6395897494813293E-006
  Kgg      =    1.7321434745433786E-003       +-    2.9334594315840642E-006
  Kgghhz   =   0.74094882584141053            +-    2.8566185824681237E-003
  K_nnlo   =    1.1962203208656417            +-    3.8316818535767683E-004
  K_nnlo2  =    1.9371691467070522            +-    2.8822018638486246E-003
  sig_LO   = (  0.30506882134276692            +-    1.8108404345828813E-004 ) fb
  sig_NLO  = (  0.35898696154239734            +-    2.0048811429303304E-004 ) fb
  sig_NNLO = (  0.36492952335274770            +-    2.1553497702111511E-004 ) fb
  sig_HHZ  = (  0.59096990832749385            +-    8.9772324947177962E-004 ) fb

  pp ---> HHZ + X
  ===============

  PDFSET = PDF4LHC21_40                                NSET =  26
  Sqrt(S)  = 14.0 TeV
  LOOP     = 3
  alphaS(MZ) =   0.11800
          kl =   1.00000
          kv =   1.00000
         k2v =   1.00000
         kth =   1.00000
         kbh =   1.00000
        cHsq =   0.00000
       chdup =   0.00000
         cHw =   0.00000
          cH =   0.00000
         cHb =   0.00000
        cHwb =   0.00000
      cHq1st =   0.00000
      cHq3st =   0.00000
      cHq1rd =  -6.40000
      cHq3rd =   2.00000
       cHdst =   0.00000
       cHust =   0.00000
       cHdrd =   0.00000
       cHurd =  34.00000
         cth =   0.00000
         cbh =   0.00000
