  pp ---> HHZ + X
  ===============

  PDFSET = PDF4LHC21_40                                NSET =   0
  Sqrt(S)  = 14.0 TeV
  LOOP     = 3
  alphaS(MZ) =   0.11800
          kl =   1.00000
          kv =   1.00000
         k2v =   1.00000
         kth =   1.00000
         kbh =   1.00000
        cHsq =   0.00000
       chdup =   0.00000
         cHw =   0.00000
          cH =   0.00000
         cHb =   0.00000
        cHwb =   0.00000
      cHq1st =   0.00000
      cHq3st =   0.00000
      cHq1rd =   0.00000
      cHq3rd =   0.00000
       cHdst =   0.00000
       cHust =   0.00000
       cHdrd =   0.00000
       cHurd =   0.00000
         cth =  -3.00000
         cbh =   0.00000
 --------------

  mH       = 125.0000      GeV
  fact_scale 0.5
  ren_scale  0.5
  Kqq      =   0.20649543556109029            +-    2.0323033256195483E-004
  Kgq      =   -2.6959786973678932E-002       +-    1.5396937492325946E-004
  K_nlo    =    1.1795356485874113            +-    2.5496889317621078E-004
  Kqq2     =    2.4852149044351395E-002       +-    1.9290149414376208E-004
  Kgq2     =   -2.0226899340073132E-002       +-    1.4664030821542185E-004
  Kqqs     =    1.5580780828524294E-003       +-    4.2591859501181262E-006
  Kgg      =    5.2346976084982220E-004       +-    2.8761411055314575E-006
  Kgghhz   =   0.26297622588138270            +-    9.7330784662035116E-004
  K_nnlo   =    1.1862424461353918            +-    3.5178106227670697E-004
  K_nnlo2  =    1.4492186720167743            +-    1.0349290217542813E-003
  sig_LO   = (  0.30851573629450840            +-    1.8329597278938736E-004 ) fb
  sig_NLO  = (  0.36390530910956576            +-    1.9946205313236618E-004 ) fb
  sig_NNLO = (  0.36597446169325909            +-    2.1301683763846915E-004 ) fb
  sig_HHZ  = (  0.44710676564900481            +-    3.6816399080244174E-004 ) fb

  mH       = 125.0000      GeV
  fact_scale 1.0
  ren_scale  0.5
  Kqq      =   0.28004309638130703            +-    2.6457288487486780E-004
  Kgq      =   -8.7574961992160236E-002       +-    1.5483997627602369E-004
  K_nlo    =    1.1924681343891468            +-    3.0655216467050046E-004
  Kqq2     =    4.4717169320761196E-002       +-    2.8569297354031693E-004
  Kgq2     =   -4.2198890486335482E-002       +-    1.9450125599894093E-004
  Kqqs     =    2.4171453175494202E-003       +-    4.3091526646062083E-006
  Kgg      =    2.0439738234259500E-003       +-    3.4600026268573205E-006
  Kgghhz   =   0.24923953802139737            +-    9.1743540819077445E-004
  K_nnlo   =    1.1994475323645479            +-    4.6201296929253852E-004
  K_nnlo2  =    1.4486870703859454            +-    1.0272018847318580E-003
  sig_LO   = (  0.30550905406173040            +-    1.8122187477228880E-004 ) fb
  sig_NLO  = (  0.36430981173598465            +-    2.0399148541108336E-004 ) fb
  sig_NNLO = (  0.36644208100936981            +-    2.2970513509778441E-004 ) fb
  sig_HHZ  = (  0.44258701650506960            +-    3.6238657742463217E-004 ) fb

  mH       = 125.0000      GeV
  fact_scale 0.5
  ren_scale  1.0
  Kqq      =   0.18977314656810029            +-    1.8692571381078265E-004
  Kgq      =   -2.4780676271416852E-002       +-    1.4144213497278312E-004
  K_nlo    =    1.1649924702966834            +-    2.3440797774250264E-004
  Kqq2     =    3.5600181734658572E-002       +-    1.4157367740504171E-004
  Kgq2     =   -1.8982812391976786E-002       +-    1.2446991564731051E-004
  Kqqs     =    1.3133187748042405E-003       +-    3.5909551594254804E-006
  Kgg      =    4.4129529279937613E-004       +-    2.4225927244293417E-006
  Kgghhz   =   0.22165057031885288            +-    8.2195841690326063E-004
  K_nnlo   =    1.1833644537069687            +-    3.0083505443852536E-004
  K_nnlo2  =    1.4050150240258217            +-    8.7528130855008262E-004
  sig_LO   = (  0.30851573629450840            +-    1.8329597278938736E-004 ) fb
  sig_NLO  = (  0.35941850975113954            +-    1.9704666019172614E-004 ) fb
  sig_NNLO = (  0.36508655574015425            +-    2.0545448557306658E-004 ) fb
  sig_HHZ  = (  0.43346924464217285            +-    3.2637090260948838E-004 ) fb

  mH       = 125.0000      GeV
  fact_scale 1.0
  ren_scale  1.0
  Kqq      =   0.25735863149616867            +-    2.4322997822900100E-004
  Kgq      =   -8.0439157906749742E-002       +-    1.4221321410496043E-004
  K_nlo    =    1.1769194735894188            +-    2.8175418466341119E-004
  Kqq2     =    5.7595577771826729E-002       +-    2.1116238292987719E-004
  Kgq2     =   -4.1795998234213844E-002       +-    1.4999016247536340E-004
  Kqqs     =    2.0399012801187583E-003       +-    3.6366123732883909E-006
  Kgg      =    1.7222307099881305E-003       +-    2.9136547685272759E-006
  Kgghhz   =   0.21006284698505776            +-    7.7489390084783429E-004
  K_nnlo   =    1.1964811851171386            +-    3.8274500089879334E-004
  K_nnlo2  =    1.4065440321021965            +-    8.6426517532768295E-004
  sig_LO   = (  0.30550905406173040            +-    1.8122187477228880E-004 ) fb
  sig_NLO  = (  0.35955955508313309            +-    2.0062619024894857E-004 ) fb
  sig_NNLO = (  0.36553583506779519            +-    2.1567214769996213E-004 ) fb
  sig_HHZ  = (  0.42971193674371422            +-    3.2024823350464262E-004 ) fb

  mH       = 125.0000      GeV
  fact_scale 1.5
  ren_scale  1.0
  Kqq      =   0.29796280678585207            +-    2.8767373938686641E-004
  Kgq      =  -0.11164884074798574            +-    1.3698202513129281E-004
  K_nlo    =    1.1863139660378663            +-    3.1862243414720952E-004
  Kqq2     =    7.0372483329257329E-002       +-    2.6833621191802890E-004
  Kgq2     =   -5.7521144252358894E-002       +-    1.7096223612859357E-004
  Kqqs     =    3.5353804154773481E-003       +-    4.4137489752804578E-006
  Kgg      =    2.8770139491671597E-003       +-    3.3716257525330737E-006
  Kgghhz   =   0.20384426661178459            +-    7.4973102113443189E-004
  K_nnlo   =    1.2055776994794094            +-    4.5031490469529334E-004
  K_nnlo2  =    1.4094219660911940            +-    8.7457424924474488E-004
  sig_LO   = (  0.30340378502686050            +-    1.7989139680753028E-004 ) fb
  sig_NLO  = (  0.35993214752611508            +-    2.0422107067619632E-004 ) fb
  sig_NNLO = (  0.36577683716602777            +-    2.2589360137479172E-004 ) fb
  sig_HHZ  = (  0.42762395921206769            +-    3.2057928726220039E-004 ) fb

  mH       = 125.0000      GeV
  fact_scale 2.0
  ren_scale  1.0
  Kqq      =   0.32717573687390522            +-    3.3056939406693811E-004
  Kgq      =  -0.13314918443987686            +-    1.5409818015169041E-004
  K_nlo    =    1.1940265524340283            +-    3.6472232372017680E-004
  Kqq2     =    7.9420238805108276E-002       +-    3.1675422015853727E-004
  Kgq2     =   -6.9707035377368234E-002       +-    1.9400622474264240E-004
  Kqqs     =    5.0486557254515521E-003       +-    5.4740865047724330E-006
  Kgg      =    3.8516173151856258E-003       +-    3.8883596373804075E-006
  Kgghhz   =   0.19966585174408000            +-    7.3295400615973263E-004
  K_nnlo   =    1.2126400289024055            +-    5.2061416577991082E-004
  K_nnlo2  =    1.4123058806464854            +-    8.9903319446854341E-004
  sig_LO   = (  0.30179275480193396            +-    1.7889983649916865E-004 ) fb
  sig_NLO  = (  0.36034856256572123            +-    2.1004922884012553E-004 ) fb
  sig_NNLO = (  0.36596597490555377            +-    2.3809890061707710E-004 ) fb
  sig_HHZ  = (  0.42622368234327423            +-    3.2499325960271756E-004 ) fb

  mH       = 125.0000      GeV
  fact_scale 1.0
  ren_scale  1.5
  Kqq      =   0.24574595673101057            +-    2.3230258260707509E-004
  Kgq      =   -7.6788979065922358E-002       +-    1.3575570720608156E-004
  K_nlo    =    1.1689569776650881            +-    2.6906152070658540E-004
  Kqq2     =    6.3105737618240690E-002       +-    1.8856247652506347E-004
  Kgq2     =   -4.1419998874708937E-002       +-    1.3289640256413312E-004
  Kqqs     =    1.8592771233386497E-003       +-    3.3145892081120225E-006
  Kgg      =    1.5684513775659514E-003       +-    2.6527213372554302E-006
  Kgghhz   =   0.19132608351049760            +-    7.0656344100059239E-004
  K_nnlo   =    1.1940704449095243            +-    3.5444236022914247E-004
  K_nnlo2  =    1.3853965284200218            +-    7.9048167776578013E-004
  sig_LO   = (  0.30550905406173040            +-    1.8122187477228880E-004 ) fb
  sig_NLO  = (  0.35712694048532040            +-    1.9899328636807287E-004 ) fb
  sig_NNLO = (  0.36479933210737842            +-    2.1110917782608709E-004 ) fb
  sig_HHZ  = (  0.42325118289800617            +-    3.0193258261815878E-004 ) fb

  mH       = 125.0000      GeV
  fact_scale 1.5
  ren_scale  1.5
  Kqq      =   0.28451861587068317            +-    2.7482749576213605E-004
  Kgq      =  -0.10657781252631689            +-    1.3079542828064056E-004
  K_nlo    =    1.1779408033443663            +-    3.0436424968449086E-004
  Kqq2     =    7.6419220674584315E-002       +-    2.3311630593569646E-004
  Kgq2     =   -5.7079720333339523E-002       +-    1.5576065029379864E-004
  Kqqs     =    3.2222934318247060E-003       +-    4.0226615389640570E-006
  Kgg      =    2.6198784288626441E-003       +-    3.0715750527253961E-006
  Kgghhz   =   0.18565958721963968            +-    6.8356162534114352E-004
  K_nnlo   =    1.2031224755462986            +-    4.1384514632675944E-004
  K_nnlo2  =    1.3887820627659382            +-    7.9907715570978679E-004
  sig_LO   = (  0.30340378502686050            +-    1.7989139680753028E-004 ) fb
  sig_NLO  = (  0.35739169827226142            +-    2.0220920523971345E-004 ) fb
  sig_NNLO = (  0.36503191293163334            +-    2.1937815900548207E-004 ) fb
  sig_HHZ  = (  0.42136173442059655            +-    3.0189325791146662E-004 ) fb

  mH       = 125.0000      GeV
  fact_scale 2.0
  ren_scale  1.5
  Kqq      =   0.31241111577460634            +-    3.1569425659496673E-004
  Kgq      =  -0.12709786317994876            +-    1.4712819913037967E-004
  K_nlo    =    1.1853132525946575            +-    3.4829523486030832E-004
  Kqq2     =    8.5875363377493616E-002       +-    2.7238359818637653E-004
  Kgq2     =   -6.9110416199902630E-002       +-    1.8082507545859057E-004
  Kqqs     =    4.6012894006171277E-003       +-    4.9885964858278136E-006
  Kgg      =    3.5072080343667321E-003       +-    3.5414924523266888E-006
  Kgghhz   =   0.18185257050328638            +-    6.6827692351717645E-004
  K_nnlo   =    1.2101866972072324            +-    4.7774211805706230E-004
  K_nnlo2  =    1.3920392677105187            +-    8.2148133141978950E-004
  sig_LO   = (  0.30179275480193396            +-    1.7889983649916865E-004 ) fb
  sig_NLO  = (  0.35771895180378233            +-    2.0749431252508019E-004 ) fb
  sig_NNLO = (  0.36522557717482462            +-    2.2976676702488640E-004 ) fb
  sig_HHZ  = (  0.42010736539482435            +-    3.0572544370263482E-004 ) fb

  mH       = 125.0000      GeV
  fact_scale 1.0
  ren_scale  2.0
  Kqq      =   0.23813378624265102            +-    2.2513883869569254E-004
  Kgq      =   -7.4397308634310363E-002       +-    1.3152502773031190E-004
  K_nlo    =    1.1637364776083405            +-    2.6074188311183224E-004
  Kqq2     =    6.6321499107326917E-002       +-    1.8406534616087351E-004
  Kgq2     =   -4.1117499168806644E-002       +-    1.2438174647550011E-004
  Kqqs     =    1.7454593108221900E-003       +-    3.1116564042058676E-006
  Kgg      =    1.4716449007586532E-003       +-    2.4885258879182832E-006
  Kgghhz   =   0.17952987469066709            +-    6.6349683635859985E-004
  K_nnlo   =    1.1921575817584416            +-    3.4256835126583837E-004
  K_nnlo2  =    1.3716874564491086            +-    7.4671355093293001E-004
  sig_LO   = (  0.30550905406173040            +-    1.8122187477228880E-004 ) fb
  sig_NLO  = (  0.35553203045125426            +-    1.9795687697842399E-004 ) fb
  sig_NNLO = (  0.36421493509554159            +-    2.0927161527911181E-004 ) fb
  sig_HHZ  = (  0.41906293728810828            +-    2.9134796805550312E-004 ) fb

  mH       = 125.0000      GeV
  fact_scale 1.5
  ren_scale  2.0
  Kqq      =   0.27570590087264207            +-    2.6639565180245045E-004
  Kgq      =  -0.10325538085252886            +-    1.2674030527780669E-004
  K_nlo    =    1.1724505200201132            +-    2.9500804782440099E-004
  Kqq2     =    7.9958549421807718E-002       +-    2.2404074134202160E-004
  Kgq2     =   -5.6699972401016555E-002       +-    1.4935230516465535E-004
  Kqqs     =    3.0250086542764438E-003       +-    3.7762256156638792E-006
  Kgg      =    2.4580274982166344E-003       +-    2.8826216666802083E-006
  Kgghhz   =   0.17421306971030681            +-    6.4187359378492048E-004
  K_nnlo   =    1.2011921331933975            +-    3.9944046178099759E-004
  K_nnlo2  =    1.3754052029037043            +-    7.5601216452262569E-004
  sig_LO   = (  0.30340378502686050            +-    1.7989139680753028E-004 ) fb
  sig_NLO  = (  0.35572592553081323            +-    2.0092869040594505E-004 ) fb
  sig_NNLO = (  0.36444623975536555            +-    2.1690632638996226E-004 ) fb
  sig_HHZ  = (  0.41730314450662093            +-    2.9150420385550013E-004 ) fb

  mH       = 125.0000      GeV
  fact_scale 2.0
  ren_scale  2.0
  Kqq      =   0.30273291840654493            +-    3.0594255476183642E-004
  Kgq      =  -0.12313339746312037            +-    1.4256092288511822E-004
  K_nlo    =    1.1795995209434245            +-    3.3752698195559994E-004
  Kqq2     =    8.9636927837143138E-002       +-    2.5685456681362527E-004
  Kgq2     =   -6.8608313947852870E-002       +-    1.7497499212826509E-004
  Kqqs     =    4.3194118951314520E-003       +-    4.6827347733756260E-006
  Kgg      =    3.2904386581337772E-003       +-    3.3231275988601153E-006
  Kgghhz   =   0.17063911591545947            +-    6.2751757761340824E-004
  K_nnlo   =    1.2082379853859802            +-    4.5885504366123460E-004
  K_nnlo2  =    1.3788771013014396            +-    7.7738424302731615E-004
  sig_LO   = (  0.30179275480193396            +-    1.7889983649916865E-004 ) fb
  sig_NLO  = (  0.35599458898855768            +-    2.0586709923148830E-004 ) fb
  sig_NNLO = (  0.36463747006597369            +-    2.2623355255752648E-004 ) fb
  sig_HHZ  = (  0.41613511893506672            +-    2.9503644281266342E-004 ) fb

  pp ---> HHZ + X
  ===============

  PDFSET = PDF4LHC21_40                                NSET =   1
  Sqrt(S)  = 14.0 TeV
  LOOP     = 3
  alphaS(MZ) =   0.11800
          kl =   1.00000
          kv =   1.00000
         k2v =   1.00000
         kth =   1.00000
         kbh =   1.00000
        cHsq =   0.00000
       chdup =   0.00000
         cHw =   0.00000
          cH =   0.00000
         cHb =   0.00000
        cHwb =   0.00000
      cHq1st =   0.00000
      cHq3st =   0.00000
      cHq1rd =   0.00000
      cHq3rd =   0.00000
       cHdst =   0.00000
       cHust =   0.00000
       cHdrd =   0.00000
       cHurd =   0.00000
         cth =  -3.00000
         cbh =   0.00000
 --------------

  mH       = 125.0000      GeV
  fact_scale 1.0
  ren_scale  1.0
  Kqq      =   0.25754633244561781            +-    2.4249847325308159E-004
  Kgq      =   -8.0515008316845632E-002       +-    1.4198300765037980E-004
  K_nlo    =    1.1770313241287722            +-    2.8100655506860212E-004
  Kqq2     =    5.7671826873592839E-002       +-    2.1078627923646904E-004
  Kgq2     =   -4.1842549059145015E-002       +-    1.4977590837809843E-004
  Kqqs     =    2.0419824535641011E-003       +-    3.6297229530064860E-006
  Kgg      =    1.7227985092332231E-003       +-    2.9145652359965366E-006
  Kgghhz   =   0.21010820791230553            +-    7.7478773764657087E-004
  K_nnlo   =    1.1966253829060172            +-    3.8190317073257332E-004
  K_nnlo2  =    1.4067335908183227            +-    8.6379747060470399E-004
  sig_LO   = (  0.30546346665197910            +-    1.8031924660111818E-004 ) fb
  sig_NLO  = (  0.35954006862634397            +-    1.9970744066867335E-004 ) fb
  sig_NNLO = (  0.36552533774622392            +-    2.1476497660243314E-004 ) fb
  sig_HHZ  = (  0.42970571930715157            +-    3.1958782139079379E-004 ) fb

  pp ---> HHZ + X
  ===============

  PDFSET = PDF4LHC21_40                                NSET =   2
  Sqrt(S)  = 14.0 TeV
  LOOP     = 3
  alphaS(MZ) =   0.11800
          kl =   1.00000
          kv =   1.00000
         k2v =   1.00000
         kth =   1.00000
         kbh =   1.00000
        cHsq =   0.00000
       chdup =   0.00000
         cHw =   0.00000
          cH =   0.00000
         cHb =   0.00000
        cHwb =   0.00000
      cHq1st =   0.00000
      cHq3st =   0.00000
      cHq1rd =   0.00000
      cHq3rd =   0.00000
       cHdst =   0.00000
       cHust =   0.00000
       cHdrd =   0.00000
       cHurd =   0.00000
         cth =  -3.00000
         cbh =   0.00000
 --------------

  mH       = 125.0000      GeV
  fact_scale 1.0
  ren_scale  1.0
  Kqq      =   0.25746868959824437            +-    2.4312898630669626E-004
  Kgq      =   -8.0944684606798170E-002       +-    1.4273592954781145E-004
  K_nlo    =    1.1765240049914460            +-    2.8193128518559180E-004
  Kqq2     =    5.7651270475339876E-002       +-    2.1117613178525313E-004
  Kgq2     =   -4.2068964036969726E-002       +-    1.5050877659521518E-004
  Kqqs     =    2.0624150738729878E-003       +-    3.6656348067492595E-006
  Kgg      =    1.7181672185145620E-003       +-    2.8955917115245310E-006
  Kgghhz   =   0.20949153146595551            +-    7.7171960804927437E-004
  K_nnlo   =    1.1958868937222036            +-    3.8308657163135693E-004
  K_nnlo2  =    1.4053784251881591            +-    8.6157209495897234E-004
  sig_LO   = (  0.30498371697078908            +-    1.8060194963017128E-004 ) fb
  sig_NLO  = (  0.35882066414765046            +-    2.0002597349648622E-004 ) fb
  sig_NNLO = (  0.36472602992404873            +-    2.1509886180572291E-004 ) fb
  sig_HHZ  = (  0.42861753586443885            +-    3.1884596776128382E-004 ) fb

  pp ---> HHZ + X
  ===============

  PDFSET = PDF4LHC21_40                                NSET =   3
  Sqrt(S)  = 14.0 TeV
  LOOP     = 3
  alphaS(MZ) =   0.11800
          kl =   1.00000
          kv =   1.00000
         k2v =   1.00000
         kth =   1.00000
         kbh =   1.00000
        cHsq =   0.00000
       chdup =   0.00000
         cHw =   0.00000
          cH =   0.00000
         cHb =   0.00000
        cHwb =   0.00000
      cHq1st =   0.00000
      cHq3st =   0.00000
      cHq1rd =   0.00000
      cHq3rd =   0.00000
       cHdst =   0.00000
       cHust =   0.00000
       cHdrd =   0.00000
       cHurd =   0.00000
         cth =  -3.00000
         cbh =   0.00000
 --------------

  mH       = 125.0000      GeV
  fact_scale 1.0
  ren_scale  1.0
  Kqq      =   0.25737546723963761            +-    2.4275231648666784E-004
  Kgq      =   -8.0425952250979676E-002       +-    1.4201016784186519E-004
  K_nlo    =    1.1769495149886580            +-    2.8123935522987901E-004
  Kqq2     =    5.7603340270183129E-002       +-    2.1054998541960627E-004
  Kgq2     =   -4.1791190110391910E-002       +-    1.4974232045518565E-004
  Kqqs     =    2.0403856903844033E-003       +-    3.6330803867805296E-006
  Kgg      =    1.7192308142305844E-003       +-    2.9067221057497750E-006
  Kgghhz   =   0.20968081394182925            +-    7.7379943126049025E-004
  K_nnlo   =    1.1965212816530642            +-    3.8193099132188119E-004
  K_nnlo2  =    1.4062020955948933            +-    8.6292342762911076E-004
  sig_LO   = (  0.30520545629810886            +-    1.8047335271169596E-004 ) fb
  sig_NLO  = (  0.35921141376195126            +-    1.9984597357198172E-004 ) fb
  sig_NNLO = (  0.36518482373732147            +-    2.1484551431857673E-004 ) fb
  sig_HHZ  = (  0.42918055223339635            +-    3.1927077660665130E-004 ) fb

  pp ---> HHZ + X
  ===============

  PDFSET = PDF4LHC21_40                                NSET =   4
  Sqrt(S)  = 14.0 TeV
  LOOP     = 3
  alphaS(MZ) =   0.11800
          kl =   1.00000
          kv =   1.00000
         k2v =   1.00000
         kth =   1.00000
         kbh =   1.00000
        cHsq =   0.00000
       chdup =   0.00000
         cHw =   0.00000
          cH =   0.00000
         cHb =   0.00000
        cHwb =   0.00000
      cHq1st =   0.00000
      cHq3st =   0.00000
      cHq1rd =   0.00000
      cHq3rd =   0.00000
       cHdst =   0.00000
       cHust =   0.00000
       cHdrd =   0.00000
       cHurd =   0.00000
         cth =  -3.00000
         cbh =   0.00000
 --------------

  mH       = 125.0000      GeV
  fact_scale 1.0
  ren_scale  1.0
  Kqq      =   0.25784917160578508            +-    2.4327795756124012E-004
  Kgq      =   -8.1221018879549980E-002       +-    1.4376863780430371E-004
  K_nlo    =    1.1766281527262352            +-    2.8258376784817918E-004
  Kqq2     =    5.7789823061518739E-002       +-    2.1116920852383173E-004
  Kgq2     =   -4.2199649731905070E-002       +-    1.5164984318603216E-004
  Kqqs     =    2.0546268676154265E-003       +-    3.6646403914875108E-006
  Kgg      =    1.7484596297469900E-003       +-    2.9656916540432980E-006
  Kgghhz   =   0.21330526737735919            +-    7.8754506943052617E-004
  K_nnlo   =    1.1960214125532114            +-    3.8401291688482185E-004
  K_nnlo2  =    1.4093266799305706            +-    8.7618100682377350E-004
  sig_LO   = (  0.30171490227210895            +-    1.7884929184822741E-004 ) fb
  sig_NLO  = (  0.35500624811040810            +-    1.9813200503530679E-004 ) fb
  sig_NNLO = (  0.36085748360384179            +-    2.1309896642366164E-004 ) fb
  sig_HHZ  = (  0.42521486150472776            +-    3.1917334200010712E-004 ) fb

  pp ---> HHZ + X
  ===============

  PDFSET = PDF4LHC21_40                                NSET =   5
  Sqrt(S)  = 14.0 TeV
  LOOP     = 3
  alphaS(MZ) =   0.11800
          kl =   1.00000
          kv =   1.00000
         k2v =   1.00000
         kth =   1.00000
         kbh =   1.00000
        cHsq =   0.00000
       chdup =   0.00000
         cHw =   0.00000
          cH =   0.00000
         cHb =   0.00000
        cHwb =   0.00000
      cHq1st =   0.00000
      cHq3st =   0.00000
      cHq1rd =   0.00000
      cHq3rd =   0.00000
       cHdst =   0.00000
       cHust =   0.00000
       cHdrd =   0.00000
       cHurd =   0.00000
         cth =  -3.00000
         cbh =   0.00000
 --------------

  mH       = 125.0000      GeV
  fact_scale 1.0
  ren_scale  1.0
  Kqq      =   0.25744615517782166            +-    2.4352949450606523E-004
  Kgq      =   -8.0321032621949576E-002       +-    1.4188643543088103E-004
  K_nlo    =    1.1771251225558719            +-    2.8184814218593177E-004
  Kqq2     =    5.7630749309860979E-002       +-    2.1155214020750305E-004
  Kgq2     =   -4.1735588430417622E-002       +-    1.4957181035551054E-004
  Kqqs     =    2.0381576047981747E-003       +-    3.6330292803400563E-006
  Kgg      =    1.7139207271615095E-003       +-    2.9004878129241378E-006
  Kgghhz   =   0.20901499666991821            +-    7.7259647754645893E-004
  K_nnlo   =    1.1967723617672748            +-    3.8286553966682059E-004
  K_nnlo2  =    1.4057873584371929            +-    8.6225943809364110E-004
  sig_LO   = (  0.30507809171726341            +-    1.8114652767049416E-004 ) fb
  sig_NLO  = (  0.35911508610179527            +-    2.0051833819320562E-004 ) fb
  sig_NNLO = (  0.36510902834792269            +-    2.1553935323219951E-004 ) fb
  sig_HHZ  = (  0.42887492467227151            +-    3.1939437644871966E-004 ) fb

  pp ---> HHZ + X
  ===============

  PDFSET = PDF4LHC21_40                                NSET =   6
  Sqrt(S)  = 14.0 TeV
  LOOP     = 3
  alphaS(MZ) =   0.11800
          kl =   1.00000
          kv =   1.00000
         k2v =   1.00000
         kth =   1.00000
         kbh =   1.00000
        cHsq =   0.00000
       chdup =   0.00000
         cHw =   0.00000
          cH =   0.00000
         cHb =   0.00000
        cHwb =   0.00000
      cHq1st =   0.00000
      cHq3st =   0.00000
      cHq1rd =   0.00000
      cHq3rd =   0.00000
       cHdst =   0.00000
       cHust =   0.00000
       cHdrd =   0.00000
       cHurd =   0.00000
         cth =  -3.00000
         cbh =   0.00000
 --------------

  mH       = 125.0000      GeV
  fact_scale 1.0
  ren_scale  1.0
  Kqq      =   0.25744499471161680            +-    2.4273970358407859E-004
  Kgq      =   -8.0539683429586853E-002       +-    1.4222769830845336E-004
  K_nlo    =    1.1769053112820300            +-    2.8133837609221885E-004
  Kqq2     =    5.7632499655526602E-002       +-    2.1088856143571072E-004
  Kgq2     =   -4.1851125307865340E-002       +-    1.5003399575410015E-004
  Kqqs     =    2.0402473592235335E-003       +-    3.6279792704215825E-006
  Kgg      =    1.7282636779913660E-003       +-    2.9274828062095183E-006
  Kgghhz   =   0.21080057510047046            +-    7.7774772759361553E-004
  K_nnlo   =    1.1964551966669064            +-    3.8230511306774190E-004
  K_nnlo2  =    1.4072557717673768            +-    8.6663067523298049E-004
  sig_LO   = (  0.30546661035628292            +-    1.8061035163409480E-004 ) fb
  sig_NLO  = (  0.35950527614762773            +-    2.0001423289013726E-004 ) fb
  sig_NNLO = (  0.36547711336899974            +-    2.1507674324133539E-004 ) fb
  sig_HHZ  = (  0.42986965050609549            +-    3.2046894269521271E-004 ) fb

  pp ---> HHZ + X
  ===============

  PDFSET = PDF4LHC21_40                                NSET =   7
  Sqrt(S)  = 14.0 TeV
  LOOP     = 3
  alphaS(MZ) =   0.11800
          kl =   1.00000
          kv =   1.00000
         k2v =   1.00000
         kth =   1.00000
         kbh =   1.00000
        cHsq =   0.00000
       chdup =   0.00000
         cHw =   0.00000
          cH =   0.00000
         cHb =   0.00000
        cHwb =   0.00000
      cHq1st =   0.00000
      cHq3st =   0.00000
      cHq1rd =   0.00000
      cHq3rd =   0.00000
       cHdst =   0.00000
       cHust =   0.00000
       cHdrd =   0.00000
       cHurd =   0.00000
         cth =  -3.00000
         cbh =   0.00000
 --------------

  mH       = 125.0000      GeV
  fact_scale 1.0
  ren_scale  1.0
  Kqq      =   0.25748011532921816            +-    2.4399361172374592E-004
  Kgq      =   -8.0304968224221895E-002       +-    1.4196602668141867E-004
  K_nlo    =    1.1771751471049963            +-    2.8228927590984989E-004
  Kqq2     =    5.7643084593083142E-002       +-    2.1161978565316895E-004
  Kgq2     =   -4.1728540220051138E-002       +-    1.4968794859126868E-004
  Kqqs     =    2.0378234723872793E-003       +-    3.6364742183773368E-006
  Kgg      =    1.7139001160312640E-003       +-    2.8965207113177640E-006
  Kgghhz   =   0.20900552015809218            +-    7.7129913211112003E-004
  K_nnlo   =    1.1968414150664468            +-    3.8327309415615759E-004
  K_nnlo2  =    1.4058469352245391            +-    8.6127847755496697E-004
  sig_LO   = (  0.30527758200548044            +-    1.8166226225125470E-004 ) fb
  sig_NLO  = (  0.35936518250515903            +-    2.0106611293915124E-004 ) fb
  sig_NNLO = (  0.36536885323550250            +-    2.1608163612673754E-004 ) fb
  sig_HHZ  = (  0.42917355305516258            +-    3.1958229360203738E-004 ) fb

  pp ---> HHZ + X
  ===============

  PDFSET = PDF4LHC21_40                                NSET =   8
  Sqrt(S)  = 14.0 TeV
  LOOP     = 3
  alphaS(MZ) =   0.11800
          kl =   1.00000
          kv =   1.00000
         k2v =   1.00000
         kth =   1.00000
         kbh =   1.00000
        cHsq =   0.00000
       chdup =   0.00000
         cHw =   0.00000
          cH =   0.00000
         cHb =   0.00000
        cHwb =   0.00000
      cHq1st =   0.00000
      cHq3st =   0.00000
      cHq1rd =   0.00000
      cHq3rd =   0.00000
       cHdst =   0.00000
       cHust =   0.00000
       cHdrd =   0.00000
       cHurd =   0.00000
         cth =  -3.00000
         cbh =   0.00000
 --------------

  mH       = 125.0000      GeV
  fact_scale 1.0
  ren_scale  1.0
  Kqq      =   0.25718973045130011            +-    2.4332101728959590E-004
  Kgq      =   -8.0225696835460228E-002       +-    1.4228212343015594E-004
  K_nlo    =    1.1769640336158400            +-    2.8186755773348227E-004
  Kqq2     =    5.7526495070744629E-002       +-    2.1120914288386920E-004
  Kgq2     =   -4.1673665113512413E-002       +-    1.5004952159644217E-004
  Kqqs     =    2.0439232917427107E-003       +-    3.6442794420377046E-006
  Kgg      =    1.7213619428043012E-003       +-    2.9272758301834196E-006
  Kgghhz   =   0.21005572621643134            +-    7.7537879070416053E-004
  K_nnlo   =    1.1965821488076192            +-    3.8287769690612097E-004
  K_nnlo2  =    1.4066378750240505            +-    8.6475869458594158E-004
  sig_LO   = (  0.30582532404775092            +-    1.8154373350830370E-004 ) fb
  sig_NLO  = (  0.35994540697311223            +-    2.0097002978400303E-004 ) fb
  sig_NNLO = (  0.36594512340884422            +-    2.1603023111392176E-004 ) fb
  sig_HHZ  = (  0.43018548394707001            +-    3.2078017476593632E-004 ) fb

  pp ---> HHZ + X
  ===============

  PDFSET = PDF4LHC21_40                                NSET =   9
  Sqrt(S)  = 14.0 TeV
  LOOP     = 3
  alphaS(MZ) =   0.11800
          kl =   1.00000
          kv =   1.00000
         k2v =   1.00000
         kth =   1.00000
         kbh =   1.00000
        cHsq =   0.00000
       chdup =   0.00000
         cHw =   0.00000
          cH =   0.00000
         cHb =   0.00000
        cHwb =   0.00000
      cHq1st =   0.00000
      cHq3st =   0.00000
      cHq1rd =   0.00000
      cHq3rd =   0.00000
       cHdst =   0.00000
       cHust =   0.00000
       cHdrd =   0.00000
       cHurd =   0.00000
         cth =  -3.00000
         cbh =   0.00000
 --------------

  mH       = 125.0000      GeV
  fact_scale 1.0
  ren_scale  1.0
  Kqq      =   0.25741714753199557            +-    2.4232917648407868E-004
  Kgq      =   -8.0452800427983764E-002       +-    1.4204172166745293E-004
  K_nlo    =    1.1769643471040117            +-    2.8089015730300325E-004
  Kqq2     =    5.7618083593514863E-002       +-    2.1050790826173830E-004
  Kgq2     =   -4.1803811989093331E-002       +-    1.4985881180319273E-004
  Kqqs     =    2.0426566086832027E-003       +-    3.6329255849641133E-006
  Kgg      =    1.7201647194992284E-003       +-    2.9102735975838066E-006
  Kgghhz   =   0.20980324114109150            +-    7.7357653311511997E-004
  K_nnlo   =    1.1965414400366159            +-    3.8169646478088023E-004
  K_nnlo2  =    1.4063446811777074            +-    8.6261975621511832E-004
  sig_LO   = (  0.30673627336415271            +-    1.8097918712313248E-004 ) fb
  sig_NLO  = (  0.36101765771315764            +-    2.0044169708284372E-004 ) fb
  sig_NNLO = (  0.36702266224260827            +-    2.1554866728453208E-004 ) fb
  sig_HHZ  = (  0.43137692656994736            +-    3.2056967498987914E-004 ) fb

  pp ---> HHZ + X
  ===============

  PDFSET = PDF4LHC21_40                                NSET =  10
  Sqrt(S)  = 14.0 TeV
  LOOP     = 3
  alphaS(MZ) =   0.11800
          kl =   1.00000
          kv =   1.00000
         k2v =   1.00000
         kth =   1.00000
         kbh =   1.00000
        cHsq =   0.00000
       chdup =   0.00000
         cHw =   0.00000
          cH =   0.00000
         cHb =   0.00000
        cHwb =   0.00000
      cHq1st =   0.00000
      cHq3st =   0.00000
      cHq1rd =   0.00000
      cHq3rd =   0.00000
       cHdst =   0.00000
       cHust =   0.00000
       cHdrd =   0.00000
       cHurd =   0.00000
         cth =  -3.00000
         cbh =   0.00000
 --------------

  mH       = 125.0000      GeV
  fact_scale 1.0
  ren_scale  1.0
  Kqq      =   0.25732582581491331            +-    2.4339775503220447E-004
  Kgq      =   -8.0205643016643374E-002       +-    1.4197827464442720E-004
  K_nlo    =    1.1771201827982700            +-    2.8178058418870064E-004
  Kqq2     =    5.7581887652645380E-002       +-    2.1127818808949444E-004
  Kgq2     =   -4.1679031132080262E-002       +-    1.4974587305444063E-004
  Kqqs     =    2.0392436572811219E-003       +-    3.6393729775283054E-006
  Kgg      =    1.7137600745440991E-003       +-    2.9076477880753741E-006
  Kgghhz   =   0.20906944188915305            +-    7.7204746889512985E-004
  K_nnlo   =    1.1967760430506602            +-    3.8273266954399240E-004
  K_nnlo2  =    1.4058454849398132            +-    8.6170852993552719E-004
  sig_LO   = (  0.30510986888450220            +-    1.8120305609826059E-004 ) fb
  sig_NLO  = (  0.35915098463488138            +-    2.0056441008797142E-004 ) fb
  sig_NNLO = (  0.36514818157930035            +-    2.1557149244432058E-004 ) fb
  sig_HHZ  = (  0.42893733158185587            +-    3.1931059036116122E-004 ) fb

  pp ---> HHZ + X
  ===============

  PDFSET = PDF4LHC21_40                                NSET =  11
  Sqrt(S)  = 14.0 TeV
  LOOP     = 3
  alphaS(MZ) =   0.11800
          kl =   1.00000
          kv =   1.00000
         k2v =   1.00000
         kth =   1.00000
         kbh =   1.00000
        cHsq =   0.00000
       chdup =   0.00000
         cHw =   0.00000
          cH =   0.00000
         cHb =   0.00000
        cHwb =   0.00000
      cHq1st =   0.00000
      cHq3st =   0.00000
      cHq1rd =   0.00000
      cHq3rd =   0.00000
       cHdst =   0.00000
       cHust =   0.00000
       cHdrd =   0.00000
       cHurd =   0.00000
         cth =  -3.00000
         cbh =   0.00000
 --------------

  mH       = 125.0000      GeV
  fact_scale 1.0
  ren_scale  1.0
  Kqq      =   0.25727468955702404            +-    2.4316545608061291E-004
  Kgq      =   -8.0397248232729021E-002       +-    1.4216373419067888E-004
  K_nlo    =    1.1768774413242951            +-    2.8167351020273539E-004
  Kqq2     =    5.7560237745504846E-002       +-    2.1113194986004881E-004
  Kgq2     =   -4.1776350332960434E-002       +-    1.4994834206745618E-004
  Kqqs     =    2.0382427447527825E-003       +-    3.6362080300867033E-006
  Kgg      =    1.7214456059586433E-003       +-    2.9130725697224946E-006
  Kgghhz   =   0.20996446981515543            +-    7.7442146340694494E-004
  K_nnlo   =    1.1964210170875509            +-    3.8265242700269132E-004
  K_nnlo2  =    1.4063854869027064            +-    8.6380060365596199E-004
  sig_LO   = (  0.30568551411527478            +-    1.8132269528814272E-004 ) fb
  sig_NLO  = (  0.35975438570188623            +-    2.0072801141651639E-004 ) fb
  sig_NNLO = (  0.36572857370672790            +-    2.1577814012766825E-004 ) fb
  sig_HHZ  = (  0.42991167060811475            +-    3.2031394842829930E-004 ) fb

  pp ---> HHZ + X
  ===============

  PDFSET = PDF4LHC21_40                                NSET =  12
  Sqrt(S)  = 14.0 TeV
  LOOP     = 3
  alphaS(MZ) =   0.11800
          kl =   1.00000
          kv =   1.00000
         k2v =   1.00000
         kth =   1.00000
         kbh =   1.00000
        cHsq =   0.00000
       chdup =   0.00000
         cHw =   0.00000
          cH =   0.00000
         cHb =   0.00000
        cHwb =   0.00000
      cHq1st =   0.00000
      cHq3st =   0.00000
      cHq1rd =   0.00000
      cHq3rd =   0.00000
       cHdst =   0.00000
       cHust =   0.00000
       cHdrd =   0.00000
       cHurd =   0.00000
         cth =  -3.00000
         cbh =   0.00000
 --------------

  mH       = 125.0000      GeV
  fact_scale 1.0
  ren_scale  1.0
  Kqq      =   0.25719319814273600            +-    2.4261378016728026E-004
  Kgq      =   -8.0310897419618152E-002       +-    1.4201267038345392E-004
  K_nlo    =    1.1768823007231179            +-    2.8112105021946851E-004
  Kqq2     =    5.7526532402098922E-002       +-    2.1055701557241499E-004
  Kgq2     =   -4.1728289992736485E-002       +-    1.4984144494170284E-004
  Kqqs     =    2.0386167229408908E-003       +-    3.6332822463551399E-006
  Kgg      =    1.7187070422530740E-003       +-    2.9077348300691827E-006
  Kgghhz   =   0.20963999060814584            +-    7.7272005188685252E-004
  K_nnlo   =    1.1964378668976743            +-    3.8188665329806978E-004
  K_nnlo2  =    1.4060778575058202            +-    8.6193601534871492E-004
  sig_LO   = (  0.30743618863938998            +-    1.8195857503218129E-004 ) fb
  sig_NLO  = (  0.36181620901147177            +-    2.0144108830958690E-004 ) fb
  sig_NNLO = (  0.36782829774286280            +-    2.1654800747986777E-004 ) fb
  sig_HHZ  = (  0.43227921744182868            +-    3.2144796550699948E-004 ) fb

  pp ---> HHZ + X
  ===============

  PDFSET = PDF4LHC21_40                                NSET =  13
  Sqrt(S)  = 14.0 TeV
  LOOP     = 3
  alphaS(MZ) =   0.11800
          kl =   1.00000
          kv =   1.00000
         k2v =   1.00000
         kth =   1.00000
         kbh =   1.00000
        cHsq =   0.00000
       chdup =   0.00000
         cHw =   0.00000
          cH =   0.00000
         cHb =   0.00000
        cHwb =   0.00000
      cHq1st =   0.00000
      cHq3st =   0.00000
      cHq1rd =   0.00000
      cHq3rd =   0.00000
       cHdst =   0.00000
       cHust =   0.00000
       cHdrd =   0.00000
       cHurd =   0.00000
         cth =  -3.00000
         cbh =   0.00000
 --------------

  mH       = 125.0000      GeV
  fact_scale 1.0
  ren_scale  1.0
  Kqq      =   0.25731385169310428            +-    2.4292818532341276E-004
  Kgq      =   -8.0255284299126858E-002       +-    1.4183178632596414E-004
  K_nlo    =    1.1770585673939775            +-    2.8130118882958947E-004
  Kqq2     =    5.7573381496644621E-002       +-    2.1099930163469264E-004
  Kgq2     =   -4.1701703002870912E-002       +-    1.4957210207771062E-004
  Kqqs     =    2.0353957498263609E-003       +-    3.6287262666830125E-006
  Kgg      =    1.7166436142786636E-003       +-    2.9031095435965697E-006
  Kgghhz   =   0.20937291851060014            +-    7.7267413639584524E-004
  K_nnlo   =    1.1966822852518559            +-    3.8215765535516108E-004
  K_nnlo2  =    1.4060552037624561            +-    8.6201496193605558E-004
  sig_LO   = (  0.30519568575058942            +-    1.8083640712853938E-004 ) fb
  sig_NLO  = (  0.35923319664441128            +-    2.0018080942271125E-004 ) fb
  sig_NNLO = (  0.36522227067302265            +-    2.1518604036734084E-004 ) fb
  sig_HHZ  = (  0.42912198211546754            +-    3.1924066348804097E-004 ) fb

  pp ---> HHZ + X
  ===============

  PDFSET = PDF4LHC21_40                                NSET =  14
  Sqrt(S)  = 14.0 TeV
  LOOP     = 3
  alphaS(MZ) =   0.11800
          kl =   1.00000
          kv =   1.00000
         k2v =   1.00000
         kth =   1.00000
         kbh =   1.00000
        cHsq =   0.00000
       chdup =   0.00000
         cHw =   0.00000
          cH =   0.00000
         cHb =   0.00000
        cHwb =   0.00000
      cHq1st =   0.00000
      cHq3st =   0.00000
      cHq1rd =   0.00000
      cHq3rd =   0.00000
       cHdst =   0.00000
       cHust =   0.00000
       cHdrd =   0.00000
       cHurd =   0.00000
         cth =  -3.00000
         cbh =   0.00000
 --------------

  mH       = 125.0000      GeV
  fact_scale 1.0
  ren_scale  1.0
  Kqq      =   0.25743444336174781            +-    2.4349968962632484E-004
  Kgq      =   -8.0348928238297354E-002       +-    1.4201740642760395E-004
  K_nlo    =    1.1770855151234503            +-    2.8188835126081351E-004
  Kqq2     =    5.7626525595716994E-002       +-    2.1149905232338570E-004
  Kgq2     =   -4.1751832308004388E-002       +-    1.4978065702789337E-004
  Kqqs     =    2.0391087141056895E-003       +-    3.6367938146464893E-006
  Kgg      =    1.7160793044428578E-003       +-    2.9008590634895294E-006
  Kgghhz   =   0.20929051255699826            +-    7.7211458890385641E-004
  K_nnlo   =    1.1967153964297113            +-    3.8294748749991025E-004
  K_nnlo2  =    1.4060059089867094            +-    8.6186409403145759E-004
  sig_LO   = (  0.30569427979527652            +-    1.8153285339946111E-004 ) fb
  sig_NLO  = (  0.35982830880311523            +-    2.0094708569915652E-004 ) fb
  sig_NNLO = (  0.36582905123149950            +-    2.1600545702626231E-004 ) fb
  sig_HHZ  = (  0.42980796373559538            +-    3.1995155359093618E-004 ) fb

  pp ---> HHZ + X
  ===============

  PDFSET = PDF4LHC21_40                                NSET =  15
  Sqrt(S)  = 14.0 TeV
  LOOP     = 3
  alphaS(MZ) =   0.11800
          kl =   1.00000
          kv =   1.00000
         k2v =   1.00000
         kth =   1.00000
         kbh =   1.00000
        cHsq =   0.00000
       chdup =   0.00000
         cHw =   0.00000
          cH =   0.00000
         cHb =   0.00000
        cHwb =   0.00000
      cHq1st =   0.00000
      cHq3st =   0.00000
      cHq1rd =   0.00000
      cHq3rd =   0.00000
       cHdst =   0.00000
       cHust =   0.00000
       cHdrd =   0.00000
       cHurd =   0.00000
         cth =  -3.00000
         cbh =   0.00000
 --------------

  mH       = 125.0000      GeV
  fact_scale 1.0
  ren_scale  1.0
  Kqq      =   0.25744612448653542            +-    2.4307165527050390E-004
  Kgq      =   -8.0221374455747008E-002       +-    1.4162914030332410E-004
  K_nlo    =    1.1772247500307884            +-    2.8132302248305480E-004
  Kqq2     =    5.7631997964681901E-002       +-    2.1109163113293986E-004
  Kgq2     =   -4.1694882107871305E-002       +-    1.4937114616335378E-004
  Kqqs     =    2.0369666431552316E-003       +-    3.6305517573860529E-006
  Kgg      =    1.7105026556232319E-003       +-    2.8890773605001569E-006
  Kgghhz   =   0.20859454447712975            +-    7.6911012692566360E-004
  K_nnlo   =    1.1969093351863775            +-    3.8214602797043238E-004
  K_nnlo2  =    1.4055038796635073            +-    8.5881661257406340E-004
  sig_LO   = (  0.30524846458797089            +-    1.8084880711621948E-004 ) fb
  sig_NLO  = (  0.35934604742185600            +-    2.0020123728956737E-004 ) fb
  sig_NNLO = (  0.36535473681665076            +-    2.1520546961643577E-004 ) fb
  sig_HHZ  = (  0.42902790123972179            +-    3.1848108155577685E-004 ) fb

  pp ---> HHZ + X
  ===============

  PDFSET = PDF4LHC21_40                                NSET =  16
  Sqrt(S)  = 14.0 TeV
  LOOP     = 3
  alphaS(MZ) =   0.11800
          kl =   1.00000
          kv =   1.00000
         k2v =   1.00000
         kth =   1.00000
         kbh =   1.00000
        cHsq =   0.00000
       chdup =   0.00000
         cHw =   0.00000
          cH =   0.00000
         cHb =   0.00000
        cHwb =   0.00000
      cHq1st =   0.00000
      cHq3st =   0.00000
      cHq1rd =   0.00000
      cHq3rd =   0.00000
       cHdst =   0.00000
       cHust =   0.00000
       cHdrd =   0.00000
       cHurd =   0.00000
         cth =  -3.00000
         cbh =   0.00000
 --------------

  mH       = 125.0000      GeV
  fact_scale 1.0
  ren_scale  1.0
  Kqq      =   0.25719583462523216            +-    2.4328204761265123E-004
  Kgq      =   -8.0313699153676657E-002       +-    1.4212377014534655E-004
  K_nlo    =    1.1768821354715555            +-    2.8175400747980784E-004
  Kqq2     =    5.7530069655687348E-002       +-    2.1120014726393310E-004
  Kgq2     =   -4.1730075464991780E-002       +-    1.4989820858586357E-004
  Kqqs     =    2.0308261561900165E-003       +-    3.6253956575475419E-006
  Kgg      =    1.7275756675411741E-003       +-    2.9273223812778718E-006
  Kgghhz   =   0.21073788867982901            +-    7.7781034177794805E-004
  K_nnlo   =    1.1964405314859823            +-    3.8272968082249300E-004
  K_nnlo2  =    1.4071784201658113            +-    8.6687423329985741E-004
  sig_LO   = (  0.30542141022489522            +-    1.8129845123054353E-004 ) fb
  sig_NLO  = (  0.35944500148420866            +-    2.0068474976124193E-004 ) fb
  sig_NNLO = (  0.36541855437667181            +-    2.1571578055415406E-004 ) fb
  sig_HHZ  = (  0.42978241752508217            +-    3.2088630232794381E-004 ) fb

  pp ---> HHZ + X
  ===============

  PDFSET = PDF4LHC21_40                                NSET =  17
  Sqrt(S)  = 14.0 TeV
  LOOP     = 3
  alphaS(MZ) =   0.11800
          kl =   1.00000
          kv =   1.00000
         k2v =   1.00000
         kth =   1.00000
         kbh =   1.00000
        cHsq =   0.00000
       chdup =   0.00000
         cHw =   0.00000
          cH =   0.00000
         cHb =   0.00000
        cHwb =   0.00000
      cHq1st =   0.00000
      cHq3st =   0.00000
      cHq1rd =   0.00000
      cHq3rd =   0.00000
       cHdst =   0.00000
       cHust =   0.00000
       cHdrd =   0.00000
       cHurd =   0.00000
         cth =  -3.00000
         cbh =   0.00000
 --------------

  mH       = 125.0000      GeV
  fact_scale 1.0
  ren_scale  1.0
  Kqq      =   0.25745170776235238            +-    2.4288016138997523E-004
  Kgq      =   -8.0083427507330815E-002       +-    1.4143300310887405E-004
  K_nlo    =    1.1773682802550216            +-    2.8105883221349792E-004
  Kqq2     =    5.7629340426073171E-002       +-    2.1098687793605892E-004
  Kgq2     =   -4.1611850855477708E-002       +-    1.4916736219699190E-004
  Kqqs     =    2.0356626493692621E-003       +-    3.6219297941594513E-006
  Kgg      =    1.7089737494441609E-003       +-    2.8893793268070479E-006
  Kgghhz   =   0.20842926131301551            +-    7.6882783813159432E-004
  K_nnlo   =    1.1971304062244306            +-    3.8181395817800742E-004
  K_nnlo2  =    1.4055596675374460            +-    8.5841606657008590E-004
  sig_LO   = (  0.30735297478111667            +-    1.8190818201107564E-004 ) fb
  sig_NLO  = (  0.36186764334930838            +-    2.0137732858920476E-004 ) fb
  sig_NNLO = (  0.36794159155400535            +-    2.1647632160450069E-004 ) fb
  sig_HHZ  = (  0.43200294504999137            +-    3.2046904320967118E-004 ) fb

  pp ---> HHZ + X
  ===============

  PDFSET = PDF4LHC21_40                                NSET =  18
  Sqrt(S)  = 14.0 TeV
  LOOP     = 3
  alphaS(MZ) =   0.11800
          kl =   1.00000
          kv =   1.00000
         k2v =   1.00000
         kth =   1.00000
         kbh =   1.00000
        cHsq =   0.00000
       chdup =   0.00000
         cHw =   0.00000
          cH =   0.00000
         cHb =   0.00000
        cHwb =   0.00000
      cHq1st =   0.00000
      cHq3st =   0.00000
      cHq1rd =   0.00000
      cHq3rd =   0.00000
       cHdst =   0.00000
       cHust =   0.00000
       cHdrd =   0.00000
       cHurd =   0.00000
         cth =  -3.00000
         cbh =   0.00000
 --------------

  mH       = 125.0000      GeV
  fact_scale 1.0
  ren_scale  1.0
  Kqq      =   0.25739503206311964            +-    2.4300898475335150E-004
  Kgq      =   -8.0137666176627459E-002       +-    1.4144887352444897E-004
  K_nlo    =    1.1772573658864920            +-    2.8117814725221832E-004
  Kqq2     =    5.7608693637934465E-002       +-    2.1106125622757758E-004
  Kgq2     =   -4.1642997740701189E-002       +-    1.4915555702917077E-004
  Kqqs     =    2.0381093569172139E-003       +-    3.6304445146222477E-006
  Kgg      =    1.7065155089110026E-003       +-    2.8821488072906573E-006
  Kgghhz   =   0.20810778993849577            +-    7.6743441140363718E-004
  K_nnlo   =    1.1969676866495538            +-    3.8193830846663794E-004
  K_nnlo2  =    1.4050754765880495            +-    8.5722368567416735E-004
  sig_LO   = (  0.30688118428872113            +-    1.8173237816727867E-004 ) fb
  sig_NLO  = (  0.36127813465586700            +-    2.0117734720191387E-004 ) fb
  sig_NNLO = (  0.36732686123434588            +-    2.1625162764762044E-004 ) fb
  sig_HHZ  = (  0.43119122627037987            +-    3.1973470698841097E-004 ) fb

  pp ---> HHZ + X
  ===============

  PDFSET = PDF4LHC21_40                                NSET =  19
  Sqrt(S)  = 14.0 TeV
  LOOP     = 3
  alphaS(MZ) =   0.11800
          kl =   1.00000
          kv =   1.00000
         k2v =   1.00000
         kth =   1.00000
         kbh =   1.00000
        cHsq =   0.00000
       chdup =   0.00000
         cHw =   0.00000
          cH =   0.00000
         cHb =   0.00000
        cHwb =   0.00000
      cHq1st =   0.00000
      cHq3st =   0.00000
      cHq1rd =   0.00000
      cHq3rd =   0.00000
       cHdst =   0.00000
       cHust =   0.00000
       cHdrd =   0.00000
       cHurd =   0.00000
         cth =  -3.00000
         cbh =   0.00000
 --------------

  mH       = 125.0000      GeV
  fact_scale 1.0
  ren_scale  1.0
  Kqq      =   0.25750357222404585            +-    2.4313543022176802E-004
  Kgq      =   -8.0676285618721061E-002       +-    1.4272385306458266E-004
  K_nlo    =    1.1768272866053247            +-    2.8193072848259164E-004
  Kqq2     =    5.7652506834449398E-002       +-    2.1118475789912234E-004
  Kgq2     =   -4.1918806086721404E-002       +-    1.5056763907175504E-004
  Kqqs     =    2.0421027790441630E-003       +-    3.6426729669148996E-006
  Kgg      =    1.7329378430628378E-003       +-    2.9356731400499259E-006
  Kgghhz   =   0.21138841975791731            +-    7.8023365375389387E-004
  K_nnlo   =    1.1963360279751596            +-    3.8311413287740650E-004
  K_nnlo2  =    1.4077244477330768            +-    8.6921861074217585E-004
  sig_LO   = (  0.30411381110615976            +-    1.8030509240941496E-004 ) fb
  sig_NLO  = (  0.35788943114326627            +-    1.9965246636031813E-004 ) fb
  sig_NNLO = (  0.36382230883113120            +-    2.1467318447045768E-004 ) fb
  sig_HHZ  = (  0.42810844678742010            +-    3.1997858342988893E-004 ) fb

  pp ---> HHZ + X
  ===============

  PDFSET = PDF4LHC21_40                                NSET =  20
  Sqrt(S)  = 14.0 TeV
  LOOP     = 3
  alphaS(MZ) =   0.11800
          kl =   1.00000
          kv =   1.00000
         k2v =   1.00000
         kth =   1.00000
         kbh =   1.00000
        cHsq =   0.00000
       chdup =   0.00000
         cHw =   0.00000
          cH =   0.00000
         cHb =   0.00000
        cHwb =   0.00000
      cHq1st =   0.00000
      cHq3st =   0.00000
      cHq1rd =   0.00000
      cHq3rd =   0.00000
       cHdst =   0.00000
       cHust =   0.00000
       cHdrd =   0.00000
       cHurd =   0.00000
         cth =  -3.00000
         cbh =   0.00000
 --------------

  mH       = 125.0000      GeV
  fact_scale 1.0
  ren_scale  1.0
  Kqq      =   0.25733411926511496            +-    2.4319348338353451E-004
  Kgq      =   -8.0417091602933852E-002       +-    1.4216054141588745E-004
  K_nlo    =    1.1769170276621810            +-    2.8169609492478896E-004
  Kqq2     =    5.7585333358371599E-002       +-    2.1118801315838672E-004
  Kgq2     =   -4.1784442596766037E-002       +-    1.4993660812536873E-004
  Kqqs     =    2.0397003660011653E-003       +-    3.6348036710796810E-006
  Kgg      =    1.7210701904258182E-003       +-    2.9115792115270132E-006
  Kgghhz   =   0.20991732725191845            +-    7.7412415765355086E-004
  K_nnlo   =    1.1964786889802135            +-    3.8269536493800826E-004
  K_nnlo2  =    1.4063960162321318            +-    8.6355309842988520E-004
  sig_LO   = (  0.30643152396935786            +-    1.8170550458780873E-004 ) fb
  sig_NLO  = (  0.36064447837200903            +-    2.0116692101034976E-004 ) fb
  sig_NNLO = (  0.36663878806106615            +-    2.1626170592041057E-004 ) fb
  sig_HHZ  = (  0.43096407455844593            +-    3.2099934210087100E-004 ) fb

  pp ---> HHZ + X
  ===============

  PDFSET = PDF4LHC21_40                                NSET =  21
  Sqrt(S)  = 14.0 TeV
  LOOP     = 3
  alphaS(MZ) =   0.11800
          kl =   1.00000
          kv =   1.00000
         k2v =   1.00000
         kth =   1.00000
         kbh =   1.00000
        cHsq =   0.00000
       chdup =   0.00000
         cHw =   0.00000
          cH =   0.00000
         cHb =   0.00000
        cHwb =   0.00000
      cHq1st =   0.00000
      cHq3st =   0.00000
      cHq1rd =   0.00000
      cHq3rd =   0.00000
       cHdst =   0.00000
       cHust =   0.00000
       cHdrd =   0.00000
       cHurd =   0.00000
         cth =  -3.00000
         cbh =   0.00000
 --------------

  mH       = 125.0000      GeV
  fact_scale 1.0
  ren_scale  1.0
  Kqq      =   0.25756500836533164            +-    2.4335669589027530E-004
  Kgq      =   -8.0882414074619213E-002       +-    1.4296626099417811E-004
  K_nlo    =    1.1766825942907124            +-    2.8224427933491833E-004
  Kqq2     =    5.7687940613910423E-002       +-    2.1131427122488138E-004
  Kgq2     =   -4.2026646095605205E-002       +-    1.5077700366054357E-004
  Kqqs     =    2.0506047337373419E-003       +-    3.6549893985509340E-006
  Kgg      =    1.7323337673482292E-003       +-    2.9313379510994865E-006
  Kgghhz   =   0.21129398065058827            +-    7.7965750162127664E-004
  K_nnlo   =    1.1961268273101033            +-    3.8349864532111292E-004
  K_nnlo2  =    1.4074208079606916            +-    8.6887112438926160E-004
  sig_LO   = (  0.30370510946930940            +-    1.8014260476456354E-004 ) fb
  sig_NLO  = (  0.35736451610969178            +-    1.9949714312007412E-004 ) fb
  sig_NNLO = (  0.36326982902739258            +-    2.1451511594611588E-004 ) fb
  sig_HHZ  = (  0.42744089055108564            +-    3.1950638347291559E-004 ) fb

  pp ---> HHZ + X
  ===============

  PDFSET = PDF4LHC21_40                                NSET =  22
  Sqrt(S)  = 14.0 TeV
  LOOP     = 3
  alphaS(MZ) =   0.11800
          kl =   1.00000
          kv =   1.00000
         k2v =   1.00000
         kth =   1.00000
         kbh =   1.00000
        cHsq =   0.00000
       chdup =   0.00000
         cHw =   0.00000
          cH =   0.00000
         cHb =   0.00000
        cHwb =   0.00000
      cHq1st =   0.00000
      cHq3st =   0.00000
      cHq1rd =   0.00000
      cHq3rd =   0.00000
       cHdst =   0.00000
       cHust =   0.00000
       cHdrd =   0.00000
       cHurd =   0.00000
         cth =  -3.00000
         cbh =   0.00000
 --------------

  mH       = 125.0000      GeV
  fact_scale 1.0
  ren_scale  1.0
  Kqq      =   0.25735996221099483            +-    2.4313072675745604E-004
  Kgq      =   -8.0569383826075827E-002       +-    1.4257744086327049E-004
  K_nlo    =    1.1767905783849189            +-    2.8185258014914132E-004
  Kqq2     =    5.7595250581635220E-002       +-    2.1108211355397424E-004
  Kgq2     =   -4.1861925548350637E-002       +-    1.5038392191851112E-004
  Kqqs     =    2.0385405964791483E-003       +-    3.6353137613305796E-006
  Kgg      =    1.7336618901758086E-003       +-    2.9434110083671703E-006
  Kgghhz   =   0.21150426210721546            +-    7.8145889820932057E-004
  K_nnlo   =    1.1962961059048585            +-    3.8292785057402308E-004
  K_nnlo2  =    1.4078003680120739            +-    8.7023660480111190E-004
  sig_LO   = (  0.30470754074994283            +-    1.8067156896552295E-004 ) fb
  sig_NLO  = (  0.35857696311737147            +-    2.0004508976854228E-004 ) fb
  sig_NNLO = (  0.36452044443900256            +-    2.1507364422747088E-004 ) fb
  sig_HHZ  = (  0.42896738800382350            +-    3.2086773205209203E-004 ) fb

  pp ---> HHZ + X
  ===============

  PDFSET = PDF4LHC21_40                                NSET =  23
  Sqrt(S)  = 14.0 TeV
  LOOP     = 3
  alphaS(MZ) =   0.11800
          kl =   1.00000
          kv =   1.00000
         k2v =   1.00000
         kth =   1.00000
         kbh =   1.00000
        cHsq =   0.00000
       chdup =   0.00000
         cHw =   0.00000
          cH =   0.00000
         cHb =   0.00000
        cHwb =   0.00000
      cHq1st =   0.00000
      cHq3st =   0.00000
      cHq1rd =   0.00000
      cHq3rd =   0.00000
       cHdst =   0.00000
       cHust =   0.00000
       cHdrd =   0.00000
       cHurd =   0.00000
         cth =  -3.00000
         cbh =   0.00000
 --------------

  mH       = 125.0000      GeV
  fact_scale 1.0
  ren_scale  1.0
  Kqq      =   0.25743979919826138            +-    2.4301149573683720E-004
  Kgq      =   -8.0516955171027665E-002       +-    1.4232582546590090E-004
  K_nlo    =    1.1769228440272337            +-    2.8162249138661655E-004
  Kqq2     =    5.7626779698361455E-002       +-    2.1102959632594891E-004
  Kgq2     =   -4.1835924767897777E-002       +-    1.5011648294111160E-004
  Kqqs     =    2.0426494545224862E-003       +-    3.6396278611175288E-006
  Kgg      =    1.7233781169278769E-003       +-    2.9158381657299861E-006
  Kgghhz   =   0.21020226164634292            +-    7.7531987278733417E-004
  K_nnlo   =    1.1964797265291476            +-    3.8262439236682634E-004
  K_nnlo2  =    1.4066819881754906            +-    8.6459373741257868E-004
  sig_LO   = (  0.30542702564503604            +-    1.8091045007372482E-004 ) fb
  sig_NLO  = (  0.35946404366493467            +-    2.0031772711647360E-004 ) fb
  sig_NNLO = (  0.36543724411838369            +-    2.1537350285372089E-004 ) fb
  sig_HHZ  = (  0.42963869567688584            +-    3.2009640877828164E-004 ) fb

  pp ---> HHZ + X
  ===============

  PDFSET = PDF4LHC21_40                                NSET =  24
  Sqrt(S)  = 14.0 TeV
  LOOP     = 3
  alphaS(MZ) =   0.11800
          kl =   1.00000
          kv =   1.00000
         k2v =   1.00000
         kth =   1.00000
         kbh =   1.00000
        cHsq =   0.00000
       chdup =   0.00000
         cHw =   0.00000
          cH =   0.00000
         cHb =   0.00000
        cHwb =   0.00000
      cHq1st =   0.00000
      cHq3st =   0.00000
      cHq1rd =   0.00000
      cHq3rd =   0.00000
       cHdst =   0.00000
       cHust =   0.00000
       cHdrd =   0.00000
       cHurd =   0.00000
         cth =  -3.00000
         cbh =   0.00000
 --------------

  mH       = 125.0000      GeV
  fact_scale 1.0
  ren_scale  1.0
  Kqq      =   0.25724216355682988            +-    2.4285719664773200E-004
  Kgq      =   -8.0367064959954757E-002       +-    1.4211388043501382E-004
  K_nlo    =    1.1768750985968750            +-    2.8138225419505861E-004
  Kqq2     =    5.7548348228289824E-002       +-    2.1088064145902141E-004
  Kgq2     =   -4.1757516894487305E-002       +-    1.4992351381676384E-004
  Kqqs     =    2.0389284424104483E-003       +-    3.6328063548142453E-006
  Kgg      =    1.7200949766106124E-003       +-    2.9109117509779389E-006
  Kgghhz   =   0.20980926021992616            +-    7.7425748484657574E-004
  K_nnlo   =    1.1964249533496987            +-    3.8228961351632331E-004
  K_nnlo2  =    1.4062342135696249            +-    8.6349290758141453E-004
  sig_LO   = (  0.30625912787002146            +-    1.8146338930774691E-004 ) fb
  sig_NLO  = (  0.36042874130822450            +-    2.0088614835829267E-004 ) fb
  sig_NNLO = (  0.36641606277480987            +-    2.1595512028610588E-004 ) fb
  sig_HHZ  = (  0.43067206382881884            +-    3.2072438520528806E-004 ) fb

  pp ---> HHZ + X
  ===============

  PDFSET = PDF4LHC21_40                                NSET =  25
  Sqrt(S)  = 14.0 TeV
  LOOP     = 3
  alphaS(MZ) =   0.11800
          kl =   1.00000
          kv =   1.00000
         k2v =   1.00000
         kth =   1.00000
         kbh =   1.00000
        cHsq =   0.00000
       chdup =   0.00000
         cHw =   0.00000
          cH =   0.00000
         cHb =   0.00000
        cHwb =   0.00000
      cHq1st =   0.00000
      cHq3st =   0.00000
      cHq1rd =   0.00000
      cHq3rd =   0.00000
       cHdst =   0.00000
       cHust =   0.00000
       cHdrd =   0.00000
       cHurd =   0.00000
         cth =  -3.00000
         cbh =   0.00000
 --------------

  mH       = 125.0000      GeV
  fact_scale 1.0
  ren_scale  1.0
  Kqq      =   0.25737315530676436            +-    2.4330466708453758E-004
  Kgq      =   -8.0632248247470104E-002       +-    1.4268500806317500E-004
  K_nlo    =    1.1767409070592942            +-    2.8205703776205618E-004
  Kqq2     =    5.7602047691461565E-002       +-    2.1116097609453517E-004
  Kgq2     =   -4.1896213916874599E-002       +-    1.5050208003948283E-004
  Kqqs     =    2.0414365572168931E-003       +-    3.6395897494813293E-006
  Kgg      =    1.7321434745433786E-003       +-    2.9334594315840642E-006
  Kgghhz   =   0.21128564694186205            +-    7.7937722020411768E-004
  K_nnlo   =    1.1962203208656417            +-    3.8316818535767683E-004
  K_nnlo2  =    1.4075059678075037            +-    8.6847378178238214E-004
  sig_LO   = (  0.30506882134276692            +-    1.8108404345828813E-004 ) fb
  sig_NLO  = (  0.35898696154239734            +-    2.0048811429303304E-004 ) fb
  sig_NNLO = (  0.36492952335274770            +-    2.1553497702111511E-004 ) fb
  sig_HHZ  = (  0.42938618663194555            +-    3.2091571880743270E-004 ) fb

  pp ---> HHZ + X
  ===============

  PDFSET = PDF4LHC21_40                                NSET =  26
  Sqrt(S)  = 14.0 TeV
  LOOP     = 3
  alphaS(MZ) =   0.11800
          kl =   1.00000
          kv =   1.00000
         k2v =   1.00000
         kth =   1.00000
         kbh =   1.00000
        cHsq =   0.00000
       chdup =   0.00000
         cHw =   0.00000
          cH =   0.00000
         cHb =   0.00000
        cHwb =   0.00000
      cHq1st =   0.00000
      cHq3st =   0.00000
      cHq1rd =   0.00000
      cHq3rd =   0.00000
       cHdst =   0.00000
       cHust =   0.00000
       cHdrd =   0.00000
       cHurd =   0.00000
         cth =  -3.00000
         cbh =   0.00000
 --------------

  mH       = 125.0000      GeV
  fact_scale 1.0
  ren_scale  1.0
  Kqq      =   0.25734050308091411            +-    2.4179459738651104E-004
  Kgq      =   -8.0419640297035855E-002       +-    1.4159998922524345E-004
  K_nlo    =    1.1769208627838783            +-    2.8020561071094563E-004
  Kqq2     =    5.7591370049793700E-002       +-    2.1003736257549252E-004
  Kgq2     =   -4.1784105107542928E-002       +-    1.4929087870573106E-004
  Kqqs     =    2.0430725307397776E-003       +-    3.6206013081807854E-006
  Kgg      =    1.7183663362452274E-003       +-    2.9055997705641006E-006
  Kgghhz   =   0.20958705961081725            +-    7.7296441223482940E-004
  K_nnlo   =    1.1964895665931141            +-    3.8071012027545543E-004
  K_nnlo2  =    1.4060766262039315            +-    8.6163459671817206E-004
  sig_LO   = (  0.30616130195457530            +-    1.7989261355310333E-004 ) fb
  sig_NLO  = (  0.36032762364741427            +-    1.9930116160201959E-004 ) fb
  sig_NNLO = (  0.36631880348321333            +-    2.1435317673533904E-004 ) fb
  sig_HHZ  = (  0.43048625052649231            +-    3.1929822184312127E-004 ) fb

  pp ---> HHZ + X
  ===============

  PDFSET = PDF4LHC21_40                                NSET =  27
  Sqrt(S)  = 14.0 TeV
  LOOP     = 3
  alphaS(MZ) =   0.11800
          kl =   1.00000
          kv =   1.00000
         k2v =   1.00000
         kth =   1.00000
         kbh =   1.00000
        cHsq =   0.00000
       chdup =   0.00000
         cHw =   0.00000
          cH =   0.00000
         cHb =   0.00000
        cHwb =   0.00000
      cHq1st =   0.00000
      cHq3st =   0.00000
      cHq1rd =   0.00000
      cHq3rd =   0.00000
       cHdst =   0.00000
       cHust =   0.00000
       cHdrd =   0.00000
       cHurd =   0.00000
         cth =  -3.00000
         cbh =   0.00000
 --------------

  mH       = 125.0000      GeV
  fact_scale 1.0
  ren_scale  1.0
  Kqq      =   0.25740506553209525            +-    2.4311471341633957E-004
  Kgq      =   -8.0479883390446094E-002       +-    1.4225356437567855E-004
  K_nlo    =    1.1769251821416491            +-    2.8167506183028384E-004
  Kqq2     =    5.7613614373735203E-002       +-    2.1103054299969674E-004
  Kgq2     =   -4.1818762092649661E-002       +-    1.5003197281000235E-004
  Kqqs     =    2.0399078985627642E-003       +-    3.6373734248610779E-006
  Kgg      =    1.7242349150765469E-003       +-    2.9176285626907823E-006
  Kgghhz   =   0.21030872340407394            +-    7.7599478185043683E-004
  K_nnlo   =    1.1964841772363739            +-    3.8263045676339470E-004
  K_nnlo2  =    1.4067929006404478            +-    8.6520169203606573E-004
  sig_LO   = (  0.30522115753918089            +-    1.8095169371317560E-004 ) fb
  sig_NLO  = (  0.35922246643028549            +-    2.0033697757795564E-004 ) fb
  sig_NNLO = (  0.36519228555340061            +-    2.1536642732937681E-004 ) fb
  sig_HHZ  = (  0.42938295755137945            +-    3.2012596369046639E-004 ) fb

  pp ---> HHZ + X
  ===============

  PDFSET = PDF4LHC21_40                                NSET =  28
  Sqrt(S)  = 14.0 TeV
  LOOP     = 3
  alphaS(MZ) =   0.11800
          kl =   1.00000
          kv =   1.00000
         k2v =   1.00000
         kth =   1.00000
         kbh =   1.00000
        cHsq =   0.00000
       chdup =   0.00000
         cHw =   0.00000
          cH =   0.00000
         cHb =   0.00000
        cHwb =   0.00000
      cHq1st =   0.00000
      cHq3st =   0.00000
      cHq1rd =   0.00000
      cHq3rd =   0.00000
       cHdst =   0.00000
       cHust =   0.00000
       cHdrd =   0.00000
       cHurd =   0.00000
         cth =  -3.00000
         cbh =   0.00000
 --------------

  mH       = 125.0000      GeV
  fact_scale 1.0
  ren_scale  1.0
  Kqq      =   0.25741156206280258            +-    2.4328617167894816E-004
  Kgq      =   -8.0366715663984803E-002       +-    1.4203720104952040E-004
  K_nlo    =    1.1770448463988177            +-    2.8171391128622048E-004
  Kqq2     =    5.7617799393963373E-002       +-    2.1127025496570044E-004
  Kgq2     =   -4.1759752918135669E-002       +-    1.4978352915359720E-004
  Kqqs     =    2.0435974181231267E-003       +-    3.6414743047253196E-006
  Kgg      =    1.7132031684718228E-003       +-    2.8956980849262317E-006
  Kgghhz   =   0.20893528950765045            +-    7.7047066283049577E-004
  K_nnlo   =    1.1966596934612403            +-    3.8269387172212480E-004
  K_nnlo2  =    1.4055949829688907            +-    8.6027881627768425E-004
  sig_LO   = (  0.30609791710594869            +-    1.8157915310850915E-004 ) fb
  sig_NLO  = (  0.36029097582296943            +-    2.0101480994875868E-004 ) fb
  sig_NNLO = (  0.36629503965312876            +-    2.1608606954976058E-004 ) fb
  sig_HHZ  = (  0.43024969658134893            +-    3.1986472569573571E-004 ) fb

  pp ---> HHZ + X
  ===============

  PDFSET = PDF4LHC21_40                                NSET =  29
  Sqrt(S)  = 14.0 TeV
  LOOP     = 3
  alphaS(MZ) =   0.11800
          kl =   1.00000
          kv =   1.00000
         k2v =   1.00000
         kth =   1.00000
         kbh =   1.00000
        cHsq =   0.00000
       chdup =   0.00000
         cHw =   0.00000
          cH =   0.00000
         cHb =   0.00000
        cHwb =   0.00000
      cHq1st =   0.00000
      cHq3st =   0.00000
      cHq1rd =   0.00000
      cHq3rd =   0.00000
       cHdst =   0.00000
       cHust =   0.00000
       cHdrd =   0.00000
       cHurd =   0.00000
         cth =  -3.00000
         cbh =   0.00000
 --------------

  mH       = 125.0000      GeV
  fact_scale 1.0
  ren_scale  1.0
  Kqq      =   0.25746731570115383            +-    2.4328873388364196E-004
  Kgq      =   -8.0404491017679575E-002       +-    1.4205613180107973E-004
  K_nlo    =    1.1770628246834742            +-    2.8172566907719163E-004
  Kqq2     =    5.7638759348069515E-002       +-    2.1120188346456650E-004
  Kgq2     =   -4.1780439151699329E-002       +-    1.4983734841464118E-004
  Kqqs     =    2.0447364978226469E-003       +-    3.6423211108834320E-006
  Kgg      =    1.7152527732842361E-003       +-    2.9000336258285347E-006
  Kgghhz   =   0.20919764474408398            +-    7.7132093992529540E-004
  K_nnlo   =    1.1966811341509513            +-    3.8268589714543689E-004
  K_nnlo2  =    1.4058787788950353            +-    8.6103686810800912E-004
  sig_LO   = (  0.30631039446161445            +-    1.8166857188840082E-004 ) fb
  sig_NLO  = (  0.36054657813489710            +-    2.0112280694791450E-004 ) fb
  sig_NNLO = (  0.36655587024655001            +-    2.1620396630037169E-004 ) fb
  sig_HHZ  = (  0.43063528332855106            +-    3.2025716826407808E-004 ) fb

  pp ---> HHZ + X
  ===============

  PDFSET = PDF4LHC21_40                                NSET =  30
  Sqrt(S)  = 14.0 TeV
  LOOP     = 3
  alphaS(MZ) =   0.11800
          kl =   1.00000
          kv =   1.00000
         k2v =   1.00000
         kth =   1.00000
         kbh =   1.00000
        cHsq =   0.00000
       chdup =   0.00000
         cHw =   0.00000
          cH =   0.00000
         cHb =   0.00000
        cHwb =   0.00000
      cHq1st =   0.00000
      cHq3st =   0.00000
      cHq1rd =   0.00000
      cHq3rd =   0.00000
       cHdst =   0.00000
       cHust =   0.00000
       cHdrd =   0.00000
       cHurd =   0.00000
         cth =  -3.00000
         cbh =   0.00000
 --------------

  mH       = 125.0000      GeV
  fact_scale 1.0
  ren_scale  1.0
  Kqq      =   0.25741965540281747            +-    2.4317029881106722E-004
  Kgq      =   -8.0477565090174563E-002       +-    1.4211810258042988E-004
  K_nlo    =    1.1769420903126429            +-    2.8165466320465086E-004
  Kqq2     =    5.7619042471475888E-002       +-    2.1119945505451544E-004
  Kgq2     =   -4.1816326742718471E-002       +-    1.4988745044059522E-004
  Kqqs     =    2.0386231012448244E-003       +-    3.6326184228261077E-006
  Kgg      =    1.7212809043558835E-003       +-    2.9048392461354211E-006
  Kgghhz   =   0.20990561083392964            +-    7.7385398688498478E-004
  K_nnlo   =    1.1965047100470010            +-    3.8265185342225015E-004
  K_nnlo2  =    1.4064103208809307            +-    8.6329162740366567E-004
  sig_LO   = (  0.30572876006793592            +-    1.8126545727700522E-004 ) fb
  sig_NLO  = (  0.35982504594304898            +-    2.0067906270926188E-004 ) fb
  sig_NNLO = (  0.36580590141811486            +-    2.1573892207451748E-004 ) fb
  sig_HHZ  = (  0.42998008354967487            +-    3.2018406596661021E-004 ) fb

  pp ---> HHZ + X
  ===============

  PDFSET = PDF4LHC21_40                                NSET =  31
  Sqrt(S)  = 14.0 TeV
  LOOP     = 3
  alphaS(MZ) =   0.11800
          kl =   1.00000
          kv =   1.00000
         k2v =   1.00000
         kth =   1.00000
         kbh =   1.00000
        cHsq =   0.00000
       chdup =   0.00000
         cHw =   0.00000
          cH =   0.00000
         cHb =   0.00000
        cHwb =   0.00000
      cHq1st =   0.00000
      cHq3st =   0.00000
      cHq1rd =   0.00000
      cHq3rd =   0.00000
       cHdst =   0.00000
       cHust =   0.00000
       cHdrd =   0.00000
       cHurd =   0.00000
         cth =  -3.00000
         cbh =   0.00000
 --------------

  mH       = 125.0000      GeV
  fact_scale 1.0
  ren_scale  1.0
  Kqq      =   0.25738248440597911            +-    2.4399158143418833E-004
  Kgq      =   -8.0379891401763909E-002       +-    1.4226258374367440E-004
  K_nlo    =    1.1770025930042152            +-    2.8243677972987534E-004
  Kqq2     =    5.7605330752347882E-002       +-    2.1173382045872185E-004
  Kgq2     =   -4.1765785413818882E-002       +-    1.5001559862583508E-004
  Kqqs     =    2.0377172619547067E-003       +-    3.6403722174709040E-006
  Kgg      =    1.7195935550888793E-003       +-    2.9075284452356381E-006
  Kgghhz   =   0.20972962221841804            +-    7.7408111544535426E-004
  K_nnlo   =    1.1965994491597878            +-    3.8357284983799050E-004
  K_nnlo2  =    1.4063290713782057            +-    8.6390375877290959E-004
  sig_LO   = (  0.30477000779414132            +-    1.8159832979086543E-004 ) fb
  sig_NLO  = (  0.35871508944361918            +-    2.0096621644357618E-004 ) fb
  sig_NNLO = (  0.36468762344689371            +-    2.1597202176839176E-004 ) fb
  sig_HHZ  = (  0.42860692204506329            +-    3.1984466089914580E-004 ) fb

  pp ---> HHZ + X
  ===============

  PDFSET = PDF4LHC21_40                                NSET =  32
  Sqrt(S)  = 14.0 TeV
  LOOP     = 3
  alphaS(MZ) =   0.11800
          kl =   1.00000
          kv =   1.00000
         k2v =   1.00000
         kth =   1.00000
         kbh =   1.00000
        cHsq =   0.00000
       chdup =   0.00000
         cHw =   0.00000
          cH =   0.00000
         cHb =   0.00000
        cHwb =   0.00000
      cHq1st =   0.00000
      cHq3st =   0.00000
      cHq1rd =   0.00000
      cHq3rd =   0.00000
       cHdst =   0.00000
       cHust =   0.00000
       cHdrd =   0.00000
       cHurd =   0.00000
         cth =  -3.00000
         cbh =   0.00000
 --------------

  mH       = 125.0000      GeV
  fact_scale 1.0
  ren_scale  1.0
  Kqq      =   0.25736105743796467            +-    2.4324879643007022E-004
  Kgq      =   -8.0445345754278114E-002       +-    1.4229914681763360E-004
  K_nlo    =    1.1769157116836864            +-    2.8181381114080302E-004
  Kqq2     =    5.7596497050160192E-002       +-    2.1120686904243537E-004
  Kgq2     =   -4.1797540157659373E-002       +-    1.5008012432549242E-004
  Kqqs     =    2.0416740015652230E-003       +-    3.6409949703644267E-006
  Kgg      =    1.7202254942220501E-003       +-    2.9106390697833160E-006
  Kgghhz   =   0.20981600293609265            +-    7.7412651614305243E-004
  K_nnlo   =    1.1964765680719744            +-    3.8284871432739154E-004
  K_nnlo2  =    1.4062925710080671            +-    8.6362318233006933E-004
  sig_LO   = (  0.30596113269343062            +-    1.8157599435608394E-004 ) fb
  sig_NLO  = (  0.36009046423143576            +-    2.0100853829596374E-004 ) fb
  sig_NNLO = (  0.36607532600844994            +-    2.1608072056228871E-004 ) fb
  sig_HHZ  = (  0.43027086792398500            +-    3.2060886468181471E-004 ) fb

  pp ---> HHZ + X
  ===============

  PDFSET = PDF4LHC21_40                                NSET =  33
  Sqrt(S)  = 14.0 TeV
  LOOP     = 3
  alphaS(MZ) =   0.11800
          kl =   1.00000
          kv =   1.00000
         k2v =   1.00000
         kth =   1.00000
         kbh =   1.00000
        cHsq =   0.00000
       chdup =   0.00000
         cHw =   0.00000
          cH =   0.00000
         cHb =   0.00000
        cHwb =   0.00000
      cHq1st =   0.00000
      cHq3st =   0.00000
      cHq1rd =   0.00000
      cHq3rd =   0.00000
       cHdst =   0.00000
       cHust =   0.00000
       cHdrd =   0.00000
       cHurd =   0.00000
         cth =  -3.00000
         cbh =   0.00000
 --------------

  mH       = 125.0000      GeV
  fact_scale 1.0
  ren_scale  1.0
  Kqq      =   0.25735614109794269            +-    2.4313300137057648E-004
  Kgq      =   -8.0394102012463775E-002       +-    1.4210591384671898E-004
  K_nlo    =    1.1769620390854789            +-    2.8161631186008360E-004
  Kqq2     =    5.7594755715884953E-002       +-    2.1114714808053193E-004
  Kgq2     =   -4.1773577895259241E-002       +-    1.4987006282455025E-004
  Kqqs     =    2.0393363541160244E-003       +-    3.6345954677621133E-006
  Kgg      =    1.7201676626076492E-003       +-    2.9111506978834498E-006
  Kgghhz   =   0.20980788648777071            +-    7.7426881439515640E-004
  K_nnlo   =    1.1965427209228283            +-    3.8258801087050892E-004
  K_nnlo2  =    1.4063506074105989            +-    8.6363521408447321E-004
  sig_LO   = (  0.30546384994550174            +-    1.8109117429099427E-004 ) fb
  sig_NLO  = (  0.35951935569875848            +-    2.0048459703837860E-004 ) fb
  sig_NNLO = (  0.36550054615735317            +-    2.1552694477608401E-004 ) fb
  sig_HHZ  = (  0.42958927091283644            +-    3.1998340570734980E-004 ) fb

  pp ---> HHZ + X
  ===============

  PDFSET = PDF4LHC21_40                                NSET =  34
  Sqrt(S)  = 14.0 TeV
  LOOP     = 3
  alphaS(MZ) =   0.11800
          kl =   1.00000
          kv =   1.00000
         k2v =   1.00000
         kth =   1.00000
         kbh =   1.00000
        cHsq =   0.00000
       chdup =   0.00000
         cHw =   0.00000
          cH =   0.00000
         cHb =   0.00000
        cHwb =   0.00000
      cHq1st =   0.00000
      cHq3st =   0.00000
      cHq1rd =   0.00000
      cHq3rd =   0.00000
       cHdst =   0.00000
       cHust =   0.00000
       cHdrd =   0.00000
       cHurd =   0.00000
         cth =  -3.00000
         cbh =   0.00000
 --------------

  mH       = 125.0000      GeV
  fact_scale 1.0
  ren_scale  1.0
  Kqq      =   0.25726110402998564            +-    2.4196035772606106E-004
  Kgq      =   -8.0456747430644418E-002       +-    1.4203187670961222E-004
  K_nlo    =    1.1768043565993414            +-    2.8056704851528436E-004
  Kqq2     =    5.7555237349071191E-002       +-    2.0987859962258307E-004
  Kgq2     =   -4.1804961058004513E-002       +-    1.4982692485070146E-004
  Kqqs     =    2.0407093984652980E-003       +-    3.6275772170135615E-006
  Kgg      =    1.7253247551167865E-003       +-    2.9209737179230151E-006
  Kgghhz   =   0.21046542560091500            +-    7.7591200090759227E-004
  K_nnlo   =    1.1963206670439901            +-    3.8109932315114178E-004
  K_nnlo2  =    1.4067860926449052            +-    8.6445134464507715E-004
  sig_LO   = (  0.30658000060518109            +-    1.8049716672171475E-004 ) fb
  sig_NLO  = (  0.36078468035840577            +-    1.9994504683516607E-004 ) fb
  sig_NNLO = (  0.36676799082633710            +-    2.1501212154750101E-004 ) fb
  sig_HHZ  = (  0.43129248113443530            +-    3.2065040065728167E-004 ) fb

  pp ---> HHZ + X
  ===============

  PDFSET = PDF4LHC21_40                                NSET =  35
  Sqrt(S)  = 14.0 TeV
  LOOP     = 3
  alphaS(MZ) =   0.11800
          kl =   1.00000
          kv =   1.00000
         k2v =   1.00000
         kth =   1.00000
         kbh =   1.00000
        cHsq =   0.00000
       chdup =   0.00000
         cHw =   0.00000
          cH =   0.00000
         cHb =   0.00000
        cHwb =   0.00000
      cHq1st =   0.00000
      cHq3st =   0.00000
      cHq1rd =   0.00000
      cHq3rd =   0.00000
       cHdst =   0.00000
       cHust =   0.00000
       cHdrd =   0.00000
       cHurd =   0.00000
         cth =  -3.00000
         cbh =   0.00000
 --------------

  mH       = 125.0000      GeV
  fact_scale 1.0
  ren_scale  1.0
  Kqq      =   0.25733566156688170            +-    2.4334093642961556E-004
  Kgq      =   -8.0401351663007950E-002       +-    1.4216092361164177E-004
  K_nlo    =    1.1769343099038736            +-    2.8182359650064304E-004
  Kqq2     =    5.7587199610588211E-002       +-    2.1125504927034733E-004
  Kgq2     =   -4.1775562927616625E-002       +-    1.4993318164416167E-004
  Kqqs     =    2.0380470347083780E-003       +-    3.6343319383823927E-006
  Kgg      =    1.7225595436342457E-003       +-    2.9139755767954358E-006
  Kgghhz   =   0.21010648031722459            +-    7.7494035907575134E-004
  K_nnlo   =    1.1965065531651877            +-    3.8282488681774048E-004
  K_nnlo2  =    1.4066130334824123            +-    8.6434220890308844E-004
  sig_LO   = (  0.30565338030333444            +-    1.8140492050984698E-004 ) fb
  sig_NLO  = (  0.35973395021709120            +-    2.0081808306339317E-004 ) fb
  sig_NNLO = (  0.36571627253003103            +-    2.1586914548183764E-004 ) fb
  sig_HHZ  = (  0.42993602846262674            +-    3.2047407882186419E-004 ) fb

  pp ---> HHZ + X
  ===============

  PDFSET = PDF4LHC21_40                                NSET =  36
  Sqrt(S)  = 14.0 TeV
  LOOP     = 3
  alphaS(MZ) =   0.11800
          kl =   1.00000
          kv =   1.00000
         k2v =   1.00000
         kth =   1.00000
         kbh =   1.00000
        cHsq =   0.00000
       chdup =   0.00000
         cHw =   0.00000
          cH =   0.00000
         cHb =   0.00000
        cHwb =   0.00000
      cHq1st =   0.00000
      cHq3st =   0.00000
      cHq1rd =   0.00000
      cHq3rd =   0.00000
       cHdst =   0.00000
       cHust =   0.00000
       cHdrd =   0.00000
       cHurd =   0.00000
         cth =  -3.00000
         cbh =   0.00000
 --------------

  mH       = 125.0000      GeV
  fact_scale 1.0
  ren_scale  1.0
  Kqq      =   0.25734569914629357            +-    2.4323259917711812E-004
  Kgq      =   -8.0582546425745138E-002       +-    1.4252281015126900E-004
  K_nlo    =    1.1767631527205484            +-    2.8191283886313384E-004
  Kqq2     =    5.7588385119715368E-002       +-    2.1114677957833003E-004
  Kgq2     =   -4.1866556044045398E-002       +-    1.5026742975094562E-004
  Kqqs     =    2.0373919692890595E-003       +-    3.6324534305436980E-006
  Kgg      =    1.7322109874221142E-003       +-    2.9341047896802440E-006
  Kgghhz   =   0.21129477272420155            +-    7.8029545454072155E-004
  K_nnlo   =    1.1962545847529296            +-    3.8296202863334692E-004
  K_nnlo2  =    1.4075493574771312            +-    8.6920705919353851E-004
  sig_LO   = (  0.30524488426148300            +-    1.8109529248084219E-004 ) fb
  sig_NLO  = (  0.35920093235536166            +-    2.0050069683585713E-004 ) fb
  sig_NNLO = (  0.36515059227017643            +-    2.1554688666625263E-004 ) fb
  sig_HHZ  = (  0.42964724071543170            +-    3.2123315884549793E-004 ) fb

  pp ---> HHZ + X
  ===============

  PDFSET = PDF4LHC21_40                                NSET =  37
  Sqrt(S)  = 14.0 TeV
  LOOP     = 3
  alphaS(MZ) =   0.11800
          kl =   1.00000
          kv =   1.00000
         k2v =   1.00000
         kth =   1.00000
         kbh =   1.00000
        cHsq =   0.00000
       chdup =   0.00000
         cHw =   0.00000
          cH =   0.00000
         cHb =   0.00000
        cHwb =   0.00000
      cHq1st =   0.00000
      cHq3st =   0.00000
      cHq1rd =   0.00000
      cHq3rd =   0.00000
       cHdst =   0.00000
       cHust =   0.00000
       cHdrd =   0.00000
       cHurd =   0.00000
         cth =  -3.00000
         cbh =   0.00000
 --------------

  mH       = 125.0000      GeV
  fact_scale 1.0
  ren_scale  1.0
  Kqq      =   0.25719012921621981            +-    2.4302965671017441E-004
  Kgq      =   -8.0255678797487268E-002       +-    1.4186482237167017E-004
  K_nlo    =    1.1769344504187325            +-    2.8140547590125312E-004
  Kqq2     =    5.7527954803409165E-002       +-    2.1092817167954947E-004
  Kgq2     =   -4.1700019211366457E-002       +-    1.4962785418480551E-004
  Kqqs     =    2.0356018019430070E-003       +-    3.6280305097525886E-006
  Kgg      =    1.7176484890860052E-003       +-    2.9056491958629254E-006
  Kgghhz   =   0.20950230770479680            +-    7.7284821991514385E-004
  K_nnlo   =    1.1965156363018039            +-    3.8221700070230629E-004
  K_nnlo2  =    1.4060179440066007            +-    8.6219731306231369E-004
  sig_LO   = (  0.30630515747294623            +-    1.8151865264971875E-004 ) fb
  sig_NLO  = (  0.36050109217084531            +-    2.0094467600932430E-004 ) fb
  sig_NNLO = (  0.36649891039626659            +-    2.1599904148022291E-004 ) fb
  sig_HHZ  = (  0.43067054774873004            +-    3.2046130155929259E-004 ) fb

  pp ---> HHZ + X
  ===============

  PDFSET = PDF4LHC21_40                                NSET =  38
  Sqrt(S)  = 14.0 TeV
  LOOP     = 3
  alphaS(MZ) =   0.11800
          kl =   1.00000
          kv =   1.00000
         k2v =   1.00000
         kth =   1.00000
         kbh =   1.00000
        cHsq =   0.00000
       chdup =   0.00000
         cHw =   0.00000
          cH =   0.00000
         cHb =   0.00000
        cHwb =   0.00000
      cHq1st =   0.00000
      cHq3st =   0.00000
      cHq1rd =   0.00000
      cHq3rd =   0.00000
       cHdst =   0.00000
       cHust =   0.00000
       cHdrd =   0.00000
       cHurd =   0.00000
         cth =  -3.00000
         cbh =   0.00000
 --------------

  mH       = 125.0000      GeV
  fact_scale 1.0
  ren_scale  1.0
  Kqq      =   0.25722456063045035            +-    2.4311791730571814E-004
  Kgq      =   -8.0278110328238381E-002       +-    1.4190604136596083E-004
  K_nlo    =    1.1769464503022120            +-    2.8150248008006570E-004
  Kqq2     =    5.7541728466018106E-002       +-    2.1110687235609390E-004
  Kgq2     =   -4.1710043636356581E-002       +-    1.4965276147534896E-004
  Kqqs     =    2.0372574136587759E-003       +-    3.6307908876733388E-006
  Kgg      =    1.7162799324912303E-003       +-    2.9027614643765141E-006
  Kgghhz   =   0.20932957451235026            +-    7.7214114420377723E-004
  K_nnlo   =    1.1965316724780233            +-    3.8239680376669823E-004
  K_nnlo2  =    1.4058612469903735            +-    8.6164334971222580E-004
  sig_LO   = (  0.30651849955884447            +-    1.8176954320817766E-004 ) fb
  sig_NLO  = (  0.36075586000774212            +-    2.0120982067775055E-004 ) fb
  sig_NNLO = (  0.36675909292259851            +-    2.1628395264541029E-004 ) fb
  sig_HHZ  = (  0.43092248001541544            +-    3.2061513027037734E-004 ) fb

  pp ---> HHZ + X
  ===============

  PDFSET = PDF4LHC21_40                                NSET =  39
  Sqrt(S)  = 14.0 TeV
  LOOP     = 3
  alphaS(MZ) =   0.11800
          kl =   1.00000
          kv =   1.00000
         k2v =   1.00000
         kth =   1.00000
         kbh =   1.00000
        cHsq =   0.00000
       chdup =   0.00000
         cHw =   0.00000
          cH =   0.00000
         cHb =   0.00000
        cHwb =   0.00000
      cHq1st =   0.00000
      cHq3st =   0.00000
      cHq1rd =   0.00000
      cHq3rd =   0.00000
       cHdst =   0.00000
       cHust =   0.00000
       cHdrd =   0.00000
       cHurd =   0.00000
         cth =  -3.00000
         cbh =   0.00000
 --------------

  mH       = 125.0000      GeV
  fact_scale 1.0
  ren_scale  1.0
  Kqq      =   0.25722812162070752            +-    2.4322178255870727E-004
  Kgq      =   -8.0473938889699906E-002       +-    1.4241076834757067E-004
  K_nlo    =    1.1767541827310075            +-    2.8184687767009327E-004
  Kqq2     =    5.7538210351594017E-002       +-    2.1119589849140285E-004
  Kgq2     =   -4.1804997332714526E-002       +-    1.5020593414425578E-004
  Kqqs     =    2.0349964583141486E-003       +-    3.6314472667329717E-006
  Kgg      =    1.7279942029812161E-003       +-    2.9255436508667408E-006
  Kgghhz   =   0.21078497632322127            +-    7.7748683140427017E-004
  K_nnlo   =    1.1962503864111824            +-    3.8291636013498321E-004
  K_nnlo2  =    1.4070353627344037            +-    8.6666643633296204E-004
  sig_LO   = (  0.30540020107940030            +-    1.8120756611978418E-004 ) fb
  sig_NLO  = (  0.35938096402707509            +-    2.0061225242949183E-004 ) fb
  sig_NNLO = (  0.36533510855128543            +-    2.1566591040279509E-004 ) fb
  sig_HHZ  = (  0.42970888270491381            +-    3.2076742264875872E-004 ) fb

  pp ---> HHZ + X
  ===============

  PDFSET = PDF4LHC21_40                                NSET =  40
  Sqrt(S)  = 14.0 TeV
  LOOP     = 3
  alphaS(MZ) =   0.11800
          kl =   1.00000
          kv =   1.00000
         k2v =   1.00000
         kth =   1.00000
         kbh =   1.00000
        cHsq =   0.00000
       chdup =   0.00000
         cHw =   0.00000
          cH =   0.00000
         cHb =   0.00000
        cHwb =   0.00000
      cHq1st =   0.00000
      cHq3st =   0.00000
      cHq1rd =   0.00000
      cHq3rd =   0.00000
       cHdst =   0.00000
       cHust =   0.00000
       cHdrd =   0.00000
       cHurd =   0.00000
         cth =  -3.00000
         cbh =   0.00000
 --------------

  mH       = 125.0000      GeV
  fact_scale 1.0
  ren_scale  1.0
  Kqq      =   0.25735080450630238            +-    2.4315901339998683E-004
  Kgq      =   -8.0405227090899672E-002       +-    1.4210914973483783E-004
  K_nlo    =    1.1769455774154027            +-    2.8164040235025505E-004
  Kqq2     =    5.7591372187830087E-002       +-    2.1105918461038778E-004
  Kgq2     =   -4.1779332698645366E-002       +-    1.4988470595710487E-004
  Kqqs     =    2.0395159119100332E-003       +-    3.6335302204988562E-006
  Kgg      =    1.7211678773306981E-003       +-    2.9112530887712723E-006
  Kgghhz   =   0.20993480673211082            +-    7.7451639048095209E-004
  K_nnlo   =    1.1965183006938283            +-    3.8256293424830537E-004
  K_nnlo2  =    1.4064531074259390            +-    8.6384607296920439E-004
  sig_LO   = (  0.30561979530847316            +-    1.8126656767078426E-004 ) fb
  sig_NLO  = (  0.35969786645890811            +-    2.0066502905733717E-004 ) fb
  sig_NNLO = (  0.36567967814088992            +-    2.1570251660919728E-004 ) fb
  sig_HHZ  = (  0.42983991080248152            +-    3.2024683527886023E-004 ) fb

  pp ---> HHZ + X
  ===============

  PDFSET = PDF4LHC21_40                                NSET =  41
  Sqrt(S)  = 14.0 TeV
  LOOP     = 3
  alphaS(MZ) =   0.11700
          kl =   1.00000
          kv =   1.00000
         k2v =   1.00000
         kth =   1.00000
         kbh =   1.00000
        cHsq =   0.00000
       chdup =   0.00000
         cHw =   0.00000
          cH =   0.00000
         cHb =   0.00000
        cHwb =   0.00000
      cHq1st =   0.00000
      cHq3st =   0.00000
      cHq1rd =   0.00000
      cHq3rd =   0.00000
       cHdst =   0.00000
       cHust =   0.00000
       cHdrd =   0.00000
       cHurd =   0.00000
         cth =  -3.00000
         cbh =   0.00000
 --------------

  mH       = 125.0000      GeV
  fact_scale 1.0
  ren_scale  1.0
  Kqq      =   0.25536594488693060            +-    2.4146611384527082E-004
  Kgq      =   -7.8894878082077055E-002       +-    1.3948435957951278E-004
  K_nlo    =    1.1764710668048535            +-    2.7885797586377930E-004
  Kqq2     =    5.6719841128381736E-002       +-    2.0826151151007616E-004
  Kgq2     =   -4.0722198533891571E-002       +-    1.4613088407795547E-004
  Kqqs     =    2.0063106928846094E-003       +-    3.5778512279216005E-006
  Kgg      =    1.6599299566005816E-003       +-    2.8059659914939874E-006
  Kgghhz   =   0.20239753797372992            +-    7.4544494850892977E-004
  K_nnlo   =    1.1961349500488292            +-    3.7750435444543564E-004
  K_nnlo2  =    1.3985324880225591            +-    8.3558225740063799E-004
  sig_LO   = (  0.30669895336992864            +-    1.8190344483404801E-004 ) fb
  sig_NLO  = (  0.36082244485905196            +-    2.0100613355483903E-004 ) fb
  sig_NNLO = (  0.36685333726916763            +-    2.1562447850786021E-004 ) fb
  sig_HHZ  = (  0.42892845033036098            +-    3.1426788840513431E-004 ) fb

  pp ---> HHZ + X
  ===============

  PDFSET = PDF4LHC21_40                                NSET =  42
  Sqrt(S)  = 14.0 TeV
  LOOP     = 3
  alphaS(MZ) =   0.11900
          kl =   1.00000
          kv =   1.00000
         k2v =   1.00000
         kth =   1.00000
         kbh =   1.00000
        cHsq =   0.00000
       chdup =   0.00000
         cHw =   0.00000
          cH =   0.00000
         cHb =   0.00000
        cHwb =   0.00000
      cHq1st =   0.00000
      cHq3st =   0.00000
      cHq1rd =   0.00000
      cHq3rd =   0.00000
       cHdst =   0.00000
       cHust =   0.00000
       cHdrd =   0.00000
       cHurd =   0.00000
         cth =  -3.00000
         cbh =   0.00000
 --------------

  mH       = 125.0000      GeV
  fact_scale 1.0
  ren_scale  1.0
  Kqq      =   0.25911601844412119            +-    2.4474565176217444E-004
  Kgq      =   -7.9542227000657495E-002       +-    1.4069710367147325E-004
  K_nlo    =    1.1795737914434636            +-    2.8230499293854658E-004
  Kqq2     =    5.8382502106030916E-002       +-    2.1394315378352278E-004
  Kgq2     =   -4.1605467507593030E-002       +-    1.4938661159466114E-004
  Kqqs     =    2.0682253810510995E-003       +-    3.6849129269487741E-006
  Kgg      =    1.6909169180413326E-003       +-    2.8692858239261290E-006
  Kgghhz   =   0.20624108274512082            +-    7.5901019803220951E-004
  K_nnlo   =    1.2001099683409939            +-    3.8445539818947224E-004
  K_nnlo2  =    1.4063510510861148            +-    8.5082456118398440E-004
  sig_LO   = (  0.30719483784871521            +-    1.8213401995141539E-004 ) fb
  sig_NLO  = (  0.36235897959306906            +-    2.0172658949755372E-004 ) fb
  sig_NNLO = (  0.36866758712513842            +-    2.1707384045202547E-004 ) fb
  sig_HHZ  = (  0.43202378309676925            +-    3.1856947431335687E-004 ) fb

