  pp ---> HHW+ + X
  ===============

  PDFSET = PDF4LHC21_40                                NSET =   0
  Sqrt(S)  = 14.0 TeV
  LOOP     = 3
  alphaS(MZ) =   0.11800
          kl =   1.00000
          kv =   1.00000
         k2v =   1.00000
         kth =   1.00000
         kbh =   1.00000
        cHsq =   0.60000
       chdup =   0.00000
         cHw =   0.00000
          cH =   0.00000
         cHb =   0.00000
        cHwb =   0.00000
      cHq1st =   0.00000
      cHq3st =   0.00000
      cHq1rd =   0.00000
      cHq3rd =   0.00000
       cHdst =   0.00000
       cHust =   0.00000
       cHdrd =   0.00000
       cHurd =   0.00000
         cth =   0.00000
         cbh =   0.00000
 --------------

  mH       = 125.0000      GeV
  fact_scale 0.5
  ren_scale  0.5
  Kqq      =   0.20355353905103782            +-    2.0055511249059230E-004
  Kgq      =   -2.0605308314450226E-002       +-    1.3361269891190998E-004
  K_nlo    =    1.1829482307365877            +-    2.4098694250236638E-004
  Kqq2     =    2.3722792619116907E-002       +-    1.8487080193116520E-004
  Kgq2     =   -1.6850709381683291E-002       +-    1.2848579865767638E-004
  Kqqs     =    1.3995227208568575E-003       +-    4.0145740518535793E-006
  Kgg      =    3.1508542864645015E-004       +-    1.7260580592520479E-006
  K_nnlo   =    1.1915349221235245            +-    3.2981755017168755E-004
  sig_LO   = (  0.46101587438590236            +-    2.7203097106656964E-004 ) fb
  sig_NLO  = (  0.54535791294628411            +-    2.9384314509105832E-004 ) fb
  sig_NNLO = (  0.54931651398411463            +-    3.1164145138685143E-004 ) fb

  mH       = 125.0000      GeV
  fact_scale 1.0
  ren_scale  0.5
  Kqq      =   0.27301234301976918            +-    2.5382005374551388E-004
  Kgq      =   -7.4429463928508688E-002       +-    1.3656696748745559E-004
  K_nlo    =    1.1985828790912603            +-    2.8822761195294134E-004
  Kqq2     =    4.2239773509441629E-002       +-    2.7769064099874912E-004
  Kgq2     =   -3.5548481224310709E-002       +-    1.7302996296482566E-004
  Kqqs     =    2.0401839830081832E-003       +-    4.0637304850400648E-006
  Kgg      =    1.2338388600941395E-003       +-    2.0828441497773007E-006
  K_nnlo   =    1.2085481942194933            +-    4.3605901965124827E-004
  sig_LO   = (  0.45631067918583651            +-    2.6870912046495193E-004 ) fb
  sig_NLO  = (  0.54692616761864843            +-    2.9916960675298499E-004 ) fb
  sig_NNLO = (  0.55147344733311343            +-    3.3436056897034921E-004 ) fb

  mH       = 125.0000      GeV
  fact_scale 0.5
  ren_scale  1.0
  Kqq      =   0.18708471370684090            +-    1.8442047616384956E-004
  Kgq      =   -1.8943737890206969E-002       +-    1.2275410566442202E-004
  K_nlo    =    1.1681409758166341            +-    2.2153889610172992E-004
  Kqq2     =    3.4440337070869964E-002       +-    1.3440230508100692E-004
  Kgq2     =   -1.5661902951344144E-002       +-    1.0955214184868964E-004
  Kqqs     =    1.1793998300065949E-003       +-    3.3865947561535878E-006
  Kgg      =    2.6555542643612990E-004       +-    1.4534182777323926E-006
  K_nnlo   =    1.1883643651926028            +-    2.8135158668368834E-004
  sig_LO   = (  0.46101587438590236            +-    2.7203097106656964E-004 ) fb
  sig_NLO  = (  0.53853153337210669            +-    2.9057182978657229E-004 ) fb
  sig_NNLO = (  0.54785483690831538            +-    3.0137169270089256E-004 ) fb

  mH       = 125.0000      GeV
  fact_scale 1.0
  ren_scale  1.0
  Kqq      =   0.25092171691562293            +-    2.3338270942270360E-004
  Kgq      =   -6.8367719213100711E-002       +-    1.2543880109652447E-004
  K_nlo    =    1.1825539977025221            +-    2.6495732086133329E-004
  Kqq2     =    5.5005482622446727E-002       +-    2.0568987529247115E-004
  Kgq2     =   -3.5253852448970349E-002       +-    1.3403013053399070E-004
  Kqqs     =    1.7218961225133242E-003       +-    3.4318113261440847E-006
  Kgg      =    1.0393102353214484E-003       +-    1.7530533654747892E-006
  K_nnlo   =    1.2050668342338333            +-    3.6123348833114421E-004
  sig_LO   = (  0.45631067918583651            +-    2.6870912046495193E-004 ) fb
  sig_NLO  = (  0.53961201786556412            +-    2.9465588705686075E-004 ) fb
  sig_NNLO = (  0.54988486559356631            +-    3.1523811511194669E-004 ) fb

  mH       = 125.0000      GeV
  fact_scale 1.5
  ren_scale  1.0
  Kqq      =   0.28937888907723974            +-    2.7866277156641920E-004
  Kgq      =   -9.6079166184401113E-002       +-    1.1681725912601257E-004
  K_nlo    =    1.1932997228928386            +-    3.0215759511684014E-004
  Kqq2     =    6.6839612072590704E-002       +-    2.6391449964462040E-004
  Kgq2     =   -4.8594163292009204E-002       +-    1.4897862115205779E-004
  Kqqs     =    3.0641991979503207E-003       +-    4.1605932115597521E-006
  Kgg      =    1.7392262227117288E-003       +-    2.0121640436336506E-006
  K_nnlo   =    1.2163485970940822            +-    4.2797904657803233E-004
  sig_LO   = (  0.45307045666429341            +-    2.6661166400024838E-004 ) fb
  sig_NLO  = (  0.54064885038843324            +-    2.9970490129183227E-004 ) fb
  sig_NNLO = (  0.55109161434838849            +-    3.2966770748093306E-004 ) fb

  mH       = 125.0000      GeV
  fact_scale 2.0
  ren_scale  1.0
  Kqq      =   0.31708804306253552            +-    3.1652555370008774E-004
  Kgq      =  -0.11525810225274638            +-    1.3351368597406814E-004
  K_nlo    =    1.2018299408097892            +-    3.4353213894413025E-004
  Kqq2     =    7.5156614000443059E-002       +-    3.1257067247171370E-004
  Kgq2     =   -5.8880386310887878E-002       +-    1.6766751221802194E-004
  Kqqs     =    4.4473483513336942E-003       +-    4.8996935048804001E-006
  Kgg      =    2.3307774084212617E-003       +-    2.3347071761398914E-006
  K_nnlo   =    1.2248842942590994            +-    4.9381839605706186E-004
  sig_LO   = (  0.45060808227945159            +-    2.6498489205863216E-004 ) fb
  sig_NLO  = (  0.54155428485432588            +-    3.0688682728538405E-004 ) fb
  sig_NNLO = (  0.55194276285031219            +-    3.4602240210761107E-004 ) fb

  mH       = 125.0000      GeV
  fact_scale 1.0
  ren_scale  1.5
  Kqq      =   0.23961156376905249            +-    2.2291654376250760E-004
  Kgq      =   -6.5266782476475521E-002       +-    1.1974689656493189E-004
  K_nlo    =    1.1743447812925771            +-    2.5304368144641443E-004
  Kqq2     =    6.0490153664944236E-002       +-    1.7979246495418728E-004
  Kgq2     =   -3.4958296753687071E-002       +-    1.1793171454571550E-004
  Kqqs     =    1.5694905700418189E-003       +-    3.1290104299652572E-006
  Kgg      =    9.4636799504381171E-004       +-    1.5956492468662353E-006
  K_nnlo   =    1.2023924967689201            +-    3.3207929967515155E-004
  sig_LO   = (  0.45631067918583651            +-    2.6870912046495193E-004 ) fb
  sig_NLO  = (  0.53586606474995835            +-    2.9246728351798690E-004 ) fb
  sig_NNLO = (  0.54866453684857941            +-    3.0849041415982164E-004 ) fb

  mH       = 125.0000      GeV
  fact_scale 1.5
  ren_scale  1.5
  Kqq      =   0.27633443989403050            +-    2.6616809925848018E-004
  Kgq      =   -9.1716718927496943E-002       +-    1.1153546402628919E-004
  K_nlo    =    1.1846177209665334            +-    2.8859247529766229E-004
  Kqq2     =    7.2855418882163708E-002       +-    2.2456797886362848E-004
  Kgq2     =   -4.8290359057104756E-002       +-    1.3378229671462611E-004
  Kqqs     =    2.7929013245453229E-003       +-    3.7916817377962459E-006
  Kgg      =    1.5835362433919125E-003       +-    1.8326312127312916E-006
  K_nnlo   =    1.2135592183595296            +-    3.8939932233008544E-004
  sig_LO   = (  0.45307045666429341            +-    2.6661166400024838E-004 ) fb
  sig_NLO  = (  0.53671529181092192            +-    2.9694789840010945E-004 ) fb
  sig_NNLO = (  0.54982782925131513            +-    3.1969935254962508E-004 ) fb

  mH       = 125.0000      GeV
  fact_scale 2.0
  ren_scale  1.5
  Kqq      =   0.30279477871833760            +-    3.0227924155579134E-004
  Kgq      =  -0.11002135858000034            +-    1.2746624276639682E-004
  K_nlo    =    1.1927734201383373            +-    3.2805545708085158E-004
  Kqq2     =    8.1582104679712122E-002       +-    2.6478347234729202E-004
  Kgq2     =   -5.8490655026533979E-002       +-    1.5418959080938619E-004
  Kqqs     =    4.0533342068456131E-003       +-    4.4645506727611931E-006
  Kgg      =    2.1220267959442605E-003       +-    2.1260362840812596E-006
  K_nnlo   =    1.2220402307943052            +-    4.4892042981554368E-004
  sig_LO   = (  0.45060808227945159            +-    2.6498489205863216E-004 ) fb
  sig_NLO  = (  0.53747334344243880            +-    3.0342883547525062E-004 ) fb
  sig_NNLO = (  0.55066120486656023            +-    3.3337230504980119E-004 ) fb

  mH       = 125.0000      GeV
  fact_scale 1.0
  ren_scale  2.0
  Kqq      =   0.23219712555263575            +-    2.1605682547497018E-004
  Kgq      =   -6.3234883089275468E-002       +-    1.1601732045559543E-004
  K_nlo    =    1.1689622424633603            +-    2.4523574470296542E-004
  Kqq2     =    6.3698462714690235E-002       +-    1.7633667900208137E-004
  Kgq2     =   -3.4718032646937257E-002       +-    1.0969223575901602E-004
  Kqqs     =    1.4734510428771660E-003       +-    2.9381235006081205E-006
  Kgg      =    8.8787167005360357E-004       +-    1.4966377418960992E-006
  K_nnlo   =    1.2003039952440440            +-    3.2136965308122669E-004
  sig_LO   = (  0.45631067918583651            +-    2.6870912046495193E-004 ) fb
  sig_NLO  = (  0.53340995480105446            +-    2.9107907359246808E-004 ) fb
  sig_NNLO = (  0.54771153129928285            +-    3.0611954011668194E-004 ) fb

  mH       = 125.0000      GeV
  fact_scale 1.5
  ren_scale  2.0
  Kqq      =   0.26778314263378045            +-    2.5797452404051834E-004
  Kgq      =   -8.8858518590215818E-002       +-    1.0807419259113973E-004
  K_nlo    =    1.1789246240435647            +-    2.7969784796840809E-004
  Kqq2     =    7.6376944582455641E-002       +-    2.1464437966153642E-004
  Kgq2     =   -4.8013427626859166E-002       +-    1.2732252414726845E-004
  Kqqs     =    2.6219471219585673E-003       +-    3.5592602266308539E-006
  Kgg      =    1.4855591975061276E-003       +-    1.7196159187634011E-006
  K_nnlo   =    1.2113956473186258            +-    3.7487297374703504E-004
  sig_LO   = (  0.45307045666429341            +-    2.6661166400024838E-004 ) fb
  sig_NLO  = (  0.53413591778819824            +-    2.9519562235378574E-004 ) fb
  sig_NNLO = (  0.54884757913178717            +-    3.1611504133149308E-004 ) fb

  mH       = 125.0000      GeV
  fact_scale 2.0
  ren_scale  2.0
  Kqq      =   0.29342480475725963            +-    2.9293989970646822E-004
  Kgq      =  -0.10659051323264272            +-    1.2350390870740914E-004
  K_nlo    =    1.1868342915246168            +-    3.1791036520699309E-004
  Kqq2     =    8.5323580781727387E-002       +-    2.4675172357144091E-004
  Kgq2     =   -5.8139213417445296E-002       +-    1.4856865901230229E-004
  Kqqs     =    3.8050715518895602E-003       +-    4.1904666387601310E-006
  Kgg      =    1.9906667654283395E-003       +-    1.9947019867721052E-006
  K_nnlo   =    1.2198143972062170            +-    4.2900769069901401E-004
  sig_LO   = (  0.45060808227945159            +-    2.6498489205863216E-004 ) fb
  sig_NLO  = (  0.53479712408739921            +-    3.0122816816986769E-004 ) fb
  sig_NNLO = (  0.54965822626195859            +-    3.2800521989899558E-004 ) fb

  pp ---> HHW+ + X
  ===============

  PDFSET = PDF4LHC21_40                                NSET =   1
  Sqrt(S)  = 14.0 TeV
  LOOP     = 3
  alphaS(MZ) =   0.11800
          kl =   1.00000
          kv =   1.00000
         k2v =   1.00000
         kth =   1.00000
         kbh =   1.00000
        cHsq =   0.60000
       chdup =   0.00000
         cHw =   0.00000
          cH =   0.00000
         cHb =   0.00000
        cHwb =   0.00000
      cHq1st =   0.00000
      cHq3st =   0.00000
      cHq1rd =   0.00000
      cHq3rd =   0.00000
       cHdst =   0.00000
       cHust =   0.00000
       cHdrd =   0.00000
       cHurd =   0.00000
         cth =   0.00000
         cbh =   0.00000
 --------------

  mH       = 125.0000      GeV
  fact_scale 1.0
  ren_scale  1.0
  Kqq      =   0.25101766193565439            +-    2.3396407152115065E-004
  Kgq      =   -6.8383577000874787E-002       +-    1.2553736374449422E-004
  K_nlo    =    1.1826340849347796            +-    2.6551613220042122E-004
  Kqq2     =    5.5043938916517710E-002       +-    2.0613626727911656E-004
  Kgq2     =   -3.5263799537854322E-002       +-    1.3413194934974181E-004
  Kqqs     =    1.7223857160962388E-003       +-    3.4335820796599140E-006
  Kgg      =    1.0391703988020917E-003       +-    1.7519737968523035E-006
  K_nnlo   =    1.2051757804283412            +-    3.6193537528249879E-004
  sig_LO   = (  0.45647026675456820            +-    2.6985689910879318E-004 ) fb
  sig_NLO  = (  0.53983729622322352            +-    2.9582467654048984E-004 ) fb
  sig_NNLO = (  0.55012690997826996            +-    3.1641427680147768E-004 ) fb

  pp ---> HHW+ + X
  ===============

  PDFSET = PDF4LHC21_40                                NSET =   2
  Sqrt(S)  = 14.0 TeV
  LOOP     = 3
  alphaS(MZ) =   0.11800
          kl =   1.00000
          kv =   1.00000
         k2v =   1.00000
         kth =   1.00000
         kbh =   1.00000
        cHsq =   0.60000
       chdup =   0.00000
         cHw =   0.00000
          cH =   0.00000
         cHb =   0.00000
        cHwb =   0.00000
      cHq1st =   0.00000
      cHq3st =   0.00000
      cHq1rd =   0.00000
      cHq3rd =   0.00000
       cHdst =   0.00000
       cHust =   0.00000
       cHdrd =   0.00000
       cHurd =   0.00000
         cth =   0.00000
         cbh =   0.00000
 --------------

  mH       = 125.0000      GeV
  fact_scale 1.0
  ren_scale  1.0
  Kqq      =   0.25092998310965992            +-    2.3302462029333828E-004
  Kgq      =   -6.8306691793389634E-002       +-    1.2520286268477270E-004
  K_nlo    =    1.1826232913162702            +-    2.6453020713581378E-004
  Kqq2     =    5.5012419892659349E-002       +-    2.0546104470221070E-004
  Kgq2     =   -3.5222659019952959E-002       +-    1.3372477494483058E-004
  Kqqs     =    1.7291432345301894E-003       +-    3.4428675278467485E-006
  Kgg      =    1.0372058189370948E-003       +-    1.7418505845963505E-006
  K_nnlo   =    1.2051794012424439            +-    3.6067668928246426E-004
  sig_LO   = (  0.45542386291273534            +-    2.6767252358193388E-004 ) fb
  sig_NLO  = (  0.53859486770182885            +-    2.9353434631836312E-004 ) fb
  sig_NNLO = (  0.54886745841669105            +-    3.1405442331169421E-004 ) fb

  pp ---> HHW+ + X
  ===============

  PDFSET = PDF4LHC21_40                                NSET =   3
  Sqrt(S)  = 14.0 TeV
  LOOP     = 3
  alphaS(MZ) =   0.11800
          kl =   1.00000
          kv =   1.00000
         k2v =   1.00000
         kth =   1.00000
         kbh =   1.00000
        cHsq =   0.60000
       chdup =   0.00000
         cHw =   0.00000
          cH =   0.00000
         cHb =   0.00000
        cHwb =   0.00000
      cHq1st =   0.00000
      cHq3st =   0.00000
      cHq1rd =   0.00000
      cHq3rd =   0.00000
       cHdst =   0.00000
       cHust =   0.00000
       cHdrd =   0.00000
       cHurd =   0.00000
         cth =   0.00000
         cbh =   0.00000
 --------------

  mH       = 125.0000      GeV
  fact_scale 1.0
  ren_scale  1.0
  Kqq      =   0.25082972293954331            +-    2.3171569034762297E-004
  Kgq      =   -6.8142712021780058E-002       +-    1.2509245106149294E-004
  K_nlo    =    1.1826870109177632            +-    2.6332543072374819E-004
  Kqq2     =    5.4968074653692807E-002       +-    2.0434981799053996E-004
  Kgq2     =   -3.5137320056990003E-002       +-    1.3363009639268093E-004
  Kqqs     =    1.7191902949231302E-003       +-    3.4219522844055485E-006
  Kgg      =    1.0350021503501615E-003       +-    1.7446040759363823E-006
  K_nnlo   =    1.2052719579597395            +-    3.5912516848774330E-004
  sig_LO   = (  0.45697180945586907            +-    2.6658254224106549E-004 ) fb
  sig_NLO  = (  0.54045462339904349            +-    2.9248267282506963E-004 ) fb
  sig_NNLO = (  0.55077530751528025            +-    3.1304691269872935E-004 ) fb

  pp ---> HHW+ + X
  ===============

  PDFSET = PDF4LHC21_40                                NSET =   4
  Sqrt(S)  = 14.0 TeV
  LOOP     = 3
  alphaS(MZ) =   0.11800
          kl =   1.00000
          kv =   1.00000
         k2v =   1.00000
         kth =   1.00000
         kbh =   1.00000
        cHsq =   0.60000
       chdup =   0.00000
         cHw =   0.00000
          cH =   0.00000
         cHb =   0.00000
        cHwb =   0.00000
      cHq1st =   0.00000
      cHq3st =   0.00000
      cHq1rd =   0.00000
      cHq3rd =   0.00000
       cHdst =   0.00000
       cHust =   0.00000
       cHdrd =   0.00000
       cHurd =   0.00000
         cth =   0.00000
         cbh =   0.00000
 --------------

  mH       = 125.0000      GeV
  fact_scale 1.0
  ren_scale  1.0
  Kqq      =   0.25135085700702481            +-    2.3366957010949072E-004
  Kgq      =   -6.9058291558448753E-002       +-    1.2683005584836459E-004
  K_nlo    =    1.1822925654485761            +-    2.6587089171560975E-004
  Kqq2     =    5.5174666555164294E-002       +-    2.0576209392223068E-004
  Kgq2     =   -3.5609144282504765E-002       +-    1.3555371016967598E-004
  Kqqs     =    1.7360499659224992E-003       +-    3.4616916442473438E-006
  Kgg      =    1.0547881829317265E-003       +-    1.7843677323623411E-006
  K_nnlo   =    1.2046489258700896            +-    3.6251254595520281E-004
  sig_LO   = (  0.45076476378564806            +-    2.6550031678029227E-004 ) fb
  sig_NLO  = (  0.53293582898995528            +-    2.9129589302405337E-004 ) fb
  sig_NNLO = (  0.54301328851446573            +-    3.1175720385926629E-004 ) fb

  pp ---> HHW+ + X
  ===============

  PDFSET = PDF4LHC21_40                                NSET =   5
  Sqrt(S)  = 14.0 TeV
  LOOP     = 3
  alphaS(MZ) =   0.11800
          kl =   1.00000
          kv =   1.00000
         k2v =   1.00000
         kth =   1.00000
         kbh =   1.00000
        cHsq =   0.60000
       chdup =   0.00000
         cHw =   0.00000
          cH =   0.00000
         cHb =   0.00000
        cHwb =   0.00000
      cHq1st =   0.00000
      cHq3st =   0.00000
      cHq1rd =   0.00000
      cHq3rd =   0.00000
       cHdst =   0.00000
       cHust =   0.00000
       cHdrd =   0.00000
       cHurd =   0.00000
         cth =   0.00000
         cbh =   0.00000
 --------------

  mH       = 125.0000      GeV
  fact_scale 1.0
  ren_scale  1.0
  Kqq      =   0.25096361798890138            +-    2.3336443013264520E-004
  Kgq      =   -6.8208954089582025E-002       +-    1.2512385027931098E-004
  K_nlo    =    1.1827546638993194            +-    2.6479224905546925E-004
  Kqq2     =    5.5020959036414643E-002       +-    2.0568352166593600E-004
  Kgq2     =   -3.5170802553333082E-002       +-    1.3363925740295641E-004
  Kqqs     =    1.7193496929011124E-003       +-    3.4279249916318357E-006
  Kgg      =    1.0331443966167895E-003       +-    1.7430461210929343E-006
  K_nnlo   =    1.2053573144719187            +-    3.6096382955013286E-004
  sig_LO   = (  0.45620379524771987            +-    2.6864700841282529E-004 ) fb
  sig_NLO  = (  0.53957716651781085            +-    2.9455673281936272E-004 ) fb
  sig_NNLO = (  0.54988858149168873            +-    3.1510067403777705E-004 ) fb

  pp ---> HHW+ + X
  ===============

  PDFSET = PDF4LHC21_40                                NSET =   6
  Sqrt(S)  = 14.0 TeV
  LOOP     = 3
  alphaS(MZ) =   0.11800
          kl =   1.00000
          kv =   1.00000
         k2v =   1.00000
         kth =   1.00000
         kbh =   1.00000
        cHsq =   0.60000
       chdup =   0.00000
         cHw =   0.00000
          cH =   0.00000
         cHb =   0.00000
        cHwb =   0.00000
      cHq1st =   0.00000
      cHq3st =   0.00000
      cHq1rd =   0.00000
      cHq3rd =   0.00000
       cHdst =   0.00000
       cHust =   0.00000
       cHdrd =   0.00000
       cHurd =   0.00000
         cth =   0.00000
         cbh =   0.00000
 --------------

  mH       = 125.0000      GeV
  fact_scale 1.0
  ren_scale  1.0
  Kqq      =   0.25101736644107592            +-    2.3265956502914893E-004
  Kgq      =   -6.8299693202459835E-002       +-    1.2530914453924024E-004
  K_nlo    =    1.1827176732386162            +-    2.6425906778142731E-004
  Kqq2     =    5.5044836017493333E-002       +-    2.0516889399542284E-004
  Kgq2     =   -3.5221780555322081E-002       +-    1.3390948497817544E-004
  Kqqs     =    1.7190581157702728E-003       +-    3.4193772446499719E-006
  Kgg      =    1.0438480332670521E-003       +-    1.7624229815177776E-006
  K_nnlo   =    1.2053036348498247            +-    3.6037990844474291E-004
  sig_LO   = (  0.45585308841969779            +-    2.6704738927886047E-004 ) fb
  sig_NLO  = (  0.53914550407438211            +-    2.9296026642652308E-004 ) fb
  sig_NNLO = (  0.54944138442978019            +-    3.1353201304770473E-004 ) fb

  pp ---> HHW+ + X
  ===============

  PDFSET = PDF4LHC21_40                                NSET =   7
  Sqrt(S)  = 14.0 TeV
  LOOP     = 3
  alphaS(MZ) =   0.11800
          kl =   1.00000
          kv =   1.00000
         k2v =   1.00000
         kth =   1.00000
         kbh =   1.00000
        cHsq =   0.60000
       chdup =   0.00000
         cHw =   0.00000
          cH =   0.00000
         cHb =   0.00000
        cHwb =   0.00000
      cHq1st =   0.00000
      cHq3st =   0.00000
      cHq1rd =   0.00000
      cHq3rd =   0.00000
       cHdst =   0.00000
       cHust =   0.00000
       cHdrd =   0.00000
       cHurd =   0.00000
         cth =   0.00000
         cbh =   0.00000
 --------------

  mH       = 125.0000      GeV
  fact_scale 1.0
  ren_scale  1.0
  Kqq      =   0.25097593602200474            +-    2.3305447543880110E-004
  Kgq      =   -6.8143909622318588E-002       +-    1.2514166865090743E-004
  K_nlo    =    1.1828320263996861            +-    2.6452755197670482E-004
  Kqq2     =    5.5027214042756671E-002       +-    2.0535844559273499E-004
  Kgq2     =   -3.5138390864475927E-002       +-    1.3364240136635078E-004
  Kqqs     =    1.7180749208901614E-003       +-    3.4249449152843452E-006
  Kgg      =    1.0329540453655427E-003       +-    1.7398619559445591E-006
  K_nnlo   =    1.2054718785442224            +-    3.6058558726232505E-004
  sig_LO   = (  0.45657975513547788            +-    2.6793882207792945E-004 ) fb
  sig_NLO  = (  0.54005715697996981            +-    2.9390222782690455E-004 ) fb
  sig_NNLO = (  0.55039405512842565            +-    3.1447774313982113E-004 ) fb

  pp ---> HHW+ + X
  ===============

  PDFSET = PDF4LHC21_40                                NSET =   8
  Sqrt(S)  = 14.0 TeV
  LOOP     = 3
  alphaS(MZ) =   0.11800
          kl =   1.00000
          kv =   1.00000
         k2v =   1.00000
         kth =   1.00000
         kbh =   1.00000
        cHsq =   0.60000
       chdup =   0.00000
         cHw =   0.00000
          cH =   0.00000
         cHb =   0.00000
        cHwb =   0.00000
      cHq1st =   0.00000
      cHq3st =   0.00000
      cHq1rd =   0.00000
      cHq3rd =   0.00000
       cHdst =   0.00000
       cHust =   0.00000
       cHdrd =   0.00000
       cHurd =   0.00000
         cth =   0.00000
         cbh =   0.00000
 --------------

  mH       = 125.0000      GeV
  fact_scale 1.0
  ren_scale  1.0
  Kqq      =   0.25078231860386307            +-    2.3342478547643602E-004
  Kgq      =   -6.7995935735152557E-002       +-    1.2513094821827263E-004
  K_nlo    =    1.1827863828687106            +-    2.6484879587554140E-004
  Kqq2     =    5.4948286715651093E-002       +-    2.0575422932001550E-004
  Kgq2     =   -3.5057123565299338E-002       +-    1.3380009033067379E-004
  Kqqs     =    1.7217951127066545E-003       +-    3.4333946925128220E-006
  Kgg      =    1.0400214150710233E-003       +-    1.7637554397121715E-006
  K_nnlo   =    1.2054393625468398            +-    3.6110531810631079E-004
  sig_LO   = (  0.45615620941860052            +-    2.6879640679641943E-004 ) fb
  sig_NLO  = (  0.53953535296132848            +-    2.9469840482843702E-004 ) fb
  sig_NNLO = (  0.54986865030334053            +-    3.1525280235081672E-004 ) fb

  pp ---> HHW+ + X
  ===============

  PDFSET = PDF4LHC21_40                                NSET =   9
  Sqrt(S)  = 14.0 TeV
  LOOP     = 3
  alphaS(MZ) =   0.11800
          kl =   1.00000
          kv =   1.00000
         k2v =   1.00000
         kth =   1.00000
         kbh =   1.00000
        cHsq =   0.60000
       chdup =   0.00000
         cHw =   0.00000
          cH =   0.00000
         cHb =   0.00000
        cHwb =   0.00000
      cHq1st =   0.00000
      cHq3st =   0.00000
      cHq1rd =   0.00000
      cHq3rd =   0.00000
       cHdst =   0.00000
       cHust =   0.00000
       cHdrd =   0.00000
       cHurd =   0.00000
         cth =   0.00000
         cbh =   0.00000
 --------------

  mH       = 125.0000      GeV
  fact_scale 1.0
  ren_scale  1.0
  Kqq      =   0.25099694188675070            +-    2.3278478467056405E-004
  Kgq      =   -6.8308738947034764E-002       +-    1.2530707614758716E-004
  K_nlo    =    1.1826882029397159            +-    2.6436834021262469E-004
  Kqq2     =    5.5033456656792393E-002       +-    2.0529010949156285E-004
  Kgq2     =   -3.5224613633360352E-002       +-    1.3391502047906614E-004
  Kqqs     =    1.7229140599072802E-003       +-    3.4282736200729921E-006
  Kgg      =    1.0387237378105495E-003       +-    1.7517053375288849E-006
  K_nnlo   =    1.2052586837608659            +-    3.6053113957513886E-004
  sig_LO   = (  0.45785275177667090            +-    2.6856663599154169E-004 ) fb
  sig_NLO  = (  0.54149704820975475            +-    2.9458300790875705E-004 ) fb
  sig_NNLO = (  0.55183100496264081            +-    3.1523990932243976E-004 ) fb

  pp ---> HHW+ + X
  ===============

  PDFSET = PDF4LHC21_40                                NSET =  10
  Sqrt(S)  = 14.0 TeV
  LOOP     = 3
  alphaS(MZ) =   0.11800
          kl =   1.00000
          kv =   1.00000
         k2v =   1.00000
         kth =   1.00000
         kbh =   1.00000
        cHsq =   0.60000
       chdup =   0.00000
         cHw =   0.00000
          cH =   0.00000
         cHb =   0.00000
        cHwb =   0.00000
      cHq1st =   0.00000
      cHq3st =   0.00000
      cHq1rd =   0.00000
      cHq3rd =   0.00000
       cHdst =   0.00000
       cHust =   0.00000
       cHdrd =   0.00000
       cHurd =   0.00000
         cth =   0.00000
         cbh =   0.00000
 --------------

  mH       = 125.0000      GeV
  fact_scale 1.0
  ren_scale  1.0
  Kqq      =   0.25094322816174869            +-    2.3370566700005999E-004
  Kgq      =   -6.8218299232189542E-002       +-    1.2521178664528672E-004
  K_nlo    =    1.1827249289295592            +-    2.6513455131847247E-004
  Kqq2     =    5.5013740709822463E-002       +-    2.0585557600468147E-004
  Kgq2     =   -3.5181700368200092E-002       +-    1.3380152310862734E-004
  Kqqs     =    1.7219755909155636E-003       +-    3.4340923377937435E-006
  Kgg      =    1.0341186950260067E-003       +-    1.7505473553236625E-006
  K_nnlo   =    1.2053130635571232            +-    3.6137314989838853E-004
  sig_LO   = (  0.45573607019819973            +-    2.6875206785161704E-004 ) fb
  sig_NLO  = (  0.53901041123580240            +-    2.9466573605139605E-004 ) fb
  sig_NNLO = (  0.54930463894407633            +-    3.1519950306316047E-004 ) fb

  pp ---> HHW+ + X
  ===============

  PDFSET = PDF4LHC21_40                                NSET =  11
  Sqrt(S)  = 14.0 TeV
  LOOP     = 3
  alphaS(MZ) =   0.11800
          kl =   1.00000
          kv =   1.00000
         k2v =   1.00000
         kth =   1.00000
         kbh =   1.00000
        cHsq =   0.60000
       chdup =   0.00000
         cHw =   0.00000
          cH =   0.00000
         cHb =   0.00000
        cHwb =   0.00000
      cHq1st =   0.00000
      cHq3st =   0.00000
      cHq1rd =   0.00000
      cHq3rd =   0.00000
       cHdst =   0.00000
       cHust =   0.00000
       cHdrd =   0.00000
       cHurd =   0.00000
         cth =   0.00000
         cbh =   0.00000
 --------------

  mH       = 125.0000      GeV
  fact_scale 1.0
  ren_scale  1.0
  Kqq      =   0.25073645093293717            +-    2.3309941875825999E-004
  Kgq      =   -6.8275291281541889E-002       +-    1.2527941136690349E-004
  K_nlo    =    1.1824611596513952            +-    2.6463232972914795E-004
  Kqq2     =    5.4929690850708736E-002       +-    2.0555250228725008E-004
  Kgq2     =   -3.5207521388787084E-002       +-    1.3386670313768207E-004
  Kqqs     =    1.7202052153998441E-003       +-    3.4275648827193316E-006
  Kgg      =    1.0367945635656065E-003       +-    1.7490516450449628E-006
  K_nnlo   =    1.2049403288922824            +-    3.6085620782530683E-004
  sig_LO   = (  0.45747383076063308            +-    2.6911981058266052E-004 ) fb
  sig_NLO  = (  0.54094503643138425            +-    2.9509586377751858E-004 ) fb
  sig_NNLO = (  0.55122866809632942            +-    3.1571764108677066E-004 ) fb

  pp ---> HHW+ + X
  ===============

  PDFSET = PDF4LHC21_40                                NSET =  12
  Sqrt(S)  = 14.0 TeV
  LOOP     = 3
  alphaS(MZ) =   0.11800
          kl =   1.00000
          kv =   1.00000
         k2v =   1.00000
         kth =   1.00000
         kbh =   1.00000
        cHsq =   0.60000
       chdup =   0.00000
         cHw =   0.00000
          cH =   0.00000
         cHb =   0.00000
        cHwb =   0.00000
      cHq1st =   0.00000
      cHq3st =   0.00000
      cHq1rd =   0.00000
      cHq3rd =   0.00000
       cHdst =   0.00000
       cHust =   0.00000
       cHdrd =   0.00000
       cHurd =   0.00000
         cth =   0.00000
         cbh =   0.00000
 --------------

  mH       = 125.0000      GeV
  fact_scale 1.0
  ren_scale  1.0
  Kqq      =   0.25075937775883861            +-    2.3293030452416091E-004
  Kgq      =   -6.8295656208381281E-002       +-    1.2527200763739522E-004
  K_nlo    =    1.1824637215504574            +-    2.6447987194344667E-004
  Kqq2     =    5.4943455886884533E-002       +-    2.0536568251092128E-004
  Kgq2     =   -3.5216907496971227E-002       +-    1.3388283467928854E-004
  Kqqs     =    1.7206476333006774E-003       +-    3.4246869771976163E-006
  Kgg      =    1.0381581878127243E-003       +-    1.7509855760219013E-006
  K_nnlo   =    1.2049490757614840            +-    3.6064397134783686E-004
  sig_LO   = (  0.45874824659001301            +-    2.6925331027457009E-004 ) fb
  sig_NLO  = (  0.54245315891757362            +-    2.9532733659293827E-004 ) fb
  sig_NNLO = (  0.55276827573583742            +-    3.1602108073071404E-004 ) fb

  pp ---> HHW+ + X
  ===============

  PDFSET = PDF4LHC21_40                                NSET =  13
  Sqrt(S)  = 14.0 TeV
  LOOP     = 3
  alphaS(MZ) =   0.11800
          kl =   1.00000
          kv =   1.00000
         k2v =   1.00000
         kth =   1.00000
         kbh =   1.00000
        cHsq =   0.60000
       chdup =   0.00000
         cHw =   0.00000
          cH =   0.00000
         cHb =   0.00000
        cHwb =   0.00000
      cHq1st =   0.00000
      cHq3st =   0.00000
      cHq1rd =   0.00000
      cHq3rd =   0.00000
       cHdst =   0.00000
       cHust =   0.00000
       cHdrd =   0.00000
       cHurd =   0.00000
         cth =   0.00000
         cbh =   0.00000
 --------------

  mH       = 125.0000      GeV
  fact_scale 1.0
  ren_scale  1.0
  Kqq      =   0.25097681582856690            +-    2.3342750817289661E-004
  Kgq      =   -6.8338995733793997E-002       +-    1.2537383761782229E-004
  K_nlo    =    1.1826378200947729            +-    2.6496603693837401E-004
  Kqq2     =    5.5022670653276401E-002       +-    2.0573505980837597E-004
  Kgq2     =   -3.5239435695238311E-002       +-    1.3394633350128737E-004
  Kqqs     =    1.7193110158824326E-003       +-    3.4271063123777091E-006
  Kgg      =    1.0356584568248742E-003       +-    1.7462814621403133E-006
  K_nnlo   =    1.2051760245255183            +-    3.6123445347896054E-004
  sig_LO   = (  0.45597424845533169            +-    2.6865128779431893E-004 ) fb
  sig_NLO  = (  0.53925239121256585            +-    2.9456820694698233E-004 ) fb
  sig_NNLO = (  0.54952923203940762            +-    3.1512551029594637E-004 ) fb

  pp ---> HHW+ + X
  ===============

  PDFSET = PDF4LHC21_40                                NSET =  14
  Sqrt(S)  = 14.0 TeV
  LOOP     = 3
  alphaS(MZ) =   0.11800
          kl =   1.00000
          kv =   1.00000
         k2v =   1.00000
         kth =   1.00000
         kbh =   1.00000
        cHsq =   0.60000
       chdup =   0.00000
         cHw =   0.00000
          cH =   0.00000
         cHb =   0.00000
        cHwb =   0.00000
      cHq1st =   0.00000
      cHq3st =   0.00000
      cHq1rd =   0.00000
      cHq3rd =   0.00000
       cHdst =   0.00000
       cHust =   0.00000
       cHdrd =   0.00000
       cHurd =   0.00000
         cth =   0.00000
         cbh =   0.00000
 --------------

  mH       = 125.0000      GeV
  fact_scale 1.0
  ren_scale  1.0
  Kqq      =   0.25094353932212171            +-    2.3271812805501297E-004
  Kgq      =   -6.8177967739510098E-002       +-    1.2510896356004685E-004
  K_nlo    =    1.1827655715826118            +-    2.6421578281491542E-004
  Kqq2     =    5.5015648588130170E-002       +-    2.0514408111108824E-004
  Kgq2     =   -3.5156545034013914E-002       +-    1.3366031110207183E-004
  Kqqs     =    1.7200192340296344E-003       +-    3.4233353109355037E-006
  Kgg      =    1.0339276175783409E-003       +-    1.7422296161115787E-006
  K_nnlo   =    1.2053786219883360            +-    3.6024145688135379E-004
  sig_LO   = (  0.45734206906361191            +-    2.6788286542390820E-004 ) fb
  sig_NLO  = (  0.54092845372479714            +-    2.9387549815304060E-004 ) fb
  sig_NNLO = (  0.55127035298519089            +-    3.1449160479609983E-004 ) fb

  pp ---> HHW+ + X
  ===============

  PDFSET = PDF4LHC21_40                                NSET =  15
  Sqrt(S)  = 14.0 TeV
  LOOP     = 3
  alphaS(MZ) =   0.11800
          kl =   1.00000
          kv =   1.00000
         k2v =   1.00000
         kth =   1.00000
         kbh =   1.00000
        cHsq =   0.60000
       chdup =   0.00000
         cHw =   0.00000
          cH =   0.00000
         cHb =   0.00000
        cHwb =   0.00000
      cHq1st =   0.00000
      cHq3st =   0.00000
      cHq1rd =   0.00000
      cHq3rd =   0.00000
       cHdst =   0.00000
       cHust =   0.00000
       cHdrd =   0.00000
       cHurd =   0.00000
         cth =   0.00000
         cbh =   0.00000
 --------------

  mH       = 125.0000      GeV
  fact_scale 1.0
  ren_scale  1.0
  Kqq      =   0.25096844373669691            +-    2.3305096001981655E-004
  Kgq      =   -6.8190093171006536E-002       +-    1.2500148127506954E-004
  K_nlo    =    1.1827783505656906            +-    2.6445816358569780E-004
  Kqq2     =    5.5024548707514401E-002       +-    2.0548337267886445E-004
  Kgq2     =   -3.5171719230890089E-002       +-    1.3352993765223812E-004
  Kqqs     =    1.7186758154708549E-003       +-    3.4239579044326877E-006
  Kgg      =    1.0307561579040597E-003       +-    1.7354258335111773E-006
  K_nnlo   =    1.2053806120156900            +-    3.6056416374144327E-004
  sig_LO   = (  0.45660669885870259            +-    2.6833105923633623E-004 ) fb
  sig_NLO  = (  0.54006451813334111            +-    2.9424978078241697E-004 ) fb
  sig_NNLO = (  0.55038486212076665            +-    3.1481196605842533E-004 ) fb

  pp ---> HHW+ + X
  ===============

  PDFSET = PDF4LHC21_40                                NSET =  16
  Sqrt(S)  = 14.0 TeV
  LOOP     = 3
  alphaS(MZ) =   0.11800
          kl =   1.00000
          kv =   1.00000
         k2v =   1.00000
         kth =   1.00000
         kbh =   1.00000
        cHsq =   0.60000
       chdup =   0.00000
         cHw =   0.00000
          cH =   0.00000
         cHb =   0.00000
        cHwb =   0.00000
      cHq1st =   0.00000
      cHq3st =   0.00000
      cHq1rd =   0.00000
      cHq3rd =   0.00000
       cHdst =   0.00000
       cHust =   0.00000
       cHdrd =   0.00000
       cHurd =   0.00000
         cth =   0.00000
         cbh =   0.00000
 --------------

  mH       = 125.0000      GeV
  fact_scale 1.0
  ren_scale  1.0
  Kqq      =   0.25074772040901544            +-    2.3339552295068171E-004
  Kgq      =   -6.8379461311629905E-002       +-    1.2550619135098538E-004
  K_nlo    =    1.1823682590973854            +-    2.6500051735959374E-004
  Kqq2     =    5.4935232582898737E-002       +-    2.0569422034728100E-004
  Kgq2     =   -3.5258907221985061E-002       +-    1.3411891969567779E-004
  Kqqs     =    1.7153404066235886E-003       +-    3.4189229659909944E-006
  Kgg      =    1.0394200971106757E-003       +-    1.7563450823536971E-006
  K_nnlo   =    1.2047993449620333            +-    3.6130049112582106E-004
  sig_LO   = (  0.45753137840038788            +-    2.6954633675511263E-004 ) fb
  sig_NLO  = (  0.54097057936169368            +-    2.9556020161701827E-004 ) fb
  sig_NNLO = (  0.55123350499636348            +-    3.1619836235040425E-004 ) fb

  pp ---> HHW+ + X
  ===============

  PDFSET = PDF4LHC21_40                                NSET =  17
  Sqrt(S)  = 14.0 TeV
  LOOP     = 3
  alphaS(MZ) =   0.11800
          kl =   1.00000
          kv =   1.00000
         k2v =   1.00000
         kth =   1.00000
         kbh =   1.00000
        cHsq =   0.60000
       chdup =   0.00000
         cHw =   0.00000
          cH =   0.00000
         cHb =   0.00000
        cHwb =   0.00000
      cHq1st =   0.00000
      cHq3st =   0.00000
      cHq1rd =   0.00000
      cHq3rd =   0.00000
       cHdst =   0.00000
       cHust =   0.00000
       cHdrd =   0.00000
       cHurd =   0.00000
         cth =   0.00000
         cbh =   0.00000
 --------------

  mH       = 125.0000      GeV
  fact_scale 1.0
  ren_scale  1.0
  Kqq      =   0.25120711746446411            +-    2.3315343452364961E-004
  Kgq      =   -6.7960467782098966E-002       +-    1.2467552148812935E-004
  K_nlo    =    1.1832466496823653            +-    2.6439460979473613E-004
  Kqq2     =    5.5112012896760015E-002       +-    2.0546799888357785E-004
  Kgq2     =   -3.5043585446378603E-002       +-    1.3320375549781422E-004
  Kqqs     =    1.7137373369746219E-003       +-    3.4137277603814121E-006
  Kgg      =    1.0324378709692281E-003       +-    1.7400353362660676E-006
  K_nnlo   =    1.2060612523406904            +-    3.6038802698292794E-004
  sig_LO   = (  0.45857403226450399            +-    2.6956145112221595E-004 ) fb
  sig_NLO  = (  0.54260618730830712            +-    2.9557335007500770E-004 ) fb
  sig_NNLO = (  0.55306837164384792            +-    3.1618943827203621E-004 ) fb

  pp ---> HHW+ + X
  ===============

  PDFSET = PDF4LHC21_40                                NSET =  18
  Sqrt(S)  = 14.0 TeV
  LOOP     = 3
  alphaS(MZ) =   0.11800
          kl =   1.00000
          kv =   1.00000
         k2v =   1.00000
         kth =   1.00000
         kbh =   1.00000
        cHsq =   0.60000
       chdup =   0.00000
         cHw =   0.00000
          cH =   0.00000
         cHb =   0.00000
        cHwb =   0.00000
      cHq1st =   0.00000
      cHq3st =   0.00000
      cHq1rd =   0.00000
      cHq3rd =   0.00000
       cHdst =   0.00000
       cHust =   0.00000
       cHdrd =   0.00000
       cHurd =   0.00000
         cth =   0.00000
         cbh =   0.00000
 --------------

  mH       = 125.0000      GeV
  fact_scale 1.0
  ren_scale  1.0
  Kqq      =   0.25085431517190176            +-    2.3291999158118058E-004
  Kgq      =   -6.8035701972679621E-002       +-    1.2474477837610395E-004
  K_nlo    =    1.1828186131992222            +-    2.6422146432544141E-004
  Kqq2     =    5.4975159836529140E-002       +-    2.0544478867074440E-004
  Kgq2     =   -3.5082736605090169E-002       +-    1.3325112282145730E-004
  Kqqs     =    1.7186096185586698E-003       +-    3.4235825879202214E-006
  Kgg      =    1.0281145930983503E-003       +-    1.7306622531836609E-006
  K_nnlo   =    1.2054577606423182            +-    3.6026534838226858E-004
  sig_LO   = (  0.45914954250385592            +-    2.6977386542634518E-004 ) fb
  sig_NLO  = (  0.54309062511546824            +-    2.9579687770636291E-004 ) fb
  sig_NNLO = (  0.55348537930664321            +-    3.1644949409366041E-004 ) fb

  pp ---> HHW+ + X
  ===============

  PDFSET = PDF4LHC21_40                                NSET =  19
  Sqrt(S)  = 14.0 TeV
  LOOP     = 3
  alphaS(MZ) =   0.11800
          kl =   1.00000
          kv =   1.00000
         k2v =   1.00000
         kth =   1.00000
         kbh =   1.00000
        cHsq =   0.60000
       chdup =   0.00000
         cHw =   0.00000
          cH =   0.00000
         cHb =   0.00000
        cHwb =   0.00000
      cHq1st =   0.00000
      cHq3st =   0.00000
      cHq1rd =   0.00000
      cHq3rd =   0.00000
       cHdst =   0.00000
       cHust =   0.00000
       cHdrd =   0.00000
       cHurd =   0.00000
         cth =   0.00000
         cbh =   0.00000
 --------------

  mH       = 125.0000      GeV
  fact_scale 1.0
  ren_scale  1.0
  Kqq      =   0.25119797827143653            +-    2.3324491967251817E-004
  Kgq      =   -6.8793918639060300E-002       +-    1.2625113166450368E-004
  K_nlo    =    1.1824040596323764            +-    2.6522168237081843E-004
  Kqq2     =    5.5113217701228602E-002       +-    2.0559241278597041E-004
  Kgq2     =   -3.5472845270005327E-002       +-    1.3491472926036954E-004
  Kqqs     =    1.7285317199453414E-003       +-    3.4449277971435206E-006
  Kgg      =    1.0470499879947030E-003       +-    1.7688225046347809E-006
  K_nnlo   =    1.2048200137715397            +-    3.6170120462440176E-004
  sig_LO   = (  0.45366073704671767            +-    2.6660500603975984E-004 ) fb
  sig_NLO  = (  0.53641029717985489            +-    2.9249836137665498E-004 ) fb
  sig_NNLO = (  0.54657953545623317            +-    3.1305532671772597E-004 ) fb

  pp ---> HHW+ + X
  ===============

  PDFSET = PDF4LHC21_40                                NSET =  20
  Sqrt(S)  = 14.0 TeV
  LOOP     = 3
  alphaS(MZ) =   0.11800
          kl =   1.00000
          kv =   1.00000
         k2v =   1.00000
         kth =   1.00000
         kbh =   1.00000
        cHsq =   0.60000
       chdup =   0.00000
         cHw =   0.00000
          cH =   0.00000
         cHb =   0.00000
        cHwb =   0.00000
      cHq1st =   0.00000
      cHq3st =   0.00000
      cHq1rd =   0.00000
      cHq3rd =   0.00000
       cHdst =   0.00000
       cHust =   0.00000
       cHdrd =   0.00000
       cHurd =   0.00000
         cth =   0.00000
         cbh =   0.00000
 --------------

  mH       = 125.0000      GeV
  fact_scale 1.0
  ren_scale  1.0
  Kqq      =   0.25085635001985429            +-    2.3317006314525876E-004
  Kgq      =   -6.8244259392284193E-002       +-    1.2520620772189800E-004
  K_nlo    =    1.1826120906275699            +-    2.6465991914013546E-004
  Kqq2     =    5.4980164503097735E-002       +-    2.0560019892123258E-004
  Kgq2     =   -3.5190967303156628E-002       +-    1.3377524919146823E-004
  Kqqs     =    1.7197169374765738E-003       +-    3.4267888234627046E-006
  Kgg      =    1.0385777805192262E-003       +-    1.7515593870775127E-006
  K_nnlo   =    1.2051595825455070            +-    3.6086970326404502E-004
  sig_LO   = (  0.45770404054534719            +-    2.6931216013778038E-004 ) fb
  sig_NLO  = (  0.54128633227801914            +-    2.9530145503555414E-004 ) fb
  sig_NNLO = (  0.55160641043302239            +-    3.1592826882817667E-004 ) fb

  pp ---> HHW+ + X
  ===============

  PDFSET = PDF4LHC21_40                                NSET =  21
  Sqrt(S)  = 14.0 TeV
  LOOP     = 3
  alphaS(MZ) =   0.11800
          kl =   1.00000
          kv =   1.00000
         k2v =   1.00000
         kth =   1.00000
         kbh =   1.00000
        cHsq =   0.60000
       chdup =   0.00000
         cHw =   0.00000
          cH =   0.00000
         cHb =   0.00000
        cHwb =   0.00000
      cHq1st =   0.00000
      cHq3st =   0.00000
      cHq1rd =   0.00000
      cHq3rd =   0.00000
       cHdst =   0.00000
       cHust =   0.00000
       cHdrd =   0.00000
       cHurd =   0.00000
         cth =   0.00000
         cbh =   0.00000
 --------------

  mH       = 125.0000      GeV
  fact_scale 1.0
  ren_scale  1.0
  Kqq      =   0.25122662595018452            +-    2.3366158049414678E-004
  Kgq      =   -6.8897353124942787E-002       +-    1.2643517801755929E-004
  K_nlo    =    1.1823292728252417            +-    2.6567572045513408E-004
  Kqq2     =    5.5136219023365553E-002       +-    2.0569785722809181E-004
  Kgq2     =   -3.5525538403004202E-002       +-    1.3509165937361026E-004
  Kqqs     =    1.7349758267640981E-003       +-    3.4571159934620724E-006
  Kgg      =    1.0477640365113656E-003       +-    1.7676198898149900E-006
  K_nnlo   =    1.2047226933088786            +-    3.6216022624104601E-004
  sig_LO   = (  0.45259753001444442            +-    2.6649290788124431E-004 ) fb
  sig_NLO  = (  0.53511930854447853            +-    2.9236472348667067E-004 ) fb
  sig_NNLO = (  0.54525451534394742            +-    3.1286719831069440E-004 ) fb

  pp ---> HHW+ + X
  ===============

  PDFSET = PDF4LHC21_40                                NSET =  22
  Sqrt(S)  = 14.0 TeV
  LOOP     = 3
  alphaS(MZ) =   0.11800
          kl =   1.00000
          kv =   1.00000
         k2v =   1.00000
         kth =   1.00000
         kbh =   1.00000
        cHsq =   0.60000
       chdup =   0.00000
         cHw =   0.00000
          cH =   0.00000
         cHb =   0.00000
        cHwb =   0.00000
      cHq1st =   0.00000
      cHq3st =   0.00000
      cHq1rd =   0.00000
      cHq3rd =   0.00000
       cHdst =   0.00000
       cHust =   0.00000
       cHdrd =   0.00000
       cHurd =   0.00000
         cth =   0.00000
         cbh =   0.00000
 --------------

  mH       = 125.0000      GeV
  fact_scale 1.0
  ren_scale  1.0
  Kqq      =   0.25095001301648573            +-    2.3330729394178048E-004
  Kgq      =   -6.8527973878059034E-002       +-    1.2585751482785672E-004
  K_nlo    =    1.1824220391384266            +-    2.6508943291855396E-004
  Kqq2     =    5.5016022412478612E-002       +-    2.0561316326618391E-004
  Kgq2     =   -3.5336063090506860E-002       +-    1.3452711326563901E-004
  Kqqs     =    1.7222256535245190E-003       +-    3.4322129149424626E-006
  Kgg      =    1.0459501260991573E-003       +-    1.7711221892147288E-006
  K_nnlo   =    1.2048701742400221            +-    3.6147149474930330E-004
  sig_LO   = (  0.45519900733060875            +-    2.6787631413969631E-004 ) fb
  sig_NLO  = (  0.53823733846164612            +-    2.9380026159023562E-004 ) fb
  sig_NNLO = (  0.54845570727631576            +-    3.1437495697809672E-004 ) fb

  pp ---> HHW+ + X
  ===============

  PDFSET = PDF4LHC21_40                                NSET =  23
  Sqrt(S)  = 14.0 TeV
  LOOP     = 3
  alphaS(MZ) =   0.11800
          kl =   1.00000
          kv =   1.00000
         k2v =   1.00000
         kth =   1.00000
         kbh =   1.00000
        cHsq =   0.60000
       chdup =   0.00000
         cHw =   0.00000
          cH =   0.00000
         cHb =   0.00000
        cHwb =   0.00000
      cHq1st =   0.00000
      cHq3st =   0.00000
      cHq1rd =   0.00000
      cHq3rd =   0.00000
       cHdst =   0.00000
       cHust =   0.00000
       cHdrd =   0.00000
       cHurd =   0.00000
         cth =   0.00000
         cbh =   0.00000
 --------------

  mH       = 125.0000      GeV
  fact_scale 1.0
  ren_scale  1.0
  Kqq      =   0.25095449928122376            +-    2.3335753742139337E-004
  Kgq      =   -6.8378992223108781E-002       +-    1.2546907575413887E-004
  K_nlo    =    1.1825755070581150            +-    2.6494948432102079E-004
  Kqq2     =    5.5018968613884014E-002       +-    2.0563310654171508E-004
  Kgq2     =   -3.5259059038733567E-002       +-    1.3406997027609521E-004
  Kqqs     =    1.7229302768834772E-003       +-    3.4335971384905833E-006
  Kgg      =    1.0401549992891080E-003       +-    1.7545190496241841E-006
  K_nnlo   =    1.2050985019094380            +-    3.6121022771262886E-004
  sig_LO   = (  0.45612010184778040            +-    2.6846783199104381E-004 ) fb
  sig_NLO  = (  0.53939646072203795            +-    2.9441366448720554E-004 ) fb
  sig_NNLO = (  0.54966965142754043            +-    3.1499090121774872E-004 ) fb

  pp ---> HHW+ + X
  ===============

  PDFSET = PDF4LHC21_40                                NSET =  24
  Sqrt(S)  = 14.0 TeV
  LOOP     = 3
  alphaS(MZ) =   0.11800
          kl =   1.00000
          kv =   1.00000
         k2v =   1.00000
         kth =   1.00000
         kbh =   1.00000
        cHsq =   0.60000
       chdup =   0.00000
         cHw =   0.00000
          cH =   0.00000
         cHb =   0.00000
        cHwb =   0.00000
      cHq1st =   0.00000
      cHq3st =   0.00000
      cHq1rd =   0.00000
      cHq3rd =   0.00000
       cHdst =   0.00000
       cHust =   0.00000
       cHdrd =   0.00000
       cHurd =   0.00000
         cth =   0.00000
         cbh =   0.00000
 --------------

  mH       = 125.0000      GeV
  fact_scale 1.0
  ren_scale  1.0
  Kqq      =   0.25081267011212988            +-    2.3387848863051978E-004
  Kgq      =   -6.8232794946255754E-002       +-    1.2516965655615827E-004
  K_nlo    =    1.1825798751658740            +-    2.6526701711008626E-004
  Kqq2     =    5.4963006326495097E-002       +-    2.0611329843920893E-004
  Kgq2     =   -3.5184462792557207E-002       +-    1.3374216656570920E-004
  Kqqs     =    1.7196316733585700E-003       +-    3.4290272644961745E-006
  Kgg      =    1.0385680003190177E-003       +-    1.7526266417015732E-006
  K_nnlo   =    1.2051166183734896            +-    3.6159518692287506E-004
  sig_LO   = (  0.45718531236444260            +-    2.7026479840015793E-004 ) fb
  sig_NLO  = (  0.54065814962361369            +-    2.9622790901376539E-004 ) fb
  sig_NNLO = (  0.55096161760666462            +-    3.1681610425445190E-004 ) fb

  pp ---> HHW+ + X
  ===============

  PDFSET = PDF4LHC21_40                                NSET =  25
  Sqrt(S)  = 14.0 TeV
  LOOP     = 3
  alphaS(MZ) =   0.11800
          kl =   1.00000
          kv =   1.00000
         k2v =   1.00000
         kth =   1.00000
         kbh =   1.00000
        cHsq =   0.60000
       chdup =   0.00000
         cHw =   0.00000
          cH =   0.00000
         cHb =   0.00000
        cHwb =   0.00000
      cHq1st =   0.00000
      cHq3st =   0.00000
      cHq1rd =   0.00000
      cHq3rd =   0.00000
       cHdst =   0.00000
       cHust =   0.00000
       cHdrd =   0.00000
       cHurd =   0.00000
         cth =   0.00000
         cbh =   0.00000
 --------------

  mH       = 125.0000      GeV
  fact_scale 1.0
  ren_scale  1.0
  Kqq      =   0.25091877707269833            +-    2.3330687535278569E-004
  Kgq      =   -6.8435592130154196E-002       +-    1.2558648949990899E-004
  K_nlo    =    1.1824831849425441            +-    2.6496049598344096E-004
  Kqq2     =    5.5006433888078736E-002       +-    2.0568788786443735E-004
  Kgq2     =   -3.5290292727520531E-002       +-    1.3420726612666827E-004
  Kqqs     =    1.7210233039257413E-003       +-    3.4295102345303815E-006
  Kgg      =    1.0458032617406950E-003       +-    1.7658236675329138E-006
  K_nnlo   =    1.2049661526687687            +-    3.6130048657702130E-004
  sig_LO   = (  0.45541891915373839            +-    2.6809391684502032E-004 ) fb
  sig_NLO  = (  0.53852521400400366            +-    2.9399850331497174E-004 ) fb
  sig_NNLO = (  0.54876438286524920            +-    3.1456123802280577E-004 ) fb

  pp ---> HHW+ + X
  ===============

  PDFSET = PDF4LHC21_40                                NSET =  26
  Sqrt(S)  = 14.0 TeV
  LOOP     = 3
  alphaS(MZ) =   0.11800
          kl =   1.00000
          kv =   1.00000
         k2v =   1.00000
         kth =   1.00000
         kbh =   1.00000
        cHsq =   0.60000
       chdup =   0.00000
         cHw =   0.00000
          cH =   0.00000
         cHb =   0.00000
        cHwb =   0.00000
      cHq1st =   0.00000
      cHq3st =   0.00000
      cHq1rd =   0.00000
      cHq3rd =   0.00000
       cHdst =   0.00000
       cHust =   0.00000
       cHdrd =   0.00000
       cHurd =   0.00000
         cth =   0.00000
         cbh =   0.00000
 --------------

  mH       = 125.0000      GeV
  fact_scale 1.0
  ren_scale  1.0
  Kqq      =   0.25087448682932256            +-    2.3299352880142891E-004
  Kgq      =   -6.8260335063837746E-002       +-    1.2528488696368482E-004
  K_nlo    =    1.1826141517654849            +-    2.6454165525460364E-004
  Kqq2     =    5.4987026832894845E-002       +-    2.0548395918031060E-004
  Kgq2     =   -3.5198026510628262E-002       +-    1.3387254688450507E-004
  Kqqs     =    1.7218421516413563E-003       +-    3.4253390085648317E-006
  Kgg      =    1.0377964938131058E-003       +-    1.7495645272920338E-006
  K_nnlo   =    1.2051627907332061            +-    3.6075282060985176E-004
  sig_LO   = (  0.45692620479677165            +-    2.6858632186288489E-004 ) fb
  sig_NLO  = (  0.54036739610515627            +-    2.9453288981774571E-004 ) fb
  sig_NNLO = (  0.55067046013200960            +-    3.1513487017153423E-004 ) fb

  pp ---> HHW+ + X
  ===============

  PDFSET = PDF4LHC21_40                                NSET =  27
  Sqrt(S)  = 14.0 TeV
  LOOP     = 3
  alphaS(MZ) =   0.11800
          kl =   1.00000
          kv =   1.00000
         k2v =   1.00000
         kth =   1.00000
         kbh =   1.00000
        cHsq =   0.60000
       chdup =   0.00000
         cHw =   0.00000
          cH =   0.00000
         cHb =   0.00000
        cHwb =   0.00000
      cHq1st =   0.00000
      cHq3st =   0.00000
      cHq1rd =   0.00000
      cHq3rd =   0.00000
       cHdst =   0.00000
       cHust =   0.00000
       cHdrd =   0.00000
       cHurd =   0.00000
         cth =   0.00000
         cbh =   0.00000
 --------------

  mH       = 125.0000      GeV
  fact_scale 1.0
  ren_scale  1.0
  Kqq      =   0.25094233989891213            +-    2.3353613433549399E-004
  Kgq      =   -6.8440357280890513E-002       +-    1.2558970634455515E-004
  K_nlo    =    1.1825019826180216            +-    2.6516391228837587E-004
  Kqq2     =    5.5013249462200188E-002       +-    2.0579507958149937E-004
  Kgq2     =   -3.5290515621771087E-002       +-    1.3418291968471621E-004
  Kqqs     =    1.7226912156345119E-003       +-    3.4340124035544422E-006
  Kgg      =    1.0395866527844967E-003       +-    1.7539983183576020E-006
  K_nnlo   =    1.2049869943268698            +-    3.6150164598025927E-004
  sig_LO   = (  0.45629100206315948            +-    2.6897635337554175E-004 ) fb
  sig_NLO  = (  0.53956501459044992            +-    2.9493612917878885E-004 ) fb
  sig_NNLO = (  0.54982472311448205            +-    3.1552617025640907E-004 ) fb

  pp ---> HHW+ + X
  ===============

  PDFSET = PDF4LHC21_40                                NSET =  28
  Sqrt(S)  = 14.0 TeV
  LOOP     = 3
  alphaS(MZ) =   0.11800
          kl =   1.00000
          kv =   1.00000
         k2v =   1.00000
         kth =   1.00000
         kbh =   1.00000
        cHsq =   0.60000
       chdup =   0.00000
         cHw =   0.00000
          cH =   0.00000
         cHb =   0.00000
        cHwb =   0.00000
      cHq1st =   0.00000
      cHq3st =   0.00000
      cHq1rd =   0.00000
      cHq3rd =   0.00000
       cHdst =   0.00000
       cHust =   0.00000
       cHdrd =   0.00000
       cHurd =   0.00000
         cth =   0.00000
         cbh =   0.00000
 --------------

  mH       = 125.0000      GeV
  fact_scale 1.0
  ren_scale  1.0
  Kqq      =   0.25091570107545863            +-    2.3336911898813503E-004
  Kgq      =   -6.8149245639472944E-002       +-    1.2502571344766766E-004
  K_nlo    =    1.1827664554359856            +-    2.6475002307912391E-004
  Kqq2     =    5.5004924021253135E-002       +-    2.0567077950649646E-004
  Kgq2     =   -3.5141292660506203E-002       +-    1.3356636240116073E-004
  Kqqs     =    1.7223859280742165E-003       +-    3.4332551627591889E-006
  Kgg      =    1.0346463902238569E-003       +-    1.7429553143246355E-006
  K_nnlo   =    1.2053871191150305            +-    3.6089865968513249E-004
  sig_LO   = (  0.45685841547870198            +-    2.6902657439343240E-004 ) fb
  sig_NLO  = (  0.54035680871184510            +-    2.9496608739841237E-004 ) fb
  sig_NNLO = (  0.55069124927733026            +-    3.1553221209011851E-004 ) fb

  pp ---> HHW+ + X
  ===============

  PDFSET = PDF4LHC21_40                                NSET =  29
  Sqrt(S)  = 14.0 TeV
  LOOP     = 3
  alphaS(MZ) =   0.11800
          kl =   1.00000
          kv =   1.00000
         k2v =   1.00000
         kth =   1.00000
         kbh =   1.00000
        cHsq =   0.60000
       chdup =   0.00000
         cHw =   0.00000
          cH =   0.00000
         cHb =   0.00000
        cHwb =   0.00000
      cHq1st =   0.00000
      cHq3st =   0.00000
      cHq1rd =   0.00000
      cHq3rd =   0.00000
       cHdst =   0.00000
       cHust =   0.00000
       cHdrd =   0.00000
       cHurd =   0.00000
         cth =   0.00000
         cbh =   0.00000
 --------------

  mH       = 125.0000      GeV
  fact_scale 1.0
  ren_scale  1.0
  Kqq      =   0.25091725402892112            +-    2.3323014675774570E-004
  Kgq      =   -6.8196538624956629E-002       +-    1.2509355713368787E-004
  K_nlo    =    1.1827207154039645            +-    2.6465959153788252E-004
  Kqq2     =    5.5003772340910480E-002       +-    2.0561658871345623E-004
  Kgq2     =   -3.5166767234910488E-002       +-    1.3365179677241504E-004
  Kqqs     =    1.7232886175603871E-003       +-    3.4340267100438756E-006
  Kgg      =    1.0353967762947963E-003       +-    1.7450380606037962E-006
  K_nnlo   =    1.2053164059038197            +-    3.6083309358335002E-004
  sig_LO   = (  0.45738526490017239            +-    2.6916331187674616E-004 ) fb
  sig_NLO  = (  0.54095902771796367            +-    2.9513103745465273E-004 ) fb
  sig_NNLO = (  0.55129396360284233            +-    3.1573248846221923E-004 ) fb

  pp ---> HHW+ + X
  ===============

  PDFSET = PDF4LHC21_40                                NSET =  30
  Sqrt(S)  = 14.0 TeV
  LOOP     = 3
  alphaS(MZ) =   0.11800
          kl =   1.00000
          kv =   1.00000
         k2v =   1.00000
         kth =   1.00000
         kbh =   1.00000
        cHsq =   0.60000
       chdup =   0.00000
         cHw =   0.00000
          cH =   0.00000
         cHb =   0.00000
        cHwb =   0.00000
      cHq1st =   0.00000
      cHq3st =   0.00000
      cHq1rd =   0.00000
      cHq3rd =   0.00000
       cHdst =   0.00000
       cHust =   0.00000
       cHdrd =   0.00000
       cHurd =   0.00000
         cth =   0.00000
         cbh =   0.00000
 --------------

  mH       = 125.0000      GeV
  fact_scale 1.0
  ren_scale  1.0
  Kqq      =   0.25089282899415527            +-    2.3299802165006195E-004
  Kgq      =   -6.8322733316075773E-002       +-    1.2527180000942596E-004
  K_nlo    =    1.1825700956780794            +-    2.6453941477678583E-004
  Kqq2     =    5.4993384560818821E-002       +-    2.0545684459066579E-004
  Kgq2     =   -3.5228530567965266E-002       +-    1.3381567373852536E-004
  Kqqs     =    1.7192479319110782E-003       +-    3.4250140806488599E-006
  Kgg      =    1.0378471743805167E-003       +-    1.7457991253850199E-006
  K_nnlo   =    1.2050920447772246            +-    3.6071461023048630E-004
  sig_LO   = (  0.45705941728777200            +-    2.6859630712274170E-004 ) fb
  sig_NLO  = (  0.54050479883256775            +-    2.9455603898788184E-004 ) fb
  sig_NNLO = (  0.55079866776400788            +-    3.1515938313171664E-004 ) fb

  pp ---> HHW+ + X
  ===============

  PDFSET = PDF4LHC21_40                                NSET =  31
  Sqrt(S)  = 14.0 TeV
  LOOP     = 3
  alphaS(MZ) =   0.11800
          kl =   1.00000
          kv =   1.00000
         k2v =   1.00000
         kth =   1.00000
         kbh =   1.00000
        cHsq =   0.60000
       chdup =   0.00000
         cHw =   0.00000
          cH =   0.00000
         cHb =   0.00000
        cHwb =   0.00000
      cHq1st =   0.00000
      cHq3st =   0.00000
      cHq1rd =   0.00000
      cHq3rd =   0.00000
       cHdst =   0.00000
       cHust =   0.00000
       cHdrd =   0.00000
       cHurd =   0.00000
         cth =   0.00000
         cbh =   0.00000
 --------------

  mH       = 125.0000      GeV
  fact_scale 1.0
  ren_scale  1.0
  Kqq      =   0.25095427312803403            +-    2.3446330991445060E-004
  Kgq      =   -6.8370076113697539E-002       +-    1.2556758426978670E-004
  K_nlo    =    1.1825841970143365            +-    2.6597041548899697E-004
  Kqq2     =    5.5018468920445700E-002       +-    2.0635882006081116E-004
  Kgq2     =   -3.5254396129261949E-002       +-    1.3415433013800107E-004
  Kqqs     =    1.7209972036462704E-003       +-    3.4379577740414710E-006
  Kgg      =    1.0373529541317817E-003       +-    1.7488939102467511E-006
  K_nnlo   =    1.2051066199632983            +-    3.6240376241234183E-004
  sig_LO   = (  0.45537994192318854            +-    2.6988809367991249E-004 ) fb
  sig_NLO  = (  0.53852512295566912            +-    2.9581929330071960E-004 ) fb
  sig_NNLO = (  0.54878138261013676            +-    3.1634624623793392E-004 ) fb

  pp ---> HHW+ + X
  ===============

  PDFSET = PDF4LHC21_40                                NSET =  32
  Sqrt(S)  = 14.0 TeV
  LOOP     = 3
  alphaS(MZ) =   0.11800
          kl =   1.00000
          kv =   1.00000
         k2v =   1.00000
         kth =   1.00000
         kbh =   1.00000
        cHsq =   0.60000
       chdup =   0.00000
         cHw =   0.00000
          cH =   0.00000
         cHb =   0.00000
        cHwb =   0.00000
      cHq1st =   0.00000
      cHq3st =   0.00000
      cHq1rd =   0.00000
      cHq3rd =   0.00000
       cHdst =   0.00000
       cHust =   0.00000
       cHdrd =   0.00000
       cHurd =   0.00000
         cth =   0.00000
         cbh =   0.00000
 --------------

  mH       = 125.0000      GeV
  fact_scale 1.0
  ren_scale  1.0
  Kqq      =   0.25089278098118267            +-    2.3328314744462851E-004
  Kgq      =   -6.8346186271106654E-002       +-    1.2541641453765081E-004
  K_nlo    =    1.1825465947100762            +-    2.6485902649740322E-004
  Kqq2     =    5.4995196731129029E-002       +-    2.0564245279144455E-004
  Kgq2     =   -3.5242303588196966E-002       +-    1.3400832996649119E-004
  Kqqs     =    1.7221050449650235E-003       +-    3.4318113745567474E-006
  Kgg      =    1.0387281726104555E-003       +-    1.7522606129942509E-006
  K_nnlo   =    1.2050603210705837            +-    3.6112629723437207E-004
  sig_LO   = (  0.45670941821178818            +-    2.6885310354453427E-004 ) fb
  sig_NLO  = (  0.54008016727837016            +-    2.9481212100143737E-004 ) fb
  sig_NNLO = (  0.55036239814625698            +-    3.1541056415854764E-004 ) fb

  pp ---> HHW+ + X
  ===============

  PDFSET = PDF4LHC21_40                                NSET =  33
  Sqrt(S)  = 14.0 TeV
  LOOP     = 3
  alphaS(MZ) =   0.11800
          kl =   1.00000
          kv =   1.00000
         k2v =   1.00000
         kth =   1.00000
         kbh =   1.00000
        cHsq =   0.60000
       chdup =   0.00000
         cHw =   0.00000
          cH =   0.00000
         cHb =   0.00000
        cHwb =   0.00000
      cHq1st =   0.00000
      cHq3st =   0.00000
      cHq1rd =   0.00000
      cHq3rd =   0.00000
       cHdst =   0.00000
       cHust =   0.00000
       cHdrd =   0.00000
       cHurd =   0.00000
         cth =   0.00000
         cbh =   0.00000
 --------------

  mH       = 125.0000      GeV
  fact_scale 1.0
  ren_scale  1.0
  Kqq      =   0.25088922833229044            +-    2.3309251951049488E-004
  Kgq      =   -6.8287976334842029E-002       +-    1.2530374706948180E-004
  K_nlo    =    1.1826012519974483            +-    2.6463777447938744E-004
  Kqq2     =    5.4992565279761416E-002       +-    2.0551096185233585E-004
  Kgq2     =   -3.5212685460709804E-002       +-    1.3387985469408549E-004
  Kqqs     =    1.7208715420556290E-003       +-    3.4283720954185348E-006
  Kgg      =    1.0376674494813308E-003       +-    1.7508552715860042E-006
  K_nnlo   =    1.2051396708080369            +-    3.6084143587619135E-004
  sig_LO   = (  0.45642094812528539            +-    2.6834909630595196E-004 ) fb
  sig_NLO  = (  0.53976398469082498            +-    2.9427971282665170E-004 ) fb
  sig_NNLO = (  0.55005099117359868            +-    3.1485849988163023E-004 ) fb

  pp ---> HHW+ + X
  ===============

  PDFSET = PDF4LHC21_40                                NSET =  34
  Sqrt(S)  = 14.0 TeV
  LOOP     = 3
  alphaS(MZ) =   0.11800
          kl =   1.00000
          kv =   1.00000
         k2v =   1.00000
         kth =   1.00000
         kbh =   1.00000
        cHsq =   0.60000
       chdup =   0.00000
         cHw =   0.00000
          cH =   0.00000
         cHb =   0.00000
        cHwb =   0.00000
      cHq1st =   0.00000
      cHq3st =   0.00000
      cHq1rd =   0.00000
      cHq3rd =   0.00000
       cHdst =   0.00000
       cHust =   0.00000
       cHdrd =   0.00000
       cHurd =   0.00000
         cth =   0.00000
         cbh =   0.00000
 --------------

  mH       = 125.0000      GeV
  fact_scale 1.0
  ren_scale  1.0
  Kqq      =   0.25081909038552258            +-    2.3240242207996575E-004
  Kgq      =   -6.8356997455041063E-002       +-    1.2545809275209252E-004
  K_nlo    =    1.1824620929304814            +-    2.6410342448674763E-004
  Kqq2     =    5.4964892391942320E-002       +-    2.0512124957607034E-004
  Kgq2     =   -3.5248956739428176E-002       +-    1.3410007786798840E-004
  Kqqs     =    1.7222479716282617E-003       +-    3.4247054648598180E-006
  Kgg      =    1.0415133631067116E-003       +-    1.7581880889195294E-006
  K_nnlo   =    1.2049417899177308            +-    3.6030958434428765E-004
  sig_LO   = (  0.45774408912903891            +-    2.6759132717526607E-004 ) fb
  sig_NLO  = (  0.54126503365808021            +-    2.9363232316663483E-004 ) fb
  sig_NNLO = (  0.55155498207940534            +-    3.1433562566115809E-004 ) fb

  pp ---> HHW+ + X
  ===============

  PDFSET = PDF4LHC21_40                                NSET =  35
  Sqrt(S)  = 14.0 TeV
  LOOP     = 3
  alphaS(MZ) =   0.11800
          kl =   1.00000
          kv =   1.00000
         k2v =   1.00000
         kth =   1.00000
         kbh =   1.00000
        cHsq =   0.60000
       chdup =   0.00000
         cHw =   0.00000
          cH =   0.00000
         cHb =   0.00000
        cHwb =   0.00000
      cHq1st =   0.00000
      cHq3st =   0.00000
      cHq1rd =   0.00000
      cHq3rd =   0.00000
       cHdst =   0.00000
       cHust =   0.00000
       cHdrd =   0.00000
       cHurd =   0.00000
         cth =   0.00000
         cbh =   0.00000
 --------------

  mH       = 125.0000      GeV
  fact_scale 1.0
  ren_scale  1.0
  Kqq      =   0.25085506232889054            +-    2.3332487116549570E-004
  Kgq      =   -6.8293672033873737E-002       +-    1.2528040961797324E-004
  K_nlo    =    1.1825613902950167            +-    2.6483141154032752E-004
  Kqq2     =    5.4978612033738376E-002       +-    2.0567231522756278E-004
  Kgq2     =   -3.5215819888421984E-002       +-    1.3386487980949094E-004
  Kqqs     =    1.7202236876590524E-003       +-    3.4282164932588707E-006
  Kgg      =    1.0384920438544574E-003       +-    1.7516075908961836E-006
  K_nnlo   =    1.2050828981718464            +-    3.6106980576253514E-004
  sig_LO   = (  0.45697065745322779            +-    2.6903984242364099E-004 ) fb
  sig_NLO  = (  0.54039585600191686            +-    2.9500563012633678E-004 ) fb
  sig_NNLO = (  0.55068752426322987            +-    3.1560557341042689E-004 ) fb

  pp ---> HHW+ + X
  ===============

  PDFSET = PDF4LHC21_40                                NSET =  36
  Sqrt(S)  = 14.0 TeV
  LOOP     = 3
  alphaS(MZ) =   0.11800
          kl =   1.00000
          kv =   1.00000
         k2v =   1.00000
         kth =   1.00000
         kbh =   1.00000
        cHsq =   0.60000
       chdup =   0.00000
         cHw =   0.00000
          cH =   0.00000
         cHb =   0.00000
        cHwb =   0.00000
      cHq1st =   0.00000
      cHq3st =   0.00000
      cHq1rd =   0.00000
      cHq3rd =   0.00000
       cHdst =   0.00000
       cHust =   0.00000
       cHdrd =   0.00000
       cHurd =   0.00000
         cth =   0.00000
         cbh =   0.00000
 --------------

  mH       = 125.0000      GeV
  fact_scale 1.0
  ren_scale  1.0
  Kqq      =   0.25095181023079549            +-    2.3341857158262560E-004
  Kgq      =   -6.8530630071384352E-002       +-    1.2576373967678110E-004
  K_nlo    =    1.1824211801594111            +-    2.6514288181499890E-004
  Kqq2     =    5.5015276722524632E-002       +-    2.0570546562168049E-004
  Kgq2     =   -3.5336111546226588E-002       +-    1.3436610621740786E-004
  Kqqs     =    1.7213643955839544E-003       +-    3.4310775254192700E-006
  Kgg      =    1.0453858701881577E-003       +-    1.7656490083104312E-006
  K_nnlo   =    1.2048670956014815            +-    3.6150328722326801E-004
  sig_LO   = (  0.45588240394038571            +-    2.6851152620419982E-004 ) fb
  sig_NLO  = (  0.53904501008110017            +-    2.9446384732179445E-004 ) fb
  sig_NNLO = (  0.54927770797147368            +-    3.1505311366537744E-004 ) fb

  pp ---> HHW+ + X
  ===============

  PDFSET = PDF4LHC21_40                                NSET =  37
  Sqrt(S)  = 14.0 TeV
  LOOP     = 3
  alphaS(MZ) =   0.11800
          kl =   1.00000
          kv =   1.00000
         k2v =   1.00000
         kth =   1.00000
         kbh =   1.00000
        cHsq =   0.60000
       chdup =   0.00000
         cHw =   0.00000
          cH =   0.00000
         cHb =   0.00000
        cHwb =   0.00000
      cHq1st =   0.00000
      cHq3st =   0.00000
      cHq1rd =   0.00000
      cHq3rd =   0.00000
       cHdst =   0.00000
       cHust =   0.00000
       cHdrd =   0.00000
       cHurd =   0.00000
         cth =   0.00000
         cbh =   0.00000
 --------------

  mH       = 125.0000      GeV
  fact_scale 1.0
  ren_scale  1.0
  Kqq      =   0.25086648464689182            +-    2.3341927593016241E-004
  Kgq      =   -6.8369125206943590E-002       +-    1.2540530627568541E-004
  K_nlo    =    1.1824973594399482            +-    2.6497367646213419E-004
  Kqq2     =    5.4985533275953513E-002       +-    2.0573775973154268E-004
  Kgq2     =   -3.5255179688246915E-002       +-    1.3400429361114393E-004
  Kqqs     =    1.7215753406868216E-003       +-    3.4307238635273389E-006
  Kgg      =    1.0387577144370980E-003       +-    1.7519484906585447E-006
  K_nnlo   =    1.2049880460827784            +-    3.6126315186187633E-004
  sig_LO   = (  0.45652588464018712            +-    2.6890987253968472E-004 ) fb
  sig_NLO  = (  0.53984065310300766            +-    2.9486542251124442E-004 ) fb
  sig_NNLO = (  0.55010823371879103            +-    3.1545696762873076E-004 ) fb

  pp ---> HHW+ + X
  ===============

  PDFSET = PDF4LHC21_40                                NSET =  38
  Sqrt(S)  = 14.0 TeV
  LOOP     = 3
  alphaS(MZ) =   0.11800
          kl =   1.00000
          kv =   1.00000
         k2v =   1.00000
         kth =   1.00000
         kbh =   1.00000
        cHsq =   0.60000
       chdup =   0.00000
         cHw =   0.00000
          cH =   0.00000
         cHb =   0.00000
        cHwb =   0.00000
      cHq1st =   0.00000
      cHq3st =   0.00000
      cHq1rd =   0.00000
      cHq3rd =   0.00000
       cHdst =   0.00000
       cHust =   0.00000
       cHdrd =   0.00000
       cHurd =   0.00000
         cth =   0.00000
         cbh =   0.00000
 --------------

  mH       = 125.0000      GeV
  fact_scale 1.0
  ren_scale  1.0
  Kqq      =   0.25063206423456658            +-    2.3321445349835585E-004
  Kgq      =   -6.8003095184426307E-002       +-    1.2478397126948902E-004
  K_nlo    =    1.1826289690501401            +-    2.6449956674127361E-004
  Kqq2     =    5.4894595377416484E-002       +-    2.0567998510726736E-004
  Kgq2     =   -3.5064696820707425E-002       +-    1.3332596858993707E-004
  Kqqs     =    1.7151010236800509E-003       +-    3.4180679471425245E-006
  Kgg      =    1.0338839154411712E-003       +-    1.7431638640629721E-006
  K_nnlo   =    1.2052078525459704            +-    3.6063113119812646E-004
  sig_LO   = (  0.45863334735362560            +-    2.7006612972871829E-004 ) fb
  sig_NLO  = (  0.54239308275283316            +-    2.9605983066364875E-004 ) fb
  sig_NNLO = (  0.55274851167003336            +-    3.1668917750313328E-004 ) fb

  pp ---> HHW+ + X
  ===============

  PDFSET = PDF4LHC21_40                                NSET =  39
  Sqrt(S)  = 14.0 TeV
  LOOP     = 3
  alphaS(MZ) =   0.11800
          kl =   1.00000
          kv =   1.00000
         k2v =   1.00000
         kth =   1.00000
         kbh =   1.00000
        cHsq =   0.60000
       chdup =   0.00000
         cHw =   0.00000
          cH =   0.00000
         cHb =   0.00000
        cHwb =   0.00000
      cHq1st =   0.00000
      cHq3st =   0.00000
      cHq1rd =   0.00000
      cHq3rd =   0.00000
       cHdst =   0.00000
       cHust =   0.00000
       cHdrd =   0.00000
       cHurd =   0.00000
         cth =   0.00000
         cbh =   0.00000
 --------------

  mH       = 125.0000      GeV
  fact_scale 1.0
  ren_scale  1.0
  Kqq      =   0.25085163270030325            +-    2.3341156918596509E-004
  Kgq      =   -6.8487860371035450E-002       +-    1.2569909394609467E-004
  K_nlo    =    1.1823637723292677            +-    2.6510605962279268E-004
  Kqq2     =    5.4976645323674966E-002       +-    2.0571051172150705E-004
  Kgq2     =   -3.5314405606582534E-002       +-    1.3432543995355885E-004
  Kqqs     =    1.7196471501823040E-003       +-    3.4282412486716410E-006
  Kgg      =    1.0428898490152613E-003       +-    1.7606371153200999E-006
  K_nnlo   =    1.2047885490455577            +-    3.6146398711528108E-004
  sig_LO   = (  0.45608837984620954            +-    2.6862493886754439E-004 ) fb
  sig_NLO  = (  0.53926237731050830            +-    2.9458278890908535E-004 ) fb
  sig_NNLO = (  0.54949005739145407            +-    3.1517934659421970E-004 ) fb

  pp ---> HHW+ + X
  ===============

  PDFSET = PDF4LHC21_40                                NSET =  40
  Sqrt(S)  = 14.0 TeV
  LOOP     = 3
  alphaS(MZ) =   0.11800
          kl =   1.00000
          kv =   1.00000
         k2v =   1.00000
         kth =   1.00000
         kbh =   1.00000
        cHsq =   0.60000
       chdup =   0.00000
         cHw =   0.00000
          cH =   0.00000
         cHb =   0.00000
        cHwb =   0.00000
      cHq1st =   0.00000
      cHq3st =   0.00000
      cHq1rd =   0.00000
      cHq3rd =   0.00000
       cHdst =   0.00000
       cHust =   0.00000
       cHdrd =   0.00000
       cHurd =   0.00000
         cth =   0.00000
         cbh =   0.00000
 --------------

  mH       = 125.0000      GeV
  fact_scale 1.0
  ren_scale  1.0
  Kqq      =   0.25092189021506422            +-    2.3348893727246882E-004
  Kgq      =   -6.8312171894131732E-002       +-    1.2532474930229494E-004
  K_nlo    =    1.1826097183209325            +-    2.6499693699420367E-004
  Kqq2     =    5.5005481331591256E-002       +-    2.0575645876038022E-004
  Kgq2     =   -3.5225732779787473E-002       +-    1.3391059560508050E-004
  Kqqs     =    1.7210764461521551E-003       +-    3.4306380802698760E-006
  Kgg      =    1.0393872927557555E-003       +-    1.7530736708465387E-006
  K_nnlo   =    1.2051499306116440            +-    3.6125612395939067E-004
  sig_LO   = (  0.45616286367836062            +-    2.6879036490566805E-004 ) fb
  sig_NLO  = (  0.53946263572313591            +-    2.9472132695919053E-004 ) fb
  sig_NNLO = (  0.54974464350958507            +-    3.1528485681015417E-004 ) fb

  pp ---> HHW+ + X
  ===============

  PDFSET = PDF4LHC21_40                                NSET =  41
  Sqrt(S)  = 14.0 TeV
  LOOP     = 3
  alphaS(MZ) =   0.11700
          kl =   1.00000
          kv =   1.00000
         k2v =   1.00000
         kth =   1.00000
         kbh =   1.00000
        cHsq =   0.60000
       chdup =   0.00000
         cHw =   0.00000
          cH =   0.00000
         cHb =   0.00000
        cHwb =   0.00000
      cHq1st =   0.00000
      cHq3st =   0.00000
      cHq1rd =   0.00000
      cHq3rd =   0.00000
       cHdst =   0.00000
       cHust =   0.00000
       cHdrd =   0.00000
       cHurd =   0.00000
         cth =   0.00000
         cbh =   0.00000
 --------------

  mH       = 125.0000      GeV
  fact_scale 1.0
  ren_scale  1.0
  Kqq      =   0.24902128210160343            +-    2.3188838620313829E-004
  Kgq      =   -6.7097629886307533E-002       +-    1.2309943764708892E-004
  K_nlo    =    1.1819236522152958            +-    2.6253703587289425E-004
  Kqq2     =    5.4186287050195160E-002       +-    2.0311182948466288E-004
  Kgq2     =   -3.4370066850257355E-002       +-    1.3065841260279164E-004
  Kqqs     =    1.6937154740744509E-003       +-    3.3758851819680520E-006
  Kgg      =    1.0028234751671410E-003       +-    1.6906202603220859E-006
  K_nnlo   =    1.2044364113644752            +-    3.5674358587512106E-004
  sig_LO   = (  0.45770976347086556            +-    2.6987978328974946E-004 ) fb
  sig_NLO  = (  0.54097799529608459            +-    2.9542326991697170E-004 ) fb
  sig_NNLO = (  0.55128230496133213            +-    3.1543160263282377E-004 ) fb

  pp ---> HHW+ + X
  ===============

  PDFSET = PDF4LHC21_40                                NSET =  42
  Sqrt(S)  = 14.0 TeV
  LOOP     = 3
  alphaS(MZ) =   0.11900
          kl =   1.00000
          kv =   1.00000
         k2v =   1.00000
         kth =   1.00000
         kbh =   1.00000
        cHsq =   0.60000
       chdup =   0.00000
         cHw =   0.00000
          cH =   0.00000
         cHb =   0.00000
        cHwb =   0.00000
      cHq1st =   0.00000
      cHq3st =   0.00000
      cHq1rd =   0.00000
      cHq3rd =   0.00000
       cHdst =   0.00000
       cHust =   0.00000
       cHdrd =   0.00000
       cHurd =   0.00000
         cth =   0.00000
         cbh =   0.00000
 --------------

  mH       = 125.0000      GeV
  fact_scale 1.0
  ren_scale  1.0
  Kqq      =   0.25264576508119702            +-    2.3483407582222744E-004
  Kgq      =   -6.7615392245374648E-002       +-    1.2409660353504605E-004
  K_nlo    =    1.1850303728358225            +-    2.6560687147778023E-004
  Kqq2     =    5.5759588870670326E-002       +-    2.0834192989453427E-004
  Kgq2     =   -3.5100174186705177E-002       +-    1.3350744305742462E-004
  Kqqs     =    1.7468314848848043E-003       +-    3.4802945814893996E-006
  Kgg      =    1.0211560290559003E-003       +-    1.7280561585793568E-006
  K_nnlo   =    1.2084577750337282            +-    3.6303265129817967E-004
  sig_LO   = (  0.45859845062219173            +-    2.6990974932550532E-004 ) fb
  sig_NLO  = (  0.54345309292274635            +-    2.9612192354475081E-004 ) fb
  sig_NNLO = (  0.55419686327280893            +-    3.1712604965662466E-004 ) fb

