  pp ---> HHW+ + X
  ===============

  PDFSET = PDF4LHC21_40                                NSET =   0
  Sqrt(S)  = 14.0 TeV
  LOOP     = 3
  alphaS(MZ) =   0.11800
          kl =   1.00000
          kv =   1.00000
         k2v =   1.00000
         kth =   1.00000
         kbh =   1.00000
        cHsq =   0.00000
       chdup =   0.00000
         cHw =   0.00000
          cH =   0.00000
         cHb =   0.00000
        cHwb =   0.00000
      cHq1st =   0.00000
      cHq3st =  -0.02000
      cHq1rd =   0.00000
      cHq3rd =   0.00000
       cHdst =   0.00000
       cHust =   0.00000
       cHdrd =   0.00000
       cHurd =   0.00000
         cth =   0.00000
         cbh =   0.00000
 --------------

  mH       = 125.0000      GeV
  fact_scale 0.5
  ren_scale  0.5
  Kqq      =   0.19864514821946913            +-   -4.8326109943746740E-004
  Kgq      =   -2.2748101735058635E-002       +-   -1.8190430301890685E-004
  K_nlo    =    1.1758970464844105            +-    5.1636272685613553E-004
  Kqq2     =    2.4635692314694049E-002       +-   -3.5557966157871230E-004
  Kgq2     =   -1.0624333256223112E-002       +-   -1.5208936905883284E-004
  Kqqs     =    4.5107969619487726E-004       +-   -4.6624071091934029E-006
  Kgg      =    8.7979423877567058E-005       +-   -1.4864730010259136E-006
  K_nnlo   =    1.1904474646629539            +-    6.4515307116798576E-004
  sig_LO   = ( -0.22503386424821445            +-    2.8618245438099632E-004 ) fb
  sig_NLO  = ( -0.26461665632844911            +-    3.0887315840776909E-004 ) fb
  sig_NNLO = ( -0.26789099315759418            +-    3.2090186002218179E-004 ) fb

  mH       = 125.0000      GeV
  fact_scale 1.0
  ren_scale  0.5
  Kqq      =   0.28288320091099795            +-   -6.9318239149896072E-004
  Kgq      =   -4.5982784604280971E-002       +-   -2.0694131979690547E-004
  K_nlo    =    1.2369004163067170            +-    7.2341311691419003E-004
  Kqq2     =    4.6127277413357086E-002       +-   -5.5874132292240471E-004
  Kgq2     =   -2.0699604857964900E-002       +-   -2.2474446669016018E-004
  Kqqs     =    1.5674182081369540E-003       +-   -5.6773509908238068E-006
  Kgg      =    2.0820288117528039E-004       +-   -2.0704360468834920E-006
  K_nnlo   =    1.2641037099514212            +-    9.4131025596884063E-004
  sig_LO   = ( -0.21188010666410356            +-    2.5960548185827436E-004 ) fb
  sig_NLO  = ( -0.26207459213994133            +-    3.0147769147704774E-004 ) fb
  sig_NNLO = ( -0.26783842889899623            +-    3.2737330572756495E-004 ) fb

  mH       = 125.0000      GeV
  fact_scale 0.5
  ren_scale  1.0
  Kqq      =   0.18425899779775684            +-   -4.4553420730600242E-004
  Kgq      =   -2.1086905037395159E-002       +-   -1.6760771285842982E-004
  K_nlo    =    1.1631720927603617            +-    4.7601793589046812E-004
  Kqq2     =    3.3816579204253530E-002       +-   -2.8448411584667768E-004
  Kgq2     =   -1.0668084597210139E-002       +-   -1.3382383793987480E-004
  Kqqs     =    3.9234738657357591E-004       +-   -3.9592761005044789E-006
  Kgg      =    7.6332791364500108E-005       +-   -1.2576382006079716E-006
  K_nnlo   =    1.1867892675453431            +-    5.7048257167115050E-004
  sig_LO   = ( -0.22503386424821445            +-    2.8618245438099632E-004 ) fb
  sig_NLO  = ( -0.26175311081954672            +-    3.0557343622078384E-004 ) fb
  sig_NNLO = ( -0.26706777492403661            +-    3.1365790566317646E-004 ) fb

  mH       = 125.0000      GeV
  fact_scale 1.0
  ren_scale  1.0
  Kqq      =   0.26236269037069831            +-   -6.3784864861312794E-004
  Kgq      =   -4.2678101539880491E-002       +-   -1.9053162420733729E-004
  K_nlo    =    1.2196845888308179            +-    6.6569752768106294E-004
  Kqq2     =    5.7876739365027095E-002       +-   -4.3664141009639839E-004
  Kgq2     =   -2.0845476841586372E-002       +-   -1.9010416395136845E-004
  Kqqs     =    1.3504416806362743E-003       +-   -4.8183524190017362E-006
  Kgg      =    1.8286404042076396E-004       +-   -1.7501623699122892E-006
  K_nnlo   =    1.2582491570753154            +-    8.1851987887384520E-004
  sig_LO   = ( -0.21188010666410356            +-    2.5960548185827436E-004 ) fb
  sig_NLO  = ( -0.25842690077803698            +-    2.9544807045432474E-004 ) fb
  sig_NNLO = ( -0.26659796561113630            +-    3.1220554908681966E-004 ) fb

  mH       = 125.0000      GeV
  fact_scale 1.5
  ren_scale  1.0
  Kqq      =   0.30900485420417934            +-   -7.6979555035053976E-004
  Kgq      =   -5.4632857931547693E-002       +-   -2.1093615660820834E-004
  K_nlo    =    1.2543719962726316            +-    7.9817244471613587E-004
  Kqq2     =    7.2302784546217039E-002       +-   -5.6903795451638877E-004
  Kgq2     =   -2.8329051545798137E-002       +-   -2.3128725610449706E-004
  Kqqs     =    2.3663941978638177E-003       +-   -6.4145482774099502E-006
  Kgg      =    2.3610019318914547E-004       +-   -2.4083640424076497E-006
  K_nnlo   =    1.3009482236641035            +-    1.0071862720806117E-003
  sig_LO   = ( -0.20481399614309362            +-    2.4884174662552006E-004 ) fb
  sig_NLO  = ( -0.25691294120658742            +-    2.9773630577787334E-004 ) fb
  sig_NNLO = ( -0.26645240446390417            +-    3.2322757433765674E-004 ) fb

  mH       = 125.0000      GeV
  fact_scale 2.0
  ren_scale  1.0
  Kqq      =   0.34240866260394937            +-   -8.6794349681711526E-004
  Kgq      =   -6.2695992162616204E-002       +-   -2.2175633318472155E-004
  K_nlo    =    1.2797126704413331            +-    8.9582463963359200E-004
  Kqq2     =    8.2674429737611188E-002       +-   -6.8239377833594983E-004
  Kgq2     =   -3.4290376851078469E-002       +-   -2.6680676900862731E-004
  Kqqs     =    3.2780887416236442E-003       +-   -8.1614125902181250E-006
  Kgg      =    2.6869495084265053E-004       +-   -2.7590840980888517E-006
  K_nnlo   =    1.3316435070203321            +-    1.1573344922171894E-003
  sig_LO   = ( -0.20004424848584748            +-    2.4341164030219952E-004 ) fb
  sig_NLO  = ( -0.25599915943625351            +-    3.0226396311896776E-004 ) fb
  sig_NNLO = ( -0.26638762461294074            +-    3.3593133421911715E-004 ) fb

  mH       = 125.0000      GeV
  fact_scale 1.0
  ren_scale  1.5
  Kqq      =   0.25170256472469688            +-   -6.0946407582824146E-004
  Kgq      =   -4.0958490306232741E-002       +-   -1.8210252006423255E-004
  K_nlo    =    1.2107440744184641            +-    6.3608787721423888E-004
  Kqq2     =    6.3313150525599604E-002       +-   -4.0155629655762754E-004
  Kgq2     =   -2.0845748092305702E-002       +-   -1.7325161708850247E-004
  Kqqs     =    1.2438982273921138E-003       +-   -4.4045444382276600E-006
  Kgg      =    1.7002036639043739E-004       +-   -1.5967093960965726E-006
  K_nnlo   =    1.2546253954455406            +-    7.7194126665205498E-004
  sig_LO   = ( -0.21188010666410356            +-    2.5960548185827436E-004 ) fb
  sig_NLO  = ( -0.25653258363071552            +-    2.9250493377788820E-004 ) fb
  sig_NNLO = ( -0.26583016261049419            +-    3.0683310122991785E-004 ) fb

  mH       = 125.0000      GeV
  fact_scale 1.5
  ren_scale  1.5
  Kqq      =   0.29644825286693638            +-   -7.3567299903106722E-004
  Kgq      =   -5.2440835046201097E-002       +-   -2.0173624609857462E-004
  K_nlo    =    1.2440074178207352            +-    7.6283174717188410E-004
  Kqq2     =    7.8387828851415611E-002       +-   -5.1970768900980321E-004
  Kgq2     =   -2.8189817204205537E-002       +-   -2.1204736750562138E-004
  Kqqs     =    2.1796916964324370E-003       +-   -5.8689824173379934E-006
  Kgg      =    2.2066936104444662E-004       +-   -2.1940507680238194E-006
  K_nnlo   =    1.2966057905254225            +-    9.4710701686170147E-004
  sig_LO   = ( -0.20481399614309362            +-    2.4884174662552006E-004 ) fb
  sig_NLO  = ( -0.25479013047551596            +-    2.9382430257152603E-004 ) fb
  sig_NNLO = ( -0.26556301337978672            +-    3.1551664792524249E-004 ) fb

  mH       = 125.0000      GeV
  fact_scale 2.0
  ren_scale  1.5
  Kqq      =   0.32849960605643047            +-   -8.2958615570169307E-004
  Kgq      =   -6.0190156511164147E-002       +-   -2.1217920136034312E-004
  K_nlo    =    1.2683094495452663            +-    8.5629037319231072E-004
  Kqq2     =    8.9221860797220887E-002       +-   -6.1689414311695426E-004
  Kgq2     =   -3.3973399049690454E-002       +-   -2.4722826541077691E-004
  Kqqs     =    3.0196119663801722E-003       +-   -7.4699888413405226E-006
  Kgg      =    2.5218611588489445E-004       +-   -2.5153797577877896E-006
  K_nnlo   =    1.3268297093750616            +-    1.0839628822614110E-003
  sig_LO   = ( -0.20004424848584748            +-    2.4341164030219952E-004 ) fb
  sig_NLO  = ( -0.25371801068178168            +-    2.9764329991233612E-004 ) fb
  sig_NNLO = ( -0.26542465208062971            +-    3.2598933494086936E-004 ) fb

  mH       = 125.0000      GeV
  fact_scale 1.0
  ren_scale  2.0
  Kqq      =   0.24465730422323836            +-   -5.9085146546786909E-004
  Kgq      =   -3.9820986573642081E-002       +-   -1.7656736429493485E-004
  K_nlo    =    1.2048363176495962            +-    6.1666967525539048E-004
  Kqq2     =    6.6488660311627826E-002       +-   -3.9242384991174020E-004
  Kgq2     =   -2.0807473301753254E-002       +-   -1.6313994266346348E-004
  Kqqs     =    1.1758218044640423E-003       +-   -4.1429286745252809E-006
  Kgg      =    1.6167581442916930E-004       +-   -1.5000220728660457E-006
  K_nnlo   =    1.2518550022783641            +-    7.4894059923040642E-004
  sig_LO   = ( -0.21188010666410356            +-    2.5960548185827436E-004 ) fb
  sig_NLO  = ( -0.25528084749638219            +-    2.9063215817807213E-004 ) fb
  sig_NNLO = ( -0.26524317141073134            +-    3.0426325824406978E-004 ) fb

  mH       = 125.0000      GeV
  fact_scale 1.5
  ren_scale  2.0
  Kqq      =   0.28814912393078418            +-   -7.1327936334947468E-004
  Kgq      =   -5.0990218357648436E-002       +-   -1.9568917804182028E-004
  K_nlo    =    1.2371589055731356            +-    7.3963619745312298E-004
  Kqq2     =    8.1938704980914878E-002       +-   -5.0447902401726469E-004
  Kgq2     =   -2.8043952519246785E-002       +-   -2.0205312795986468E-004
  Kqqs     =    2.0603872571297228E-003       +-   -5.5235387901397478E-006
  Kgg      =    2.1053026963028552E-004       +-   -2.0590747190626794E-006
  K_nnlo   =    1.2933245755615634            +-    9.1783495577590500E-004
  sig_LO   = ( -0.20481399614309362            +-    2.4884174662552006E-004 ) fb
  sig_NLO  = ( -0.25338745931445011            +-    2.9132590364571207E-004 ) fb
  sig_NNLO = ( -0.26489097463083433            +-    3.1186654586566858E-004 ) fb

  mH       = 125.0000      GeV
  fact_scale 2.0
  ren_scale  2.0
  Kqq      =   0.31930588677736871            +-   -8.0440845431675474E-004
  Kgq      =   -5.8531334213164810E-002       +-   -2.0587778780983972E-004
  K_nlo    =    1.2607745525642040            +-    8.3033645282484369E-004
  Kqq2     =    9.3063766027177558E-002       +-   -5.9518102970094100E-004
  Kgq2     =   -3.3713572305957902E-002       +-   -2.3711293683288066E-004
  Kqqs     =    2.8544292674514194E-003       +-   -7.0321743636967622E-006
  Kgg      =    2.4123313075920811E-004       +-   -2.3618310084365411E-006
  K_nnlo   =    1.3232204086836346            +-    1.0487977200304755E-003
  sig_LO   = ( -0.20004424848584748            +-    2.4341164030219952E-004 ) fb
  sig_NLO  = ( -0.25221069787778677            +-    2.9468589375840533E-004 ) fb
  sig_NNLO = ( -0.26470263223625357            +-    3.2135302085176278E-004 ) fb

  pp ---> HHW+ + X
  ===============

  PDFSET = PDF4LHC21_40                                NSET =   1
  Sqrt(S)  = 14.0 TeV
  LOOP     = 3
  alphaS(MZ) =   0.11800
          kl =   1.00000
          kv =   1.00000
         k2v =   1.00000
         kth =   1.00000
         kbh =   1.00000
        cHsq =   0.00000
       chdup =   0.00000
         cHw =   0.00000
          cH =   0.00000
         cHb =   0.00000
        cHwb =   0.00000
      cHq1st =   0.00000
      cHq3st =  -0.02000
      cHq1rd =   0.00000
      cHq3rd =   0.00000
       cHdst =   0.00000
       cHust =   0.00000
       cHdrd =   0.00000
       cHurd =   0.00000
         cth =   0.00000
         cbh =   0.00000
 --------------

  mH       = 125.0000      GeV
  fact_scale 1.0
  ren_scale  1.0
  Kqq      =   0.26255447846604213            +-   -6.4120682084281534E-004
  Kgq      =   -4.2777562171045079E-002       +-   -1.9127178628866167E-004
  K_nlo    =    1.2197769162949970            +-    6.6912710550791896E-004
  Kqq2     =    5.7941419361460252E-002       +-   -4.3627347482024816E-004
  Kgq2     =   -2.0895182270813131E-002       +-   -1.9085381820233845E-004
  Kqqs     =    1.3535943315254909E-003       +-   -4.8349676778036901E-006
  Kgg      =    1.8293220439553187E-004       +-   -1.7550693285225180E-006
  K_nnlo   =    1.2583596799215651            +-    8.2129000070641552E-004
  sig_LO   = ( -0.21136934067235827            +-    2.6149813347634563E-004 ) fb
  sig_NLO  = ( -0.25782344256463585            +-    2.9729539956884648E-004 ) fb
  sig_NNLO = ( -0.26597865587370101            +-    3.1387366955753067E-004 ) fb

  pp ---> HHW+ + X
  ===============

  PDFSET = PDF4LHC21_40                                NSET =   2
  Sqrt(S)  = 14.0 TeV
  LOOP     = 3
  alphaS(MZ) =   0.11800
          kl =   1.00000
          kv =   1.00000
         k2v =   1.00000
         kth =   1.00000
         kbh =   1.00000
        cHsq =   0.00000
       chdup =   0.00000
         cHw =   0.00000
          cH =   0.00000
         cHb =   0.00000
        cHwb =   0.00000
      cHq1st =   0.00000
      cHq3st =  -0.02000
      cHq1rd =   0.00000
      cHq3rd =   0.00000
       cHdst =   0.00000
       cHust =   0.00000
       cHdrd =   0.00000
       cHurd =   0.00000
         cth =   0.00000
         cbh =   0.00000
 --------------

  mH       = 125.0000      GeV
  fact_scale 1.0
  ren_scale  1.0
  Kqq      =   0.26222039513249062            +-   -6.3618867946347874E-004
  Kgq      =   -4.2450582610006733E-002       +-   -1.8979117308579095E-004
  K_nlo    =    1.2197698125224838            +-    6.6389511615824195E-004
  Kqq2     =    5.7838135639739600E-002       +-   -4.3563456893035542E-004
  Kgq2     =   -2.0742821188661473E-002       +-   -1.8920703993724694E-004
  Kqqs     =    1.3518205861532667E-003       +-   -4.8263649449354013E-006
  Kgg      =    1.7845533049407614E-004       +-   -1.7370854466090743E-006
  K_nnlo   =    1.2583954028902091            +-    8.1630865371631802E-004
  sig_LO   = ( -0.21176731669676860            +-    2.5908490404486721E-004 ) fb
  sig_NLO  = ( -0.25830738018560695            +-    2.9477262012162343E-004 ) fb
  sig_NNLO = ( -0.26648701781360878            +-    3.1146132618202542E-004 ) fb

  pp ---> HHW+ + X
  ===============

  PDFSET = PDF4LHC21_40                                NSET =   3
  Sqrt(S)  = 14.0 TeV
  LOOP     = 3
  alphaS(MZ) =   0.11800
          kl =   1.00000
          kv =   1.00000
         k2v =   1.00000
         kth =   1.00000
         kbh =   1.00000
        cHsq =   0.00000
       chdup =   0.00000
         cHw =   0.00000
          cH =   0.00000
         cHb =   0.00000
        cHwb =   0.00000
      cHq1st =   0.00000
      cHq3st =  -0.02000
      cHq1rd =   0.00000
      cHq3rd =   0.00000
       cHdst =   0.00000
       cHust =   0.00000
       cHdrd =   0.00000
       cHurd =   0.00000
         cth =   0.00000
         cbh =   0.00000
 --------------

  mH       = 125.0000      GeV
  fact_scale 1.0
  ren_scale  1.0
  Kqq      =   0.26139592195121208            +-   -6.2633245870370095E-004
  Kgq      =   -4.1989284257376802E-002       +-   -1.8788814017169667E-004
  K_nlo    =    1.2194066376938353            +-    6.5390695212927841E-004
  Kqq2     =    5.7616097799903558E-002       +-   -4.2421682888557551E-004
  Kgq2     =   -2.0515150778102488E-002       +-   -1.8740450332463702E-004
  Kqqs     =    1.3341257914698279E-003       +-   -4.7533086434392857E-006
  Kgg      =    1.7872487512283279E-004       +-   -1.7242664309825086E-006
  K_nnlo   =    1.2580204353822291            +-    8.0168587043609224E-004
  sig_LO   = ( -0.21441987719047187            +-    2.6125454795004627E-004 ) fb
  sig_NLO  = ( -0.26146502149955841            +-    2.9650120529399910E-004 ) fb
  sig_NNLO = ( -0.26974458725776151            +-    3.1273415243369170E-004 ) fb

  pp ---> HHW+ + X
  ===============

  PDFSET = PDF4LHC21_40                                NSET =   4
  Sqrt(S)  = 14.0 TeV
  LOOP     = 3
  alphaS(MZ) =   0.11800
          kl =   1.00000
          kv =   1.00000
         k2v =   1.00000
         kth =   1.00000
         kbh =   1.00000
        cHsq =   0.00000
       chdup =   0.00000
         cHw =   0.00000
          cH =   0.00000
         cHb =   0.00000
        cHwb =   0.00000
      cHq1st =   0.00000
      cHq3st =  -0.02000
      cHq1rd =   0.00000
      cHq3rd =   0.00000
       cHdst =   0.00000
       cHust =   0.00000
       cHdrd =   0.00000
       cHurd =   0.00000
         cth =   0.00000
         cbh =   0.00000
 --------------

  mH       = 125.0000      GeV
  fact_scale 1.0
  ren_scale  1.0
  Kqq      =   0.26270263863816118            +-   -6.4298651434145301E-004
  Kgq      =   -4.3577134359991887E-002       +-   -1.9433456885997532E-004
  K_nlo    =    1.2191255042781695            +-    6.7171242528254907E-004
  Kqq2     =    5.8013441415611662E-002       +-   -4.3988106028253714E-004
  Kgq2     =   -2.1278078342776792E-002       +-   -1.9405061772940650E-004
  Kqqs     =    1.3729834618691579E-003       +-   -4.9002399338515239E-006
  Kgg      =    1.8952643238230956E-004       +-   -1.7956236348674680E-006
  K_nnlo   =    1.2574233772452559            +-    8.2606041445590697E-004
  sig_LO   = ( -0.20761040578142981            +-    2.5384352503203978E-004 ) fb
  sig_NLO  = ( -0.25310314064168099            +-    2.8962750172164213E-004 ) fb
  sig_NNLO = ( -0.26105417758894339            +-    3.0634678435259783E-004 ) fb

  pp ---> HHW+ + X
  ===============

  PDFSET = PDF4LHC21_40                                NSET =   5
  Sqrt(S)  = 14.0 TeV
  LOOP     = 3
  alphaS(MZ) =   0.11800
          kl =   1.00000
          kv =   1.00000
         k2v =   1.00000
         kth =   1.00000
         kbh =   1.00000
        cHsq =   0.00000
       chdup =   0.00000
         cHw =   0.00000
          cH =   0.00000
         cHb =   0.00000
        cHwb =   0.00000
      cHq1st =   0.00000
      cHq3st =  -0.02000
      cHq1rd =   0.00000
      cHq3rd =   0.00000
       cHdst =   0.00000
       cHust =   0.00000
       cHdrd =   0.00000
       cHurd =   0.00000
         cth =   0.00000
         cbh =   0.00000
 --------------

  mH       = 125.0000      GeV
  fact_scale 1.0
  ren_scale  1.0
  Kqq      =   0.26257618492278106            +-   -6.3936855489605984E-004
  Kgq      =   -4.2530221501094728E-002       +-   -1.9039562770134608E-004
  K_nlo    =    1.2200459634216863            +-    6.6711516549818105E-004
  Kqq2     =    5.7956902544230665E-002       +-   -4.3735955303082731E-004
  Kgq2     =   -2.0784342219350733E-002       +-   -1.8980564551171307E-004
  Kqqs     =    1.3505604764063579E-003       +-   -4.8219907113510939E-006
  Kgg      =    1.7892592751175400E-004       +-   -1.7470766289694685E-006
  K_nnlo   =    1.2587480101504842            +-    8.1998689599546433E-004
  sig_LO   = ( -0.21123049984036929            +-    2.5894009222820899E-004 ) fb
  sig_NLO  = ( -0.25771091868178769            +-    2.9479998011634387E-004 ) fb
  sig_NNLO = ( -0.26588597135715702            +-    3.1152908948852223E-004 ) fb

  pp ---> HHW+ + X
  ===============

  PDFSET = PDF4LHC21_40                                NSET =   6
  Sqrt(S)  = 14.0 TeV
  LOOP     = 3
  alphaS(MZ) =   0.11800
          kl =   1.00000
          kv =   1.00000
         k2v =   1.00000
         kth =   1.00000
         kbh =   1.00000
        cHsq =   0.00000
       chdup =   0.00000
         cHw =   0.00000
          cH =   0.00000
         cHb =   0.00000
        cHwb =   0.00000
      cHq1st =   0.00000
      cHq3st =  -0.02000
      cHq1rd =   0.00000
      cHq3rd =   0.00000
       cHdst =   0.00000
       cHust =   0.00000
       cHdrd =   0.00000
       cHurd =   0.00000
         cth =   0.00000
         cbh =   0.00000
 --------------

  mH       = 125.0000      GeV
  fact_scale 1.0
  ren_scale  1.0
  Kqq      =   0.26243335229618736            +-   -6.3667621515957719E-004
  Kgq      =   -4.2694273418291670E-002       +-   -1.9073500185585673E-004
  K_nlo    =    1.2197390788778959            +-    6.6463256306238704E-004
  Kqq2     =    5.7923779232029016E-002       +-   -4.3550537180855143E-004
  Kgq2     =   -2.0853889975008717E-002       +-   -1.9033218050326748E-004
  Kqqs     =    1.3495962706936270E-003       +-   -4.8076061778857824E-006
  Kgg      =    1.8486626148644063E-004       +-   -1.7638231423338390E-006
  K_nnlo   =    1.2583434306670962            +-    8.1710093369261917E-004
  sig_LO   = ( -0.21123423371480338            +-    2.5716226973545989E-004 ) fb
  sig_NLO  = ( -0.25765064965877238            +-    2.9298919704905671E-004 ) fb
  sig_NNLO = ( -0.26580521032702081            +-    3.0971452310830005E-004 ) fb

  pp ---> HHW+ + X
  ===============

  PDFSET = PDF4LHC21_40                                NSET =   7
  Sqrt(S)  = 14.0 TeV
  LOOP     = 3
  alphaS(MZ) =   0.11800
          kl =   1.00000
          kv =   1.00000
         k2v =   1.00000
         kth =   1.00000
         kbh =   1.00000
        cHsq =   0.00000
       chdup =   0.00000
         cHw =   0.00000
          cH =   0.00000
         cHb =   0.00000
        cHwb =   0.00000
      cHq1st =   0.00000
      cHq3st =  -0.02000
      cHq1rd =   0.00000
      cHq3rd =   0.00000
       cHdst =   0.00000
       cHust =   0.00000
       cHdrd =   0.00000
       cHurd =   0.00000
         cth =   0.00000
         cbh =   0.00000
 --------------

  mH       = 125.0000      GeV
  fact_scale 1.0
  ren_scale  1.0
  Kqq      =   0.26275791500212875            +-   -6.4014318156059851E-004
  Kgq      =   -4.2577814476794616E-002       +-   -1.9077193792304842E-004
  K_nlo    =    1.2201801005253343            +-    6.6796498800269523E-004
  Kqq2     =    5.8020803904906264E-002       +-   -4.3715622220543598E-004
  Kgq2     =   -2.0806495578522790E-002       +-   -1.9021967992642770E-004
  Kqqs     =    1.3523306106119175E-003       +-   -4.8281750789055631E-006
  Kgg      =    1.7984239380997334E-004       +-   -1.7466346179302991E-006
  K_nnlo   =    1.2589265818561397            +-    8.2066599566983580E-004
  sig_LO   = ( -0.21098803228075672            +-    2.5773010589853215E-004 ) fb
  sig_NLO  = ( -0.25744339843797615            +-    2.9374616666428145E-004 ) fb
  sig_NNLO = ( -0.26561844229176584            +-    3.1049311367376952E-004 ) fb

  pp ---> HHW+ + X
  ===============

  PDFSET = PDF4LHC21_40                                NSET =   8
  Sqrt(S)  = 14.0 TeV
  LOOP     = 3
  alphaS(MZ) =   0.11800
          kl =   1.00000
          kv =   1.00000
         k2v =   1.00000
         kth =   1.00000
         kbh =   1.00000
        cHsq =   0.00000
       chdup =   0.00000
         cHw =   0.00000
          cH =   0.00000
         cHb =   0.00000
        cHwb =   0.00000
      cHq1st =   0.00000
      cHq3st =  -0.02000
      cHq1rd =   0.00000
      cHq3rd =   0.00000
       cHdst =   0.00000
       cHust =   0.00000
       cHdrd =   0.00000
       cHurd =   0.00000
         cth =   0.00000
         cbh =   0.00000
 --------------

  mH       = 125.0000      GeV
  fact_scale 1.0
  ren_scale  1.0
  Kqq      =   0.26231329701497835            +-   -6.3676993530833797E-004
  Kgq      =   -4.2756440018091167E-002       +-   -1.9000710606526612E-004
  K_nlo    =    1.2195568569968873            +-    6.6451384550502953E-004
  Kqq2     =    5.7851276609769679E-002       +-   -4.3600546294594107E-004
  Kgq2     =   -2.0860517142485813E-002       +-   -1.8993122497314071E-004
  Kqqs     =    1.3517755747228899E-003       +-   -4.8150697262254670E-006
  Kgg      =    1.8926754501516187E-004       +-   -1.7558478270705171E-006
  K_nnlo   =    1.2580886595839094            +-    8.1717779748622917E-004
  sig_LO   = ( -0.21230236599543878            +-    2.6060094897956755E-004 ) fb
  sig_NLO  = ( -0.25891480620640012            +-    2.9633733759559442E-004 ) fb
  sig_NNLO = ( -0.26709519906169399            +-    3.1306742299583171E-004 ) fb

  pp ---> HHW+ + X
  ===============

  PDFSET = PDF4LHC21_40                                NSET =   9
  Sqrt(S)  = 14.0 TeV
  LOOP     = 3
  alphaS(MZ) =   0.11800
          kl =   1.00000
          kv =   1.00000
         k2v =   1.00000
         kth =   1.00000
         kbh =   1.00000
        cHsq =   0.00000
       chdup =   0.00000
         cHw =   0.00000
          cH =   0.00000
         cHb =   0.00000
        cHwb =   0.00000
      cHq1st =   0.00000
      cHq3st =  -0.02000
      cHq1rd =   0.00000
      cHq3rd =   0.00000
       cHdst =   0.00000
       cHust =   0.00000
       cHdrd =   0.00000
       cHurd =   0.00000
         cth =   0.00000
         cbh =   0.00000
 --------------

  mH       = 125.0000      GeV
  fact_scale 1.0
  ren_scale  1.0
  Kqq      =   0.26246286641093669            +-   -6.3645155498951312E-004
  Kgq      =   -4.2810131280977777E-002       +-   -1.9091164987634221E-004
  K_nlo    =    1.2196527351299589            +-    6.6446808795236835E-004
  Kqq2     =    5.7943396590588080E-002       +-   -4.3449120318585666E-004
  Kgq2     =   -2.0906343380763338E-002       +-   -1.9056906244111762E-004
  Kqqs     =    1.3571209442653715E-003       +-   -4.8342697179263489E-006
  Kgg      =    1.8385876846614251E-004       +-   -1.7535004973752481E-006
  K_nnlo   =    1.2582307680525151            +-    8.1648236848100785E-004
  sig_LO   = ( -0.21211512822330608            +-    2.5790180114798638E-004 ) fb
  sig_NLO  = ( -0.25870679629999721            +-    2.9390215225138204E-004 ) fb
  sig_NNLO = ( -0.26688978069996816            +-    3.1065658407279732E-004 ) fb

  pp ---> HHW+ + X
  ===============

  PDFSET = PDF4LHC21_40                                NSET =  10
  Sqrt(S)  = 14.0 TeV
  LOOP     = 3
  alphaS(MZ) =   0.11800
          kl =   1.00000
          kv =   1.00000
         k2v =   1.00000
         kth =   1.00000
         kbh =   1.00000
        cHsq =   0.00000
       chdup =   0.00000
         cHw =   0.00000
          cH =   0.00000
         cHb =   0.00000
        cHwb =   0.00000
      cHq1st =   0.00000
      cHq3st =  -0.02000
      cHq1rd =   0.00000
      cHq3rd =   0.00000
       cHdst =   0.00000
       cHust =   0.00000
       cHdrd =   0.00000
       cHurd =   0.00000
         cth =   0.00000
         cbh =   0.00000
 --------------

  mH       = 125.0000      GeV
  fact_scale 1.0
  ren_scale  1.0
  Kqq      =   0.26247478807142199            +-   -6.3982507217900898E-004
  Kgq      =   -4.2688562752956384E-002       +-   -1.9060526409992714E-004
  K_nlo    =    1.2197862253184657            +-    6.6761252960941128E-004
  Kqq2     =    5.7906408024577020E-002       +-   -4.3799496794053651E-004
  Kgq2     =   -2.0845883692899751E-002       +-   -1.9028519652642816E-004
  Kqqs     =    1.3536110374065212E-003       +-   -4.8323909242560362E-006
  Kgg      =    1.8483923900119065E-004       +-   -1.7506363403944926E-006
  K_nnlo   =    1.2583851999265507            +-    8.2084161345502657E-004
  sig_LO   = ( -0.21132312103229470            +-    2.5948761698072018E-004 ) fb
  sig_NLO  = ( -0.25776903212649999            +-    2.9536070111370165E-004 ) fb
  sig_NNLO = ( -0.26592588790932681            +-    3.1212684982935644E-004 ) fb

  pp ---> HHW+ + X
  ===============

  PDFSET = PDF4LHC21_40                                NSET =  11
  Sqrt(S)  = 14.0 TeV
  LOOP     = 3
  alphaS(MZ) =   0.11800
          kl =   1.00000
          kv =   1.00000
         k2v =   1.00000
         kth =   1.00000
         kbh =   1.00000
        cHsq =   0.00000
       chdup =   0.00000
         cHw =   0.00000
          cH =   0.00000
         cHb =   0.00000
        cHwb =   0.00000
      cHq1st =   0.00000
      cHq3st =  -0.02000
      cHq1rd =   0.00000
      cHq3rd =   0.00000
       cHdst =   0.00000
       cHust =   0.00000
       cHdrd =   0.00000
       cHurd =   0.00000
         cth =   0.00000
         cbh =   0.00000
 --------------

  mH       = 125.0000      GeV
  fact_scale 1.0
  ren_scale  1.0
  Kqq      =   0.26220193321821861            +-   -6.3485311288635879E-004
  Kgq      =   -4.2472810239571203E-002       +-   -1.8961157116491832E-004
  K_nlo    =    1.2197291229786473            +-    6.6256397642878886E-004
  Kqq2     =    5.7821107020455863E-002       +-   -4.3465833958219199E-004
  Kgq2     =   -2.0743395368399156E-002       +-   -1.8920165063286443E-004
  Kqqs     =    1.3446770913663885E-003       +-   -4.7968419571602044E-006
  Kgg      =    1.8206645920534729E-004       +-   -1.7398151328455399E-006
  K_nnlo   =    1.2583335781812759            +-    8.1470374755559811E-004
  sig_LO   = ( -0.21323290904715198            +-    2.6148541597059255E-004 ) fb
  sig_NLO  = ( -0.26008638914226839            +-    2.9721168660925916E-004 ) fb
  sig_NNLO = ( -0.26831812942730537            +-    3.1393285027181704E-004 ) fb

  pp ---> HHW+ + X
  ===============

  PDFSET = PDF4LHC21_40                                NSET =  12
  Sqrt(S)  = 14.0 TeV
  LOOP     = 3
  alphaS(MZ) =   0.11800
          kl =   1.00000
          kv =   1.00000
         k2v =   1.00000
         kth =   1.00000
         kbh =   1.00000
        cHsq =   0.00000
       chdup =   0.00000
         cHw =   0.00000
          cH =   0.00000
         cHb =   0.00000
        cHwb =   0.00000
      cHq1st =   0.00000
      cHq3st =  -0.02000
      cHq1rd =   0.00000
      cHq3rd =   0.00000
       cHdst =   0.00000
       cHust =   0.00000
       cHdrd =   0.00000
       cHurd =   0.00000
         cth =   0.00000
         cbh =   0.00000
 --------------

  mH       = 125.0000      GeV
  fact_scale 1.0
  ren_scale  1.0
  Kqq      =   0.26192844949567329            +-   -6.3300255077863474E-004
  Kgq      =   -4.2507621523290670E-002       +-   -1.8932675424862717E-004
  K_nlo    =    1.2194208279723826            +-    6.6070935301884299E-004
  Kqq2     =    5.7744658940246357E-002       +-   -4.3088204607357719E-004
  Kgq2     =   -2.0754978902330280E-002       +-   -1.8900345408669086E-004
  Kqqs     =    1.3436849552713546E-003       +-   -4.7861560321092382E-006
  Kgg      =    1.8282972084417110E-004       +-   -1.7374659141382615E-006
  K_nnlo   =    1.2579370226864142            +-    8.1113773092440767E-004
  sig_LO   = ( -0.21430872951742042            +-    2.6188455845464298E-004 ) fb
  sig_NLO  = ( -0.26133252838984217            +-    2.9771275996246047E-004 ) fb
  sig_NNLO = ( -0.26958688514485185            +-    3.1432744957526784E-004 ) fb

  pp ---> HHW+ + X
  ===============

  PDFSET = PDF4LHC21_40                                NSET =  13
  Sqrt(S)  = 14.0 TeV
  LOOP     = 3
  alphaS(MZ) =   0.11800
          kl =   1.00000
          kv =   1.00000
         k2v =   1.00000
         kth =   1.00000
         kbh =   1.00000
        cHsq =   0.00000
       chdup =   0.00000
         cHw =   0.00000
          cH =   0.00000
         cHb =   0.00000
        cHwb =   0.00000
      cHq1st =   0.00000
      cHq3st =  -0.02000
      cHq1rd =   0.00000
      cHq3rd =   0.00000
       cHdst =   0.00000
       cHust =   0.00000
       cHdrd =   0.00000
       cHurd =   0.00000
         cth =   0.00000
         cbh =   0.00000
 --------------

  mH       = 125.0000      GeV
  fact_scale 1.0
  ren_scale  1.0
  Kqq      =   0.26255678222323792            +-   -6.3936012987785961E-004
  Kgq      =   -4.2752250865842618E-002       +-   -1.9094597840271595E-004
  K_nlo    =    1.2198045313573953            +-    6.6726437215364946E-004
  Kqq2     =    5.7947694945810618E-002       +-   -4.3780806395603614E-004
  Kgq2     =   -2.0883074160421639E-002       +-   -1.9049189213844492E-004
  Kqqs     =    1.3522684440173658E-003       +-   -4.8288301312033679E-006
  Kgg      =    1.8185543350280912E-004       +-   -1.7487682223869533E-006
  K_nnlo   =    1.2584032760203046            +-    8.2050666052857436E-004
  sig_LO   = ( -0.21112886046614518            +-    2.5870002785843534E-004 ) fb
  sig_NLO  = ( -0.25753594069692715            +-    2.9457177609344107E-004 ) fb
  sig_NNLO = ( -0.26568524967303092            +-    3.1134426391601525E-004 ) fb

  pp ---> HHW+ + X
  ===============

  PDFSET = PDF4LHC21_40                                NSET =  14
  Sqrt(S)  = 14.0 TeV
  LOOP     = 3
  alphaS(MZ) =   0.11800
          kl =   1.00000
          kv =   1.00000
         k2v =   1.00000
         kth =   1.00000
         kbh =   1.00000
        cHsq =   0.00000
       chdup =   0.00000
         cHw =   0.00000
          cH =   0.00000
         cHb =   0.00000
        cHwb =   0.00000
      cHq1st =   0.00000
      cHq3st =  -0.02000
      cHq1rd =   0.00000
      cHq3rd =   0.00000
       cHdst =   0.00000
       cHust =   0.00000
       cHdrd =   0.00000
       cHurd =   0.00000
         cth =   0.00000
         cbh =   0.00000
 --------------

  mH       = 125.0000      GeV
  fact_scale 1.0
  ren_scale  1.0
  Kqq      =   0.26262195999934507            +-   -6.3840178120362894E-004
  Kgq      =   -4.2616840104540192E-002       +-   -1.9053220447523041E-004
  K_nlo    =    1.2200051198948050            +-    6.6622770520757921E-004
  Kqq2     =    5.7975163852187275E-002       +-   -4.3666472669357437E-004
  Kgq2     =   -2.0819426289606997E-002       +-   -1.9004572929368660E-004
  Kqqs     =    1.3534299275951614E-003       +-   -4.8221737676318328E-006
  Kgg      =    1.8102215359088822E-004       +-   -1.7452783613658431E-006
  K_nnlo   =    1.2586953095385713            +-    8.1895000903822225E-004
  sig_LO   = ( -0.21173918977934750            +-    2.5843372030514292E-004 ) fb
  sig_NLO  = ( -0.25832289561318172            +-    2.9442783378365078E-004 ) fb
  sig_NNLO = ( -0.26651512502076213            +-    3.1121836320033563E-004 ) fb

  pp ---> HHW+ + X
  ===============

  PDFSET = PDF4LHC21_40                                NSET =  15
  Sqrt(S)  = 14.0 TeV
  LOOP     = 3
  alphaS(MZ) =   0.11800
          kl =   1.00000
          kv =   1.00000
         k2v =   1.00000
         kth =   1.00000
         kbh =   1.00000
        cHsq =   0.00000
       chdup =   0.00000
         cHw =   0.00000
          cH =   0.00000
         cHb =   0.00000
        cHwb =   0.00000
      cHq1st =   0.00000
      cHq3st =  -0.02000
      cHq1rd =   0.00000
      cHq3rd =   0.00000
       cHdst =   0.00000
       cHust =   0.00000
       cHdrd =   0.00000
       cHurd =   0.00000
         cth =   0.00000
         cbh =   0.00000
 --------------

  mH       = 125.0000      GeV
  fact_scale 1.0
  ren_scale  1.0
  Kqq      =   0.26234422402332253            +-   -6.3691125135504440E-004
  Kgq      =   -4.2453181873943577E-002       +-   -1.8998361826387932E-004
  K_nlo    =    1.2198910421493789            +-    6.6464254852611115E-004
  Kqq2     =    5.7881764945082806E-002       +-   -4.3590846025408142E-004
  Kgq2     =   -2.0737403769212088E-002       +-   -1.8939838748584226E-004
  Kqqs     =    1.3481011978816986E-003       +-   -4.8130994921017651E-006
  Kgg      =    1.7986025981760230E-004       +-   -1.7348219012904294E-006
  K_nnlo   =    1.2585633647829491            +-    8.1710698672105085E-004
  sig_LO   = ( -0.21184816105105236            +-    2.5875077619836516E-004 ) fb
  sig_NLO  = ( -0.25843167396199773            +-    2.9458026740100484E-004 ) fb
  sig_NNLO = ( -0.26662433439549255            +-    3.1131411571610053E-004 ) fb

  pp ---> HHW+ + X
  ===============

  PDFSET = PDF4LHC21_40                                NSET =  16
  Sqrt(S)  = 14.0 TeV
  LOOP     = 3
  alphaS(MZ) =   0.11800
          kl =   1.00000
          kv =   1.00000
         k2v =   1.00000
         kth =   1.00000
         kbh =   1.00000
        cHsq =   0.00000
       chdup =   0.00000
         cHw =   0.00000
          cH =   0.00000
         cHb =   0.00000
        cHwb =   0.00000
      cHq1st =   0.00000
      cHq3st =  -0.02000
      cHq1rd =   0.00000
      cHq3rd =   0.00000
       cHdst =   0.00000
       cHust =   0.00000
       cHdrd =   0.00000
       cHurd =   0.00000
         cth =   0.00000
         cbh =   0.00000
 --------------

  mH       = 125.0000      GeV
  fact_scale 1.0
  ren_scale  1.0
  Kqq      =   0.26222858043623953            +-   -6.3617217736088656E-004
  Kgq      =   -4.2595474020041352E-002       +-   -1.9002176866275637E-004
  K_nlo    =    1.2196331064161980            +-    6.6394526266388358E-004
  Kqq2     =    5.7823574192787164E-002       +-   -4.3555400610879614E-004
  Kgq2     =   -2.0801808106116568E-002       +-   -1.8963991989802425E-004
  Kqqs     =    1.3411470853899054E-003       +-   -4.7863025060622059E-006
  Kgg      =    1.8356177223681055E-004       +-   -1.7472644834757998E-006
  K_nnlo   =    1.2581795813604952            +-    8.1640667861980314E-004
  sig_LO   = ( -0.21317176542039057            +-    2.6179631182851804E-004 ) fb
  sig_NLO  = ( -0.25999134245989602            +-    2.9760593186341434E-004 ) fb
  sig_NNLO = ( -0.26820836257450476            +-    3.1436513632973612E-004 ) fb

  pp ---> HHW+ + X
  ===============

  PDFSET = PDF4LHC21_40                                NSET =  17
  Sqrt(S)  = 14.0 TeV
  LOOP     = 3
  alphaS(MZ) =   0.11800
          kl =   1.00000
          kv =   1.00000
         k2v =   1.00000
         kth =   1.00000
         kbh =   1.00000
        cHsq =   0.00000
       chdup =   0.00000
         cHw =   0.00000
          cH =   0.00000
         cHb =   0.00000
        cHwb =   0.00000
      cHq1st =   0.00000
      cHq3st =  -0.02000
      cHq1rd =   0.00000
      cHq3rd =   0.00000
       cHdst =   0.00000
       cHust =   0.00000
       cHdrd =   0.00000
       cHurd =   0.00000
         cth =   0.00000
         cbh =   0.00000
 --------------

  mH       = 125.0000      GeV
  fact_scale 1.0
  ren_scale  1.0
  Kqq      =   0.26260308983709374            +-   -6.4024044683060435E-004
  Kgq      =   -4.2680296456737189E-002       +-   -1.9060941939597341E-004
  K_nlo    =    1.2199227933803565            +-    6.6801181166228039E-004
  Kqq2     =    5.7992019728888400E-002       +-   -4.3825674029100090E-004
  Kgq2     =   -2.0849151561698046E-002       +-   -1.9018429772615044E-004
  Kqqs     =    1.3533026114932326E-003       +-   -4.8271426777059508E-006
  Kgg      =    1.8204720374261863E-004       +-   -1.7491348381712631E-006
  K_nnlo   =    1.2586010113627826            +-    8.2128264246331042E-004
  sig_LO   = ( -0.21155510835145233            +-    2.5788030036331760E-004 ) fb
  sig_NLO  = ( -0.25808089873398776            +-    2.9406455467074929E-004 ) fb
  sig_NNLO = ( -0.26626347333010103            +-    3.1095033192802060E-004 ) fb

  pp ---> HHW+ + X
  ===============

  PDFSET = PDF4LHC21_40                                NSET =  18
  Sqrt(S)  = 14.0 TeV
  LOOP     = 3
  alphaS(MZ) =   0.11800
          kl =   1.00000
          kv =   1.00000
         k2v =   1.00000
         kth =   1.00000
         kbh =   1.00000
        cHsq =   0.00000
       chdup =   0.00000
         cHw =   0.00000
          cH =   0.00000
         cHb =   0.00000
        cHwb =   0.00000
      cHq1st =   0.00000
      cHq3st =  -0.02000
      cHq1rd =   0.00000
      cHq3rd =   0.00000
       cHdst =   0.00000
       cHust =   0.00000
       cHdrd =   0.00000
       cHurd =   0.00000
         cth =   0.00000
         cbh =   0.00000
 --------------

  mH       = 125.0000      GeV
  fact_scale 1.0
  ren_scale  1.0
  Kqq      =   0.26228723064655429            +-   -6.3552822565303695E-004
  Kgq      =   -4.2297398743416849E-002       +-   -1.8912607212302838E-004
  K_nlo    =    1.2199898319031375            +-    6.6307224098010795E-004
  Kqq2     =    5.7863364062090084E-002       +-   -4.3493007377527044E-004
  Kgq2     =   -2.0667368600649796E-002       +-   -1.8858608090442552E-004
  Kqqs     =    1.3458380910909222E-003       +-   -4.7994667772445702E-006
  Kgg      =    1.7866393207961810E-004       +-   -1.7266303834862004E-006
  K_nnlo   =    1.2587103293877482            +-    8.1511943411825371E-004
  sig_LO   = ( -0.21343984924502407            +-    2.6097527277039366E-004 ) fb
  sig_NLO  = ( -0.26039444580186794            +-    2.9687996354758970E-004 ) fb
  sig_NNLO = ( -0.26865894294767562            +-    3.1365072086449950E-004 ) fb

  pp ---> HHW+ + X
  ===============

  PDFSET = PDF4LHC21_40                                NSET =  19
  Sqrt(S)  = 14.0 TeV
  LOOP     = 3
  alphaS(MZ) =   0.11800
          kl =   1.00000
          kv =   1.00000
         k2v =   1.00000
         kth =   1.00000
         kbh =   1.00000
        cHsq =   0.00000
       chdup =   0.00000
         cHw =   0.00000
          cH =   0.00000
         cHb =   0.00000
        cHwb =   0.00000
      cHq1st =   0.00000
      cHq3st =  -0.02000
      cHq1rd =   0.00000
      cHq3rd =   0.00000
       cHdst =   0.00000
       cHust =   0.00000
       cHdrd =   0.00000
       cHurd =   0.00000
         cth =   0.00000
         cbh =   0.00000
 --------------

  mH       = 125.0000      GeV
  fact_scale 1.0
  ren_scale  1.0
  Kqq      =   0.26298449178507100            +-   -6.4198008493033382E-004
  Kgq      =   -4.3411178717745948E-002       +-   -1.9370032391600669E-004
  K_nlo    =    1.2195733130673250            +-    6.7056561568002023E-004
  Kqq2     =    5.8109574199371093E-002       +-   -4.3898312353439305E-004
  Kgq2     =   -2.1201449444588450E-002       +-   -1.9335375717109511E-004
  Kqqs     =    1.3690312923059752E-003       +-   -4.8855992776741350E-006
  Kgg      =    1.8711199393575863E-004       +-   -1.7833333958546629E-006
  K_nnlo   =    1.2580375811083495            +-    8.2448599287727033E-004
  sig_LO   = ( -0.20861435804700526            +-    2.5401420949006391E-004 ) fb
  sig_NLO  = ( -0.25442050379679937            +-    2.8998676371825568E-004 ) fb
  sig_NNLO = ( -0.26244470238192563            +-    3.0676878356388588E-004 ) fb

  pp ---> HHW+ + X
  ===============

  PDFSET = PDF4LHC21_40                                NSET =  20
  Sqrt(S)  = 14.0 TeV
  LOOP     = 3
  alphaS(MZ) =   0.11800
          kl =   1.00000
          kv =   1.00000
         k2v =   1.00000
         kth =   1.00000
         kbh =   1.00000
        cHsq =   0.00000
       chdup =   0.00000
         cHw =   0.00000
          cH =   0.00000
         cHb =   0.00000
        cHwb =   0.00000
      cHq1st =   0.00000
      cHq3st =  -0.02000
      cHq1rd =   0.00000
      cHq3rd =   0.00000
       cHdst =   0.00000
       cHust =   0.00000
       cHdrd =   0.00000
       cHurd =   0.00000
         cth =   0.00000
         cbh =   0.00000
 --------------

  mH       = 125.0000      GeV
  fact_scale 1.0
  ren_scale  1.0
  Kqq      =   0.26220470715357280            +-   -6.3593613850955726E-004
  Kgq      =   -4.2486026646272754E-002       +-   -1.8972760962232649E-004
  K_nlo    =    1.2197186805072999            +-    6.6363494341049336E-004
  Kqq2     =    5.7823914705787967E-002       +-   -4.3556367510062002E-004
  Kgq2     =   -2.0752202420020866E-002       +-   -1.8928389779491886E-004
  Kqqs     =    1.3458268072759258E-003       +-   -4.8008536533623416E-006
  Kgg      =    1.8243014718384253E-004       +-   -1.7446963909281590E-006
  K_nnlo   =    1.2583186497475267            +-    8.1607691997038015E-004
  sig_LO   = ( -0.21303544237669966            +-    2.6111623930204789E-004 ) fb
  sig_NLO  = ( -0.25984330867699706            +-    2.9693326271923416E-004 ) fb
  sig_NNLO = ( -0.26806647019981583            +-    3.1369836309953086E-004 ) fb

  pp ---> HHW+ + X
  ===============

  PDFSET = PDF4LHC21_40                                NSET =  21
  Sqrt(S)  = 14.0 TeV
  LOOP     = 3
  alphaS(MZ) =   0.11800
          kl =   1.00000
          kv =   1.00000
         k2v =   1.00000
         kth =   1.00000
         kbh =   1.00000
        cHsq =   0.00000
       chdup =   0.00000
         cHw =   0.00000
          cH =   0.00000
         cHb =   0.00000
        cHwb =   0.00000
      cHq1st =   0.00000
      cHq3st =  -0.02000
      cHq1rd =   0.00000
      cHq3rd =   0.00000
       cHdst =   0.00000
       cHust =   0.00000
       cHdrd =   0.00000
       cHurd =   0.00000
         cth =   0.00000
         cbh =   0.00000
 --------------

  mH       = 125.0000      GeV
  fact_scale 1.0
  ren_scale  1.0
  Kqq      =   0.26213350655961415            +-   -6.3933097091227876E-004
  Kgq      =   -4.3054271087195006E-002       +-   -1.9221181610637166E-004
  K_nlo    =    1.2190792354724191            +-    6.6759978476520394E-004
  Kqq2     =    5.7812178340662483E-002       +-   -4.3724700529691269E-004
  Kgq2     =   -2.1029555394150780E-002       +-   -1.9181595791654266E-004
  Kqqs     =    1.3616918396552398E-003       +-   -4.8590045652269167E-006
  Kgg      =    1.8432353017434620E-004       +-   -1.7664656977996649E-006
  K_nnlo   =    1.2574078737887604            +-    8.2078895478529209E-004
  sig_LO   = ( -0.20998900949552479            +-    2.5667959055382866E-004 ) fb
  sig_NLO  = ( -0.25599324115341493            +-    2.9246753784872295E-004 ) fb
  sig_NNLO = ( -0.26404183394877562            +-    3.0917831476726365E-004 ) fb

  pp ---> HHW+ + X
  ===============

  PDFSET = PDF4LHC21_40                                NSET =  22
  Sqrt(S)  = 14.0 TeV
  LOOP     = 3
  alphaS(MZ) =   0.11800
          kl =   1.00000
          kv =   1.00000
         k2v =   1.00000
         kth =   1.00000
         kbh =   1.00000
        cHsq =   0.00000
       chdup =   0.00000
         cHw =   0.00000
          cH =   0.00000
         cHb =   0.00000
        cHwb =   0.00000
      cHq1st =   0.00000
      cHq3st =  -0.02000
      cHq1rd =   0.00000
      cHq3rd =   0.00000
       cHdst =   0.00000
       cHust =   0.00000
       cHdrd =   0.00000
       cHurd =   0.00000
         cth =   0.00000
         cbh =   0.00000
 --------------

  mH       = 125.0000      GeV
  fact_scale 1.0
  ren_scale  1.0
  Kqq      =   0.26238622081716972            +-   -6.3766620099129148E-004
  Kgq      =   -4.2918421125939965E-002       +-   -1.9145164682117429E-004
  K_nlo    =    1.2194677996912298            +-    6.6578669028241003E-004
  Kqq2     =    5.7891518057970215E-002       +-   -4.3629811798174628E-004
  Kgq2     =   -2.0956565857257123E-002       +-   -1.9121919375677019E-004
  Kqqs     =    1.3522313152196425E-003       +-   -4.8238646383569799E-006
  Kgg      =    1.8700032773770437E-004       +-   -1.7696820977036690E-006
  K_nnlo   =    1.2579419835349004            +-    8.1866913110082817E-004
  sig_LO   = ( -0.21125763201014250            +-    2.5846468905041094E-004 ) fb
  sig_NLO  = ( -0.25762187967538797            +-    2.9425690605216364E-004 ) fb
  sig_NNLO = ( -0.26574984464772466            +-    3.1099153248962330E-004 ) fb

  pp ---> HHW+ + X
  ===============

  PDFSET = PDF4LHC21_40                                NSET =  23
  Sqrt(S)  = 14.0 TeV
  LOOP     = 3
  alphaS(MZ) =   0.11800
          kl =   1.00000
          kv =   1.00000
         k2v =   1.00000
         kth =   1.00000
         kbh =   1.00000
        cHsq =   0.00000
       chdup =   0.00000
         cHw =   0.00000
          cH =   0.00000
         cHb =   0.00000
        cHwb =   0.00000
      cHq1st =   0.00000
      cHq3st =  -0.02000
      cHq1rd =   0.00000
      cHq3rd =   0.00000
       cHdst =   0.00000
       cHust =   0.00000
       cHdrd =   0.00000
       cHurd =   0.00000
         cth =   0.00000
         cbh =   0.00000
 --------------

  mH       = 125.0000      GeV
  fact_scale 1.0
  ren_scale  1.0
  Kqq      =   0.26241475648469781            +-   -6.3801568706618750E-004
  Kgq      =   -4.2751497817026175E-002       +-   -1.9081379543019281E-004
  K_nlo    =    1.2196632586676714            +-    6.6593837663031161E-004
  Kqq2     =    5.7901035296529305E-002       +-   -4.3640378602804623E-004
  Kgq2     =   -2.0880379974317725E-002       +-   -1.9041073291225144E-004
  Kqqs     =    1.3531808043926495E-003       +-   -4.8271200611818890E-006
  Kgg      =    1.8342143193274843E-004       +-   -1.7535388908469318E-006
  K_nnlo   =    1.2582205162262083            +-    8.1866037471196515E-004
  sig_LO   = ( -0.21158170237470192            +-    2.5876500211344234E-004 ) fb
  sig_NLO  = ( -0.25805842859278239            +-    2.9463917273129587E-004 ) fb
  sig_NNLO = ( -0.26621643878591750            +-    3.1138763978958523E-004 ) fb

  pp ---> HHW+ + X
  ===============

  PDFSET = PDF4LHC21_40                                NSET =  24
  Sqrt(S)  = 14.0 TeV
  LOOP     = 3
  alphaS(MZ) =   0.11800
          kl =   1.00000
          kv =   1.00000
         k2v =   1.00000
         kth =   1.00000
         kbh =   1.00000
        cHsq =   0.00000
       chdup =   0.00000
         cHw =   0.00000
          cH =   0.00000
         cHb =   0.00000
        cHwb =   0.00000
      cHq1st =   0.00000
      cHq3st =  -0.02000
      cHq1rd =   0.00000
      cHq3rd =   0.00000
       cHdst =   0.00000
       cHust =   0.00000
       cHdrd =   0.00000
       cHurd =   0.00000
         cth =   0.00000
         cbh =   0.00000
 --------------

  mH       = 125.0000      GeV
  fact_scale 1.0
  ren_scale  1.0
  Kqq      =   0.26182038557424053            +-   -6.3648793569589027E-004
  Kgq      =   -4.2279077257379935E-002       +-   -1.8873614639845201E-004
  K_nlo    =    1.2195413083168605            +-    6.6388118307702745E-004
  Kqq2     =    5.7666219392864954E-002       +-   -4.3540796886198572E-004
  Kgq2     =   -2.0650970874071157E-002       +-   -1.8831269447466822E-004
  Kqqs     =    1.3397358836430740E-003       +-   -4.7837685367173175E-006
  Kgg      =    1.8171224453228057E-004       +-   -1.7371284786575606E-006
  K_nnlo   =    1.2580780049638296            +-    8.1596929939143400E-004
  sig_LO   = ( -0.21383331745950415            +-    2.6541696275276150E-004 ) fb
  sig_NLO  = ( -0.26077856373629832            +-    3.0099631526667452E-004 ) fb
  sig_NNLO = ( -0.26901899342425029            +-    3.1763175348458535E-004 ) fb

  pp ---> HHW+ + X
  ===============

  PDFSET = PDF4LHC21_40                                NSET =  25
  Sqrt(S)  = 14.0 TeV
  LOOP     = 3
  alphaS(MZ) =   0.11800
          kl =   1.00000
          kv =   1.00000
         k2v =   1.00000
         kth =   1.00000
         kbh =   1.00000
        cHsq =   0.00000
       chdup =   0.00000
         cHw =   0.00000
          cH =   0.00000
         cHb =   0.00000
        cHwb =   0.00000
      cHq1st =   0.00000
      cHq3st =  -0.02000
      cHq1rd =   0.00000
      cHq3rd =   0.00000
       cHdst =   0.00000
       cHust =   0.00000
       cHdrd =   0.00000
       cHurd =   0.00000
         cth =   0.00000
         cbh =   0.00000
 --------------

  mH       = 125.0000      GeV
  fact_scale 1.0
  ren_scale  1.0
  Kqq      =   0.26221712603504882            +-   -6.3660011472303681E-004
  Kgq      =   -4.2693613086593515E-002       +-   -1.9055215349171874E-004
  K_nlo    =    1.2195235129484552            +-    6.6450720783578802E-004
  Kqq2     =    5.7830179262074045E-002       +-   -4.3562816466611654E-004
  Kgq2     =   -2.0849470518917276E-002       +-   -1.9011946838721206E-004
  Kqqs     =    1.3464701318892944E-003       +-   -4.8069758289745392E-006
  Kgg      =    1.8477498727924679E-004       +-   -1.7600814806222396E-006
  K_nnlo   =    1.2580354668107805            +-    8.1701489844393852E-004
  sig_LO   = ( -0.21178682893593623            +-    2.5937487695592193E-004 ) fb
  sig_NLO  = ( -0.25827901762016653            +-    2.9509549333427165E-004 ) fb
  sig_NNLO = ( -0.26643534220479553            +-    3.1179439378154280E-004 ) fb

  pp ---> HHW+ + X
  ===============

  PDFSET = PDF4LHC21_40                                NSET =  26
  Sqrt(S)  = 14.0 TeV
  LOOP     = 3
  alphaS(MZ) =   0.11800
          kl =   1.00000
          kv =   1.00000
         k2v =   1.00000
         kth =   1.00000
         kbh =   1.00000
        cHsq =   0.00000
       chdup =   0.00000
         cHw =   0.00000
          cH =   0.00000
         cHb =   0.00000
        cHwb =   0.00000
      cHq1st =   0.00000
      cHq3st =  -0.02000
      cHq1rd =   0.00000
      cHq3rd =   0.00000
       cHdst =   0.00000
       cHust =   0.00000
       cHdrd =   0.00000
       cHurd =   0.00000
         cth =   0.00000
         cbh =   0.00000
 --------------

  mH       = 125.0000      GeV
  fact_scale 1.0
  ren_scale  1.0
  Kqq      =   0.26215036222246635            +-   -6.3485923315467687E-004
  Kgq      =   -4.2503110683882947E-002       +-   -1.8979982758189271E-004
  K_nlo    =    1.2196472515385834            +-    6.6262373974365011E-004
  Kqq2     =    5.7815519788117532E-002       +-   -4.3450198778362432E-004
  Kgq2     =   -2.0760075448421851E-002       +-   -1.8940181706271527E-004
  Kqqs     =    1.3479072392938234E-003       +-   -4.7930542520776225E-006
  Kgg      =    1.8214196005040176E-004       +-   -1.7417290773436617E-006
  K_nnlo   =    1.2582327450776236            +-    8.1471544305707240E-004
  sig_LO   = ( -0.21271966423879723            +-    2.6027687743544693E-004 ) fb
  sig_NLO  = ( -0.25944295383705929            +-    2.9599295459158928E-004 ) fb
  sig_NNLO = ( -0.26765084706717213            +-    3.1269637190547024E-004 ) fb

  pp ---> HHW+ + X
  ===============

  PDFSET = PDF4LHC21_40                                NSET =  27
  Sqrt(S)  = 14.0 TeV
  LOOP     = 3
  alphaS(MZ) =   0.11800
          kl =   1.00000
          kv =   1.00000
         k2v =   1.00000
         kth =   1.00000
         kbh =   1.00000
        cHsq =   0.00000
       chdup =   0.00000
         cHw =   0.00000
          cH =   0.00000
         cHb =   0.00000
        cHwb =   0.00000
      cHq1st =   0.00000
      cHq3st =  -0.02000
      cHq1rd =   0.00000
      cHq3rd =   0.00000
       cHdst =   0.00000
       cHust =   0.00000
       cHdrd =   0.00000
       cHurd =   0.00000
         cth =   0.00000
         cbh =   0.00000
 --------------

  mH       = 125.0000      GeV
  fact_scale 1.0
  ren_scale  1.0
  Kqq      =   0.26240471091916195            +-   -6.3845236695769065E-004
  Kgq      =   -4.2744305972731239E-002       +-   -1.9087868093340451E-004
  K_nlo    =    1.2196604049464306            +-    6.6637534146211778E-004
  Kqq2     =    5.7890877748509206E-002       +-   -4.3709445984980522E-004
  Kgq2     =   -2.0878952298813449E-002       +-   -1.9046109676997423E-004
  Kqqs     =    1.3514290463965408E-003       +-   -4.8235974644521970E-006
  Kgg      =    1.8290247476147593E-004       +-   -1.7525097182063720E-006
  K_nnlo   =    1.2582066619172843            +-    8.1939577147174738E-004
  sig_LO   = ( -0.21172594713440007            +-    2.5950713358921865E-004 ) fb
  sig_NLO  = ( -0.25823375441960900            +-    2.9538118471823680E-004 ) fb
  sig_NNLO = ( -0.26639499718524895            +-    3.1215670989731352E-004 ) fb

  pp ---> HHW+ + X
  ===============

  PDFSET = PDF4LHC21_40                                NSET =  28
  Sqrt(S)  = 14.0 TeV
  LOOP     = 3
  alphaS(MZ) =   0.11800
          kl =   1.00000
          kv =   1.00000
         k2v =   1.00000
         kth =   1.00000
         kbh =   1.00000
        cHsq =   0.00000
       chdup =   0.00000
         cHw =   0.00000
          cH =   0.00000
         cHb =   0.00000
        cHwb =   0.00000
      cHq1st =   0.00000
      cHq3st =  -0.02000
      cHq1rd =   0.00000
      cHq3rd =   0.00000
       cHdst =   0.00000
       cHust =   0.00000
       cHdrd =   0.00000
       cHurd =   0.00000
         cth =   0.00000
         cbh =   0.00000
 --------------

  mH       = 125.0000      GeV
  fact_scale 1.0
  ren_scale  1.0
  Kqq      =   0.26230553873557322            +-   -6.3740808818623729E-004
  Kgq      =   -4.2471549502579489E-002       +-   -1.8975232212576720E-004
  K_nlo    =    1.2198339892329937            +-    6.6505264050100202E-004
  Kqq2     =    5.7857520584036932E-002       +-   -4.3643258974364129E-004
  Kgq2     =   -2.0747549410583467E-002       +-   -1.8927963730423615E-004
  Kqqs     =    1.3502650585649550E-003       +-   -4.8202780231383059E-006
  Kgg      =    1.8084930441842077E-004       +-   -1.7396099727908397E-006
  K_nnlo   =    1.2584750747694307            +-    8.1769276776109349E-004
  sig_LO   = ( -0.21226696986316823            +-    2.6008460121810162E-004 ) fb
  sig_NLO  = ( -0.25893046463058816            +-    2.9592668709438157E-004 ) fb
  sig_NNLO = ( -0.26713269076963114            +-    3.1268235512823276E-004 ) fb

  pp ---> HHW+ + X
  ===============

  PDFSET = PDF4LHC21_40                                NSET =  29
  Sqrt(S)  = 14.0 TeV
  LOOP     = 3
  alphaS(MZ) =   0.11800
          kl =   1.00000
          kv =   1.00000
         k2v =   1.00000
         kth =   1.00000
         kbh =   1.00000
        cHsq =   0.00000
       chdup =   0.00000
         cHw =   0.00000
          cH =   0.00000
         cHb =   0.00000
        cHwb =   0.00000
      cHq1st =   0.00000
      cHq3st =  -0.02000
      cHq1rd =   0.00000
      cHq3rd =   0.00000
       cHdst =   0.00000
       cHust =   0.00000
       cHdrd =   0.00000
       cHurd =   0.00000
         cth =   0.00000
         cbh =   0.00000
 --------------

  mH       = 125.0000      GeV
  fact_scale 1.0
  ren_scale  1.0
  Kqq      =   0.26228692941429749            +-   -6.3687424356150533E-004
  Kgq      =   -4.2523838124787099E-002       +-   -1.8988003282641435E-004
  K_nlo    =    1.2197630912895105            +-    6.6457748154613225E-004
  Kqq2     =    5.7856568621866160E-002       +-   -4.3600279492120309E-004
  Kgq2     =   -2.0771061251360551E-002       +-   -1.8943872311646224E-004
  Kqqs     =    1.3501193520662328E-003       +-   -4.8155685765820612E-006
  Kgg      =    1.8174146198413651E-004       +-   -1.7412256739638627E-006
  K_nnlo   =    1.2583804594740666            +-    8.1711377270295691E-004
  sig_LO   = ( -0.21253114733990847            +-    2.6018839743597281E-004 ) fb
  sig_NLO  = ( -0.25923764927463316            +-    2.9605354978801444E-004 ) fb
  sig_NNLO = ( -0.26744504284214449            +-    3.1282029462574140E-004 ) fb

  pp ---> HHW+ + X
  ===============

  PDFSET = PDF4LHC21_40                                NSET =  30
  Sqrt(S)  = 14.0 TeV
  LOOP     = 3
  alphaS(MZ) =   0.11800
          kl =   1.00000
          kv =   1.00000
         k2v =   1.00000
         kth =   1.00000
         kbh =   1.00000
        cHsq =   0.00000
       chdup =   0.00000
         cHw =   0.00000
          cH =   0.00000
         cHb =   0.00000
        cHwb =   0.00000
      cHq1st =   0.00000
      cHq3st =  -0.02000
      cHq1rd =   0.00000
      cHq3rd =   0.00000
       cHdst =   0.00000
       cHust =   0.00000
       cHdrd =   0.00000
       cHurd =   0.00000
         cth =   0.00000
         cbh =   0.00000
 --------------

  mH       = 125.0000      GeV
  fact_scale 1.0
  ren_scale  1.0
  Kqq      =   0.26229654872218505            +-   -6.3592736499517037E-004
  Kgq      =   -4.2510870075984336E-002       +-   -1.8998905995722649E-004
  K_nlo    =    1.2197856786462007            +-    6.6370133076040403E-004
  Kqq2     =    5.7864534124388703E-002       +-   -4.3539007011412947E-004
  Kgq2     =   -2.0772977214472084E-002       +-   -1.8951127678346519E-004
  Kqqs     =    1.3461557227151535E-003       +-   -4.8044129268284141E-006
  Kgg      =    1.7964653224813960E-004       +-   -1.7421945019411299E-006
  K_nnlo   =    1.2584030378110806            +-    8.1609105574100677E-004
  sig_LO   = ( -0.21240792642165221            +-    2.5979031473537159E-004 ) fb
  sig_NLO  = ( -0.25909214668006736            +-    2.9557584076105042E-004 ) fb
  sig_NNLO = ( -0.26729477986415967            +-    3.1231269970467346E-004 ) fb

  pp ---> HHW+ + X
  ===============

  PDFSET = PDF4LHC21_40                                NSET =  31
  Sqrt(S)  = 14.0 TeV
  LOOP     = 3
  alphaS(MZ) =   0.11800
          kl =   1.00000
          kv =   1.00000
         k2v =   1.00000
         kth =   1.00000
         kbh =   1.00000
        cHsq =   0.00000
       chdup =   0.00000
         cHw =   0.00000
          cH =   0.00000
         cHb =   0.00000
        cHwb =   0.00000
      cHq1st =   0.00000
      cHq3st =  -0.02000
      cHq1rd =   0.00000
      cHq3rd =   0.00000
       cHdst =   0.00000
       cHust =   0.00000
       cHdrd =   0.00000
       cHurd =   0.00000
         cth =   0.00000
         cbh =   0.00000
 --------------

  mH       = 125.0000      GeV
  fact_scale 1.0
  ren_scale  1.0
  Kqq      =   0.26271300427333244            +-   -6.4311579667717430E-004
  Kgq      =   -4.2740697927353834E-002       +-   -1.9127864685362483E-004
  K_nlo    =    1.2199723063459786            +-    6.7095860429528019E-004
  Kqq2     =    5.7979325811057664E-002       +-   -4.3888074361512152E-004
  Kgq2     =   -2.0881594652061797E-002       +-   -1.9078743671851873E-004
  Kqqs     =    1.3528250396584226E-003       +-   -4.8419435493523654E-006
  Kgg      =    1.8157249298204989E-004       +-   -1.7529114253370395E-006
  K_nnlo   =    1.2586044350376151            +-    8.2415297058219435E-004
  sig_LO   = ( -0.21067000286296964            +-    2.6042369876259870E-004 ) fb
  sig_NLO  = ( -0.25701156927065100            +-    2.9631160284478234E-004 ) fb
  sig_NNLO = ( -0.26515019993272060            +-    3.1299505337792322E-004 ) fb

  pp ---> HHW+ + X
  ===============

  PDFSET = PDF4LHC21_40                                NSET =  32
  Sqrt(S)  = 14.0 TeV
  LOOP     = 3
  alphaS(MZ) =   0.11800
          kl =   1.00000
          kv =   1.00000
         k2v =   1.00000
         kth =   1.00000
         kbh =   1.00000
        cHsq =   0.00000
       chdup =   0.00000
         cHw =   0.00000
          cH =   0.00000
         cHb =   0.00000
        cHwb =   0.00000
      cHq1st =   0.00000
      cHq3st =  -0.02000
      cHq1rd =   0.00000
      cHq3rd =   0.00000
       cHdst =   0.00000
       cHust =   0.00000
       cHdrd =   0.00000
       cHurd =   0.00000
         cth =   0.00000
         cbh =   0.00000
 --------------

  mH       = 125.0000      GeV
  fact_scale 1.0
  ren_scale  1.0
  Kqq      =   0.26230147996324232            +-   -6.3705099686675191E-004
  Kgq      =   -4.2660774211407973E-002       +-   -1.9037382488966797E-004
  K_nlo    =    1.2196407057518344            +-    6.6488808517828346E-004
  Kqq2     =    5.7855773467717815E-002       +-   -4.3623072740413157E-004
  Kgq2     =   -2.0835611339686151E-002       +-   -1.8997561803701986E-004
  Kqqs     =    1.3505570832338886E-003       +-   -4.8189170908165487E-006
  Kgg      =    1.8263746660655546E-004       +-   -1.7480590306433311E-006
  K_nnlo   =    1.2581940624297066            +-    8.1761263839573353E-004
  sig_LO   = ( -0.21227657522961546            +-    2.6006653444763804E-004 ) fb
  sig_NLO  = ( -0.25890115202763053            +-    2.9589719277885808E-004 ) fb
  sig_NNLO = ( -0.26708512654681510            +-    3.1266224535231015E-004 ) fb

  pp ---> HHW+ + X
  ===============

  PDFSET = PDF4LHC21_40                                NSET =  33
  Sqrt(S)  = 14.0 TeV
  LOOP     = 3
  alphaS(MZ) =   0.11800
          kl =   1.00000
          kv =   1.00000
         k2v =   1.00000
         kth =   1.00000
         kbh =   1.00000
        cHsq =   0.00000
       chdup =   0.00000
         cHw =   0.00000
          cH =   0.00000
         cHb =   0.00000
        cHwb =   0.00000
      cHq1st =   0.00000
      cHq3st =  -0.02000
      cHq1rd =   0.00000
      cHq3rd =   0.00000
       cHdst =   0.00000
       cHust =   0.00000
       cHdrd =   0.00000
       cHurd =   0.00000
         cth =   0.00000
         cbh =   0.00000
 --------------

  mH       = 125.0000      GeV
  fact_scale 1.0
  ren_scale  1.0
  Kqq      =   0.26224023496471227            +-   -6.3598337258892522E-004
  Kgq      =   -4.2560802520012798E-002       +-   -1.9005102325174222E-004
  K_nlo    =    1.2196794324446996            +-    6.6377273343262450E-004
  Kqq2     =    5.7842279830339821E-002       +-   -4.3538790759418028E-004
  Kgq2     =   -2.0788731246992005E-002       +-   -1.8962345361099413E-004
  Kqqs     =    1.3480105021991084E-003       +-   -4.8082393647152440E-006
  Kgg      =    1.8209071958279262E-004       +-   -1.7458656467597578E-006
  K_nnlo   =    1.2582630822498291            +-    8.1617405809046768E-004
  sig_LO   = ( -0.21226163072924489            +-    2.5975721301574095E-004 ) fb
  sig_NLO  = ( -0.25889114529763180            +-    2.9550767032048583E-004 ) fb
  sig_NNLO = ( -0.26708097372475476            +-    3.1222868466602294E-004 ) fb

  pp ---> HHW+ + X
  ===============

  PDFSET = PDF4LHC21_40                                NSET =  34
  Sqrt(S)  = 14.0 TeV
  LOOP     = 3
  alphaS(MZ) =   0.11800
          kl =   1.00000
          kv =   1.00000
         k2v =   1.00000
         kth =   1.00000
         kbh =   1.00000
        cHsq =   0.00000
       chdup =   0.00000
         cHw =   0.00000
          cH =   0.00000
         cHb =   0.00000
        cHwb =   0.00000
      cHq1st =   0.00000
      cHq3st =  -0.02000
      cHq1rd =   0.00000
      cHq3rd =   0.00000
       cHdst =   0.00000
       cHust =   0.00000
       cHdrd =   0.00000
       cHurd =   0.00000
         cth =   0.00000
         cbh =   0.00000
 --------------

  mH       = 125.0000      GeV
  fact_scale 1.0
  ren_scale  1.0
  Kqq      =   0.26169817481730068            +-   -6.2995936048096976E-004
  Kgq      =   -4.2478012830462167E-002       +-   -1.8930028154753487E-004
  K_nlo    =    1.2192201619868384            +-    6.5778673781976508E-004
  Kqq2     =    5.7733891392206062E-002       +-   -4.2427518998782842E-004
  Kgq2     =   -2.0740243573274454E-002       +-   -1.8898457304389240E-004
  Kqqs     =    1.3427203402151294E-003       +-   -4.7748192039568795E-006
  Kgg      =    1.8402430726097713E-004       +-   -1.7415863351123869E-006
  K_nnlo   =    1.2577405544532463            +-    8.0525389173896676E-004
  sig_LO   = ( -0.21415547591839315            +-    2.6022444748547265E-004 ) fb
  sig_NLO  = ( -0.26110267403959175            +-    2.9590663142256313E-004 ) fb
  sig_NNLO = ( -0.26935202702079858            +-    3.1217880070781443E-004 ) fb

  pp ---> HHW+ + X
  ===============

  PDFSET = PDF4LHC21_40                                NSET =  35
  Sqrt(S)  = 14.0 TeV
  LOOP     = 3
  alphaS(MZ) =   0.11800
          kl =   1.00000
          kv =   1.00000
         k2v =   1.00000
         kth =   1.00000
         kbh =   1.00000
        cHsq =   0.00000
       chdup =   0.00000
         cHw =   0.00000
          cH =   0.00000
         cHb =   0.00000
        cHwb =   0.00000
      cHq1st =   0.00000
      cHq3st =  -0.02000
      cHq1rd =   0.00000
      cHq3rd =   0.00000
       cHdst =   0.00000
       cHust =   0.00000
       cHdrd =   0.00000
       cHurd =   0.00000
         cth =   0.00000
         cbh =   0.00000
 --------------

  mH       = 125.0000      GeV
  fact_scale 1.0
  ren_scale  1.0
  Kqq      =   0.26231639022292863            +-   -6.3705491648871431E-004
  Kgq      =   -4.2580662625843223E-002       +-   -1.9004509773886007E-004
  K_nlo    =    1.2197357275970855            +-    6.6479779316497105E-004
  Kqq2     =    5.7859418913762020E-002       +-   -4.3608421905643325E-004
  Kgq2     =   -2.0797702785460115E-002       +-   -1.8961575853258198E-004
  Kqqs     =    1.3472533922391640E-003       +-   -4.8054394475179194E-006
  Kgg      =    1.8264167954262396E-004       +-   -1.7462205683546158E-006
  K_nnlo   =    1.2583273387971690            +-    8.1737740935599538E-004
  sig_LO   = ( -0.21245182120809014            +-    2.6042006241113445E-004 ) fb
  sig_NLO  = ( -0.25913507672057573            +-    2.9625435160888223E-004 ) fb
  sig_NNLO = ( -0.26733393480338802            +-    3.1300812159833989E-004 ) fb

  pp ---> HHW+ + X
  ===============

  PDFSET = PDF4LHC21_40                                NSET =  36
  Sqrt(S)  = 14.0 TeV
  LOOP     = 3
  alphaS(MZ) =   0.11800
          kl =   1.00000
          kv =   1.00000
         k2v =   1.00000
         kth =   1.00000
         kbh =   1.00000
        cHsq =   0.00000
       chdup =   0.00000
         cHw =   0.00000
          cH =   0.00000
         cHb =   0.00000
        cHwb =   0.00000
      cHq1st =   0.00000
      cHq3st =  -0.02000
      cHq1rd =   0.00000
      cHq3rd =   0.00000
       cHdst =   0.00000
       cHust =   0.00000
       cHdrd =   0.00000
       cHurd =   0.00000
         cth =   0.00000
         cbh =   0.00000
 --------------

  mH       = 125.0000      GeV
  fact_scale 1.0
  ren_scale  1.0
  Kqq      =   0.26246554432641162            +-   -6.3867255536953537E-004
  Kgq      =   -4.2850888201650755E-002       +-   -1.9121762253364034E-004
  K_nlo    =    1.2196146561247609            +-    6.6668344223452108E-004
  Kqq2     =    5.7914849302383560E-002       +-   -4.3712540873553003E-004
  Kgq2     =   -2.0928849740122771E-002       +-   -1.9075951151508987E-004
  Kqqs     =    1.3517893971461805E-003       +-   -4.8206203658012687E-006
  Kgg      =    1.8397271224093598E-004       +-   -1.7644365841787673E-006
  K_nnlo   =    1.2581364177964089            +-    8.1973225992547144E-004
  sig_LO   = ( -0.21140385949778345            +-    2.5898400573952504E-004 ) fb
  sig_NLO  = ( -0.25783124540483643            +-    2.9485020700488511E-004 ) fb
  sig_NNLO = ( -0.26597489449687661            +-    3.1161469953873330E-004 ) fb

  pp ---> HHW+ + X
  ===============

  PDFSET = PDF4LHC21_40                                NSET =  37
  Sqrt(S)  = 14.0 TeV
  LOOP     = 3
  alphaS(MZ) =   0.11800
          kl =   1.00000
          kv =   1.00000
         k2v =   1.00000
         kth =   1.00000
         kbh =   1.00000
        cHsq =   0.00000
       chdup =   0.00000
         cHw =   0.00000
          cH =   0.00000
         cHb =   0.00000
        cHwb =   0.00000
      cHq1st =   0.00000
      cHq3st =  -0.02000
      cHq1rd =   0.00000
      cHq3rd =   0.00000
       cHdst =   0.00000
       cHust =   0.00000
       cHdrd =   0.00000
       cHurd =   0.00000
         cth =   0.00000
         cbh =   0.00000
 --------------

  mH       = 125.0000      GeV
  fact_scale 1.0
  ren_scale  1.0
  Kqq      =   0.26231276470282450            +-   -6.3724735545537788E-004
  Kgq      =   -4.2611322082213382E-002       +-   -1.9024911541970580E-004
  K_nlo    =    1.2197014426206112            +-    6.6504053857855403E-004
  Kqq2     =    5.7852571098284560E-002       +-   -4.3626603076685482E-004
  Kgq2     =   -2.0813918584898242E-002       +-   -1.8979908302251873E-004
  Kqqs     =    1.3487451220650418E-003       +-   -4.8108216248378929E-006
  Kgg      =    1.8242198985593552E-004       +-   -1.7470650614883748E-006
  K_nnlo   =    1.2582712622459182            +-    8.1771440962670071E-004
  sig_LO   = ( -0.21222672825297925            +-    2.6022057395226579E-004 ) fb
  sig_NLO  = ( -0.25885324661281117            +-    2.9603221283125539E-004 ) fb
  sig_NNLO = ( -0.26703879324119767            +-    3.1277975485286029E-004 ) fb

  pp ---> HHW+ + X
  ===============

  PDFSET = PDF4LHC21_40                                NSET =  38
  Sqrt(S)  = 14.0 TeV
  LOOP     = 3
  alphaS(MZ) =   0.11800
          kl =   1.00000
          kv =   1.00000
         k2v =   1.00000
         kth =   1.00000
         kbh =   1.00000
        cHsq =   0.00000
       chdup =   0.00000
         cHw =   0.00000
          cH =   0.00000
         cHb =   0.00000
        cHwb =   0.00000
      cHq1st =   0.00000
      cHq3st =  -0.02000
      cHq1rd =   0.00000
      cHq3rd =   0.00000
       cHdst =   0.00000
       cHust =   0.00000
       cHdrd =   0.00000
       cHurd =   0.00000
         cth =   0.00000
         cbh =   0.00000
 --------------

  mH       = 125.0000      GeV
  fact_scale 1.0
  ren_scale  1.0
  Kqq      =   0.26200292491837807            +-   -6.3346915649406305E-004
  Kgq      =   -4.2164346820048833E-002       +-   -1.8820907091202679E-004
  K_nlo    =    1.2198385780983294            +-    6.6083721641783163E-004
  Kqq2     =    5.7741271675709409E-002       +-   -4.3370899296890723E-004
  Kgq2     =   -2.0595033502467715E-002       +-   -1.8779792104450620E-004
  Kqqs     =    1.3368435323645692E-003       +-   -4.7665593932917018E-006
  Kgg      =    1.8026734549496409E-004       +-   -1.7282060909891832E-006
  K_nnlo   =    1.2585019271494307            +-    8.1246728126020749E-004
  sig_LO   = ( -0.21446400915609190            +-    2.6326411730431956E-004 ) fb
  sig_NLO  = ( -0.26161147198223422            +-    2.9898862439019062E-004 ) fb
  sig_NNLO = ( -0.26990336882713473            +-    3.1570446964839178E-004 ) fb

  pp ---> HHW+ + X
  ===============

  PDFSET = PDF4LHC21_40                                NSET =  39
  Sqrt(S)  = 14.0 TeV
  LOOP     = 3
  alphaS(MZ) =   0.11800
          kl =   1.00000
          kv =   1.00000
         k2v =   1.00000
         kth =   1.00000
         kbh =   1.00000
        cHsq =   0.00000
       chdup =   0.00000
         cHw =   0.00000
          cH =   0.00000
         cHb =   0.00000
        cHwb =   0.00000
      cHq1st =   0.00000
      cHq3st =  -0.02000
      cHq1rd =   0.00000
      cHq3rd =   0.00000
       cHdst =   0.00000
       cHust =   0.00000
       cHdrd =   0.00000
       cHurd =   0.00000
         cth =   0.00000
         cbh =   0.00000
 --------------

  mH       = 125.0000      GeV
  fact_scale 1.0
  ren_scale  1.0
  Kqq      =   0.26235231118241786            +-   -6.3748328722784524E-004
  Kgq      =   -4.2760627297676046E-002       +-   -1.9076743061272318E-004
  K_nlo    =    1.2195916838847420            +-    6.6541502393423582E-004
  Kqq2     =    5.7869667279371803E-002       +-   -4.3637557916361759E-004
  Kgq2     =   -2.0883474825955435E-002       +-   -1.9039960935773149E-004
  Kqqs     =    1.3510857292604553E-003       +-   -4.8128230053964803E-006
  Kgg      =    1.8458928316641553E-004       +-   -1.7554939710314105E-006
  K_nnlo   =    1.2581135513505852            +-    8.1821699837862237E-004
  sig_LO   = ( -0.21200329770743076            +-    2.6002439353156994E-004 ) fb
  sig_NLO  = ( -0.25855745884012371            +-    2.9582677490809256E-004 ) fb
  sig_NNLO = ( -0.26672422177673105            +-    3.1257429202593970E-004 ) fb

  pp ---> HHW+ + X
  ===============

  PDFSET = PDF4LHC21_40                                NSET =  40
  Sqrt(S)  = 14.0 TeV
  LOOP     = 3
  alphaS(MZ) =   0.11800
          kl =   1.00000
          kv =   1.00000
         k2v =   1.00000
         kth =   1.00000
         kbh =   1.00000
        cHsq =   0.00000
       chdup =   0.00000
         cHw =   0.00000
          cH =   0.00000
         cHb =   0.00000
        cHwb =   0.00000
      cHq1st =   0.00000
      cHq3st =  -0.02000
      cHq1rd =   0.00000
      cHq3rd =   0.00000
       cHdst =   0.00000
       cHust =   0.00000
       cHdrd =   0.00000
       cHurd =   0.00000
         cth =   0.00000
         cbh =   0.00000
 --------------

  mH       = 125.0000      GeV
  fact_scale 1.0
  ren_scale  1.0
  Kqq      =   0.26237133481661568            +-   -6.3814195878225612E-004
  Kgq      =   -4.2631015643315250E-002       +-   -1.9036367606960618E-004
  K_nlo    =    1.2197403191733005            +-    6.6593054346920336E-004
  Kqq2     =    5.7878241960559448E-002       +-   -4.3681365328612217E-004
  Kgq2     =   -2.0823174850724564E-002       +-   -1.8992443449911646E-004
  Kqqs     =    1.3492456602726243E-003       +-   -4.8144212470405023E-006
  Kgg      =    1.8260804596872889E-004       +-   -1.7502268472105621E-006
  K_nnlo   =    1.2583272399893768            +-    8.1875954296003594E-004
  sig_LO   = ( -0.21178797325830639            +-    2.5960128790497735E-004 ) fb
  sig_NLO  = ( -0.25832633009915307            +-    2.9543866466825872E-004 ) fb
  sig_NNLO = ( -0.26649857585306863            +-    3.1218836653939088E-004 ) fb

  pp ---> HHW+ + X
  ===============

  PDFSET = PDF4LHC21_40                                NSET =  41
  Sqrt(S)  = 14.0 TeV
  LOOP     = 3
  alphaS(MZ) =   0.11700
          kl =   1.00000
          kv =   1.00000
         k2v =   1.00000
         kth =   1.00000
         kbh =   1.00000
        cHsq =   0.00000
       chdup =   0.00000
         cHw =   0.00000
          cH =   0.00000
         cHb =   0.00000
        cHwb =   0.00000
      cHq1st =   0.00000
      cHq3st =  -0.02000
      cHq1rd =   0.00000
      cHq3rd =   0.00000
       cHdst =   0.00000
       cHust =   0.00000
       cHdrd =   0.00000
       cHurd =   0.00000
         cth =   0.00000
         cbh =   0.00000
 --------------

  mH       = 125.0000      GeV
  fact_scale 1.0
  ren_scale  1.0
  Kqq      =   0.26047016271405532            +-   -6.3100565261208646E-004
  Kgq      =   -4.1264644149226384E-002       +-   -1.8545375142996911E-004
  K_nlo    =    1.2192055185648289            +-    6.5769387069354232E-004
  Kqq2     =    5.7061669160004318E-002       +-   -4.2979669791989194E-004
  Kgq2     =   -2.0033845299281029E-002       +-   -1.8338067467732743E-004
  Kqqs     =    1.3245538907577649E-003       +-   -4.7217760296108188E-006
  Kgg      =    1.6774153384992047E-004       +-   -1.6720556364438396E-006
  K_nnlo   =    1.2577256378501600            +-    8.0680852243561094E-004
  sig_LO   = ( -0.21385021911092880            +-    2.6359617053566675E-004 ) fb
  sig_NLO  = ( -0.26072736728634222            +-    2.9877214551664934E-004 ) fb
  sig_NNLO = ( -0.26896490323568933            +-    3.1504233729721194E-004 ) fb

  pp ---> HHW+ + X
  ===============

  PDFSET = PDF4LHC21_40                                NSET =  42
  Sqrt(S)  = 14.0 TeV
  LOOP     = 3
  alphaS(MZ) =   0.11900
          kl =   1.00000
          kv =   1.00000
         k2v =   1.00000
         kth =   1.00000
         kbh =   1.00000
        cHsq =   0.00000
       chdup =   0.00000
         cHw =   0.00000
          cH =   0.00000
         cHb =   0.00000
        cHwb =   0.00000
      cHq1st =   0.00000
      cHq3st =  -0.02000
      cHq1rd =   0.00000
      cHq3rd =   0.00000
       cHdst =   0.00000
       cHust =   0.00000
       cHdrd =   0.00000
       cHurd =   0.00000
         cth =   0.00000
         cbh =   0.00000
 --------------

  mH       = 125.0000      GeV
  fact_scale 1.0
  ren_scale  1.0
  Kqq      =   0.26408314498171664            +-   -6.4436255283384803E-004
  Kgq      =   -4.1951705317778913E-002       +-   -1.8886283015403182E-004
  K_nlo    =    1.2221314396639378            +-    6.7147022875801749E-004
  Kqq2     =    5.8617125188125480E-002       +-   -4.4373210921677436E-004
  Kgq2     =   -2.0598958768675135E-002       +-   -1.8899817651303434E-004
  Kqqs     =    1.3693288327313860E-003       +-   -4.8958829361189047E-006
  Kgg      =    1.7583822950600588E-004       +-   -1.7251420300270754E-006
  K_nnlo   =    1.2616947731456256            +-    8.2675129837715504E-004
  sig_LO   = ( -0.21196098571002006            +-    2.5931825322882395E-004 ) fb
  sig_NLO  = ( -0.25904418461837414            +-    2.9580821828703580E-004 ) fb
  sig_NNLO = ( -0.26743006778112688            +-    3.1297710880773299E-004 ) fb

