  pp ---> HHW+ + X
  ===============

  PDFSET = PDF4LHC21_40                                NSET =   0
  Sqrt(S)  = 14.0 TeV
  LOOP     = 3
  alphaS(MZ) =   0.11800
          kl =   1.00000
          kv =   1.00000
         k2v =   1.00000
         kth =   1.00000
         kbh =   1.00000
        cHsq =  -2.00000
       chdup =   0.00000
         cHw =   0.00000
          cH =   0.00000
         cHb =   0.00000
        cHwb =   0.00000
      cHq1st =   0.00000
      cHq3st =   0.00000
      cHq1rd =   0.00000
      cHq3rd =   0.00000
       cHdst =   0.00000
       cHust =   0.00000
       cHdrd =   0.00000
       cHurd =   0.00000
         cth =   0.00000
         cbh =   0.00000
 --------------

  mH       = 125.0000      GeV
  fact_scale 0.5
  ren_scale  0.5
  Kqq      =   0.20306159974723409            +-   -2.2712815075703828E-004
  Kgq      =   -2.0752070675092181E-002       +-   -1.3535582543975483E-004
  K_nlo    =    1.1823095290721419            +-    2.6440195980133974E-004
  Kqq2     =    2.3220065503086303E-002       +-   -1.9225912696096793E-004
  Kgq2     =   -1.6365674917885879E-002       +-   -1.3653055546917345E-004
  Kqqs     =    1.3127484041139158E-003       +-   -4.0170464932912792E-006
  Kgg      =    2.9536517204585289E-004       +-   -1.6615782450491051E-006
  K_nnlo   =    1.1907720332335021            +-    3.5430418897904330E-004
  sig_LO   = ( -0.17729168103090398            +-    1.2011952784684878E-004 ) fb
  sig_NLO  = ( -0.20961364390805648            +-    1.2894217876379890E-004 ) fb
  sig_NNLO = ( -0.21111397549655506            +-    1.3555238275089984E-004 ) fb

  mH       = 125.0000      GeV
  fact_scale 1.0
  ren_scale  0.5
  Kqq      =   0.27304584182617880            +-   -2.8995467649272646E-004
  Kgq      =   -7.2468160450545216E-002       +-   -1.3927693994228823E-004
  K_nlo    =    1.2005776813756335            +-    3.2167029769577642E-004
  Kqq2     =    4.1670350349094915E-002       +-   -2.9355923374661287E-004
  Kgq2     =   -3.4356024876083059E-002       +-   -1.9154683158789602E-004
  Kqqs     =    1.9909857900479722E-003       +-   -4.2238370737872826E-006
  Kgg      =    1.1489637776195066E-003       +-   -1.9821328268387997E-006
  K_nnlo   =    1.2110319564163128            +-    4.7577385644770234E-004
  sig_LO   = ( -0.17492364732416318            +-    1.1835364179637185E-004 ) fb
  sig_NLO  = ( -0.21000942692221289            +-    1.3104824792217377E-004 ) fb
  sig_NNLO = ( -0.21183812684245848            +-    1.4468529662525276E-004 ) fb

  mH       = 125.0000      GeV
  fact_scale 0.5
  ren_scale  1.0
  Kqq      =   0.18674581409695828            +-   -2.0907835954835248E-004
  Kgq      =   -1.9089947490528551E-002       +-   -1.2446525730765005E-004
  K_nlo    =    1.1676558666064296            +-    2.4332151714981905E-004
  Kqq2     =    3.4049696480139197E-002       +-   -1.4194446009673561E-004
  Kgq2     =   -1.5279857924874258E-002       +-   -1.1529618557117289E-004
  Kqqs     =    1.1074040228908797E-003       +-   -3.3932006026500514E-006
  Kgg      =    2.4918917396688433E-004       +-   -1.4013278410799929E-006
  K_nnlo   =    1.1877822983585522            +-    3.0440150853363690E-004
  sig_LO   = ( -0.17729168103090398            +-    1.2011952784684878E-004 ) fb
  sig_NLO  = ( -0.20701567145625091            +-    1.2763096805785688E-004 ) fb
  sig_NNLO = ( -0.21058392037473850            +-    1.3168610541859830E-004 ) fb

  mH       = 125.0000      GeV
  fact_scale 1.0
  ren_scale  1.0
  Kqq      =   0.25110787542324720            +-   -2.6686042508916868E-004
  Kgq      =   -6.6604023277137367E-002       +-   -1.2803219761447831E-004
  K_nlo    =    1.1845038521461098            +-    2.9598434097898599E-004
  Kqq2     =    5.4664704430056159E-002       +-   -2.2016120476517760E-004
  Kgq2     =   -3.4143323145331125E-002       +-   -1.4878964342780328E-004
  Kqqs     =    1.6823224184746213E-003       +-   -3.5727145826265311E-006
  Kgg      =    9.6877659747172896E-004       +-   -1.6715019015089993E-006
  K_nnlo   =    1.2076763324467810            +-    3.9778336112498172E-004
  sig_LO   = ( -0.17492364732416318            +-    1.1835364179637185E-004 ) fb
  sig_NLO  = ( -0.20719773408691886            +-    1.2918281617054688E-004 ) fb
  sig_NNLO = ( -0.21125114885865962            +-    1.3729238791664728E-004 ) fb

  mH       = 125.0000      GeV
  fact_scale 1.5
  ren_scale  1.0
  Kqq      =   0.28981445011009710            +-   -3.1417086665158335E-004
  Kgq      =   -9.3205476448229602E-002       +-   -1.2534847292197226E-004
  K_nlo    =    1.1966089736618675            +-    3.3825371116438232E-004
  Kqq2     =    6.6467349947179219E-002       +-   -2.8360717186537161E-004
  Kgq2     =   -4.7068127429502518E-002       +-   -1.6752214658461115E-004
  Kqqs     =    3.0000252188071108E-003       +-   -4.3418059796398456E-006
  Kgg      =    1.6152939460962461E-003       +-   -1.9653555978340374E-006
  K_nnlo   =    1.2206235153444476            +-    4.7215991416897998E-004
  sig_LO   = ( -0.17339060966575584            +-    1.1715965484143591E-004 ) fb
  sig_NLO  = ( -0.20748075947474559            +-    1.3101988108750120E-004 ) fb
  sig_NNLO = ( -0.21164465549793188            +-    1.4292924740339977E-004 ) fb

  mH       = 125.0000      GeV
  fact_scale 2.0
  ren_scale  1.0
  Kqq      =   0.31776348871749405            +-   -3.4996206311788580E-004
  Kgq      =  -0.11162071504300605            +-   -1.4221168120087939E-004
  K_nlo    =    1.2061427736744881            +-    3.7775336913349649E-004
  Kqq2     =    7.4765772454326765E-002       +-   -3.3638256496978529E-004
  Kgq2     =   -5.7041212373888664E-002       +-   -1.9180479408364593E-004
  Kqqs     =    4.3492666677982178E-003       +-   -5.1481043891639632E-006
  Kgg      =    2.1613253280336211E-003       +-   -2.3136967414829014E-006
  K_nnlo   =    1.2303779257507581            +-    5.4099147231009338E-004
  sig_LO   = ( -0.17225399693766602            +-    1.1627694378966060E-004 ) fb
  sig_NLO  = ( -0.20776291364291324            +-    1.3324552934658790E-004 ) fb
  sig_NNLO = ( -0.21193751545444292            +-    1.4901114204953853E-004 ) fb

  mH       = 125.0000      GeV
  fact_scale 1.0
  ren_scale  1.5
  Kqq      =   0.23986544559850717            +-   -2.5500913013593458E-004
  Kgq      =   -6.3601580420900902E-002       +-   -1.2227385335035463E-004
  K_nlo    =    1.1762638651776063            +-    2.8280833026244126E-004
  Kqq2     =    6.0253794203632485E-002       +-   -1.9543335670059773E-004
  Kgq2     =   -3.3878909210607308E-002       +-   -1.3260066532592296E-004
  Kqqs     =    1.5343271605117569E-003       +-   -3.2601275221769075E-006
  Kgg      =    8.8258794438241916E-004       +-   -1.5229006081859620E-006
  K_nnlo   =    1.2050556652755255            +-    3.6847066732603533E-004
  sig_LO   = ( -0.17492364732416318            +-    1.1835364179637185E-004 ) fb
  sig_NLO  = ( -0.20575636551248463            +-    1.2827646718045345E-004 ) fb
  sig_NNLO = ( -0.21079273219864086            +-    1.3476621492755148E-004 ) fb

  mH       = 125.0000      GeV
  fact_scale 1.5
  ren_scale  1.5
  Kqq      =   0.27683562080836843            +-   -3.0015484978067824E-004
  Kgq      =   -8.8998446267839579E-002       +-   -1.1974568913338515E-004
  K_nlo    =    1.1878371745405290            +-    3.2315934755611019E-004
  Kqq2     =    7.2681919181371249E-002       +-   -2.4898144933870606E-004
  Kgq2     =   -4.6785534893951111E-002       +-   -1.5622891328538491E-004
  Kqqs     =    2.7360967830296554E-003       +-   -3.9602272505453454E-006
  Kgg      =    1.4714288880528631E-003       +-   -1.7916937149348434E-006
  K_nnlo   =    1.2179410844990315            +-    4.3686392954817168E-004
  sig_LO   = ( -0.17339060966575584            +-    1.1715965484143591E-004 ) fb
  sig_NLO  = ( -0.20595981187723114            +-    1.2986939201697469E-004 ) fb
  sig_NNLO = ( -0.21117954717825890            +-    1.3951401307249025E-004 ) fb

  mH       = 125.0000      GeV
  fact_scale 2.0
  ren_scale  1.5
  Kqq      =   0.30353191799645257            +-   -3.3431296630862645E-004
  Kgq      =  -0.10657900992590684            +-   -1.3581921025835984E-004
  K_nlo    =    1.1969529080705459            +-    3.6084902288530221E-004
  Kqq2     =    8.1427439408954444E-002       +-   -2.9468779260483308E-004
  Kgq2     =   -5.6668378193566772E-002       +-   -1.8269222997650079E-004
  Kqqs     =    3.9663282624606087E-003       +-   -4.6958203979192978E-006
  Kgg      =    1.9687240065919898E-003       +-   -2.1088005164467406E-006
  K_nnlo   =    1.2276470215549862            +-    5.0045565347011593E-004
  sig_LO   = ( -0.17225399693766602            +-    1.1627694378966060E-004 ) fb
  sig_NLO  = ( -0.20617992256131423            +-    1.3184803997780308E-004 ) fb
  sig_NNLO = ( -0.21146710629146737            +-    1.4474706759397502E-004 ) fb

  mH       = 125.0000      GeV
  fact_scale 1.0
  ren_scale  2.0
  Kqq      =   0.23249155755730960            +-   -2.4723013187941746E-004
  Kgq      =   -6.1633277118846481E-002       +-   -1.1849787689716132E-004
  K_nlo    =    1.1708582804384631            +-    2.7416142131643712E-004
  Kqq2     =    6.3383061732870047E-002       +-   -1.9343957312831811E-004
  Kgq2     =   -3.3653245422992424E-002       +-   -1.2477113226508701E-004
  Kqqs     =    1.4409976955174926E-003       +-   -3.0628632145733076E-006
  Kgg      =    8.2830774040099846E-004       +-   -1.4293091072256882E-006
  K_nnlo   =    1.2028574021842591            +-    3.5799806269395078E-004
  sig_LO   = ( -0.17492364732416318            +-    1.1835364179637185E-004 ) fb
  sig_NLO  = ( -0.20481080091399390            +-    1.2770077784627224E-004 ) fb
  sig_NNLO = ( -0.21040820400093851            +-    1.3389973991013280E-004 ) fb

  mH       = 125.0000      GeV
  fact_scale 1.5
  ren_scale  2.0
  Kqq      =   0.26832285958830682            +-   -2.9096044454849545E-004
  Kgq      =   -8.6240764753241911E-002       +-   -1.1607060760304693E-004
  K_nlo    =    1.1820820948350648            +-    3.1325766748987739E-004
  Kqq2     =    7.6180085972390635E-002       +-   -2.3532720312565854E-004
  Kgq2     =   -4.6525765279119148E-002       +-   -1.5167564817189115E-004
  Kqqs     =    2.5696570536298774E-003       +-   -3.7195639505152436E-006
  Kgg      =    1.3808370239393251E-003       +-   -1.6822450734875021E-006
  K_nnlo   =    1.2156869096059055            +-    4.2015643054102610E-004
  sig_LO   = ( -0.17339060966575584            +-    1.1715965484143591E-004 ) fb
  sig_NLO  = ( -0.20496193509842572            +-    1.2913793338053042E-004 ) fb
  sig_NNLO = ( -0.21078869441924661            +-    1.3796260036129531E-004 ) fb

  mH       = 125.0000      GeV
  fact_scale 2.0
  ren_scale  2.0
  Kqq      =   0.29419751353630952            +-   -3.2404895905402257E-004
  Kgq      =  -0.10327438280702685            +-   -1.3162800679382986E-004
  K_nlo    =    1.1909231307292827            +-    3.4976229075832648E-004
  Kqq2     =    8.5210245225847997E-002       +-   -2.7297843561084986E-004
  Kgq2     =   -5.6335897189779369E-002       +-   -1.7769564051495982E-004
  Kqqs     =    3.7248606693348575E-003       +-   -4.4105673312800299E-006
  Kgg      =    1.8474508391941866E-003       +-   -1.9796931320246372E-006
  K_nnlo   =    1.2253697902738803            +-    4.7796443308279916E-004
  sig_LO   = ( -0.17225399693766602            +-    1.1627694378966060E-004 ) fb
  sig_NLO  = ( -0.20514126931363749            +-    1.3095855621103952E-004 ) fb
  sig_NNLO = ( -0.21107484410134544            +-    1.4247374488279268E-004 ) fb

  pp ---> HHW+ + X
  ===============

  PDFSET = PDF4LHC21_40                                NSET =   1
  Sqrt(S)  = 14.0 TeV
  LOOP     = 3
  alphaS(MZ) =   0.11800
          kl =   1.00000
          kv =   1.00000
         k2v =   1.00000
         kth =   1.00000
         kbh =   1.00000
        cHsq =  -2.00000
       chdup =   0.00000
         cHw =   0.00000
          cH =   0.00000
         cHb =   0.00000
        cHwb =   0.00000
      cHq1st =   0.00000
      cHq3st =   0.00000
      cHq1rd =   0.00000
      cHq3rd =   0.00000
       cHdst =   0.00000
       cHust =   0.00000
       cHdrd =   0.00000
       cHurd =   0.00000
         cth =   0.00000
         cbh =   0.00000
 --------------

  mH       = 125.0000      GeV
  fact_scale 1.0
  ren_scale  1.0
  Kqq      =   0.25120908309070095            +-   -2.6746973754003365E-004
  Kgq      =   -6.6624599636962892E-002       +-   -1.2809309712558166E-004
  K_nlo    =    1.1845844834537380            +-    2.9656011537453612E-004
  Kqq2     =    5.4698061586345728E-002       +-   -2.2034585948685530E-004
  Kgq2     =   -3.4156654536373517E-002       +-   -1.4888483205785906E-004
  Kqqs     =    1.6828951776765694E-003       +-   -3.5750252891586639E-006
  Kgg      =    9.6868082681165406E-004       +-   -1.6710650646429993E-006
  K_nnlo   =    1.2077774665081984            +-    3.9834967842979925E-004
  sig_LO   = ( -0.17496086579786949            +-    1.1891642678548003E-004 ) fb
  sig_NLO  = ( -0.20725592683578800            +-    1.2974327178691858E-004 ) fb
  sig_NNLO = ( -0.21131379123143174            +-    1.3783538683495605E-004 ) fb

  pp ---> HHW+ + X
  ===============

  PDFSET = PDF4LHC21_40                                NSET =   2
  Sqrt(S)  = 14.0 TeV
  LOOP     = 3
  alphaS(MZ) =   0.11800
          kl =   1.00000
          kv =   1.00000
         k2v =   1.00000
         kth =   1.00000
         kbh =   1.00000
        cHsq =  -2.00000
       chdup =   0.00000
         cHw =   0.00000
          cH =   0.00000
         cHb =   0.00000
        cHwb =   0.00000
      cHq1st =   0.00000
      cHq3st =   0.00000
      cHq1rd =   0.00000
      cHq3rd =   0.00000
       cHdst =   0.00000
       cHust =   0.00000
       cHdrd =   0.00000
       cHurd =   0.00000
         cth =   0.00000
         cbh =   0.00000
 --------------

  mH       = 125.0000      GeV
  fact_scale 1.0
  ren_scale  1.0
  Kqq      =   0.25110935823429176            +-   -2.6661280570651686E-004
  Kgq      =   -6.6536603651723647E-002       +-   -1.2771897332081004E-004
  K_nlo    =    1.1845727545825682            +-    2.9562564894275103E-004
  Kqq2     =    5.4668972028885585E-002       +-   -2.1985091604337191E-004
  Kgq2     =   -3.4110642636047683E-002       +-   -1.4844899613374843E-004
  Kqqs     =    1.6891009738709162E-003       +-   -3.5843765933062346E-006
  Kgg      =    9.6635614923202705E-004       +-   -1.6601051137957419E-006
  K_nnlo   =    1.2077865410985089            +-    3.9721739357133096E-004
  sig_LO   = ( -0.17458604635780911            +-    1.1801951544440159E-004 ) fb
  sig_NLO  = ( -0.20680987384574986            +-    1.2881155328600246E-004 ) fb
  sig_NNLO = ( -0.21086267705456219            +-    1.3688621672550187E-004 ) fb

  pp ---> HHW+ + X
  ===============

  PDFSET = PDF4LHC21_40                                NSET =   3
  Sqrt(S)  = 14.0 TeV
  LOOP     = 3
  alphaS(MZ) =   0.11800
          kl =   1.00000
          kv =   1.00000
         k2v =   1.00000
         kth =   1.00000
         kbh =   1.00000
        cHsq =  -2.00000
       chdup =   0.00000
         cHw =   0.00000
          cH =   0.00000
         cHb =   0.00000
        cHwb =   0.00000
      cHq1st =   0.00000
      cHq3st =   0.00000
      cHq1rd =   0.00000
      cHq3rd =   0.00000
       cHdst =   0.00000
       cHust =   0.00000
       cHdrd =   0.00000
       cHurd =   0.00000
         cth =   0.00000
         cbh =   0.00000
 --------------

  mH       = 125.0000      GeV
  fact_scale 1.0
  ren_scale  1.0
  Kqq      =   0.25099562411409326            +-   -2.6552504717765167E-004
  Kgq      =   -6.6366476629960716E-002       +-   -1.2761162129851570E-004
  K_nlo    =    1.1846291474841326            +-    2.9459850062267783E-004
  Kqq2     =    5.4627745555071487E-002       +-   -2.1932040833558513E-004
  Kgq2     =   -3.4021819402281314E-002       +-   -1.4835114077460637E-004
  Kqqs     =    1.6793251662742298E-003       +-   -3.5629882502332072E-006
  Kgg      =    9.6444196246429914E-004       +-   -1.6625728195151440E-006
  K_nnlo   =    1.2078788407656615            +-    3.9612275633242318E-004
  sig_LO   = ( -0.17520739306187552            +-    1.1759216168378808E-004 ) fb
  sig_NLO  = ( -0.20755578467580690            +-    1.2842161400078759E-004 ) fb
  sig_NNLO = ( -0.21162930282515177            +-    1.3654589377146348E-004 ) fb

  pp ---> HHW+ + X
  ===============

  PDFSET = PDF4LHC21_40                                NSET =   4
  Sqrt(S)  = 14.0 TeV
  LOOP     = 3
  alphaS(MZ) =   0.11800
          kl =   1.00000
          kv =   1.00000
         k2v =   1.00000
         kth =   1.00000
         kbh =   1.00000
        cHsq =  -2.00000
       chdup =   0.00000
         cHw =   0.00000
          cH =   0.00000
         cHb =   0.00000
        cHwb =   0.00000
      cHq1st =   0.00000
      cHq3st =   0.00000
      cHq1rd =   0.00000
      cHq3rd =   0.00000
       cHdst =   0.00000
       cHust =   0.00000
       cHdrd =   0.00000
       cHurd =   0.00000
         cth =   0.00000
         cbh =   0.00000
 --------------

  mH       = 125.0000      GeV
  fact_scale 1.0
  ren_scale  1.0
  Kqq      =   0.25154063054689035            +-   -2.6718772002326752E-004
  Kgq      =   -6.7318189173957571E-002       +-   -1.2956991475411564E-004
  K_nlo    =    1.1842224413729328            +-    2.9694720160429325E-004
  Kqq2     =    5.4838291529475260E-002       +-   -2.2037829255758376E-004
  Kgq2     =   -3.4507805371790198E-002       +-   -1.5059694946616782E-004
  Kqqs     =    1.6970652853037105E-003       +-   -3.6052746381188956E-006
  Kgg      =    9.8398406849258685E-004       +-   -1.7024881923493312E-006
  K_nnlo   =    1.2072339768844140            +-    3.9929884802112020E-004
  sig_LO   = ( -0.17270858343115561            +-    1.1691019255186203E-004 ) fb
  sig_NLO  = ( -0.20452538031690393            +-    1.2766431863058038E-004 ) fb
  sig_NNLO = ( -0.20849967001766762            +-    1.3573428911344755E-004 ) fb

  pp ---> HHW+ + X
  ===============

  PDFSET = PDF4LHC21_40                                NSET =   5
  Sqrt(S)  = 14.0 TeV
  LOOP     = 3
  alphaS(MZ) =   0.11800
          kl =   1.00000
          kv =   1.00000
         k2v =   1.00000
         kth =   1.00000
         kbh =   1.00000
        cHsq =  -2.00000
       chdup =   0.00000
         cHw =   0.00000
          cH =   0.00000
         cHb =   0.00000
        cHwb =   0.00000
      cHq1st =   0.00000
      cHq3st =   0.00000
      cHq1rd =   0.00000
      cHq3rd =   0.00000
       cHdst =   0.00000
       cHust =   0.00000
       cHdrd =   0.00000
       cHurd =   0.00000
         cth =   0.00000
         cbh =   0.00000
 --------------

  mH       = 125.0000      GeV
  fact_scale 1.0
  ren_scale  1.0
  Kqq      =   0.25115804058668956            +-   -2.6691665129881134E-004
  Kgq      =   -6.6444979371188137E-002       +-   -1.2767230080894148E-004
  K_nlo    =    1.1847130612155015            +-    2.9587956187344217E-004
  Kqq2     =    5.4681192096154622E-002       +-   -2.2013994227867241E-004
  Kgq2     =   -3.4061884431699496E-002       +-   -1.4844961576580297E-004
  Kqqs     =    1.6798776077160929E-003       +-   -3.5681066848213063E-006
  Kgg      =    9.6278231184674767E-004       +-   -1.6605453317906460E-006
  K_nnlo   =    1.2079750287995192            +-    3.9756645549895813E-004
  sig_LO   = ( -0.17486885742375671            +-    1.1830101670549859E-004 ) fb
  sig_NLO  = ( -0.20716941938975589            +-    1.2912076001308004E-004 ) fb
  sig_NNLO = ( -0.21123721308260157            +-    1.3721675517446114E-004 ) fb

  pp ---> HHW+ + X
  ===============

  PDFSET = PDF4LHC21_40                                NSET =   6
  Sqrt(S)  = 14.0 TeV
  LOOP     = 3
  alphaS(MZ) =   0.11800
          kl =   1.00000
          kv =   1.00000
         k2v =   1.00000
         kth =   1.00000
         kbh =   1.00000
        cHsq =  -2.00000
       chdup =   0.00000
         cHw =   0.00000
          cH =   0.00000
         cHb =   0.00000
        cHwb =   0.00000
      cHq1st =   0.00000
      cHq3st =   0.00000
      cHq1rd =   0.00000
      cHq3rd =   0.00000
       cHdst =   0.00000
       cHust =   0.00000
       cHdrd =   0.00000
       cHurd =   0.00000
         cth =   0.00000
         cbh =   0.00000
 --------------

  mH       = 125.0000      GeV
  fact_scale 1.0
  ren_scale  1.0
  Kqq      =   0.25120648099377124            +-   -2.6636899454245220E-004
  Kgq      =   -6.6542346858123352E-002       +-   -1.2788583214900877E-004
  K_nlo    =    1.1846641341356479            +-    2.9547796418345881E-004
  Kqq2     =    5.4707642274133647E-002       +-   -2.1969596678707136E-004
  Kgq2     =   -3.4114540225114044E-002       +-   -1.4863575863444358E-004
  Kqqs     =    1.6796380388532923E-003       +-   -3.5606814624766855E-006
  Kgg      =    9.7318130921667390E-004       +-   -1.6812175713378634E-006
  K_nnlo   =    1.2079100555327376            +-    3.9709147413454160E-004
  sig_LO   = ( -0.17472647883369893            +-    1.1771682792637254E-004 ) fb
  sig_NLO  = ( -0.20699219275809455            +-    1.2854059208796276E-004 ) fb
  sig_NNLO = ( -0.21105387075105295            +-    1.3664248358390789E-004 ) fb

  pp ---> HHW+ + X
  ===============

  PDFSET = PDF4LHC21_40                                NSET =   7
  Sqrt(S)  = 14.0 TeV
  LOOP     = 3
  alphaS(MZ) =   0.11800
          kl =   1.00000
          kv =   1.00000
         k2v =   1.00000
         kth =   1.00000
         kbh =   1.00000
        cHsq =  -2.00000
       chdup =   0.00000
         cHw =   0.00000
          cH =   0.00000
         cHb =   0.00000
        cHwb =   0.00000
      cHq1st =   0.00000
      cHq3st =   0.00000
      cHq1rd =   0.00000
      cHq3rd =   0.00000
       cHdst =   0.00000
       cHust =   0.00000
       cHdrd =   0.00000
       cHurd =   0.00000
         cth =   0.00000
         cbh =   0.00000
 --------------

  mH       = 125.0000      GeV
  fact_scale 1.0
  ren_scale  1.0
  Kqq      =   0.25117384433642204            +-   -2.6670778296106228E-004
  Kgq      =   -6.6382738887413847E-002       +-   -1.2766134896839170E-004
  K_nlo    =    1.1847911054490081            +-    2.9568642429512147E-004
  Kqq2     =    5.4692275054252310E-002       +-   -2.1983594405203087E-004
  Kgq2     =   -3.4030747340305097E-002       +-   -1.4838146382435593E-004
  Kqqs     =    1.6787044767519734E-003       +-   -3.5648590867262448E-006
  Kgg      =    9.6265897609216253E-004       +-   -1.6583070434248060E-006
  K_nnlo   =    1.2080939966157993            +-    3.9722892746991544E-004
  sig_LO   = ( -0.17500927735651550            +-    1.1789741940769213E-004 ) fb
  sig_NLO  = ( -0.20734943518305810            +-    1.2875419716492070E-004 ) fb
  sig_NNLO = ( -0.21142765732647578            +-    1.3686729982997353E-004 ) fb

  pp ---> HHW+ + X
  ===============

  PDFSET = PDF4LHC21_40                                NSET =   8
  Sqrt(S)  = 14.0 TeV
  LOOP     = 3
  alphaS(MZ) =   0.11800
          kl =   1.00000
          kv =   1.00000
         k2v =   1.00000
         kth =   1.00000
         kbh =   1.00000
        cHsq =  -2.00000
       chdup =   0.00000
         cHw =   0.00000
          cH =   0.00000
         cHb =   0.00000
        cHwb =   0.00000
      cHq1st =   0.00000
      cHq3st =   0.00000
      cHq1rd =   0.00000
      cHq3rd =   0.00000
       cHdst =   0.00000
       cHust =   0.00000
       cHdrd =   0.00000
       cHurd =   0.00000
         cth =   0.00000
         cbh =   0.00000
 --------------

  mH       = 125.0000      GeV
  fact_scale 1.0
  ren_scale  1.0
  Kqq      =   0.25097217636724856            +-   -2.6682165110481913E-004
  Kgq      =   -6.6257001115269318E-002       +-   -1.2776955848720157E-004
  K_nlo    =    1.1847151752519793            +-    2.9583585579560207E-004
  Kqq2     =    5.4607460104843415E-002       +-   -2.2017615212742032E-004
  Kgq2     =   -3.3957989760365764E-002       +-   -1.4846511736489780E-004
  Kqqs     =    1.6822551322724949E-003       +-   -3.5756492114322265E-006
  Kgg      =    9.7004234322954988E-004       +-   -1.6833174663661945E-006
  K_nnlo   =    1.2080169430719592            +-    3.9755993439870399E-004
  sig_LO   = ( -0.17489384302825153            +-    1.1832112907900701E-004 ) fb
  sig_NLO  = ( -0.20719938989370718            +-    1.2913908666920988E-004 ) fb
  sig_NNLO = ( -0.21127472561709545            +-    1.3723855003612635E-004 ) fb

  pp ---> HHW+ + X
  ===============

  PDFSET = PDF4LHC21_40                                NSET =   9
  Sqrt(S)  = 14.0 TeV
  LOOP     = 3
  alphaS(MZ) =   0.11800
          kl =   1.00000
          kv =   1.00000
         k2v =   1.00000
         kth =   1.00000
         kbh =   1.00000
        cHsq =  -2.00000
       chdup =   0.00000
         cHw =   0.00000
          cH =   0.00000
         cHb =   0.00000
        cHwb =   0.00000
      cHq1st =   0.00000
      cHq3st =   0.00000
      cHq1rd =   0.00000
      cHq3rd =   0.00000
       cHdst =   0.00000
       cHust =   0.00000
       cHdrd =   0.00000
       cHurd =   0.00000
         cth =   0.00000
         cbh =   0.00000
 --------------

  mH       = 125.0000      GeV
  fact_scale 1.0
  ren_scale  1.0
  Kqq      =   0.25119237995018789            +-   -2.6646944382799321E-004
  Kgq      =   -6.6557547016213608E-002       +-   -1.2792562875551023E-004
  K_nlo    =    1.1846348329339742            +-    2.9558574219081110E-004
  Kqq2     =    5.4697965278604474E-002       +-   -2.1969284386479473E-004
  Kgq2     =   -3.4120088611141595E-002       +-   -1.4863095977546564E-004
  Kqqs     =    1.6835212020987653E-003       +-   -3.5726122455691606E-006
  Kgg      =    9.6836057136922735E-004       +-   -1.6710298161522367E-006
  K_nnlo   =    1.2078645913749049            +-    3.9716821969358710E-004
  sig_LO   = ( -0.17549700260049619            +-    1.1835445031188207E-004 ) fb
  sig_NLO  = ( -0.20789986235605207            +-    1.2922356791502494E-004 ) fb
  sig_NNLO = ( -0.21197661533356904            +-    1.3735399995831808E-004 ) fb

  pp ---> HHW+ + X
  ===============

  PDFSET = PDF4LHC21_40                                NSET =  10
  Sqrt(S)  = 14.0 TeV
  LOOP     = 3
  alphaS(MZ) =   0.11800
          kl =   1.00000
          kv =   1.00000
         k2v =   1.00000
         kth =   1.00000
         kbh =   1.00000
        cHsq =  -2.00000
       chdup =   0.00000
         cHw =   0.00000
          cH =   0.00000
         cHb =   0.00000
        cHwb =   0.00000
      cHq1st =   0.00000
      cHq3st =   0.00000
      cHq1rd =   0.00000
      cHq3rd =   0.00000
       cHdst =   0.00000
       cHust =   0.00000
       cHdrd =   0.00000
       cHurd =   0.00000
         cth =   0.00000
         cbh =   0.00000
 --------------

  mH       = 125.0000      GeV
  fact_scale 1.0
  ren_scale  1.0
  Kqq      =   0.25113298705020654            +-   -2.6704809342839922E-004
  Kgq      =   -6.6460147637785891E-002       +-   -1.2789395502951390E-004
  K_nlo    =    1.1846728394124206            +-    2.9609381610704803E-004
  Kqq2     =    5.4672994865490813E-002       +-   -2.2035495315913847E-004
  Kgq2     =   -3.4074306814522705E-002       +-   -1.4875204245098301E-004
  Kqqs     =    1.6825130980620100E-003       +-   -3.5755589386429683E-006
  Kgg      =    9.6422863953244395E-004       +-   -1.6690393343345153E-006
  K_nnlo   =    1.2079182692009831            +-    3.9795803015640077E-004
  sig_LO   = ( -0.17469490962069376            +-    1.1809553863825390E-004 ) fb
  sig_NLO  = ( -0.20695631461124347            +-    1.2892689343682235E-004 ) fb
  sig_NNLO = ( -0.21101717286725058            +-    1.3703926207812067E-004 ) fb

  pp ---> HHW+ + X
  ===============

  PDFSET = PDF4LHC21_40                                NSET =  11
  Sqrt(S)  = 14.0 TeV
  LOOP     = 3
  alphaS(MZ) =   0.11800
          kl =   1.00000
          kv =   1.00000
         k2v =   1.00000
         kth =   1.00000
         kbh =   1.00000
        cHsq =  -2.00000
       chdup =   0.00000
         cHw =   0.00000
          cH =   0.00000
         cHb =   0.00000
        cHwb =   0.00000
      cHq1st =   0.00000
      cHq3st =   0.00000
      cHq1rd =   0.00000
      cHq3rd =   0.00000
       cHdst =   0.00000
       cHust =   0.00000
       cHdrd =   0.00000
       cHurd =   0.00000
         cth =   0.00000
         cbh =   0.00000
 --------------

  mH       = 125.0000      GeV
  fact_scale 1.0
  ren_scale  1.0
  Kqq      =   0.25092773315240074            +-   -2.6662164374348553E-004
  Kgq      =   -6.6498941940513520E-002       +-   -1.2784034201255450E-004
  K_nlo    =    1.1844287912118872            +-    2.9568607332501308E-004
  Kqq2     =    5.4590905987272349E-002       +-   -2.2000765502630884E-004
  Kgq2     =   -3.4090653652125200E-002       +-   -1.4856351002663393E-004
  Kqqs     =    1.6803046449101692E-003       +-   -3.5679306207596889E-006
  Kgg      =    9.6623327119076325E-004       +-   -1.6676037906461643E-006
  K_nnlo   =    1.2075755814631353            +-    3.9739180888801828E-004
  sig_LO   = ( -0.17540921275307070            +-    1.1865875416646920E-004 ) fb
  sig_NLO  = ( -0.20775972182854827            +-    1.2949898941565845E-004 ) fb
  sig_NNLO = ( -0.21181988208428015            +-    1.3761850194357253E-004 ) fb

  pp ---> HHW+ + X
  ===============

  PDFSET = PDF4LHC21_40                                NSET =  12
  Sqrt(S)  = 14.0 TeV
  LOOP     = 3
  alphaS(MZ) =   0.11800
          kl =   1.00000
          kv =   1.00000
         k2v =   1.00000
         kth =   1.00000
         kbh =   1.00000
        cHsq =  -2.00000
       chdup =   0.00000
         cHw =   0.00000
          cH =   0.00000
         cHb =   0.00000
        cHwb =   0.00000
      cHq1st =   0.00000
      cHq3st =   0.00000
      cHq1rd =   0.00000
      cHq3rd =   0.00000
       cHdst =   0.00000
       cHust =   0.00000
       cHdrd =   0.00000
       cHurd =   0.00000
         cth =   0.00000
         cbh =   0.00000
 --------------

  mH       = 125.0000      GeV
  fact_scale 1.0
  ren_scale  1.0
  Kqq      =   0.25094125513756060            +-   -2.6659108875512206E-004
  Kgq      =   -6.6527937425100117E-002       +-   -1.2787306248580074E-004
  K_nlo    =    1.1844133177124603            +-    2.9567267156965804E-004
  Kqq2     =    5.4604604045198950E-002       +-   -2.1987988417812029E-004
  Kgq2     =   -3.4103537420980636E-002       +-   -1.4853643223732815E-004
  Kqqs     =    1.6808335588882255E-003       +-   -3.5665562776062096E-006
  Kgg      =    9.6760475728920156E-004       +-   -1.6699249272225704E-006
  K_nnlo   =    1.2075628226528561            +-    3.9730098521657451E-004
  sig_LO   = ( -0.17589636680852963            +-    1.1879301021226953E-004 ) fb
  sig_NLO  = ( -0.20833399938525848            +-    1.2967877698172810E-004 ) fb
  sig_NNLO = ( -0.21240591319769020            +-    1.3782425314086915E-004 ) fb

  pp ---> HHW+ + X
  ===============

  PDFSET = PDF4LHC21_40                                NSET =  13
  Sqrt(S)  = 14.0 TeV
  LOOP     = 3
  alphaS(MZ) =   0.11800
          kl =   1.00000
          kv =   1.00000
         k2v =   1.00000
         kth =   1.00000
         kbh =   1.00000
        cHsq =  -2.00000
       chdup =   0.00000
         cHw =   0.00000
          cH =   0.00000
         cHb =   0.00000
        cHwb =   0.00000
      cHq1st =   0.00000
      cHq3st =   0.00000
      cHq1rd =   0.00000
      cHq3rd =   0.00000
       cHdst =   0.00000
       cHust =   0.00000
       cHdrd =   0.00000
       cHurd =   0.00000
         cth =   0.00000
         cbh =   0.00000
 --------------

  mH       = 125.0000      GeV
  fact_scale 1.0
  ren_scale  1.0
  Kqq      =   0.25117284703727361            +-   -2.6687383376594983E-004
  Kgq      =   -6.6580949529568792E-002       +-   -1.2797791370517764E-004
  K_nlo    =    1.1845918975077048            +-    2.9597295407733746E-004
  Kqq2     =    5.4685389037168811E-002       +-   -2.2020807608174261E-004
  Kgq2     =   -3.4132002664776402E-002       +-   -1.4875583765949367E-004
  Kqqs     =    1.6798594197934297E-003       +-   -3.5684809585660162E-006
  Kgg      =    9.6538373716122019E-004       +-   -1.6647737202919313E-006
  K_nnlo   =    1.2077905270370519            +-    3.9778812335533256E-004
  sig_LO   = ( -0.17477714142379913            +-    1.1833735371215276E-004 ) fb
  sig_NLO  = ( -0.20703958560019067            +-    1.2914972114187601E-004 ) fb
  sig_NNLO = ( -0.21109417575427972            +-    1.3724923881217800E-004 ) fb

  pp ---> HHW+ + X
  ===============

  PDFSET = PDF4LHC21_40                                NSET =  14
  Sqrt(S)  = 14.0 TeV
  LOOP     = 3
  alphaS(MZ) =   0.11800
          kl =   1.00000
          kv =   1.00000
         k2v =   1.00000
         kth =   1.00000
         kbh =   1.00000
        cHsq =  -2.00000
       chdup =   0.00000
         cHw =   0.00000
          cH =   0.00000
         cHb =   0.00000
        cHwb =   0.00000
      cHq1st =   0.00000
      cHq3st =   0.00000
      cHq1rd =   0.00000
      cHq3rd =   0.00000
       cHdst =   0.00000
       cHust =   0.00000
       cHdrd =   0.00000
       cHurd =   0.00000
         cth =   0.00000
         cbh =   0.00000
 --------------

  mH       = 125.0000      GeV
  fact_scale 1.0
  ren_scale  1.0
  Kqq      =   0.25113708358178344            +-   -2.6633405320200439E-004
  Kgq      =   -6.6417191260673483E-002       +-   -1.2766337237783432E-004
  K_nlo    =    1.1847198923211100            +-    2.9535024046357185E-004
  Kqq2     =    5.4679047684999350E-002       +-   -2.1964433621457624E-004
  Kgq2     =   -3.4048878346329074E-002       +-   -1.4839911852449828E-004
  Kqqs     =    1.6805639455314872E-003       +-   -3.5651553396837894E-006
  Kgg      =    9.6363936669065741E-004       +-   -1.6609174879124199E-006
  K_nnlo   =    1.2079942649720026            +-    3.9687928433136612E-004
  sig_LO   = ( -0.17531182468977100            +-    1.1786575063296212E-004 ) fb
  sig_NLO  = ( -0.20769540606908282            +-    1.2873747239862491E-004 ) fb
  sig_NNLO = ( -0.21177567880702047            +-    1.3686994549529403E-004 ) fb

  pp ---> HHW+ + X
  ===============

  PDFSET = PDF4LHC21_40                                NSET =  15
  Sqrt(S)  = 14.0 TeV
  LOOP     = 3
  alphaS(MZ) =   0.11800
          kl =   1.00000
          kv =   1.00000
         k2v =   1.00000
         kth =   1.00000
         kbh =   1.00000
        cHsq =  -2.00000
       chdup =   0.00000
         cHw =   0.00000
          cH =   0.00000
         cHb =   0.00000
        cHwb =   0.00000
      cHq1st =   0.00000
      cHq3st =   0.00000
      cHq1rd =   0.00000
      cHq3rd =   0.00000
       cHdst =   0.00000
       cHust =   0.00000
       cHdrd =   0.00000
       cHurd =   0.00000
         cth =   0.00000
         cbh =   0.00000
 --------------

  mH       = 125.0000      GeV
  fact_scale 1.0
  ren_scale  1.0
  Kqq      =   0.25115584108629208            +-   -2.6660943912232841E-004
  Kgq      =   -6.6421999482730032E-002       +-   -1.2754973087441651E-004
  K_nlo    =    1.1847338416035620            +-    2.9554953370841008E-004
  Kqq2     =    5.4684509345266398E-002       +-   -2.1992973535061279E-004
  Kgq2     =   -3.4059676636988966E-002       +-   -1.4829743769872162E-004
  Kqqs     =    1.6791651657201117E-003       +-   -3.5649186490096153E-006
  Kgg      =    9.6065560995986022E-004       +-   -1.6545653379574483E-006
  K_nnlo   =    1.2079984950875196            +-    3.9714756907991648E-004
  sig_LO   = ( -0.17502391857531999            +-    1.1826023364780904E-004 ) fb
  sig_NLO  = ( -0.20735675942624790            +-    1.2907863269978072E-004 ) fb
  sig_NNLO = ( -0.21142863024330708            +-    1.3717568288966597E-004 ) fb

  pp ---> HHW+ + X
  ===============

  PDFSET = PDF4LHC21_40                                NSET =  16
  Sqrt(S)  = 14.0 TeV
  LOOP     = 3
  alphaS(MZ) =   0.11800
          kl =   1.00000
          kv =   1.00000
         k2v =   1.00000
         kth =   1.00000
         kbh =   1.00000
        cHsq =  -2.00000
       chdup =   0.00000
         cHw =   0.00000
          cH =   0.00000
         cHb =   0.00000
        cHwb =   0.00000
      cHq1st =   0.00000
      cHq3st =   0.00000
      cHq1rd =   0.00000
      cHq3rd =   0.00000
       cHdst =   0.00000
       cHust =   0.00000
       cHdrd =   0.00000
       cHurd =   0.00000
         cth =   0.00000
         cbh =   0.00000
 --------------

  mH       = 125.0000      GeV
  fact_scale 1.0
  ren_scale  1.0
  Kqq      =   0.25093620512688675            +-   -2.6687093640809998E-004
  Kgq      =   -6.6605090039564371E-002       +-   -1.2810154383424349E-004
  K_nlo    =    1.1843311150873226            +-    2.9602382037946328E-004
  Kqq2     =    5.4595164694789068E-002       +-   -2.2018976238831394E-004
  Kgq2     =   -3.4142370306082963E-002       +-   -1.4886004953472331E-004
  Kqqs     =    1.6755660733387692E-003       +-   -3.5589118114548386E-006
  Kgg      =    9.6882639105531204E-004       +-   -1.6743990305512771E-006
  K_nnlo   =    1.2074283019404226            +-    3.9785476936383501E-004
  sig_LO   = ( -0.17542825143803806            +-    1.1863927520401229E-004 ) fb
  sig_NLO  = ( -0.20776513664343077            +-    1.2950714371857090E-004 ) fb
  sig_NNLO = ( -0.21181703574620778            +-    1.3764670345443229E-004 ) fb

  pp ---> HHW+ + X
  ===============

  PDFSET = PDF4LHC21_40                                NSET =  17
  Sqrt(S)  = 14.0 TeV
  LOOP     = 3
  alphaS(MZ) =   0.11800
          kl =   1.00000
          kv =   1.00000
         k2v =   1.00000
         kth =   1.00000
         kbh =   1.00000
        cHsq =  -2.00000
       chdup =   0.00000
         cHw =   0.00000
          cH =   0.00000
         cHb =   0.00000
        cHwb =   0.00000
      cHq1st =   0.00000
      cHq3st =   0.00000
      cHq1rd =   0.00000
      cHq3rd =   0.00000
       cHdst =   0.00000
       cHust =   0.00000
       cHdrd =   0.00000
       cHurd =   0.00000
         cth =   0.00000
         cbh =   0.00000
 --------------

  mH       = 125.0000      GeV
  fact_scale 1.0
  ren_scale  1.0
  Kqq      =   0.25140505699172672            +-   -2.6676009584794281E-004
  Kgq      =   -6.6233855721652052E-002       +-   -1.2729324447439307E-004
  K_nlo    =    1.1851712012700748            +-    2.9557489545903797E-004
  Kqq2     =    5.4778852528336065E-002       +-   -2.1995044303672388E-004
  Kgq2     =   -3.3953808986016146E-002       +-   -1.4795706252541100E-004
  Kqqs     =    1.6750373357706464E-003       +-   -3.5561907766002426E-006
  Kgg      =    9.6267511503902450E-004       +-   -1.6597297930933680E-006
  K_nnlo   =    1.2086339572632046            +-    3.9705089064834802E-004
  sig_LO   = ( -0.17571795779105026            +-    1.1876280633909040E-004 ) fb
  sig_NLO  = ( -0.20825586311994332            +-    1.2962307281003344E-004 ) fb
  sig_NNLO = ( -0.21237869068720577            +-    1.3774002168496992E-004 ) fb

  pp ---> HHW+ + X
  ===============

  PDFSET = PDF4LHC21_40                                NSET =  18
  Sqrt(S)  = 14.0 TeV
  LOOP     = 3
  alphaS(MZ) =   0.11800
          kl =   1.00000
          kv =   1.00000
         k2v =   1.00000
         kth =   1.00000
         kbh =   1.00000
        cHsq =  -2.00000
       chdup =   0.00000
         cHw =   0.00000
          cH =   0.00000
         cHb =   0.00000
        cHwb =   0.00000
      cHq1st =   0.00000
      cHq3st =   0.00000
      cHq1rd =   0.00000
      cHq3rd =   0.00000
       cHdst =   0.00000
       cHust =   0.00000
       cHdrd =   0.00000
       cHurd =   0.00000
         cth =   0.00000
         cbh =   0.00000
 --------------

  mH       = 125.0000      GeV
  fact_scale 1.0
  ren_scale  1.0
  Kqq      =   0.25105020972322201            +-   -2.6650587501743454E-004
  Kgq      =   -6.6269777585550138E-002       +-   -1.2725731204200723E-004
  K_nlo    =    1.1847804321376720            +-    2.9532999320584633E-004
  Kqq2     =    5.4638777863790011E-002       +-   -2.1989997681655173E-004
  Kgq2     =   -3.3973085560472238E-002       +-   -1.4790389797600211E-004
  Kqqs     =    1.6789882611549934E-003       +-   -3.5643058429463384E-006
  Kgg      =    9.5805954698196356E-004       +-   -1.6497022891862892E-006
  K_nnlo   =    1.2080831722491268            +-    3.9682085822341279E-004
  sig_LO   = ( -0.17602053884050958            +-    1.1892821526352605E-004 ) fb
  sig_NLO  = ( -0.20854569007256482            +-    1.2979318806974558E-004 ) fb
  sig_NNLO = ( -0.21264745094344342            +-    1.3792298677722852E-004 ) fb

  pp ---> HHW+ + X
  ===============

  PDFSET = PDF4LHC21_40                                NSET =  19
  Sqrt(S)  = 14.0 TeV
  LOOP     = 3
  alphaS(MZ) =   0.11800
          kl =   1.00000
          kv =   1.00000
         k2v =   1.00000
         kth =   1.00000
         kbh =   1.00000
        cHsq =  -2.00000
       chdup =   0.00000
         cHw =   0.00000
          cH =   0.00000
         cHb =   0.00000
        cHwb =   0.00000
      cHq1st =   0.00000
      cHq3st =   0.00000
      cHq1rd =   0.00000
      cHq3rd =   0.00000
       cHdst =   0.00000
       cHust =   0.00000
       cHdrd =   0.00000
       cHurd =   0.00000
         cth =   0.00000
         cbh =   0.00000
 --------------

  mH       = 125.0000      GeV
  fact_scale 1.0
  ren_scale  1.0
  Kqq      =   0.25139917870476902            +-   -2.6673778950227895E-004
  Kgq      =   -6.7045897542185512E-002       +-   -1.2893261382416050E-004
  K_nlo    =    1.1843532811625834            +-    2.9626452243914085E-004
  Kqq2     =    5.4775086106653020E-002       +-   -2.1983728059378228E-004
  Kgq2     =   -3.4368737536111763E-002       +-   -1.4985393811482934E-004
  Kqqs     =    1.6894169500296470E-003       +-   -3.5875667622146662E-006
  Kgg      =    9.7645240896087693E-004       +-   -1.6871965991097761E-006
  K_nnlo   =    1.2074254990921152            +-    3.9821227659518740E-004
  sig_LO   = ( -0.17384612531847535            +-    1.1735040448604352E-004 ) fb
  sig_NLO  = ( -0.20589522893833795            +-    1.2815547081638303E-004 ) fb
  sig_NNLO = ( -0.20990624462789051            +-    1.3624825330142175E-004 ) fb

  pp ---> HHW+ + X
  ===============

  PDFSET = PDF4LHC21_40                                NSET =  20
  Sqrt(S)  = 14.0 TeV
  LOOP     = 3
  alphaS(MZ) =   0.11800
          kl =   1.00000
          kv =   1.00000
         k2v =   1.00000
         kth =   1.00000
         kbh =   1.00000
        cHsq =  -2.00000
       chdup =   0.00000
         cHw =   0.00000
          cH =   0.00000
         cHb =   0.00000
        cHwb =   0.00000
      cHq1st =   0.00000
      cHq3st =   0.00000
      cHq1rd =   0.00000
      cHq3rd =   0.00000
       cHdst =   0.00000
       cHust =   0.00000
       cHdrd =   0.00000
       cHurd =   0.00000
         cth =   0.00000
         cbh =   0.00000
 --------------

  mH       = 125.0000      GeV
  fact_scale 1.0
  ren_scale  1.0
  Kqq      =   0.25103993138534697            +-   -2.6666838797550862E-004
  Kgq      =   -6.6476428181048944E-002       +-   -1.2777515492253867E-004
  K_nlo    =    1.1845635032042980            +-    2.9570004964648742E-004
  Kqq2     =    5.4637579089585719E-002       +-   -2.2000479634980103E-004
  Kgq2     =   -3.4078885833010664E-002       +-   -1.4849364647723893E-004
  Kqqs     =    1.6800560687585083E-003       +-   -3.5675090934310995E-006
  Kgg      =    9.6801124580123360E-004       +-   -1.6701423407649285E-006
  K_nnlo   =    1.2077702637754328            +-    3.9737452021805568E-004
  sig_LO   = ( -0.17547308623981556            +-    1.1872646437400410E-004 ) fb
  sig_NLO  = ( -0.20785901375430582            +-    1.2956957842783068E-004 ) fb
  sig_NNLO = ( -0.21193117565335129            +-    1.3768820472588882E-004 ) fb

  pp ---> HHW+ + X
  ===============

  PDFSET = PDF4LHC21_40                                NSET =  21
  Sqrt(S)  = 14.0 TeV
  LOOP     = 3
  alphaS(MZ) =   0.11800
          kl =   1.00000
          kv =   1.00000
         k2v =   1.00000
         kth =   1.00000
         kbh =   1.00000
        cHsq =  -2.00000
       chdup =   0.00000
         cHw =   0.00000
          cH =   0.00000
         cHb =   0.00000
        cHwb =   0.00000
      cHq1st =   0.00000
      cHq3st =   0.00000
      cHq1rd =   0.00000
      cHq3rd =   0.00000
       cHdst =   0.00000
       cHust =   0.00000
       cHdrd =   0.00000
       cHurd =   0.00000
         cth =   0.00000
         cbh =   0.00000
 --------------

  mH       = 125.0000      GeV
  fact_scale 1.0
  ren_scale  1.0
  Kqq      =   0.25138879506221862            +-   -2.6730337362960158E-004
  Kgq      =   -6.7142358850473635E-002       +-   -1.2909205373212420E-004
  K_nlo    =    1.1842464362117451            +-    2.9684314358014742E-004
  Kqq2     =    5.4788393568513574E-002       +-   -2.2020598617752970E-004
  Kgq2     =   -3.4418074419281096E-002       +-   -1.5002906820999655E-004
  Kqqs     =    1.6955880233990395E-003       +-   -3.6005047099763835E-006
  Kgg      =    9.7694357217898461E-004       +-   -1.6858493916140152E-006
  K_nnlo   =    1.2072892869565557            +-    3.9891234033213359E-004
  sig_LO   = ( -0.17344580657325870            +-    1.1735902858118517E-004 ) fb
  sig_NLO  = ( -0.20540257831025327            +-    1.2815603856937007E-004 ) fb
  sig_NNLO = ( -0.20939926414343413            +-    1.3623638422576896E-004 ) fb

  pp ---> HHW+ + X
  ===============

  PDFSET = PDF4LHC21_40                                NSET =  22
  Sqrt(S)  = 14.0 TeV
  LOOP     = 3
  alphaS(MZ) =   0.11800
          kl =   1.00000
          kv =   1.00000
         k2v =   1.00000
         kth =   1.00000
         kbh =   1.00000
        cHsq =  -2.00000
       chdup =   0.00000
         cHw =   0.00000
          cH =   0.00000
         cHb =   0.00000
        cHwb =   0.00000
      cHq1st =   0.00000
      cHq3st =   0.00000
      cHq1rd =   0.00000
      cHq3rd =   0.00000
       cHdst =   0.00000
       cHust =   0.00000
       cHdrd =   0.00000
       cHurd =   0.00000
         cth =   0.00000
         cbh =   0.00000
 --------------

  mH       = 125.0000      GeV
  fact_scale 1.0
  ren_scale  1.0
  Kqq      =   0.25113948048413914            +-   -2.6684278684279311E-004
  Kgq      =   -6.6767744298213555E-002       +-   -1.2848463304201019E-004
  K_nlo    =    1.1843717361859256            +-    2.9616443712567574E-004
  Kqq2     =    5.4677879638414695E-002       +-   -2.2014179280063052E-004
  Kgq2     =   -3.4226726340131818E-002       +-   -1.4934616028084664E-004
  Kqqs     =    1.6827221369621892E-003       +-   -3.5737048181942485E-006
  Kgg      =    9.7528760149027656E-004       +-   -1.6891694897762725E-006
  K_nnlo   =    1.2074808992226609            +-    3.9811516299403764E-004
  sig_LO   = ( -0.17449204483579148            +-    1.1807182385251194E-004 ) fb
  sig_NLO  = ( -0.20666344609279874            +-    1.2888602030973801E-004 ) fb
  sig_NNLO = ( -0.21069581120552239            +-    1.3699178343783955E-004 ) fb

  pp ---> HHW+ + X
  ===============

  PDFSET = PDF4LHC21_40                                NSET =  23
  Sqrt(S)  = 14.0 TeV
  LOOP     = 3
  alphaS(MZ) =   0.11800
          kl =   1.00000
          kv =   1.00000
         k2v =   1.00000
         kth =   1.00000
         kbh =   1.00000
        cHsq =  -2.00000
       chdup =   0.00000
         cHw =   0.00000
          cH =   0.00000
         cHb =   0.00000
        cHwb =   0.00000
      cHq1st =   0.00000
      cHq3st =   0.00000
      cHq1rd =   0.00000
      cHq3rd =   0.00000
       cHdst =   0.00000
       cHust =   0.00000
       cHdrd =   0.00000
       cHurd =   0.00000
         cth =   0.00000
         cbh =   0.00000
 --------------

  mH       = 125.0000      GeV
  fact_scale 1.0
  ren_scale  1.0
  Kqq      =   0.25114210390489389            +-   -2.6691892399754308E-004
  Kgq      =   -6.6619149870157213E-002       +-   -1.2806095474720690E-004
  K_nlo    =    1.1845229540347366            +-    2.9604952308485879E-004
  Kqq2     =    5.4680118975981094E-002       +-   -2.2015653180059287E-004
  Kgq2     =   -3.4150577763647924E-002       +-   -1.4880698292822904E-004
  Kqqs     =    1.6834232197824766E-003       +-   -3.5750549553822656E-006
  Kgg      =    9.6961873329800164E-004       +-   -1.6731530963138251E-006
  K_nnlo   =    1.2077055372001502            +-    3.9783579180442994E-004
  sig_LO   = ( -0.17484369793902890            +-    1.1832296095252560E-004 ) fb
  sig_NLO  = ( -0.20710637357709571            +-    1.2914979077782360E-004 ) fb
  sig_NNLO = ( -0.21115970214551572            +-    1.3725446746736363E-004 ) fb

  pp ---> HHW+ + X
  ===============

  PDFSET = PDF4LHC21_40                                NSET =  24
  Sqrt(S)  = 14.0 TeV
  LOOP     = 3
  alphaS(MZ) =   0.11800
          kl =   1.00000
          kv =   1.00000
         k2v =   1.00000
         kth =   1.00000
         kbh =   1.00000
        cHsq =  -2.00000
       chdup =   0.00000
         cHw =   0.00000
          cH =   0.00000
         cHb =   0.00000
        cHwb =   0.00000
      cHq1st =   0.00000
      cHq3st =   0.00000
      cHq1rd =   0.00000
      cHq3rd =   0.00000
       cHdst =   0.00000
       cHust =   0.00000
       cHdrd =   0.00000
       cHurd =   0.00000
         cth =   0.00000
         cbh =   0.00000
 --------------

  mH       = 125.0000      GeV
  fact_scale 1.0
  ren_scale  1.0
  Kqq      =   0.25098837466443957            +-   -2.6721620842195707E-004
  Kgq      =   -6.6461762361961621E-002       +-   -1.2774166800219458E-004
  K_nlo    =    1.1845266123024778            +-    2.9617973561232999E-004
  Kqq2     =    5.4613803441542312E-002       +-   -2.2045036479487746E-004
  Kgq2     =   -3.4070429805928580E-002       +-   -1.4847297970259138E-004
  Kqqs     =    1.6799041701819014E-003       +-   -3.5692247605617333E-006
  Kgg      =    9.6797678668212423E-004       +-   -1.6706738962504055E-006
  K_nnlo   =    1.2077178668949553            +-    3.9797054582469966E-004
  sig_LO   = ( -0.17528581975678034            +-    1.1919699942807199E-004 ) fb
  sig_NLO  = ( -0.20763071826116178            +-    1.3001233371026392E-004 ) fb
  sig_NNLO = ( -0.21169581633359244            +-    1.3810932633522886E-004 ) fb

  pp ---> HHW+ + X
  ===============

  PDFSET = PDF4LHC21_40                                NSET =  25
  Sqrt(S)  = 14.0 TeV
  LOOP     = 3
  alphaS(MZ) =   0.11800
          kl =   1.00000
          kv =   1.00000
         k2v =   1.00000
         kth =   1.00000
         kbh =   1.00000
        cHsq =  -2.00000
       chdup =   0.00000
         cHw =   0.00000
          cH =   0.00000
         cHb =   0.00000
        cHwb =   0.00000
      cHq1st =   0.00000
      cHq3st =   0.00000
      cHq1rd =   0.00000
      cHq3rd =   0.00000
       cHdst =   0.00000
       cHust =   0.00000
       cHdrd =   0.00000
       cHurd =   0.00000
         cth =   0.00000
         cbh =   0.00000
 --------------

  mH       = 125.0000      GeV
  fact_scale 1.0
  ren_scale  1.0
  Kqq      =   0.25110073186072873            +-   -2.6680421754248326E-004
  Kgq      =   -6.6670060565024947E-002       +-   -1.2817320283375588E-004
  K_nlo    =    1.1844306712957038            +-    2.9599469661316548E-004
  Kqq2     =    5.4663092176619389E-002       +-   -2.2005381579017681E-004
  Kgq2     =   -3.4178476520855317E-002       +-   -1.4891055677321031E-004
  Kqqs     =    1.6813809547514360E-003       +-   -3.5695082060784609E-006
  Kgg      =    9.7492618728077182E-004       +-   -1.6840224159787840E-006
  K_nnlo   =    1.2075715940934999            +-    3.9777691424437294E-004
  sig_LO   = ( -0.17458450373135515            +-    1.1815397279690938E-004 ) fb
  sig_NLO  = ( -0.20678324095235628            +-    1.2896037871213941E-004 ) fb
  sig_NNLO = ( -0.21082328747489515            +-    1.3705132059307060E-004 ) fb

  pp ---> HHW+ + X
  ===============

  PDFSET = PDF4LHC21_40                                NSET =  26
  Sqrt(S)  = 14.0 TeV
  LOOP     = 3
  alphaS(MZ) =   0.11800
          kl =   1.00000
          kv =   1.00000
         k2v =   1.00000
         kth =   1.00000
         kbh =   1.00000
        cHsq =  -2.00000
       chdup =   0.00000
         cHw =   0.00000
          cH =   0.00000
         cHb =   0.00000
        cHwb =   0.00000
      cHq1st =   0.00000
      cHq3st =   0.00000
      cHq1rd =   0.00000
      cHq3rd =   0.00000
       cHdst =   0.00000
       cHust =   0.00000
       cHdrd =   0.00000
       cHurd =   0.00000
         cth =   0.00000
         cbh =   0.00000
 --------------

  mH       = 125.0000      GeV
  fact_scale 1.0
  ren_scale  1.0
  Kqq      =   0.25106039238445665            +-   -2.6658831960415461E-004
  Kgq      =   -6.6495423343559540E-002       +-   -1.2785911521508194E-004
  K_nlo    =    1.1845649690408973            +-    2.9566414306261504E-004
  Kqq2     =    5.4646042982279160E-002       +-   -2.1992235401126697E-004
  Kgq2     =   -3.4087340229337224E-002       +-   -1.4858851714888950E-004
  Kqqs     =    1.6820510390796089E-003       +-   -3.5686368598756085E-006
  Kgg      =    9.6729693816388119E-004       +-   -1.6681354300138049E-006
  K_nnlo   =    1.2077730197710828            +-    3.9733763043558291E-004
  sig_LO   = ( -0.17517067007744375            +-    1.1840650814002050E-004 ) fb
  sig_NLO  = ( -0.20750103937716036            +-    1.2923807455490375E-004 ) fb
  sig_NNLO = ( -0.21156640917475822            +-    1.3734819077875176E-004 ) fb

  pp ---> HHW+ + X
  ===============

  PDFSET = PDF4LHC21_40                                NSET =  27
  Sqrt(S)  = 14.0 TeV
  LOOP     = 3
  alphaS(MZ) =   0.11800
          kl =   1.00000
          kv =   1.00000
         k2v =   1.00000
         kth =   1.00000
         kbh =   1.00000
        cHsq =  -2.00000
       chdup =   0.00000
         cHw =   0.00000
          cH =   0.00000
         cHb =   0.00000
        cHwb =   0.00000
      cHq1st =   0.00000
      cHq3st =   0.00000
      cHq1rd =   0.00000
      cHq3rd =   0.00000
       cHdst =   0.00000
       cHust =   0.00000
       cHdrd =   0.00000
       cHurd =   0.00000
         cth =   0.00000
         cbh =   0.00000
 --------------

  mH       = 125.0000      GeV
  fact_scale 1.0
  ren_scale  1.0
  Kqq      =   0.25113027251592035            +-   -2.6703712064526106E-004
  Kgq      =   -6.6676533123595241E-002       +-   -1.2819998564793958E-004
  K_nlo    =    1.1844537393923251            +-    2.9621623878957684E-004
  Kqq2     =    5.4672985626973883E-002       +-   -2.2028664512076671E-004
  Kgq2     =   -3.4179948235021428E-002       +-   -1.4903011342723096E-004
  Kqqs     =    1.6831468689842968E-003       +-   -3.5744661341166894E-006
  Kgg      =    9.6905368776148784E-004       +-   -1.6722731955715487E-006
  K_nnlo   =    1.2075989773410234            +-    3.9811532770683941E-004
  sig_LO   = ( -0.17491050330109192            +-    1.1847520457222889E-004 ) fb
  sig_NLO  = ( -0.20717339969397194            +-    1.2930888662880845E-004 ) fb
  sig_NNLO = ( -0.21122174491260226            +-    1.3742396071345940E-004 ) fb

  pp ---> HHW+ + X
  ===============

  PDFSET = PDF4LHC21_40                                NSET =  28
  Sqrt(S)  = 14.0 TeV
  LOOP     = 3
  alphaS(MZ) =   0.11800
          kl =   1.00000
          kv =   1.00000
         k2v =   1.00000
         kth =   1.00000
         kbh =   1.00000
        cHsq =  -2.00000
       chdup =   0.00000
         cHw =   0.00000
          cH =   0.00000
         cHb =   0.00000
        cHwb =   0.00000
      cHq1st =   0.00000
      cHq3st =   0.00000
      cHq1rd =   0.00000
      cHq3rd =   0.00000
       cHdst =   0.00000
       cHust =   0.00000
       cHdrd =   0.00000
       cHurd =   0.00000
         cth =   0.00000
         cbh =   0.00000
 --------------

  mH       = 125.0000      GeV
  fact_scale 1.0
  ren_scale  1.0
  Kqq      =   0.25109910171842886            +-   -2.6689073571244012E-004
  Kgq      =   -6.6387608690375063E-002       +-   -1.2756738604373792E-004
  K_nlo    =    1.1847114930280538            +-    2.9581092405649867E-004
  Kqq2     =    5.4662436212923438E-002       +-   -2.2013302011324019E-004
  Kgq2     =   -3.4033225966597601E-002       +-   -1.4826038526937616E-004
  Kqqs     =    1.6827724519190730E-003       +-   -3.5744534415820758E-006
  Kgg      =    9.6428708597737396E-004       +-   -1.6618611087764371E-006
  K_nnlo   =    1.2079877628122759            +-    3.9744097634153251E-004
  sig_LO   = ( -0.17513555769600042            +-    1.1857940896679637E-004 ) fb
  sig_NLO  = ( -0.20748510804032952            +-    1.2940263767001589E-004 ) fb
  sig_NNLO = ( -0.21156161053007183            +-    1.3749937460163819E-004 ) fb

  pp ---> HHW+ + X
  ===============

  PDFSET = PDF4LHC21_40                                NSET =  29
  Sqrt(S)  = 14.0 TeV
  LOOP     = 3
  alphaS(MZ) =   0.11800
          kl =   1.00000
          kv =   1.00000
         k2v =   1.00000
         kth =   1.00000
         kbh =   1.00000
        cHsq =  -2.00000
       chdup =   0.00000
         cHw =   0.00000
          cH =   0.00000
         cHb =   0.00000
        cHwb =   0.00000
      cHq1st =   0.00000
      cHq3st =   0.00000
      cHq1rd =   0.00000
      cHq3rd =   0.00000
       cHdst =   0.00000
       cHust =   0.00000
       cHdrd =   0.00000
       cHurd =   0.00000
         cth =   0.00000
         cbh =   0.00000
 --------------

  mH       = 125.0000      GeV
  fact_scale 1.0
  ren_scale  1.0
  Kqq      =   0.25110257083800042            +-   -2.6675997321181207E-004
  Kgq      =   -6.6435563134636874E-002       +-   -1.2766719545485308E-004
  K_nlo    =    1.1846670077033634            +-    2.9573602435833610E-004
  Kqq2     =    5.4662589520836774E-002       +-   -2.2002803417356951E-004
  Kgq2     =   -3.4058468098741405E-002       +-   -1.4837597789972611E-004
  Kqqs     =    1.6837006738494012E-003       +-   -3.5747788851425099E-006
  Kgg      =    9.6506834687920063E-004       +-   -1.6640654380546341E-006
  K_nnlo   =    1.2079198981461874            +-    3.9737024410632416E-004
  sig_LO   = ( -0.17533596820446209            +-    1.1863814213039000E-004 ) fb
  sig_NLO  = ( -0.20771473679555219            +-    1.2947493654965315E-004 ) fb
  sig_NNLO = ( -0.21179180485489704            +-    1.3758407252069651E-004 ) fb

  pp ---> HHW+ + X
  ===============

  PDFSET = PDF4LHC21_40                                NSET =  30
  Sqrt(S)  = 14.0 TeV
  LOOP     = 3
  alphaS(MZ) =   0.11800
          kl =   1.00000
          kv =   1.00000
         k2v =   1.00000
         kth =   1.00000
         kbh =   1.00000
        cHsq =  -2.00000
       chdup =   0.00000
         cHw =   0.00000
          cH =   0.00000
         cHb =   0.00000
        cHwb =   0.00000
      cHq1st =   0.00000
      cHq3st =   0.00000
      cHq1rd =   0.00000
      cHq3rd =   0.00000
       cHdst =   0.00000
       cHust =   0.00000
       cHdrd =   0.00000
       cHurd =   0.00000
         cth =   0.00000
         cbh =   0.00000
 --------------

  mH       = 125.0000      GeV
  fact_scale 1.0
  ren_scale  1.0
  Kqq      =   0.25108269273969824            +-   -2.6657223983803249E-004
  Kgq      =   -6.6554180448542180E-002       +-   -1.2782269419898327E-004
  K_nlo    =    1.1845285122911562            +-    2.9563389556096627E-004
  Kqq2     =    5.4654299085392898E-002       +-   -2.1990842385433159E-004
  Kgq2     =   -3.4116328684638757E-002       +-   -1.4855940486497663E-004
  Kqqs     =    1.6796325209819400E-003       +-   -3.5652719572004442E-006
  Kgg      =    9.6707420075854082E-004       +-   -1.6639605191912970E-006
  K_nnlo   =    1.2077131894136510            +-    3.9729647845056833E-004
  sig_LO   = ( -0.17521617950069279            +-    1.1840722251333539E-004 ) fb
  sig_NLO  = ( -0.20754856043329578            +-    1.2924199760378771E-004 ) fb
  sig_NNLO = ( -0.21161089098165642            +-    1.3735431642727082E-004 ) fb

  pp ---> HHW+ + X
  ===============

  PDFSET = PDF4LHC21_40                                NSET =  31
  Sqrt(S)  = 14.0 TeV
  LOOP     = 3
  alphaS(MZ) =   0.11800
          kl =   1.00000
          kv =   1.00000
         k2v =   1.00000
         kth =   1.00000
         kbh =   1.00000
        cHsq =  -2.00000
       chdup =   0.00000
         cHw =   0.00000
          cH =   0.00000
         cHb =   0.00000
        cHwb =   0.00000
      cHq1st =   0.00000
      cHq3st =   0.00000
      cHq1rd =   0.00000
      cHq3rd =   0.00000
       cHdst =   0.00000
       cHust =   0.00000
       cHdrd =   0.00000
       cHurd =   0.00000
         cth =   0.00000
         cbh =   0.00000
 --------------

  mH       = 125.0000      GeV
  fact_scale 1.0
  ren_scale  1.0
  Kqq      =   0.25114914065725608            +-   -2.6786955374531350E-004
  Kgq      =   -6.6605290978529894E-002       +-   -1.2812995439702438E-004
  K_nlo    =    1.1845438496787262            +-    2.9693666502723595E-004
  Kqq2     =    5.4675154383569777E-002       +-   -2.2080515274544029E-004
  Kgq2     =   -3.4143665368499047E-002       +-   -1.4894630872472214E-004
  Kqqs     =    1.6815056986526850E-003       +-   -3.5771941908022246E-006
  Kgg      =    9.6687172480441549E-004       +-   -1.6668225307435637E-006
  K_nnlo   =    1.2077237161172540            +-    3.9890710198589108E-004
  sig_LO   = ( -0.17455469933903112            +-    1.1859604941095441E-004 ) fb
  sig_NLO  = ( -0.20676769553456853            +-    1.2942776770789107E-004 ) fb
  sig_NNLO = ( -0.21081385015146467            +-    1.3752641314110969E-004 ) fb

  pp ---> HHW+ + X
  ===============

  PDFSET = PDF4LHC21_40                                NSET =  32
  Sqrt(S)  = 14.0 TeV
  LOOP     = 3
  alphaS(MZ) =   0.11800
          kl =   1.00000
          kv =   1.00000
         k2v =   1.00000
         kth =   1.00000
         kbh =   1.00000
        cHsq =  -2.00000
       chdup =   0.00000
         cHw =   0.00000
          cH =   0.00000
         cHb =   0.00000
        cHwb =   0.00000
      cHq1st =   0.00000
      cHq3st =   0.00000
      cHq1rd =   0.00000
      cHq3rd =   0.00000
       cHdst =   0.00000
       cHust =   0.00000
       cHdrd =   0.00000
       cHurd =   0.00000
         cth =   0.00000
         cbh =   0.00000
 --------------

  mH       = 125.0000      GeV
  fact_scale 1.0
  ren_scale  1.0
  Kqq      =   0.25107650096675060            +-   -2.6678384913047983E-004
  Kgq      =   -6.6582601942488800E-002       +-   -1.2801764457509224E-004
  K_nlo    =    1.1844938990242617            +-    2.9590900540441359E-004
  Kqq2     =    5.4652783441829840E-002       +-   -2.2007762728344302E-004
  Kgq2     =   -3.4132026073876637E-002       +-   -1.4877892331181577E-004
  Kqqs     =    1.6824981205183077E-003       +-   -3.5735382278861972E-006
  Kgg      =    9.6819594149843990E-004       +-   -1.6706977135151589E-006
  K_nnlo   =    1.2076653504542316            +-    3.9767704351430520E-004
  sig_LO   = ( -0.17508404786600479            +-    1.1847397233709097E-004 ) fb
  sig_NLO  = ( -0.20738598651375451            +-    1.2930680204563188E-004 ) fb
  sig_NNLO = ( -0.21144293802504416            +-    1.3741902427660810E-004 ) fb

  pp ---> HHW+ + X
  ===============

  PDFSET = PDF4LHC21_40                                NSET =  33
  Sqrt(S)  = 14.0 TeV
  LOOP     = 3
  alphaS(MZ) =   0.11800
          kl =   1.00000
          kv =   1.00000
         k2v =   1.00000
         kth =   1.00000
         kbh =   1.00000
        cHsq =  -2.00000
       chdup =   0.00000
         cHw =   0.00000
          cH =   0.00000
         cHb =   0.00000
        cHwb =   0.00000
      cHq1st =   0.00000
      cHq3st =   0.00000
      cHq1rd =   0.00000
      cHq3rd =   0.00000
       cHdst =   0.00000
       cHust =   0.00000
       cHdrd =   0.00000
       cHurd =   0.00000
         cth =   0.00000
         cbh =   0.00000
 --------------

  mH       = 125.0000      GeV
  fact_scale 1.0
  ren_scale  1.0
  Kqq      =   0.25107539211017860            +-   -2.6663716319869231E-004
  Kgq      =   -6.6523021528169982E-002       +-   -1.2789126376131204E-004
  K_nlo    =    1.1845523705820087            +-    2.9572208599479267E-004
  Kqq2     =    5.4652294464276600E-002       +-   -2.1997014022989404E-004
  Kgq2     =   -3.4102172109909124E-002       +-   -1.4865752645519488E-004
  Kqqs     =    1.6812680210928105E-003       +-   -3.5694836258747255E-006
  Kgg      =    9.6718138536000195E-004       +-   -1.6691889374554342E-006
  K_nnlo   =    1.2077509423428292            +-    3.9743301613569064E-004
  sig_LO   = ( -0.17497333830152967            +-    1.1830087119076828E-004 ) fb
  sig_NLO  = ( -0.20726508267372473            +-    1.2912197298943146E-004 ) fb
  sig_NNLO = ( -0.21132421421854305            +-    1.3722584661535531E-004 ) fb

  pp ---> HHW+ + X
  ===============

  PDFSET = PDF4LHC21_40                                NSET =  34
  Sqrt(S)  = 14.0 TeV
  LOOP     = 3
  alphaS(MZ) =   0.11800
          kl =   1.00000
          kv =   1.00000
         k2v =   1.00000
         kth =   1.00000
         kbh =   1.00000
        cHsq =  -2.00000
       chdup =   0.00000
         cHw =   0.00000
          cH =   0.00000
         cHb =   0.00000
        cHwb =   0.00000
      cHq1st =   0.00000
      cHq3st =   0.00000
      cHq1rd =   0.00000
      cHq3rd =   0.00000
       cHdst =   0.00000
       cHust =   0.00000
       cHdrd =   0.00000
       cHurd =   0.00000
         cth =   0.00000
         cbh =   0.00000
 --------------

  mH       = 125.0000      GeV
  fact_scale 1.0
  ren_scale  1.0
  Kqq      =   0.25099746742624923            +-   -2.6619736876442104E-004
  Kgq      =   -6.6589829592555133E-002       +-   -1.2806493960788520E-004
  K_nlo    =    1.1844076378336941            +-    2.9540085967016489E-004
  Kqq2     =    5.4628712272585499E-002       +-   -2.1952225769206860E-004
  Kgq2     =   -3.4135670169805198E-002       +-   -1.4878555650858414E-004
  Kqqs     =    1.6823841029618978E-003       +-   -3.5678855856781217E-006
  Kgg      =    9.7087276722012891E-004       +-   -1.6769434679974052E-006
  K_nnlo   =    1.2075539368066563            +-    3.9699417286480652E-004
  sig_LO   = ( -0.17550285077548100            +-    1.1807808947806222E-004 ) fb
  sig_NLO  = ( -0.20786691692006679            +-    1.2895814715638653E-004 ) fb
  sig_NNLO = ( -0.21192915837472326            +-    1.3710159377952697E-004 ) fb

  pp ---> HHW+ + X
  ===============

  PDFSET = PDF4LHC21_40                                NSET =  35
  Sqrt(S)  = 14.0 TeV
  LOOP     = 3
  alphaS(MZ) =   0.11800
          kl =   1.00000
          kv =   1.00000
         k2v =   1.00000
         kth =   1.00000
         kbh =   1.00000
        cHsq =  -2.00000
       chdup =   0.00000
         cHw =   0.00000
          cH =   0.00000
         cHb =   0.00000
        cHwb =   0.00000
      cHq1st =   0.00000
      cHq3st =   0.00000
      cHq1rd =   0.00000
      cHq3rd =   0.00000
       cHdst =   0.00000
       cHust =   0.00000
       cHdrd =   0.00000
       cHurd =   0.00000
         cth =   0.00000
         cbh =   0.00000
 --------------

  mH       = 125.0000      GeV
  fact_scale 1.0
  ren_scale  1.0
  Kqq      =   0.25104229607465839            +-   -2.6680038637680450E-004
  Kgq      =   -6.6526847575779507E-002       +-   -1.2786205947525609E-004
  K_nlo    =    1.1845154484988789            +-    2.9585664167644792E-004
  Kqq2     =    5.4637854043738575E-002       +-   -2.2011029840260274E-004
  Kgq2     =   -3.4103657110613625E-002       +-   -1.4858356470654128E-004
  Kqqs     =    1.6805607481567269E-003       +-   -3.5685915970526426E-006
  Kgg      =    9.6795450277061272E-004       +-   -1.6700201198514921E-006
  K_nnlo   =    1.2076981606829311            +-    3.9758306729668344E-004
  sig_LO   = ( -0.17519080497059880            +-    1.1847298307498844E-004 ) fb
  sig_NLO  = ( -0.20751621492262845            +-    1.2931487900089960E-004 ) fb
  sig_NNLO = ( -0.21157761293155428            +-    1.3743134236081275E-004 ) fb

  pp ---> HHW+ + X
  ===============

  PDFSET = PDF4LHC21_40                                NSET =  36
  Sqrt(S)  = 14.0 TeV
  LOOP     = 3
  alphaS(MZ) =   0.11800
          kl =   1.00000
          kv =   1.00000
         k2v =   1.00000
         kth =   1.00000
         kbh =   1.00000
        cHsq =  -2.00000
       chdup =   0.00000
         cHw =   0.00000
          cH =   0.00000
         cHb =   0.00000
        cHwb =   0.00000
      cHq1st =   0.00000
      cHq3st =   0.00000
      cHq1rd =   0.00000
      cHq3rd =   0.00000
       cHdst =   0.00000
       cHust =   0.00000
       cHdrd =   0.00000
       cHurd =   0.00000
         cth =   0.00000
         cbh =   0.00000
 --------------

  mH       = 125.0000      GeV
  fact_scale 1.0
  ren_scale  1.0
  Kqq      =   0.25114385401026623            +-   -2.6688896940860933E-004
  Kgq      =   -6.6767765547591590E-002       +-   -1.2839303348418431E-004
  K_nlo    =    1.1843760884626746            +-    2.9616632664646481E-004
  Kqq2     =    5.4677018613604578E-002       +-   -2.2019445922576199E-004
  Kgq2     =   -3.4225128195392675E-002       +-   -1.4916850019466391E-004
  Kqqs     =    1.6819226134044509E-003       +-   -3.5717879607052221E-006
  Kgg      =    9.7451679005200183E-004       +-   -1.6830080428469605E-006
  K_nnlo   =    1.2074844182843427            +-    3.9807904309146976E-004
  sig_LO   = ( -0.17475215221394061            +-    1.1818356106279623E-004 ) fb
  sig_NLO  = ( -0.20697227048958092            +-    1.2901940512173425E-004 ) fb
  sig_NNLO = ( -0.21101050085998707            +-    1.3713740159938158E-004 ) fb

  pp ---> HHW+ + X
  ===============

  PDFSET = PDF4LHC21_40                                NSET =  37
  Sqrt(S)  = 14.0 TeV
  LOOP     = 3
  alphaS(MZ) =   0.11800
          kl =   1.00000
          kv =   1.00000
         k2v =   1.00000
         kth =   1.00000
         kbh =   1.00000
        cHsq =  -2.00000
       chdup =   0.00000
         cHw =   0.00000
          cH =   0.00000
         cHb =   0.00000
        cHwb =   0.00000
      cHq1st =   0.00000
      cHq3st =   0.00000
      cHq1rd =   0.00000
      cHq3rd =   0.00000
       cHdst =   0.00000
       cHust =   0.00000
       cHdrd =   0.00000
       cHurd =   0.00000
         cth =   0.00000
         cbh =   0.00000
 --------------

  mH       = 125.0000      GeV
  fact_scale 1.0
  ren_scale  1.0
  Kqq      =   0.25104978071422090            +-   -2.6686542697943144E-004
  Kgq      =   -6.6599063370943651E-002       +-   -1.2797650854610225E-004
  K_nlo    =    1.1844507173432772            +-    2.9596476624180261E-004
  Kqq2     =    5.4642333313900206E-002       +-   -2.2019775869500658E-004
  Kgq2     =   -3.4141387250234224E-002       +-   -1.4871265018319860E-004
  Kqqs     =    1.6819121624762629E-003       +-   -3.5712985486811206E-006
  Kgg      =    9.6817737052766765E-004       +-   -1.6702825970716522E-006
  K_nnlo   =    1.2076017529399470            +-    3.9776021939437017E-004
  sig_LO   = ( -0.17501920781957142            +-    1.1850619544287276E-004 ) fb
  sig_NLO  = ( -0.20730162625074350            +-    1.2933255011689362E-004 ) fb
  sig_NNLO = ( -0.21135350216107535            +-    1.3744111848873730E-004 ) fb

  pp ---> HHW+ + X
  ===============

  PDFSET = PDF4LHC21_40                                NSET =  38
  Sqrt(S)  = 14.0 TeV
  LOOP     = 3
  alphaS(MZ) =   0.11800
          kl =   1.00000
          kv =   1.00000
         k2v =   1.00000
         kth =   1.00000
         kbh =   1.00000
        cHsq =  -2.00000
       chdup =   0.00000
         cHw =   0.00000
          cH =   0.00000
         cHb =   0.00000
        cHwb =   0.00000
      cHq1st =   0.00000
      cHq3st =   0.00000
      cHq1rd =   0.00000
      cHq3rd =   0.00000
       cHdst =   0.00000
       cHust =   0.00000
       cHdrd =   0.00000
       cHurd =   0.00000
         cth =   0.00000
         cbh =   0.00000
 --------------

  mH       = 125.0000      GeV
  fact_scale 1.0
  ren_scale  1.0
  Kqq      =   0.25081031250558339            +-   -2.6671910554624861E-004
  Kgq      =   -6.6225294466333059E-002       +-   -1.2731448230024025E-004
  K_nlo    =    1.1845850180392503            +-    2.9554704983601022E-004
  Kqq2     =    5.4546959971587310E-002       +-   -2.1998202270171913E-004
  Kgq2     =   -3.3948215667387822E-002       +-   -1.4795647163460513E-004
  Kqqs     =    1.6751322669509138E-003       +-   -3.5575770776525735E-006
  Kgg      =    9.6331904919128887E-004       +-   -1.6614617992411669E-006
  K_nnlo   =    1.2078222136595920            +-    3.9704745722299274E-004
  sig_LO   = ( -0.17588033632445008            +-    1.1905622606782920E-004 ) fb
  sig_NLO  = ( -0.20834521137764811            +-    1.2990920075327416E-004 ) fb
  sig_NNLO = ( -0.21243217715859086            +-    1.3802539821248708E-004 ) fb

  pp ---> HHW+ + X
  ===============

  PDFSET = PDF4LHC21_40                                NSET =  39
  Sqrt(S)  = 14.0 TeV
  LOOP     = 3
  alphaS(MZ) =   0.11800
          kl =   1.00000
          kv =   1.00000
         k2v =   1.00000
         kth =   1.00000
         kbh =   1.00000
        cHsq =  -2.00000
       chdup =   0.00000
         cHw =   0.00000
          cH =   0.00000
         cHb =   0.00000
        cHwb =   0.00000
      cHq1st =   0.00000
      cHq3st =   0.00000
      cHq1rd =   0.00000
      cHq3rd =   0.00000
       cHdst =   0.00000
       cHust =   0.00000
       cHdrd =   0.00000
       cHurd =   0.00000
         cth =   0.00000
         cbh =   0.00000
 --------------

  mH       = 125.0000      GeV
  fact_scale 1.0
  ren_scale  1.0
  Kqq      =   0.25104126597342497            +-   -2.6686990815039590E-004
  Kgq      =   -6.6718680981130513E-002       +-   -1.2830164011081618E-004
  K_nlo    =    1.1843225849922945            +-    2.9610953839977216E-004
  Kqq2     =    5.4636973790988148E-002       +-   -2.2018657370912094E-004
  Kgq2     =   -3.4200316058278994E-002       +-   -1.4909416820156412E-004
  Kqqs     =    1.6802427781919837E-003       +-   -3.5703334432188862E-006
  Kgg      =    9.7216803176765050E-004       +-   -1.6789116517865560E-006
  K_nnlo   =    1.2074116535349633            +-    3.9800455146899366E-004
  sig_LO   = ( -0.17485394488383482            +-    1.1821558475099843E-004 ) fb
  sig_NLO  = ( -0.20708347600092344            +-    1.2905684973600325E-004 ) fb
  sig_NNLO = ( -0.21112069071930231            +-    1.3717894745891236E-004 ) fb

  pp ---> HHW+ + X
  ===============

  PDFSET = PDF4LHC21_40                                NSET =  40
  Sqrt(S)  = 14.0 TeV
  LOOP     = 3
  alphaS(MZ) =   0.11800
          kl =   1.00000
          kv =   1.00000
         k2v =   1.00000
         kth =   1.00000
         kbh =   1.00000
        cHsq =  -2.00000
       chdup =   0.00000
         cHw =   0.00000
          cH =   0.00000
         cHb =   0.00000
        cHwb =   0.00000
      cHq1st =   0.00000
      cHq3st =   0.00000
      cHq1rd =   0.00000
      cHq3rd =   0.00000
       cHdst =   0.00000
       cHust =   0.00000
       cHdrd =   0.00000
       cHurd =   0.00000
         cth =   0.00000
         cbh =   0.00000
 --------------

  mH       = 125.0000      GeV
  fact_scale 1.0
  ren_scale  1.0
  Kqq      =   0.25110821761211410            +-   -2.6695077502285846E-004
  Kgq      =   -6.6548959476317504E-002       +-   -1.2791953302476679E-004
  K_nlo    =    1.1845592581357964            +-    2.9601709953071828E-004
  Kqq2     =    5.4664525305410827E-002       +-   -2.2023205168097328E-004
  Kgq2     =   -3.4115643049763750E-002       +-   -1.4866999244705811E-004
  Kqqs     =    1.6815176014478288E-003       +-   -3.5708710083326398E-006
  Kgg      =    9.6882595215028037E-004       +-   -1.6712216696530094E-006
  K_nnlo   =    1.2077584839450415            +-    3.9780220029309249E-004
  sig_LO   = ( -0.17486652249096821            +-    1.1836249092908904E-004 ) fb
  sig_NLO  = ( -0.20713975815468788            +-    1.2918644357178200E-004 ) fb
  sig_NNLO = ( -0.21119652609643330            +-    1.3729017112629058E-004 ) fb

  pp ---> HHW+ + X
  ===============

  PDFSET = PDF4LHC21_40                                NSET =  41
  Sqrt(S)  = 14.0 TeV
  LOOP     = 3
  alphaS(MZ) =   0.11700
          kl =   1.00000
          kv =   1.00000
         k2v =   1.00000
         kth =   1.00000
         kbh =   1.00000
        cHsq =  -2.00000
       chdup =   0.00000
         cHw =   0.00000
          cH =   0.00000
         cHb =   0.00000
        cHwb =   0.00000
      cHq1st =   0.00000
      cHq3st =   0.00000
      cHq1rd =   0.00000
      cHq3rd =   0.00000
       cHdst =   0.00000
       cHust =   0.00000
       cHdrd =   0.00000
       cHurd =   0.00000
         cth =   0.00000
         cbh =   0.00000
 --------------

  mH       = 125.0000      GeV
  fact_scale 1.0
  ren_scale  1.0
  Kqq      =   0.24921014972000891            +-   -2.6504442506825683E-004
  Kgq      =   -6.5316418083582434E-002       +-   -1.2555017487303176E-004
  K_nlo    =    1.1838937316364266            +-    2.9327699137574986E-004
  Kqq2     =    5.3850910615039063E-002       +-   -2.1738895642688748E-004
  Kgq2     =   -3.3263748848870761E-002       +-   -1.4501475981581761E-004
  Kqqs     =    1.6545221914115614E-003       +-   -3.5158226273332807E-006
  Kgg      =    9.3353263540172759E-004       +-   -1.6081512633518654E-006
  K_nnlo   =    1.2070689482294081            +-    3.9282767184918983E-004
  sig_LO   = ( -0.17551635740666216            +-    1.1875565158205116E-004 ) fb
  sig_NLO  = ( -0.20779271533340599            +-    1.2943172355988285E-004 ) fb
  sig_NNLO = ( -0.21186034493191652            +-    1.3731965497682246E-004 ) fb

  pp ---> HHW+ + X
  ===============

  PDFSET = PDF4LHC21_40                                NSET =  42
  Sqrt(S)  = 14.0 TeV
  LOOP     = 3
  alphaS(MZ) =   0.11900
          kl =   1.00000
          kv =   1.00000
         k2v =   1.00000
         kth =   1.00000
         kbh =   1.00000
        cHsq =  -2.00000
       chdup =   0.00000
         cHw =   0.00000
          cH =   0.00000
         cHb =   0.00000
        cHwb =   0.00000
      cHq1st =   0.00000
      cHq3st =   0.00000
      cHq1rd =   0.00000
      cHq3rd =   0.00000
       cHdst =   0.00000
       cHust =   0.00000
       cHdrd =   0.00000
       cHurd =   0.00000
         cth =   0.00000
         cbh =   0.00000
 --------------

  mH       = 125.0000      GeV
  fact_scale 1.0
  ren_scale  1.0
  Kqq      =   0.25282435074388521            +-   -2.6844276705729710E-004
  Kgq      =   -6.5844741476685828E-002       +-   -1.2658723864181245E-004
  K_nlo    =    1.1869796092671994            +-    2.9679260127627415E-004
  Kqq2     =    5.5410075956146707E-002       +-   -2.2294400205743979E-004
  Kgq2     =   -3.3978462005778545E-002       +-   -1.4811762606462307E-004
  Kqqs     =    1.7066666542877185E-003       +-   -3.6215696708552602E-006
  Kgg      =    9.5138333747415949E-004       +-   -1.6457791910685137E-006
  K_nnlo   =    1.2110692732093293            +-    3.9968053709527973E-004
  sig_LO   = ( -0.17576732032082593            +-    1.1874448035413628E-004 ) fb
  sig_NLO  = ( -0.20863222519635663            +-    1.2969806898919945E-004 ) fb
  sig_NNLO = ( -0.21286640087489406            +-    1.3796892143602484E-004 ) fb

