  pp ---> HHW+ + X
  ===============

  PDFSET = PDF4LHC21_40                                NSET =   0
  Sqrt(S)  = 14.0 TeV
  LOOP     = 3
  alphaS(MZ) =   0.11800
          kl =   1.00000
          kv =   1.00000
         k2v =   1.00000
         kth =   1.00000
         kbh =   1.00000
        cHsq =   0.00000
       chdup =   0.00000
         cHw =   0.00000
          cH =   0.00000
         cHb =   0.00000
        cHwb =   0.00000
      cHq1st =   0.00000
      cHq3st =   0.02000
      cHq1rd =   0.00000
      cHq3rd =   0.00000
       cHdst =   0.00000
       cHust =   0.00000
       cHdrd =   0.00000
       cHurd =   0.00000
         cth =   0.00000
         cbh =   0.00000
 --------------

  mH       = 125.0000      GeV
  fact_scale 0.5
  ren_scale  0.5
  Kqq      =   0.20253696347709163            +-    2.4252935274900853E-004
  Kgq      =   -2.1096519348439088E-002       +-    1.2966479736179588E-004
  K_nlo    =    1.1814404441286526            +-    2.7501535706161685E-004
  Kqq2     =    2.4089114223270643E-002       +-    2.0615629891286292E-004
  Kgq2     =   -1.5224450209131393E-002       +-    1.1855699429657970E-004
  Kqqs     =    1.1592867560367526E-003       +-    3.5147176700472275E-006
  Kgg      =    2.5641284640304338E-004       +-    1.3451474706867985E-006
  K_nnlo   =    1.1917208077452317            +-    3.6359839075528866E-004
  sig_LO   = (  0.85243836051296040            +-    5.8628212199045336E-004 ) fb
  sig_NLO  = (   1.0071051552367325            +-    6.3141575698681923E-004 ) fb
  sig_NNLO = (   1.0158685315435263            +-    6.6316872932103011E-004 ) fb

  mH       = 125.0000      GeV
  fact_scale 1.0
  ren_scale  0.5
  Kqq      =   0.27577178351620035            +-    3.0352301688660419E-004
  Kgq      =   -6.7290718311433323E-002       +-    1.2685698207099056E-004
  K_nlo    =    1.2084810652047671            +-    3.2896643549168572E-004
  Kqq2     =    4.3470230410353645E-002       +-    3.1422465819579690E-004
  Kgq2     =   -3.1980983856235518E-002       +-    1.5869514670029542E-004
  Kqqs     =    1.9281696881864731E-003       +-    3.9974024104599805E-006
  Kgg      =    9.8007976708313531E-004       +-    1.6507616893423089E-006
  K_nnlo   =    1.2228785612141548            +-    4.8182870952734363E-004
  sig_LO   = (  0.83307205074245894            +-    5.6923187478025541E-004 ) fb
  sig_NLO  = (   1.0067517992735664            +-    6.3176723026274809E-004 ) fb
  sig_NNLO = (   1.0187459507996635            +-    6.9652373016213681E-004 ) fb

  mH       = 125.0000      GeV
  fact_scale 0.5
  ren_scale  1.0
  Kqq      =   0.18658562295000411            +-    2.2371270735876432E-004
  Kgq      =   -1.9442764077271871E-002       +-    1.1932932658562581E-004
  K_nlo    =    1.1671428588727322            +-    2.5354854292061524E-004
  Kqq2     =    3.4357844923415051E-002       +-    1.5535679304811819E-004
  Kgq2     =   -1.4348849686748181E-002       +-    9.9798464634514385E-005
  Kqqs     =    9.8005785346076896E-004       +-    2.9697959715542821E-006
  Kgg      =    2.1665415443002149E-004       +-    1.1356926672620753E-006
  K_nnlo   =    1.1883485661172897            +-    3.1367569206541400E-004
  sig_LO   = (  0.85243836051296040            +-    5.8628212199045336E-004 ) fb
  sig_NLO  = (  0.99491734510188146            +-    6.2485266302361622E-004 ) fb
  sig_NNLO = (   1.0129939034189499            +-    6.4437854319188180E-004 ) fb

  mH       = 125.0000      GeV
  fact_scale 1.0
  ren_scale  1.0
  Kqq      =   0.25405070503564953            +-    2.7986478993392275E-004
  Kgq      =   -6.1919335448968327E-002       +-    1.1667893738510556E-004
  K_nlo    =    1.1921313695866811            +-    3.0321325016244933E-004
  Kqq2     =    5.5836740584284915E-002       +-    2.3428084590252751E-004
  Kgq2     =   -3.1722756025447496E-002       +-    1.2418445251083249E-004
  Kqqs     =    1.6342688135731794E-003       +-    3.3859703118218090E-006
  Kgg      =    8.2739888592060469E-004       +-    1.3935942937940415E-006
  K_nnlo   =    1.2187070218450122            +-    4.0281630425828519E-004
  sig_LO   = (  0.83307205074245894            +-    5.6923187478025541E-004 ) fb
  sig_NLO  = (  0.99313132481599276            +-    6.2276072567893348E-004 ) fb
  sig_NNLO = (   1.0152707579426592            +-    6.6078401238153426E-004 ) fb

  mH       = 125.0000      GeV
  fact_scale 1.5
  ren_scale  1.0
  Kqq      =   0.29450678012588766            +-    3.2519281791120938E-004
  Kgq      =   -8.6054246729170100E-002       +-    1.2687785700167401E-004
  K_nlo    =    1.2084525333967175            +-    3.4906784357538608E-004
  Kqq2     =    6.8314459654519002E-002       +-    3.0275576897165310E-004
  Kgq2     =   -4.3686293533498365E-002       +-    1.4527778334929518E-004
  Kqqs     =    2.8997209159117099E-003       +-    4.1280084341712353E-006
  Kgg      =    1.3768314173480570E-003       +-    1.7905755713899548E-006
  K_nnlo   =    1.2373572518509981            +-    4.8439167624287412E-004
  sig_LO   = (  0.82167943200720073            +-    5.6080421030783303E-004 ) fb
  sig_NLO  = (  0.99296059124907776            +-    6.2989534522913868E-004 ) fb
  sig_NNLO = (   1.0167110038909191            +-    6.8768964346441186E-004 ) fb

  mH       = 125.0000      GeV
  fact_scale 2.0
  ren_scale  1.0
  Kqq      =   0.32359036795259183            +-    3.5955709917143087E-004
  Kgq      =  -0.10271084024449501            +-    1.3719834296678022E-004
  K_nlo    =    1.2208795277080968            +-    3.8484372526702894E-004
  Kqq2     =    7.7204117452105286E-002       +-    3.5979286197591550E-004
  Kgq2     =   -5.2986444922169848E-002       +-    1.6628875928056773E-004
  Kqqs     =    4.1771119234164742E-003       +-    4.8949178911988106E-006
  Kgg      =    1.8415283506867562E-003       +-    2.0176015899249067E-006
  K_nnlo   =    1.2511158405121354            +-    5.5248129272096852E-004
  sig_LO   = (  0.81360891417612879            +-    5.5494891458042364E-004 ) fb
  sig_NLO  = (  0.99331846687844960            +-    6.3718725747515166E-004 ) fb
  sig_NNLO = (   1.0179190005076331            +-    7.1415816057021967E-004 ) fb

  mH       = 125.0000      GeV
  fact_scale 1.0
  ren_scale  1.5
  Kqq      =   0.24289042319255696            +-    2.6764560002691146E-004
  Kgq      =   -5.9164336324751834E-002       +-    1.1145567495789857E-004
  K_nlo    =    1.1837260868678052            +-    2.8992505013207499E-004
  Kqq2     =    6.1215618580572229E-002       +-    2.1278709090772978E-004
  Kgq2     =   -3.1477695774721197E-002       +-    1.1002636847684404E-004
  Kqqs     =    1.4928783993621169E-003       +-    3.0919346778397903E-006
  Kgg      =    7.5426616471050616E-004       +-    1.2703679532609408E-006
  K_nnlo   =    1.2157111542377288            +-    3.7610085935298209E-004
  sig_LO   = (  0.83307205074245894            +-    5.6923187478025541E-004 ) fb
  sig_NLO  = (  0.98612911870430853            +-    6.1835339601225140E-004 ) fb
  sig_NNLO = (   1.0127749843713065            +-    6.4976441467726566E-004 ) fb

  mH       = 125.0000      GeV
  fact_scale 1.5
  ren_scale  1.5
  Kqq      =   0.28156741512895644            +-    3.1100370987326300E-004
  Kgq      =   -8.2218032042924091E-002       +-    1.2129849159240436E-004
  K_nlo    =    1.1993493830860325            +-    3.3382125698871448E-004
  Kqq2     =    7.4270975379422746E-002       +-    2.6566002009386275E-004
  Kgq2     =   -4.3417350003245210E-002       +-    1.3448590266600496E-004
  Kqqs     =    2.6485950227259280E-003       +-    3.7718840396920395E-006
  Kgg      =    1.2549373405287350E-003       +-    1.6332473649764487E-006
  K_nnlo   =    1.2341065408254648            +-    4.4734240858189508E-004
  sig_LO   = (  0.82167943200720073            +-    5.6080421030783303E-004 ) fb
  sig_NLO  = (  0.98548071987231756            +-    6.2429047254305189E-004 ) fb
  sig_NNLO = (   1.0140399615018387            +-    6.7053007299849843E-004 ) fb

  mH       = 125.0000      GeV
  fact_scale 2.0
  ren_scale  1.5
  Kqq      =   0.30936966358544610            +-    3.4381571249913253E-004
  Kgq      =   -9.8125882601163381E-002       +-    1.3111580239952284E-004
  K_nlo    =    1.2112437809842829            +-    3.6796820215904101E-004
  Kqq2     =    8.3534403515177269E-002       +-    3.0980046955676716E-004
  Kgq2     =   -5.2614820578716789E-002       +-    1.5719615286748870E-004
  Kqqs     =    3.8147134030707087E-003       +-    4.4702438578245706E-006
  Kgg      =    1.6783556571759858E-003       +-    1.8399426123825730E-006
  K_nnlo   =    1.2476564329809900            +-    5.0607403379649351E-004
  sig_LO   = (  0.81360891417612879            +-    5.5494891458042364E-004 ) fb
  sig_NLO  = (  0.98547873744921100            +-    6.3055372895985575E-004 ) fb
  sig_NNLO = (   1.0151043957025250            +-    6.9101617240251330E-004 ) fb

  mH       = 125.0000      GeV
  fact_scale 1.0
  ren_scale  2.0
  Kqq      =   0.23555982679501800            +-    2.5961737279598697E-004
  Kgq      =   -5.7356491435776639E-002       +-    1.0802834814657131E-004
  K_nlo    =    1.1782033353592414            +-    2.8119620242949103E-004
  Kqq2     =    6.4374076745257164E-002       +-    2.1063175583047438E-004
  Kgq2     =   -3.1272876065591516E-002       +-    1.0322114684692667E-004
  Kqqs     =    1.4035442662567027E-003       +-    2.9062381653667221E-006
  Kgg      =    7.0817118071755719E-004       +-    1.1926406602343447E-006
  K_nnlo   =    1.2134162514858813            +-    3.6619873647161723E-004
  sig_LO   = (  0.83307205074245894            +-    5.6923187478025541E-004 ) fb
  sig_NLO  = (  0.98152826877932819            +-    6.1554945159918877E-004 ) fb
  sig_NNLO = (   1.0108631650295703            +-    6.4582705959345069E-004 ) fb

  mH       = 125.0000      GeV
  fact_scale 1.5
  ren_scale  2.0
  Kqq      =   0.27306847630810960            +-    3.0168522022765094E-004
  Kgq      =   -7.9701064279943043E-002       +-    1.1763534375627112E-004
  K_nlo    =    1.1933674120281668            +-    3.2380865677813852E-004
  Kqq2     =    7.7774965437869603E-002       +-    2.5829015539978743E-004
  Kgq2     =   -4.3170755407308636E-002       +-    1.2987031716599028E-004
  Kqqs     =    2.4899444060587418E-003       +-    3.5468216302278332E-006
  Kgg      =    1.1781265854853031E-003       +-    1.5339467363343679E-006
  K_nnlo   =    1.2316396930502718            +-    4.3410492141643603E-004
  sig_LO   = (  0.82167943200720073            +-    5.6080421030783303E-004 ) fb
  sig_NLO  = (  0.98056545729120703            +-    6.2071971499895093E-004 ) fb
  sig_NNLO = (   1.0120130034230701            +-    6.6462978126798945E-004 ) fb

  mH       = 125.0000      GeV
  fact_scale 2.0
  ren_scale  2.0
  Kqq      =   0.30002934536264941            +-    3.3348318358149547E-004
  Kgq      =   -9.5117948809345917E-002       +-    1.2712107552914598E-004
  K_nlo    =    1.2049113965533036            +-    3.5689046159197960E-004
  Kqq2     =    8.7256904010271627E-002       +-    2.9441288887883710E-004
  Kgq2     =   -5.2283843662791034E-002       +-    1.5275628686437520E-004
  Kqqs     =    3.5858227176963375E-003       +-    4.2020271260521468E-006
  Kgg      =    1.5755412324437448E-003       +-    1.7278671586919559E-006
  K_nnlo   =    1.2450458208509243            +-    4.8724211275996676E-004
  sig_LO   = (  0.81360891417612879            +-    5.5494891458042364E-004 ) fb
  sig_NLO  = (  0.98032665302817623            +-    6.2632468056936436E-004 ) fb
  sig_NNLO = (   1.0129803784020475            +-    6.8199758272955791E-004 ) fb

  pp ---> HHW+ + X
  ===============

  PDFSET = PDF4LHC21_40                                NSET =   1
  Sqrt(S)  = 14.0 TeV
  LOOP     = 3
  alphaS(MZ) =   0.11800
          kl =   1.00000
          kv =   1.00000
         k2v =   1.00000
         kth =   1.00000
         kbh =   1.00000
        cHsq =   0.00000
       chdup =   0.00000
         cHw =   0.00000
          cH =   0.00000
         cHb =   0.00000
        cHwb =   0.00000
      cHq1st =   0.00000
      cHq3st =   0.02000
      cHq1rd =   0.00000
      cHq3rd =   0.00000
       cHdst =   0.00000
       cHust =   0.00000
       cHdrd =   0.00000
       cHurd =   0.00000
         cth =   0.00000
         cbh =   0.00000
 --------------

  mH       = 125.0000      GeV
  fact_scale 1.0
  ren_scale  1.0
  Kqq      =   0.25413917938817637            +-    2.8060406986337057E-004
  Kgq      =   -6.1962237932362288E-002       +-    1.1686848473772757E-004
  K_nlo    =    1.1921769414558141            +-    3.0396856210598459E-004
  Kqq2     =    5.5885590475488391E-002       +-    2.3236121125395017E-004
  Kgq2     =   -3.1745986283921640E-002       +-    1.2442375170098994E-004
  Kqqs     =    1.6354768734099594E-003       +-    3.3902549795316959E-006
  Kgg      =    8.2765422589325022E-004       +-    1.3937607381352091E-006
  K_nnlo   =    1.2187796767466841            +-    4.0234726994146946E-004
  sig_LO   = (  0.83288649695037498            +-    5.8150007359692086E-004 ) fb
  sig_NLO  = (  0.99294807651414529            +-    6.3422239651690117E-004 ) fb
  sig_NNLO = (   1.0151051355198561            +-    6.7114885466190081E-004 ) fb

  pp ---> HHW+ + X
  ===============

  PDFSET = PDF4LHC21_40                                NSET =   2
  Sqrt(S)  = 14.0 TeV
  LOOP     = 3
  alphaS(MZ) =   0.11800
          kl =   1.00000
          kv =   1.00000
         k2v =   1.00000
         kth =   1.00000
         kbh =   1.00000
        cHsq =   0.00000
       chdup =   0.00000
         cHw =   0.00000
          cH =   0.00000
         cHb =   0.00000
        cHwb =   0.00000
      cHq1st =   0.00000
      cHq3st =   0.02000
      cHq1rd =   0.00000
      cHq3rd =   0.00000
       cHdst =   0.00000
       cHust =   0.00000
       cHdrd =   0.00000
       cHurd =   0.00000
         cth =   0.00000
         cbh =   0.00000
 --------------

  mH       = 125.0000      GeV
  fact_scale 1.0
  ren_scale  1.0
  Kqq      =   0.25400897732898181            +-    2.7942008469580067E-004
  Kgq      =   -6.1806979730067567E-002       +-    1.1630496218802616E-004
  K_nlo    =    1.1922019975989142            +-    3.0265893008627159E-004
  Kqq2     =    5.5833193626288254E-002       +-    2.3416951442608032E-004
  Kgq2     =   -3.1668558186494625E-002       +-    1.2385927256818288E-004
  Kqqs     =    1.6399291028292677E-003       +-    3.3948791383195210E-006
  Kgg      =    8.2443138633586004E-004       +-    1.3835916093424725E-006
  K_nnlo   =    1.2188309935278732            +-    4.0223419593408207E-004
  sig_LO   = (  0.83179713511193698            +-    5.6908730585981178E-004 ) fb
  sig_NLO  = (  0.99167020607750533            +-    6.2228517785717678E-004 ) fb
  sig_NNLO = (   1.0138201286021207            +-    6.6015323912524762E-004 ) fb

  pp ---> HHW+ + X
  ===============

  PDFSET = PDF4LHC21_40                                NSET =   3
  Sqrt(S)  = 14.0 TeV
  LOOP     = 3
  alphaS(MZ) =   0.11800
          kl =   1.00000
          kv =   1.00000
         k2v =   1.00000
         kth =   1.00000
         kbh =   1.00000
        cHsq =   0.00000
       chdup =   0.00000
         cHw =   0.00000
          cH =   0.00000
         cHb =   0.00000
        cHwb =   0.00000
      cHq1st =   0.00000
      cHq3st =   0.02000
      cHq1rd =   0.00000
      cHq3rd =   0.00000
       cHdst =   0.00000
       cHust =   0.00000
       cHdrd =   0.00000
       cHurd =   0.00000
         cth =   0.00000
         cbh =   0.00000
 --------------

  mH       = 125.0000      GeV
  fact_scale 1.0
  ren_scale  1.0
  Kqq      =   0.25371903686331015            +-    2.7671697707763059E-004
  Kgq      =   -6.1518360081428677E-002       +-    1.1601249737819898E-004
  K_nlo    =    1.1922006767818816            +-    3.0005197041664062E-004
  Kqq2     =    5.5787254135747102E-002       +-    2.2783966778216775E-004
  Kgq2     =   -3.1519923943814074E-002       +-    1.2350487225351838E-004
  Kqqs     =    1.6272233059944749E-003       +-    3.3668830749051704E-006
  Kgg      =    8.2133660144829859E-004       +-    1.3831619901183791E-006
  K_nnlo   =    1.2189165668812574            +-    3.9649565152102996E-004
  sig_LO   = (  0.83658297341501509            +-    5.6957114548813299E-004 ) fb
  sig_NLO  = (  0.99737478708957972            +-    6.2243193334241768E-004 ) fb
  sig_NNLO = (   1.0197248458663442            +-    6.5911848876796023E-004 ) fb

  pp ---> HHW+ + X
  ===============

  PDFSET = PDF4LHC21_40                                NSET =   4
  Sqrt(S)  = 14.0 TeV
  LOOP     = 3
  alphaS(MZ) =   0.11800
          kl =   1.00000
          kv =   1.00000
         k2v =   1.00000
         kth =   1.00000
         kbh =   1.00000
        cHsq =   0.00000
       chdup =   0.00000
         cHw =   0.00000
          cH =   0.00000
         cHb =   0.00000
        cHwb =   0.00000
      cHq1st =   0.00000
      cHq3st =   0.02000
      cHq1rd =   0.00000
      cHq3rd =   0.00000
       cHdst =   0.00000
       cHust =   0.00000
       cHdrd =   0.00000
       cHurd =   0.00000
         cth =   0.00000
         cbh =   0.00000
 --------------

  mH       = 125.0000      GeV
  fact_scale 1.0
  ren_scale  1.0
  Kqq      =   0.25443789695907948            +-    2.8000987873359084E-004
  Kgq      =   -6.2698570290476194E-002       +-    1.1832056894392709E-004
  K_nlo    =    1.1917393266686034            +-    3.0398238308101814E-004
  Kqq2     =    5.5989417942734043E-002       +-    2.3429928455946826E-004
  Kgq2     =   -3.2118957962591468E-002       +-    1.2586618273362397E-004
  Kqqs     =    1.6510760262387126E-003       +-    3.4224681506101463E-006
  Kgg      =    8.4200995077058618E-004       +-    1.4214697739610326E-006
  K_nnlo   =    1.2181028726257552            +-    4.0392756007629355E-004
  sig_LO   = (  0.82129685925563567            +-    5.6207258780330358E-004 ) fb
  sig_NLO  = (  0.97877176604434979            +-    6.1502487588607226E-004 ) fb
  sig_NNLO = (   1.0004240635378003            +-    6.5267140666676587E-004 ) fb

  pp ---> HHW+ + X
  ===============

  PDFSET = PDF4LHC21_40                                NSET =   5
  Sqrt(S)  = 14.0 TeV
  LOOP     = 3
  alphaS(MZ) =   0.11800
          kl =   1.00000
          kv =   1.00000
         k2v =   1.00000
         kth =   1.00000
         kbh =   1.00000
        cHsq =   0.00000
       chdup =   0.00000
         cHw =   0.00000
          cH =   0.00000
         cHb =   0.00000
        cHwb =   0.00000
      cHq1st =   0.00000
      cHq3st =   0.02000
      cHq1rd =   0.00000
      cHq3rd =   0.00000
       cHdst =   0.00000
       cHust =   0.00000
       cHdrd =   0.00000
       cHurd =   0.00000
         cth =   0.00000
         cbh =   0.00000
 --------------

  mH       = 125.0000      GeV
  fact_scale 1.0
  ren_scale  1.0
  Kqq      =   0.25412096055918476            +-    2.7990512684443448E-004
  Kgq      =   -6.1775501536250832E-002       +-    1.1638138425090709E-004
  K_nlo    =    1.1923454590229339            +-    3.0313611898610208E-004
  Kqq2     =    5.5862505264452710E-002       +-    2.3420750770084448E-004
  Kgq2     =   -3.1653374451755131E-002       +-    1.2394651416740610E-004
  Kqqs     =    1.6325258147873367E-003       +-    3.3814950852328244E-006
  Kgg      =    8.2224797774413448E-004       +-    1.3878499810307903E-006
  K_nnlo   =    1.2190093636281631            +-    4.0264222618626285E-004
  sig_LO   = (  0.83230476964114164            +-    5.7007288334862821E-004 ) fb
  sig_NLO  = (  0.99239481260474427            +-    6.2340934281317878E-004 ) fb
  sig_NNLO = (   1.0145873075849325            +-    6.6127846429594377E-004 ) fb

  pp ---> HHW+ + X
  ===============

  PDFSET = PDF4LHC21_40                                NSET =   6
  Sqrt(S)  = 14.0 TeV
  LOOP     = 3
  alphaS(MZ) =   0.11800
          kl =   1.00000
          kv =   1.00000
         k2v =   1.00000
         kth =   1.00000
         kbh =   1.00000
        cHsq =   0.00000
       chdup =   0.00000
         cHw =   0.00000
          cH =   0.00000
         cHb =   0.00000
        cHwb =   0.00000
      cHq1st =   0.00000
      cHq3st =   0.02000
      cHq1rd =   0.00000
      cHq3rd =   0.00000
       cHdst =   0.00000
       cHust =   0.00000
       cHdrd =   0.00000
       cHurd =   0.00000
         cth =   0.00000
         cbh =   0.00000
 --------------

  mH       = 125.0000      GeV
  fact_scale 1.0
  ren_scale  1.0
  Kqq      =   0.25411127469106415            +-    2.7871054636497057E-004
  Kgq      =   -6.1877292228120197E-002       +-    1.1661209125251751E-004
  K_nlo    =    1.1922339824629440            +-    3.0212240645365230E-004
  Kqq2     =    5.5875802722346983E-002       +-    2.3340454976030728E-004
  Kgq2     =   -3.1703143216533856E-002       +-    1.2412787151282320E-004
  Kqqs     =    1.6319738114087272E-003       +-    3.3735298499101976E-006
  Kgg      =    8.3156880103389436E-004       +-    1.4019724269201359E-006
  K_nnlo   =    1.2188701845811998            +-    4.0146818933359545E-004
  sig_LO   = (  0.83188280371475909            +-    5.6835930499641034E-004 ) fb
  sig_NLO  = (  0.99179894801528667            +-    6.2144934379637108E-004 ) fb
  sig_NNLO = (   1.0139571465137340            +-    6.5922018691364599E-004 ) fb

  pp ---> HHW+ + X
  ===============

  PDFSET = PDF4LHC21_40                                NSET =   7
  Sqrt(S)  = 14.0 TeV
  LOOP     = 3
  alphaS(MZ) =   0.11800
          kl =   1.00000
          kv =   1.00000
         k2v =   1.00000
         kth =   1.00000
         kbh =   1.00000
        cHsq =   0.00000
       chdup =   0.00000
         cHw =   0.00000
          cH =   0.00000
         cHb =   0.00000
        cHwb =   0.00000
      cHq1st =   0.00000
      cHq3st =   0.02000
      cHq1rd =   0.00000
      cHq3rd =   0.00000
       cHdst =   0.00000
       cHust =   0.00000
       cHdrd =   0.00000
       cHurd =   0.00000
         cth =   0.00000
         cbh =   0.00000
 --------------

  mH       = 125.0000      GeV
  fact_scale 1.0
  ren_scale  1.0
  Kqq      =   0.25417265759525592            +-    2.7965070231887254E-004
  Kgq      =   -6.1748836723802443E-002       +-    1.1646917480337562E-004
  K_nlo    =    1.1924238208714535            +-    3.0293495009129918E-004
  Kqq2     =    5.5882145644481893E-002       +-    2.3379164408890410E-004
  Kgq2     =   -3.1640125903580181E-002       +-    1.2403593816528080E-004
  Kqqs     =    1.6321668330791170E-003       +-    3.3807560865049287E-006
  Kgg      =    8.2263707792436041E-004       +-    1.3851481420470383E-006
  K_nnlo   =    1.2191206445233587            +-    4.0227649562986400E-004
  sig_LO   = (  0.83256853386442231            +-    5.6869929778098627E-004 ) fb
  sig_NLO  = (  0.99277455228795852            +-    6.2211803316928585E-004 ) fb
  sig_NNLO = (   1.0150014876146625            +-    6.5999404635257478E-004 ) fb

  pp ---> HHW+ + X
  ===============

  PDFSET = PDF4LHC21_40                                NSET =   8
  Sqrt(S)  = 14.0 TeV
  LOOP     = 3
  alphaS(MZ) =   0.11800
          kl =   1.00000
          kv =   1.00000
         k2v =   1.00000
         kth =   1.00000
         kbh =   1.00000
        cHsq =   0.00000
       chdup =   0.00000
         cHw =   0.00000
          cH =   0.00000
         cHb =   0.00000
        cHwb =   0.00000
      cHq1st =   0.00000
      cHq3st =   0.02000
      cHq1rd =   0.00000
      cHq3rd =   0.00000
       cHdst =   0.00000
       cHust =   0.00000
       cHdrd =   0.00000
       cHurd =   0.00000
         cth =   0.00000
         cbh =   0.00000
 --------------

  mH       = 125.0000      GeV
  fact_scale 1.0
  ren_scale  1.0
  Kqq      =   0.25394221363479202            +-    2.8004247981984731E-004
  Kgq      =   -6.1647837684899211E-002       +-    1.1657022025512831E-004
  K_nlo    =    1.1922943759498927            +-    3.0333546900087157E-004
  Kqq2     =    5.5789373880450722E-002       +-    2.3444911141704485E-004
  Kgq2     =   -3.1569997735480235E-002       +-    1.2397477131743096E-004
  Kqqs     =    1.6343714928605424E-003       +-    3.3896109691796862E-006
  Kgg      =    8.2911925047765198E-004       +-    1.4016424996605741E-006
  K_nnlo   =    1.2189772428382015            +-    4.0294167144345984E-004
  sig_LO   = (  0.83326528106676934            +-    5.6991959358699206E-004 ) fb
  sig_NLO  = (  0.99349750829021577            +-    6.2345441868888235E-004 ) fb
  sig_NNLO = (   1.0157314148675696            +-    6.6146905527644947E-004 ) fb

  pp ---> HHW+ + X
  ===============

  PDFSET = PDF4LHC21_40                                NSET =   9
  Sqrt(S)  = 14.0 TeV
  LOOP     = 3
  alphaS(MZ) =   0.11800
          kl =   1.00000
          kv =   1.00000
         k2v =   1.00000
         kth =   1.00000
         kbh =   1.00000
        cHsq =   0.00000
       chdup =   0.00000
         cHw =   0.00000
          cH =   0.00000
         cHb =   0.00000
        cHwb =   0.00000
      cHq1st =   0.00000
      cHq3st =   0.02000
      cHq1rd =   0.00000
      cHq3rd =   0.00000
       cHdst =   0.00000
       cHust =   0.00000
       cHdrd =   0.00000
       cHurd =   0.00000
         cth =   0.00000
         cbh =   0.00000
 --------------

  mH       = 125.0000      GeV
  fact_scale 1.0
  ren_scale  1.0
  Kqq      =   0.25410149488279915            +-    2.7867183853020342E-004
  Kgq      =   -6.1914209429413725E-002       +-    1.1665166316172244E-004
  K_nlo    =    1.1921872854533855            +-    3.0210197633944688E-004
  Kqq2     =    5.5872893543690731E-002       +-    2.3217070631792038E-004
  Kgq2     =   -3.1718103116247384E-002       +-    1.2413578872616361E-004
  Kqqs     =    1.6368449763427533E-003       +-    3.3912179559233229E-006
  Kgg      =    8.2748634432349831E-004       +-    1.3932039035023868E-006
  K_nnlo   =    1.2188064072014948            +-    4.0073928731704082E-004
  sig_LO   = (  0.83548765951263249            +-    5.7268773986883167E-004 ) fb
  sig_NLO  = (  0.99605776482416764            +-    6.2584203745536329E-004 ) fb
  sig_NNLO = (   1.0182977125517774            +-    6.6337833176404251E-004 ) fb

  pp ---> HHW+ + X
  ===============

  PDFSET = PDF4LHC21_40                                NSET =  10
  Sqrt(S)  = 14.0 TeV
  LOOP     = 3
  alphaS(MZ) =   0.11800
          kl =   1.00000
          kv =   1.00000
         k2v =   1.00000
         kth =   1.00000
         kbh =   1.00000
        cHsq =   0.00000
       chdup =   0.00000
         cHw =   0.00000
          cH =   0.00000
         cHb =   0.00000
        cHwb =   0.00000
      cHq1st =   0.00000
      cHq3st =   0.02000
      cHq1rd =   0.00000
      cHq3rd =   0.00000
       cHdst =   0.00000
       cHust =   0.00000
       cHdrd =   0.00000
       cHurd =   0.00000
         cth =   0.00000
         cbh =   0.00000
 --------------

  mH       = 125.0000      GeV
  fact_scale 1.0
  ren_scale  1.0
  Kqq      =   0.25409945407089063            +-    2.8038662570150638E-004
  Kgq      =   -6.1817479011466968E-002       +-    1.1662117242897806E-004
  K_nlo    =    1.1922819750594238            +-    3.0367278068833576E-004
  Kqq2     =    5.5845770298188074E-002       +-    2.3464331852209524E-004
  Kgq2     =   -3.1673755231228486E-002       +-    1.2406729350044677E-004
  Kqqs     =    1.6352285329880854E-003       +-    3.3917773716381941E-006
  Kgg      =    8.2423010534957034E-004       +-    1.3918319344495267E-006
  K_nnlo   =    1.2189134487647211            +-    4.0333705424179170E-004
  sig_LO   = (  0.83172523836716927            +-    5.7052138153537723E-004 ) fb
  sig_NLO  = (  0.99165100990717858            +-    6.2392901964082191E-004 ) fb
  sig_NNLO = (   1.0138010787227860            +-    6.6183972429819055E-004 ) fb

  pp ---> HHW+ + X
  ===============

  PDFSET = PDF4LHC21_40                                NSET =  11
  Sqrt(S)  = 14.0 TeV
  LOOP     = 3
  alphaS(MZ) =   0.11800
          kl =   1.00000
          kv =   1.00000
         k2v =   1.00000
         kth =   1.00000
         kbh =   1.00000
        cHsq =   0.00000
       chdup =   0.00000
         cHw =   0.00000
          cH =   0.00000
         cHb =   0.00000
        cHwb =   0.00000
      cHq1st =   0.00000
      cHq3st =   0.02000
      cHq1rd =   0.00000
      cHq3rd =   0.00000
       cHdst =   0.00000
       cHust =   0.00000
       cHdrd =   0.00000
       cHurd =   0.00000
         cth =   0.00000
         cbh =   0.00000
 --------------

  mH       = 125.0000      GeV
  fact_scale 1.0
  ren_scale  1.0
  Kqq      =   0.25386591837479577            +-    2.7943646618244311E-004
  Kgq      =   -6.1777822736033473E-002       +-    1.1643089467821524E-004
  K_nlo    =    1.1920880956387623            +-    3.0272246673826724E-004
  Kqq2     =    5.5768297131290945E-002       +-    2.3408627496025513E-004
  Kgq2     =   -3.1650488672098083E-002       +-    1.2392276712102279E-004
  Kqqs     =    1.6312196578672498E-003       +-    3.3800761159491948E-006
  Kgg      =    8.2465320572505543E-004       +-    1.3891631133953790E-006
  K_nnlo   =    1.2186617769615473            +-    4.0225300855618965E-004
  sig_LO   = (  0.83602989679310469            +-    5.7176621019623393E-004 ) fb
  sig_NLO  = (  0.99662128756516322            +-    6.2527484585622815E-004 ) fb
  sig_NNLO = (   1.0188376796188638            +-    6.6333346830381001E-004 ) fb

  pp ---> HHW+ + X
  ===============

  PDFSET = PDF4LHC21_40                                NSET =  12
  Sqrt(S)  = 14.0 TeV
  LOOP     = 3
  alphaS(MZ) =   0.11800
          kl =   1.00000
          kv =   1.00000
         k2v =   1.00000
         kth =   1.00000
         kbh =   1.00000
        cHsq =   0.00000
       chdup =   0.00000
         cHw =   0.00000
          cH =   0.00000
         cHb =   0.00000
        cHwb =   0.00000
      cHq1st =   0.00000
      cHq3st =   0.02000
      cHq1rd =   0.00000
      cHq3rd =   0.00000
       cHdst =   0.00000
       cHust =   0.00000
       cHdrd =   0.00000
       cHurd =   0.00000
         cth =   0.00000
         cbh =   0.00000
 --------------

  mH       = 125.0000      GeV
  fact_scale 1.0
  ren_scale  1.0
  Kqq      =   0.25379604896603414            +-    2.7878915286729401E-004
  Kgq      =   -6.1784948305328005E-002       +-    1.1637621076343561E-004
  K_nlo    =    1.1920111006607061            +-    3.0210397910010884E-004
  Kqq2     =    5.5773526550660285E-002       +-    2.3117360353534748E-004
  Kgq2     =   -3.1649640135139399E-002       +-    1.2382925081515315E-004
  Kqqs     =    1.6310253664137161E-003       +-    3.3781772586495790E-006
  Kgg      =    8.2540336656345954E-004       +-    1.3894370723476784E-006
  K_nnlo   =    1.2185914158092044            +-    4.0006883799422323E-004
  sig_LO   = (  0.83891988554880015            +-    5.7827229346735286E-004 ) fb
  sig_NLO  = (   1.0000018161391788            +-    6.3137247635848038E-004 ) fb
  sig_NNLO = (   1.0223005710814077            +-    6.6861308574615169E-004 ) fb

  pp ---> HHW+ + X
  ===============

  PDFSET = PDF4LHC21_40                                NSET =  13
  Sqrt(S)  = 14.0 TeV
  LOOP     = 3
  alphaS(MZ) =   0.11800
          kl =   1.00000
          kv =   1.00000
         k2v =   1.00000
         kth =   1.00000
         kbh =   1.00000
        cHsq =   0.00000
       chdup =   0.00000
         cHw =   0.00000
          cH =   0.00000
         cHb =   0.00000
        cHwb =   0.00000
      cHq1st =   0.00000
      cHq3st =   0.02000
      cHq1rd =   0.00000
      cHq3rd =   0.00000
       cHdst =   0.00000
       cHust =   0.00000
       cHdrd =   0.00000
       cHurd =   0.00000
         cth =   0.00000
         cbh =   0.00000
 --------------

  mH       = 125.0000      GeV
  fact_scale 1.0
  ren_scale  1.0
  Kqq      =   0.25413618141797606            +-    2.7990567523880416E-004
  Kgq      =   -6.1930269181327442E-002       +-    1.1669697976215293E-004
  K_nlo    =    1.1922059122366486            +-    3.0325793001420299E-004
  Kqq2     =    5.5862059619187457E-002       +-    2.3437162618864776E-004
  Kgq2     =   -3.1729615482463266E-002       +-    1.2420092466121493E-004
  Kqqs     =    1.6330013457018569E-003       +-    3.3855384141119488E-006
  Kgg      =    8.2487023055178221E-004       +-    1.3892892313845606E-006
  K_nnlo   =    1.2187962279496263            +-    4.0290779709560489E-004
  sig_LO   = (  0.83186685890030210            +-    5.6883046196096339E-004 ) fb
  sig_NLO  = (  0.99175658737466998            +-    6.2226068427946623E-004 ) fb
  sig_NNLO = (   1.0138761897839923            +-    6.6023034094328471E-004 ) fb

  pp ---> HHW+ + X
  ===============

  PDFSET = PDF4LHC21_40                                NSET =  14
  Sqrt(S)  = 14.0 TeV
  LOOP     = 3
  alphaS(MZ) =   0.11800
          kl =   1.00000
          kv =   1.00000
         k2v =   1.00000
         kth =   1.00000
         kbh =   1.00000
        cHsq =   0.00000
       chdup =   0.00000
         cHw =   0.00000
          cH =   0.00000
         cHb =   0.00000
        cHwb =   0.00000
      cHq1st =   0.00000
      cHq3st =   0.02000
      cHq1rd =   0.00000
      cHq3rd =   0.00000
       cHdst =   0.00000
       cHust =   0.00000
       cHdrd =   0.00000
       cHurd =   0.00000
         cth =   0.00000
         cbh =   0.00000
 --------------

  mH       = 125.0000      GeV
  fact_scale 1.0
  ren_scale  1.0
  Kqq      =   0.25413058690814488            +-    2.7925854182150249E-004
  Kgq      =   -6.1777891355197935E-002       +-    1.1644896712738305E-004
  K_nlo    =    1.1923526955529471            +-    3.0256519152953830E-004
  Kqq2     =    5.5864241425353775E-002       +-    2.3376097747095049E-004
  Kgq2     =   -3.1652478158997105E-002       +-    1.2396580024772762E-004
  Kqqs     =    1.6339189006958170E-003       +-    3.3818087372231646E-006
  Kgg      =    8.2339421706571758E-004       +-    1.3862049282024117E-006
  K_nnlo   =    1.2190217719370653            +-    4.0195866396804792E-004
  sig_LO   = (  0.83431681776810529            +-    5.6737033812387936E-004 ) fb
  sig_NLO  = (  0.99479990661095719            +-    6.2099327274877151E-004 ) fb
  sig_NNLO = (   1.0170503655525693            +-    6.5907208709505190E-004 ) fb

  pp ---> HHW+ + X
  ===============

  PDFSET = PDF4LHC21_40                                NSET =  15
  Sqrt(S)  = 14.0 TeV
  LOOP     = 3
  alphaS(MZ) =   0.11800
          kl =   1.00000
          kv =   1.00000
         k2v =   1.00000
         kth =   1.00000
         kbh =   1.00000
        cHsq =   0.00000
       chdup =   0.00000
         cHw =   0.00000
          cH =   0.00000
         cHb =   0.00000
        cHwb =   0.00000
      cHq1st =   0.00000
      cHq3st =   0.02000
      cHq1rd =   0.00000
      cHq3rd =   0.00000
       cHdst =   0.00000
       cHust =   0.00000
       cHdrd =   0.00000
       cHurd =   0.00000
         cth =   0.00000
         cbh =   0.00000
 --------------

  mH       = 125.0000      GeV
  fact_scale 1.0
  ren_scale  1.0
  Kqq      =   0.25405563150595473            +-    2.7910591392729076E-004
  Kgq      =   -6.1729541831189547E-002       +-    1.1622013497700654E-004
  K_nlo    =    1.1923260896747652            +-    3.0233628787041403E-004
  Kqq2     =    5.5849393083628594E-002       +-    2.3377782715063171E-004
  Kgq2     =   -3.1634859047157647E-002       +-    1.2374080758499367E-004
  Kqqs     =    1.6312015853668759E-003       +-    3.3795250692728858E-006
  Kgg      =    8.2027770024045764E-004       +-    1.3796024357169650E-006
  K_nnlo   =    1.2189921029968434            +-    4.0172679196799084E-004
  sig_LO   = (  0.83351939727907853            +-    5.7099452771082915E-004 ) fb
  sig_NLO  = (  0.99382692362583092            +-    6.2413167164320166E-004 ) fb
  sig_NNLO = (   1.0160535629778855            +-    6.6193452343511695E-004 ) fb

  pp ---> HHW+ + X
  ===============

  PDFSET = PDF4LHC21_40                                NSET =  16
  Sqrt(S)  = 14.0 TeV
  LOOP     = 3
  alphaS(MZ) =   0.11800
          kl =   1.00000
          kv =   1.00000
         k2v =   1.00000
         kth =   1.00000
         kbh =   1.00000
        cHsq =   0.00000
       chdup =   0.00000
         cHw =   0.00000
          cH =   0.00000
         cHb =   0.00000
        cHwb =   0.00000
      cHq1st =   0.00000
      cHq3st =   0.02000
      cHq1rd =   0.00000
      cHq3rd =   0.00000
       cHdst =   0.00000
       cHust =   0.00000
       cHdrd =   0.00000
       cHurd =   0.00000
         cth =   0.00000
         cbh =   0.00000
 --------------

  mH       = 125.0000      GeV
  fact_scale 1.0
  ren_scale  1.0
  Kqq      =   0.25389387168838828            +-    2.7992699719772186E-004
  Kgq      =   -6.1890688419592242E-002       +-    1.1667740335382410E-004
  K_nlo    =    1.1920031832687961            +-    3.0327007800560270E-004
  Kqq2     =    5.5772674284683556E-002       +-    2.3435861592970540E-004
  Kgq2     =   -3.1706115121495175E-002       +-    1.2415872246181216E-004
  Kqqs     =    1.6267744890225088E-003       +-    3.3717910803752126E-006
  Kgg      =    8.2710847319519539E-004       +-    1.3951782370031462E-006
  K_nnlo   =    1.2185236253942022            +-    4.0289627068857748E-004
  sig_LO   = (  0.83601205752274643            +-    5.7198291460292688E-004 ) fb
  sig_NLO  = (  0.99652903381820956            +-    6.2565620674785813E-004 ) fb
  sig_NNLO = (   1.0187004432058833            +-    6.6378935163017465E-004 ) fb

  pp ---> HHW+ + X
  ===============

  PDFSET = PDF4LHC21_40                                NSET =  17
  Sqrt(S)  = 14.0 TeV
  LOOP     = 3
  alphaS(MZ) =   0.11800
          kl =   1.00000
          kv =   1.00000
         k2v =   1.00000
         kth =   1.00000
         kbh =   1.00000
        cHsq =   0.00000
       chdup =   0.00000
         cHw =   0.00000
          cH =   0.00000
         cHb =   0.00000
        cHwb =   0.00000
      cHq1st =   0.00000
      cHq3st =   0.02000
      cHq1rd =   0.00000
      cHq3rd =   0.00000
       cHdst =   0.00000
       cHust =   0.00000
       cHdrd =   0.00000
       cHurd =   0.00000
         cth =   0.00000
         cbh =   0.00000
 --------------

  mH       = 125.0000      GeV
  fact_scale 1.0
  ren_scale  1.0
  Kqq      =   0.25429308428355069            +-    2.7928974488565641E-004
  Kgq      =   -6.1641274006521411E-002       +-    1.1615389470098273E-004
  K_nlo    =    1.1926518102770294            +-    3.0248055946209508E-004
  Kqq2     =    5.5936054518933062E-002       +-    2.3386348299484289E-004
  Kgq2     =   -3.1580722330951314E-002       +-    1.2362721860411394E-004
  Kqqs     =    1.6292144197208233E-003       +-    3.3755170146292445E-006
  Kgg      =    8.2300832174457832E-004       +-    1.3855112214355122E-006
  K_nnlo   =    1.2194593652064767            +-    4.0185024631973456E-004
  sig_LO   = (  0.83590911312008043            +-    5.7187199722048159E-004 ) fb
  sig_NLO  = (  0.99694851698973008            +-    6.2527498788716052E-004 ) fb
  sig_NNLO = (   1.0193571964557220            +-    6.6322944705102000E-004 ) fb

  pp ---> HHW+ + X
  ===============

  PDFSET = PDF4LHC21_40                                NSET =  18
  Sqrt(S)  = 14.0 TeV
  LOOP     = 3
  alphaS(MZ) =   0.11800
          kl =   1.00000
          kv =   1.00000
         k2v =   1.00000
         kth =   1.00000
         kbh =   1.00000
        cHsq =   0.00000
       chdup =   0.00000
         cHw =   0.00000
          cH =   0.00000
         cHb =   0.00000
        cHwb =   0.00000
      cHq1st =   0.00000
      cHq3st =   0.02000
      cHq1rd =   0.00000
      cHq3rd =   0.00000
       cHdst =   0.00000
       cHust =   0.00000
       cHdrd =   0.00000
       cHurd =   0.00000
         cth =   0.00000
         cbh =   0.00000
 --------------

  mH       = 125.0000      GeV
  fact_scale 1.0
  ren_scale  1.0
  Kqq      =   0.25395639207878862            +-    2.7901874144709666E-004
  Kgq      =   -6.1564645616000897E-002       +-    1.1590139427250192E-004
  K_nlo    =    1.1923917464627878            +-    3.0213339979722820E-004
  Kqq2     =    5.5812948294881481E-002       +-    2.3388662359161180E-004
  Kgq2     =   -3.1544057808410922E-002       +-    1.2341943266530511E-004
  Kqqs     =    1.6304309355210226E-003       +-    3.3757227663630510E-006
  Kgg      =    8.1767631199860906E-004       +-    1.3752794048265388E-006
  K_nnlo   =    1.2191087441967781            +-    4.0153852520670853E-004
  sig_LO   = (  0.83856934252278459            +-    5.7476411172437982E-004 ) fb
  sig_NLO  = (  0.99990316286089476            +-    6.2812815224011194E-004 ) fb
  sig_NNLO = (   1.0223072180848698            +-    6.6613266421967281E-004 ) fb

  pp ---> HHW+ + X
  ===============

  PDFSET = PDF4LHC21_40                                NSET =  19
  Sqrt(S)  = 14.0 TeV
  LOOP     = 3
  alphaS(MZ) =   0.11800
          kl =   1.00000
          kv =   1.00000
         k2v =   1.00000
         kth =   1.00000
         kbh =   1.00000
        cHsq =   0.00000
       chdup =   0.00000
         cHw =   0.00000
          cH =   0.00000
         cHb =   0.00000
        cHwb =   0.00000
      cHq1st =   0.00000
      cHq3st =   0.02000
      cHq1rd =   0.00000
      cHq3rd =   0.00000
       cHdst =   0.00000
       cHust =   0.00000
       cHdrd =   0.00000
       cHurd =   0.00000
         cth =   0.00000
         cbh =   0.00000
 --------------

  mH       = 125.0000      GeV
  fact_scale 1.0
  ren_scale  1.0
  Kqq      =   0.25438777752177966            +-    2.7923994144712146E-004
  Kgq      =   -6.2468578718617086E-002       +-    1.1777501493345980E-004
  K_nlo    =    1.1919191988031628            +-    3.0306088339138800E-004
  Kqq2     =    5.5961865334640079E-002       +-    2.3361247237434665E-004
  Kgq2     =   -3.2002478887428840E-002       +-    1.2531534699488118E-004
  Kqqs     =    1.6446089222143176E-003       +-    3.4081390130931317E-006
  Kgg      =    8.3586412477301036E-004       +-    1.4097006405495334E-006
  K_nnlo   =    1.2183590582973614            +-    4.0266391091169242E-004
  sig_LO   = (  0.82622533253405883            +-    5.6429319628609252E-004 ) fb
  sig_NLO  = (  0.98479383638487195            +-    6.1735343056377415E-004 ) fb
  sig_NNLO = (   1.0066391180876200            +-    6.5506503124387427E-004 ) fb

  pp ---> HHW+ + X
  ===============

  PDFSET = PDF4LHC21_40                                NSET =  20
  Sqrt(S)  = 14.0 TeV
  LOOP     = 3
  alphaS(MZ) =   0.11800
          kl =   1.00000
          kv =   1.00000
         k2v =   1.00000
         kth =   1.00000
         kbh =   1.00000
        cHsq =   0.00000
       chdup =   0.00000
         cHw =   0.00000
          cH =   0.00000
         cHb =   0.00000
        cHwb =   0.00000
      cHq1st =   0.00000
      cHq3st =   0.02000
      cHq1rd =   0.00000
      cHq3rd =   0.00000
       cHdst =   0.00000
       cHust =   0.00000
       cHdrd =   0.00000
       cHurd =   0.00000
         cth =   0.00000
         cbh =   0.00000
 --------------

  mH       = 125.0000      GeV
  fact_scale 1.0
  ren_scale  1.0
  Kqq      =   0.25395039153760673            +-    2.7947969897516194E-004
  Kgq      =   -6.1763353094416107E-002       +-    1.1637983204069988E-004
  K_nlo    =    1.1921870384431905            +-    3.0274274135818458E-004
  Kqq2     =    5.5804342268383565E-002       +-    2.3429044842922760E-004
  Kgq2     =   -3.1643597533763272E-002       +-    1.2387635157152301E-004
  Kqqs     =    1.6312043533503384E-003       +-    3.3794031255627361E-006
  Kgg      =    8.2629233881040438E-004       +-    1.3915333108364724E-006
  K_nnlo   =    1.2188052798699718            +-    4.0237282323654639E-004
  sig_LO   = (  0.83617014145396407            +-    5.7284865687254663E-004 ) fb
  sig_NLO  = (  0.99687120457462519            +-    6.2628882444272884E-004 ) fb
  sig_NNLO = (   1.0191285832737123            +-    6.6434601416968302E-004 ) fb

  pp ---> HHW+ + X
  ===============

  PDFSET = PDF4LHC21_40                                NSET =  21
  Sqrt(S)  = 14.0 TeV
  LOOP     = 3
  alphaS(MZ) =   0.11800
          kl =   1.00000
          kv =   1.00000
         k2v =   1.00000
         kth =   1.00000
         kbh =   1.00000
        cHsq =   0.00000
       chdup =   0.00000
         cHw =   0.00000
          cH =   0.00000
         cHb =   0.00000
        cHwb =   0.00000
      cHq1st =   0.00000
      cHq3st =   0.02000
      cHq1rd =   0.00000
      cHq3rd =   0.00000
       cHdst =   0.00000
       cHust =   0.00000
       cHdrd =   0.00000
       cHurd =   0.00000
         cth =   0.00000
         cbh =   0.00000
 --------------

  mH       = 125.0000      GeV
  fact_scale 1.0
  ren_scale  1.0
  Kqq      =   0.25420871545457679            +-    2.8004474214535810E-004
  Kgq      =   -6.2409882534628383E-002       +-    1.1764546136809679E-004
  K_nlo    =    1.1917988329199483            +-    3.0375238630136298E-004
  Kqq2     =    5.5920529610914524E-002       +-    2.3427765505104861E-004
  Kgq2     =   -3.1972983289460508E-002       +-    1.2520389982852064E-004
  Kqqs     =    1.6468995910197584E-003       +-    3.4122249403725547E-006
  Kgg      =    8.3420051125892268E-004       +-    1.4055151687876851E-006
  K_nnlo   =    1.2182274793436809            +-    4.0353583127672091E-004
  sig_LO   = (  0.82618484335547160            +-    5.6518122360508171E-004 ) fb
  sig_NLO  = (  0.98464613208720153            +-    6.1839189642858190E-004 ) fb
  sig_NNLO = (   1.0064810791928902            +-    6.5618760015589733E-004 ) fb

  pp ---> HHW+ + X
  ===============

  PDFSET = PDF4LHC21_40                                NSET =  22
  Sqrt(S)  = 14.0 TeV
  LOOP     = 3
  alphaS(MZ) =   0.11800
          kl =   1.00000
          kv =   1.00000
         k2v =   1.00000
         kth =   1.00000
         kbh =   1.00000
        cHsq =   0.00000
       chdup =   0.00000
         cHw =   0.00000
          cH =   0.00000
         cHb =   0.00000
        cHwb =   0.00000
      cHq1st =   0.00000
      cHq3st =   0.02000
      cHq1rd =   0.00000
      cHq3rd =   0.00000
       cHdst =   0.00000
       cHust =   0.00000
       cHdrd =   0.00000
       cHurd =   0.00000
         cth =   0.00000
         cbh =   0.00000
 --------------

  mH       = 125.0000      GeV
  fact_scale 1.0
  ren_scale  1.0
  Kqq      =   0.25406557905100069            +-    2.7964278449504431E-004
  Kgq      =   -6.2099200552448039E-002       +-    1.1722445282647849E-004
  K_nlo    =    1.1919663784985526            +-    3.0321883064976204E-004
  Kqq2     =    5.5846631226102186E-002       +-    2.3393137520453727E-004
  Kgq2     =   -3.1811526993056241E-002       +-    1.2472297625272223E-004
  Kqqs     =    1.6349472641352600E-003       +-    3.3882179253630304E-006
  Kgg      =    8.3349123442313141E-004       +-    1.4084106904217131E-006
  K_nnlo   =    1.2184699212301568            +-    4.0278385272055637E-004
  sig_LO   = (  0.83096986961273944            +-    5.6794418917379904E-004 ) fb
  sig_NLO  = (  0.99048814612371161            +-    6.2132706534094920E-004 ) fb
  sig_NNLO = (   1.0125117915716686            +-    6.5923101095692691E-004 ) fb

  pp ---> HHW+ + X
  ===============

  PDFSET = PDF4LHC21_40                                NSET =  23
  Sqrt(S)  = 14.0 TeV
  LOOP     = 3
  alphaS(MZ) =   0.11800
          kl =   1.00000
          kv =   1.00000
         k2v =   1.00000
         kth =   1.00000
         kbh =   1.00000
        cHsq =   0.00000
       chdup =   0.00000
         cHw =   0.00000
          cH =   0.00000
         cHb =   0.00000
        cHwb =   0.00000
      cHq1st =   0.00000
      cHq3st =   0.02000
      cHq1rd =   0.00000
      cHq3rd =   0.00000
       cHdst =   0.00000
       cHust =   0.00000
       cHdrd =   0.00000
       cHurd =   0.00000
         cth =   0.00000
         cbh =   0.00000
 --------------

  mH       = 125.0000      GeV
  fact_scale 1.0
  ren_scale  1.0
  Kqq      =   0.25407736712403278            +-    2.7968108776590315E-004
  Kgq      =   -6.1949308718408577E-002       +-    1.1675132817516205E-004
  K_nlo    =    1.1921280584056242            +-    3.0307158145326528E-004
  Kqq2     =    5.5850499356397749E-002       +-    2.3385141976572544E-004
  Kgq2     =   -3.1736764494692198E-002       +-    1.2426113925343262E-004
  Kqqs     =    1.6357744347583313E-003       +-    3.3896832977426342E-006
  Kgg      =    8.2830691704306584E-004       +-    1.3951306173741552E-006
  K_nnlo   =    1.2187058746191313            +-    4.0248371033109931E-004
  sig_LO   = (  0.83254059236440170            +-    5.6884180347427208E-004 ) fb
  sig_NLO  = (  0.99249499991924250            +-    6.2229098815917727E-004 ) fb
  sig_NNLO = (   1.0146221107733877            +-    6.6019868393772587E-004 ) fb

  pp ---> HHW+ + X
  ===============

  PDFSET = PDF4LHC21_40                                NSET =  24
  Sqrt(S)  = 14.0 TeV
  LOOP     = 3
  alphaS(MZ) =   0.11800
          kl =   1.00000
          kv =   1.00000
         k2v =   1.00000
         kth =   1.00000
         kbh =   1.00000
        cHsq =   0.00000
       chdup =   0.00000
         cHw =   0.00000
          cH =   0.00000
         cHb =   0.00000
        cHwb =   0.00000
      cHq1st =   0.00000
      cHq3st =   0.02000
      cHq1rd =   0.00000
      cHq3rd =   0.00000
       cHdst =   0.00000
       cHust =   0.00000
       cHdrd =   0.00000
       cHurd =   0.00000
         cth =   0.00000
         cbh =   0.00000
 --------------

  mH       = 125.0000      GeV
  fact_scale 1.0
  ren_scale  1.0
  Kqq      =   0.25381561070835196            +-    2.8055947965618152E-004
  Kgq      =   -6.1673854737728226E-002       +-    1.1619970984376885E-004
  K_nlo    =    1.1921417559706238            +-    3.0367086490594284E-004
  Kqq2     =    5.5756594203961229E-002       +-    2.3477417577976085E-004
  Kgq2     =   -3.1597368525540459E-002       +-    1.2365966399725502E-004
  Kqqs     =    1.6291007353691732E-003       +-    3.3788392415691982E-006
  Kgg      =    8.2526420065139364E-004       +-    1.3905271876181222E-006
  K_nnlo   =    1.2187553465850653            +-    4.0328646199219649E-004
  sig_LO   = (  0.83631368704124742            +-    5.7948810052199542E-004 ) fb
  sig_NLO  = (  0.99700446741161941            +-    6.3269599578234293E-004 ) fb
  sig_NNLO = (   1.0192617775037891            +-    6.7049250674614414E-004 ) fb

  pp ---> HHW+ + X
  ===============

  PDFSET = PDF4LHC21_40                                NSET =  25
  Sqrt(S)  = 14.0 TeV
  LOOP     = 3
  alphaS(MZ) =   0.11800
          kl =   1.00000
          kv =   1.00000
         k2v =   1.00000
         kth =   1.00000
         kbh =   1.00000
        cHsq =   0.00000
       chdup =   0.00000
         cHw =   0.00000
          cH =   0.00000
         cHb =   0.00000
        cHwb =   0.00000
      cHq1st =   0.00000
      cHq3st =   0.02000
      cHq1rd =   0.00000
      cHq3rd =   0.00000
       cHdst =   0.00000
       cHust =   0.00000
       cHdrd =   0.00000
       cHurd =   0.00000
         cth =   0.00000
         cbh =   0.00000
 --------------

  mH       = 125.0000      GeV
  fact_scale 1.0
  ren_scale  1.0
  Kqq      =   0.25399535563814146            +-    2.7956512066277454E-004
  Kgq      =   -6.1962817178964937E-002       +-    1.1678313224184882E-004
  K_nlo    =    1.1920325384591763            +-    3.0297682529759409E-004
  Kqq2     =    5.5827794494546973E-002       +-    2.3408476863246726E-004
  Kgq2     =   -3.1743965822388948E-002       +-    1.2431528210010093E-004
  Kqqs     =    1.6323782494431173E-003       +-    3.3809592069961772E-006
  Kgg      =    8.3244432938173467E-004       +-    1.4032481220057474E-006
  K_nnlo   =    1.2185811897101591            +-    4.0256468415299863E-004
  sig_LO   = (  0.83181814055873449            +-    5.7007819043054559E-004 ) fb
  sig_NLO  = (  0.99155428962662040            +-    6.2330092240866163E-004 ) fb
  sig_NNLO = (   1.0136379393445552            +-    6.6115109418566091E-004 ) fb

  pp ---> HHW+ + X
  ===============

  PDFSET = PDF4LHC21_40                                NSET =  26
  Sqrt(S)  = 14.0 TeV
  LOOP     = 3
  alphaS(MZ) =   0.11800
          kl =   1.00000
          kv =   1.00000
         k2v =   1.00000
         kth =   1.00000
         kbh =   1.00000
        cHsq =   0.00000
       chdup =   0.00000
         cHw =   0.00000
          cH =   0.00000
         cHb =   0.00000
        cHwb =   0.00000
      cHq1st =   0.00000
      cHq3st =   0.02000
      cHq1rd =   0.00000
      cHq3rd =   0.00000
       cHdst =   0.00000
       cHust =   0.00000
       cHdrd =   0.00000
       cHurd =   0.00000
         cth =   0.00000
         cbh =   0.00000
 --------------

  mH       = 125.0000      GeV
  fact_scale 1.0
  ren_scale  1.0
  Kqq      =   0.25393757110145637            +-    2.7900777881009352E-004
  Kgq      =   -6.1775529452489715E-002       +-    1.1645469937085601E-004
  K_nlo    =    1.1921620416489667            +-    3.0233596815810472E-004
  Kqq2     =    5.5810097727230931E-002       +-    2.3390260405093931E-004
  Kgq2     =   -3.1648610600120947E-002       +-    1.2393588786771071E-004
  Kqqs     =    1.6333956008997971E-003       +-    3.3773088294196320E-006
  Kgg      =    8.2557112435798223E-004       +-    1.3894153384695061E-006
  K_nnlo   =    1.2187824955013342            +-    4.0185931221682397E-004
  sig_LO   = (  0.83483200314099670            +-    5.7331300743989082E-004 ) fb
  sig_NLO  = (  0.99525502529846721            +-    6.2641314978259489E-004 ) fb
  sig_NNLO = (   1.0174786321125617            +-    6.6425747983756456E-004 ) fb

  pp ---> HHW+ + X
  ===============

  PDFSET = PDF4LHC21_40                                NSET =  27
  Sqrt(S)  = 14.0 TeV
  LOOP     = 3
  alphaS(MZ) =   0.11800
          kl =   1.00000
          kv =   1.00000
         k2v =   1.00000
         kth =   1.00000
         kbh =   1.00000
        cHsq =   0.00000
       chdup =   0.00000
         cHw =   0.00000
          cH =   0.00000
         cHb =   0.00000
        cHwb =   0.00000
      cHq1st =   0.00000
      cHq3st =   0.02000
      cHq1rd =   0.00000
      cHq3rd =   0.00000
       cHdst =   0.00000
       cHust =   0.00000
       cHdrd =   0.00000
       cHurd =   0.00000
         cth =   0.00000
         cbh =   0.00000
 --------------

  mH       = 125.0000      GeV
  fact_scale 1.0
  ren_scale  1.0
  Kqq      =   0.25407112726538972            +-    2.8000860668918125E-004
  Kgq      =   -6.1992538132015398E-002       +-    1.1685221679511190E-004
  K_nlo    =    1.1920785891333743            +-    3.0341268989603654E-004
  Kqq2     =    5.5845783142978958E-002       +-    2.3449794830443808E-004
  Kgq2     =   -3.1760547963059126E-002       +-    1.2435616185682775E-004
  Kqqs     =    1.6351222472056747E-003       +-    3.3877652119534784E-006
  Kgg      =    8.2772008573314909E-004       +-    1.3946015564865185E-006
  K_nnlo   =    1.2186266666462331            +-    4.0314566227026873E-004
  sig_LO   = (  0.83290481549897077            +-    5.6999989737280179E-004 ) fb
  sig_NLO  = (  0.99288799734240640            +-    6.2350957767751374E-004 ) fb
  sig_NNLO = (   1.0150000189451061            +-    6.6155076145748084E-004 ) fb

  pp ---> HHW+ + X
  ===============

  PDFSET = PDF4LHC21_40                                NSET =  28
  Sqrt(S)  = 14.0 TeV
  LOOP     = 3
  alphaS(MZ) =   0.11800
          kl =   1.00000
          kv =   1.00000
         k2v =   1.00000
         kth =   1.00000
         kbh =   1.00000
        cHsq =   0.00000
       chdup =   0.00000
         cHw =   0.00000
          cH =   0.00000
         cHb =   0.00000
        cHwb =   0.00000
      cHq1st =   0.00000
      cHq3st =   0.02000
      cHq1rd =   0.00000
      cHq3rd =   0.00000
       cHdst =   0.00000
       cHust =   0.00000
       cHdrd =   0.00000
       cHurd =   0.00000
         cth =   0.00000
         cbh =   0.00000
 --------------

  mH       = 125.0000      GeV
  fact_scale 1.0
  ren_scale  1.0
  Kqq      =   0.25402355245063651            +-    2.7978346198691251E-004
  Kgq      =   -6.1698795450803978E-002       +-    1.1624543608390404E-004
  K_nlo    =    1.1923247569998325            +-    3.0297159439742719E-004
  Kqq2     =    5.5831038885012445E-002       +-    2.3438271179074800E-004
  Kgq2     =   -3.1610929450923739E-002       +-    1.2376675709588632E-004
  Kqqs     =    1.6344865950822219E-003       +-    3.3884465309746436E-006
  Kgg      =    8.2325291814623646E-004       +-    1.3854358092788537E-006
  K_nnlo   =    1.2190026059471497            +-    4.0256509257809603E-004
  sig_LO   = (  0.83423373082446006            +-    5.7091347616102526E-004 ) fb
  sig_NLO  = (  0.99467753038633810            +-    6.2435912478832096E-004 ) fb
  sig_NNLO = (   1.0169330918440298            +-    6.6236414136584137E-004 ) fb

  pp ---> HHW+ + X
  ===============

  PDFSET = PDF4LHC21_40                                NSET =  29
  Sqrt(S)  = 14.0 TeV
  LOOP     = 3
  alphaS(MZ) =   0.11800
          kl =   1.00000
          kv =   1.00000
         k2v =   1.00000
         kth =   1.00000
         kbh =   1.00000
        cHsq =   0.00000
       chdup =   0.00000
         cHw =   0.00000
          cH =   0.00000
         cHb =   0.00000
        cHwb =   0.00000
      cHq1st =   0.00000
      cHq3st =   0.02000
      cHq1rd =   0.00000
      cHq3rd =   0.00000
       cHdst =   0.00000
       cHust =   0.00000
       cHdrd =   0.00000
       cHurd =   0.00000
         cth =   0.00000
         cbh =   0.00000
 --------------

  mH       = 125.0000      GeV
  fact_scale 1.0
  ren_scale  1.0
  Kqq      =   0.25401504339772962            +-    2.7956648921812020E-004
  Kgq      =   -6.1745876352301755E-002       +-    1.1631870827511136E-004
  K_nlo    =    1.1922691670454280            +-    3.0279937877831879E-004
  Kqq2     =    5.5830937670818905E-002       +-    2.3421111720226410E-004
  Kgq2     =   -3.1635032702005565E-002       +-    1.2381868843420611E-004
  Kqqs     =    1.6350940136805288E-003       +-    3.3860073514965840E-006
  Kgg      =    8.2401047883965696E-004       +-    1.3868525570643825E-006
  K_nnlo   =    1.2189241765067613            +-    4.0235154681078942E-004
  sig_LO   = (  0.83522936167144157            +-    5.7180593957364392E-004 ) fb
  sig_NLO  = (  0.99581821533189396            +-    6.2523911322809073E-004 ) fb
  sig_NNLO = (   1.0180812618696300            +-    6.6324622159369536E-004 ) fb

  pp ---> HHW+ + X
  ===============

  PDFSET = PDF4LHC21_40                                NSET =  30
  Sqrt(S)  = 14.0 TeV
  LOOP     = 3
  alphaS(MZ) =   0.11800
          kl =   1.00000
          kv =   1.00000
         k2v =   1.00000
         kth =   1.00000
         kbh =   1.00000
        cHsq =   0.00000
       chdup =   0.00000
         cHw =   0.00000
          cH =   0.00000
         cHb =   0.00000
        cHwb =   0.00000
      cHq1st =   0.00000
      cHq3st =   0.02000
      cHq1rd =   0.00000
      cHq3rd =   0.00000
       cHdst =   0.00000
       cHust =   0.00000
       cHdrd =   0.00000
       cHurd =   0.00000
         cth =   0.00000
         cbh =   0.00000
 --------------

  mH       = 125.0000      GeV
  fact_scale 1.0
  ren_scale  1.0
  Kqq      =   0.25399013695082312            +-    2.7911848525242491E-004
  Kgq      =   -6.1835095083052800E-002       +-    1.1642668081267116E-004
  K_nlo    =    1.1921550418677702            +-    3.0242734799396657E-004
  Kqq2     =    5.5822978218847213E-002       +-    2.3398783562038697E-004
  Kgq2     =   -3.1680492597841184E-002       +-    1.2393564650691786E-004
  Kqqs     =    1.6310166604558169E-003       +-    3.3779621013863861E-006
  Kgg      =    8.2528940245136725E-004       +-    1.3871622592526412E-006
  K_nnlo   =    1.2187538335516837            +-    4.0197759558855594E-004
  sig_LO   = (  0.83468732359382181            +-    5.7192960111927165E-004 ) fb
  sig_NLO  = (  0.99507670120548974            +-    6.2516039656317622E-004 ) fb
  sig_NNLO = (   1.0172783754469648            +-    6.6308438315024372E-004 ) fb

  pp ---> HHW+ + X
  ===============

  PDFSET = PDF4LHC21_40                                NSET =  31
  Sqrt(S)  = 14.0 TeV
  LOOP     = 3
  alphaS(MZ) =   0.11800
          kl =   1.00000
          kv =   1.00000
         k2v =   1.00000
         kth =   1.00000
         kbh =   1.00000
        cHsq =   0.00000
       chdup =   0.00000
         cHw =   0.00000
          cH =   0.00000
         cHb =   0.00000
        cHwb =   0.00000
      cHq1st =   0.00000
      cHq3st =   0.02000
      cHq1rd =   0.00000
      cHq3rd =   0.00000
       cHdst =   0.00000
       cHust =   0.00000
       cHdrd =   0.00000
       cHurd =   0.00000
         cth =   0.00000
         cbh =   0.00000
 --------------

  mH       = 125.0000      GeV
  fact_scale 1.0
  ren_scale  1.0
  Kqq      =   0.25416534481903169            +-    2.8155177691019232E-004
  Kgq      =   -6.1955140006197049E-002       +-    1.1689442518426275E-004
  K_nlo    =    1.1922102048128347            +-    3.0485358735046222E-004
  Kqq2     =    5.5865400606448956E-002       +-    2.3453414536398252E-004
  Kgq2     =   -3.1743262548160477E-002       +-    1.2443808932906578E-004
  Kqqs     =    1.6343949650909899E-003       +-    3.3921928806799895E-006
  Kgg      =    8.2623394404502813E-004       +-    1.3916722193335221E-006
  K_nnlo   =    1.2187929717802592            +-    4.0427745035066445E-004
  sig_LO   = (  0.83058458286382864            +-    5.7330378144770434E-004 ) fb
  sig_NLO  = (  0.99023141565046791            +-    6.2673028770195832E-004 ) fb
  sig_NNLO = (   1.0123106520634726            +-    6.6440189515682086E-004 ) fb

  pp ---> HHW+ + X
  ===============

  PDFSET = PDF4LHC21_40                                NSET =  32
  Sqrt(S)  = 14.0 TeV
  LOOP     = 3
  alphaS(MZ) =   0.11800
          kl =   1.00000
          kv =   1.00000
         k2v =   1.00000
         kth =   1.00000
         kbh =   1.00000
        cHsq =   0.00000
       chdup =   0.00000
         cHw =   0.00000
          cH =   0.00000
         cHb =   0.00000
        cHwb =   0.00000
      cHq1st =   0.00000
      cHq3st =   0.02000
      cHq1rd =   0.00000
      cHq3rd =   0.00000
       cHdst =   0.00000
       cHust =   0.00000
       cHdrd =   0.00000
       cHurd =   0.00000
         cth =   0.00000
         cbh =   0.00000
 --------------

  mH       = 125.0000      GeV
  fact_scale 1.0
  ren_scale  1.0
  Kqq      =   0.25400858775524160            +-    2.7974474851645174E-004
  Kgq      =   -6.1892308597558537E-002       +-    1.1666362416228335E-004
  K_nlo    =    1.1921162791576831            +-    3.0309656138796979E-004
  Kqq2     =    5.5823506688576836E-002       +-    2.3430346430548135E-004
  Kgq2     =   -3.1707869029981198E-002       +-    1.2415127063632905E-004
  Kqqs     =    1.6343528015999307E-003       +-    3.3883115377079341E-006
  Kgg      =    8.2672247251952026E-004       +-    1.3927654928349894E-006
  K_nnlo   =    1.2186929920903982            +-    4.0273142087769980E-004
  sig_LO   = (  0.83403138011216638            +-    5.7042137141453508E-004 ) fb
  sig_NLO  = (  0.99426238556006308            +-    6.2392656472827468E-004 ) fb
  sig_NNLO = (   1.0164281981261802            +-    6.6196908150329759E-004 ) fb

  pp ---> HHW+ + X
  ===============

  PDFSET = PDF4LHC21_40                                NSET =  33
  Sqrt(S)  = 14.0 TeV
  LOOP     = 3
  alphaS(MZ) =   0.11800
          kl =   1.00000
          kv =   1.00000
         k2v =   1.00000
         kth =   1.00000
         kbh =   1.00000
        cHsq =   0.00000
       chdup =   0.00000
         cHw =   0.00000
          cH =   0.00000
         cHb =   0.00000
        cHwb =   0.00000
      cHq1st =   0.00000
      cHq3st =   0.02000
      cHq1rd =   0.00000
      cHq3rd =   0.00000
       cHdst =   0.00000
       cHust =   0.00000
       cHdrd =   0.00000
       cHurd =   0.00000
         cth =   0.00000
         cbh =   0.00000
 --------------

  mH       = 125.0000      GeV
  fact_scale 1.0
  ren_scale  1.0
  Kqq      =   0.25397931406265017            +-    2.7930355537635093E-004
  Kgq      =   -6.1818134489570395E-002       +-    1.1652087195535298E-004
  K_nlo    =    1.1921611795730800            +-    3.0263441583386726E-004
  Kqq2     =    5.5817367134095797E-002       +-    2.3396428903371997E-004
  Kgq2     =   -3.1671365962766221E-002       +-    1.2401586728954411E-004
  Kqqs     =    1.6326759237510254E-003       +-    3.3825404633021182E-006
  Kgg      =    8.2566405806011578E-004       +-    1.3914531680908497E-006
  K_nnlo   =    1.2187655207262207            +-    4.0214449051509193E-004
  sig_LO   = (  0.83365924200368624            +-    5.7062615856786974E-004 ) fb
  sig_NLO  = (  0.99385618530911424            +-    6.2391222461961339E-004 ) fb
  sig_NNLO = (   1.0160351401888488            +-    6.6182154826103482E-004 ) fb

  pp ---> HHW+ + X
  ===============

  PDFSET = PDF4LHC21_40                                NSET =  34
  Sqrt(S)  = 14.0 TeV
  LOOP     = 3
  alphaS(MZ) =   0.11800
          kl =   1.00000
          kv =   1.00000
         k2v =   1.00000
         kth =   1.00000
         kbh =   1.00000
        cHsq =   0.00000
       chdup =   0.00000
         cHw =   0.00000
          cH =   0.00000
         cHb =   0.00000
        cHwb =   0.00000
      cHq1st =   0.00000
      cHq3st =   0.02000
      cHq1rd =   0.00000
      cHq3rd =   0.00000
       cHdst =   0.00000
       cHust =   0.00000
       cHdrd =   0.00000
       cHurd =   0.00000
         cth =   0.00000
         cbh =   0.00000
 --------------

  mH       = 125.0000      GeV
  fact_scale 1.0
  ren_scale  1.0
  Kqq      =   0.25379109261755761            +-    2.7762432521093980E-004
  Kgq      =   -6.1816600588075879E-002       +-    1.1652590321021491E-004
  K_nlo    =    1.1919744920294819            +-    3.0108728313860426E-004
  Kqq2     =    5.5816391549411627E-002       +-    2.2749655323778161E-004
  Kgq2     =   -3.1666500100525408E-002       +-    1.2397830565487488E-004
  Kqqs     =    1.6319680098575474E-003       +-    3.3754115165995191E-006
  Kgg      =    8.2799657329035248E-004       +-    1.3942465092856557E-006
  K_nnlo   =    1.2185843480615159            +-    3.9723065264672799E-004
  sig_LO   = (  0.83738072646184358            +-    5.7341384742451331E-004 ) fb
  sig_NLO  = (  0.99813646605963435            +-    6.2639468281451506E-004 ) fb
  sig_NNLO = (   1.0204190466347840            +-    6.6290900407854798E-004 ) fb

  pp ---> HHW+ + X
  ===============

  PDFSET = PDF4LHC21_40                                NSET =  35
  Sqrt(S)  = 14.0 TeV
  LOOP     = 3
  alphaS(MZ) =   0.11800
          kl =   1.00000
          kv =   1.00000
         k2v =   1.00000
         kth =   1.00000
         kbh =   1.00000
        cHsq =   0.00000
       chdup =   0.00000
         cHw =   0.00000
          cH =   0.00000
         cHb =   0.00000
        cHwb =   0.00000
      cHq1st =   0.00000
      cHq3st =   0.02000
      cHq1rd =   0.00000
      cHq3rd =   0.00000
       cHdst =   0.00000
       cHust =   0.00000
       cHdrd =   0.00000
       cHurd =   0.00000
         cth =   0.00000
         cbh =   0.00000
 --------------

  mH       = 125.0000      GeV
  fact_scale 1.0
  ren_scale  1.0
  Kqq      =   0.25399260227465625            +-    2.7981268807436463E-004
  Kgq      =   -6.1833877340152554E-002       +-    1.1648556439073442E-004
  K_nlo    =    1.1921587249345036            +-    3.0309079022436430E-004
  Kqq2     =    5.5813876148084113E-002       +-    2.3426241738196601E-004
  Kgq2     =   -3.1678795473785035E-002       +-    1.2397185879943978E-004
  Kqqs     =    1.6321269344537555E-003       +-    3.3802969730526698E-006
  Kgg      =    8.2652878850499446E-004       +-    1.3918815452626334E-006
  K_nnlo   =    1.2187524613317615            +-    4.0264785213946235E-004
  sig_LO   = (  0.83453329097766582            +-    5.7014629359602195E-004 ) fb
  sig_NLO  = (  0.99489614408732940            +-    6.2373481001336446E-004 ) fb
  sig_NNLO = (   1.0170895024423254            +-    6.6179927288981396E-004 ) fb

  pp ---> HHW+ + X
  ===============

  PDFSET = PDF4LHC21_40                                NSET =  36
  Sqrt(S)  = 14.0 TeV
  LOOP     = 3
  alphaS(MZ) =   0.11800
          kl =   1.00000
          kv =   1.00000
         k2v =   1.00000
         kth =   1.00000
         kbh =   1.00000
        cHsq =   0.00000
       chdup =   0.00000
         cHw =   0.00000
          cH =   0.00000
         cHb =   0.00000
        cHwb =   0.00000
      cHq1st =   0.00000
      cHq3st =   0.02000
      cHq1rd =   0.00000
      cHq3rd =   0.00000
       cHdst =   0.00000
       cHust =   0.00000
       cHdrd =   0.00000
       cHurd =   0.00000
         cth =   0.00000
         cbh =   0.00000
 --------------

  mH       = 125.0000      GeV
  fact_scale 1.0
  ren_scale  1.0
  Kqq      =   0.25409728483542898            +-    2.7996821591859313E-004
  Kgq      =   -6.2090961531433328E-002       +-    1.1700838348210194E-004
  K_nlo    =    1.1920063233039957            +-    3.0343560063007542E-004
  Kqq2     =    5.5852611711488226E-002       +-    2.3431758285115132E-004
  Kgq2     =   -3.1809444387279957E-002       +-    1.2453277760467727E-004
  Kqqs     =    1.6342918712869468E-003       +-    3.3846051993355602E-006
  Kgg      =    8.3247063238122353E-004       +-    1.4043007638980025E-006
  K_nnlo   =    1.2185162531318721            +-    4.0311255707788069E-004
  sig_LO   = (  0.83201096144838060            +-    5.6883533203872525E-004 ) fb
  sig_NLO  = (  0.99176232710470658            +-    6.2234280591730686E-004 ) fb
  sig_NNLO = (   1.0138188793087273            +-    6.6035052404656675E-004 ) fb

  pp ---> HHW+ + X
  ===============

  PDFSET = PDF4LHC21_40                                NSET =  37
  Sqrt(S)  = 14.0 TeV
  LOOP     = 3
  alphaS(MZ) =   0.11800
          kl =   1.00000
          kv =   1.00000
         k2v =   1.00000
         kth =   1.00000
         kbh =   1.00000
        cHsq =   0.00000
       chdup =   0.00000
         cHw =   0.00000
          cH =   0.00000
         cHb =   0.00000
        cHwb =   0.00000
      cHq1st =   0.00000
      cHq3st =   0.02000
      cHq1rd =   0.00000
      cHq3rd =   0.00000
       cHdst =   0.00000
       cHust =   0.00000
       cHdrd =   0.00000
       cHurd =   0.00000
         cth =   0.00000
         cbh =   0.00000
 --------------

  mH       = 125.0000      GeV
  fact_scale 1.0
  ren_scale  1.0
  Kqq      =   0.25399752263474906            +-    2.7986573747994491E-004
  Kgq      =   -6.1898194208646763E-002       +-    1.1659387777499624E-004
  K_nlo    =    1.1920993284261023            +-    3.0318140337066225E-004
  Kqq2     =    5.5816374271022526E-002       +-    2.3430151225196068E-004
  Kgq2     =   -3.1712401259384147E-002       +-    1.2410307336891216E-004
  Kqqs     =    1.6335100334775323E-003       +-    3.3837456163253184E-006
  Kgg      =    8.2668255045391403E-004       +-    1.3923119655586535E-006
  K_nnlo   =    1.2186634940216721            +-    4.0277924857168957E-004
  sig_LO   = (  0.83371089290470080            +-    5.6994361505173009E-004 ) fb
  sig_NLO  = (  0.99386619553321986            +-    6.2347910338099129E-004 ) fb
  sig_NNLO = (   1.0160130297511707            +-    6.6151215871328205E-004 ) fb

  pp ---> HHW+ + X
  ===============

  PDFSET = PDF4LHC21_40                                NSET =  38
  Sqrt(S)  = 14.0 TeV
  LOOP     = 3
  alphaS(MZ) =   0.11800
          kl =   1.00000
          kv =   1.00000
         k2v =   1.00000
         kth =   1.00000
         kbh =   1.00000
        cHsq =   0.00000
       chdup =   0.00000
         cHw =   0.00000
          cH =   0.00000
         cHb =   0.00000
        cHwb =   0.00000
      cHq1st =   0.00000
      cHq3st =   0.02000
      cHq1rd =   0.00000
      cHq3rd =   0.00000
       cHdst =   0.00000
       cHust =   0.00000
       cHdrd =   0.00000
       cHurd =   0.00000
         cth =   0.00000
         cbh =   0.00000
 --------------

  mH       = 125.0000      GeV
  fact_scale 1.0
  ren_scale  1.0
  Kqq      =   0.25374063615036069            +-    2.7956539198225694E-004
  Kgq      =   -6.1479790457661054E-002       +-    1.1586447710426578E-004
  K_nlo    =    1.1922608456926995            +-    3.0262416534182778E-004
  Kqq2     =    5.5725927576366546E-002       +-    2.3425417451447168E-004
  Kgq2     =   -3.1496741226348809E-002       +-    1.2331826853980045E-004
  Kqqs     =    1.6251435664949244E-003       +-    3.3672327973248791E-006
  Kgg      =    8.2148525968576633E-004       +-    1.3832900550751712E-006
  K_nnlo   =    1.2189366608688981            +-    4.0209084897574660E-004
  sig_LO   = (  0.83884088129311329            +-    5.7524383716000063E-004 ) fb
  sig_NLO  = (   1.0001171385321366            +-    6.2876631795676617E-004 ) fb
  sig_NNLO = (   1.0224939028437510            +-    6.6683594655384459E-004 ) fb

  pp ---> HHW+ + X
  ===============

  PDFSET = PDF4LHC21_40                                NSET =  39
  Sqrt(S)  = 14.0 TeV
  LOOP     = 3
  alphaS(MZ) =   0.11800
          kl =   1.00000
          kv =   1.00000
         k2v =   1.00000
         kth =   1.00000
         kbh =   1.00000
        cHsq =   0.00000
       chdup =   0.00000
         cHw =   0.00000
          cH =   0.00000
         cHb =   0.00000
        cHwb =   0.00000
      cHq1st =   0.00000
      cHq3st =   0.02000
      cHq1rd =   0.00000
      cHq3rd =   0.00000
       cHdst =   0.00000
       cHust =   0.00000
       cHdrd =   0.00000
       cHurd =   0.00000
         cth =   0.00000
         cbh =   0.00000
 --------------

  mH       = 125.0000      GeV
  fact_scale 1.0
  ren_scale  1.0
  Kqq      =   0.25399922674966002            +-    2.7995427814074493E-004
  Kgq      =   -6.2024978862109420E-002       +-    1.1692423665372137E-004
  K_nlo    =    1.1919742478875506            +-    3.0339030137161772E-004
  Kqq2     =    5.5813755969907612E-002       +-    2.3434468568643790E-004
  Kgq2     =   -3.1774527669499057E-002       +-    1.2442162965887061E-004
  Kqqs     =    1.6326682587081091E-003       +-    3.3850756607154919E-006
  Kgg      =    8.3034669883262071E-004       +-    1.3991759509644634E-006
  K_nnlo   =    1.2184764911454999            +-    4.0305987772708919E-004
  sig_LO   = (  0.83288322141456761            +-    5.6968537338185365E-004 ) fb
  sig_NLO  = (  0.99277535142378959            +-    6.2321184157848792E-004 ) fb
  sig_NNLO = (   1.0148486251631827            +-    6.6123908646503553E-004 ) fb

  pp ---> HHW+ + X
  ===============

  PDFSET = PDF4LHC21_40                                NSET =  40
  Sqrt(S)  = 14.0 TeV
  LOOP     = 3
  alphaS(MZ) =   0.11800
          kl =   1.00000
          kv =   1.00000
         k2v =   1.00000
         kth =   1.00000
         kbh =   1.00000
        cHsq =   0.00000
       chdup =   0.00000
         cHw =   0.00000
          cH =   0.00000
         cHb =   0.00000
        cHwb =   0.00000
      cHq1st =   0.00000
      cHq3st =   0.02000
      cHq1rd =   0.00000
      cHq3rd =   0.00000
       cHdst =   0.00000
       cHust =   0.00000
       cHdrd =   0.00000
       cHurd =   0.00000
         cth =   0.00000
         cbh =   0.00000
 --------------

  mH       = 125.0000      GeV
  fact_scale 1.0
  ren_scale  1.0
  Kqq      =   0.25405319656621295            +-    2.8000132424794505E-004
  Kgq      =   -6.1866522123635762E-002       +-    1.1656941960799509E-004
  K_nlo    =    1.1921866744425771            +-    3.0329716643639733E-004
  Kqq2     =    5.5837296518057029E-002       +-    2.3436676752575751E-004
  Kgq2     =   -3.1696590931338336E-002       +-    1.2406436327938635E-004
  Kqqs     =    1.6333503980222024E-003       +-    3.3831407130696554E-006
  Kgg      =    8.2741810288362134E-004       +-    1.3934709561571038E-006
  K_nnlo   =    1.2187881485302017            +-    4.0289242550230425E-004
  sig_LO   = (  0.83277839273222243            +-    5.6945619378176622E-004 ) fb
  sig_NLO  = (  0.99282730257906271            +-    6.2295800256169051E-004 ) fb
  sig_NNLO = (   1.0149804354140624            +-    6.6094939181323624E-004 ) fb

  pp ---> HHW+ + X
  ===============

  PDFSET = PDF4LHC21_40                                NSET =  41
  Sqrt(S)  = 14.0 TeV
  LOOP     = 3
  alphaS(MZ) =   0.11700
          kl =   1.00000
          kv =   1.00000
         k2v =   1.00000
         kth =   1.00000
         kbh =   1.00000
        cHsq =   0.00000
       chdup =   0.00000
         cHw =   0.00000
          cH =   0.00000
         cHb =   0.00000
        cHwb =   0.00000
      cHq1st =   0.00000
      cHq3st =   0.02000
      cHq1rd =   0.00000
      cHq3rd =   0.00000
       cHdst =   0.00000
       cHust =   0.00000
       cHdrd =   0.00000
       cHurd =   0.00000
         cth =   0.00000
         cbh =   0.00000
 --------------

  mH       = 125.0000      GeV
  fact_scale 1.0
  ren_scale  1.0
  Kqq      =   0.25216542187026708            +-    2.7833351783872830E-004
  Kgq      =   -6.0584551421786217E-002       +-    1.1421066000067077E-004
  K_nlo    =    1.1915808704484809            +-    3.0085481882507798E-004
  Kqq2     =    5.5017746882974318E-002       +-    2.3174150723381554E-004
  Kgq2     =   -3.0840846734465362E-002       +-    1.2072815784363848E-004
  Kqqs     =    1.6061667140341799E-003       +-    3.3328658577798306E-006
  Kgg      =    7.9523196955094645E-004       +-    1.3383943839505609E-006
  K_nnlo   =    1.2181591692805749            +-    3.9850462428426414E-004
  sig_LO   = (  0.83692829278587844            +-    5.7365165780191342E-004 ) fb
  sig_NLO  = (  0.99726774362075810            +-    6.2647936722563823E-004 ) fb
  sig_NNLO = (   1.0195118738874556            +-    6.6355985266491348E-004 ) fb

  pp ---> HHW+ + X
  ===============

  PDFSET = PDF4LHC21_40                                NSET =  42
  Sqrt(S)  = 14.0 TeV
  LOOP     = 3
  alphaS(MZ) =   0.11900
          kl =   1.00000
          kv =   1.00000
         k2v =   1.00000
         kth =   1.00000
         kbh =   1.00000
        cHsq =   0.00000
       chdup =   0.00000
         cHw =   0.00000
          cH =   0.00000
         cHb =   0.00000
        cHwb =   0.00000
      cHq1st =   0.00000
      cHq3st =   0.02000
      cHq1rd =   0.00000
      cHq3rd =   0.00000
       cHdst =   0.00000
       cHust =   0.00000
       cHdrd =   0.00000
       cHurd =   0.00000
         cth =   0.00000
         cbh =   0.00000
 --------------

  mH       = 125.0000      GeV
  fact_scale 1.0
  ren_scale  1.0
  Kqq      =   0.25576930515125329            +-    2.8150869784648999E-004
  Kgq      =   -6.1197969410407442E-002       +-    1.1540778987140023E-004
  K_nlo    =    1.1945713357408458            +-    3.0424678293488602E-004
  Kqq2     =    5.6585984079131034E-002       +-    2.3709026520290426E-004
  Kgq2     =   -3.1561504636386878E-002       +-    1.2358362788868102E-004
  Kqqs     =    1.6580852951539296E-003       +-    3.4306493567765333E-006
  Kgg      =    8.1275118911779099E-004       +-    1.3714136645226178E-006
  K_nnlo   =    1.2220666516678618            +-    4.0504871557972815E-004
  sig_LO   = (  0.83626688651790004            +-    5.7165894171104482E-004 ) fb
  sig_NLO  = (  0.99898045166352611            +-    6.2572305284941399E-004 ) fb
  sig_NNLO = (   1.0219738739076376            +-    6.6447811456556204E-004 ) fb

