  pp ---> HHW+ + X
  ===============

  PDFSET = PDF4LHC21_40                                NSET =   0
  Sqrt(S)  = 14.0 TeV
  LOOP     = 3
  alphaS(MZ) =   0.11800
          kl =   1.00000
          kv =   1.00000
         k2v =   1.00000
         kth =   1.00000
         kbh =   1.00000
        cHsq =  -0.60000
       chdup =   0.00000
         cHw =   0.00000
          cH =   0.00000
         cHb =   0.00000
        cHwb =   0.00000
      cHq1st =   0.00000
      cHq3st =   0.00000
      cHq1rd =   0.00000
      cHq3rd =   0.00000
       cHdst =   0.00000
       cHust =   0.00000
       cHdrd =   0.00000
       cHurd =   0.00000
         cth =   0.00000
         cbh =   0.00000
 --------------

  mH       = 125.0000      GeV
  fact_scale 0.5
  ren_scale  0.5
  Kqq      =   0.20417788420506494            +-    2.3766890083421364E-004
  Kgq      =   -2.0406101256677200E-002       +-    1.5089606929088762E-004
  K_nlo    =    1.1837717829483878            +-    2.8152465283023373E-004
  Kqq2     =    2.3816159026736804E-002       +-    2.1362125301531900E-004
  Kgq2     =   -1.7091883433368933E-002       +-    1.3876099055223077E-004
  Kqqs     =    1.4429421797680414E-003       +-    4.4561579903818366E-006
  Kgg      =    3.2381875359098125E-004       +-    1.8926050225725776E-006
  K_nnlo   =    1.1922628194751148            +-    3.7969490605993327E-004
  sig_LO   = (  0.16632482038050267            +-    1.1182915220344589E-004 ) fb
  sig_NLO  = (  0.19689062917039798            +-    1.2123653152938094E-004 ) fb
  sig_NNLO = (  0.19830289929555014            +-    1.2842905109107023E-004 ) fb

  mH       = 125.0000      GeV
  fact_scale 1.0
  ren_scale  0.5
  Kqq      =   0.27327975010236139            +-    3.0757385238313695E-004
  Kgq      =   -7.5349992221550338E-002       +-    1.5355867658569931E-004
  K_nlo    =    1.1979297578808110            +-    3.4377600530658786E-004
  Kqq2     =    4.2301595208411875E-002       +-    3.2121075229070455E-004
  Kgq2     =   -3.6161477761530690E-002       +-    1.8538756533233332E-004
  Kqqs     =    2.0635176086314720E-003       +-    4.5129242232733823E-006
  Kgg      =    1.2753954530712853E-003       +-    2.3268945313552235E-006
  K_nnlo   =    1.2074087883893949            +-    5.0571990223321312E-004
  sig_LO   = (  0.16488409454571076            +-    1.1039724069173636E-004 ) fb
  sig_NLO  = (  0.19751956345754004            +-    1.2409889358387210E-004 ) fb
  sig_NNLO = (  0.19908250482011908            +-    1.3834969108627180E-004 ) fb

  mH       = 125.0000      GeV
  fact_scale 0.5
  ren_scale  1.0
  Kqq      =   0.18760694315605772            +-    2.1860983796141110E-004
  Kgq      =   -1.8756359959184173E-002       +-    1.3863560161987964E-004
  K_nlo    =    1.1688505831968734            +-    2.5886307440425025E-004
  Kqq2     =    3.4553966602952596E-002       +-    1.5876190676121713E-004
  Kgq2     =   -1.5862720345919123E-002       +-    1.1867861694273334E-004
  Kqqs     =    1.2153958131263494E-003       +-    3.7589017245930332E-006
  Kgg      =    2.7278475998963653E-004       +-    1.5935733675664769E-006
  K_nnlo   =    1.1890300100270228            +-    3.2606244381432645E-004
  sig_LO   = (  0.16632482038050267            +-    1.1182915220344589E-004 ) fb
  sig_NLO  = (  0.19440886330186577            +-    1.1983122640214040E-004 ) fb
  sig_NNLO = (  0.19776520284477186            +-    1.2428555505189916E-004 ) fb

  mH       = 125.0000      GeV
  fact_scale 1.0
  ren_scale  1.0
  Kqq      =   0.25109485772539747            +-    2.8275135007190054E-004
  Kgq      =   -6.9195674610531624E-002       +-    1.4103525424701455E-004
  K_nlo    =    1.1818991831148660            +-    3.1597352564416290E-004
  Kqq2     =    5.5032133555002555E-002       +-    2.3920926320838569E-004
  Kgq2     =   -3.5839406114691143E-002       +-    1.4564513261187178E-004
  Kqqs     =    1.7405891375689632E-003       +-    3.8103995290845274E-006
  Kgg      =    1.0738458789696841E-003       +-    1.9588118869500041E-006
  K_nnlo   =    1.2039063455717161            +-    4.2224542774885160E-004
  sig_LO   = (  0.16488409454571076            +-    1.1039724069173636E-004 ) fb
  sig_NLO  = (  0.19487637665220986            +-    1.2207316436218702E-004 ) fb
  sig_NNLO = (  0.19850500770742796            +-    1.3051709342919480E-004 ) fb

  mH       = 125.0000      GeV
  fact_scale 1.5
  ren_scale  1.0
  Kqq      =   0.28919901852354268            +-    3.4454890867158890E-004
  Kgq      =   -9.7554900572700581E-002       +-    1.3478436858624756E-004
  K_nlo    =    1.1916441179508421            +-    3.6997402136092791E-004
  Kqq2     =    6.6844207470312805E-002       +-    3.0307540527352831E-004
  Kgq2     =   -4.9366739629860858E-002       +-    1.6602414540672992E-004
  Kqqs     =    3.0955776221632206E-003       +-    4.6191944876313349E-006
  Kgg      =    1.8001146340350562E-003       +-    2.2870974622087500E-006
  K_nnlo   =    1.2140172780474923            +-    5.0628654178660624E-004
  sig_LO   = (  0.16384778240048312            +-    1.0953024271506323E-004 ) fb
  sig_NLO  = (  0.19524824613682523            +-    1.2518621532540896E-004 ) fb
  sig_NNLO = (  0.19891403880395234            +-    1.3739806438107775E-004 ) fb

  mH       = 125.0000      GeV
  fact_scale 2.0
  ren_scale  1.0
  Kqq      =   0.31672710150734612            +-    3.8883725715129847E-004
  Kgq      =  -0.11710113310287203            +-    1.5025527495854320E-004
  K_nlo    =    1.1996259684044741            +-    4.1685856138720776E-004
  Kqq2     =    7.5118670241015484E-002       +-    3.5827659298670985E-004
  Kgq2     =   -5.9796064214578254E-002       +-    1.8784172097792328E-004
  Kqqs     =    4.4963891436517805E-003       +-    5.5509435403641205E-006
  Kgg      =    2.4140189721087251E-003       +-    2.6015794868860093E-006
  K_nnlo   =    1.2218589825466717            +-    5.8090900372944807E-004
  sig_LO   = (  0.16304543947607741            +-    1.0891186596924971E-004 ) fb
  sig_NLO  = (  0.19559354322542244            +-    1.2837948560300832E-004 ) fb
  sig_NNLO = (  0.19921853478711490            +-    1.4433517639983671E-004 ) fb

  mH       = 125.0000      GeV
  fact_scale 1.0
  ren_scale  1.5
  Kqq      =   0.23974103863343363            +-    2.7003335053578717E-004
  Kgq      =   -6.6048424512661644E-002       +-    1.3462828339079236E-004
  K_nlo    =    1.1736926141207720            +-    3.0173296984309622E-004
  Kqq2     =    6.0496530510271235E-002       +-    2.1527989693895765E-004
  Kgq2     =   -3.5516608351703276E-002       +-    1.3035011734076972E-004
  Kqqs     =    1.5860621730036267E-003       +-    3.4738647010684141E-006
  Kgg      =    9.7759719166751668E-004       +-    1.7830712810791318E-006
  K_nnlo   =    1.2012361956440110            +-    3.9293080725019539E-004
  sig_LO   = (  0.16488409454571076            +-    1.1039724069173636E-004 ) fb
  sig_NLO  = (  0.19352324395429177            +-    1.2108967553940516E-004 ) fb
  sig_NNLO = (  0.19806474245429700            +-    1.2800406605911437E-004 ) fb

  mH       = 125.0000      GeV
  fact_scale 1.5
  ren_scale  1.5
  Kqq      =   0.27612543476208695            +-    3.2904545109832474E-004
  Kgq      =   -9.3112382185063236E-002       +-    1.2869786249916361E-004
  K_nlo    =    1.1830130525770237            +-    3.5331862206845771E-004
  Kqq2     =    7.2803279403530652E-002       +-    2.6691488847143611E-004
  Kgq2     =   -4.9041443111923412E-002       +-    1.4967148267586682E-004
  Kqqs     =    2.8207421437906367E-003       +-    4.2101819918965915E-006
  Kgg      =    1.6386149738807222E-003       +-    2.0833072757205953E-006
  K_nnlo   =    1.2112342459863024            +-    4.6744114593826145E-004
  sig_LO   = (  0.16384778240048312            +-    1.0953024271506323E-004 ) fb
  sig_NLO  = (  0.19383406521557145            +-    1.2388777542367581E-004 ) fb
  sig_NNLO = (  0.19845804517237689            +-    1.3365170737854778E-004 ) fb

  mH       = 125.0000      GeV
  fact_scale 2.0
  ren_scale  1.5
  Kqq      =   0.30240669499901551            +-    3.7128580443003149E-004
  Kgq      =  -0.11176516424320790            +-    1.4346725001932809E-004
  K_nlo    =    1.1906415307558078            +-    3.9804019947659052E-004
  Kqq2     =    8.1497137090695615E-002       +-    3.1064337346739339E-004
  Kgq2     =   -5.9377258648063383E-002       +-    1.7202865021465335E-004
  Kqqs     =    4.0969938955104195E-003       +-    5.0594114164462899E-006
  Kgg      =    2.1973391325781151E-003       +-    2.3692953398290662E-006
  K_nnlo   =    1.2190557422265285            +-    5.3344200582399793E-004
  sig_LO   = (  0.16304543947607741            +-    1.0891186596924971E-004 ) fb
  sig_NLO  = (  0.19412867164055020            +-    1.2678181228303095E-004 ) fb
  sig_NNLO = (  0.19876147923716006            +-    1.3937896172467318E-004 ) fb

  mH       = 125.0000      GeV
  fact_scale 1.0
  ren_scale  2.0
  Kqq      =   0.23229987143438852            +-    2.6169676038895277E-004
  Kgq      =   -6.3986675143475794E-002       +-    1.3043163626795572E-004
  K_nlo    =    1.1683131962909126            +-    2.9239973689729827E-004
  Kqq2     =    6.3694851582126455E-002       +-    2.0929837339762130E-004
  Kgq2     =   -3.5257278432664206E-002       +-    1.2196520605106322E-004
  Kqqs     =    1.4887220018329277E-003       +-    3.2617475100482197E-006
  Kgg      =    9.1703674281342024E-004       +-    1.6725119727436921E-006
  K_nnlo   =    1.1991565281850214            +-    3.7972669516995501E-004
  sig_LO   = (  0.16488409454571076            +-    1.1039724069173636E-004 ) fb
  sig_NLO  = (  0.19263626351623236            +-    1.2046557204112872E-004 ) fb
  sig_NNLO = (  0.19772183836836527            +-    1.2691601391449692E-004 ) fb

  mH       = 125.0000      GeV
  fact_scale 1.5
  ren_scale  2.0
  Kqq      =   0.26755701850985603            +-    3.1888253009055315E-004
  Kgq      =   -9.0202383770118952E-002       +-    1.2470626599395414E-004
  K_nlo    =    1.1773546347397370            +-    3.4239994272065437E-004
  Kqq2     =    7.6307513874768459E-002       +-    2.5578080402243115E-004
  Kgq2     =   -4.8746557426196060E-002       +-    1.4198050933528837E-004
  Kqqs     =    2.6476182110810901E-003       +-    3.9524732602669135E-006
  Kgg      =    1.5370098102498037E-003       +-    1.9550056623364185E-006
  K_nnlo   =    1.2091002192096403            +-    4.5037700829925756E-004
  sig_LO   = (  0.16384778240048312            +-    1.0953024271506323E-004 ) fb
  sig_NLO  = (  0.19290694600103672            +-    1.2306197281141044E-004 ) fb
  sig_NNLO = (  0.19810838961743760            +-    1.3206938087546643E-004 ) fb

  mH       = 125.0000      GeV
  fact_scale 2.0
  ren_scale  2.0
  Kqq      =   0.29302110984327823            +-    3.5978380569618958E-004
  Kgq      =  -0.10827011196459324            +-    1.3901926307070619E-004
  K_nlo    =    1.1847509978786850            +-    3.8570810510793745E-004
  Kqq2     =    8.5219564757808786E-002       +-    2.9281059506597811E-004
  Kgq2     =   -5.9006560222077738E-002       +-    1.6483576092413309E-004
  Kqqs     =    3.8454197142066202E-003       +-    4.7497357276864983E-006
  Kgg      =    2.0610240379251052E-003       +-    2.2230646180613736E-006
  K_nnlo   =    1.2168704461665476            +-    5.1157317855226225E-004
  sig_LO   = (  0.16304543947607741            +-    1.0891186596924971E-004 ) fb
  sig_NLO  = (  0.19316824711885144            +-    1.2576441663094908E-004 ) fb
  sig_NNLO = (  0.19840517668067514            +-    1.3718224454784748E-004 ) fb

  pp ---> HHW+ + X
  ===============

  PDFSET = PDF4LHC21_40                                NSET =   1
  Sqrt(S)  = 14.0 TeV
  LOOP     = 3
  alphaS(MZ) =   0.11800
          kl =   1.00000
          kv =   1.00000
         k2v =   1.00000
         kth =   1.00000
         kbh =   1.00000
        cHsq =  -0.60000
       chdup =   0.00000
         cHw =   0.00000
          cH =   0.00000
         cHb =   0.00000
        cHwb =   0.00000
      cHq1st =   0.00000
      cHq3st =   0.00000
      cHq1rd =   0.00000
      cHq3rd =   0.00000
       cHdst =   0.00000
       cHust =   0.00000
       cHdrd =   0.00000
       cHurd =   0.00000
         cth =   0.00000
         cbh =   0.00000
 --------------

  mH       = 125.0000      GeV
  fact_scale 1.0
  ren_scale  1.0
  Kqq      =   0.25118712949511657            +-    2.8358526749013794E-004
  Kgq      =   -6.9209061760557924E-002       +-    1.4114274633701527E-004
  K_nlo    =    1.1819780677345588            +-    3.1676786260763281E-004
  Kqq2     =    5.5076941202028454E-002       +-    2.3907640506537649E-004
  Kgq2     =   -3.5847783359881140E-002       +-    1.4578020606351833E-004
  Kqqs     =    1.7410307869336796E-003       +-    3.8121987680345393E-006
  Kgg      =    1.0736651774178963E-003       +-    1.9584414961308132E-006
  K_nnlo   =    1.2040219215410577            +-    4.2281159287850035E-004
  sig_LO   = (  0.16495274386607717            +-    1.1084890903773717E-004 ) fb
  sig_NLO  = (  0.19497052546233948            +-    1.2254682258178211E-004 ) fb
  sig_NNLO = (  0.19860671963310414            +-    1.3096448655722665E-004 ) fb

  pp ---> HHW+ + X
  ===============

  PDFSET = PDF4LHC21_40                                NSET =   2
  Sqrt(S)  = 14.0 TeV
  LOOP     = 3
  alphaS(MZ) =   0.11800
          kl =   1.00000
          kv =   1.00000
         k2v =   1.00000
         kth =   1.00000
         kbh =   1.00000
        cHsq =  -0.60000
       chdup =   0.00000
         cHw =   0.00000
          cH =   0.00000
         cHb =   0.00000
        cHwb =   0.00000
      cHq1st =   0.00000
      cHq3st =   0.00000
      cHq1rd =   0.00000
      cHq3rd =   0.00000
       cHdst =   0.00000
       cHust =   0.00000
       cHdrd =   0.00000
       cHurd =   0.00000
         cth =   0.00000
         cbh =   0.00000
 --------------

  mH       = 125.0000      GeV
  fact_scale 1.0
  ren_scale  1.0
  Kqq      =   0.25110866393191028            +-    2.8238650325840622E-004
  Kgq      =   -6.9137951671575062E-002       +-    1.4077212371593054E-004
  K_nlo    =    1.1819707122603351            +-    3.1552959930568022E-004
  Kqq2     =    5.5045651901362833E-002       +-    2.3871386512910216E-004
  Kgq2     =   -3.5809468871480232E-002       +-    1.4535486964698996E-004
  Kqqs     =    1.7480754287426666E-003       +-    3.8227452028427852E-006
  Kgg      =    1.0718676614910581E-003       +-    1.9483746491498097E-006
  K_nnlo   =    1.2040268383804515            +-    4.2153254336721273E-004
  sig_LO   = (  0.16456190983737035            +-    1.0999475051428447E-004 ) fb
  sig_NLO  = (  0.19450735778139769            +-    1.2163454630358781E-004 ) fb
  sig_NNLO = (  0.19813695601933795            +-    1.3004150247807888E-004 ) fb

  pp ---> HHW+ + X
  ===============

  PDFSET = PDF4LHC21_40                                NSET =   3
  Sqrt(S)  = 14.0 TeV
  LOOP     = 3
  alphaS(MZ) =   0.11800
          kl =   1.00000
          kv =   1.00000
         k2v =   1.00000
         kth =   1.00000
         kbh =   1.00000
        cHsq =  -0.60000
       chdup =   0.00000
         cHw =   0.00000
          cH =   0.00000
         cHb =   0.00000
        cHwb =   0.00000
      cHq1st =   0.00000
      cHq3st =   0.00000
      cHq1rd =   0.00000
      cHq3rd =   0.00000
       cHdst =   0.00000
       cHust =   0.00000
       cHdrd =   0.00000
       cHurd =   0.00000
         cth =   0.00000
         cbh =   0.00000
 --------------

  mH       = 125.0000      GeV
  fact_scale 1.0
  ren_scale  1.0
  Kqq      =   0.25100321968919548            +-    2.8124004166941519E-004
  Kgq      =   -6.8975131009564844E-002       +-    1.4065767226228716E-004
  K_nlo    =    1.1820280886796308            +-    3.1445276561744434E-004
  Kqq2     =    5.5017938560563119E-002       +-    2.3751737464581957E-004
  Kgq2     =   -3.5724126760335255E-002       +-    1.4525552945252848E-004
  Kqqs     =    1.7380084448643696E-003       +-    3.7997183284724388E-006
  Kgg      =    1.0695349292511600E-003       +-    1.9497744331939056E-006
  K_nnlo   =    1.2041294438539742            +-    4.2001482518995973E-004
  sig_LO   = (  0.16511110415235827            +-    1.0956154372630454E-004 ) fb
  sig_NLO  = (  0.19516596286099547            +-    1.2124100472905157E-004 ) fb
  sig_NNLO = (  0.19881514201709474            +-    1.2966507292295383E-004 ) fb

  pp ---> HHW+ + X
  ===============

  PDFSET = PDF4LHC21_40                                NSET =   4
  Sqrt(S)  = 14.0 TeV
  LOOP     = 3
  alphaS(MZ) =   0.11800
          kl =   1.00000
          kv =   1.00000
         k2v =   1.00000
         kth =   1.00000
         kbh =   1.00000
        cHsq =  -0.60000
       chdup =   0.00000
         cHw =   0.00000
          cH =   0.00000
         cHb =   0.00000
        cHwb =   0.00000
      cHq1st =   0.00000
      cHq3st =   0.00000
      cHq1rd =   0.00000
      cHq3rd =   0.00000
       cHdst =   0.00000
       cHust =   0.00000
       cHdrd =   0.00000
       cHurd =   0.00000
         cth =   0.00000
         cbh =   0.00000
 --------------

  mH       = 125.0000      GeV
  fact_scale 1.0
  ren_scale  1.0
  Kqq      =   0.25152084742465236            +-    2.8305744395238811E-004
  Kgq      =   -6.9873457409926287E-002       +-    1.4256055192452295E-004
  K_nlo    =    1.1816473900147262            +-    3.1693063522146916E-004
  Kqq2     =    5.5202261717947676E-002       +-    2.3857409837862561E-004
  Kgq2     =   -3.6190103328344742E-002       +-    1.4724805198732511E-004
  Kqqs     =    1.7544256138299129E-003       +-    3.8425514279446513E-006
  Kgg      =    1.0894442033008067E-003       +-    1.9918051400287544E-006
  K_nnlo   =    1.2035034182214599            +-    4.2315877547595811E-004
  sig_LO   = (  0.16292208460419494            +-    1.0905608138447728E-004 ) fb
  sig_NLO  = (  0.19251645604830533            +-    1.2066234743154686E-004 ) fb
  sig_NNLO = (  0.19607728572491448            +-    1.2902021475893948E-004 ) fb

  pp ---> HHW+ + X
  ===============

  PDFSET = PDF4LHC21_40                                NSET =   5
  Sqrt(S)  = 14.0 TeV
  LOOP     = 3
  alphaS(MZ) =   0.11800
          kl =   1.00000
          kv =   1.00000
         k2v =   1.00000
         kth =   1.00000
         kbh =   1.00000
        cHsq =  -0.60000
       chdup =   0.00000
         cHw =   0.00000
          cH =   0.00000
         cHb =   0.00000
        cHwb =   0.00000
      cHq1st =   0.00000
      cHq3st =   0.00000
      cHq1rd =   0.00000
      cHq3rd =   0.00000
       cHdst =   0.00000
       cHust =   0.00000
       cHdrd =   0.00000
       cHurd =   0.00000
         cth =   0.00000
         cbh =   0.00000
 --------------

  mH       = 125.0000      GeV
  fact_scale 1.0
  ren_scale  1.0
  Kqq      =   0.25113301922039910            +-    2.8278733628263775E-004
  Kgq      =   -6.9035294111268242E-002       +-    1.4067317500429498E-004
  K_nlo    =    1.1820977251091309            +-    3.1584429665203493E-004
  Kqq2     =    5.5044729790066534E-002       +-    2.3931324981094364E-004
  Kgq2     =   -3.5755367939890891E-002       +-    1.4526365961018157E-004
  Kqqs     =    1.7379874195202643E-003       +-    3.8052789146811231E-006
  Kgg      =    1.0675865716403225E-003       +-    1.9478748618417163E-006
  K_nnlo   =    1.2041926609504670            +-    4.2207612634468251E-004
  sig_LO   = (  0.16485194034860223            +-    1.1037163202578168E-004 ) fb
  sig_NLO  = (  0.19487110366590885            +-    1.2203657818088500E-004 ) fb
  sig_NNLO = (  0.19851349671123100            +-    1.3047330407008520E-004 ) fb

  pp ---> HHW+ + X
  ===============

  PDFSET = PDF4LHC21_40                                NSET =   6
  Sqrt(S)  = 14.0 TeV
  LOOP     = 3
  alphaS(MZ) =   0.11800
          kl =   1.00000
          kv =   1.00000
         k2v =   1.00000
         kth =   1.00000
         kbh =   1.00000
        cHsq =  -0.60000
       chdup =   0.00000
         cHw =   0.00000
          cH =   0.00000
         cHb =   0.00000
        cHwb =   0.00000
      cHq1st =   0.00000
      cHq3st =   0.00000
      cHq1rd =   0.00000
      cHq3rd =   0.00000
       cHdst =   0.00000
       cHust =   0.00000
       cHdrd =   0.00000
       cHurd =   0.00000
         cth =   0.00000
         cbh =   0.00000
 --------------

  mH       = 125.0000      GeV
  fact_scale 1.0
  ren_scale  1.0
  Kqq      =   0.25119056119858929            +-    2.8204071423719494E-004
  Kgq      =   -6.9124647288050553E-002       +-    1.4088568287206084E-004
  K_nlo    =    1.1820659139105387            +-    3.1527089958598137E-004
  Kqq2     =    5.5077433355563366E-002       +-    2.3827089253644098E-004
  Kgq2     =   -3.5805895563920782E-002       +-    1.4548376593471750E-004
  Kqqs     =    1.7376800923782907E-003       +-    3.7961357742222262E-006
  Kgg      =    1.0784444257440646E-003       +-    1.9693895963349237E-006
  K_nnlo   =    1.2041535762203037            +-    4.2113248942418619E-004
  sig_LO   = (  0.16472853522465525            +-    1.0974318621779566E-004 ) fb
  sig_NLO  = (  0.19471998653747649            +-    1.2141136299783934E-004 ) fb
  sig_NNLO = (  0.19835845479630088            +-    1.2983110554184201E-004 ) fb

  pp ---> HHW+ + X
  ===============

  PDFSET = PDF4LHC21_40                                NSET =   7
  Sqrt(S)  = 14.0 TeV
  LOOP     = 3
  alphaS(MZ) =   0.11800
          kl =   1.00000
          kv =   1.00000
         k2v =   1.00000
         kth =   1.00000
         kbh =   1.00000
        cHsq =  -0.60000
       chdup =   0.00000
         cHw =   0.00000
          cH =   0.00000
         cHb =   0.00000
        cHwb =   0.00000
      cHq1st =   0.00000
      cHq3st =   0.00000
      cHq1rd =   0.00000
      cHq3rd =   0.00000
       cHdst =   0.00000
       cHust =   0.00000
       cHdrd =   0.00000
       cHurd =   0.00000
         cth =   0.00000
         cbh =   0.00000
 --------------

  mH       = 125.0000      GeV
  fact_scale 1.0
  ren_scale  1.0
  Kqq      =   0.25114621031119588            +-    2.8248532608806580E-004
  Kgq      =   -6.8969188712331098E-002       +-    1.4068689360601899E-004
  K_nlo    =    1.1821770215988647            +-    3.1558003974838485E-004
  Kqq2     =    5.5049740368726535E-002       +-    2.3915988999922687E-004
  Kgq2     =   -3.5721078677961926E-002       +-    1.4527479860351896E-004
  Kqqs     =    1.7366692032071748E-003       +-    3.8021308965066196E-006
  Kgg      =    1.0673409235811776E-003       +-    1.9452730502530321E-006
  K_nnlo   =    1.2043096934164177            +-    4.2179523689572605E-004
  sig_LO   = (  0.16498941952555948            +-    1.1011192353098680E-004 ) fb
  sig_NLO  = (  0.19504670057005150            +-    1.2180166858284532E-004 ) fb
  sig_NNLO = (  0.19869835724577928            +-    1.3025992304569281E-004 ) fb

  pp ---> HHW+ + X
  ===============

  PDFSET = PDF4LHC21_40                                NSET =   8
  Sqrt(S)  = 14.0 TeV
  LOOP     = 3
  alphaS(MZ) =   0.11800
          kl =   1.00000
          kv =   1.00000
         k2v =   1.00000
         kth =   1.00000
         kbh =   1.00000
        cHsq =  -0.60000
       chdup =   0.00000
         cHw =   0.00000
          cH =   0.00000
         cHb =   0.00000
        cHwb =   0.00000
      cHq1st =   0.00000
      cHq3st =   0.00000
      cHq1rd =   0.00000
      cHq3rd =   0.00000
       cHdst =   0.00000
       cHust =   0.00000
       cHdrd =   0.00000
       cHurd =   0.00000
         cth =   0.00000
         cbh =   0.00000
 --------------

  mH       = 125.0000      GeV
  fact_scale 1.0
  ren_scale  1.0
  Kqq      =   0.25095496381745586            +-    2.8275187971752396E-004
  Kgq      =   -6.8812989754771806E-002       +-    1.4070517233881829E-004
  K_nlo    =    1.1821419740626840            +-    3.1582680539607417E-004
  Kqq2     =    5.4971630114028461E-002       +-    2.3967973666982369E-004
  Kgq2     =   -3.5636676463701937E-002       +-    1.4535317857361057E-004
  Kqqs     =    1.7404753910992227E-003       +-    3.8130952906790422E-006
  Kgg      =    1.0743145641813432E-003       +-    1.9697292045765389E-006
  K_nnlo   =    1.2042917176682910            +-    4.2230192188420459E-004
  sig_LO   = (  0.16481439062877054            +-    1.1043741887132295E-004 ) fb
  sig_NLO  = (  0.19483400909183313            +-    1.2208979372790475E-004 ) fb
  sig_NNLO = (  0.19848460558677478            +-    1.3054035042936468E-004 ) fb

  pp ---> HHW+ + X
  ===============

  PDFSET = PDF4LHC21_40                                NSET =   9
  Sqrt(S)  = 14.0 TeV
  LOOP     = 3
  alphaS(MZ) =   0.11800
          kl =   1.00000
          kv =   1.00000
         k2v =   1.00000
         kth =   1.00000
         kbh =   1.00000
        cHsq =  -0.60000
       chdup =   0.00000
         cHw =   0.00000
          cH =   0.00000
         cHb =   0.00000
        cHwb =   0.00000
      cHq1st =   0.00000
      cHq3st =   0.00000
      cHq1rd =   0.00000
      cHq3rd =   0.00000
       cHdst =   0.00000
       cHust =   0.00000
       cHdrd =   0.00000
       cHurd =   0.00000
         cth =   0.00000
         cbh =   0.00000
 --------------

  mH       = 125.0000      GeV
  fact_scale 1.0
  ren_scale  1.0
  Kqq      =   0.25116374381006029            +-    2.8223105572428183E-004
  Kgq      =   -6.9131281184612856E-002       +-    1.4087955201883082E-004
  K_nlo    =    1.1820324626254475            +-    3.1543845198749807E-004
  Kqq2     =    5.5067385815137988E-002       +-    2.3786371527421773E-004
  Kgq2     =   -3.5807209355784152E-002       +-    1.4548720863266304E-004
  Kqqs     =    1.7415161487329689E-003       +-    3.8076781574827637E-006
  Kgg      =    1.0731653958924927E-003       +-    1.9576522073227842E-006
  K_nnlo   =    1.2041073206294266            +-    4.2102900461507764E-004
  sig_LO   = (  0.16545016553233066            +-    1.1033870735826701E-004 ) fb
  sig_NLO  = (  0.19556746660596872            +-    1.2205882999081199E-004 ) fb
  sig_NNLO = (  0.19921975551682980            +-    1.3048774270566342E-004 ) fb

  pp ---> HHW+ + X
  ===============

  PDFSET = PDF4LHC21_40                                NSET =  10
  Sqrt(S)  = 14.0 TeV
  LOOP     = 3
  alphaS(MZ) =   0.11800
          kl =   1.00000
          kv =   1.00000
         k2v =   1.00000
         kth =   1.00000
         kbh =   1.00000
        cHsq =  -0.60000
       chdup =   0.00000
         cHw =   0.00000
          cH =   0.00000
         cHb =   0.00000
        cHwb =   0.00000
      cHq1st =   0.00000
      cHq3st =   0.00000
      cHq1rd =   0.00000
      cHq3rd =   0.00000
       cHdst =   0.00000
       cHust =   0.00000
       cHdrd =   0.00000
       cHurd =   0.00000
         cth =   0.00000
         cbh =   0.00000
 --------------

  mH       = 125.0000      GeV
  fact_scale 1.0
  ren_scale  1.0
  Kqq      =   0.25111602037264552            +-    2.8302557605140700E-004
  Kgq      =   -6.9043912038952895E-002       +-    1.4077105173386389E-004
  K_nlo    =    1.1820721083336925            +-    3.1610119535599505E-004
  Kqq2     =    5.5034227643703325E-002       +-    2.3975800770627148E-004
  Kgq2     =   -3.5766095858202583E-002       +-    1.4542776287443794E-004
  Kqqs     =    1.7406160562910391E-003       +-    3.8133436002131446E-006
  Kgg      =    1.0683746025943646E-003       +-    1.9531815396615055E-006
  K_nnlo   =    1.2041492307780783            +-    4.2257716299745000E-004
  sig_LO   = (  0.16468022724911532            +-    1.1040874368837902E-004 ) fb
  sig_NLO  = (  0.19466390342523338            +-    1.2206505606149456E-004 ) fb
  sig_NNLO = (  0.19829956896638140            +-    1.3051004999916642E-004 ) fb

  pp ---> HHW+ + X
  ===============

  PDFSET = PDF4LHC21_40                                NSET =  11
  Sqrt(S)  = 14.0 TeV
  LOOP     = 3
  alphaS(MZ) =   0.11800
          kl =   1.00000
          kv =   1.00000
         k2v =   1.00000
         kth =   1.00000
         kbh =   1.00000
        cHsq =  -0.60000
       chdup =   0.00000
         cHw =   0.00000
          cH =   0.00000
         cHb =   0.00000
        cHwb =   0.00000
      cHq1st =   0.00000
      cHq3st =   0.00000
      cHq1rd =   0.00000
      cHq3rd =   0.00000
       cHdst =   0.00000
       cHust =   0.00000
       cHdrd =   0.00000
       cHurd =   0.00000
         cth =   0.00000
         cbh =   0.00000
 --------------

  mH       = 125.0000      GeV
  fact_scale 1.0
  ren_scale  1.0
  Kqq      =   0.25090814346276907            +-    2.8249184512930454E-004
  Kgq      =   -6.9110164063485593E-002       +-    1.4087299411712982E-004
  K_nlo    =    1.1817979793992834            +-    3.1566888195716075E-004
  Kqq2     =    5.4956634973421979E-002       +-    2.3921053883878911E-004
  Kgq2     =   -3.5796602851940820E-002       +-    1.4548413651928967E-004
  Kqqs     =    1.7390743309731360E-003       +-    3.8065021071586586E-006
  Kgg      =    1.0713564622732918E-003       +-    1.9547768117040027E-006
  K_nnlo   =    1.2037684423140111            +-    4.2196263995413906E-004
  sig_LO   = (  0.16528559077400160            +-    1.1057975020872091E-004 ) fb
  sig_NLO  = (  0.19533417720053192            +-    1.2227087060115761E-004 ) fb
  sig_NNLO = (  0.19896557814297100            +-    1.3073696764193734E-004 ) fb

  pp ---> HHW+ + X
  ===============

  PDFSET = PDF4LHC21_40                                NSET =  12
  Sqrt(S)  = 14.0 TeV
  LOOP     = 3
  alphaS(MZ) =   0.11800
          kl =   1.00000
          kv =   1.00000
         k2v =   1.00000
         kth =   1.00000
         kbh =   1.00000
        cHsq =  -0.60000
       chdup =   0.00000
         cHw =   0.00000
          cH =   0.00000
         cHb =   0.00000
        cHwb =   0.00000
      cHq1st =   0.00000
      cHq3st =   0.00000
      cHq1rd =   0.00000
      cHq3rd =   0.00000
       cHdst =   0.00000
       cHust =   0.00000
       cHdrd =   0.00000
       cHurd =   0.00000
         cth =   0.00000
         cbh =   0.00000
 --------------

  mH       = 125.0000      GeV
  fact_scale 1.0
  ren_scale  1.0
  Kqq      =   0.25093749194848158            +-    2.8247286261819560E-004
  Kgq      =   -6.9127218840427870E-002       +-    1.4086314622241538E-004
  K_nlo    =    1.1818102731080535            +-    3.1564749971985454E-004
  Kqq2     =    5.4985571068443026E-002       +-    2.3761756837259064E-004
  Kgq2     =   -3.5803626032421529E-002       +-    1.4548356680664965E-004
  Kqqs     =    1.7394733923081160E-003       +-    3.8040238369386226E-006
  Kgg      =    1.0727174890336416E-003       +-    1.9568769593762912E-006
  K_nnlo   =    1.2038044090254170            +-    4.2104539072915806E-004
  sig_LO   = (  0.16574714540067123            +-    1.1066241268217028E-004 ) fb
  sig_NLO  = (  0.19588167917284754            +-    1.2240632494861823E-004 ) fb
  sig_NNLO = (  0.19952714441670485            +-    1.3082967913584864E-004 ) fb

  pp ---> HHW+ + X
  ===============

  PDFSET = PDF4LHC21_40                                NSET =  13
  Sqrt(S)  = 14.0 TeV
  LOOP     = 3
  alphaS(MZ) =   0.11800
          kl =   1.00000
          kv =   1.00000
         k2v =   1.00000
         kth =   1.00000
         kbh =   1.00000
        cHsq =  -0.60000
       chdup =   0.00000
         cHw =   0.00000
          cH =   0.00000
         cHb =   0.00000
        cHwb =   0.00000
      cHq1st =   0.00000
      cHq3st =   0.00000
      cHq1rd =   0.00000
      cHq3rd =   0.00000
       cHdst =   0.00000
       cHust =   0.00000
       cHdrd =   0.00000
       cHurd =   0.00000
         cth =   0.00000
         cbh =   0.00000
 --------------

  mH       = 125.0000      GeV
  fact_scale 1.0
  ren_scale  1.0
  Kqq      =   0.25114285486967447            +-    2.8279502031597478E-004
  Kgq      =   -6.9163541535227052E-002       +-    1.4095456879174574E-004
  K_nlo    =    1.1819793133344474            +-    3.1597660353067215E-004
  Kqq2     =    5.5044675893612983E-002       +-    2.3923095853886826E-004
  Kgq2     =   -3.5823361443580122E-002       +-    1.4555708666247783E-004
  Kqqs     =    1.7379365570832589E-003       +-    3.8054346269903154E-006
  Kgg      =    1.0700567000578077E-003       +-    1.9511027284697564E-006
  K_nnlo   =    1.2040086210416214            +-    4.2222958105091440E-004
  sig_LO   = (  0.16477129781112290            +-    1.1035599499341952E-004 ) fb
  sig_NLO  = (  0.19475626544401681            +-    1.2202086999913308E-004 ) fb
  sig_NNLO = (  0.19838606306480844            +-    1.3045540865400169E-004 ) fb

  pp ---> HHW+ + X
  ===============

  PDFSET = PDF4LHC21_40                                NSET =  14
  Sqrt(S)  = 14.0 TeV
  LOOP     = 3
  alphaS(MZ) =   0.11800
          kl =   1.00000
          kv =   1.00000
         k2v =   1.00000
         kth =   1.00000
         kbh =   1.00000
        cHsq =  -0.60000
       chdup =   0.00000
         cHw =   0.00000
          cH =   0.00000
         cHb =   0.00000
        cHwb =   0.00000
      cHq1st =   0.00000
      cHq3st =   0.00000
      cHq1rd =   0.00000
      cHq3rd =   0.00000
       cHdst =   0.00000
       cHust =   0.00000
       cHdrd =   0.00000
       cHurd =   0.00000
         cth =   0.00000
         cbh =   0.00000
 --------------

  mH       = 125.0000      GeV
  fact_scale 1.0
  ren_scale  1.0
  Kqq      =   0.25111591497064972            +-    2.8202190628255972E-004
  Kgq      =   -6.9003963729279125E-002       +-    1.4066460033127943E-004
  K_nlo    =    1.1821119512413705            +-    3.1515533536592309E-004
  Kqq2     =    5.5039286350276495E-002       +-    2.3880644378895978E-004
  Kgq2     =   -3.5740769911128692E-002       +-    1.4525860960913267E-004
  Kqqs     =    1.7386624659837052E-003       +-    3.8013347360840529E-006
  Kgg      =    1.0683270245606380E-003       +-    1.9472572399130841E-006
  K_nnlo   =    1.2042174571710624            +-    4.2127153787889548E-004
  sig_LO   = (  0.16526025020434654            +-    1.1009783403325049E-004 ) fb
  sig_NLO  = (  0.19535611683169721            +-    1.2179546562023358E-004 ) fb
  sig_NNLO = (  0.19900927827253181            +-    1.3026280916075464E-004 ) fb

  pp ---> HHW+ + X
  ===============

  PDFSET = PDF4LHC21_40                                NSET =  15
  Sqrt(S)  = 14.0 TeV
  LOOP     = 3
  alphaS(MZ) =   0.11800
          kl =   1.00000
          kv =   1.00000
         k2v =   1.00000
         kth =   1.00000
         kbh =   1.00000
        cHsq =  -0.60000
       chdup =   0.00000
         cHw =   0.00000
          cH =   0.00000
         cHb =   0.00000
        cHwb =   0.00000
      cHq1st =   0.00000
      cHq3st =   0.00000
      cHq1rd =   0.00000
      cHq3rd =   0.00000
       cHdst =   0.00000
       cHust =   0.00000
       cHdrd =   0.00000
       cHurd =   0.00000
         cth =   0.00000
         cbh =   0.00000
 --------------

  mH       = 125.0000      GeV
  fact_scale 1.0
  ren_scale  1.0
  Kqq      =   0.25113944349035860            +-    2.8247215879429117E-004
  Kgq      =   -6.9019919135593202E-002       +-    1.4054493462217679E-004
  K_nlo    =    1.1821195243547655            +-    3.1550499067662811E-004
  Kqq2     =    5.5054881687410996E-002       +-    2.3861400213996795E-004
  Kgq2     =   -3.5758399345849540E-002       +-    1.4514004828777570E-004
  Kqqs     =    1.7373406626662766E-003       +-    3.8018595319924268E-006
  Kgg      =    1.0650634328271823E-003       +-    1.9397094896627218E-006
  K_nnlo   =    1.2042184107918203            +-    4.2138330696041455E-004
  sig_LO   = (  0.16499755246953132            +-    1.1024268696886726E-004 ) fb
  sig_NLO  = (  0.19504682824498282            +-    1.2191570314210265E-004 ) fb
  sig_NNLO = (  0.19869309041939898            +-    1.3033604090362643E-004 ) fb

  pp ---> HHW+ + X
  ===============

  PDFSET = PDF4LHC21_40                                NSET =  16
  Sqrt(S)  = 14.0 TeV
  LOOP     = 3
  alphaS(MZ) =   0.11800
          kl =   1.00000
          kv =   1.00000
         k2v =   1.00000
         kth =   1.00000
         kbh =   1.00000
        cHsq =  -0.60000
       chdup =   0.00000
         cHw =   0.00000
          cH =   0.00000
         cHb =   0.00000
        cHwb =   0.00000
      cHq1st =   0.00000
      cHq3st =   0.00000
      cHq1rd =   0.00000
      cHq3rd =   0.00000
       cHdst =   0.00000
       cHust =   0.00000
       cHdrd =   0.00000
       cHurd =   0.00000
         cth =   0.00000
         cbh =   0.00000
 --------------

  mH       = 125.0000      GeV
  fact_scale 1.0
  ren_scale  1.0
  Kqq      =   0.25092178033454610            +-    2.8278939902973176E-004
  Kgq      =   -6.9213159202338059E-002       +-    1.4112384756109276E-004
  K_nlo    =    1.1817086211322079            +-    3.1604712394521706E-004
  Kqq2     =    5.4961356287685656E-002       +-    2.3939711584547544E-004
  Kgq2     =   -3.5847570282956799E-002       +-    1.4573798279184690E-004
  Kqqs     =    1.7341493804226096E-003       +-    3.7967753635780516E-006
  Kgg      =    1.0740097449073800E-003       +-    1.9619516483238372E-006
  K_nnlo   =    1.2036305662622666            +-    4.2243885713182675E-004
  sig_LO   = (  0.16530766466030014            +-    1.1074841727487228E-004 ) fb
  sig_NLO  = (  0.19534549246830871            +-    1.2245306531846121E-004 ) fb
  sig_NNLO = (  0.19896935802256999            +-    1.3092659529611401E-004 ) fb

  pp ---> HHW+ + X
  ===============

  PDFSET = PDF4LHC21_40                                NSET =  17
  Sqrt(S)  = 14.0 TeV
  LOOP     = 3
  alphaS(MZ) =   0.11800
          kl =   1.00000
          kv =   1.00000
         k2v =   1.00000
         kth =   1.00000
         kbh =   1.00000
        cHsq =  -0.60000
       chdup =   0.00000
         cHw =   0.00000
          cH =   0.00000
         cHb =   0.00000
        cHwb =   0.00000
      cHq1st =   0.00000
      cHq3st =   0.00000
      cHq1rd =   0.00000
      cHq3rd =   0.00000
       cHdst =   0.00000
       cHust =   0.00000
       cHdrd =   0.00000
       cHurd =   0.00000
         cth =   0.00000
         cbh =   0.00000
 --------------

  mH       = 125.0000      GeV
  fact_scale 1.0
  ren_scale  1.0
  Kqq      =   0.25137246000155078            +-    2.8250342289119545E-004
  Kgq      =   -6.8769646082257094E-002       +-    1.4014833770743199E-004
  K_nlo    =    1.1826028139192937            +-    3.1535652919734836E-004
  Kqq2     =    5.5140982409540150E-002       +-    2.3805160073317279E-004
  Kgq2     =   -3.5618486972352495E-002       +-    1.4472944103618261E-004
  Kqqs     =    1.7319944881469883E-003       +-    3.7899764072209560E-006
  Kgg      =    1.0665637083473079E-003       +-    1.9443437235420503E-006
  K_nnlo   =    1.2049238675529756            +-    4.2081238172771526E-004
  sig_LO   = (  0.16573648288925513            +-    1.1073398622622261E-004 ) fb
  sig_NLO  = (  0.19600043103392001            +-    1.2244900585034273E-004 ) fb
  sig_NNLO = (  0.19969984395754886            +-    1.3086724660686381E-004 ) fb

  pp ---> HHW+ + X
  ===============

  PDFSET = PDF4LHC21_40                                NSET =  18
  Sqrt(S)  = 14.0 TeV
  LOOP     = 3
  alphaS(MZ) =   0.11800
          kl =   1.00000
          kv =   1.00000
         k2v =   1.00000
         kth =   1.00000
         kbh =   1.00000
        cHsq =  -0.60000
       chdup =   0.00000
         cHw =   0.00000
          cH =   0.00000
         cHb =   0.00000
        cHwb =   0.00000
      cHq1st =   0.00000
      cHq3st =   0.00000
      cHq1rd =   0.00000
      cHq3rd =   0.00000
       cHdst =   0.00000
       cHust =   0.00000
       cHdrd =   0.00000
       cHurd =   0.00000
         cth =   0.00000
         cbh =   0.00000
 --------------

  mH       = 125.0000      GeV
  fact_scale 1.0
  ren_scale  1.0
  Kqq      =   0.25102275583421807            +-    2.8232546542351759E-004
  Kgq      =   -6.8864596581297094E-002       +-    1.4026014853053844E-004
  K_nlo    =    1.1821581592529211            +-    3.1524685199445614E-004
  Kqq2     =    5.5005363411824888E-002       +-    2.3867330721235588E-004
  Kgq2     =   -3.5667778781868713E-002       +-    1.4482371610535907E-004
  Kqqs     =    1.7373321670503192E-003       +-    3.8011043948553161E-006
  Kgg      =    1.0624035734076295E-003       +-    1.9349623462140627E-006
  K_nnlo   =    1.2042954796233354            +-    4.2111474266352350E-004
  sig_LO   = (  0.16590556794056216            +-    1.1084610017475289E-004 ) fb
  sig_NLO  = (  0.19612662080642540            +-    1.2256538779146240E-004 ) fb
  sig_NNLO = (  0.19979932551516114            +-    1.3102677341003482E-004 ) fb

  pp ---> HHW+ + X
  ===============

  PDFSET = PDF4LHC21_40                                NSET =  19
  Sqrt(S)  = 14.0 TeV
  LOOP     = 3
  alphaS(MZ) =   0.11800
          kl =   1.00000
          kv =   1.00000
         k2v =   1.00000
         kth =   1.00000
         kbh =   1.00000
        cHsq =  -0.60000
       chdup =   0.00000
         cHw =   0.00000
          cH =   0.00000
         cHb =   0.00000
        cHwb =   0.00000
      cHq1st =   0.00000
      cHq3st =   0.00000
      cHq1rd =   0.00000
      cHq3rd =   0.00000
       cHdst =   0.00000
       cHust =   0.00000
       cHdrd =   0.00000
       cHurd =   0.00000
         cth =   0.00000
         cbh =   0.00000
 --------------

  mH       = 125.0000      GeV
  fact_scale 1.0
  ren_scale  1.0
  Kqq      =   0.25135579753889553            +-    2.8264669577896374E-004
  Kgq      =   -6.9612711909718586E-002       +-    1.4192065967055738E-004
  K_nlo    =    1.1817430856291771            +-    3.1627618986590224E-004
  Kqq2     =    5.5126232662169865E-002       +-    2.4001511901809456E-004
  Kgq2     =   -3.6054712072448154E-002       +-    1.4657730401474334E-004
  Kqqs     =    1.7469687510663042E-003       +-    3.8244453559926096E-006
  Kgg      =    1.0815984768480322E-003       +-    1.9750821214615167E-006
  K_nnlo   =    1.2036431734468129            +-    4.2325089369930495E-004
  sig_LO   = (  0.16395719256332431            +-    1.0950112316360032E-004 ) fb
  sig_NLO  = (  0.19375527865088002            +-    1.2115905010166542E-004 ) fb
  sig_NNLO = (  0.19734595556634990            +-    1.2963859735507316E-004 ) fb

  pp ---> HHW+ + X
  ===============

  PDFSET = PDF4LHC21_40                                NSET =  20
  Sqrt(S)  = 14.0 TeV
  LOOP     = 3
  alphaS(MZ) =   0.11800
          kl =   1.00000
          kv =   1.00000
         k2v =   1.00000
         kth =   1.00000
         kbh =   1.00000
        cHsq =  -0.60000
       chdup =   0.00000
         cHw =   0.00000
          cH =   0.00000
         cHb =   0.00000
        cHwb =   0.00000
      cHq1st =   0.00000
      cHq3st =   0.00000
      cHq1rd =   0.00000
      cHq3rd =   0.00000
       cHdst =   0.00000
       cHust =   0.00000
       cHdrd =   0.00000
       cHurd =   0.00000
         cth =   0.00000
         cbh =   0.00000
 --------------

  mH       = 125.0000      GeV
  fact_scale 1.0
  ren_scale  1.0
  Kqq      =   0.25103095655640428            +-    2.8255575947735843E-004
  Kgq      =   -6.9074504012890892E-002       +-    1.4078014087281958E-004
  K_nlo    =    1.1819564525435136            +-    3.1568466113829119E-004
  Kqq2     =    5.5009325686185225E-002       +-    2.3910185549144605E-004
  Kgq2     =   -3.5777340441841075E-002       +-    1.4538357831211685E-004
  Kqqs     =    1.7384603791768898E-003       +-    3.8051222090264255E-006
  Kgg      =    1.0731315215181162E-003       +-    1.9576110261638565E-006
  K_nnlo   =    1.2040000296885527            +-    4.2187817982948696E-004
  sig_LO   = (  0.16538023807443825            +-    1.1065648725453699E-004 ) fb
  sig_NLO  = (  0.19547223951526471            +-    1.2235413314049619E-004 ) fb
  sig_NNLO = (  0.19911781155152353            +-    1.3081572864858797E-004 ) fb

  pp ---> HHW+ + X
  ===============

  PDFSET = PDF4LHC21_40                                NSET =  21
  Sqrt(S)  = 14.0 TeV
  LOOP     = 3
  alphaS(MZ) =   0.11800
          kl =   1.00000
          kv =   1.00000
         k2v =   1.00000
         kth =   1.00000
         kbh =   1.00000
        cHsq =  -0.60000
       chdup =   0.00000
         cHw =   0.00000
          cH =   0.00000
         cHb =   0.00000
        cHwb =   0.00000
      cHq1st =   0.00000
      cHq3st =   0.00000
      cHq1rd =   0.00000
      cHq3rd =   0.00000
       cHdst =   0.00000
       cHust =   0.00000
       cHdrd =   0.00000
       cHurd =   0.00000
         cth =   0.00000
         cbh =   0.00000
 --------------

  mH       = 125.0000      GeV
  fact_scale 1.0
  ren_scale  1.0
  Kqq      =   0.25141714882711869            +-    2.8302740182855468E-004
  Kgq      =   -6.9720796870728630E-002       +-    1.4213261560682230E-004
  K_nlo    =    1.1816963519563899            +-    3.1671152584814287E-004
  Kqq2     =    5.5174484378906180E-002       +-    2.3874130441167623E-004
  Kgq2     =   -3.6110011151945107E-002       +-    1.4678579030658076E-004
  Kqqs     =    1.7535802467374404E-003       +-    3.8381022629708095E-006
  Kgg      =    1.0824320612558050E-003       +-    1.9747691995753839E-006
  K_nnlo   =    1.2035968374913444            +-    4.2292824452328507E-004
  sig_LO   = (  0.16356634226636613            +-    1.0950745595138237E-004 ) fb
  sig_NLO  = (  0.19328574995901515            +-    1.2114235241569441E-004 ) fb
  sig_NNLO = (  0.19686793227182509            +-    1.2952727961350495E-004 ) fb

  pp ---> HHW+ + X
  ===============

  PDFSET = PDF4LHC21_40                                NSET =  22
  Sqrt(S)  = 14.0 TeV
  LOOP     = 3
  alphaS(MZ) =   0.11800
          kl =   1.00000
          kv =   1.00000
         k2v =   1.00000
         kth =   1.00000
         kbh =   1.00000
        cHsq =  -0.60000
       chdup =   0.00000
         cHw =   0.00000
          cH =   0.00000
         cHb =   0.00000
        cHwb =   0.00000
      cHq1st =   0.00000
      cHq3st =   0.00000
      cHq1rd =   0.00000
      cHq3rd =   0.00000
       cHdst =   0.00000
       cHust =   0.00000
       cHdrd =   0.00000
       cHurd =   0.00000
         cth =   0.00000
         cbh =   0.00000
 --------------

  mH       = 125.0000      GeV
  fact_scale 1.0
  ren_scale  1.0
  Kqq      =   0.25112222027773323            +-    2.8272137471779520E-004
  Kgq      =   -6.9354317448545491E-002       +-    1.4150740421178332E-004
  K_nlo    =    1.1817679028291876            +-    3.1615774728618781E-004
  Kqq2     =    5.5045194992502960E-002       +-    2.3880012641185229E-004
  Kgq2     =   -3.5921427790823288E-002       +-    1.4617045778370731E-004
  Kqqs     =    1.7408854754984490E-003       +-    3.8110956846746929E-006
  Kgg      =    1.0805760919013585E-003       +-    1.9767207989074094E-006
  K_nnlo   =    1.2037131315982672            +-    4.2233334718860024E-004
  sig_LO   = (  0.16448497969408379            +-    1.1005441049655110E-004 ) fb
  sig_NLO  = (  0.19438306949997894            +-    1.2172225000716616E-004 ) fb
  sig_NNLO = (  0.19799273000844300            +-    1.3014494119856449E-004 ) fb

  pp ---> HHW+ + X
  ===============

  PDFSET = PDF4LHC21_40                                NSET =  23
  Sqrt(S)  = 14.0 TeV
  LOOP     = 3
  alphaS(MZ) =   0.11800
          kl =   1.00000
          kv =   1.00000
         k2v =   1.00000
         kth =   1.00000
         kbh =   1.00000
        cHsq =  -0.60000
       chdup =   0.00000
         cHw =   0.00000
          cH =   0.00000
         cHb =   0.00000
        cHwb =   0.00000
      cHq1st =   0.00000
      cHq3st =   0.00000
      cHq1rd =   0.00000
      cHq3rd =   0.00000
       cHdst =   0.00000
       cHust =   0.00000
       cHdrd =   0.00000
       cHurd =   0.00000
         cth =   0.00000
         cbh =   0.00000
 --------------

  mH       = 125.0000      GeV
  fact_scale 1.0
  ren_scale  1.0
  Kqq      =   0.25112716932210011            +-    2.8278583256311022E-004
  Kgq      =   -6.9205121544474682E-002       +-    1.4106753734262874E-004
  K_nlo    =    1.1819220477776256            +-    3.1601879246387447E-004
  Kqq2     =    5.5047192547269821E-002       +-    2.3897120026898739E-004
  Kgq2     =   -3.5843585475959568E-002       +-    1.4568258797120005E-004
  Kqqs     =    1.7415901164820607E-003       +-    3.8125194826398670E-006
  Kgg      =    1.0746885938589972E-003       +-    1.9605221710132143E-006
  K_nnlo   =    1.2039419335592769            +-    4.2215744354245471E-004
  sig_LO   = (  0.16481857248643680            +-    1.1029571991737653E-004 ) fb
  sig_NLO  = (  0.19480270470495437            +-    1.2197570609851762E-004 ) fb
  sig_NNLO = (  0.19843199084580052            +-    1.3040873036917003E-004 ) fb

  pp ---> HHW+ + X
  ===============

  PDFSET = PDF4LHC21_40                                NSET =  24
  Sqrt(S)  = 14.0 TeV
  LOOP     = 3
  alphaS(MZ) =   0.11800
          kl =   1.00000
          kv =   1.00000
         k2v =   1.00000
         kth =   1.00000
         kbh =   1.00000
        cHsq =  -0.60000
       chdup =   0.00000
         cHw =   0.00000
          cH =   0.00000
         cHb =   0.00000
        cHwb =   0.00000
      cHq1st =   0.00000
      cHq3st =   0.00000
      cHq1rd =   0.00000
      cHq3rd =   0.00000
       cHdst =   0.00000
       cHust =   0.00000
       cHdrd =   0.00000
       cHurd =   0.00000
         cth =   0.00000
         cbh =   0.00000
 --------------

  mH       = 125.0000      GeV
  fact_scale 1.0
  ren_scale  1.0
  Kqq      =   0.25099219143619239            +-    2.8342335966037786E-004
  Kgq      =   -6.9064371270987898E-002       +-    1.4074393768354030E-004
  K_nlo    =    1.1819278201652044            +-    3.1644534566942862E-004
  Kqq2     =    5.4997926018510487E-002       +-    2.3924975896805350E-004
  Kgq2     =   -3.5771601151805915E-002       +-    1.4533966663810922E-004
  Kqqs     =    1.7384039694705016E-003       +-    3.8079933922796360E-006
  Kgg      =    1.0731463146055661E-003       +-    1.9578985049705926E-006
  K_nnlo   =    1.2039656953159852            +-    4.2251633914065859E-004
  sig_LO   = (  0.16518788993409134            +-    1.1104672539138890E-004 ) fb
  sig_NLO  = (  0.19524016266749028            +-    1.2273481724674732E-004 ) fb
  sig_NNLO = (  0.19888055276227867            +-    1.3115890732250923E-004 ) fb

  pp ---> HHW+ + X
  ===============

  PDFSET = PDF4LHC21_40                                NSET =  25
  Sqrt(S)  = 14.0 TeV
  LOOP     = 3
  alphaS(MZ) =   0.11800
          kl =   1.00000
          kv =   1.00000
         k2v =   1.00000
         kth =   1.00000
         kbh =   1.00000
        cHsq =  -0.60000
       chdup =   0.00000
         cHw =   0.00000
          cH =   0.00000
         cHb =   0.00000
        cHwb =   0.00000
      cHq1st =   0.00000
      cHq3st =   0.00000
      cHq1rd =   0.00000
      cHq3rd =   0.00000
       cHdst =   0.00000
       cHust =   0.00000
       cHdrd =   0.00000
       cHurd =   0.00000
         cth =   0.00000
         cbh =   0.00000
 --------------

  mH       = 125.0000      GeV
  fact_scale 1.0
  ren_scale  1.0
  Kqq      =   0.25109325978595043            +-    2.8270909133512145E-004
  Kgq      =   -6.9264767021423479E-002       +-    1.4120763053833128E-004
  K_nlo    =    1.1818284927645271            +-    3.1601269791858036E-004
  Kqq2     =    5.5035205787667636E-002       +-    2.3932406680097232E-004
  Kgq2     =   -3.5876299192005114E-002       +-    1.4582033128457457E-004
  Kqqs     =    1.7397496834877706E-003       +-    3.8077493164400545E-006
  Kgg      =    1.0805082315780445E-003       +-    1.9730593652783178E-006
  K_nnlo   =    1.2038076572752554            +-    4.2240027832613348E-004
  sig_LO   = (  0.16456061241089195            +-    1.1014819088278823E-004 ) fb
  sig_NLO  = (  0.19448242053397194            +-    1.2180706567180420E-004 ) fb
  sig_NNLO = (  0.19809932530613714            +-    1.3024717426179060E-004 ) fb

  pp ---> HHW+ + X
  ===============

  PDFSET = PDF4LHC21_40                                NSET =  26
  Sqrt(S)  = 14.0 TeV
  LOOP     = 3
  alphaS(MZ) =   0.11800
          kl =   1.00000
          kv =   1.00000
         k2v =   1.00000
         kth =   1.00000
         kbh =   1.00000
        cHsq =  -0.60000
       chdup =   0.00000
         cHw =   0.00000
          cH =   0.00000
         cHb =   0.00000
        cHwb =   0.00000
      cHq1st =   0.00000
      cHq3st =   0.00000
      cHq1rd =   0.00000
      cHq3rd =   0.00000
       cHdst =   0.00000
       cHust =   0.00000
       cHdrd =   0.00000
       cHurd =   0.00000
         cth =   0.00000
         cbh =   0.00000
 --------------

  mH       = 125.0000      GeV
  fact_scale 1.0
  ren_scale  1.0
  Kqq      =   0.25104816099273991            +-    2.8242500525531229E-004
  Kgq      =   -6.9089386467892408E-002       +-    1.4086820869614613E-004
  K_nlo    =    1.1819587745248477            +-    3.1560693245669396E-004
  Kqq2     =    5.5020569591970596E-002       +-    2.3854925888815471E-004
  Kgq2     =   -3.5784014566232390E-002       +-    1.4547623287509666E-004
  Kqqs     =    1.7406431462318090E-003       +-    3.8030319132895119E-006
  Kgg      =    1.0723255368892033E-003       +-    1.9550381552287691E-006
  K_nnlo   =    1.2040082982337068            +-    4.2153897125682616E-004
  sig_LO   = (  0.16510108004031329            +-    1.1035836834344661E-004 ) fb
  sig_NLO  = (  0.19514267023717746            +-    1.2204144232799519E-004 ) fb
  sig_NNLO = (  0.19878307041588464            +-    1.3047086940983543E-004 ) fb

  pp ---> HHW+ + X
  ===============

  PDFSET = PDF4LHC21_40                                NSET =  27
  Sqrt(S)  = 14.0 TeV
  LOOP     = 3
  alphaS(MZ) =   0.11800
          kl =   1.00000
          kv =   1.00000
         k2v =   1.00000
         kth =   1.00000
         kbh =   1.00000
        cHsq =  -0.60000
       chdup =   0.00000
         cHw =   0.00000
          cH =   0.00000
         cHb =   0.00000
        cHwb =   0.00000
      cHq1st =   0.00000
      cHq3st =   0.00000
      cHq1rd =   0.00000
      cHq3rd =   0.00000
       cHdst =   0.00000
       cHust =   0.00000
       cHdrd =   0.00000
       cHurd =   0.00000
         cth =   0.00000
         cbh =   0.00000
 --------------

  mH       = 125.0000      GeV
  fact_scale 1.0
  ren_scale  1.0
  Kqq      =   0.25111445041568936            +-    2.8294678979143495E-004
  Kgq      =   -6.9268012529336079E-002       +-    1.4120076601398699E-004
  K_nlo    =    1.1818464378863534            +-    3.1622229867012093E-004
  Kqq2     =    5.5039032871376584E-002       +-    2.3937054780615450E-004
  Kgq2     =   -3.5876189123838227E-002       +-    1.4582933269661967E-004
  Kqqs     =    1.7413711377504591E-003       +-    3.8125701392237572E-006
  Kgg      =    1.0741223782777523E-003       +-    1.9596168234225275E-006
  K_nnlo   =    1.2038247751499200            +-    4.2258652533787229E-004
  sig_LO   = (  0.16487953147344855            +-    1.1050018713849116E-004 ) fb
  sig_NLO  = (  0.19486228695226604            +-    1.2218315491790873E-004 ) fb
  sig_NNLO = (  0.19848606490284834            +-    1.3063314273818724E-004 ) fb

  pp ---> HHW+ + X
  ===============

  PDFSET = PDF4LHC21_40                                NSET =  28
  Sqrt(S)  = 14.0 TeV
  LOOP     = 3
  alphaS(MZ) =   0.11800
          kl =   1.00000
          kv =   1.00000
         k2v =   1.00000
         kth =   1.00000
         kbh =   1.00000
        cHsq =  -0.60000
       chdup =   0.00000
         cHw =   0.00000
          cH =   0.00000
         cHb =   0.00000
        cHwb =   0.00000
      cHq1st =   0.00000
      cHq3st =   0.00000
      cHq1rd =   0.00000
      cHq3rd =   0.00000
       cHdst =   0.00000
       cHust =   0.00000
       cHdrd =   0.00000
       cHurd =   0.00000
         cth =   0.00000
         cbh =   0.00000
 --------------

  mH       = 125.0000      GeV
  fact_scale 1.0
  ren_scale  1.0
  Kqq      =   0.25109115729216258            +-    2.8277098340498879E-004
  Kgq      =   -6.8976118009242970E-002       +-    1.4057331339037814E-004
  K_nlo    =    1.1821150392829196            +-    3.1578518884421084E-004
  Kqq2     =    5.5033284222852322E-002       +-    2.3917021665792145E-004
  Kgq2     =   -3.5725740718334814E-002       +-    1.4516200483630522E-004
  Kqqs     =    1.7411092907649085E-003       +-    3.8123883145901603E-006
  Kgg      =    1.0690816941360431E-003       +-    1.9485918753858931E-006
  K_nnlo   =    1.2042327737723379            +-    4.2191588852829963E-004
  sig_LO   = (  0.16508092550656400            +-    1.1053224799307308E-004 ) fb
  sig_NLO  = (  0.19514464474005264            +-    1.2220853629695948E-004 ) fb
  sig_NNLO = (  0.19879586081967429            +-    1.3064661232386527E-004 ) fb

  pp ---> HHW+ + X
  ===============

  PDFSET = PDF4LHC21_40                                NSET =  29
  Sqrt(S)  = 14.0 TeV
  LOOP     = 3
  alphaS(MZ) =   0.11800
          kl =   1.00000
          kv =   1.00000
         k2v =   1.00000
         kth =   1.00000
         kbh =   1.00000
        cHsq =  -0.60000
       chdup =   0.00000
         cHw =   0.00000
          cH =   0.00000
         cHb =   0.00000
        cHwb =   0.00000
      cHq1st =   0.00000
      cHq3st =   0.00000
      cHq1rd =   0.00000
      cHq3rd =   0.00000
       cHdst =   0.00000
       cHust =   0.00000
       cHdrd =   0.00000
       cHurd =   0.00000
         cth =   0.00000
         cbh =   0.00000
 --------------

  mH       = 125.0000      GeV
  fact_scale 1.0
  ren_scale  1.0
  Kqq      =   0.25109089442344890            +-    2.8260844260909570E-004
  Kgq      =   -6.9023478663086960E-002       +-    1.4064577520580453E-004
  K_nlo    =    1.1820674157603619            +-    3.1567192766728599E-004
  Kqq2     =    5.5032230882754406E-002       +-    2.3913959755233799E-004
  Kgq2     =   -3.5751362330000459E-002       +-    1.4524687777047569E-004
  Kqqs     =    1.7419889289191609E-003       +-    3.8125540689723616E-006
  Kgg      =    1.0698284874608335E-003       +-    1.9503464978397309E-006
  K_nnlo   =    1.2041601017294958            +-    4.2184298969727635E-004
  sig_LO   = (  0.16527196354203749            +-    1.1059028796181577E-004 ) fb
  sig_NLO  = (  0.19536260284177703            +-    1.2227878020471236E-004 ) fb
  sig_NNLO = (  0.19901390443181341            +-    1.3073226665223715E-004 ) fb

  pp ---> HHW+ + X
  ===============

  PDFSET = PDF4LHC21_40                                NSET =  30
  Sqrt(S)  = 14.0 TeV
  LOOP     = 3
  alphaS(MZ) =   0.11800
          kl =   1.00000
          kv =   1.00000
         k2v =   1.00000
         kth =   1.00000
         kbh =   1.00000
        cHsq =  -0.60000
       chdup =   0.00000
         cHw =   0.00000
          cH =   0.00000
         cHb =   0.00000
        cHwb =   0.00000
      cHq1st =   0.00000
      cHq3st =   0.00000
      cHq1rd =   0.00000
      cHq3rd =   0.00000
       cHdst =   0.00000
       cHust =   0.00000
       cHdrd =   0.00000
       cHurd =   0.00000
         cth =   0.00000
         cbh =   0.00000
 --------------

  mH       = 125.0000      GeV
  fact_scale 1.0
  ren_scale  1.0
  Kqq      =   0.25106409920530676            +-    2.8241715080544824E-004
  Kgq      =   -6.9152924136128238E-002       +-    1.4084566651011043E-004
  K_nlo    =    1.1819111750691786            +-    3.1558984274489022E-004
  Kqq2     =    5.5023085488622503E-002       +-    2.3870840456712377E-004
  Kgq2     =   -3.5814930311736631E-002       +-    1.4542507794146234E-004
  Kqqs     =    1.7379728638620181E-003       +-    3.8028559527194659E-006
  Kgg      =    1.0724840260783403E-003       +-    1.9517689940441792E-006
  K_nnlo   =    1.2039297871360048            +-    4.2159859542532848E-004
  sig_LO   = (  0.16515212817518518            +-    1.1035999746483170E-004 ) fb
  sig_NLO  = (  0.19519514587670872            +-    1.2204858980490474E-004 ) fb
  sig_NNLO = (  0.19883156651900885            +-    1.3048898126948611E-004 ) fb

  pp ---> HHW+ + X
  ===============

  PDFSET = PDF4LHC21_40                                NSET =  31
  Sqrt(S)  = 14.0 TeV
  LOOP     = 3
  alphaS(MZ) =   0.11800
          kl =   1.00000
          kv =   1.00000
         k2v =   1.00000
         kth =   1.00000
         kbh =   1.00000
        cHsq =  -0.60000
       chdup =   0.00000
         cHw =   0.00000
          cH =   0.00000
         cHb =   0.00000
        cHwb =   0.00000
      cHq1st =   0.00000
      cHq3st =   0.00000
      cHq1rd =   0.00000
      cHq3rd =   0.00000
       cHdst =   0.00000
       cHust =   0.00000
       cHdrd =   0.00000
       cHurd =   0.00000
         cth =   0.00000
         cbh =   0.00000
 --------------

  mH       = 125.0000      GeV
  fact_scale 1.0
  ren_scale  1.0
  Kqq      =   0.25112568511366729            +-    2.8401150250742643E-004
  Kgq      =   -6.9197516516669763E-002       +-    1.4117757683573815E-004
  K_nlo    =    1.1819281685969973            +-    3.1716500714570742E-004
  Kqq2     =    5.5039449468160938E-002       +-    2.4046507792691086E-004
  Kgq2     =   -3.5838436393148515E-002       +-    1.4578712657337150E-004
  Kqqs     =    1.7396326062740922E-003       +-    3.8164264191029821E-006
  Kgg      =    1.0718562847292694E-003       +-    1.9540592766505600E-006
  K_nnlo   =    1.2039406705630131            +-    4.2389782400116337E-004
  sig_LO   = (  0.16455295727120969            +-    1.1085114799743843E-004 ) fb
  sig_NLO  = (  0.19448977542478085            +-    1.2252272861002463E-004 ) fb
  sig_NNLO = (  0.19811199772022706            +-    1.3097155178959429E-004 ) fb

  pp ---> HHW+ + X
  ===============

  PDFSET = PDF4LHC21_40                                NSET =  32
  Sqrt(S)  = 14.0 TeV
  LOOP     = 3
  alphaS(MZ) =   0.11800
          kl =   1.00000
          kv =   1.00000
         k2v =   1.00000
         kth =   1.00000
         kbh =   1.00000
        cHsq =  -0.60000
       chdup =   0.00000
         cHw =   0.00000
          cH =   0.00000
         cHb =   0.00000
        cHwb =   0.00000
      cHq1st =   0.00000
      cHq3st =   0.00000
      cHq1rd =   0.00000
      cHq3rd =   0.00000
       cHdst =   0.00000
       cHust =   0.00000
       cHdrd =   0.00000
       cHurd =   0.00000
         cth =   0.00000
         cbh =   0.00000
 --------------

  mH       = 125.0000      GeV
  fact_scale 1.0
  ren_scale  1.0
  Kqq      =   0.25106744575706391            +-    2.8265525626793015E-004
  Kgq      =   -6.9174331785806412E-002       +-    1.4101250331417480E-004
  K_nlo    =    1.1818931139712574            +-    3.1587738125231352E-004
  Kqq2     =    5.5023224750103926E-002       +-    2.3914788738609510E-004
  Kgq2     =   -3.5827974903526148E-002       +-    1.4562736222597028E-004
  Kqqs     =    1.7408229944477695E-003       +-    3.8111293706130387E-006
  Kgg      =    1.0732658120491685E-003       +-    1.9579722965915001E-006
  K_nnlo   =    1.2039024526243320            +-    4.2213258464555845E-004
  sig_LO   = (  0.16502454946446654            +-    1.1046309156562775E-004 ) fb
  sig_NLO  = (  0.19504137864826218            +-    1.2214488611095336E-004 ) fb
  sig_NNLO = (  0.19867345984349669            +-    1.3059449538048586E-004 ) fb

  pp ---> HHW+ + X
  ===============

  PDFSET = PDF4LHC21_40                                NSET =  33
  Sqrt(S)  = 14.0 TeV
  LOOP     = 3
  alphaS(MZ) =   0.11800
          kl =   1.00000
          kv =   1.00000
         k2v =   1.00000
         kth =   1.00000
         kbh =   1.00000
        cHsq =  -0.60000
       chdup =   0.00000
         cHw =   0.00000
          cH =   0.00000
         cHb =   0.00000
        cHwb =   0.00000
      cHq1st =   0.00000
      cHq3st =   0.00000
      cHq1rd =   0.00000
      cHq3rd =   0.00000
       cHdst =   0.00000
       cHust =   0.00000
       cHdrd =   0.00000
       cHurd =   0.00000
         cth =   0.00000
         cbh =   0.00000
 --------------

  mH       = 125.0000      GeV
  fact_scale 1.0
  ren_scale  1.0
  Kqq      =   0.25106304774831562            +-    2.8248966597623642E-004
  Kgq      =   -6.9116524042293750E-002       +-    1.4088702478231397E-004
  K_nlo    =    1.1819465237060218            +-    3.1567319356476560E-004
  Kqq2     =    5.5022847882214919E-002       +-    2.3878554545646863E-004
  Kgq2     =   -3.5798470656932917E-002       +-    1.4549694088166271E-004
  Kqqs     =    1.7395892498267859E-003       +-    3.8069762233553794E-006
  Kgg      =    1.0721813966569642E-003       +-    1.9563986462500979E-006
  K_nnlo   =    1.2039826715777877            +-    4.2172951310510807E-004
  sig_LO   = (  0.16492032115627372            +-    1.1026038998810825E-004 ) fb
  sig_NLO  = (  0.19492700027913842            +-    1.2193315158842245E-004 ) fb
  sig_NNLO = (  0.19856120886319717            +-    1.3036411261277097E-004 ) fb

  pp ---> HHW+ + X
  ===============

  PDFSET = PDF4LHC21_40                                NSET =  34
  Sqrt(S)  = 14.0 TeV
  LOOP     = 3
  alphaS(MZ) =   0.11800
          kl =   1.00000
          kv =   1.00000
         k2v =   1.00000
         kth =   1.00000
         kbh =   1.00000
        cHsq =  -0.60000
       chdup =   0.00000
         cHw =   0.00000
          cH =   0.00000
         cHb =   0.00000
        cHwb =   0.00000
      cHq1st =   0.00000
      cHq3st =   0.00000
      cHq1rd =   0.00000
      cHq3rd =   0.00000
       cHdst =   0.00000
       cHust =   0.00000
       cHdrd =   0.00000
       cHurd =   0.00000
         cth =   0.00000
         cbh =   0.00000
 --------------

  mH       = 125.0000      GeV
  fact_scale 1.0
  ren_scale  1.0
  Kqq      =   0.25099470314168099            +-    2.8195395363360236E-004
  Kgq      =   -6.9187217404027668E-002       +-    1.4106905651304762E-004
  K_nlo    =    1.1818074857376533            +-    3.1527529347397489E-004
  Kqq2     =    5.5009031898330452E-002       +-    2.3761076405132397E-004
  Kgq2     =   -3.5835438166641073E-002       +-    1.4568958865524183E-004
  Kqqs     =    1.7410587839061036E-003       +-    3.8034824996908213E-006
  Kgg      =    1.0761115220765068E-003       +-    1.9641963726990188E-006
  K_nnlo   =    1.2037982497753255            +-    4.2083389437782274E-004
  sig_LO   = (  0.16539016414736116            +-    1.0999229346740457E-004 ) fb
  sig_NLO  = (  0.19545933405673066            +-    1.2172609489832843E-004 ) fb
  sig_NNLO = (  0.19909639013064714            +-    1.3016417847359389E-004 ) fb

  pp ---> HHW+ + X
  ===============

  PDFSET = PDF4LHC21_40                                NSET =  35
  Sqrt(S)  = 14.0 TeV
  LOOP     = 3
  alphaS(MZ) =   0.11800
          kl =   1.00000
          kv =   1.00000
         k2v =   1.00000
         kth =   1.00000
         kbh =   1.00000
        cHsq =  -0.60000
       chdup =   0.00000
         cHw =   0.00000
          cH =   0.00000
         cHb =   0.00000
        cHwb =   0.00000
      cHq1st =   0.00000
      cHq3st =   0.00000
      cHq1rd =   0.00000
      cHq3rd =   0.00000
       cHdst =   0.00000
       cHust =   0.00000
       cHdrd =   0.00000
       cHurd =   0.00000
         cth =   0.00000
         cbh =   0.00000
 --------------

  mH       = 125.0000      GeV
  fact_scale 1.0
  ren_scale  1.0
  Kqq      =   0.25102817037629716            +-    2.8269280652824130E-004
  Kgq      =   -6.9123516782899685E-002       +-    1.4086275276097861E-004
  K_nlo    =    1.1819046535933975            +-    3.1584416723791858E-004
  Kqq2     =    5.5004435653673384E-002       +-    2.3941285332046021E-004
  Kgq2     =   -3.5802122062493974E-002       +-    1.4546004294870796E-004
  Kqqs     =    1.7389628560317363E-003       +-    3.8063225511614615E-006
  Kgg      =    1.0730373513854314E-003       +-    1.9571729579903180E-006
  K_nnlo   =    1.2039189673919941            +-    4.2220018359215500E-004
  sig_LO   = (  0.16511578303947921            +-    1.1053866273640252E-004 ) fb
  sig_NLO  = (  0.19515111235607824            +-    1.2222318865316042E-004 ) fb
  sig_NNLO = (  0.19878602301701032            +-    1.3068491458847808E-004 ) fb

  pp ---> HHW+ + X
  ===============

  PDFSET = PDF4LHC21_40                                NSET =  36
  Sqrt(S)  = 14.0 TeV
  LOOP     = 3
  alphaS(MZ) =   0.11800
          kl =   1.00000
          kv =   1.00000
         k2v =   1.00000
         kth =   1.00000
         kbh =   1.00000
        cHsq =  -0.60000
       chdup =   0.00000
         cHw =   0.00000
          cH =   0.00000
         cHb =   0.00000
        cHwb =   0.00000
      cHq1st =   0.00000
      cHq3st =   0.00000
      cHq1rd =   0.00000
      cHq3rd =   0.00000
       cHdst =   0.00000
       cHust =   0.00000
       cHdrd =   0.00000
       cHurd =   0.00000
         cth =   0.00000
         cbh =   0.00000
 --------------

  mH       = 125.0000      GeV
  fact_scale 1.0
  ren_scale  1.0
  Kqq      =   0.25112230163531779            +-    2.8278325170194872E-004
  Kgq      =   -6.9357559296744087E-002       +-    1.4139401673361133E-004
  K_nlo    =    1.1817647423385735            +-    3.1616235609444786E-004
  Kqq2     =    5.5041085017054278E-002       +-    2.3912241639385747E-004
  Kgq2     =   -3.5921469911198822E-002       +-    1.4599552822952525E-004
  Kqqs     =    1.7399856658275889E-003       +-    3.8090810221296321E-006
  Kgg      =    1.0800794931145558E-003       +-    1.9727729282366119E-006
  K_nnlo   =    1.2037044226033711            +-    4.2245859042929575E-004
  sig_LO   = (  0.16473272609036038            +-    1.1031214265020439E-004 ) fb
  sig_NLO  = (  0.19467532760290557            +-    1.2198907088375953E-004 ) fb
  sig_NNLO = (  0.19828951094247657            +-    1.3042975274451439E-004 ) fb

  pp ---> HHW+ + X
  ===============

  PDFSET = PDF4LHC21_40                                NSET =  37
  Sqrt(S)  = 14.0 TeV
  LOOP     = 3
  alphaS(MZ) =   0.11800
          kl =   1.00000
          kv =   1.00000
         k2v =   1.00000
         kth =   1.00000
         kbh =   1.00000
        cHsq =  -0.60000
       chdup =   0.00000
         cHw =   0.00000
          cH =   0.00000
         cHb =   0.00000
        cHwb =   0.00000
      cHq1st =   0.00000
      cHq3st =   0.00000
      cHq1rd =   0.00000
      cHq3rd =   0.00000
       cHdst =   0.00000
       cHust =   0.00000
       cHdrd =   0.00000
       cHurd =   0.00000
         cth =   0.00000
         cbh =   0.00000
 --------------

  mH       = 125.0000      GeV
  fact_scale 1.0
  ren_scale  1.0
  Kqq      =   0.25104030466539434            +-    2.8281081867027885E-004
  Kgq      =   -6.9200334751079812E-002       +-    1.4100792492851359E-004
  K_nlo    =    1.1818399699143145            +-    3.1601454721198936E-004
  Kqq2     =    5.5010690063022206E-002       +-    2.3955660214256002E-004
  Kgq2     =   -3.5842322043878543E-002       +-    1.4560206865351486E-004
  Kqqs     =    1.7403124278538590E-003       +-    3.8093227608088399E-006
  Kgg      =    1.0733179110011674E-003       +-    1.9577036870634066E-006
  K_nnlo   =    1.2038219682723132            +-    4.2245812291810968E-004
  sig_LO   = (  0.16495595162693327            +-    1.1048034819252658E-004 ) fb
  sig_NLO  = (  0.19495153690796194            +-    1.2216090128076870E-004 ) fb
  sig_NNLO = (  0.19857759836576730            +-    1.3062229041627281E-004 ) fb

  pp ---> HHW+ + X
  ===============

  PDFSET = PDF4LHC21_40                                NSET =  38
  Sqrt(S)  = 14.0 TeV
  LOOP     = 3
  alphaS(MZ) =   0.11800
          kl =   1.00000
          kv =   1.00000
         k2v =   1.00000
         kth =   1.00000
         kbh =   1.00000
        cHsq =  -0.60000
       chdup =   0.00000
         cHw =   0.00000
          cH =   0.00000
         cHb =   0.00000
        cHwb =   0.00000
      cHq1st =   0.00000
      cHq3st =   0.00000
      cHq1rd =   0.00000
      cHq3rd =   0.00000
       cHdst =   0.00000
       cHust =   0.00000
       cHdrd =   0.00000
       cHurd =   0.00000
         cth =   0.00000
         cbh =   0.00000
 --------------

  mH       = 125.0000      GeV
  fact_scale 1.0
  ren_scale  1.0
  Kqq      =   0.25081057601536255            +-    2.8263201775217652E-004
  Kgq      =   -6.8838968917566121E-002       +-    1.4032479144970782E-004
  K_nlo    =    1.1819716070977964            +-    3.1555016170819913E-004
  Kqq2     =    5.4920981400663059E-002       +-    2.4018609189019528E-004
  Kgq2     =   -3.5653530556933891E-002       +-    1.4491042457206310E-004
  Kqqs     =    1.7340092450668281E-003       +-    3.7960274722147761E-006
  Kgg      =    1.0684529376396418E-003       +-    1.9485899003927980E-006
  K_nnlo   =    1.2040415201242320            +-    4.2223038884995153E-004
  sig_LO   = (  0.16569182468295621            +-    1.1097805324427682E-004 ) fb
  sig_NLO  = (  0.19584303230348010            +-    1.2267743696396048E-004 ) fb
  sig_NNLO = (  0.19949983646342437            +-    1.3118897511277220E-004 ) fb

  pp ---> HHW+ + X
  ===============

  PDFSET = PDF4LHC21_40                                NSET =  39
  Sqrt(S)  = 14.0 TeV
  LOOP     = 3
  alphaS(MZ) =   0.11800
          kl =   1.00000
          kv =   1.00000
         k2v =   1.00000
         kth =   1.00000
         kbh =   1.00000
        cHsq =  -0.60000
       chdup =   0.00000
         cHw =   0.00000
          cH =   0.00000
         cHb =   0.00000
        cHwb =   0.00000
      cHq1st =   0.00000
      cHq3st =   0.00000
      cHq1rd =   0.00000
      cHq3rd =   0.00000
       cHdst =   0.00000
       cHust =   0.00000
       cHdrd =   0.00000
       cHurd =   0.00000
         cth =   0.00000
         cbh =   0.00000
 --------------

  mH       = 125.0000      GeV
  fact_scale 1.0
  ren_scale  1.0
  Kqq      =   0.25102386763070433            +-    2.8278713129008574E-004
  Kgq      =   -6.9318781539434673E-002       +-    1.4133296542842883E-004
  K_nlo    =    1.1817050860912697            +-    3.1613852776918799E-004
  Kqq2     =    5.5001601877495830E-002       +-    2.3939477954927990E-004
  Kgq2     =   -3.5901688833653446E-002       +-    1.4596165868898650E-004
  Kqqs     =    1.7382596757252876E-003       +-    3.8072258344915574E-006
  Kgg      =    1.0775329603633121E-003       +-    1.9668147785251494E-006
  K_nnlo   =    1.2036207917712010            +-    4.2258324428647899E-004
  sig_LO   = (  0.16479640646886867            +-    1.1036550551974762E-004 ) fb
  sig_NLO  = (  0.19474075169382632            +-    1.2204424531753649E-004 ) fb
  sig_NNLO = (  0.19835238123510834            +-    1.3050020029691320E-004 ) fb

  pp ---> HHW+ + X
  ===============

  PDFSET = PDF4LHC21_40                                NSET =  40
  Sqrt(S)  = 14.0 TeV
  LOOP     = 3
  alphaS(MZ) =   0.11800
          kl =   1.00000
          kv =   1.00000
         k2v =   1.00000
         kth =   1.00000
         kbh =   1.00000
        cHsq =  -0.60000
       chdup =   0.00000
         cHw =   0.00000
          cH =   0.00000
         cHb =   0.00000
        cHwb =   0.00000
      cHq1st =   0.00000
      cHq3st =   0.00000
      cHq1rd =   0.00000
      cHq3rd =   0.00000
       cHdst =   0.00000
       cHust =   0.00000
       cHdrd =   0.00000
       cHurd =   0.00000
         cth =   0.00000
         cbh =   0.00000
 --------------

  mH       = 125.0000      GeV
  fact_scale 1.0
  ren_scale  1.0
  Kqq      =   0.25109510254507350            +-    2.8285911438679750E-004
  Kgq      =   -6.9139906799077444E-002       +-    1.4090728286527142E-004
  K_nlo    =    1.1819551957459962            +-    3.1601288099721031E-004
  Kqq2     =    5.5031416402654028E-002       +-    2.3934930359920426E-004
  Kgq2     =   -3.5811091688071055E-002       +-    1.4551316668218653E-004
  Kqqs     =    1.7397581441176710E-003       +-    3.8087117341799196E-006
  Kgg      =    1.0739409979169706E-003       +-    1.9584335438554622E-006
  K_nnlo   =    1.2039892196026138            +-    4.2230871825535242E-004
  sig_LO   = (  0.16483087844938421            +-    1.1042653600946075E-004 ) fb
  sig_NLO  = (  0.19482271320262640            +-    1.2209525183250262E-004 ) fb
  sig_NNLO = (  0.19845460071068735            +-    1.3053545385441272E-004 ) fb

  pp ---> HHW+ + X
  ===============

  PDFSET = PDF4LHC21_40                                NSET =  41
  Sqrt(S)  = 14.0 TeV
  LOOP     = 3
  alphaS(MZ) =   0.11700
          kl =   1.00000
          kv =   1.00000
         k2v =   1.00000
         kth =   1.00000
         kbh =   1.00000
        cHsq =  -0.60000
       chdup =   0.00000
         cHw =   0.00000
          cH =   0.00000
         cHb =   0.00000
        cHwb =   0.00000
      cHq1st =   0.00000
      cHq3st =   0.00000
      cHq1rd =   0.00000
      cHq3rd =   0.00000
       cHdst =   0.00000
       cHust =   0.00000
       cHdrd =   0.00000
       cHurd =   0.00000
         cth =   0.00000
         cbh =   0.00000
 --------------

  mH       = 125.0000      GeV
  fact_scale 1.0
  ren_scale  1.0
  Kqq      =   0.24919156667061815            +-    2.8095757322404156E-004
  Kgq      =   -6.7934715374702456E-002       +-    1.3843133275528088E-004
  K_nlo    =    1.1812568512959156            +-    3.1320982079166353E-004
  Kqq2     =    5.4209457251768803E-002       +-    2.3640898818333702E-004
  Kgq2     =   -3.4953553644861357E-002       +-    1.4201961884442474E-004
  Kqqs     =    1.7122531182401648E-003       +-    3.7501986716012351E-006
  Kgg      =    1.0367628615884081E-003       +-    1.8890759967352418E-006
  K_nnlo   =    1.2032617708826516            +-    4.1734494877634351E-004
  sig_LO   = (  0.16536313575603287            +-    1.1088703514640293E-004 ) fb
  sig_NLO  = (  0.19533633706359044            +-    1.2238662716351076E-004 ) fb
  sig_NNLO = (  0.19897513956851245            +-    1.3060931637967223E-004 ) fb

  pp ---> HHW+ + X
  ===============

  PDFSET = PDF4LHC21_40                                NSET =  42
  Sqrt(S)  = 14.0 TeV
  LOOP     = 3
  alphaS(MZ) =   0.11900
          kl =   1.00000
          kv =   1.00000
         k2v =   1.00000
         kth =   1.00000
         kbh =   1.00000
        cHsq =  -0.60000
       chdup =   0.00000
         cHw =   0.00000
          cH =   0.00000
         cHb =   0.00000
        cHwb =   0.00000
      cHq1st =   0.00000
      cHq3st =   0.00000
      cHq1rd =   0.00000
      cHq3rd =   0.00000
       cHdst =   0.00000
       cHust =   0.00000
       cHdrd =   0.00000
       cHurd =   0.00000
         cth =   0.00000
         cbh =   0.00000
 --------------

  mH       = 125.0000      GeV
  fact_scale 1.0
  ren_scale  1.0
  Kqq      =   0.25282174418949827            +-    2.8443439347386522E-004
  Kgq      =   -6.8445853830717412E-002       +-    1.3951782399000641E-004
  K_nlo    =    1.1843758903587809            +-    3.1680932341355108E-004
  Kqq2     =    5.5784757819000122E-002       +-    2.4259684985138301E-004
  Kgq2     =   -3.5690844867915551E-002       +-    1.4504412009671373E-004
  Kqqs     =    1.7657948377622708E-003       +-    3.8628904318490332E-006
  Kgg      =    1.0553159964848569E-003       +-    1.9299121379719862E-006
  K_nnlo   =    1.2072909141441124            +-    4.2459135909430034E-004
  sig_LO   = (  0.16572644130256736            +-    1.1088733481266961E-004 ) fb
  sig_NLO  = (  0.19628240147372045            +-    1.2268919112210541E-004 ) fb
  sig_NNLO = (  0.20008002681802717            +-    1.3132926970737993E-004 ) fb

