  pp ---> HHW+ + X
  ===============

  PDFSET = PDF4LHC21_40                                NSET =   0
  Sqrt(S)  = 14.0 TeV
  LOOP     = 3
  alphaS(MZ) =   0.11800
          kl =   1.00000
          kv =   1.00000
         k2v =   1.00000
         kth =   1.00000
         kbh =   1.00000
        cHsq =   0.50000
       chdup =   0.00000
         cHw =   0.00000
          cH =   0.00000
         cHb =   0.00000
        cHwb =   0.00000
      cHq1st =   0.00000
      cHq3st =   0.00000
      cHq1rd =   0.00000
      cHq3rd =   0.00000
       cHdst =   0.00000
       cHust =   0.00000
       cHdrd =   0.00000
       cHurd =   0.00000
         cth =   0.00000
         cbh =   0.00000
 --------------

  mH       = 125.0000      GeV
  fact_scale 0.5
  ren_scale  0.5
  Kqq      =   0.20357155294945820            +-    2.0155525384249197E-004
  Kgq      =   -2.0599707924103434E-002       +-    1.3414147383281026E-004
  K_nlo    =    1.1829718450253548            +-    2.4211248491878707E-004
  Kqq2     =    2.3727312713103865E-002       +-    1.8621793921145828E-004
  Kgq2     =   -1.6860970025136177E-002       +-    1.2881693833795022E-004
  Kqqs     =    1.4008470413299262E-003       +-    4.0257714725527529E-006
  Kgg      =    3.1537169032931265E-004       +-    1.7307635354341039E-006
  K_nnlo   =    1.1915544064449819            +-    3.3152463289903562E-004
  sig_LO   = (  0.43646299958721918            +-    2.5865299776269978E-004 ) fb
  sig_NLO  = (  0.51632343990699336            +-    2.7940684684894183E-004 ) fb
  sig_NNLO = (  0.52006941040834531            +-    2.9637636995861252E-004 ) fb

  mH       = 125.0000      GeV
  fact_scale 1.0
  ren_scale  0.5
  Kqq      =   0.27300991847132861            +-    2.5543498052019463E-004
  Kgq      =   -7.4457998891209951E-002       +-    1.3709782002477064E-004
  K_nlo    =    1.1985519195801186            +-    2.8990143416150358E-004
  Kqq2     =    4.2250610224137647E-002       +-    2.7895088268130894E-004
  Kgq2     =   -3.5573713802719363E-002       +-    1.7341916542568410E-004
  Kqqs     =    2.0409152797384702E-003       +-    4.0760390400507675E-006
  Kgg      =    1.2351512588316619E-003       +-    2.0889676489132771E-006
  K_nnlo   =    1.2085048825401068            +-    4.3812283813402490E-004
  sig_LO   = (  0.43202922001368183            +-    2.5546481027136406E-004 ) fb
  sig_NLO  = (  0.51780945096209985            +-    2.8451503012938271E-004 ) fb
  sig_NNLO = (  0.52210942178652864            +-    3.1794637103073900E-004 ) fb

  mH       = 125.0000      GeV
  fact_scale 0.5
  ren_scale  1.0
  Kqq      =   0.18709917512056104            +-    1.8532283043899583E-004
  Kgq      =   -1.8938257074531926E-002       +-    1.2323945732554568E-004
  K_nlo    =    1.1681609180460291            +-    2.2255901537303717E-004
  Kqq2     =    3.4447482707769483E-002       +-    1.3517006850682117E-004
  Kgq2     =   -1.5671090367770504E-002       +-    1.0984247374318514E-004
  Kqqs     =    1.1804984275431388E-003       +-    3.3960763112992086E-006
  Kgg      =    2.6579178227880530E-004       +-    1.4573741505631836E-006
  K_nnlo   =    1.1883836005958499            +-    2.8263490417091753E-004
  sig_LO   = (  0.43646299958721918            +-    2.5865299776269978E-004 ) fb
  sig_NLO  = (  0.50985901829092950            +-    2.7629208266727789E-004 ) fb
  sig_NNLO = (  0.51868547097632445            +-    2.8656410002530168E-004 ) fb

  mH       = 125.0000      GeV
  fact_scale 1.0
  ren_scale  1.0
  Kqq      =   0.25091753603763800            +-    2.3488113162076926E-004
  Kgq      =   -6.8393313207041811E-002       +-    1.2592842844697682E-004
  K_nlo    =    1.1825242228305963            +-    2.6650912757835988E-004
  Kqq2     =    5.5014149583631627E-002       +-    2.0666342104030616E-004
  Kgq2     =   -3.5275756861333878E-002       +-    1.3439532317959427E-004
  Kqqs     =    1.7224800285413069E-003       +-    3.4421993368219756E-006
  Kgg      =    1.0404008959731201E-003       +-    1.7582829961887023E-006
  K_nnlo   =    1.2050254964774085            +-    3.6306187883965185E-004
  sig_LO   = (  0.43202922001368183            +-    2.5546481027136406E-004 ) fb
  sig_NLO  = (  0.51088501763678784            +-    2.8021318104234130E-004 ) fb
  sig_NNLO = (  0.52060622533973455            +-    2.9977531529501634E-004 ) fb

  mH       = 125.0000      GeV
  fact_scale 1.5
  ren_scale  1.0
  Kqq      =   0.28936588166425936            +-    2.8099268617673645E-004
  Kgq      =   -9.6125763150635007E-002       +-    1.1732671195687673E-004
  K_nlo    =    1.1932401185136245            +-    3.0450360757046840E-004
  Kqq2     =    6.6844199789935263E-002       +-    2.6508834596888453E-004
  Kgq2     =   -4.8623305996803867E-002       +-    1.4948915663338139E-004
  Kqqs     =    3.0651423651170424E-003       +-    4.1735409112312330E-006
  Kgg      =    1.7411592739238211E-003       +-    2.0197658788504027E-006
  K_nnlo   =    1.2162673139457969            +-    4.3053778468428482E-004
  sig_LO   = (  0.42897269237678487            +-    2.5344805872691816E-004 ) fb
  sig_NLO  = (  0.51186742629078330            +-    2.8512887951378949E-004 ) fb
  sig_NNLO = (  0.52174546431320856            +-    3.1360154290004761E-004 ) fb

  mH       = 125.0000      GeV
  fact_scale 2.0
  ren_scale  1.0
  Kqq      =   0.31707524958996491            +-    3.1910179230445465E-004
  Kgq      =  -0.11531732233498025            +-    1.3399792915111736E-004
  K_nlo    =    1.2017579272549848            +-    3.4609449413231522E-004
  Kqq2     =    7.5156557870848170E-002       +-    3.1378930685188524E-004
  Kgq2     =   -5.8914705807728361E-002       +-    1.6824526141270032E-004
  Kqqs     =    4.4488155474087009E-003       +-    4.9177132291794397E-006
  Kgg      =    2.3334462141761086E-003       +-    2.3428075010531122E-006
  K_nnlo   =    1.2247820410796895            +-    4.9656950027313301E-004
  sig_LO   = (  0.42664716681883108            +-    2.5197506126960840E-004 ) fb
  sig_NLO  = (  0.51272661486541005            +-    2.9205303732760018E-004 ) fb
  sig_NNLO = (  0.52254978779723449            +-    3.2920522257136249E-004 ) fb

  mH       = 125.0000      GeV
  fact_scale 1.0
  ren_scale  1.5
  Kqq      =   0.23960660386195778            +-    2.2435619006910845E-004
  Kgq      =   -6.5290921769482077E-002       +-    1.2021590730650011E-004
  K_nlo    =    1.1743156820924756            +-    2.5453401421391786E-004
  Kqq2     =    6.0495623210794797E-002       +-    1.8088473352102452E-004
  Kgq2     =   -3.4978927256380070E-002       +-    1.1828289863124575E-004
  Kqqs     =    1.5700059047785973E-003       +-    3.1384802976206529E-006
  Kgg      =    9.4735444618146024E-004       +-    1.6004456615545621E-006
  K_nnlo   =    1.2023497383978503            +-    3.3393129054691279E-004
  sig_LO   = (  0.43202922001368183            +-    2.5546481027136406E-004 ) fb
  sig_NLO  = (  0.50733868818424699            +-    2.7812734384120624E-004 ) fb
  sig_NNLO = (  0.51945021966367766            +-    2.9338634383558438E-004 ) fb

  mH       = 125.0000      GeV
  fact_scale 1.5
  ren_scale  1.5
  Kqq      =   0.27632077129863875            +-    2.6839310460938199E-004
  Kgq      =   -9.1760827010630763E-002       +-    1.1202328527304273E-004
  K_nlo    =    1.1845599442880081            +-    2.9083341459541437E-004
  Kqq2     =    7.2853724534515288E-002       +-    2.2584669412681419E-004
  Kgq2     =   -4.8318058824854432E-002       +-    1.3423341262914482E-004
  Kqqs     =    2.7937357601926058E-003       +-    3.8035147676184937E-006
  Kgg      =    1.5852852962114602E-003       +-    1.8395904662346716E-006
  K_nnlo   =    1.2134746310540732            +-    3.9195314028207015E-004
  sig_LO   = (  0.42897269237678487            +-    2.5344805872691816E-004 ) fb
  sig_NLO  = (  0.50814386858292115            +-    2.8249048566465567E-004 ) fb
  sig_NNLO = (  0.52054747961419146            +-    3.0414804690431042E-004 ) fb

  mH       = 125.0000      GeV
  fact_scale 2.0
  ren_scale  1.5
  Kqq      =   0.30278069937271329            +-    3.0470862631897010E-004
  Kgq      =  -0.11007743745897977            +-    1.2793006167905168E-004
  K_nlo    =    1.1927032619137337            +-    3.3047457940725143E-004
  Kqq2     =    8.1578699009903305E-002       +-    2.6612016809457407E-004
  Kgq2     =   -5.8523375931030804E-002       +-    1.5468130546410073E-004
  Kqqs     =    4.0546401842176116E-003       +-    4.4809365237674129E-006
  Kgg      =    2.1244419304182272E-003       +-    2.1334343276232628E-006
  K_nnlo   =    1.2219376671072419            +-    4.5164624220214966E-004
  sig_LO   = (  0.42664716681883108            +-    2.5197506126960840E-004 ) fb
  sig_NLO  = (  0.50886346755107270            +-    2.8874091439598542E-004 ) fb
  sig_NNLO = (  0.52133624370051668            +-    3.1721010543508900E-004 ) fb

  mH       = 125.0000      GeV
  fact_scale 1.0
  ren_scale  2.0
  Kqq      =   0.23219176330491034            +-    2.1745489044866373E-004
  Kgq      =   -6.3258128778053549E-002       +-    1.1647328083774955E-004
  K_nlo    =    1.1689336345268568            +-    2.4668330816889419E-004
  Kqq2     =    6.3702474553211985E-002       +-    1.7735603684933103E-004
  Kgq2     =   -3.4737867036585005E-002       +-    1.1004536357777072E-004
  Kqqs     =    1.4739243668672275E-003       +-    2.9470122352816049E-006
  Kgg      =    8.8879298329246309E-004       +-    1.5011600942622761E-006
  K_nnlo   =    1.2002609593936435            +-    3.2315435745748210E-004
  sig_LO   = (  0.43202922001368183            +-    2.5546481027136406E-004 ) fb
  sig_NLO  = (  0.50501348637239607            +-    2.7680385009875208E-004 ) fb
  sig_NNLO = (  0.51854780609970907            +-    2.9112508434174554E-004 ) fb

  mH       = 125.0000      GeV
  fact_scale 1.5
  ren_scale  2.0
  Kqq      =   0.26776911042651158            +-    2.6013093389953184E-004
  Kgq      =   -8.8901011254630749E-002       +-    1.0854777393573416E-004
  K_nlo    =    1.1788680991718810            +-    2.8187004452024668E-004
  Kqq2     =    7.6374044351811346E-002       +-    2.1587586184390039E-004
  Kgq2     =   -4.8040378838586001E-002       +-    1.2771496607220795E-004
  Kqqs     =    2.6227148251768357E-003       +-    3.5703999737258699E-006
  Kgg      =    1.4871934879875043E-003       +-    1.7261669601596611E-006
  K_nnlo   =    1.2113116729982705            +-    3.7733267774188944E-004
  sig_LO   = (  0.42897269237678487            +-    2.5344805872691816E-004 ) fb
  sig_NLO  = (  0.50570222245886431            +-    2.8081354549449596E-004 ) fb
  sig_NNLO = (  0.51961962967349573            +-    3.0072633896297918E-004 ) fb

  mH       = 125.0000      GeV
  fact_scale 2.0
  ren_scale  2.0
  Kqq      =   0.29341001295993058            +-    2.9527444111385729E-004
  Kgq      =  -0.10664455384954244            +-    1.2395418017841040E-004
  K_nlo    =    1.1867654591103882            +-    3.2023684103925739E-004
  Kqq2     =    8.5319678080812825E-002       +-    2.4808554865606773E-004
  Kgq2     =   -5.8170986928396416E-002       +-    1.4899935279184080E-004
  Kqqs     =    3.8062782149655928E-003       +-    4.2058366856009898E-006
  Kgg      =    1.9929234380538837E-003       +-    2.0016573345965054E-006
  K_nnlo   =    1.2197133519158239            +-    4.3164867269283164E-004
  sig_LO   = (  0.42664716681883108            +-    2.5197506126960840E-004 ) fb
  sig_NLO  = (  0.50633012080789641            +-    2.8663335534905189E-004 ) fb
  sig_NNLO = (  0.52038724592598617            +-    3.1210087645664706E-004 ) fb

  pp ---> HHW+ + X
  ===============

  PDFSET = PDF4LHC21_40                                NSET =   1
  Sqrt(S)  = 14.0 TeV
  LOOP     = 3
  alphaS(MZ) =   0.11800
          kl =   1.00000
          kv =   1.00000
         k2v =   1.00000
         kth =   1.00000
         kbh =   1.00000
        cHsq =   0.50000
       chdup =   0.00000
         cHw =   0.00000
          cH =   0.00000
         cHb =   0.00000
        cHwb =   0.00000
      cHq1st =   0.00000
      cHq3st =   0.00000
      cHq1rd =   0.00000
      cHq3rd =   0.00000
       cHdst =   0.00000
       cHust =   0.00000
       cHdrd =   0.00000
       cHurd =   0.00000
         cth =   0.00000
         cbh =   0.00000
 --------------

  mH       = 125.0000      GeV
  fact_scale 1.0
  ren_scale  1.0
  Kqq      =   0.25101350696150643            +-    2.3548238391529354E-004
  Kgq      =   -6.8409207071429529E-002       +-    1.2602807224080856E-004
  K_nlo    =    1.1826042998900770            +-    2.6708618108611337E-004
  Kqq2     =    5.5053089831724369E-002       +-    2.0710332637259650E-004
  Kgq2     =   -3.5285655398656225E-002       +-    1.3449950792588931E-004
  Kqqs     =    1.7229699067777512E-003       +-    3.4439719611444829E-006
  Kgg      =    1.0402612739985751E-003       +-    1.7573656045642060E-006
  K_nnlo   =    1.2051349655039214            +-    3.6377449447535761E-004
  sig_LO   = (  0.43218067732471310            +-    2.5655498594242957E-004 ) fb
  sig_NLO  = (  0.51109872733361150            +-    2.8132619358895241E-004 ) fb
  sig_NNLO = (  0.52083604565917940            +-    3.0089438035527409E-004 ) fb

  pp ---> HHW+ + X
  ===============

  PDFSET = PDF4LHC21_40                                NSET =   2
  Sqrt(S)  = 14.0 TeV
  LOOP     = 3
  alphaS(MZ) =   0.11800
          kl =   1.00000
          kv =   1.00000
         k2v =   1.00000
         kth =   1.00000
         kbh =   1.00000
        cHsq =   0.50000
       chdup =   0.00000
         cHw =   0.00000
          cH =   0.00000
         cHb =   0.00000
        cHwb =   0.00000
      cHq1st =   0.00000
      cHq3st =   0.00000
      cHq1rd =   0.00000
      cHq3rd =   0.00000
       cHdst =   0.00000
       cHust =   0.00000
       cHdrd =   0.00000
       cHurd =   0.00000
         cth =   0.00000
         cbh =   0.00000
 --------------

  mH       = 125.0000      GeV
  fact_scale 1.0
  ren_scale  1.0
  Kqq      =   0.25092584035522880            +-    2.3452963327747251E-004
  Kgq      =   -6.8332431272822930E-002       +-    1.2569182922180972E-004
  K_nlo    =    1.1825934090824060            +-    2.6608755103986042E-004
  Kqq2     =    5.5021582955228444E-002       +-    2.0642932230156361E-004
  Kgq2     =   -3.5244585818852162E-002       +-    1.3409169471313622E-004
  Kqqs     =    1.7297348162659217E-003       +-    3.4532872196987708E-006
  Kgg      =    1.0383002791750566E-003       +-    1.7472654830104660E-006
  K_nnlo   =    1.2051384413142232            +-    3.6250684220384580E-004
  sig_LO   = (  0.43118941310641384            +-    2.5448426832288759E-004 ) fb
  sig_NLO  = (  0.50992175800575579            +-    2.7915258291952966E-004 ) fb
  sig_NNLO = (  0.51964293722225829            +-    2.9865495389482465E-004 ) fb

  pp ---> HHW+ + X
  ===============

  PDFSET = PDF4LHC21_40                                NSET =   3
  Sqrt(S)  = 14.0 TeV
  LOOP     = 3
  alphaS(MZ) =   0.11800
          kl =   1.00000
          kv =   1.00000
         k2v =   1.00000
         kth =   1.00000
         kbh =   1.00000
        cHsq =   0.50000
       chdup =   0.00000
         cHw =   0.00000
          cH =   0.00000
         cHb =   0.00000
        cHwb =   0.00000
      cHq1st =   0.00000
      cHq3st =   0.00000
      cHq1rd =   0.00000
      cHq3rd =   0.00000
       cHdst =   0.00000
       cHust =   0.00000
       cHdrd =   0.00000
       cHurd =   0.00000
         cth =   0.00000
         cbh =   0.00000
 --------------

  mH       = 125.0000      GeV
  fact_scale 1.0
  ren_scale  1.0
  Kqq      =   0.25082569333752230            +-    2.3320655223327052E-004
  Kgq      =   -6.8168566297323305E-002       +-    1.2558126469622866E-004
  K_nlo    =    1.1826571270401991            +-    2.6486968502875783E-004
  Kqq2     =    5.4976063615287389E-002       +-    2.0543477144911300E-004
  Kgq2     =   -3.5159374041909879E-002       +-    1.3399449836903014E-004
  Kqqs     =    1.7197812360860178E-003       +-    3.4323247930968741E-006
  Kgg      =    1.0360945157226839E-003       +-    1.7498196118476240E-006
  K_nnlo   =    1.2052296923653854            +-    3.6101075286327692E-004
  sig_LO   = (  0.43265343522200883            +-    2.5347276993571385E-004 ) fb
  sig_NLO  = (  0.51168066870373374            +-    2.7817416645359961E-004 ) fb
  sig_NNLO = (  0.52144676663344880            +-    2.9773235530171301E-004 ) fb

  pp ---> HHW+ + X
  ===============

  PDFSET = PDF4LHC21_40                                NSET =   4
  Sqrt(S)  = 14.0 TeV
  LOOP     = 3
  alphaS(MZ) =   0.11800
          kl =   1.00000
          kv =   1.00000
         k2v =   1.00000
         kth =   1.00000
         kbh =   1.00000
        cHsq =   0.50000
       chdup =   0.00000
         cHw =   0.00000
          cH =   0.00000
         cHb =   0.00000
        cHwb =   0.00000
      cHq1st =   0.00000
      cHq3st =   0.00000
      cHq1rd =   0.00000
      cHq3rd =   0.00000
       cHdst =   0.00000
       cHust =   0.00000
       cHdrd =   0.00000
       cHurd =   0.00000
         cth =   0.00000
         cbh =   0.00000
 --------------

  mH       = 125.0000      GeV
  fact_scale 1.0
  ren_scale  1.0
  Kqq      =   0.25134644995716493            +-    2.3516442213723606E-004
  Kgq      =   -6.9083478267405504E-002       +-    1.2732430087613022E-004
  K_nlo    =    1.1822629716897595            +-    2.6742061071042281E-004
  Kqq2     =    5.5182492575157213E-002       +-    2.0672394317386908E-004
  Kgq2     =   -3.5630850841103984E-002       +-    1.3592097893725487E-004
  Kqqs     =    1.7366236532693569E-003       +-    3.4721430996037460E-006
  Kgg      =    1.0558822015339410E-003       +-    1.7895342435948194E-006
  K_nnlo   =    1.2046071192786159            +-    3.6433273588831316E-004
  sig_LO   = (  0.42678201413464661            +-    2.5240657079923426E-004 ) fb
  sig_NLO  = (  0.50456857229456820            +-    2.7701047620372061E-004 ) fb
  sig_NNLO = (  0.51410465260666216            +-    2.9645644194110525E-004 ) fb

  pp ---> HHW+ + X
  ===============

  PDFSET = PDF4LHC21_40                                NSET =   5
  Sqrt(S)  = 14.0 TeV
  LOOP     = 3
  alphaS(MZ) =   0.11800
          kl =   1.00000
          kv =   1.00000
         k2v =   1.00000
         kth =   1.00000
         kbh =   1.00000
        cHsq =   0.50000
       chdup =   0.00000
         cHw =   0.00000
          cH =   0.00000
         cHb =   0.00000
        cHwb =   0.00000
      cHq1st =   0.00000
      cHq3st =   0.00000
      cHq1rd =   0.00000
      cHq3rd =   0.00000
       cHdst =   0.00000
       cHust =   0.00000
       cHdrd =   0.00000
       cHurd =   0.00000
         cth =   0.00000
         cbh =   0.00000
 --------------

  mH       = 125.0000      GeV
  fact_scale 1.0
  ren_scale  1.0
  Kqq      =   0.25095919100921638            +-    2.3486894618137625E-004
  Kgq      =   -6.8234548138597181E-002       +-    1.2561082269894934E-004
  K_nlo    =    1.1827246428706193            +-    2.6634845721245899E-004
  Kqq2     =    5.5029344195246993E-002       +-    2.0665736854313897E-004
  Kgq2     =   -3.5192679806342060E-002       +-    1.3400334324214298E-004
  Kqqs     =    1.7199314545905239E-003       +-    3.4382792661729698E-006
  Kgg      =    1.0342323656275104E-003       +-    1.7482485765657361E-006
  K_nnlo   =    1.2053154710797425            +-    3.6279545582890247E-004
  sig_LO   = (  0.43192861108843739            +-    2.5540479148034896E-004 ) fb
  sig_NLO  = (  0.51085261229517465            +-    2.8011893691534895E-004 ) fb
  sig_NNLO = (  0.52061023734687861            +-    2.9964485978935002E-004 ) fb

  pp ---> HHW+ + X
  ===============

  PDFSET = PDF4LHC21_40                                NSET =   6
  Sqrt(S)  = 14.0 TeV
  LOOP     = 3
  alphaS(MZ) =   0.11800
          kl =   1.00000
          kv =   1.00000
         k2v =   1.00000
         kth =   1.00000
         kbh =   1.00000
        cHsq =   0.50000
       chdup =   0.00000
         cHw =   0.00000
          cH =   0.00000
         cHb =   0.00000
        cHwb =   0.00000
      cHq1st =   0.00000
      cHq3st =   0.00000
      cHq1rd =   0.00000
      cHq3rd =   0.00000
       cHdst =   0.00000
       cHust =   0.00000
       cHdrd =   0.00000
       cHurd =   0.00000
         cth =   0.00000
         cbh =   0.00000
 --------------

  mH       = 125.0000      GeV
  fact_scale 1.0
  ren_scale  1.0
  Kqq      =   0.25101320543788458            +-    2.3416542864942240E-004
  Kgq      =   -6.8325218429353435E-002       +-    1.2579805991911361E-004
  K_nlo    =    1.1826879870085312            +-    2.6581685396900742E-004
  Kqq2     =    5.5054018837969530E-002       +-    2.0613518833039035E-004
  Kgq2     =   -3.5243620089488968E-002       +-    1.3427403798519535E-004
  Kqqs     =    1.7196402118138802E-003       +-    3.4297162871096038E-006
  Kgg      =    1.0449407377466759E-003       +-    1.7677647253657460E-006
  K_nnlo   =    1.2052629667065722            +-    3.6220811827562631E-004
  sig_LO   = (  0.43159668814834640            +-    2.5388907780823526E-004 ) fb
  sig_NLO  = (  0.51044421830571662            +-    2.7860661166846640E-004 ) fb
  sig_NNLO = (  0.52018750477840736            +-    2.9815776439788864E-004 ) fb

  pp ---> HHW+ + X
  ===============

  PDFSET = PDF4LHC21_40                                NSET =   7
  Sqrt(S)  = 14.0 TeV
  LOOP     = 3
  alphaS(MZ) =   0.11800
          kl =   1.00000
          kv =   1.00000
         k2v =   1.00000
         kth =   1.00000
         kbh =   1.00000
        cHsq =   0.50000
       chdup =   0.00000
         cHw =   0.00000
          cH =   0.00000
         cHb =   0.00000
        cHwb =   0.00000
      cHq1st =   0.00000
      cHq3st =   0.00000
      cHq1rd =   0.00000
      cHq3rd =   0.00000
       cHdst =   0.00000
       cHust =   0.00000
       cHdrd =   0.00000
       cHurd =   0.00000
         cth =   0.00000
         cbh =   0.00000
 --------------

  mH       = 125.0000      GeV
  fact_scale 1.0
  ren_scale  1.0
  Kqq      =   0.25097213862362622            +-    2.3454571193956214E-004
  Kgq      =   -6.8169413596995757E-002       +-    1.2562914686834804E-004
  K_nlo    =    1.1828027250266306            +-    2.6607212092232631E-004
  Kqq2     =    5.5035669664822116E-002       +-    2.0633359249617596E-004
  Kgq2     =   -3.5160227904521113E-002       +-    1.3400620082601024E-004
  Kqqs     =    1.7186551747410846E-003       +-    3.4352961657381396E-006
  Kgg      =    1.0340391254048782E-003       +-    1.7451737202511152E-006
  K_nnlo   =    1.2054308610870776            +-    3.6240920749253076E-004
  sig_LO   = (  0.43228497525841392            +-    2.5473674706234654E-004 ) fb
  sig_NLO  = (  0.51130784672372143            +-    2.7949986782183355E-004 ) fb
  sig_NNLO = (  0.52108964996075580            +-    2.9905590869462985E-004 ) fb

  pp ---> HHW+ + X
  ===============

  PDFSET = PDF4LHC21_40                                NSET =   8
  Sqrt(S)  = 14.0 TeV
  LOOP     = 3
  alphaS(MZ) =   0.11800
          kl =   1.00000
          kv =   1.00000
         k2v =   1.00000
         kth =   1.00000
         kbh =   1.00000
        cHsq =   0.50000
       chdup =   0.00000
         cHw =   0.00000
          cH =   0.00000
         cHb =   0.00000
        cHwb =   0.00000
      cHq1st =   0.00000
      cHq3st =   0.00000
      cHq1rd =   0.00000
      cHq3rd =   0.00000
       cHdst =   0.00000
       cHust =   0.00000
       cHdrd =   0.00000
       cHurd =   0.00000
         cth =   0.00000
         cbh =   0.00000
 --------------

  mH       = 125.0000      GeV
  fact_scale 1.0
  ren_scale  1.0
  Kqq      =   0.25077814989143427            +-    2.3492293270177599E-004
  Kgq      =   -6.8021206673509790E-002       +-    1.2562303619916723E-004
  K_nlo    =    1.1827569432179246            +-    2.6640182344177086E-004
  Kqq2     =    5.4956982882669890E-002       +-    2.0673390333856637E-004
  Kgq2     =   -3.5078913511297528E-002       +-    1.3416126499123809E-004
  Kqqs     =    1.7223778741717170E-003       +-    3.4438176621564629E-006
  Kgg      =    1.0411051057786201E-003       +-    1.7689081464221566E-006
  K_nnlo   =    1.2053984955692474            +-    3.6293673314073628E-004
  sig_LO   = (  0.43188190761497947            +-    2.5555179730623532E-004 ) fb
  sig_NLO  = (  0.51081132488181924            +-    2.8025733426136686E-004 ) fb
  sig_NNLO = (  0.52058980170267299            +-    2.9979321145838598E-004 ) fb

  pp ---> HHW+ + X
  ===============

  PDFSET = PDF4LHC21_40                                NSET =   9
  Sqrt(S)  = 14.0 TeV
  LOOP     = 3
  alphaS(MZ) =   0.11800
          kl =   1.00000
          kv =   1.00000
         k2v =   1.00000
         kth =   1.00000
         kbh =   1.00000
        cHsq =   0.50000
       chdup =   0.00000
         cHw =   0.00000
          cH =   0.00000
         cHb =   0.00000
        cHwb =   0.00000
      cHq1st =   0.00000
      cHq3st =   0.00000
      cHq1rd =   0.00000
      cHq3rd =   0.00000
       cHdst =   0.00000
       cHust =   0.00000
       cHdrd =   0.00000
       cHurd =   0.00000
         cth =   0.00000
         cbh =   0.00000
 --------------

  mH       = 125.0000      GeV
  fact_scale 1.0
  ren_scale  1.0
  Kqq      =   0.25099263436127500            +-    2.3429183910837601E-004
  Kgq      =   -6.8334287261308635E-002       +-    1.2579683594449211E-004
  K_nlo    =    1.1826583470999663            +-    2.6592764017008578E-004
  Kqq2     =    5.5042513903873498E-002       +-    2.0624901594104672E-004
  Kgq2     =   -3.5246343786391264E-002       +-    1.3428019374105201E-004
  Kqqs     =    1.7234958109057859E-003       +-    3.4386573609736636E-006
  Kgg      =    1.0398121077425902E-003       +-    1.7570262240633480E-006
  K_nnlo   =    1.2052178251360970            +-    3.6235652101185295E-004
  sig_LO   = (  0.43348964156846248            +-    2.5533153192478024E-004 ) fb
  sig_NLO  = (  0.51267014298231472            +-    2.8014808523863031E-004 ) fb
  sig_NNLO = (  0.52244944303016860            +-    2.9977929539823643E-004 ) fb

  pp ---> HHW+ + X
  ===============

  PDFSET = PDF4LHC21_40                                NSET =  10
  Sqrt(S)  = 14.0 TeV
  LOOP     = 3
  alphaS(MZ) =   0.11800
          kl =   1.00000
          kv =   1.00000
         k2v =   1.00000
         kth =   1.00000
         kbh =   1.00000
        cHsq =   0.50000
       chdup =   0.00000
         cHw =   0.00000
          cH =   0.00000
         cHb =   0.00000
        cHwb =   0.00000
      cHq1st =   0.00000
      cHq3st =   0.00000
      cHq1rd =   0.00000
      cHq3rd =   0.00000
       cHdst =   0.00000
       cHust =   0.00000
       cHdrd =   0.00000
       cHurd =   0.00000
         cth =   0.00000
         cbh =   0.00000
 --------------

  mH       = 125.0000      GeV
  fact_scale 1.0
  ren_scale  1.0
  Kqq      =   0.25093905969881825            +-    2.3519502029316027E-004
  Kgq      =   -6.8243859302618864E-002       +-    1.2569990319949038E-004
  K_nlo    =    1.1826952003961992            +-    2.6667801415763791E-004
  Kqq2     =    5.5021713115138218E-002       +-    2.0684089476816656E-004
  Kgq2     =   -3.5203466114770057E-002       +-    1.3416405939972641E-004
  Kqqs     =    1.7225566394478812E-003       +-    3.4444976181812272E-006
  Kgg      =    1.0351989849326428E-003       +-    1.7554791442181177E-006
  K_nnlo   =    1.2052712030209480            +-    3.6320140430488130E-004
  sig_LO   = (  0.43148588572029090            +-    2.5550786248360003E-004 ) fb
  sig_NLO  = (  0.51031628608009105            +-    2.8022288662790770E-004 ) fb
  sig_NNLO = (  0.52005751256865440            +-    2.9974032109882754E-004 ) fb

  pp ---> HHW+ + X
  ===============

  PDFSET = PDF4LHC21_40                                NSET =  11
  Sqrt(S)  = 14.0 TeV
  LOOP     = 3
  alphaS(MZ) =   0.11800
          kl =   1.00000
          kv =   1.00000
         k2v =   1.00000
         kth =   1.00000
         kbh =   1.00000
        cHsq =   0.50000
       chdup =   0.00000
         cHw =   0.00000
          cH =   0.00000
         cHb =   0.00000
        cHwb =   0.00000
      cHq1st =   0.00000
      cHq3st =   0.00000
      cHq1rd =   0.00000
      cHq3rd =   0.00000
       cHdst =   0.00000
       cHust =   0.00000
       cHdrd =   0.00000
       cHurd =   0.00000
         cth =   0.00000
         cbh =   0.00000
 --------------

  mH       = 125.0000      GeV
  fact_scale 1.0
  ren_scale  1.0
  Kqq      =   0.25073212562444053            +-    2.3460802838090827E-004
  Kgq      =   -6.8301120806533694E-002       +-    1.2576903325179511E-004
  K_nlo    =    1.1824310048179070            +-    2.6619311919331837E-004
  Kqq2     =    5.4938817963175450E-002       +-    2.0652781680605730E-004
  Kgq2     =   -3.5229524054987513E-002       +-    1.3423208776392991E-004
  Kqqs     =    1.7207947951548824E-003       +-    3.4379628312897161E-006
  Kgg      =    1.0378860990823736E-003       +-    1.7543160747745961E-006
  K_nnlo   =    1.2048989796203320            +-    3.6269224753132992E-004
  sig_LO   = (  0.43312884260730028            +-    2.5586256778501110E-004 ) fb
  sig_NLO  = (  0.51214497257976710            +-    2.8063998684224172E-004 ) fb
  sig_NNLO = (  0.52187650050167156            +-    3.0023940246272867E-004 ) fb

  pp ---> HHW+ + X
  ===============

  PDFSET = PDF4LHC21_40                                NSET =  12
  Sqrt(S)  = 14.0 TeV
  LOOP     = 3
  alphaS(MZ) =   0.11800
          kl =   1.00000
          kv =   1.00000
         k2v =   1.00000
         kth =   1.00000
         kbh =   1.00000
        cHsq =   0.50000
       chdup =   0.00000
         cHw =   0.00000
          cH =   0.00000
         cHb =   0.00000
        cHwb =   0.00000
      cHq1st =   0.00000
      cHq3st =   0.00000
      cHq1rd =   0.00000
      cHq3rd =   0.00000
       cHdst =   0.00000
       cHust =   0.00000
       cHdrd =   0.00000
       cHurd =   0.00000
         cth =   0.00000
         cbh =   0.00000
 --------------

  mH       = 125.0000      GeV
  fact_scale 1.0
  ren_scale  1.0
  Kqq      =   0.25075587608179833            +-    2.3444677760465517E-004
  Kgq      =   -6.8321526583938863E-002       +-    1.2576261083454938E-004
  K_nlo    =    1.1824343494978593            +-    2.6604797652515414E-004
  Kqq2     =    5.4952580104426642E-002       +-    2.0633249422717431E-004
  Kgq2     =   -3.5238798861404783E-002       +-    1.3424759350534713E-004
  Kqqs     =    1.7212380354117986E-003       +-    3.4350729874702400E-006
  Kgg      =    1.0392507015235565E-003       +-    1.7562637267919298E-006
  K_nnlo   =    1.2049086194778167            +-    3.6248024020326969E-004
  sig_LO   = (  0.43433499552057875            +-    2.5600065749346960E-004 ) fb
  sig_NLO  = (  0.51357261789253117            +-    2.8087194810670998E-004 ) fb
  sig_NNLO = (  0.52333397984360408            +-    3.0053787507291986E-004 ) fb

  pp ---> HHW+ + X
  ===============

  PDFSET = PDF4LHC21_40                                NSET =  13
  Sqrt(S)  = 14.0 TeV
  LOOP     = 3
  alphaS(MZ) =   0.11800
          kl =   1.00000
          kv =   1.00000
         k2v =   1.00000
         kth =   1.00000
         kbh =   1.00000
        cHsq =   0.50000
       chdup =   0.00000
         cHw =   0.00000
          cH =   0.00000
         cHb =   0.00000
        cHwb =   0.00000
      cHq1st =   0.00000
      cHq3st =   0.00000
      cHq1rd =   0.00000
      cHq3rd =   0.00000
       cHdst =   0.00000
       cHust =   0.00000
       cHdrd =   0.00000
       cHurd =   0.00000
         cth =   0.00000
         cbh =   0.00000
 --------------

  mH       = 125.0000      GeV
  fact_scale 1.0
  ren_scale  1.0
  Kqq      =   0.25097227230658786            +-    2.3492320980939189E-004
  Kgq      =   -6.8364438360089624E-002       +-    1.2586310555614421E-004
  K_nlo    =    1.1826078339464983            +-    2.6651535762012789E-004
  Kqq2     =    5.5030772804491812E-002       +-    2.0670829058400833E-004
  Kgq2     =   -3.5261274795589048E-002       +-    1.3431148904950022E-004
  Kqqs     =    1.7198920973623302E-003       +-    3.4374826841300581E-006
  Kgg      =    1.0367446610084455E-003       +-    1.7514736769995850E-006
  K_nnlo   =    1.2051339687137719            +-    3.6306089472908868E-004
  sig_LO   = (  0.43171153640057019            +-    2.5540723370962124E-004 ) fb
  sig_NLO  = (  0.51054544495239318            +-    2.8012701030901565E-004 ) fb
  sig_NNLO = (  0.52027023720193921            +-    2.9966568534239884E-004 ) fb

  pp ---> HHW+ + X
  ===============

  PDFSET = PDF4LHC21_40                                NSET =  14
  Sqrt(S)  = 14.0 TeV
  LOOP     = 3
  alphaS(MZ) =   0.11800
          kl =   1.00000
          kv =   1.00000
         k2v =   1.00000
         kth =   1.00000
         kbh =   1.00000
        cHsq =   0.50000
       chdup =   0.00000
         cHw =   0.00000
          cH =   0.00000
         cHb =   0.00000
        cHwb =   0.00000
      cHq1st =   0.00000
      cHq3st =   0.00000
      cHq1rd =   0.00000
      cHq3rd =   0.00000
       cHdst =   0.00000
       cHust =   0.00000
       cHdrd =   0.00000
       cHurd =   0.00000
         cth =   0.00000
         cbh =   0.00000
 --------------

  mH       = 125.0000      GeV
  fact_scale 1.0
  ren_scale  1.0
  Kqq      =   0.25093974329530222            +-    2.3420737227398302E-004
  Kgq      =   -6.8203420142982904E-002       +-    1.2559756619676257E-004
  K_nlo    =    1.1827363231523194            +-    2.6575899206242152E-004
  Kqq2     =    5.5023975306537076E-002       +-    2.0611966321156921E-004
  Kgq2     =   -3.5178372893032855E-002       +-    1.3402539193385990E-004
  Kqqs     =    1.7206007742015643E-003       +-    3.4337049645968673E-006
  Kgg      =    1.0350135269098274E-003       +-    1.7474833697513435E-006
  K_nnlo   =    1.2053375398669353            +-    3.6206464496747146E-004
  sig_LO   = (  0.43300636235299711            +-    2.5468594070439485E-004 ) fb
  sig_NLO  = (  0.51213235291094461            +-    2.7947676286827996E-004 ) fb
  sig_NNLO = (  0.52191882354529207            +-    2.9907145470711352E-004 ) fb

  pp ---> HHW+ + X
  ===============

  PDFSET = PDF4LHC21_40                                NSET =  15
  Sqrt(S)  = 14.0 TeV
  LOOP     = 3
  alphaS(MZ) =   0.11800
          kl =   1.00000
          kv =   1.00000
         k2v =   1.00000
         kth =   1.00000
         kbh =   1.00000
        cHsq =   0.50000
       chdup =   0.00000
         cHw =   0.00000
          cH =   0.00000
         cHb =   0.00000
        cHwb =   0.00000
      cHq1st =   0.00000
      cHq3st =   0.00000
      cHq1rd =   0.00000
      cHq3rd =   0.00000
       cHdst =   0.00000
       cHust =   0.00000
       cHdrd =   0.00000
       cHurd =   0.00000
         cth =   0.00000
         cbh =   0.00000
 --------------

  mH       = 125.0000      GeV
  fact_scale 1.0
  ren_scale  1.0
  Kqq      =   0.25096404438053582            +-    2.3455526997791213E-004
  Kgq      =   -6.8215793492442819E-002       +-    1.2548953799871958E-004
  K_nlo    =    1.1827482508880931            +-    2.6601465903506775E-004
  Kqq2     =    5.5033499369828404E-002       +-    2.0644945229213543E-004
  Kgq2     =   -3.5193659259677601E-002       +-    1.3389440791709348E-004
  Kqqs     =    1.7192590905837054E-003       +-    3.4343245913066465E-006
  Kgg      =    1.0318401666511222E-003       +-    1.7406781212234867E-006
  K_nnlo   =    1.2053391902554789            +-    3.6239165579584644E-004
  sig_LO   = (  0.43230991014108222            +-    2.5510965881918101E-004 ) fb
  sig_NLO  = (  0.51131379006095357            +-    2.7983229958759045E-004 ) fb
  sig_NNLO = (  0.52108007702887071            +-    2.9937437801913920E-004 ) fb

  pp ---> HHW+ + X
  ===============

  PDFSET = PDF4LHC21_40                                NSET =  16
  Sqrt(S)  = 14.0 TeV
  LOOP     = 3
  alphaS(MZ) =   0.11800
          kl =   1.00000
          kv =   1.00000
         k2v =   1.00000
         kth =   1.00000
         kbh =   1.00000
        cHsq =   0.50000
       chdup =   0.00000
         cHw =   0.00000
          cH =   0.00000
         cHb =   0.00000
        cHwb =   0.00000
      cHq1st =   0.00000
      cHq3st =   0.00000
      cHq1rd =   0.00000
      cHq3rd =   0.00000
       cHdst =   0.00000
       cHust =   0.00000
       cHdrd =   0.00000
       cHurd =   0.00000
         cth =   0.00000
         cbh =   0.00000
 --------------

  mH       = 125.0000      GeV
  fact_scale 1.0
  ren_scale  1.0
  Kqq      =   0.25074366953526911            +-    2.3489932325890855E-004
  Kgq      =   -6.8405233764524218E-002       +-    1.2599620351274381E-004
  K_nlo    =    1.1823384357707449            +-    2.6655718967440731E-004
  Kqq2     =    5.4944153337122263E-002       +-    2.0666793493088822E-004
  Kgq2     =   -3.5280914448459273E-002       +-    1.3448419773536563E-004
  Kqqs     =    1.7159280248179303E-003       +-    3.4292895405854041E-006
  Kgg      =    1.0405122017445472E-003       +-    1.7615096180636547E-006
  K_nnlo   =    1.2047581148859703            +-    3.6313252825811190E-004
  sig_LO   = (  0.43318349193146610            +-    2.5626627495822145E-004 ) fb
  sig_NLO  = (  0.51216949225195874            +-    2.8107881979840281E-004 ) fb
  sig_NNLO = (  0.52188132713907509            +-    3.0069360272578024E-004 ) fb

  pp ---> HHW+ + X
  ===============

  PDFSET = PDF4LHC21_40                                NSET =  17
  Sqrt(S)  = 14.0 TeV
  LOOP     = 3
  alphaS(MZ) =   0.11800
          kl =   1.00000
          kv =   1.00000
         k2v =   1.00000
         kth =   1.00000
         kbh =   1.00000
        cHsq =   0.50000
       chdup =   0.00000
         cHw =   0.00000
          cH =   0.00000
         cHb =   0.00000
        cHwb =   0.00000
      cHq1st =   0.00000
      cHq3st =   0.00000
      cHq1rd =   0.00000
      cHq3rd =   0.00000
       cHdst =   0.00000
       cHust =   0.00000
       cHdrd =   0.00000
       cHurd =   0.00000
         cth =   0.00000
         cbh =   0.00000
 --------------

  mH       = 125.0000      GeV
  fact_scale 1.0
  ren_scale  1.0
  Kqq      =   0.25120230340822580            +-    2.3465081220257550E-004
  Kgq      =   -6.7985453467013388E-002       +-    1.2516177655614501E-004
  K_nlo    =    1.1832168499412123            +-    2.6594449416752119E-004
  Kqq2     =    5.5120102401925157E-002       +-    2.0642471697709288E-004
  Kgq2     =   -3.5065097917883759E-002       +-    1.3356716617233722E-004
  Kqqs     =    1.7143069899543016E-003       +-    3.4240477692159647E-006
  Kgg      =    1.0335157559652609E-003       +-    1.7452810027919830E-006
  K_nnlo   =    1.2060196771711735            +-    3.6220518459197261E-004
  sig_LO   = (  0.43417505587659599            +-    2.5626992929219441E-004 ) fb
  sig_NLO  = (  0.51372324193735586            +-    2.8108144965668854E-004 ) fb
  sig_NNLO = (  0.52362366072406852            +-    3.0067445478826278E-004 ) fb

  pp ---> HHW+ + X
  ===============

  PDFSET = PDF4LHC21_40                                NSET =  18
  Sqrt(S)  = 14.0 TeV
  LOOP     = 3
  alphaS(MZ) =   0.11800
          kl =   1.00000
          kv =   1.00000
         k2v =   1.00000
         kth =   1.00000
         kbh =   1.00000
        cHsq =   0.50000
       chdup =   0.00000
         cHw =   0.00000
          cH =   0.00000
         cHb =   0.00000
        cHwb =   0.00000
      cHq1st =   0.00000
      cHq3st =   0.00000
      cHq1rd =   0.00000
      cHq3rd =   0.00000
       cHdst =   0.00000
       cHust =   0.00000
       cHdrd =   0.00000
       cHurd =   0.00000
         cth =   0.00000
         cbh =   0.00000
 --------------

  mH       = 125.0000      GeV
  fact_scale 1.0
  ren_scale  1.0
  Kqq      =   0.25084982873788847            +-    2.3442213413733815E-004
  Kgq      =   -6.8061359266478161E-002       +-    1.2523180062975692E-004
  K_nlo    =    1.1827884694714101            +-    2.6577573414906662E-004
  Kqq2     =    5.4984380350473976E-002       +-    2.0641604889974153E-004
  Kgq2     =   -3.5104645879208286E-002       +-    1.3361484031898849E-004
  Kqqs     =    1.7191951780179547E-003       +-    3.4339455775521155E-006
  Kgg      =    1.0291984286438639E-003       +-    1.7359487930278285E-006
  K_nnlo   =    1.2054165975493376            +-    3.6209398940021938E-004
  sig_LO   = (  0.43471641479873108            +-    2.5648334320084139E-004 ) fb
  sig_NLO  = (  0.51417756291388983            +-    2.8130503172699102E-004 ) fb
  sig_NNLO = (  0.52401438162553293            +-    3.0093362565125593E-004 ) fb

  pp ---> HHW+ + X
  ===============

  PDFSET = PDF4LHC21_40                                NSET =  19
  Sqrt(S)  = 14.0 TeV
  LOOP     = 3
  alphaS(MZ) =   0.11800
          kl =   1.00000
          kv =   1.00000
         k2v =   1.00000
         kth =   1.00000
         kbh =   1.00000
        cHsq =   0.50000
       chdup =   0.00000
         cHw =   0.00000
          cH =   0.00000
         cHb =   0.00000
        cHwb =   0.00000
      cHq1st =   0.00000
      cHq3st =   0.00000
      cHq1rd =   0.00000
      cHq3rd =   0.00000
       cHdst =   0.00000
       cHust =   0.00000
       cHdrd =   0.00000
       cHurd =   0.00000
         cth =   0.00000
         cbh =   0.00000
 --------------

  mH       = 125.0000      GeV
  fact_scale 1.0
  ren_scale  1.0
  Kqq      =   0.25119347128582831            +-    2.3475073444777401E-004
  Kgq      =   -6.8819190965576177E-002       +-    1.2674307854788444E-004
  K_nlo    =    1.1823742803202522            +-    2.6678027528954332E-004
  Kqq2     =    5.5120785207269610E-002       +-    2.0657176063457023E-004
  Kgq2     =   -3.5494580647097485E-002       +-    1.3528110372949302E-004
  Kqqs     =    1.7291068189423462E-003       +-    3.4553381457364430E-006
  Kgg      =    1.0481403941054283E-003       +-    1.7740012497749306E-006
  K_nnlo   =    1.2047777320934723            +-    3.6353771612260006E-004
  sig_LO   = (  0.42952305661491130            +-    2.5345351424687138E-004 ) fb
  sig_NLO  = (  0.50785701494601065            +-    2.7815311904422175E-004 ) fb
  sig_NNLO = (  0.51747981403036891            +-    2.9769250749308581E-004 ) fb

  pp ---> HHW+ + X
  ===============

  PDFSET = PDF4LHC21_40                                NSET =  20
  Sqrt(S)  = 14.0 TeV
  LOOP     = 3
  alphaS(MZ) =   0.11800
          kl =   1.00000
          kv =   1.00000
         k2v =   1.00000
         kth =   1.00000
         kbh =   1.00000
        cHsq =   0.50000
       chdup =   0.00000
         cHw =   0.00000
          cH =   0.00000
         cHb =   0.00000
        cHwb =   0.00000
      cHq1st =   0.00000
      cHq3st =   0.00000
      cHq1rd =   0.00000
      cHq3rd =   0.00000
       cHdst =   0.00000
       cHust =   0.00000
       cHdrd =   0.00000
       cHurd =   0.00000
         cth =   0.00000
         cbh =   0.00000
 --------------

  mH       = 125.0000      GeV
  fact_scale 1.0
  ren_scale  1.0
  Kqq      =   0.25085197900737211            +-    2.3467475040878086E-004
  Kgq      =   -6.8269943400016436E-002       +-    1.2569515768194101E-004
  K_nlo    =    1.1825820356073555            +-    2.6621703766684730E-004
  Kqq2     =    5.4989237096137865E-002       +-    2.0657219718755228E-004
  Kgq2     =   -3.5212902227749684E-002       +-    1.3413992988407040E-004
  Kqqs     =    1.7203024890340684E-003       +-    3.4371701772339886E-006
  Kgg      =    1.0396691783323734E-003       +-    1.7568309036109840E-006
  K_nnlo   =    1.2051183421431100            +-    3.6270098590706788E-004
  sig_LO   = (  0.43334774458410058            +-    2.5604346247077306E-004 ) fb
  sig_NLO  = (  0.51246925791612208            +-    2.8083310831637852E-004 ) fb
  sig_NNLO = (  0.52223531552464730            +-    3.0043708317652044E-004 ) fb

  pp ---> HHW+ + X
  ===============

  PDFSET = PDF4LHC21_40                                NSET =  21
  Sqrt(S)  = 14.0 TeV
  LOOP     = 3
  alphaS(MZ) =   0.11800
          kl =   1.00000
          kv =   1.00000
         k2v =   1.00000
         kth =   1.00000
         kbh =   1.00000
        cHsq =   0.50000
       chdup =   0.00000
         cHw =   0.00000
          cH =   0.00000
         cHb =   0.00000
        cHwb =   0.00000
      cHq1st =   0.00000
      cHq3st =   0.00000
      cHq1rd =   0.00000
      cHq3rd =   0.00000
       cHdst =   0.00000
       cHust =   0.00000
       cHdrd =   0.00000
       cHurd =   0.00000
         cth =   0.00000
         cbh =   0.00000
 --------------

  mH       = 125.0000      GeV
  fact_scale 1.0
  ren_scale  1.0
  Kqq      =   0.25122303942101271            +-    2.3516119142487959E-004
  Kgq      =   -6.8922798602149726E-002       +-    1.2692830818808917E-004
  K_nlo    =    1.1823002408188630            +-    2.6722945453647022E-004
  Kqq2     =    5.5145376446308361E-002       +-    2.0666202023285381E-004
  Kgq2     =   -3.5547429117683334E-002       +-    1.3545934098156977E-004
  Kqqs     =    1.7355571704946724E-003       +-    3.4675674751395876E-006
  Kgg      =    1.0488591360196132E-003       +-    1.7728896611036691E-006
  K_nnlo   =    1.2046826044540022            +-    3.6398512634404465E-004
  sig_LO   = (  0.42851559244818221            +-    2.5336567127905754E-004 ) fb
  sig_NLO  = (  0.50663408814612365            +-    2.7804164937170661E-004 ) fb
  sig_NNLO = (  0.51622527995962608            +-    2.9752619101089693E-004 ) fb

  pp ---> HHW+ + X
  ===============

  PDFSET = PDF4LHC21_40                                NSET =  22
  Sqrt(S)  = 14.0 TeV
  LOOP     = 3
  alphaS(MZ) =   0.11800
          kl =   1.00000
          kv =   1.00000
         k2v =   1.00000
         kth =   1.00000
         kbh =   1.00000
        cHsq =   0.50000
       chdup =   0.00000
         cHw =   0.00000
          cH =   0.00000
         cHb =   0.00000
        cHwb =   0.00000
      cHq1st =   0.00000
      cHq3st =   0.00000
      cHq1rd =   0.00000
      cHq3rd =   0.00000
       cHdst =   0.00000
       cHust =   0.00000
       cHdrd =   0.00000
       cHurd =   0.00000
         cth =   0.00000
         cbh =   0.00000
 --------------

  mH       = 125.0000      GeV
  fact_scale 1.0
  ren_scale  1.0
  Kqq      =   0.25094586946458969            +-    2.3481300882861409E-004
  Kgq      =   -6.8553585501669984E-002       +-    1.2634963609442219E-004
  K_nlo    =    1.1823922839629197            +-    2.6664841956467643E-004
  Kqq2     =    5.5024916144054054E-002       +-    2.0658102969022964E-004
  Kgq2     =   -3.5357917639156043E-002       +-    1.3489355162591568E-004
  Kqqs     =    1.7228086585163250E-003       +-    3.4426078042256240E-006
  Kgg      =    1.0470433173199096E-003       +-    1.7762408485866601E-006
  K_nnlo   =    1.2048291344436541            +-    3.6330204834891138E-004
  sig_LO   = (  0.43097682898719492            +-    2.5467548860031526E-004 ) fb
  sig_NLO  = (  0.50958367716126607            +-    2.7940302035071347E-004 ) fb
  sig_NNLO = (  0.51925343983391259            +-    2.9895695585497657E-004 ) fb

  pp ---> HHW+ + X
  ===============

  PDFSET = PDF4LHC21_40                                NSET =  23
  Sqrt(S)  = 14.0 TeV
  LOOP     = 3
  alphaS(MZ) =   0.11800
          kl =   1.00000
          kv =   1.00000
         k2v =   1.00000
         kth =   1.00000
         kbh =   1.00000
        cHsq =   0.50000
       chdup =   0.00000
         cHw =   0.00000
          cH =   0.00000
         cHb =   0.00000
        cHwb =   0.00000
      cHq1st =   0.00000
      cHq3st =   0.00000
      cHq1rd =   0.00000
      cHq3rd =   0.00000
       cHdst =   0.00000
       cHust =   0.00000
       cHdrd =   0.00000
       cHurd =   0.00000
         cth =   0.00000
         cbh =   0.00000
 --------------

  mH       = 125.0000      GeV
  fact_scale 1.0
  ren_scale  1.0
  Kqq      =   0.25095041044526251            +-    2.3486289696690124E-004
  Kgq      =   -6.8404553061173753E-002       +-    1.2595895728828943E-004
  K_nlo    =    1.1825458573840888            +-    2.6650748449684935E-004
  Kqq2     =    5.5027827298922402E-002       +-    2.0660240978508847E-004
  Kgq2     =   -3.5280928301870414E-002       +-    1.3443550158464990E-004
  Kqqs     =    1.7235134170491969E-003       +-    3.4439932483128241E-006
  Kgg      =    1.0412457735613776E-003       +-    1.7597760805449417E-006
  K_nnlo   =    1.2050575155717513            +-    3.6304084757711284E-004
  sig_LO   = (  0.43184898004098582            +-    2.5523706374800900E-004 ) fb
  sig_NLO  = (  0.51068122236301183            +-    2.7998552394773547E-004 ) fb
  sig_NNLO = (  0.52040285899038519            +-    2.9954224581781735E-004 ) fb

  pp ---> HHW+ + X
  ===============

  PDFSET = PDF4LHC21_40                                NSET =  24
  Sqrt(S)  = 14.0 TeV
  LOOP     = 3
  alphaS(MZ) =   0.11800
          kl =   1.00000
          kv =   1.00000
         k2v =   1.00000
         kth =   1.00000
         kbh =   1.00000
        cHsq =   0.50000
       chdup =   0.00000
         cHw =   0.00000
          cH =   0.00000
         cHb =   0.00000
        cHwb =   0.00000
      cHq1st =   0.00000
      cHq3st =   0.00000
      cHq1rd =   0.00000
      cHq3rd =   0.00000
       cHdst =   0.00000
       cHust =   0.00000
       cHdrd =   0.00000
       cHurd =   0.00000
         cth =   0.00000
         cbh =   0.00000
 --------------

  mH       = 125.0000      GeV
  fact_scale 1.0
  ren_scale  1.0
  Kqq      =   0.25080858987971089            +-    2.3539148454794842E-004
  Kgq      =   -6.8258594555171720E-002       +-    1.2565854173477296E-004
  K_nlo    =    1.1825499953245393            +-    2.6683181989522298E-004
  Kqq2     =    5.4972121589508344E-002       +-    2.0708362693900196E-004
  Kgq2     =   -3.5206453956950455E-002       +-    1.3410689008696604E-004
  Kqqs     =    1.7202199189893807E-003       +-    3.4394279250802289E-006
  Kgg      =    1.0396612985787027E-003       +-    1.7577950710145621E-006
  K_nnlo   =    1.2050755441746652            +-    3.6343146001903794E-004
  sig_LO   = (  0.43285568951332337            +-    2.5695940174301127E-004 ) fb
  sig_NLO  = (  0.51187349361018075            +-    2.8172381552529898E-004 ) fb
  sig_NNLO = (  0.52162380558936816            +-    3.0128994700522076E-004 ) fb

  pp ---> HHW+ + X
  ===============

  PDFSET = PDF4LHC21_40                                NSET =  25
  Sqrt(S)  = 14.0 TeV
  LOOP     = 3
  alphaS(MZ) =   0.11800
          kl =   1.00000
          kv =   1.00000
         k2v =   1.00000
         kth =   1.00000
         kbh =   1.00000
        cHsq =   0.50000
       chdup =   0.00000
         cHw =   0.00000
          cH =   0.00000
         cHb =   0.00000
        cHwb =   0.00000
      cHq1st =   0.00000
      cHq3st =   0.00000
      cHq1rd =   0.00000
      cHq3rd =   0.00000
       cHdst =   0.00000
       cHust =   0.00000
       cHdrd =   0.00000
       cHurd =   0.00000
         cth =   0.00000
         cbh =   0.00000
 --------------

  mH       = 125.0000      GeV
  fact_scale 1.0
  ren_scale  1.0
  Kqq      =   0.25091447835206859            +-    2.3481332508995225E-004
  Kgq      =   -6.8461272009492355E-002       +-    1.2607667465066466E-004
  K_nlo    =    1.1824532063425761            +-    2.6651946557572327E-004
  Kqq2     =    5.5015621754666656E-002       +-    2.0666179041613661E-004
  Kgq2     =   -3.5312229225604334E-002       +-    1.3457311705577265E-004
  Kqqs     =    1.7216087399827902E-003       +-    3.4398886495935817E-006
  Kgg      =    1.0468995520738560E-003       +-    1.7710898856059688E-006
  K_nnlo   =    1.2049251071636951            +-    3.6313443044716032E-004
  sig_LO   = (  0.43118465755034008            +-    2.5488495698794129E-004 ) fb
  sig_NLO  = (  0.50985568084612531            +-    2.7959388740926377E-004 ) fb
  sig_NNLO = (  0.51954521970618472            +-    2.9913710874544092E-004 ) fb

  pp ---> HHW+ + X
  ===============

  PDFSET = PDF4LHC21_40                                NSET =  26
  Sqrt(S)  = 14.0 TeV
  LOOP     = 3
  alphaS(MZ) =   0.11800
          kl =   1.00000
          kv =   1.00000
         k2v =   1.00000
         kth =   1.00000
         kbh =   1.00000
        cHsq =   0.50000
       chdup =   0.00000
         cHw =   0.00000
          cH =   0.00000
         cHb =   0.00000
        cHwb =   0.00000
      cHq1st =   0.00000
      cHq3st =   0.00000
      cHq1rd =   0.00000
      cHq3rd =   0.00000
       cHdst =   0.00000
       cHust =   0.00000
       cHdrd =   0.00000
       cHurd =   0.00000
         cth =   0.00000
         cbh =   0.00000
 --------------

  mH       = 125.0000      GeV
  fact_scale 1.0
  ren_scale  1.0
  Kqq      =   0.25087035279734338            +-    2.3449731898959894E-004
  Kgq      =   -6.8286080289272383E-002       +-    1.2577427807678991E-004
  K_nlo    =    1.1825842725080709            +-    2.6609803012996432E-004
  Kqq2     =    5.4996297193417185E-002       +-    2.0645196872116930E-004
  Kgq2     =   -3.5219927835756615E-002       +-    1.3423771231105492E-004
  Kqqs     =    1.7224316580682535E-003       +-    3.4357188793636511E-006
  Kgg      =    1.0388879906484531E-003       +-    1.7548003011941303E-006
  K_nnlo   =    1.2051219615144482            +-    3.6258133421718594E-004
  sig_LO   = (  0.43261102553822012            +-    2.5535512944890507E-004 ) fb
  sig_NLO  = (  0.51159899491508654            +-    2.8010382432969692E-004 ) fb
  sig_NNLO = (  0.52134904766939683            +-    2.9968360163079366E-004 ) fb

  pp ---> HHW+ + X
  ===============

  PDFSET = PDF4LHC21_40                                NSET =  27
  Sqrt(S)  = 14.0 TeV
  LOOP     = 3
  alphaS(MZ) =   0.11800
          kl =   1.00000
          kv =   1.00000
         k2v =   1.00000
         kth =   1.00000
         kbh =   1.00000
        cHsq =   0.50000
       chdup =   0.00000
         cHw =   0.00000
          cH =   0.00000
         cHb =   0.00000
        cHwb =   0.00000
      cHq1st =   0.00000
      cHq3st =   0.00000
      cHq1rd =   0.00000
      cHq3rd =   0.00000
       cHdst =   0.00000
       cHust =   0.00000
       cHdrd =   0.00000
       cHurd =   0.00000
         cth =   0.00000
         cbh =   0.00000
 --------------

  mH       = 125.0000      GeV
  fact_scale 1.0
  ren_scale  1.0
  Kqq      =   0.25093793190881941            +-    2.3504119292595710E-004
  Kgq      =   -6.8465921008230207E-002       +-    1.2607993039800736E-004
  K_nlo    =    1.1824720109005893            +-    2.6672178617657646E-004
  Kqq2     =    5.5021867748258527E-002       +-    2.0676894519619494E-004
  Kgq2     =   -3.5312412983418924E-002       +-    1.3454842898244851E-004
  Kqqs     =    1.7232748174074242E-003       +-    3.4444017849701997E-006
  Kgg      =    1.0406773254206889E-003       +-    1.7591989591350882E-006
  K_nnlo   =    1.2049454178082570            +-    3.6333475796440060E-004
  sig_LO   = (  0.43201079662023351            +-    2.5571768116816672E-004 ) fb
  sig_NLO  = (  0.51084067541029299            +-    2.8047945175193494E-004 ) fb
  sig_NNLO = (  0.52054942983124508            +-    3.0004899387126743E-004 ) fb

  pp ---> HHW+ + X
  ===============

  PDFSET = PDF4LHC21_40                                NSET =  28
  Sqrt(S)  = 14.0 TeV
  LOOP     = 3
  alphaS(MZ) =   0.11800
          kl =   1.00000
          kv =   1.00000
         k2v =   1.00000
         kth =   1.00000
         kbh =   1.00000
        cHsq =   0.50000
       chdup =   0.00000
         cHw =   0.00000
          cH =   0.00000
         cHb =   0.00000
        cHwb =   0.00000
      cHq1st =   0.00000
      cHq3st =   0.00000
      cHq1rd =   0.00000
      cHq3rd =   0.00000
       cHdst =   0.00000
       cHust =   0.00000
       cHdrd =   0.00000
       cHurd =   0.00000
         cth =   0.00000
         cbh =   0.00000
 --------------

  mH       = 125.0000      GeV
  fact_scale 1.0
  ren_scale  1.0
  Kqq      =   0.25091148335238123            +-    2.3487728250755013E-004
  Kgq      =   -6.8174803602513281E-002       +-    1.2551409232794636E-004
  K_nlo    =    1.1827366797498677            +-    2.6631020485711723E-004
  Kqq2     =    5.5013741422708096E-002       +-    2.0664199351513846E-004
  Kgq2     =   -3.5163156660967032E-002       +-    1.3393140781342122E-004
  Kqqs     =    1.7229706554545445E-003       +-    3.4436588231476857E-006
  Kgg      =    1.0357343278545035E-003       +-    1.7482858558930104E-006
  K_nnlo   =    1.2053459694949178            +-    3.6273209946647872E-004
  sig_LO   = (  0.43254768314770603            +-    2.5576868894381435E-004 ) fb
  sig_NLO  = (  0.51159001059961573            +-    2.8051165277096825E-004 ) fb
  sig_NNLO = (  0.52136960649645236            +-    3.0005815475801138E-004 ) fb

  pp ---> HHW+ + X
  ===============

  PDFSET = PDF4LHC21_40                                NSET =  29
  Sqrt(S)  = 14.0 TeV
  LOOP     = 3
  alphaS(MZ) =   0.11800
          kl =   1.00000
          kv =   1.00000
         k2v =   1.00000
         kth =   1.00000
         kbh =   1.00000
        cHsq =   0.50000
       chdup =   0.00000
         cHw =   0.00000
          cH =   0.00000
         cHb =   0.00000
        cHwb =   0.00000
      cHq1st =   0.00000
      cHq3st =   0.00000
      cHq1rd =   0.00000
      cHq3rd =   0.00000
       cHdst =   0.00000
       cHust =   0.00000
       cHdrd =   0.00000
       cHurd =   0.00000
         cth =   0.00000
         cbh =   0.00000
 --------------

  mH       = 125.0000      GeV
  fact_scale 1.0
  ren_scale  1.0
  Kqq      =   0.25091285030284571            +-    2.3473448955890186E-004
  Kgq      =   -6.8222130699140696E-002       +-    1.2558203526925838E-004
  K_nlo    =    1.1826907196037051            +-    2.6621631837820808E-004
  Kqq2     =    5.5012736857817227E-002       +-    2.0659014451697785E-004
  Kgq2     =   -3.5188644050883178E-002       +-    1.3401619337382909E-004
  Kqqs     =    1.7238728503496138E-003       +-    3.4444149301294192E-006
  Kgg      =    1.0364842736475905E-003       +-    1.7503156278294683E-006
  K_nnlo   =    1.2052751695346364            +-    3.6266497441552408E-004
  sig_LO   = (  0.43304653889965639            +-    2.5589889532255813E-004 ) fb
  sig_NLO  = (  0.51216012271312850            +-    2.8066823480281920E-004 ) fb
  sig_NNLO = (  0.52194024058867083            +-    3.0024856729333994E-004 ) fb

  pp ---> HHW+ + X
  ===============

  PDFSET = PDF4LHC21_40                                NSET =  30
  Sqrt(S)  = 14.0 TeV
  LOOP     = 3
  alphaS(MZ) =   0.11800
          kl =   1.00000
          kv =   1.00000
         k2v =   1.00000
         kth =   1.00000
         kbh =   1.00000
        cHsq =   0.50000
       chdup =   0.00000
         cHw =   0.00000
          cH =   0.00000
         cHb =   0.00000
        cHwb =   0.00000
      cHq1st =   0.00000
      cHq3st =   0.00000
      cHq1rd =   0.00000
      cHq3rd =   0.00000
       cHdst =   0.00000
       cHust =   0.00000
       cHdrd =   0.00000
       cHurd =   0.00000
         cth =   0.00000
         cbh =   0.00000
 --------------

  mH       = 125.0000      GeV
  fact_scale 1.0
  ren_scale  1.0
  Kqq      =   0.25088852546783863            +-    2.3450409199635407E-004
  Kgq      =   -6.8348384685244817E-002       +-    1.2576108316746226E-004
  K_nlo    =    1.1825401407825937            +-    2.6609776249057011E-004
  Kqq2     =    5.5002478049858278E-002       +-    2.0642450528175714E-004
  Kgq2     =   -3.5250450795208471E-002       +-    1.3418170059574806E-004
  Kqqs     =    1.7198331087662901E-003       +-    3.4353829267245667E-006
  Kgg      =    1.0389408035644837E-003       +-    1.7511177051148850E-006
  K_nnlo   =    1.2050509419495743            +-    3.6254474568960920E-004
  sig_LO   = (  0.43273776015696663            +-    2.5536319078494409E-004 ) fb
  sig_NLO  = (  0.51172977181796364            +-    2.8012498694219564E-004 ) fb
  sig_NNLO = (  0.52147104549430179            +-    2.9970623550510886E-004 ) fb

  pp ---> HHW+ + X
  ===============

  PDFSET = PDF4LHC21_40                                NSET =  31
  Sqrt(S)  = 14.0 TeV
  LOOP     = 3
  alphaS(MZ) =   0.11800
          kl =   1.00000
          kv =   1.00000
         k2v =   1.00000
         kth =   1.00000
         kbh =   1.00000
        cHsq =   0.50000
       chdup =   0.00000
         cHw =   0.00000
          cH =   0.00000
         cHb =   0.00000
        cHwb =   0.00000
      cHq1st =   0.00000
      cHq3st =   0.00000
      cHq1rd =   0.00000
      cHq3rd =   0.00000
       cHdst =   0.00000
       cHust =   0.00000
       cHdrd =   0.00000
       cHurd =   0.00000
         cth =   0.00000
         cbh =   0.00000
 --------------

  mH       = 125.0000      GeV
  fact_scale 1.0
  ren_scale  1.0
  Kqq      =   0.25095033624154922            +-    2.3595856447865122E-004
  Kgq      =   -6.8395595436076803E-002       +-    1.2605743214271590E-004
  K_nlo    =    1.1825547408054724            +-    2.6751994383455085E-004
  Kqq2     =    5.5026919440391418E-002       +-    2.0734214700579223E-004
  Kgq2     =   -3.5276332017618178E-002       +-    1.3451906680624065E-004
  Kqqs     =    1.7215779222902394E-003       +-    3.4483405720155633E-006
  Kgg      =    1.0384421097733576E-003       +-    1.7540693142446338E-006
  K_nnlo   =    1.2050653482603093            +-    3.6423623298690975E-004
  sig_LO   = (  0.43114871949243239            +-    2.5658568746566234E-004 ) fb
  sig_NLO  = (  0.50985696222798471            +-    2.8131785207041900E-004 ) fb
  sig_NNLO = (  0.51956238180713443            +-    3.0082847611356394E-004 ) fb

  pp ---> HHW+ + X
  ===============

  PDFSET = PDF4LHC21_40                                NSET =  32
  Sqrt(S)  = 14.0 TeV
  LOOP     = 3
  alphaS(MZ) =   0.11800
          kl =   1.00000
          kv =   1.00000
         k2v =   1.00000
         kth =   1.00000
         kbh =   1.00000
        cHsq =   0.50000
       chdup =   0.00000
         cHw =   0.00000
          cH =   0.00000
         cHb =   0.00000
        cHwb =   0.00000
      cHq1st =   0.00000
      cHq3st =   0.00000
      cHq1rd =   0.00000
      cHq3rd =   0.00000
       cHdst =   0.00000
       cHust =   0.00000
       cHdrd =   0.00000
       cHurd =   0.00000
         cth =   0.00000
         cbh =   0.00000
 --------------

  mH       = 125.0000      GeV
  fact_scale 1.0
  ren_scale  1.0
  Kqq      =   0.25088848226626587            +-    2.3478979476854615E-004
  Kgq      =   -6.8371778786359846E-002       +-    1.2590641498629702E-004
  K_nlo    =    1.1825167034799060            +-    2.6641822959804694E-004
  Kqq2     =    5.5003964204796384E-002       +-    2.0661511742621369E-004
  Kgq2     =   -3.5264194973944209E-002       +-    1.3437417262312793E-004
  Kqqs     =    1.7226895264012281E-003       +-    3.4422182730032462E-006
  Kgg      =    1.0398189127095070E-003       +-    1.7574926929934818E-006
  K_nnlo   =    1.2050189811498688            +-    3.6295982660145855E-004
  sig_LO   = (  0.43240643311594923            +-    2.5560291073620353E-004 ) fb
  sig_NLO  = (  0.51132782985177672            +-    2.8036424224056020E-004 ) fb
  sig_NNLO = (  0.52105795947603006            +-    2.9994157158764079E-004 ) fb

  pp ---> HHW+ + X
  ===============

  PDFSET = PDF4LHC21_40                                NSET =  33
  Sqrt(S)  = 14.0 TeV
  LOOP     = 3
  alphaS(MZ) =   0.11800
          kl =   1.00000
          kv =   1.00000
         k2v =   1.00000
         kth =   1.00000
         kbh =   1.00000
        cHsq =   0.50000
       chdup =   0.00000
         cHw =   0.00000
          cH =   0.00000
         cHb =   0.00000
        cHwb =   0.00000
      cHq1st =   0.00000
      cHq3st =   0.00000
      cHq1rd =   0.00000
      cHq3rd =   0.00000
       cHdst =   0.00000
       cHust =   0.00000
       cHdrd =   0.00000
       cHurd =   0.00000
         cth =   0.00000
         cbh =   0.00000
 --------------

  mH       = 125.0000      GeV
  fact_scale 1.0
  ren_scale  1.0
  Kqq      =   0.25088499257878766            +-    2.3459940002634370E-004
  Kgq      =   -6.8313580942037003E-002       +-    1.2579328524393911E-004
  K_nlo    =    1.1825714116367507            +-    2.6619697426000818E-004
  Kqq2     =    5.5001662782667916E-002       +-    2.0647999590226408E-004
  Kgq2     =   -3.5234597368185870E-002       +-    1.3424533188689984E-004
  Kqqs     =    1.7214562281014460E-003       +-    3.4387594285288791E-006
  Kgg      =    1.0387577343314966E-003       +-    1.7560745733262955E-006
  K_nnlo   =    1.2050986910136658            +-    3.6267276684460434E-004
  sig_LO   = (  0.43213321582628039            +-    2.5512832978527946E-004 ) fb
  sig_NLO  = (  0.51102838705481313            +-    2.7986238271831112E-004 ) fb
  sig_NNLO = (  0.52076317273577644            +-    2.9942035236674755E-004 ) fb

  pp ---> HHW+ + X
  ===============

  PDFSET = PDF4LHC21_40                                NSET =  34
  Sqrt(S)  = 14.0 TeV
  LOOP     = 3
  alphaS(MZ) =   0.11800
          kl =   1.00000
          kv =   1.00000
         k2v =   1.00000
         kth =   1.00000
         kbh =   1.00000
        cHsq =   0.50000
       chdup =   0.00000
         cHw =   0.00000
          cH =   0.00000
         cHb =   0.00000
        cHwb =   0.00000
      cHq1st =   0.00000
      cHq3st =   0.00000
      cHq1rd =   0.00000
      cHq3rd =   0.00000
       cHdst =   0.00000
       cHust =   0.00000
       cHdrd =   0.00000
       cHurd =   0.00000
         cth =   0.00000
         cbh =   0.00000
 --------------

  mH       = 125.0000      GeV
  fact_scale 1.0
  ren_scale  1.0
  Kqq      =   0.25081578100943391            +-    2.3391059666941932E-004
  Kgq      =   -6.8382842073774236E-002       +-    1.2594926801438039E-004
  K_nlo    =    1.1824329389356596            +-    2.6566404601978416E-004
  Kqq2     =    5.4973936169816329E-002       +-    2.0606803582866139E-004
  Kgq2     =   -3.5270844656990818E-002       +-    1.3446491499372198E-004
  Kqqs     =    1.7228394548910563E-003       +-    3.4350911526600509E-006
  Kgg      =    1.0426072133956827E-003       +-    1.7634183133875404E-006
  K_nnlo   =    1.2049014771167719            +-    3.6212862852518082E-004
  sig_LO   = (  0.43338463821674456            +-    2.5442631894915504E-004 ) fb
  sig_NLO  = (  0.51244827145619298            +-    2.7926466785289082E-004 ) fb
  sig_NNLO = (  0.52218579074707350            +-    2.9893682349365919E-004 ) fb

  pp ---> HHW+ + X
  ===============

  PDFSET = PDF4LHC21_40                                NSET =  35
  Sqrt(S)  = 14.0 TeV
  LOOP     = 3
  alphaS(MZ) =   0.11800
          kl =   1.00000
          kv =   1.00000
         k2v =   1.00000
         kth =   1.00000
         kbh =   1.00000
        cHsq =   0.50000
       chdup =   0.00000
         cHw =   0.00000
          cH =   0.00000
         cHb =   0.00000
        cHwb =   0.00000
      cHq1st =   0.00000
      cHq3st =   0.00000
      cHq1rd =   0.00000
      cHq3rd =   0.00000
       cHdst =   0.00000
       cHust =   0.00000
       cHdrd =   0.00000
       cHurd =   0.00000
         cth =   0.00000
         cbh =   0.00000
 --------------

  mH       = 125.0000      GeV
  fact_scale 1.0
  ren_scale  1.0
  Kqq      =   0.25085091000325249            +-    2.3482248305473817E-004
  Kgq      =   -6.8319332366131913E-002       +-    1.2576942300500843E-004
  K_nlo    =    1.1825315776371206            +-    2.6638233107885656E-004
  Kqq2     =    5.4987450771358026E-002       +-    2.0664798988517027E-004
  Kgq2     =   -3.5237744830118593E-002       +-    1.3422965529771331E-004
  Kqqs     =    1.7208091488877789E-003       +-    3.4385933335461548E-006
  Kgg      =    1.0395828750859905E-003       +-    1.7568231627352132E-006
  K_nnlo   =    1.2050416756023337            +-    3.6289867559370967E-004
  sig_LO   = (  0.43265353334760964            +-    2.5578124496201867E-004 ) fb
  sig_NLO  = (  0.51162646535982337            +-    2.8054749590700000E-004 ) fb
  sig_NNLO = (  0.52136553878047365            +-    3.0012663186529604E-004 ) fb

  pp ---> HHW+ + X
  ===============

  PDFSET = PDF4LHC21_40                                NSET =  36
  Sqrt(S)  = 14.0 TeV
  LOOP     = 3
  alphaS(MZ) =   0.11800
          kl =   1.00000
          kv =   1.00000
         k2v =   1.00000
         kth =   1.00000
         kbh =   1.00000
        cHsq =   0.50000
       chdup =   0.00000
         cHw =   0.00000
          cH =   0.00000
         cHb =   0.00000
        cHwb =   0.00000
      cHq1st =   0.00000
      cHq3st =   0.00000
      cHq1rd =   0.00000
      cHq3rd =   0.00000
       cHdst =   0.00000
       cHust =   0.00000
       cHdrd =   0.00000
       cHurd =   0.00000
         cth =   0.00000
         cbh =   0.00000
 --------------

  mH       = 125.0000      GeV
  fact_scale 1.0
  ren_scale  1.0
  Kqq      =   0.25094751475636629            +-    2.3491367181341307E-004
  Kgq      =   -6.8556129638910668E-002       +-    1.2625408680812212E-004
  K_nlo    =    1.1823913851174557            +-    2.6669182147304925E-004
  Kqq2     =    5.5023763497624313E-002       +-    2.0667809099429304E-004
  Kgq2     =   -3.5358054765596947E-002       +-    1.3473209449932436E-004
  Kqqs     =    1.7219459376655872E-003       +-    3.4414527543877877E-006
  Kgg      =    1.0464816469384450E-003       +-    1.7708534126493476E-006
  K_nnlo   =    1.2048255214340871            +-    3.6332915895191057E-004
  sig_LO   = (  0.43162408960136461            +-    2.5527676180358655E-004 ) fb
  sig_NLO  = (  0.51034860515381830            +-    2.8002978184728000E-004 ) fb
  sig_NNLO = (  0.52003171881747723            +-    2.9959847265823318E-004 ) fb

  pp ---> HHW+ + X
  ===============

  PDFSET = PDF4LHC21_40                                NSET =  37
  Sqrt(S)  = 14.0 TeV
  LOOP     = 3
  alphaS(MZ) =   0.11800
          kl =   1.00000
          kv =   1.00000
         k2v =   1.00000
         kth =   1.00000
         kbh =   1.00000
        cHsq =   0.50000
       chdup =   0.00000
         cHw =   0.00000
          cH =   0.00000
         cHb =   0.00000
        cHwb =   0.00000
      cHq1st =   0.00000
      cHq3st =   0.00000
      cHq1rd =   0.00000
      cHq3rd =   0.00000
       cHdst =   0.00000
       cHust =   0.00000
       cHdrd =   0.00000
       cHurd =   0.00000
         cth =   0.00000
         cbh =   0.00000
 --------------

  mH       = 125.0000      GeV
  fact_scale 1.0
  ren_scale  1.0
  Kqq      =   0.25086231676564907            +-    2.3492104674826620E-004
  Kgq      =   -6.8394825148107796E-002       +-    1.2589492303540834E-004
  K_nlo    =    1.1824674916175413            +-    2.6652847849975141E-004
  Kqq2     =    5.4994300318048549E-002       +-    2.0671482166291185E-004
  Kgq2     =   -3.5277128537158108E-002       +-    1.3436991355405758E-004
  Kqqs     =    1.7221605250675406E-003       +-    3.4411119243937255E-006
  Kgg      =    1.0398492202289794E-003       +-    1.7571807640292832E-006
  K_nnlo   =    1.2049466731437284            +-    3.6309592389692356E-004
  sig_LO   = (  0.43223245497007406            +-    2.5565656268940982E-004 ) fb
  sig_NLO  = (  0.51110082682415525            +-    2.8041369158515907E-004 ) fb
  sig_NNLO = (  0.52081705864093708            +-    2.9998503295529063E-004 ) fb

  pp ---> HHW+ + X
  ===============

  PDFSET = PDF4LHC21_40                                NSET =  38
  Sqrt(S)  = 14.0 TeV
  LOOP     = 3
  alphaS(MZ) =   0.11800
          kl =   1.00000
          kv =   1.00000
         k2v =   1.00000
         kth =   1.00000
         kbh =   1.00000
        cHsq =   0.50000
       chdup =   0.00000
         cHw =   0.00000
          cH =   0.00000
         cHb =   0.00000
        cHwb =   0.00000
      cHq1st =   0.00000
      cHq3st =   0.00000
      cHq1rd =   0.00000
      cHq3rd =   0.00000
       cHdst =   0.00000
       cHust =   0.00000
       cHdrd =   0.00000
       cHurd =   0.00000
         cth =   0.00000
         cbh =   0.00000
 --------------

  mH       = 125.0000      GeV
  fact_scale 1.0
  ren_scale  1.0
  Kqq      =   0.25062797816618793            +-    2.3472683024394677E-004
  Kgq      =   -6.8028937794093358E-002       +-    1.2527206674766596E-004
  K_nlo    =    1.1825990403720947            +-    2.6606348028920145E-004
  Kqq2     =    5.4903852141352134E-002       +-    2.0666397192963253E-004
  Kgq2     =   -3.5086680783967733E-002       +-    1.3369054949241059E-004
  Kqqs     =    1.7156919225908252E-003       +-    3.4284416852312798E-006
  Kgg      =    1.0349758651748207E-003       +-    1.7484259452714354E-006
  K_nnlo   =    1.2051668795172448            +-    3.6247447781408290E-004
  sig_LO   = (  0.43422555639307009            +-    2.5676663119849339E-004 ) fb
  sig_NLO  = (  0.51351472629548345            +-    2.8156108554241007E-004 ) fb
  sig_NNLO = (  0.52331425880487559            +-    3.0116856334708544E-004 ) fb

  pp ---> HHW+ + X
  ===============

  PDFSET = PDF4LHC21_40                                NSET =  39
  Sqrt(S)  = 14.0 TeV
  LOOP     = 3
  alphaS(MZ) =   0.11800
          kl =   1.00000
          kv =   1.00000
         k2v =   1.00000
         kth =   1.00000
         kbh =   1.00000
        cHsq =   0.50000
       chdup =   0.00000
         cHw =   0.00000
          cH =   0.00000
         cHb =   0.00000
        cHwb =   0.00000
      cHq1st =   0.00000
      cHq3st =   0.00000
      cHq1rd =   0.00000
      cHq3rd =   0.00000
       cHdst =   0.00000
       cHust =   0.00000
       cHdrd =   0.00000
       cHurd =   0.00000
         cth =   0.00000
         cbh =   0.00000
 --------------

  mH       = 125.0000      GeV
  fact_scale 1.0
  ren_scale  1.0
  Kqq      =   0.25084754083025701            +-    2.3490840326442392E-004
  Kgq      =   -6.8513556635776018E-002       +-    1.2618973975188279E-004
  K_nlo    =    1.1823339841944811            +-    2.6665672379088648E-004
  Kqq2     =    5.4985347926760887E-002       +-    2.0668694548951828E-004
  Kgq2     =   -3.5336329536788363E-002       +-    1.3469098689785996E-004
  Kqqs     =    1.7202279951778919E-003       +-    3.4386401426710611E-006
  Kgg      =    1.0439835428965715E-003       +-    1.7658425502562629E-006
  K_nnlo   =    1.2047472141225279            +-    3.6329314083276992E-004
  sig_LO   = (  0.43181816897833897            +-    2.5538697466462670E-004 ) fb
  sig_NLO  = (  0.51055329617572509            +-    2.8014529924768667E-004 ) fb
  sig_NNLO = (  0.52023173608414497            +-    2.9972115011863684E-004 ) fb

  pp ---> HHW+ + X
  ===============

  PDFSET = PDF4LHC21_40                                NSET =  40
  Sqrt(S)  = 14.0 TeV
  LOOP     = 3
  alphaS(MZ) =   0.11800
          kl =   1.00000
          kv =   1.00000
         k2v =   1.00000
         kth =   1.00000
         kbh =   1.00000
        cHsq =   0.50000
       chdup =   0.00000
         cHw =   0.00000
          cH =   0.00000
         cHb =   0.00000
        cHwb =   0.00000
      cHq1st =   0.00000
      cHq3st =   0.00000
      cHq1rd =   0.00000
      cHq3rd =   0.00000
       cHdst =   0.00000
       cHust =   0.00000
       cHdrd =   0.00000
       cHurd =   0.00000
         cth =   0.00000
         cbh =   0.00000
 --------------

  mH       = 125.0000      GeV
  fact_scale 1.0
  ren_scale  1.0
  Kqq      =   0.25091772467673917            +-    2.3498462334066461E-004
  Kgq      =   -6.8337758451057024E-002       +-    1.2581386976728319E-004
  K_nlo    =    1.1825799662256822            +-    2.6654624933090487E-004
  Kqq2     =    5.5014122801291712E-002       +-    2.0673152028512882E-004
  Kgq2     =   -3.5247627876016430E-002       +-    1.3427546555866949E-004
  Kqqs     =    1.7216601428282567E-003       +-    3.4410147330173601E-006
  Kgg      =    1.0404784640803276E-003       +-    1.7582509187507240E-006
  K_nnlo   =    1.2051085997578659            +-    3.6308354023758377E-004
  sig_LO   = (  0.43188929530215719            +-    2.5554188551563068E-004 ) fb
  sig_NLO  = (  0.51074362825165864            +-    2.8027471844586471E-004 ) fb
  sig_NNLO = (  0.52047350391199410            +-    2.9981932135194397E-004 ) fb

  pp ---> HHW+ + X
  ===============

  PDFSET = PDF4LHC21_40                                NSET =  41
  Sqrt(S)  = 14.0 TeV
  LOOP     = 3
  alphaS(MZ) =   0.11700
          kl =   1.00000
          kv =   1.00000
         k2v =   1.00000
         kth =   1.00000
         kbh =   1.00000
        cHsq =   0.50000
       chdup =   0.00000
         cHw =   0.00000
          cH =   0.00000
         cHb =   0.00000
        cHwb =   0.00000
      cHq1st =   0.00000
      cHq3st =   0.00000
      cHq1rd =   0.00000
      cHq3rd =   0.00000
       cHdst =   0.00000
       cHust =   0.00000
       cHdrd =   0.00000
       cHurd =   0.00000
         cth =   0.00000
         cbh =   0.00000
 --------------

  mH       = 125.0000      GeV
  fact_scale 1.0
  ren_scale  1.0
  Kqq      =   0.24901725466579105            +-    2.3336781149491684E-004
  Kgq      =   -6.7123585406267797E-002       +-    1.2357904698448538E-004
  K_nlo    =    1.1818936692595232            +-    2.6406877190520030E-004
  Kqq2     =    5.4194846949369206E-002       +-    2.0407529621548157E-004
  Kgq2     =   -3.4391846721357859E-002       +-    1.3101530344224600E-004
  Kqqs     =    1.6942934057780712E-003       +-    3.3861301894615065E-006
  Kgg      =    1.0038952979179675E-003       +-    1.6955776972697275E-006
  K_nnlo   =    1.2043948581912305            +-    3.5855040568713418E-004
  sig_LO   = (  0.43335166871495567            +-    2.5658400453763933E-004 ) fb
  sig_NLO  = (  0.51217559381725630            +-    2.8094597148579589E-004 ) fb
  sig_NNLO = (  0.52192652158888220            +-    2.9996300394686089E-004 ) fb

  pp ---> HHW+ + X
  ===============

  PDFSET = PDF4LHC21_40                                NSET =  42
  Sqrt(S)  = 14.0 TeV
  LOOP     = 3
  alphaS(MZ) =   0.11900
          kl =   1.00000
          kv =   1.00000
         k2v =   1.00000
         kth =   1.00000
         kbh =   1.00000
        cHsq =   0.50000
       chdup =   0.00000
         cHw =   0.00000
          cH =   0.00000
         cHb =   0.00000
        cHwb =   0.00000
      cHq1st =   0.00000
      cHq3st =   0.00000
      cHq1rd =   0.00000
      cHq3rd =   0.00000
       cHdst =   0.00000
       cHust =   0.00000
       cHdrd =   0.00000
       cHurd =   0.00000
         cth =   0.00000
         cbh =   0.00000
 --------------

  mH       = 125.0000      GeV
  fact_scale 1.0
  ren_scale  1.0
  Kqq      =   0.25264145492895235            +-    2.3633857446238784E-004
  Kgq      =   -6.7641144807467607E-002       +-    1.2457770774802645E-004
  K_nlo    =    1.1850003101214848            +-    2.6716198653001954E-004
  Kqq2     =    5.5767864283303693E-002       +-    2.0933475261370452E-004
  Kgq2     =   -3.5122350954863130E-002       +-    1.3386823559263640E-004
  Kqqs     =    1.7474235500944057E-003       +-    3.4907904974729318E-006
  Kgg      =    1.0222342094335991E-003       +-    1.7331091562060612E-006
  K_nnlo   =    1.2084154812094536            +-    3.6487321014954961E-004
  sig_LO   = (  0.43419684383595264            +-    2.5660667466198480E-004 ) fb
  sig_NLO  = (  0.51452339459937368            +-    2.8160822479776518E-004 ) fb
  sig_NNLO = (  0.52469018798364842            +-    3.0157260361352787E-004 ) fb

