  pp ---> HHW+ + X
  ===============

  PDFSET = PDF4LHC21_40                                NSET =   0
  Sqrt(S)  = 14.0 TeV
  LOOP     = 3
  alphaS(MZ) =   0.11800
          kl =   1.00000
          kv =   1.00000
         k2v =   1.00000
         kth =   1.00000
         kbh =   1.00000
        cHsq =   0.00000
       chdup =   0.00000
         cHw =   0.00000
          cH =   0.00000
         cHb =   0.00000
        cHwb =   0.00000
      cHq1st =   0.00000
      cHq3st =   0.00000
      cHq1rd =   0.00000
      cHq3rd =   0.00000
       cHdst =   0.00000
       cHust =   0.00000
       cHdrd =   0.00000
       cHurd =   0.00000
         cth =   0.00000
         cbh =   0.00000
 --------------

  mH       = 125.0000      GeV
  fact_scale 0.5
  ren_scale  0.5
  Kqq      =   0.20371062038022056            +-    2.0920975498379707E-004
  Kgq      =   -2.0540321861739257E-002       +-    1.3799012867216513E-004
  K_nlo    =    1.1831702985184813            +-    2.5061922749729536E-004
  Kqq2     =    2.3758709730945755E-002       +-    1.9263324953692235E-004
  Kgq2     =   -1.6923312041399810E-002       +-    1.3073172080976870E-004
  Kqqs     =    1.4109079838849042E-003       +-    4.1178047349080932E-006
  Kgg      =    3.1744481436349174E-004       +-    1.7662720937876881E-006
  K_nnlo   =    1.1917340490062756            +-    3.4209417545074154E-004
  sig_LO   = (  0.31367884205605973            +-    1.9176736468588018E-004 ) fb
  sig_NLO  = (  0.37113548919439976            +-    2.0725557929343795E-004 ) fb
  sig_NNLO = (  0.37382175653106808            +-    2.1974909709563051E-004 ) fb

  mH       = 125.0000      GeV
  fact_scale 1.0
  ren_scale  0.5
  Kqq      =   0.27304771530479166            +-    2.6793552617293841E-004
  Kgq      =   -7.4661104223835262E-002       +-    1.4092131142082361E-004
  K_nlo    =    1.1983866110809565            +-    3.0273463990454432E-004
  Kqq2     =    4.2257329668536216E-002       +-    2.8834652744539805E-004
  Kgq2     =   -3.5737334592458161E-002       +-    1.7688592877928053E-004
  Kqqs     =    2.0462581486789021E-003       +-    4.1706860932152505E-006
  Kgg      =    1.2448234219703327E-003       +-    2.1392164205790424E-006
  K_nnlo   =    1.2081976877276839            +-    4.5398522526338310E-004
  sig_LO   = (  0.31061345927323086            +-    1.8950638297040572E-004 ) fb
  sig_NLO  = (  0.37223501081457983            +-    2.1155368020737720E-004 ) fb
  sig_NNLO = (  0.37528246327101455            +-    2.3621514595961675E-004 ) fb

  mH       = 125.0000      GeV
  fact_scale 0.5
  ren_scale  1.0
  Kqq      =   0.18721432660642182            +-    1.9237436952834278E-004
  Kgq      =   -1.8881674922845284E-002       +-    1.2676960574726050E-004
  K_nlo    =    1.1683326516835766            +-    2.3038756692309427E-004
  Kqq2     =    3.4476194295419024E-002       +-    1.4054136286465116E-004
  Kgq2     =   -1.5721258934726010E-002       +-    1.1157127713600370E-004
  Kqqs     =    1.1888451756526819E-003       +-    3.4737709592282545E-006
  Kgg      =    2.6750525869764178E-004       +-    1.4871852213390338E-006
  K_nnlo   =    1.1885439374786200            +-    2.9204919851784475E-004
  sig_LO   = (  0.31367884205605973            +-    1.9176736468588018E-004 ) fb
  sig_NLO  = (  0.36648123331639004            +-    2.0493253371740028E-004 ) fb
  sig_NNLO = (  0.37282108604104336            +-    2.1252541245815148E-004 ) fb

  mH       = 125.0000      GeV
  fact_scale 1.0
  ren_scale  1.0
  Kqq      =   0.25093865847117020            +-    2.4632521979889294E-004
  Kgq      =   -6.8575951599851262E-002       +-    1.2942314748012800E-004
  K_nlo    =    1.1823627068713189            +-    2.7825611406155279E-004
  Kqq2     =    5.4999847490262058E-002       +-    2.1370533762431841E-004
  Kgq2     =   -3.5420993954228486E-002       +-    1.3721780075528632E-004
  Kqqs     =    1.7267393971192107E-003       +-    3.5219169709842032E-006
  Kgg      =    1.0484408171063783E-003       +-    1.8009477238899237E-006
  K_nnlo   =    1.2047167406215780            +-    3.7675032647329178E-004
  sig_LO   = (  0.31061345927323086            +-    1.8950638297040572E-004 ) fb
  sig_NLO  = (  0.36725777049696146            +-    2.0828545403304307E-004 ) fb
  sig_NNLO = (  0.37420123424884000            +-    2.2272678496603040E-004 ) fb

  mH       = 125.0000      GeV
  fact_scale 1.5
  ren_scale  1.0
  Kqq      =   0.28927471735203303            +-    2.9742305988272335E-004
  Kgq      =   -9.6463334737436568E-002       +-    1.2114785244240988E-004
  K_nlo    =    1.1928113826145965            +-    3.2114993180975448E-004
  Kqq2     =    6.6827236271157692E-002       +-    2.7400112140443453E-004
  Kgq2     =   -4.8820332931690941E-002       +-    1.5332086313471011E-004
  Kqqs     =    3.0721910025362544E-003       +-    4.2733366457098281E-006
  Kgg      =    1.7553828793136919E-003       +-    2.0795494958503675E-006
  K_nnlo   =    1.2156458598359132            +-    4.4915895431001194E-004
  sig_LO   = (  0.30847552052583366            +-    1.8789035809292184E-004 ) fb
  sig_NLO  = (  0.36795311214117693            +-    2.1240771132537408E-004 ) fb
  sig_NNLO = (  0.37499698938795789            +-    2.3345266722988190E-004 ) fb

  mH       = 125.0000      GeV
  fact_scale 2.0
  ren_scale  1.0
  Kqq      =   0.31694616025363143            +-    3.3678829490023778E-004
  Kgq      =  -0.11574040272356369            +-    1.3757138051056966E-004
  K_nlo    =    1.2012057575300676            +-    3.6380247431455642E-004
  Kqq2     =    7.5151855513912014E-002       +-    3.2416449853607055E-004
  Kgq2     =   -5.9147470811401641E-002       +-    1.7260031956000345E-004
  Kqqs     =    4.4597618763653844E-003       +-    5.0569841820684941E-006
  Kgg      =    2.3529269906619266E-003       +-    2.4013868018814012E-006
  K_nnlo   =    1.2240228310996051            +-    5.1696912140701480E-004
  sig_LO   = (  0.30684181802497457            +-    1.8671019850986624E-004 ) fb
  sig_NLO  = (  0.36858015846259279            +-    2.1753600459077551E-004 ) fb
  sig_NNLO = (  0.37558139079867936            +-    2.4499685658242374E-004 ) fb

  mH       = 125.0000      GeV
  fact_scale 1.0
  ren_scale  1.5
  Kqq      =   0.23962017680183026            +-    2.3525187236137933E-004
  Kgq      =   -6.5463390721540851E-002       +-    1.2354385926018432E-004
  K_nlo    =    1.1741567860802893            +-    2.6571889020247496E-004
  Kqq2     =    6.0466044197942284E-002       +-    1.8840852624220047E-004
  Kgq2     =   -3.5120325006113257E-002       +-    1.2100383003541634E-004
  Kqqs     =    1.5737724539441303E-003       +-    3.2110655289758166E-006
  Kgg      =    9.5462512973010748E-004       +-    1.6394505929553306E-006
  K_nnlo   =    1.2020309028557927            +-    3.4750428341893990E-004
  sig_LO   = (  0.31061345927323086            +-    1.8950638297040572E-004 ) fb
  sig_NLO  = (  0.36470890105353759            +-    2.0669987416526244E-004 ) fb
  sig_NNLO = (  0.37336697688936266            +-    2.1809082164140503E-004 ) fb

  mH       = 125.0000      GeV
  fact_scale 1.5
  ren_scale  1.5
  Kqq      =   0.27622445229288023            +-    2.8406627344079841E-004
  Kgq      =   -9.2080079054173813E-002       +-    1.1567962412565848E-004
  K_nlo    =    1.1841443732387065            +-    3.0671717125781541E-004
  Kqq2     =    7.2822643413562413E-002       +-    2.3550377951730576E-004
  Kgq2     =   -4.8506038298095168E-002       +-    1.3776759909733070E-004
  Kqqs     =    2.7999714922918423E-003       +-    3.8944700293815750E-006
  Kgg      =    1.5981495974730080E-003       +-    1.8942208832060859E-006
  K_nnlo   =    1.2128590994439388            +-    4.1053150870784430E-004
  sig_LO   = (  0.30847552052583366            +-    1.8789035809292184E-004 ) fb
  sig_NLO  = (  0.36527955191254702            +-    2.1036809527894996E-004 ) fb
  sig_NNLO = (  0.37413734202546278            +-    2.2658376582631904E-004 ) fb

  mH       = 125.0000      GeV
  fact_scale 2.0
  ren_scale  1.5
  Kqq      =   0.30264590601293728            +-    3.2157781242899227E-004
  Kgq      =  -0.11047784162321114            +-    1.3134377368566856E-004
  K_nlo    =    1.1921680643897261            +-    3.4736648706029237E-004
  Kqq2     =    8.1554564767299484E-002       +-    2.7686419271685358E-004
  Kgq2     =   -5.8745838587553764E-002       +-    1.5853826590224191E-004
  Kqqs     =    4.0643500102643349E-003       +-    4.6082016927420491E-006
  Kgg      =    2.1420643773836625E-003       +-    2.1868497366797380E-006
  K_nnlo   =    1.2211832049571201            +-    4.7167537261475189E-004
  sig_LO   = (  0.30684181802497457            +-    1.8671019850986624E-004 ) fb
  sig_NLO  = (  0.36580701626865852            +-    2.1499161365140149E-004 ) fb
  sig_NNLO = (  0.37471007475060780            +-    2.3623588347411565E-004 ) fb

  mH       = 125.0000      GeV
  fact_scale 1.0
  ren_scale  2.0
  Kqq      =   0.23220073410981135            +-    2.2798972576640298E-004
  Kgq      =   -6.3424033158677520E-002       +-    1.1969241702871936E-004
  K_nlo    =    1.1687767009511338            +-    2.5749871795645215E-004
  Kqq2     =    6.3664817723615416E-002       +-    1.8428517615214413E-004
  Kgq2     =   -3.4874235025362819E-002       +-    1.1278909785926470E-004
  Kqqs     =    1.4773888585030098E-003       +-    3.0151005168976291E-006
  Kgg      =    8.9558337933603311E-004       +-    1.5378455741821716E-006
  K_nnlo   =    1.1999402558872254            +-    3.3615391161592501E-004
  sig_LO   = (  0.31061345927323086            +-    1.8950638297040572E-004 ) fb
  sig_NLO  = (  0.36303777420038619            +-    2.0569365643421467E-004 ) fb
  sig_NNLO = (  0.37271759380233693            +-    2.1636759883529867E-004 ) fb

  mH       = 125.0000      GeV
  fact_scale 1.5
  ren_scale  2.0
  Kqq      =   0.26766998669977138            +-    2.7529850901370081E-004
  Kgq      =   -8.9208419497840252E-002       +-    1.1209569029205945E-004
  K_nlo    =    1.1784615672019312            +-    2.9724520660091397E-004
  Kqq2     =    7.6333672393974997E-002       +-    2.2480157842973090E-004
  Kgq2     =   -4.8222926253578137E-002       +-    1.3100361322501824E-004
  Kqqs     =    2.6284526293196948E-003       +-    3.6557729734822052E-006
  Kgg      =    1.4992092128729732E-003       +-    1.7775343948270935E-006
  K_nnlo   =    1.2106999751845207            +-    3.9505560810383015E-004
  sig_LO   = (  0.30847552052583366            +-    1.8789035809292184E-004 ) fb
  sig_NLO  = (  0.36352654536230544            +-    2.0907024905986141E-004 ) fb
  sig_NNLO = (  0.37347130504565895            +-    2.2395057730234571E-004 ) fb

  mH       = 125.0000      GeV
  fact_scale 2.0
  ren_scale  2.0
  Kqq      =   0.29327188530055998            +-    3.1160630107663782E-004
  Kgq      =  -0.10703038560875389            +-    1.2726209072356020E-004
  K_nlo    =    1.1862414996918060            +-    3.3659192890798186E-004
  Kqq2     =    8.5282724382097358E-002       +-    2.5852034545035646E-004
  Kgq2     =   -5.8387736656011616E-002       +-    1.5255475210652463E-004
  Kqqs     =    3.8152288337353702E-003       +-    4.3255152613708680E-006
  Kgg      =    2.0093851548361580E-003       +-    2.0518200564142354E-006
  K_nnlo   =    1.2189611014064632            +-    4.5102413245398637E-004
  sig_LO   = (  0.30684181802497457            +-    1.8671019850986624E-004 ) fb
  sig_NLO  = (  0.36398849838210606            +-    2.1337187174604413E-004 ) fb
  sig_NNLO = (  0.37402824045728461            +-    2.3240769910977358E-004 ) fb

  pp ---> HHW+ + X
  ===============

  PDFSET = PDF4LHC21_40                                NSET =   1
  Sqrt(S)  = 14.0 TeV
  LOOP     = 3
  alphaS(MZ) =   0.11800
          kl =   1.00000
          kv =   1.00000
         k2v =   1.00000
         kth =   1.00000
         kbh =   1.00000
        cHsq =   0.00000
       chdup =   0.00000
         cHw =   0.00000
          cH =   0.00000
         cHb =   0.00000
        cHwb =   0.00000
      cHq1st =   0.00000
      cHq3st =   0.00000
      cHq1rd =   0.00000
      cHq3rd =   0.00000
       cHdst =   0.00000
       cHust =   0.00000
       cHdrd =   0.00000
       cHurd =   0.00000
         cth =   0.00000
         cbh =   0.00000
 --------------

  mH       = 125.0000      GeV
  fact_scale 1.0
  ren_scale  1.0
  Kqq      =   0.25103493417063094            +-    2.4692400995500105E-004
  Kgq      =   -6.8591228076115215E-002       +-    1.2952543375633268E-004
  K_nlo    =    1.1824437060945157            +-    2.7883382987367865E-004
  Kqq2     =    5.5039459924268015E-002       +-    2.1410592748192494E-004
  Kgq2     =   -3.5430716404506769E-002       +-    1.3732290466077660E-004
  Kqqs     =    1.7272185522196270E-003       +-    3.5237017758436707E-006
  Kgg      =    1.0482878475004071E-003       +-    1.8008456322340133E-006
  K_nnlo   =    1.2048279560139972            +-    3.7744256851683785E-004
  sig_LO   = (  0.31072720565384881            +-    1.9029561067686901E-004 ) fb
  sig_NLO  = (  0.36741742863772975            +-    2.0909119259904357E-004 ) fb
  sig_NNLO = (  0.37437282406586753            +-    2.2353391385250643E-004 ) fb

  pp ---> HHW+ + X
  ===============

  PDFSET = PDF4LHC21_40                                NSET =   2
  Sqrt(S)  = 14.0 TeV
  LOOP     = 3
  alphaS(MZ) =   0.11800
          kl =   1.00000
          kv =   1.00000
         k2v =   1.00000
         kth =   1.00000
         kbh =   1.00000
        cHsq =   0.00000
       chdup =   0.00000
         cHw =   0.00000
          cH =   0.00000
         cHb =   0.00000
        cHwb =   0.00000
      cHq1st =   0.00000
      cHq3st =   0.00000
      cHq1rd =   0.00000
      cHq3rd =   0.00000
       cHdst =   0.00000
       cHust =   0.00000
       cHdrd =   0.00000
       cHurd =   0.00000
         cth =   0.00000
         cbh =   0.00000
 --------------

  mH       = 125.0000      GeV
  fact_scale 1.0
  ren_scale  1.0
  Kqq      =   0.25094828039530648            +-    2.4597789937825436E-004
  Kgq      =   -6.8515783569027267E-002       +-    1.2919003616253263E-004
  K_nlo    =    1.1824324968262792            +-    2.7784022823596860E-004
  Kqq2     =    5.5008138909452033E-002       +-    2.1343203320807499E-004
  Kgq2     =   -3.5390236311780350E-002       +-    1.3692071360600519E-004
  Kqqs     =    1.7340506165157228E-003       +-    3.5332913683057867E-006
  Kgg      =    1.0463663954621103E-003       +-    1.7907707238315332E-006
  K_nnlo   =    1.2048308164359287            +-    3.7618000750651851E-004
  sig_LO   = (  0.31000890292863753            +-    1.8879698305948137E-004 ) fb
  sig_NLO  = (  0.36656460112828448            +-    2.0751670996302783E-004 ) fb
  sig_NNLO = (  0.37350827961791694            +-    2.2191062906674357E-004 ) fb

  pp ---> HHW+ + X
  ===============

  PDFSET = PDF4LHC21_40                                NSET =   3
  Sqrt(S)  = 14.0 TeV
  LOOP     = 3
  alphaS(MZ) =   0.11800
          kl =   1.00000
          kv =   1.00000
         k2v =   1.00000
         kth =   1.00000
         kbh =   1.00000
        cHsq =   0.00000
       chdup =   0.00000
         cHw =   0.00000
          cH =   0.00000
         cHb =   0.00000
        cHwb =   0.00000
      cHq1st =   0.00000
      cHq3st =   0.00000
      cHq1rd =   0.00000
      cHq3rd =   0.00000
       cHdst =   0.00000
       cHust =   0.00000
       cHdrd =   0.00000
       cHurd =   0.00000
         cth =   0.00000
         cbh =   0.00000
 --------------

  mH       = 125.0000      GeV
  fact_scale 1.0
  ren_scale  1.0
  Kqq      =   0.25084917552208524            +-    2.4437901159965740E-004
  Kgq      =   -6.8352163343972358E-002       +-    1.2907666944419287E-004
  K_nlo    =    1.1824970121781129            +-    2.7637273365010328E-004
  Kqq2     =    5.4964466527168299E-002       +-    2.1248940660122486E-004
  Kgq2     =   -3.5305194422539099E-002       +-    1.3679900820752340E-004
  Kqqs     =    1.7240765608082735E-003       +-    3.5118908030044126E-006
  Kgg      =    1.0441374886959347E-003       +-    1.7923609312564244E-006
  K_nnlo   =    1.2049244983322462            +-    3.7451722310763463E-004
  sig_LO   = (  0.31105611437194408            +-    1.8803587851718144E-004 ) fb
  sig_NLO  = (  0.36782292586455723            +-    2.0675562966458833E-004 ) fb
  sig_NNLO = (  0.37479913256279251            +-    2.2119850778413034E-004 ) fb

  pp ---> HHW+ + X
  ===============

  PDFSET = PDF4LHC21_40                                NSET =   4
  Sqrt(S)  = 14.0 TeV
  LOOP     = 3
  alphaS(MZ) =   0.11800
          kl =   1.00000
          kv =   1.00000
         k2v =   1.00000
         kth =   1.00000
         kbh =   1.00000
        cHsq =   0.00000
       chdup =   0.00000
         cHw =   0.00000
          cH =   0.00000
         cHb =   0.00000
        cHwb =   0.00000
      cHq1st =   0.00000
      cHq3st =   0.00000
      cHq1rd =   0.00000
      cHq3rd =   0.00000
       cHdst =   0.00000
       cHust =   0.00000
       cHdrd =   0.00000
       cHurd =   0.00000
         cth =   0.00000
         cbh =   0.00000
 --------------

  mH       = 125.0000      GeV
  fact_scale 1.0
  ren_scale  1.0
  Kqq      =   0.25136577089660317            +-    2.4670945322377992E-004
  Kgq      =   -6.9263101415739867E-002       +-    1.3084305126659154E-004
  K_nlo    =    1.1821026694808634            +-    2.7925876597651925E-004
  Kqq2     =    5.5168500126439861E-002       +-    2.1373114449324464E-004
  Kgq2     =   -3.5775092527798473E-002       +-    1.3876006670851581E-004
  Kqqs     =    1.7408070942872026E-003       +-    3.5523321429053535E-006
  Kgg      =    1.0639523770532586E-003       +-    1.8321016708628773E-006
  K_nnlo   =    1.2043008365508454            +-    3.7806982460156517E-004
  sig_LO   = (  0.30685961724349065            +-    1.8719897244621710E-004 ) fb
  sig_NLO  = (  0.36273957269940621            +-    2.0588051469384955E-004 ) fb
  sig_NNLO = (  0.36955129375000795            +-    2.2023348382632616E-004 ) fb

  pp ---> HHW+ + X
  ===============

  PDFSET = PDF4LHC21_40                                NSET =   5
  Sqrt(S)  = 14.0 TeV
  LOOP     = 3
  alphaS(MZ) =   0.11800
          kl =   1.00000
          kv =   1.00000
         k2v =   1.00000
         kth =   1.00000
         kbh =   1.00000
        cHsq =   0.00000
       chdup =   0.00000
         cHw =   0.00000
          cH =   0.00000
         cHb =   0.00000
        cHwb =   0.00000
      cHq1st =   0.00000
      cHq3st =   0.00000
      cHq1rd =   0.00000
      cHq3rd =   0.00000
       cHdst =   0.00000
       cHust =   0.00000
       cHdrd =   0.00000
       cHurd =   0.00000
         cth =   0.00000
         cbh =   0.00000
 --------------

  mH       = 125.0000      GeV
  fact_scale 1.0
  ren_scale  1.0
  Kqq      =   0.25097969711055934            +-    2.4637312613146647E-004
  Kgq      =   -6.8416402464064080E-002       +-    1.2911112307028384E-004
  K_nlo    =    1.1825632946464952            +-    2.7815355359991624E-004
  Kqq2     =    5.5014937323860570E-002       +-    2.1370729972581257E-004
  Kgq2     =   -3.5337618328096392E-002       +-    1.3680802045717025E-004
  Kqqs     =    1.7241748895868920E-003       +-    3.5177602096588087E-006
  Kgg      =    1.0422538723521650E-003       +-    1.7906700110387901E-006
  K_nnlo   =    1.2050070424041985            +-    3.7652652620200663E-004
  sig_LO   = (  0.31054385030158088            +-    1.8945108011520794E-004 ) fb
  sig_NLO  = (  0.36723775874484554            +-    2.0821388496252704E-004 ) fb
  sig_NNLO = (  0.37420752658872020            +-    2.2262944163584317E-004 ) fb

  pp ---> HHW+ + X
  ===============

  PDFSET = PDF4LHC21_40                                NSET =   6
  Sqrt(S)  = 14.0 TeV
  LOOP     = 3
  alphaS(MZ) =   0.11800
          kl =   1.00000
          kv =   1.00000
         k2v =   1.00000
         kth =   1.00000
         kbh =   1.00000
        cHsq =   0.00000
       chdup =   0.00000
         cHw =   0.00000
          cH =   0.00000
         cHb =   0.00000
        cHwb =   0.00000
      cHq1st =   0.00000
      cHq3st =   0.00000
      cHq1rd =   0.00000
      cHq3rd =   0.00000
       cHdst =   0.00000
       cHust =   0.00000
       cHdrd =   0.00000
       cHurd =   0.00000
         cth =   0.00000
         cbh =   0.00000
 --------------

  mH       = 125.0000      GeV
  fact_scale 1.0
  ren_scale  1.0
  Kqq      =   0.25103514298067237            +-    2.4559466453192132E-004
  Kgq      =   -6.8507097693010138E-002       +-    1.2928753209285766E-004
  K_nlo    =    1.1825280452876621            +-    2.7754640188842059E-004
  Kqq2     =    5.5040350972176695E-002       +-    2.1312295382073826E-004
  Kgq2     =   -3.5388432194375430E-002       +-    1.3709333017977775E-004
  Kqqs     =    1.7238837921219024E-003       +-    3.5090741142454150E-006
  Kgg      =    1.0529930835167956E-003       +-    1.8110961920072092E-006
  K_nnlo   =    1.2049568409411020            +-    3.7585046693708221E-004
  sig_LO   = (  0.31030673145193527            +-    1.8835061791205716E-004 ) fb
  sig_NLO  = (  0.36694641258346056            +-    2.0710718882076438E-004 ) fb
  sig_NNLO = (  0.37390621885308289            +-    2.2153614278439768E-004 ) fb

  pp ---> HHW+ + X
  ===============

  PDFSET = PDF4LHC21_40                                NSET =   7
  Sqrt(S)  = 14.0 TeV
  LOOP     = 3
  alphaS(MZ) =   0.11800
          kl =   1.00000
          kv =   1.00000
         k2v =   1.00000
         kth =   1.00000
         kbh =   1.00000
        cHsq =   0.00000
       chdup =   0.00000
         cHw =   0.00000
          cH =   0.00000
         cHb =   0.00000
        cHwb =   0.00000
      cHq1st =   0.00000
      cHq3st =   0.00000
      cHq1rd =   0.00000
      cHq3rd =   0.00000
       cHdst =   0.00000
       cHust =   0.00000
       cHdrd =   0.00000
       cHurd =   0.00000
         cth =   0.00000
         cbh =   0.00000
 --------------

  mH       = 125.0000      GeV
  fact_scale 1.0
  ren_scale  1.0
  Kqq      =   0.25100504737611029            +-    2.4558526433339804E-004
  Kgq      =   -6.8351138913774437E-002       +-    1.2912280783427280E-004
  K_nlo    =    1.1826539084623358            +-    2.7746138751313042E-004
  Kqq2     =    5.5020795414087185E-002       +-    2.1338884779666895E-004
  Kgq2     =   -3.5305217916870933E-002       +-    1.3680725918099795E-004
  Kqqs     =    1.7228917587427909E-003       +-    3.5146979044822366E-006
  Kgg      =    1.0420452275495679E-003       +-    1.7882015755564511E-006
  K_nnlo   =    1.2051344229458443            +-    3.7583427046445993E-004
  sig_LO   = (  0.31080087836051673            +-    1.8896192173728643E-004 ) fb
  sig_NLO  = (  0.36756987354659215            +-    2.0770923184425353E-004 ) fb
  sig_NNLO = (  0.37455683719406291            +-    2.2215106462315025E-004 ) fb

  pp ---> HHW+ + X
  ===============

  PDFSET = PDF4LHC21_40                                NSET =   8
  Sqrt(S)  = 14.0 TeV
  LOOP     = 3
  alphaS(MZ) =   0.11800
          kl =   1.00000
          kv =   1.00000
         k2v =   1.00000
         kth =   1.00000
         kbh =   1.00000
        cHsq =   0.00000
       chdup =   0.00000
         cHw =   0.00000
          cH =   0.00000
         cHb =   0.00000
        cHwb =   0.00000
      cHq1st =   0.00000
      cHq3st =   0.00000
      cHq1rd =   0.00000
      cHq3rd =   0.00000
       cHdst =   0.00000
       cHust =   0.00000
       cHdrd =   0.00000
       cHurd =   0.00000
         cth =   0.00000
         cbh =   0.00000
 --------------

  mH       = 125.0000      GeV
  fact_scale 1.0
  ren_scale  1.0
  Kqq      =   0.25079965895055628            +-    2.4625283176612432E-004
  Kgq      =   -6.8201706427035894E-002       +-    1.2908846033697182E-004
  K_nlo    =    1.1825979525235204            +-    2.7803648635566712E-004
  Kqq2     =    5.4942412951609954E-002       +-    2.1380835085809918E-004
  Kgq2     =   -3.5222844588824326E-002       +-    1.3697395710101103E-004
  Kqqs     =    1.7266358369510861E-003       +-    3.5237370723941427E-006
  Kgg      =    1.0490896953884909E-003       +-    1.8114813763713481E-006
  K_nnlo   =    1.2050932464186455            +-    3.7655791288101624E-004
  sig_LO   = (  0.31050143232696009            +-    1.8957744392915279E-004 ) fb
  sig_NLO  = (  0.36719835812548346            +-    2.0830890935020555E-004 ) fb
  sig_NNLO = (  0.37418317910053572            +-    2.2273371512073305E-004 ) fb

  pp ---> HHW+ + X
  ===============

  PDFSET = PDF4LHC21_40                                NSET =   9
  Sqrt(S)  = 14.0 TeV
  LOOP     = 3
  alphaS(MZ) =   0.11800
          kl =   1.00000
          kv =   1.00000
         k2v =   1.00000
         kth =   1.00000
         kbh =   1.00000
        cHsq =   0.00000
       chdup =   0.00000
         cHw =   0.00000
          cH =   0.00000
         cHb =   0.00000
        cHwb =   0.00000
      cHq1st =   0.00000
      cHq3st =   0.00000
      cHq1rd =   0.00000
      cHq3rd =   0.00000
       cHdst =   0.00000
       cHust =   0.00000
       cHdrd =   0.00000
       cHurd =   0.00000
         cth =   0.00000
         cbh =   0.00000
 --------------

  mH       = 125.0000      GeV
  fact_scale 1.0
  ren_scale  1.0
  Kqq      =   0.25101285824330632            +-    2.4570180096527362E-004
  Kgq      =   -6.8515890063497092E-002       +-    1.2928037062570432E-004
  K_nlo    =    1.1824969681798094            +-    2.7763787426555910E-004
  Kqq2     =    5.5027594091099037E-002       +-    2.1317208489867999E-004
  Kgq2     =   -3.5391032758290267E-002       +-    1.3710953850302467E-004
  Kqqs     =    1.7277405416680272E-003       +-    3.5185157241722862E-006
  Kgg      =    1.0478281876098007E-003       +-    1.8000989515870121E-006
  K_nnlo   =    1.2049090982418962            +-    3.7595182253102270E-004
  sig_LO   = (  0.31166714320052002            +-    1.8940047818811407E-004 ) fb
  sig_NLO  = (  0.36854545191587734            +-    2.0823084885196740E-004 ) fb
  sig_NNLO = (  0.37553057646536636            +-    2.2271456845653363E-004 ) fb

  pp ---> HHW+ + X
  ===============

  PDFSET = PDF4LHC21_40                                NSET =  10
  Sqrt(S)  = 14.0 TeV
  LOOP     = 3
  alphaS(MZ) =   0.11800
          kl =   1.00000
          kv =   1.00000
         k2v =   1.00000
         kth =   1.00000
         kbh =   1.00000
        cHsq =   0.00000
       chdup =   0.00000
         cHw =   0.00000
          cH =   0.00000
         cHb =   0.00000
        cHwb =   0.00000
      cHq1st =   0.00000
      cHq3st =   0.00000
      cHq1rd =   0.00000
      cHq3rd =   0.00000
       cHdst =   0.00000
       cHust =   0.00000
       cHdrd =   0.00000
       cHurd =   0.00000
         cth =   0.00000
         cbh =   0.00000
 --------------

  mH       = 125.0000      GeV
  fact_scale 1.0
  ren_scale  1.0
  Kqq      =   0.25096028779180357            +-    2.4656561083104614E-004
  Kgq      =   -6.8426087042498779E-002       +-    1.2918546879748245E-004
  K_nlo    =    1.1825342007493047            +-    2.7835855616975780E-004
  Kqq2     =    5.5006896598965030E-002       +-    2.1391948169583629E-004
  Kgq2     =   -3.5348557681479355E-002       +-    1.3697192652987645E-004
  Kqqs     =    1.7268040197732934E-003       +-    3.5243306317066535E-006
  Kgg      =    1.0431752834275847E-003       +-    1.7964517727176288E-006
  K_nnlo   =    1.2049625189699913            +-    3.7685804654353155E-004
  sig_LO   = (  0.31022478075938287            +-    1.8952054857821293E-004 ) fb
  sig_NLO  = (  0.36685141316792513            +-    2.0826666475230176E-004 ) fb
  sig_NNLO = (  0.37380923327073934            +-    2.2267948097150697E-004 ) fb

  pp ---> HHW+ + X
  ===============

  PDFSET = PDF4LHC21_40                                NSET =  11
  Sqrt(S)  = 14.0 TeV
  LOOP     = 3
  alphaS(MZ) =   0.11800
          kl =   1.00000
          kv =   1.00000
         k2v =   1.00000
         kth =   1.00000
         kbh =   1.00000
        cHsq =   0.00000
       chdup =   0.00000
         cHw =   0.00000
          cH =   0.00000
         cHb =   0.00000
        cHwb =   0.00000
      cHq1st =   0.00000
      cHq3st =   0.00000
      cHq1rd =   0.00000
      cHq3rd =   0.00000
       cHdst =   0.00000
       cHust =   0.00000
       cHdrd =   0.00000
       cHurd =   0.00000
         cth =   0.00000
         cbh =   0.00000
 --------------

  mH       = 125.0000      GeV
  fact_scale 1.0
  ren_scale  1.0
  Kqq      =   0.25075431766663803            +-    2.4606180651891963E-004
  Kgq      =   -6.8485470644522858E-002       +-    1.2926196275343623E-004
  K_nlo    =    1.1822688470221152            +-    2.7794795851422433E-004
  Kqq2     =    5.4924499766893606E-002       +-    2.1356795729293948E-004
  Kgq2     =   -3.5375609781575522E-002       +-    1.3705751991304661E-004
  Kqqs     =    1.7250976393101997E-003       +-    3.5177517310120596E-006
  Kgg      =    1.0459316402134039E-003       +-    1.7971528795954178E-006
  K_nnlo   =    1.2045887662869568            +-    3.7638638142862272E-004
  sig_LO   = (  0.31139558652983934            +-    1.8982188611180346E-004 ) fb
  sig_NLO  = (  0.36815330105440847            +-    2.0862300188592518E-004 ) fb
  sig_NNLO = (  0.37510362540518255            +-    2.2309050645292401E-004 ) fb

  pp ---> HHW+ + X
  ===============

  PDFSET = PDF4LHC21_40                                NSET =  12
  Sqrt(S)  = 14.0 TeV
  LOOP     = 3
  alphaS(MZ) =   0.11800
          kl =   1.00000
          kv =   1.00000
         k2v =   1.00000
         kth =   1.00000
         kbh =   1.00000
        cHsq =   0.00000
       chdup =   0.00000
         cHw =   0.00000
          cH =   0.00000
         cHb =   0.00000
        cHwb =   0.00000
      cHq1st =   0.00000
      cHq3st =   0.00000
      cHq1rd =   0.00000
      cHq3rd =   0.00000
       cHdst =   0.00000
       cHust =   0.00000
       cHdrd =   0.00000
       cHurd =   0.00000
         cth =   0.00000
         cbh =   0.00000
 --------------

  mH       = 125.0000      GeV
  fact_scale 1.0
  ren_scale  1.0
  Kqq      =   0.25078359382278315            +-    2.4584348186312198E-004
  Kgq      =   -6.8505323450694253E-002       +-    1.2924660823883995E-004
  K_nlo    =    1.1822782703720889            +-    2.7774755321303436E-004
  Kqq2     =    5.4939219564664403E-002       +-    2.1324344776464186E-004
  Kgq2     =   -3.5384594025925781E-002       +-    1.3708454178607384E-004
  Kqqs     =    1.7255333817090426E-003       +-    3.5149051901033859E-006
  Kgg      =    1.0472949753649948E-003       +-    1.7991263477928186E-006
  K_nnlo   =    1.2046057242679014            +-    3.7606413594118150E-004
  sig_LO   = (  0.31226325357872253            +-    1.8992769697173315E-004 ) fb
  sig_NLO  = (  0.36918205934181303            +-    2.0879340145928328E-004 ) fb
  sig_NNLO = (  0.37615410273944838            +-    2.2329928870841697E-004 ) fb

  pp ---> HHW+ + X
  ===============

  PDFSET = PDF4LHC21_40                                NSET =  13
  Sqrt(S)  = 14.0 TeV
  LOOP     = 3
  alphaS(MZ) =   0.11800
          kl =   1.00000
          kv =   1.00000
         k2v =   1.00000
         kth =   1.00000
         kbh =   1.00000
        cHsq =   0.00000
       chdup =   0.00000
         cHw =   0.00000
          cH =   0.00000
         cHb =   0.00000
        cHwb =   0.00000
      cHq1st =   0.00000
      cHq3st =   0.00000
      cHq1rd =   0.00000
      cHq3rd =   0.00000
       cHdst =   0.00000
       cHust =   0.00000
       cHdrd =   0.00000
       cHurd =   0.00000
         cth =   0.00000
         cbh =   0.00000
 --------------

  mH       = 125.0000      GeV
  fact_scale 1.0
  ren_scale  1.0
  Kqq      =   0.25099043992636355            +-    2.4635714053457399E-004
  Kgq      =   -6.8546258028493179E-002       +-    1.2935749225847544E-004
  K_nlo    =    1.1824441818978704            +-    2.7825384363162599E-004
  Kqq2     =    5.5015703990835801E-002       +-    2.1374163044673837E-004
  Kgq2     =   -3.5406029554642317E-002       +-    1.3713104939192967E-004
  Kqqs     =    1.7241374950056070E-003       +-    3.5171373654408053E-006
  Kgg      =    1.0447533867856042E-003       +-    1.7938697400142306E-006
  K_nnlo   =    1.2048227472158552            +-    3.7673757313682802E-004
  sig_LO   = (  0.31038889643628270            +-    1.8943918367682591E-004 ) fb
  sig_NLO  = (  0.36701754471678311            +-    2.0819809394989741E-004 ) fb
  sig_NNLO = (  0.37396360290965963            +-    2.2262308024164240E-004 ) fb

  pp ---> HHW+ + X
  ===============

  PDFSET = PDF4LHC21_40                                NSET =  14
  Sqrt(S)  = 14.0 TeV
  LOOP     = 3
  alphaS(MZ) =   0.11800
          kl =   1.00000
          kv =   1.00000
         k2v =   1.00000
         kth =   1.00000
         kbh =   1.00000
        cHsq =   0.00000
       chdup =   0.00000
         cHw =   0.00000
          cH =   0.00000
         cHb =   0.00000
        cHwb =   0.00000
      cHq1st =   0.00000
      cHq3st =   0.00000
      cHq1rd =   0.00000
      cHq3rd =   0.00000
       cHdst =   0.00000
       cHust =   0.00000
       cHdrd =   0.00000
       cHurd =   0.00000
         cth =   0.00000
         cbh =   0.00000
 --------------

  mH       = 125.0000      GeV
  fact_scale 1.0
  ren_scale  1.0
  Kqq      =   0.25096536003970843            +-    2.4555992982736952E-004
  Kgq      =   -6.8385471736417347E-002       +-    1.2908895677450131E-004
  K_nlo    =    1.1825798883032910            +-    2.7742321081328377E-004
  Kqq2     =    5.5008678431672169E-002       +-    2.1314436029401402E-004
  Kgq2     =   -3.5323233072695276E-002       +-    1.3683993605835356E-004
  Kqqs     =    1.7248508608397905E-003       +-    3.5132647855215647E-006
  Kgg      =    1.0430212476046806E-003       +-    1.7902016922996532E-006
  K_nnlo   =    1.2050332057707123            +-    3.7567921445709869E-004
  sig_LO   = (  0.31131755581718079            +-    1.8893233171487776E-004 ) fb
  sig_NLO  = (  0.36815788038513525            +-    2.0773693842349788E-004 ) fb
  sig_NNLO = (  0.37514799229908008            +-    2.2220266220579165E-004 ) fb

  pp ---> HHW+ + X
  ===============

  PDFSET = PDF4LHC21_40                                NSET =  15
  Sqrt(S)  = 14.0 TeV
  LOOP     = 3
  alphaS(MZ) =   0.11800
          kl =   1.00000
          kv =   1.00000
         k2v =   1.00000
         kth =   1.00000
         kbh =   1.00000
        cHsq =   0.00000
       chdup =   0.00000
         cHw =   0.00000
          cH =   0.00000
         cHb =   0.00000
        cHwb =   0.00000
      cHq1st =   0.00000
      cHq3st =   0.00000
      cHq1rd =   0.00000
      cHq3rd =   0.00000
       cHdst =   0.00000
       cHust =   0.00000
       cHdrd =   0.00000
       cHurd =   0.00000
         cth =   0.00000
         cbh =   0.00000
 --------------

  mH       = 125.0000      GeV
  fact_scale 1.0
  ren_scale  1.0
  Kqq      =   0.25098459133949880            +-    2.4598545708231367E-004
  Kgq      =   -6.8398916908945201E-002       +-    1.2898002963301433E-004
  K_nlo    =    1.1825856744305536            +-    2.7774933508494318E-004
  Kqq2     =    5.5019269610519728E-002       +-    2.1343712406996895E-004
  Kgq2     =   -3.5339241887681318E-002       +-    1.3671131907719078E-004
  Kqqs     =    1.7235140784257097E-003       +-    3.5138951760353575E-006
  Kgg      =    1.0398268586000211E-003       +-    1.7832824875943222E-006
  K_nnlo   =    1.2050290430904180            +-    3.7603937478800217E-004
  sig_LO   = (  0.31081796240865645            +-    1.8923962894820518E-004 ) fb
  sig_NLO  = (  0.36756886970017144            +-    2.0800100166689576E-004 ) fb
  sig_NNLO = (  0.37454467181661666            +-    2.2242419608149944E-004 ) fb

  pp ---> HHW+ + X
  ===============

  PDFSET = PDF4LHC21_40                                NSET =  16
  Sqrt(S)  = 14.0 TeV
  LOOP     = 3
  alphaS(MZ) =   0.11800
          kl =   1.00000
          kv =   1.00000
         k2v =   1.00000
         kth =   1.00000
         kbh =   1.00000
        cHsq =   0.00000
       chdup =   0.00000
         cHw =   0.00000
          cH =   0.00000
         cHb =   0.00000
        cHwb =   0.00000
      cHq1st =   0.00000
      cHq3st =   0.00000
      cHq1rd =   0.00000
      cHq3rd =   0.00000
       cHdst =   0.00000
       cHust =   0.00000
       cHdrd =   0.00000
       cHurd =   0.00000
         cth =   0.00000
         cbh =   0.00000
 --------------

  mH       = 125.0000      GeV
  fact_scale 1.0
  ren_scale  1.0
  Kqq      =   0.25076678230324639            +-    2.4634535236451926E-004
  Kgq      =   -6.8589207794317777E-002       +-    1.2949273827595181E-004
  K_nlo    =    1.1821775745089287            +-    2.7830630948256151E-004
  Kqq2     =    5.4929416266036632E-002       +-    2.1371173668238504E-004
  Kgq2     =   -3.5426874334519208E-002       +-    1.3730665838576162E-004
  Kqqs     =    1.7202155098512914E-003       +-    3.5088415364273523E-006
  Kgg      =    1.0485656171369481E-003       +-    1.8038893217712658E-006
  K_nnlo   =    1.2044488975674341            +-    3.7682329110112290E-004
  sig_LO   = (  0.31143567139329725            +-    1.9011861692198854E-004 ) fb
  sig_NLO  = (  0.36817226662328784            +-    2.0894391494098781E-004 ) fb
  sig_NNLO = (  0.37510835107283053            +-    2.2342240178599033E-004 ) fb

  pp ---> HHW+ + X
  ===============

  PDFSET = PDF4LHC21_40                                NSET =  17
  Sqrt(S)  = 14.0 TeV
  LOOP     = 3
  alphaS(MZ) =   0.11800
          kl =   1.00000
          kv =   1.00000
         k2v =   1.00000
         kth =   1.00000
         kbh =   1.00000
        cHsq =   0.00000
       chdup =   0.00000
         cHw =   0.00000
          cH =   0.00000
         cHb =   0.00000
        cHwb =   0.00000
      cHq1st =   0.00000
      cHq3st =   0.00000
      cHq1rd =   0.00000
      cHq3rd =   0.00000
       cHdst =   0.00000
       cHust =   0.00000
       cHdrd =   0.00000
       cHurd =   0.00000
         cth =   0.00000
         cbh =   0.00000
 --------------

  mH       = 125.0000      GeV
  fact_scale 1.0
  ren_scale  1.0
  Kqq      =   0.25121951747033794            +-    2.4611635669507728E-004
  Kgq      =   -6.8163756294620390E-002       +-    1.2863095649259205E-004
  K_nlo    =    1.1830557611757175            +-    2.7770341013580950E-004
  Kqq2     =    5.5105088299365126E-002       +-    2.1337717719879240E-004
  Kgq2     =   -3.5207708313370424E-002       +-    1.3636906680019703E-004
  Kqqs     =    1.7184662281508035E-003       +-    3.5032549547074689E-006
  Kgg      =    1.0414590585960438E-003       +-    1.7878754143516360E-006
  K_nnlo   =    1.2057130664484592            +-    3.7584703726930451E-004
  sig_LO   = (  0.31217157898935810            +-    1.9007326462719502E-004 ) fb
  sig_NLO  = (  0.36931638499868069            +-    2.0890953743553096E-004 ) fb
  sig_NNLO = (  0.37638935176131633            +-    2.2336939041101128E-004 ) fb

  pp ---> HHW+ + X
  ===============

  PDFSET = PDF4LHC21_40                                NSET =  18
  Sqrt(S)  = 14.0 TeV
  LOOP     = 3
  alphaS(MZ) =   0.11800
          kl =   1.00000
          kv =   1.00000
         k2v =   1.00000
         kth =   1.00000
         kbh =   1.00000
        cHsq =   0.00000
       chdup =   0.00000
         cHw =   0.00000
          cH =   0.00000
         cHb =   0.00000
        cHwb =   0.00000
      cHq1st =   0.00000
      cHq3st =   0.00000
      cHq1rd =   0.00000
      cHq3rd =   0.00000
       cHdst =   0.00000
       cHust =   0.00000
       cHdrd =   0.00000
       cHurd =   0.00000
         cth =   0.00000
         cbh =   0.00000
 --------------

  mH       = 125.0000      GeV
  fact_scale 1.0
  ren_scale  1.0
  Kqq      =   0.25087067554974174            +-    2.4582640960191737E-004
  Kgq      =   -6.8244167624970861E-002       +-    1.2871564176036743E-004
  K_nlo    =    1.1826265079247711            +-    2.7748574754670352E-004
  Kqq2     =    5.4970539522791448E-002       +-    2.1341994410783370E-004
  Kgq2     =   -3.5249739279603919E-002       +-    1.3642325164105442E-004
  Kqqs     =    1.7234618233915673E-003       +-    3.5134682098296612E-006
  Kgg      =    1.0371798324511987E-003       +-    1.7787053520857313E-006
  K_nnlo   =    1.2051079498238015            +-    3.7573025493624172E-004
  sig_LO   = (  0.31254323463259714            +-    1.9026965017322983E-004 ) fb
  sig_NLO  = (  0.36962191414906065            +-    2.0910282086183612E-004 ) fb
  sig_NNLO = (  0.37664833671938835            +-    2.2359070301852945E-004 ) fb

  pp ---> HHW+ + X
  ===============

  PDFSET = PDF4LHC21_40                                NSET =  19
  Sqrt(S)  = 14.0 TeV
  LOOP     = 3
  alphaS(MZ) =   0.11800
          kl =   1.00000
          kv =   1.00000
         k2v =   1.00000
         kth =   1.00000
         kbh =   1.00000
        cHsq =   0.00000
       chdup =   0.00000
         cHw =   0.00000
          cH =   0.00000
         cHb =   0.00000
        cHwb =   0.00000
      cHq1st =   0.00000
      cHq3st =   0.00000
      cHq1rd =   0.00000
      cHq3rd =   0.00000
       cHdst =   0.00000
       cHust =   0.00000
       cHdrd =   0.00000
       cHurd =   0.00000
         cth =   0.00000
         cbh =   0.00000
 --------------

  mH       = 125.0000      GeV
  fact_scale 1.0
  ren_scale  1.0
  Kqq      =   0.25120778580239606            +-    2.4623496435980768E-004
  Kgq      =   -6.8999765412295092E-002       +-    1.3025137574889783E-004
  K_nlo    =    1.1822080203901009            +-    2.7856252181109422E-004
  Kqq2     =    5.5105347023537955E-002       +-    2.1365114165269918E-004
  Kgq2     =   -3.5639127632837858E-002       +-    1.3811316683437887E-004
  Kqqs     =    1.7333092969621174E-003       +-    3.5352337579830783E-006
  Kgg      =    1.0561854914881662E-003       +-    1.8164933951621382E-006
  K_nnlo   =    1.2044637345692510            +-    3.7727302218189057E-004
  sig_LO   = (  0.30882484361374601            +-    1.8795468668007009E-004 ) fb
  sig_NLO  = (  0.36509520701588916            +-    2.0670658833208048E-004 ) fb
  sig_NNLO = (  0.37196832446677752            +-    2.2113761121927072E-004 ) fb

  pp ---> HHW+ + X
  ===============

  PDFSET = PDF4LHC21_40                                NSET =  20
  Sqrt(S)  = 14.0 TeV
  LOOP     = 3
  alphaS(MZ) =   0.11800
          kl =   1.00000
          kv =   1.00000
         k2v =   1.00000
         kth =   1.00000
         kbh =   1.00000
        cHsq =   0.00000
       chdup =   0.00000
         cHw =   0.00000
          cH =   0.00000
         cHb =   0.00000
        cHwb =   0.00000
      cHq1st =   0.00000
      cHq3st =   0.00000
      cHq1rd =   0.00000
      cHq3rd =   0.00000
       cHdst =   0.00000
       cHust =   0.00000
       cHdrd =   0.00000
       cHurd =   0.00000
         cth =   0.00000
         cbh =   0.00000
 --------------

  mH       = 125.0000      GeV
  fact_scale 1.0
  ren_scale  1.0
  Kqq      =   0.25087336644214259            +-    2.4609613016253771E-004
  Kgq      =   -6.8453134553640715E-002       +-    1.2918538711915515E-004
  K_nlo    =    1.1824202318885018            +-    2.7794274505031191E-004
  Kqq2     =    5.4975342225932797E-002       +-    2.1360083032281359E-004
  Kgq2     =   -3.5358317352474272E-002       +-    1.3695844196672790E-004
  Kqqs     =    1.7245741604806817E-003       +-    3.5168360304659371E-006
  Kgg      =    1.0477125964093040E-003       +-    1.7996975665420339E-006
  K_nnlo   =    1.2048095435188502            +-    3.7636512340232577E-004
  sig_LO   = (  0.31155813116250108            +-    1.8994937246059109E-004 ) fb
  sig_NLO  = (  0.36839263769591279            +-    2.0875706916945443E-004 ) fb
  sig_NNLO = (  0.37536820978547902            +-    2.2322764453945490E-004 ) fb

  pp ---> HHW+ + X
  ===============

  PDFSET = PDF4LHC21_40                                NSET =  21
  Sqrt(S)  = 14.0 TeV
  LOOP     = 3
  alphaS(MZ) =   0.11800
          kl =   1.00000
          kv =   1.00000
         k2v =   1.00000
         kth =   1.00000
         kbh =   1.00000
        cHsq =   0.00000
       chdup =   0.00000
         cHw =   0.00000
          cH =   0.00000
         cHb =   0.00000
        cHwb =   0.00000
      cHq1st =   0.00000
      cHq3st =   0.00000
      cHq1rd =   0.00000
      cHq3rd =   0.00000
       cHdst =   0.00000
       cHust =   0.00000
       cHdrd =   0.00000
       cHurd =   0.00000
         cth =   0.00000
         cbh =   0.00000
 --------------

  mH       = 125.0000      GeV
  fact_scale 1.0
  ren_scale  1.0
  Kqq      =   0.25124865744865915            +-    2.4669409643573656E-004
  Kgq      =   -6.9104254489720449E-002       +-    1.3044548459291454E-004
  K_nlo    =    1.1821444029589387            +-    2.7905913650501537E-004
  Kqq2     =    5.5133109472938445E-002       +-    2.1366067624485608E-004
  Kgq2     =   -3.5692437552808431E-002       +-    1.3829830433631407E-004
  Kqqs     =    1.7397945157647083E-003       +-    3.5477749295355473E-006
  Kgg      =    1.0569287320979794E-003       +-    1.8158660691209983E-006
  K_nnlo   =    1.2043817981269314            +-    3.7771310713180891E-004
  sig_LO   = (  0.30809821641559693            +-    1.8795826821535848E-004 ) fb
  sig_NLO  = (  0.36421658209732971            +-    2.0668928882534941E-004 ) fb
  sig_NNLO = (  0.37106788388631706            +-    2.2106769088767512E-004 ) fb

  pp ---> HHW+ + X
  ===============

  PDFSET = PDF4LHC21_40                                NSET =  22
  Sqrt(S)  = 14.0 TeV
  LOOP     = 3
  alphaS(MZ) =   0.11800
          kl =   1.00000
          kv =   1.00000
         k2v =   1.00000
         kth =   1.00000
         kbh =   1.00000
        cHsq =   0.00000
       chdup =   0.00000
         cHw =   0.00000
          cH =   0.00000
         cHb =   0.00000
        cHwb =   0.00000
      cHq1st =   0.00000
      cHq3st =   0.00000
      cHq1rd =   0.00000
      cHq3rd =   0.00000
       cHdst =   0.00000
       cHust =   0.00000
       cHdrd =   0.00000
       cHurd =   0.00000
         cth =   0.00000
         cbh =   0.00000
 --------------

  mH       = 125.0000      GeV
  fact_scale 1.0
  ren_scale  1.0
  Kqq      =   0.25096774679725170            +-    2.4631079757323111E-004
  Kgq      =   -6.8735961585436642E-002       +-    1.2984945847972781E-004
  K_nlo    =    1.1822317852118152            +-    2.7844189855091812E-004
  Kqq2     =    5.5010493248376431E-002       +-    2.1358264096124681E-004
  Kgq2     =   -3.5503229374984152E-002       +-    1.3772601882563079E-004
  Kqqs     =    1.7270618219190651E-003       +-    3.5223764830075300E-006
  Kgg      =    1.0551072321254129E-003       +-    1.8184890961437354E-006
  K_nnlo   =    1.2045212181392519            +-    3.7700345580492960E-004
  sig_LO   = (  0.30985790005329200            +-    1.8892317846033879E-004 ) fb
  sig_NLO  = (  0.36632385834198755            +-    2.0769150416341981E-004 ) fb
  sig_NNLO = (  0.37323041522226180            +-    2.2212225341510853E-004 ) fb

  pp ---> HHW+ + X
  ===============

  PDFSET = PDF4LHC21_40                                NSET =  23
  Sqrt(S)  = 14.0 TeV
  LOOP     = 3
  alphaS(MZ) =   0.11800
          kl =   1.00000
          kv =   1.00000
         k2v =   1.00000
         kth =   1.00000
         kbh =   1.00000
        cHsq =   0.00000
       chdup =   0.00000
         cHw =   0.00000
          cH =   0.00000
         cHb =   0.00000
        cHwb =   0.00000
      cHq1st =   0.00000
      cHq3st =   0.00000
      cHq1rd =   0.00000
      cHq3rd =   0.00000
       cHdst =   0.00000
       cHust =   0.00000
       cHdrd =   0.00000
       cHurd =   0.00000
         cth =   0.00000
         cbh =   0.00000
 --------------

  mH       = 125.0000      GeV
  fact_scale 1.0
  ren_scale  1.0
  Kqq      =   0.25097238952873319            +-    2.4637183503011618E-004
  Kgq      =   -6.8586816572442172E-002       +-    1.2945212359502509E-004
  K_nlo    =    1.1823855729562911            +-    2.7831085749458005E-004
  Kqq2     =    5.5013397193988858E-002       +-    2.1361842215381955E-004
  Kgq2     =   -3.5426022949513636E-002       +-    1.3726173294850624E-004
  Kqqs     =    1.7277666301245751E-003       +-    3.5237675494578920E-006
  Kgg      =    1.0492847234748743E-003       +-    1.8025816598882110E-006
  K_nnlo   =    1.2047499985543657            +-    3.7675749926612760E-004
  sig_LO   = (  0.31048529109037815            +-    1.8933808360917663E-004 ) fb
  sig_NLO  = (  0.36711332880039760            +-    2.0812458942939086E-004 ) fb
  sig_NNLO = (  0.37405715399228490            +-    2.2255939268437763E-004 ) fb

  pp ---> HHW+ + X
  ===============

  PDFSET = PDF4LHC21_40                                NSET =  24
  Sqrt(S)  = 14.0 TeV
  LOOP     = 3
  alphaS(MZ) =   0.11800
          kl =   1.00000
          kv =   1.00000
         k2v =   1.00000
         kth =   1.00000
         kbh =   1.00000
        cHsq =   0.00000
       chdup =   0.00000
         cHw =   0.00000
          cH =   0.00000
         cHb =   0.00000
        cHwb =   0.00000
      cHq1st =   0.00000
      cHq3st =   0.00000
      cHq1rd =   0.00000
      cHq3rd =   0.00000
       cHdst =   0.00000
       cHust =   0.00000
       cHdrd =   0.00000
       cHurd =   0.00000
         cth =   0.00000
         cbh =   0.00000
 --------------

  mH       = 125.0000      GeV
  fact_scale 1.0
  ren_scale  1.0
  Kqq      =   0.25083393499842810            +-    2.4680154894838626E-004
  Kgq      =   -6.8442075994544854E-002       +-    1.2914850702518783E-004
  K_nlo    =    1.1823918590038833            +-    2.7855042888166171E-004
  Kqq2     =    5.4959714660263274E-002       +-    2.1408608769937627E-004
  Kgq2     =   -3.5352022123584126E-002       +-    1.3692227132177995E-004
  Kqqs     =    1.7244993380396458E-003       +-    3.5192246581193558E-006
  Kgg      =    1.0477121269098400E-003       +-    1.8001178717820791E-006
  K_nnlo   =    1.2047717630055119            +-    3.7707628953176635E-004
  sig_LO   = (  0.31120217111550685            +-    1.9061746543855623E-004 ) fb
  sig_NLO  = (  0.36796291363130873            +-    2.0940246830958067E-004 ) fb
  sig_NNLO = (  0.37492758834597217            +-    2.2384219250714705E-004 ) fb

  pp ---> HHW+ + X
  ===============

  PDFSET = PDF4LHC21_40                                NSET =  25
  Sqrt(S)  = 14.0 TeV
  LOOP     = 3
  alphaS(MZ) =   0.11800
          kl =   1.00000
          kv =   1.00000
         k2v =   1.00000
         kth =   1.00000
         kbh =   1.00000
        cHsq =   0.00000
       chdup =   0.00000
         cHw =   0.00000
          cH =   0.00000
         cHb =   0.00000
        cHwb =   0.00000
      cHq1st =   0.00000
      cHq3st =   0.00000
      cHq1rd =   0.00000
      cHq3rd =   0.00000
       cHdst =   0.00000
       cHust =   0.00000
       cHdrd =   0.00000
       cHurd =   0.00000
         cth =   0.00000
         cbh =   0.00000
 --------------

  mH       = 125.0000      GeV
  fact_scale 1.0
  ren_scale  1.0
  Kqq      =   0.25093601183449482            +-    2.4626973210845429E-004
  Kgq      =   -6.8644207925906212E-002       +-    1.2957330978068777E-004
  K_nlo    =    1.1822918039085886            +-    2.7827688290674082E-004
  Kqq2     =    5.5002212017882593E-002       +-    2.1371268908490588E-004
  Kgq2     =   -3.5457805947506298E-002       +-    1.3740377204912653E-004
  Kqqs     =    1.7258773075264427E-003       +-    3.5195454176066643E-006
  Kgg      =    1.0549798033656899E-003       +-    1.8140761350047913E-006
  K_nnlo   =    1.2046170670898568            +-    3.7683764631694125E-004
  sig_LO   = (  0.31000547445154875            +-    1.8908127607403677E-004 ) fb
  sig_NLO  = (  0.36651693161085946            +-    2.0783114748586153E-004 ) fb
  sig_NNLO = (  0.37343788541562428            +-    2.2225896234304718E-004 ) fb

  pp ---> HHW+ + X
  ===============

  PDFSET = PDF4LHC21_40                                NSET =  26
  Sqrt(S)  = 14.0 TeV
  LOOP     = 3
  alphaS(MZ) =   0.11800
          kl =   1.00000
          kv =   1.00000
         k2v =   1.00000
         kth =   1.00000
         kbh =   1.00000
        cHsq =   0.00000
       chdup =   0.00000
         cHw =   0.00000
          cH =   0.00000
         cHb =   0.00000
        cHwb =   0.00000
      cHq1st =   0.00000
      cHq3st =   0.00000
      cHq1rd =   0.00000
      cHq3rd =   0.00000
       cHdst =   0.00000
       cHust =   0.00000
       cHdrd =   0.00000
       cHurd =   0.00000
         cth =   0.00000
         cbh =   0.00000
 --------------

  mH       = 125.0000      GeV
  fact_scale 1.0
  ren_scale  1.0
  Kqq      =   0.25089235307497626            +-    2.4587675444225727E-004
  Kgq      =   -6.8469015878691433E-002       +-    1.2926393982023768E-004
  K_nlo    =    1.1824233371962849            +-    2.7778506891643420E-004
  Kqq2     =    5.4982622899025418E-002       +-    2.1342397867260573E-004
  Kgq2     =   -3.5365257240536505E-002       +-    1.3705638956897678E-004
  Kqqs     =    1.7267194597764951E-003       +-    3.5153836696969961E-006
  Kgg      =    1.0469262373086915E-003       +-    1.7974342856967156E-006
  K_nnlo   =    1.2048143485518590            +-    3.7618397334202404E-004
  sig_LO   = (  0.31102920506641452            +-    1.8943046569041124E-004 ) fb
  sig_NLO  = (  0.36776819062013744            +-    2.0820359037208776E-004 ) fb
  sig_NNLO = (  0.37473244908269471            +-    2.2265193612715676E-004 ) fb

  pp ---> HHW+ + X
  ===============

  PDFSET = PDF4LHC21_40                                NSET =  27
  Sqrt(S)  = 14.0 TeV
  LOOP     = 3
  alphaS(MZ) =   0.11800
          kl =   1.00000
          kv =   1.00000
         k2v =   1.00000
         kth =   1.00000
         kbh =   1.00000
        cHsq =   0.00000
       chdup =   0.00000
         cHw =   0.00000
          cH =   0.00000
         cHb =   0.00000
        cHwb =   0.00000
      cHq1st =   0.00000
      cHq3st =   0.00000
      cHq1rd =   0.00000
      cHq3rd =   0.00000
       cHdst =   0.00000
       cHust =   0.00000
       cHdrd =   0.00000
       cHurd =   0.00000
         cth =   0.00000
         cbh =   0.00000
 --------------

  mH       = 125.0000      GeV
  fact_scale 1.0
  ren_scale  1.0
  Kqq      =   0.25095898102827269            +-    2.4653422397882558E-004
  Kgq      =   -6.8648477802027055E-002       +-    1.2957961101601903E-004
  K_nlo    =    1.1823105032262455            +-    2.7851391201141917E-004
  Kqq2     =    5.5007663773576021E-002       +-    2.1381848479066535E-004
  Kgq2     =   -3.5457594625114074E-002       +-    1.3736919937684932E-004
  Kqqs     =    1.7275299121661122E-003       +-    3.5241193294996914E-006
  Kgg      =    1.0487175367074792E-003       +-    1.8017067390682095E-006
  K_nnlo   =    1.2046368198235813            +-    3.7706008290952687E-004
  sig_LO   = (  0.31060134725878252            +-    1.8968912777923082E-004 ) fb
  sig_NLO  = (  0.36722723518028105            +-    2.0848355091929575E-004 ) fb
  sig_NNLO = (  0.37416181919473962            +-    2.2293042643196757E-004 ) fb

  pp ---> HHW+ + X
  ===============

  PDFSET = PDF4LHC21_40                                NSET =  28
  Sqrt(S)  = 14.0 TeV
  LOOP     = 3
  alphaS(MZ) =   0.11800
          kl =   1.00000
          kv =   1.00000
         k2v =   1.00000
         kth =   1.00000
         kbh =   1.00000
        cHsq =   0.00000
       chdup =   0.00000
         cHw =   0.00000
          cH =   0.00000
         cHb =   0.00000
        cHwb =   0.00000
      cHq1st =   0.00000
      cHq3st =   0.00000
      cHq1rd =   0.00000
      cHq3rd =   0.00000
       cHdst =   0.00000
       cHust =   0.00000
       cHdrd =   0.00000
       cHurd =   0.00000
         cth =   0.00000
         cbh =   0.00000
 --------------

  mH       = 125.0000      GeV
  fact_scale 1.0
  ren_scale  1.0
  Kqq      =   0.25093354813057311            +-    2.4636209877910243E-004
  Kgq      =   -6.8357161861105825E-002       +-    1.2900195630170604E-004
  K_nlo    =    1.1825763862694674            +-    2.7809312908540462E-004
  Kqq2     =    5.4999696867215918E-002       +-    2.1367251663035374E-004
  Kgq2     =   -3.5308060990752857E-002       +-    1.3674909369497821E-004
  Kqqs     =    1.7272372463816217E-003       +-    3.5234871948261732E-006
  Kgg      =    1.0437492559973948E-003       +-    1.7914121827327479E-006
  K_nnlo   =    1.2050390086483096            +-    3.7644079422092234E-004
  sig_LO   = (  0.31098574428871267            +-    1.8973734350647114E-004 ) fb
  sig_NLO  = (  0.36776439766226643            +-    2.0851754983756325E-004 ) fb
  sig_NNLO = (  0.37474995300142688            +-    2.2294643015909114E-004 ) fb

  pp ---> HHW+ + X
  ===============

  PDFSET = PDF4LHC21_40                                NSET =  29
  Sqrt(S)  = 14.0 TeV
  LOOP     = 3
  alphaS(MZ) =   0.11800
          kl =   1.00000
          kv =   1.00000
         k2v =   1.00000
         kth =   1.00000
         kbh =   1.00000
        cHsq =   0.00000
       chdup =   0.00000
         cHw =   0.00000
          cH =   0.00000
         cHb =   0.00000
        cHwb =   0.00000
      cHq1st =   0.00000
      cHq3st =   0.00000
      cHq1rd =   0.00000
      cHq3rd =   0.00000
       cHdst =   0.00000
       cHust =   0.00000
       cHdrd =   0.00000
       cHurd =   0.00000
         cth =   0.00000
         cbh =   0.00000
 --------------

  mH       = 125.0000      GeV
  fact_scale 1.0
  ren_scale  1.0
  Kqq      =   0.25093379317355546            +-    2.4619090949186775E-004
  Kgq      =   -6.8404629993024893E-002       +-    1.2906828407820335E-004
  K_nlo    =    1.1825291631805306            +-    2.7797227536451328E-004
  Kqq2     =    5.4998974825430320E-002       +-    2.1363212758111625E-004
  Kgq2     =   -3.5333679509439969E-002       +-    1.3683629725216122E-004
  Kqqs     =    1.7281328750683655E-003       +-    3.5241362297726426E-006
  Kgg      =    1.0444991021553531E-003       +-    1.7931573564380271E-006
  K_nnlo   =    1.2049670904737448            +-    3.7636030476301816E-004
  sig_LO   = (  0.31134464234631437            +-    1.8983537390327373E-004 ) fb
  sig_NLO  = (  0.36817411937452871            +-    2.0863254092666795E-004 ) fb
  sig_NNLO = (  0.37516004782262702            +-    2.2308764572131126E-004 ) fb

  pp ---> HHW+ + X
  ===============

  PDFSET = PDF4LHC21_40                                NSET =  30
  Sqrt(S)  = 14.0 TeV
  LOOP     = 3
  alphaS(MZ) =   0.11800
          kl =   1.00000
          kv =   1.00000
         k2v =   1.00000
         kth =   1.00000
         kbh =   1.00000
        cHsq =   0.00000
       chdup =   0.00000
         cHw =   0.00000
          cH =   0.00000
         cHb =   0.00000
        cHwb =   0.00000
      cHq1st =   0.00000
      cHq3st =   0.00000
      cHq1rd =   0.00000
      cHq3rd =   0.00000
       cHdst =   0.00000
       cHust =   0.00000
       cHdrd =   0.00000
       cHurd =   0.00000
         cth =   0.00000
         cbh =   0.00000
 --------------

  mH       = 125.0000      GeV
  fact_scale 1.0
  ren_scale  1.0
  Kqq      =   0.25090996137318755            +-    2.4592643103690923E-004
  Kgq      =   -6.8531430122421702E-002       +-    1.2925646893483685E-004
  K_nlo    =    1.1823785312507658            +-    2.7782556441777298E-004
  Kqq2     =    5.4988226519374024E-002       +-    2.1341781466421703E-004
  Kgq2     =   -3.5395758143324199E-002       +-    1.3700134973198115E-004
  Kqqs     =    1.7241005757446344E-003       +-    3.5149561512630280E-006
  Kgg      =    1.0470008331759262E-003       +-    1.7941241693162215E-006
  K_nnlo   =    1.2047421010357362            +-    3.7619031285609817E-004
  sig_LO   = (  0.31112151833703100            +-    1.8943553010289540E-004 ) fb
  sig_NLO  = (  0.36786340389184696            +-    2.0822407029052700E-004 ) fb
  sig_NNLO = (  0.37482119167878314            +-    2.2267553221456409E-004 ) fb

  pp ---> HHW+ + X
  ===============

  PDFSET = PDF4LHC21_40                                NSET =  31
  Sqrt(S)  = 14.0 TeV
  LOOP     = 3
  alphaS(MZ) =   0.11800
          kl =   1.00000
          kv =   1.00000
         k2v =   1.00000
         kth =   1.00000
         kbh =   1.00000
        cHsq =   0.00000
       chdup =   0.00000
         cHw =   0.00000
          cH =   0.00000
         cHb =   0.00000
        cHwb =   0.00000
      cHq1st =   0.00000
      cHq3st =   0.00000
      cHq1rd =   0.00000
      cHq3rd =   0.00000
       cHdst =   0.00000
       cHust =   0.00000
       cHdrd =   0.00000
       cHurd =   0.00000
         cth =   0.00000
         cbh =   0.00000
 --------------

  mH       = 125.0000      GeV
  fact_scale 1.0
  ren_scale  1.0
  Kqq      =   0.25098215175474003            +-    2.4706579679760097E-004
  Kgq      =   -6.8577834900242371E-002       +-    1.2956075839176494E-004
  K_nlo    =    1.1824043168544975            +-    2.7897580192963461E-004
  Kqq2     =    5.5012717196694129E-002       +-    2.1446138088351550E-004
  Kgq2     =   -3.5421907167988306E-002       +-    1.3732509831252242E-004
  Kqqs     =    1.7258218587620200E-003       +-    3.5280379120613830E-006
  Kgg      =    1.0464756831927045E-003       +-    1.7964193228949641E-006
  K_nnlo   =    1.2047674244251581            +-    3.7774996856807761E-004
  sig_LO   = (  0.30998278293428566            +-    1.9030608981320400E-004 ) fb
  sig_NLO  = (  0.36652498069207007            +-    2.0903301086415695E-004 ) fb
  sig_NNLO = (  0.37345715901188226            +-    2.2344546958208428E-004 ) fb

  pp ---> HHW+ + X
  ===============

  PDFSET = PDF4LHC21_40                                NSET =  32
  Sqrt(S)  = 14.0 TeV
  LOOP     = 3
  alphaS(MZ) =   0.11800
          kl =   1.00000
          kv =   1.00000
         k2v =   1.00000
         kth =   1.00000
         kbh =   1.00000
        cHsq =   0.00000
       chdup =   0.00000
         cHw =   0.00000
          cH =   0.00000
         cHb =   0.00000
        cHwb =   0.00000
      cHq1st =   0.00000
      cHq3st =   0.00000
      cHq1rd =   0.00000
      cHq3rd =   0.00000
       cHdst =   0.00000
       cHust =   0.00000
       cHdrd =   0.00000
       cHurd =   0.00000
         cth =   0.00000
         cbh =   0.00000
 --------------

  mH       = 125.0000      GeV
  fact_scale 1.0
  ren_scale  1.0
  Kqq      =   0.25090988326363783            +-    2.4622286655078777E-004
  Kgq      =   -6.8554533719149727E-002       +-    1.2940065855465748E-004
  K_nlo    =    1.1823553495444881            +-    2.7815504749485688E-004
  Kqq2     =    5.4989767054079659E-002       +-    2.1364712167643368E-004
  Kgq2     =   -3.5409449889030498E-002       +-    1.3720031857606454E-004
  Kqqs     =    1.7269573869517813E-003       +-    3.5220718131103936E-006
  Kgg      =    1.0478591967546260E-003       +-    1.8001706344641553E-006
  K_nnlo   =    1.2047104832932438            +-    3.7663629149224908E-004
  sig_LO   = (  0.31088307022727141            +-    1.8961488712859842E-004 ) fb
  sig_NLO  = (  0.36757426116602909            +-    2.0840226816467005E-004 ) fb
  sig_NNLO = (  0.37452409378118351            +-    2.2285384809604274E-004 ) fb

  pp ---> HHW+ + X
  ===============

  PDFSET = PDF4LHC21_40                                NSET =  33
  Sqrt(S)  = 14.0 TeV
  LOOP     = 3
  alphaS(MZ) =   0.11800
          kl =   1.00000
          kv =   1.00000
         k2v =   1.00000
         kth =   1.00000
         kbh =   1.00000
        cHsq =   0.00000
       chdup =   0.00000
         cHw =   0.00000
          cH =   0.00000
         cHb =   0.00000
        cHwb =   0.00000
      cHq1st =   0.00000
      cHq3st =   0.00000
      cHq1rd =   0.00000
      cHq3rd =   0.00000
       cHdst =   0.00000
       cHust =   0.00000
       cHdrd =   0.00000
       cHurd =   0.00000
         cth =   0.00000
         cbh =   0.00000
 --------------

  mH       = 125.0000      GeV
  fact_scale 1.0
  ren_scale  1.0
  Kqq      =   0.25090686657095579            +-    2.4604707073350450E-004
  Kgq      =   -6.8496397527983893E-002       +-    1.2928743040689078E-004
  K_nlo    =    1.1824104690429718            +-    2.7794675871064731E-004
  Kqq2     =    5.4987514402383211E-002       +-    2.1347844677241468E-004
  Kgq2     =   -3.5379801383976416E-002       +-    1.3706788697371618E-004
  Kqqs     =    1.7257229394465634E-003       +-    3.5184812482516760E-006
  Kgg      =    1.0467933561521035E-003       +-    1.7986775599964881E-006
  K_nnlo   =    1.2047906983569774            +-    3.7633850255430420E-004
  sig_LO   = (  0.31068648720230946            +-    1.8926626322192700E-004 ) fb
  sig_NLO  = (  0.36735895505819599            +-    2.0803553514718223E-004 ) fb
  sig_NNLO = (  0.37431218988654652            +-    2.2246971371513383E-004 ) fb

  pp ---> HHW+ + X
  ===============

  PDFSET = PDF4LHC21_40                                NSET =  34
  Sqrt(S)  = 14.0 TeV
  LOOP     = 3
  alphaS(MZ) =   0.11800
          kl =   1.00000
          kv =   1.00000
         k2v =   1.00000
         kth =   1.00000
         kbh =   1.00000
        cHsq =   0.00000
       chdup =   0.00000
         cHw =   0.00000
          cH =   0.00000
         cHb =   0.00000
        cHwb =   0.00000
      cHq1st =   0.00000
      cHq3st =   0.00000
      cHq1rd =   0.00000
      cHq3rd =   0.00000
       cHdst =   0.00000
       cHust =   0.00000
       cHdrd =   0.00000
       cHurd =   0.00000
         cth =   0.00000
         cbh =   0.00000
 --------------

  mH       = 125.0000      GeV
  fact_scale 1.0
  ren_scale  1.0
  Kqq      =   0.25084363974513335            +-    2.4517523947315125E-004
  Kgq      =   -6.8566301343299982E-002       +-    1.2943726905513802E-004
  K_nlo    =    1.1822773384018335            +-    2.7724520675959259E-004
  Kqq2     =    5.4960833922364546E-002       +-    2.1276788086537274E-004
  Kgq2     =   -3.5416525472440667E-002       +-    1.3729984172957264E-004
  Kqqs     =    1.7271328945837649E-003       +-    3.5148076095690500E-006
  Kgg      =    1.0506625453729642E-003       +-    1.8060825583859925E-006
  K_nnlo   =    1.2045994422917143            +-    3.7550224785587688E-004
  sig_LO   = (  0.31158232577682349            +-    1.8875176262976394E-004 ) fb
  sig_NLO  = (  0.36837672281247580            +-    2.0758021433657281E-004 ) fb
  sig_NNLO = (  0.37533189585871668            +-    2.2207250168955952E-004 ) fb

  pp ---> HHW+ + X
  ===============

  PDFSET = PDF4LHC21_40                                NSET =  35
  Sqrt(S)  = 14.0 TeV
  LOOP     = 3
  alphaS(MZ) =   0.11800
          kl =   1.00000
          kv =   1.00000
         k2v =   1.00000
         kth =   1.00000
         kbh =   1.00000
        cHsq =   0.00000
       chdup =   0.00000
         cHw =   0.00000
          cH =   0.00000
         cHb =   0.00000
        cHwb =   0.00000
      cHq1st =   0.00000
      cHq3st =   0.00000
      cHq1rd =   0.00000
      cHq3rd =   0.00000
       cHdst =   0.00000
       cHust =   0.00000
       cHdrd =   0.00000
       cHurd =   0.00000
         cth =   0.00000
         cbh =   0.00000
 --------------

  mH       = 125.0000      GeV
  fact_scale 1.0
  ren_scale  1.0
  Kqq      =   0.25087232510896146            +-    2.4625720577600252E-004
  Kgq      =   -6.8502412673398086E-002       +-    1.2926008021364561E-004
  K_nlo    =    1.1823699124355633            +-    2.7812008149977690E-004
  Kqq2     =    5.4973231053506738E-002       +-    2.1370564484286868E-004
  Kgq2     =   -3.5383182303711465E-002       +-    1.3704982309549200E-004
  Kqqs     =    1.7250784888973212E-003       +-    3.5182163212854512E-006
  Kgg      =    1.0476250063699813E-003       +-    1.7993997594742291E-006
  K_nnlo   =    1.2047326646806260            +-    3.7658883688610883E-004
  sig_LO   = (  0.31105931391146380            +-    1.8974788221054478E-004 ) fb
  sig_NLO  = (  0.36778717375176384            +-    2.0853910320128697E-004 ) fb
  sig_NNLO = (  0.37474331612228506            +-    2.2299412924843735E-004 ) fb

  pp ---> HHW+ + X
  ===============

  PDFSET = PDF4LHC21_40                                NSET =  36
  Sqrt(S)  = 14.0 TeV
  LOOP     = 3
  alphaS(MZ) =   0.11800
          kl =   1.00000
          kv =   1.00000
         k2v =   1.00000
         kth =   1.00000
         kbh =   1.00000
        cHsq =   0.00000
       chdup =   0.00000
         cHw =   0.00000
          cH =   0.00000
         cHb =   0.00000
        cHwb =   0.00000
      cHq1st =   0.00000
      cHq3st =   0.00000
      cHq1rd =   0.00000
      cHq3rd =   0.00000
       cHdst =   0.00000
       cHust =   0.00000
       cHdrd =   0.00000
       cHurd =   0.00000
         cth =   0.00000
         cbh =   0.00000
 --------------

  mH       = 125.0000      GeV
  fact_scale 1.0
  ren_scale  1.0
  Kqq      =   0.25096816361279550            +-    2.4637419751678586E-004
  Kgq      =   -6.8738411512194564E-002       +-    1.2975803030664654E-004
  K_nlo    =    1.1822297521006011            +-    2.7845536739502943E-004
  Kqq2     =    5.5009310903103202E-002       +-    2.1371824225126793E-004
  Kgq2     =   -3.5503259633522785E-002       +-    1.3755426423636154E-004
  Kqqs     =    1.7261868435377165E-003       +-    3.5210584923599740E-006
  Kgg      =    1.0545605167048128E-003       +-    1.8135390629059245E-006
  K_nnlo   =    1.2045165507304239            +-    3.7702750707145828E-004
  sig_LO   = (  0.31032364252892330            +-    1.8935920474451553E-004 ) fb
  sig_NLO  = (  0.36687384297792452            +-    2.0814374457402471E-004 ) fb
  sig_NNLO = (  0.37378996350903981            +-    2.2258939095233735E-004 ) fb

  pp ---> HHW+ + X
  ===============

  PDFSET = PDF4LHC21_40                                NSET =  37
  Sqrt(S)  = 14.0 TeV
  LOOP     = 3
  alphaS(MZ) =   0.11800
          kl =   1.00000
          kv =   1.00000
         k2v =   1.00000
         kth =   1.00000
         kbh =   1.00000
        cHsq =   0.00000
       chdup =   0.00000
         cHw =   0.00000
          cH =   0.00000
         cHb =   0.00000
        cHwb =   0.00000
      cHq1st =   0.00000
      cHq3st =   0.00000
      cHq1rd =   0.00000
      cHq3rd =   0.00000
       cHdst =   0.00000
       cHust =   0.00000
       cHdrd =   0.00000
       cHurd =   0.00000
         cth =   0.00000
         cbh =   0.00000
 --------------

  mH       = 125.0000      GeV
  fact_scale 1.0
  ren_scale  1.0
  Kqq      =   0.25088389870455480            +-    2.4636642693835016E-004
  Kgq      =   -6.8578157279522767E-002       +-    1.2939115234490847E-004
  K_nlo    =    1.1823057414250320            +-    2.7827771493152794E-004
  Kqq2     =    5.4980019860360760E-002       +-    2.1377409894983706E-004
  Kgq2     =   -3.5422733805230679E-002       +-    1.3719581155259775E-004
  Kqqs     =    1.7264300279906711E-003       +-    3.5208362765649736E-006
  Kgg      =    1.0478949239405456E-003       +-    1.7998566041375650E-006
  K_nnlo   =    1.2046373524320932            +-    3.7679726443909492E-004
  sig_LO   = (  0.31075690887059332            +-    1.8965225771927702E-004 ) fb
  sig_NLO  = (  0.36740967754519799            +-    2.0843752635336113E-004 ) fb
  sig_NNLO = (  0.37434937995185286            +-    2.2288696244607056E-004 ) fb

  pp ---> HHW+ + X
  ===============

  PDFSET = PDF4LHC21_40                                NSET =  38
  Sqrt(S)  = 14.0 TeV
  LOOP     = 3
  alphaS(MZ) =   0.11800
          kl =   1.00000
          kv =   1.00000
         k2v =   1.00000
         kth =   1.00000
         kbh =   1.00000
        cHsq =   0.00000
       chdup =   0.00000
         cHw =   0.00000
          cH =   0.00000
         cHb =   0.00000
        cHwb =   0.00000
      cHq1st =   0.00000
      cHq3st =   0.00000
      cHq1rd =   0.00000
      cHq3rd =   0.00000
       cHdst =   0.00000
       cHust =   0.00000
       cHdrd =   0.00000
       cHurd =   0.00000
         cth =   0.00000
         cbh =   0.00000
 --------------

  mH       = 125.0000      GeV
  fact_scale 1.0
  ren_scale  1.0
  Kqq      =   0.25065155040558085            +-    2.4609869964876063E-004
  Kgq      =   -6.8213535979450929E-002       +-    1.2875490234862450E-004
  K_nlo    =    1.1824380144261299            +-    2.7774519770396521E-004
  Kqq2     =    5.4890637994749344E-002       +-    2.1375623337153705E-004
  Kgq2     =   -3.5232586163464141E-002       +-    1.3650608506715728E-004
  Kqqs     =    1.7200035419844596E-003       +-    3.5080350976877559E-006
  Kgg      =    1.0430231675016993E-003       +-    1.7912129570634250E-006
  K_nnlo   =    1.2048590929669012            +-    3.7614298899124506E-004
  sig_LO   = (  0.31217832797523426            +-    1.9050464191182754E-004 ) fb
  sig_NLO  = (  0.36913152227790513            +-    2.0930827617409559E-004 ) fb
  sig_NNLO = (  0.37613089708816461            +-    2.2378637451427638E-004 ) fb

  pp ---> HHW+ + X
  ===============

  PDFSET = PDF4LHC21_40                                NSET =  39
  Sqrt(S)  = 14.0 TeV
  LOOP     = 3
  alphaS(MZ) =   0.11800
          kl =   1.00000
          kv =   1.00000
         k2v =   1.00000
         kth =   1.00000
         kbh =   1.00000
        cHsq =   0.00000
       chdup =   0.00000
         cHw =   0.00000
          cH =   0.00000
         cHb =   0.00000
        cHwb =   0.00000
      cHq1st =   0.00000
      cHq3st =   0.00000
      cHq1rd =   0.00000
      cHq3rd =   0.00000
       cHdst =   0.00000
       cHust =   0.00000
       cHdrd =   0.00000
       cHurd =   0.00000
         cth =   0.00000
         cbh =   0.00000
 --------------

  mH       = 125.0000      GeV
  fact_scale 1.0
  ren_scale  1.0
  Kqq      =   0.25086931781128524            +-    2.4635818240973322E-004
  Kgq      =   -6.8696897470793938E-002       +-    1.2968871413566329E-004
  K_nlo    =    1.1821724203404913            +-    2.7840890182318021E-004
  Kqq2     =    5.4970642661964490E-002       +-    2.1373863020380894E-004
  Kgq2     =   -3.5482050133442515E-002       +-    1.3751779027268611E-004
  Kqqs     =    1.7244703854095934E-003       +-    3.5184107917954325E-006
  Kgg      =    1.0520483777487928E-003       +-    1.8084182387525612E-006
  K_nnlo   =    1.2044375316321716            +-    3.7699139365282374E-004
  sig_LO   = (  0.31045847759640760            +-    1.8945326416038922E-004 ) fb
  sig_NLO  = (  0.36701544987536938            +-    2.0823891438176838E-004 ) fb
  sig_NNLO = (  0.37392784243049909            +-    2.2269023701959235E-004 ) fb

  pp ---> HHW+ + X
  ===============

  PDFSET = PDF4LHC21_40                                NSET =  40
  Sqrt(S)  = 14.0 TeV
  LOOP     = 3
  alphaS(MZ) =   0.11800
          kl =   1.00000
          kv =   1.00000
         k2v =   1.00000
         kth =   1.00000
         kbh =   1.00000
        cHsq =   0.00000
       chdup =   0.00000
         cHw =   0.00000
          cH =   0.00000
         cHb =   0.00000
        cHwb =   0.00000
      cHq1st =   0.00000
      cHq3st =   0.00000
      cHq1rd =   0.00000
      cHq3rd =   0.00000
       cHdst =   0.00000
       cHust =   0.00000
       cHdrd =   0.00000
       cHurd =   0.00000
         cth =   0.00000
         cbh =   0.00000
 --------------

  mH       = 125.0000      GeV
  fact_scale 1.0
  ren_scale  1.0
  Kqq      =   0.25093894168169201            +-    2.4642746823324571E-004
  Kgq      =   -6.8520335366340918E-002       +-    1.2930622823737340E-004
  K_nlo    =    1.1824186063153512            +-    2.7829228836031915E-004
  Kqq2     =    5.4999869279518394E-002       +-    2.1378329788752007E-004
  Kgq2     =   -3.5392804902259448E-002       +-    1.3709549920175228E-004
  Kqqs     =    1.7259152185402414E-003       +-    3.5206390603573018E-006
  Kgg      =    1.0485231955505213E-003       +-    1.8006201534348382E-006
  K_nnlo   =    1.2048001091067011            +-    3.7677673660962014E-004
  sig_LO   = (  0.31051296033689441            +-    1.8956132906628570E-004 ) fb
  sig_NLO  = (  0.36715630180440456            +-    2.0832850659707787E-004 ) fb
  sig_NNLO = (  0.37410604849293499            +-    2.2275795725947036E-004 ) fb

  pp ---> HHW+ + X
  ===============

  PDFSET = PDF4LHC21_40                                NSET =  41
  Sqrt(S)  = 14.0 TeV
  LOOP     = 3
  alphaS(MZ) =   0.11700
          kl =   1.00000
          kv =   1.00000
         k2v =   1.00000
         kth =   1.00000
         kbh =   1.00000
        cHsq =   0.00000
       chdup =   0.00000
         cHw =   0.00000
          cH =   0.00000
         cHb =   0.00000
        cHwb =   0.00000
      cHq1st =   0.00000
      cHq3st =   0.00000
      cHq1rd =   0.00000
      cHq3rd =   0.00000
       cHdst =   0.00000
       cHust =   0.00000
       cHdrd =   0.00000
       cHurd =   0.00000
         cth =   0.00000
         cbh =   0.00000
 --------------

  mH       = 125.0000      GeV
  fact_scale 1.0
  ren_scale  1.0
  Kqq      =   0.24903844728653732            +-    2.4462050787136093E-004
  Kgq      =   -6.7308351079820472E-002       +-    1.2703061858361592E-004
  K_nlo    =    1.1817300962067168            +-    2.7563739029561767E-004
  Kqq2     =    5.4179169227961517E-002       +-    2.1102115730596790E-004
  Kgq2     =   -3.4536677504047660E-002       +-    1.3378496404511147E-004
  Kqqs     =    1.6985204732101664E-003       +-    3.4649127304023193E-006
  Kgg      =    1.0117932841008663E-003       +-    1.7362580479002204E-006
  K_nnlo   =    1.2040829016879417            +-    3.7204749236692709E-004
  sig_LO   = (  0.31155276588681091            +-    1.9035591581207333E-004 ) fb
  sig_NLO  = (  0.36817128000488974            +-    2.0883005499845877E-004 ) fb
  sig_NNLO = (  0.37513535837789519            +-    2.2287006308797588E-004 ) fb

  pp ---> HHW+ + X
  ===============

  PDFSET = PDF4LHC21_40                                NSET =  42
  Sqrt(S)  = 14.0 TeV
  LOOP     = 3
  alphaS(MZ) =   0.11900
          kl =   1.00000
          kv =   1.00000
         k2v =   1.00000
         kth =   1.00000
         kbh =   1.00000
        cHsq =   0.00000
       chdup =   0.00000
         cHw =   0.00000
          cH =   0.00000
         cHb =   0.00000
        cHwb =   0.00000
      cHq1st =   0.00000
      cHq3st =   0.00000
      cHq1rd =   0.00000
      cHq3rd =   0.00000
       cHdst =   0.00000
       cHust =   0.00000
       cHdrd =   0.00000
       cHurd =   0.00000
         cth =   0.00000
         cbh =   0.00000
 --------------

  mH       = 125.0000      GeV
  fact_scale 1.0
  ren_scale  1.0
  Kqq      =   0.25266103813782154            +-    2.4776006612590063E-004
  Kgq      =   -6.7824257703095539E-002       +-    1.2804398086112086E-004
  K_nlo    =    1.1848367804347260            +-    2.7889121786365688E-004
  Kqq2     =    5.5754840256404786E-002       +-    2.1652573353990752E-004
  Kgq2     =   -3.5269145867677397E-002       +-    1.3667799835544289E-004
  Kqqs     =    1.7517427987467937E-003       +-    3.5713901706199628E-006
  Kgg      =    1.0301846196463912E-003       +-    1.7746392958767058E-006
  K_nnlo   =    1.2081044022418463            +-    3.7862974538894914E-004
  sig_LO   = (  0.31217877197971483            +-    1.9032987761087469E-004 ) fb
  sig_NLO  = (  0.36988089111251177            +-    2.0929784545705812E-004 ) fb
  sig_NNLO = (  0.37714454871514713            +-    2.2404629488411687E-004 ) fb

