  pp ---> HHZ + X
  ===============

  PDFSET = PDF4LHC21_40                                NSET =   0
  Sqrt(S)  = 14.0 TeV
  LOOP     = 3
  alphaS(MZ) =   0.11800
          kl =   6.60000
          kv =   0.90000
         k2v =   1.60000
         kth =   0.00000
         kbh =   1.00000
 --------------

  mH       = 125.0000      GeV
  fact_scale 0.5
  ren_scale  0.5
  Kqq      =   0.20620432181330589            +-    1.7158174341087363E-004
  Kgq      =   -2.6886739639413355E-002       +-    1.4066292105285280E-004
  K_nlo    =    1.1793175821738924            +-    2.2187012424171933E-004
  Kqq2     =    2.4572358072801167E-002       +-    1.6689762558449368E-004
  Kgq2     =   -2.0085504671987438E-002       +-    1.3850660348488239E-004
  Kqqs     =    1.5534326313735899E-003       +-    4.0310513988473069E-006
  Kgg      =    5.2202891190455340E-004       +-    2.7508875853029443E-006
  Kgghhz   =   0.49301575960183608            +-    1.4855495333533349E-003
  K_nnlo   =    1.1858798971179842            +-    3.1030479439348563E-004
  K_nnlo2  =    1.6788956567198203            +-    1.5176120984856092E-003
  sig_LO   = (   2.3963312757264834            +-    1.2534979922618561E-003 ) fb
  sig_NLO  = (   2.8260356061774359            +-    1.3615927426682221E-003 ) fb
  sig_NNLO = (   2.8417610867191305            +-    1.4574593959692358E-003 ) fb
  sig_HHZ  = (   4.0231901708790598            +-    3.8466678858498369E-003 ) fb

  mH       = 125.0000      GeV
  fact_scale 1.0
  ren_scale  0.5
  Kqq      =   0.27986081229256254            +-    2.1586456366903226E-004
  Kgq      =   -8.7420108036095026E-002       +-    1.4166224692583373E-004
  K_nlo    =    1.1924407042564675            +-    2.5819702177232325E-004
  Kqq2     =    4.4398404467352069E-002       +-    2.4778645203022407E-004
  Kgq2     =   -4.1986189867116684E-002       +-    1.7666649232505300E-004
  Kqqs     =    2.4129971331070151E-003       +-    4.0195898556822518E-006
  Kgg      =    2.0382063672930305E-003       +-    3.2406605377278864E-006
  Kgghhz   =   0.46036030790733395            +-    1.3846519823106041E-003
  K_nnlo   =    1.1993041223571028            +-    3.9912596552415733E-004
  K_nnlo2  =    1.6596644302644368            +-    1.4410283302115461E-003
  sig_LO   = (   2.3723345842657273            +-    1.2404969638258097E-003 ) fb
  sig_NLO  = (   2.8288683223937978            +-    1.3834830611243786E-003 ) fb
  sig_NNLO = (   2.8451506465202110            +-    1.5605695129064494E-003 ) fb
  sig_HHZ  = (   3.9372793261919981            +-    3.6367111338438452E-003 ) fb

  mH       = 125.0000      GeV
  fact_scale 0.5
  ren_scale  1.0
  Kqq      =   0.18951186450969060            +-    1.5772273385191051E-004
  Kgq      =   -2.4714440956336282E-002       +-    1.2918658744230977E-004
  K_nlo    =    1.1647974235533542            +-    2.0387651936579196E-004
  Kqq2     =    3.5444546319315005E-002       +-    1.2015837651629630E-004
  Kgq2     =   -1.8847213160661735E-002       +-    1.1844048399823938E-004
  Kqqs     =    1.3094329575846591E-003       +-    3.3985771557595859E-006
  Kgg      =    4.4009644280739720E-004       +-    2.3167156140851114E-006
  Kgghhz   =   0.41754909598356138            +-    1.2603107689428995E-003
  K_nnlo   =    1.1831442861123993            +-    2.6466721811248099E-004
  K_nnlo2  =    1.6006933820959608            +-    1.2878012155052667E-003
  sig_LO   = (   2.3963312757264834            +-    1.2534979922618561E-003 ) fb
  sig_NLO  = (   2.7912404959465307            +-    1.3453415435543362E-003 ) fb
  sig_NNLO = (   2.8352056565082262            +-    1.4048150523001983E-003 ) fb
  sig_HHZ  = (   3.8357916143649540            +-    3.3308621867479634E-003 ) fb

  mH       = 125.0000      GeV
  fact_scale 1.0
  ren_scale  1.0
  Kqq      =   0.25720319892045435            +-    1.9846527359872629E-004
  Kgq      =   -8.0300183484787430E-002       +-    1.3005847930484276E-004
  K_nlo    =    1.1769030154356670            +-    2.3728394986535751E-004
  Kqq2     =    5.7494244444221868E-002       +-    1.7957907633831075E-004
  Kgq2     =   -4.1635541591827883E-002       +-    1.3666096628549274E-004
  Kqqs     =    2.0365188463417018E-003       +-    3.3911617146388755E-006
  Kgg      =    1.7174050561096763E-003       +-    2.7279457552050059E-006
  Kgghhz   =   0.38984532599496968            +-    1.1743400287767042E-003
  K_nnlo   =    1.1965156421905123            +-    3.2748660872488982E-004
  K_nnlo2  =    1.5863609681854820            +-    1.2191480558494114E-003
  sig_LO   = (   2.3723345842657273            +-    1.2404969638258097E-003 ) fb
  sig_NLO  = (   2.7920077258446536            +-    1.3622438022285735E-003 ) fb
  sig_NNLO = (   2.8385354385834685            +-    1.4637002626981177E-003 ) fb
  sig_HHZ  = (   3.7633789879556820            +-    3.1470319816358653E-003 ) fb

  mH       = 125.0000      GeV
  fact_scale 1.5
  ren_scale  1.0
  Kqq      =   0.29774076046202719            +-    2.3279313425727508E-004
  Kgq      =  -0.11138459326527179            +-    1.2249364463076337E-004
  K_nlo    =    1.1863561671967555            +-    2.6305386583788014E-004
  Kqq2     =    7.0257163862370395E-002       +-    2.3086951134238819E-004
  Kgq2     =   -5.7304290362077029E-002       +-    1.5394768821921733E-004
  Kqqs     =    3.5326369099717373E-003       +-    4.1031132518060074E-006
  Kgg      =    2.8673662847766004E-003       +-    3.0763813996588742E-006
  Kgghhz   =   0.37537394859004092            +-    1.1299225505170640E-003
  K_nnlo   =    1.2057090438917972            +-    3.8239280585366825E-004
  K_nnlo2  =    1.5810829924818381            +-    1.1928743555528504E-003
  sig_LO   = (   2.3556214429877000            +-    1.2315907487019993E-003 ) fb
  sig_NLO  = (   2.7946060264693782            +-    1.3786908633204086E-003 ) fb
  sig_NNLO = (   2.8401940777957155            +-    1.5258463936276938E-003 ) fb
  sig_HHZ  = (   3.7244330002333785            +-    3.0680112910745081E-003 ) fb

  mH       = 125.0000      GeV
  fact_scale 2.0
  ren_scale  1.0
  Kqq      =   0.32691430137767485            +-    2.6269190166968061E-004
  Kgq      =  -0.13284951955384289            +-    1.4069942044359508E-004
  K_nlo    =    1.1940647818238319            +-    2.9799892972290468E-004
  Kqq2     =    7.9279432025157415E-002       +-    2.7342655845498468E-004
  Kgq2     =   -6.9458091404205058E-002       +-    1.7305437702272919E-004
  Kqqs     =    5.0439022947459415E-003       +-    5.0127934018284852E-006
  Kgg      =    3.8387876824216190E-003       +-    3.6220499999925443E-006
  Kgghhz   =   0.36579240574900884            +-    1.1007608519365674E-003
  K_nnlo   =    1.2127688124219518            +-    4.3994489397554165E-004
  K_nnlo2  =    1.5785612181709605            +-    1.1854222719736914E-003
  sig_LO   = (   2.3428492001345189            +-    1.2247089031777315E-003 ) fb
  sig_NLO  = (   2.7975137190047632            +-    1.4097334623416108E-003 ) fb
  sig_NNLO = (   2.8413344421308606            +-    1.6007201444881779E-003 ) fb
  sig_HHZ  = (   3.6983308873552074            +-    3.0353115542039429E-003 ) fb

  mH       = 125.0000      GeV
  fact_scale 1.0
  ren_scale  1.5
  Kqq      =   0.24560355131435491            +-    1.8955076332627656E-004
  Kgq      =   -7.6657921083395614E-002       +-    1.2412701603768179E-004
  K_nlo    =    1.1689456302309593            +-    2.2657671545856829E-004
  Kqq2     =    6.3145574051646641E-002       +-    1.5854165082598639E-004
  Kgq2     =   -4.1282534107585617E-002       +-    1.2034096009060000E-004
  Kqqs     =    1.8562473699786743E-003       +-    3.0903664486588459E-006
  Kgg      =    1.5640729019058845E-003       +-    2.4831666050117997E-006
  Kgghhz   =   0.35594469387976874            +-    1.0731175426246630E-003
  K_nnlo   =    1.1942289904469050            +-    3.0161254315980401E-004
  K_nnlo2  =    1.5501736843266738            +-    1.1146978902286126E-003
  sig_LO   = (   2.3723345842657273            +-    1.2404969638258097E-003 ) fb
  sig_NLO  = (   2.7731301457232016            +-    1.3519452388825052E-003 ) fb
  sig_NNLO = (   2.8331107355699374            +-    1.4320649370310760E-003 ) fb
  sig_HHZ  = (   3.6775306429467900            +-    2.9209375820413810E-003 ) fb

  mH       = 125.0000      GeV
  fact_scale 1.5
  ren_scale  1.5
  Kqq      =   0.28431258316398045            +-    2.2232664134190776E-004
  Kgq      =  -0.10632673746773112            +-    1.1695072254720110E-004
  K_nlo    =    1.1779858456962495            +-    2.5121028433303778E-004
  Kqq2     =    7.6487540402627369E-002       +-    1.9843420038707316E-004
  Kgq2     =   -5.6872052881492725E-002       +-    1.3858368264459261E-004
  Kqqs     =    3.2198683951198907E-003       +-    3.7385731970796992E-006
  Kgg      =    2.6111255041059837E-003       +-    2.8018184701234905E-006
  Kgghhz   =   0.34271771755301772            +-    1.0323526965651036E-003
  K_nnlo   =    1.2034323271166099            +-    3.4886960751772208E-004
  K_nnlo2  =    1.5461500446696275            +-    1.0897073428929487E-003
  sig_LO   = (   2.3556214429877000            +-    1.2315907487019993E-003 ) fb
  sig_NLO  = (   2.7748887176580848            +-    1.3663789113241469E-003 ) fb
  sig_NNLO = (   2.8348309949404737            +-    1.4806008184869532E-003 ) fb
  sig_HHZ  = (   3.6421441993001644            +-    2.8471014002705046E-003 ) fb

  mH       = 125.0000      GeV
  fact_scale 2.0
  ren_scale  1.5
  Kqq      =   0.31216820355115837            +-    2.5100350096675042E-004
  Kgq      =  -0.12681326165182491            +-    1.3431037899021723E-004
  K_nlo    =    1.1853549418993334            +-    2.8467882851041323E-004
  Kqq2     =    8.5929276475646438E-002       +-    2.3359010079216858E-004
  Kgq2     =   -6.8868631724820176E-002       +-    1.6002237857901469E-004
  Kqqs     =    4.5970859927106679E-003       +-    4.5666608039416737E-006
  Kgg      =    3.4955707193801309E-003       +-    3.2981038288717533E-006
  Kgghhz   =   0.33396112493018060            +-    1.0056022627892589E-003
  K_nnlo   =    1.2105082433622507            +-    4.0155356319675027E-004
  K_nnlo2  =    1.5444693682924313            +-    1.0828116987929546E-003
  sig_LO   = (   2.3428492001345189            +-    1.2247089031777315E-003 ) fb
  sig_NLO  = (   2.7771078775043527            +-    1.3945418458270284E-003 ) fb
  sig_NNLO = (   2.8360382697174904            +-    1.5443373531803326E-003 ) fb
  sig_HHZ  = (   3.6184588241361881            +-    2.8170185485016665E-003 ) fb

  mH       = 125.0000      GeV
  fact_scale 1.0
  ren_scale  2.0
  Kqq      =   0.23799962503992486            +-    1.8370615509646012E-004
  Kgq      =   -7.4271350524834009E-002       +-    1.2024193900187431E-004
  K_nlo    =    1.1637282745150908            +-    2.1955881971639200E-004
  Kqq2     =    6.6383881236327838E-002       +-    1.5576964138618011E-004
  Kgq2     =   -4.0986998716527931E-002       +-    1.1176184582415123E-004
  Kqqs     =    1.7426479614549317E-003       +-    2.9008637150211523E-006
  Kgg      =    1.4675477064867424E-003       +-    2.3291712909569366E-006
  Kgghhz   =   0.33453553200323605            +-    1.0091381465019548E-003
  K_nnlo   =    1.1923353527028322            +-    2.9150438542850670E-004
  K_nnlo2  =    1.5268708847060681            +-    1.0503973559798463E-003
  sig_LO   = (   2.3723345842657273            +-    1.2404969638258097E-003 ) fb
  sig_NLO  = (   2.7607528323200303            +-    1.3454126242395405E-003 ) fb
  sig_NNLO = (   2.8286183932596036            +-    1.4202353669374060E-003 ) fb
  sig_HHZ  = (   3.6222486054966145            +-    2.7835891038310123E-003 ) fb

  mH       = 125.0000      GeV
  fact_scale 1.5
  ren_scale  2.0
  Kqq      =   0.27551009444153740            +-    2.1546167795944549E-004
  Kgq      =  -0.10301291404611507            +-    1.1331833975043482E-004
  K_nlo    =    1.1724971803954223            +-    2.4344358852287478E-004
  Kqq2     =    8.0064880365130403E-002       +-    1.8911183786700722E-004
  Kgq2     =   -5.6498733285170750E-002       +-    1.3254666932881288E-004
  Kqqs     =    3.0227784914575203E-003       +-    3.5089515631259758E-006
  Kgg      =    2.4498360260128988E-003       +-    2.6289792329918881E-006
  Kgghhz   =   0.32209527764413776            +-    9.7068272329504783E-004
  K_nnlo   =    1.2015359419928526            +-    3.3558294330518875E-004
  K_nnlo2  =    1.5236312196369903            +-    1.0270544587025869E-003
  sig_LO   = (   2.3556214429877000            +-    1.2315907487019993E-003 ) fb
  sig_NLO  = (   2.7619594999820745            +-    1.3585555634117847E-003 ) fb
  sig_NNLO = (   2.8303638294787885            +-    1.4634603187665058E-003 ) fb
  sig_HHZ  = (   3.5890983721823959            +-    2.7147886625015064E-003 ) fb

  mH       = 125.0000      GeV
  fact_scale 2.0
  ren_scale  2.0
  Kqq      =   0.30250183800631247            +-    2.4334136695906887E-004
  Kgq      =  -0.12285859705366613            +-    1.3012468962164897E-004
  K_nlo    =    1.1796432409526463            +-    2.7594828450751182E-004
  Kqq2     =    8.9760842242037481E-002       +-    2.1778189895537998E-004
  Kgq2     =   -6.8373980465892603E-002       +-    1.5503736396074291E-004
  Kqqs     =    4.3155453688802897E-003       +-    4.2857140250617308E-006
  Kgg      =    3.2795473323195862E-003       +-    3.0942286494057140E-006
  Kgghhz   =   0.31386038556648738            +-    9.4548646110962720E-004
  K_nnlo   =    1.2086251954299909            +-    3.8424072800106096E-004
  K_nnlo2  =    1.5224855809964783            +-    1.0205810037407085E-003
  sig_LO   = (   2.3428492001345189            +-    1.2247089031777315E-003 ) fb
  sig_NLO  = (   2.7637262235099991            +-    1.3848757684191602E-003 ) fb
  sig_NNLO = (   2.8316265723755811            +-    1.5199685829464292E-003 ) fb
  sig_HHZ  = (   3.5669541256539379            +-    2.6864689004061750E-003 ) fb

  pp ---> HHZ + X
  ===============

  PDFSET = PDF4LHC21_40                                NSET =   1
  Sqrt(S)  = 14.0 TeV
  LOOP     = 3
  alphaS(MZ) =   0.11800
          kl =   6.60000
          kv =   0.90000
         k2v =   1.60000
         kth =   0.00000
         kbh =   1.00000
 --------------

  mH       = 125.0000      GeV
  fact_scale 1.0
  ren_scale  1.0
  Kqq      =   0.25739028974900952            +-    1.9783451043686552E-004
  Kgq      =   -8.0378402803286855E-002       +-    1.2980957101180535E-004
  K_nlo    =    1.1770118869457227            +-    2.3661998699616056E-004
  Kqq2     =    5.7569417514082948E-002       +-    1.7920505724804793E-004
  Kgq2     =   -4.1684023713687714E-002       +-    1.3637998394539928E-004
  Kqqs     =    2.0385824371821171E-003       +-    3.3852355218735970E-006
  Kgg      =    1.7180177982878387E-003       +-    2.7275881399283538E-006
  Kgghhz   =   0.38983458437754848            +-    1.1744938964629319E-003
  K_nnlo   =    1.1966538809815876            +-    3.2668313450021617E-004
  K_nnlo2  =    1.5864884653591362            +-    1.2190807123384270E-003
  sig_LO   = (   2.3718967530096648            +-    1.2339695922769446E-003 ) fb
  sig_NLO  = (   2.7917506729003381            +-    1.3556065978250439E-003 ) fb
  sig_NNLO = (   2.8383394547766421            +-    1.4570816404425528E-003 ) fb
  sig_HHZ  = (   3.7629868396726214            +-    3.1438268746449092E-003 ) fb

  pp ---> HHZ + X
  ===============

  PDFSET = PDF4LHC21_40                                NSET =   2
  Sqrt(S)  = 14.0 TeV
  LOOP     = 3
  alphaS(MZ) =   0.11800
          kl =   6.60000
          kv =   0.90000
         k2v =   1.60000
         kth =   0.00000
         kbh =   1.00000
 --------------

  mH       = 125.0000      GeV
  fact_scale 1.0
  ren_scale  1.0
  Kqq      =   0.25731321979009519            +-    1.9828265429270894E-004
  Kgq      =   -8.0803265464820112E-002       +-    1.3053207095917445E-004
  K_nlo    =    1.1765099543252751            +-    2.3739130679587423E-004
  Kqq2     =    5.7548459646521624E-002       +-    1.7936338249584374E-004
  Kgq2     =   -4.1907966031149470E-002       +-    1.3716595040922768E-004
  Kqqs     =    2.0589564446471288E-003       +-    3.4181182089590339E-006
  Kgg      =    1.7133062983601490E-003       +-    2.7096739828858084E-006
  Kgghhz   =   0.38788950640187342            +-    1.1672544249187854E-003
  K_nnlo   =    1.1959227106836545            +-    3.2765741154360277E-004
  K_nnlo2  =    1.5838122170855280            +-    1.2123705175530863E-003
  sig_LO   = (   2.3682365041783524            +-    1.2353197819078268E-003 ) fb
  sig_NLO  = (   2.7862538213623225            +-    1.3572333652190735E-003 ) fb
  sig_NNLO = (   2.8322278196169570            +-    1.4588162260584377E-003 ) fb
  sig_HHZ  = (   3.7508419082655964            +-    3.1256503680950651E-003 ) fb

  pp ---> HHZ + X
  ===============

  PDFSET = PDF4LHC21_40                                NSET =   3
  Sqrt(S)  = 14.0 TeV
  LOOP     = 3
  alphaS(MZ) =   0.11800
          kl =   6.60000
          kv =   0.90000
         k2v =   1.60000
         kth =   0.00000
         kbh =   1.00000
 --------------

  mH       = 125.0000      GeV
  fact_scale 1.0
  ren_scale  1.0
  Kqq      =   0.25721858576068551            +-    1.9805775616511839E-004
  Kgq      =   -8.0285171061327779E-002       +-    1.2985779008339038E-004
  K_nlo    =    1.1769334146993577            +-    2.3683310668591790E-004
  Kqq2     =    5.7503707669778886E-002       +-    1.7946765935214924E-004
  Kgq2     =   -4.1630400476450426E-002       +-    1.3644914233725493E-004
  Kqqs     =    2.0368985283225434E-003       +-    3.3881031873822431E-006
  Kgg      =    1.7143704749274275E-003       +-    2.7214968350348306E-006
  Kgghhz   =   0.38878626498037955            +-    1.1739814060637956E-003
  K_nnlo   =    1.1965579908959361            +-    3.2701042094808897E-004
  K_nnlo2  =    1.5853442558763156            +-    1.2186747544739626E-003
  sig_LO   = (   2.3700126069056910            +-    1.2351701858713670E-003 ) fb
  sig_NLO  = (   2.7893470303260419            +-    1.3567240743224019E-003 ) fb
  sig_NNLO = (   2.8358575233171144            +-    1.4581836509117414E-003 ) fb
  sig_HHZ  = (   3.7572858727123903            +-    3.1413015072150052E-003 ) fb

  pp ---> HHZ + X
  ===============

  PDFSET = PDF4LHC21_40                                NSET =   4
  Sqrt(S)  = 14.0 TeV
  LOOP     = 3
  alphaS(MZ) =   0.11800
          kl =   6.60000
          kv =   0.90000
         k2v =   1.60000
         kth =   0.00000
         kbh =   1.00000
 --------------

  mH       = 125.0000      GeV
  fact_scale 1.0
  ren_scale  1.0
  Kqq      =   0.25769191910527217            +-    1.9857425586058286E-004
  Kgq      =   -8.1086388908450865E-002       +-    1.3148019769235078E-004
  K_nlo    =    1.1766055301968215            +-    2.3815704372494184E-004
  Kqq2     =    5.7688744368273252E-002       +-    1.7968028675465606E-004
  Kgq2     =   -4.2039980787825247E-002       +-    1.3815607901717297E-004
  Kqqs     =    2.0513469725314745E-003       +-    3.4175647589320513E-006
  Kgg      =    1.7436963478115863E-003       +-    2.7773876105951923E-006
  Kgghhz   =   0.39645620523941666            +-    1.1951793009836779E-003
  K_nnlo   =    1.1960493370976124            +-    3.2880127542979457E-004
  K_nnlo2  =    1.5925055423370291            +-    1.2395821232270546E-003
  sig_LO   = (   2.3427410899446732            +-    1.2246965864521236E-003 ) fb
  sig_NLO  = (   2.7564821222482312            +-    1.3458005418787739E-003 ) fb
  sig_NNLO = (   2.8020339276196640            +-    1.4468027006247003E-003 ) fb
  sig_HHZ  = (   3.7308281699975838            +-    3.1517001349814890E-003 ) fb

  pp ---> HHZ + X
  ===============

  PDFSET = PDF4LHC21_40                                NSET =   5
  Sqrt(S)  = 14.0 TeV
  LOOP     = 3
  alphaS(MZ) =   0.11800
          kl =   6.60000
          kv =   0.90000
         k2v =   1.60000
         kth =   0.00000
         kbh =   1.00000
 --------------

  mH       = 125.0000      GeV
  fact_scale 1.0
  ren_scale  1.0
  Kqq      =   0.25729337914253880            +-    1.9861324967114361E-004
  Kgq      =   -8.0183794408984529E-002       +-    1.2979293726576475E-004
  K_nlo    =    1.1771095847335544            +-    2.3726236429110872E-004
  Kqq2     =    5.7528353976794025E-002       +-    1.7959023511278892E-004
  Kgq2     =   -4.1576734868788649E-002       +-    1.3638025301012519E-004
  Kqqs     =    2.0348219997023257E-003       +-    3.3886571775610761E-006
  Kgg      =    1.7091467928569348E-003       +-    2.7156793500127563E-006
  Kgghhz   =   0.38712971135723695            +-    1.1738517516643101E-003
  K_nnlo   =    1.1968051726341193            +-    3.2735991413088204E-004
  K_nnlo2  =    1.5839348839913563            +-    1.2186436920877026E-003
  sig_LO   = (   2.3688965346162414            +-    1.2395181991778448E-003 ) fb
  sig_NLO  = (   2.7884508161388797            +-    1.3609943277744956E-003 ) fb
  sig_NNLO = (   2.8351076260637567            +-    1.4621139954651067E-003 ) fb
  sig_HHZ  = (   3.7521778577449010            +-    3.1416962426405680E-003 ) fb

  pp ---> HHZ + X
  ===============

  PDFSET = PDF4LHC21_40                                NSET =   6
  Sqrt(S)  = 14.0 TeV
  LOOP     = 3
  alphaS(MZ) =   0.11800
          kl =   6.60000
          kv =   0.90000
         k2v =   1.60000
         kth =   0.00000
         kbh =   1.00000
 --------------

  mH       = 125.0000      GeV
  fact_scale 1.0
  ren_scale  1.0
  Kqq      =   0.25728885002542112            +-    1.9802146139001126E-004
  Kgq      =   -8.0402295133495352E-002       +-    1.3004067081542295E-004
  K_nlo    =    1.1768865548919258            +-    2.3690309250231603E-004
  Kqq2     =    5.7530508131727907E-002       +-    1.7929875178388077E-004
  Kgq2     =   -4.1691946500146661E-002       +-    1.3662193928975171E-004
  Kqqs     =    2.0368405566518507E-003       +-    3.3830077827003363E-006
  Kgg      =    1.7234545713181607E-003       +-    2.7401952060815233E-006
  Kgghhz   =   0.39140510382507726            +-    1.1795163942353000E-003
  K_nnlo   =    1.1964854116514769            +-    3.2704070898763728E-004
  K_nnlo2  =    1.5878905154765541            +-    1.2240157472863575E-003
  sig_LO   = (   2.3719680754731081            +-    1.2359384909239606E-003 ) fb
  sig_NLO  = (   2.7915373366571776            +-    1.3576838461558357E-003 ) fb
  sig_NNLO = (   2.8380251992066032            +-    1.4592125184932127E-003 ) fb
  sig_HHZ  = (   3.7664256100569240            +-    3.1554472616115814E-003 ) fb

  pp ---> HHZ + X
  ===============

  PDFSET = PDF4LHC21_40                                NSET =   7
  Sqrt(S)  = 14.0 TeV
  LOOP     = 3
  alphaS(MZ) =   0.11800
          kl =   6.60000
          kv =   0.90000
         k2v =   1.60000
         kth =   0.00000
         kbh =   1.00000
 --------------

  mH       = 125.0000      GeV
  fact_scale 1.0
  ren_scale  1.0
  Kqq      =   0.25733168353967056            +-    1.9898540692888552E-004
  Kgq      =   -8.0167371211734936E-002       +-    1.2987318178086154E-004
  K_nlo    =    1.1771643123279356            +-    2.3761783501357567E-004
  Kqq2     =    5.7538427312679143E-002       +-    1.7986210601200861E-004
  Kgq2     =   -4.1568649540613206E-002       +-    1.3646575502065190E-004
  Kqqs     =    2.0345853061394083E-003       +-    3.3907931462967984E-006
  Kgg      =    1.7091191764428109E-003       +-    2.7114684852519903E-006
  Kgghhz   =   0.38726014340094184            +-    1.1707044820095101E-003
  K_nnlo   =    1.1968777945825839            +-    3.2780232538601368E-004
  K_nnlo2  =    1.5841379379835256            +-    1.2157316104821957E-003
  sig_LO   = (   2.3704543135332123            +-    1.2442509189208389E-003 ) fb
  sig_NLO  = (   2.7904142218951122            +-    1.3658055058995762E-003 ) fb
  sig_NNLO = (   2.8371441309404037            +-    1.4669533696479050E-003 ) fb
  sig_HHZ  = (   3.7551266083246566            +-    3.1389712429983506E-003 ) fb

  pp ---> HHZ + X
  ===============

  PDFSET = PDF4LHC21_40                                NSET =   8
  Sqrt(S)  = 14.0 TeV
  LOOP     = 3
  alphaS(MZ) =   0.11800
          kl =   6.60000
          kv =   0.90000
         k2v =   1.60000
         kth =   0.00000
         kbh =   1.00000
 --------------

  mH       = 125.0000      GeV
  fact_scale 1.0
  ren_scale  1.0
  Kqq      =   0.25703485640572415            +-    1.9851359977414099E-004
  Kgq      =   -8.0089985803875274E-002       +-    1.3008780297441003E-004
  K_nlo    =    1.1769448706018488            +-    2.3734044277787288E-004
  Kqq2     =    5.7425646395228173E-002       +-    1.7962327450241750E-004
  Kgq2     =   -4.1513697500282332E-002       +-    1.3670394216242786E-004
  Kqqs     =    2.0405288078820336E-003       +-    3.3979084953827159E-006
  Kgg      =    1.7165775899042055E-003       +-    2.7410019723547722E-006
  Kgghhz   =   0.39142025134407821            +-    1.1769472485468864E-003
  K_nnlo   =    1.1966139258945807            +-    3.2756989055417082E-004
  K_nnlo2  =    1.5880341772386588            +-    1.2216819795101170E-003
  sig_LO   = (   2.3748371459424775            +-    1.2429248701621028E-003 ) fb
  sig_NLO  = (   2.7950523974317334            +-    1.3647555846649413E-003 ) fb
  sig_NNLO = (   2.8417632005665099            +-    1.4662979787561392E-003 ) fb
  sig_HHZ  = (   3.7713225531325678            +-    3.1563236899191664E-003 ) fb

  pp ---> HHZ + X
  ===============

  PDFSET = PDF4LHC21_40                                NSET =   9
  Sqrt(S)  = 14.0 TeV
  LOOP     = 3
  alphaS(MZ) =   0.11800
          kl =   6.60000
          kv =   0.90000
         k2v =   1.60000
         kth =   0.00000
         kbh =   1.00000
 --------------

  mH       = 125.0000      GeV
  fact_scale 1.0
  ren_scale  1.0
  Kqq      =   0.25725978544639544            +-    1.9771845640453398E-004
  Kgq      =   -8.0315762794842455E-002       +-    1.2984330897855139E-004
  K_nlo    =    1.1769440226515528            +-    2.3654148238626382E-004
  Kqq2     =    5.7517485738463388E-002       +-    1.7917363284594636E-004
  Kgq2     =   -4.1645377140280986E-002       +-    1.3641304639487427E-004
  Kqqs     =    2.0392633461791890E-003       +-    3.3869764560069800E-006
  Kgg      =    1.7153677587308986E-003       +-    2.7239204168317553E-006
  Kgghhz   =   0.38950970236857690            +-    1.1718360817832927E-003
  K_nnlo   =    1.1965707623546455            +-    3.2662283168110896E-004
  K_nnlo2  =    1.5860804647232225            +-    1.2165041211375349E-003
  sig_LO   = (   2.3818338997292545            +-    1.2386689777961403E-003 ) fb
  sig_NLO  = (   2.8032851712351845            +-    1.3607803782092374E-003 ) fb
  sig_NNLO = (   2.8500328052011725            +-    1.4627114110715219E-003 ) fb
  sig_HHZ  = (   3.7777802185761011            +-    3.1511695307033182E-003 ) fb

  pp ---> HHZ + X
  ===============

  PDFSET = PDF4LHC21_40                                NSET =  10
  Sqrt(S)  = 14.0 TeV
  LOOP     = 3
  alphaS(MZ) =   0.11800
          kl =   6.60000
          kv =   0.90000
         k2v =   1.60000
         kth =   0.00000
         kbh =   1.00000
 --------------

  mH       = 125.0000      GeV
  fact_scale 1.0
  ren_scale  1.0
  Kqq      =   0.25717078470920302            +-    1.9861587440396923E-004
  Kgq      =   -8.0066824744274276E-002       +-    1.2983640626246197E-004
  K_nlo    =    1.1771039599649289            +-    2.3728834349037112E-004
  Kqq2     =    5.7480451501355376E-002       +-    1.7969064185099288E-004
  Kgq2     =   -4.1518812435019620E-002       +-    1.3648408368205586E-004
  Kqqs     =    2.0358975965163013E-003       +-    3.3934019837763663E-006
  Kgg      =    1.7090273800341161E-003       +-    2.7235449655788515E-006
  Kgghhz   =   0.38861584970705676            +-    1.1707307596163540E-003
  K_nnlo   =    1.1968105240078151            +-    3.2747720943290023E-004
  K_nnlo2  =    1.5854263737148719            +-    1.2156692947548871E-003
  sig_LO   = (   2.3692452713798664            +-    1.2406704623300613E-003 ) fb
  sig_NLO  = (   2.7888479910694226            +-    1.3621033775189821E-003 ) fb
  sig_NNLO = (   2.8355376747431751            +-    1.4632988061479718E-003 ) fb
  sig_HHZ  = (   3.7562639390448882            +-    3.1360680984538975E-003 ) fb

  pp ---> HHZ + X
  ===============

  PDFSET = PDF4LHC21_40                                NSET =  11
  Sqrt(S)  = 14.0 TeV
  LOOP     = 3
  alphaS(MZ) =   0.11800
          kl =   6.60000
          kv =   0.90000
         k2v =   1.60000
         kth =   0.00000
         kbh =   1.00000
 --------------

  mH       = 125.0000      GeV
  fact_scale 1.0
  ren_scale  1.0
  Kqq      =   0.25711886726781136            +-    1.9840281119836391E-004
  Kgq      =   -8.0257642549485392E-002       +-    1.3000806974928209E-004
  K_nlo    =    1.1768612247183259            +-    2.3720407604286195E-004
  Kqq2     =    5.7459311737060884E-002       +-    1.7956496009147955E-004
  Kgq2     =   -4.1615591302628804E-002       +-    1.3660791483795077E-004
  Kqqs     =    2.0348616765416380E-003       +-    3.3905242852970251E-006
  Kgg      =    1.7166079383825331E-003       +-    2.7271296077192128E-006
  Kgghhz   =   0.38974155247411674            +-    1.1736447449999217E-003
  K_nnlo   =    1.1964564147676822            +-    3.2739884525025706E-004
  K_nnlo2  =    1.5861979672417990            +-    1.2184547555560417E-003
  sig_LO   = (   2.3737277007894475            +-    1.2411688603161739E-003 ) fb
  sig_NLO  = (   2.7935480890988851            +-    1.3629139088195863E-003 ) fb
  sig_NNLO = (   2.8400617345212757            +-    1.4644012887766332E-003 ) fb
  sig_HHZ  = (   3.7652020537777706            +-    3.1473453278390877E-003 ) fb

  pp ---> HHZ + X
  ===============

  PDFSET = PDF4LHC21_40                                NSET =  12
  Sqrt(S)  = 14.0 TeV
  LOOP     = 3
  alphaS(MZ) =   0.11800
          kl =   6.60000
          kv =   0.90000
         k2v =   1.60000
         kth =   0.00000
         kbh =   1.00000
 --------------

  mH       = 125.0000      GeV
  fact_scale 1.0
  ren_scale  1.0
  Kqq      =   0.25703051587595616            +-    1.9803873051068370E-004
  Kgq      =   -8.0168731852523267E-002       +-    1.2983814463742382E-004
  K_nlo    =    1.1768617840234328            +-    2.3680642429033000E-004
  Kqq2     =    5.7425370766826571E-002       +-    1.7944520812090696E-004
  Kgq2     =   -4.1566209677231535E-002       +-    1.3641858228681961E-004
  Kqqs     =    2.0351472313094288E-003       +-    3.3868186833506357E-006
  Kgg      =    1.7138091686735506E-003       +-    2.7218039679699552E-006
  Kgghhz   =   0.38931930315500413            +-    1.1694795896582577E-003
  K_nnlo   =    1.1964699015130107            +-    3.2696601299448102E-004
  K_nnlo2  =    1.5857892046680149            +-    1.2143266793909924E-003
  sig_LO   = (   2.3874255118792975            +-    1.2458632113333623E-003 ) fb
  sig_NLO  = (   2.8096698471333275            +-    1.3681390531903178E-003 ) fb
  sig_NNLO = (   2.8564827670678725            +-    1.4702116960734503E-003 ) fb
  sig_HHZ  = (   3.7859536036871999            +-    3.1554777754644599E-003 ) fb

  pp ---> HHZ + X
  ===============

  PDFSET = PDF4LHC21_40                                NSET =  13
  Sqrt(S)  = 14.0 TeV
  LOOP     = 3
  alphaS(MZ) =   0.11800
          kl =   6.60000
          kv =   0.90000
         k2v =   1.60000
         kth =   0.00000
         kbh =   1.00000
 --------------

  mH       = 125.0000      GeV
  fact_scale 1.0
  ren_scale  1.0
  Kqq      =   0.25715722450366008            +-    1.9823725109535841E-004
  Kgq      =   -8.0116742796733559E-002       +-    1.2970030318758754E-004
  K_nlo    =    1.1770404817069264            +-    2.3689697416555641E-004
  Kqq2     =    5.7472318746052804E-002       +-    1.7947901190352628E-004
  Kgq2     =   -4.1542057932173443E-002       +-    1.3628513109691513E-004
  Kqqs     =    2.0320095329785797E-003       +-    3.3835292217327075E-006
  Kgg      =    1.7118290088027077E-003       +-    2.7181047992748317E-006
  Kgghhz   =   0.38836686718128349            +-    1.1719702609050290E-003
  K_nnlo   =    1.1967145810625872            +-    3.2699444246723814E-004
  K_nnlo2  =    1.5850814482438706            +-    1.2167331909051636E-003
  sig_LO   = (   2.3698949910586524            +-    1.2379387402901446E-003 ) fb
  sig_NLO  = (   2.7894623418705082            +-    1.3592960717171256E-003 ) fb
  sig_NNLO = (   2.8360878913870788            +-    1.4604890241095420E-003 ) fb
  sig_HHZ  = (   3.7564765846131438            +-    3.1380307483600644E-003 ) fb

  pp ---> HHZ + X
  ===============

  PDFSET = PDF4LHC21_40                                NSET =  14
  Sqrt(S)  = 14.0 TeV
  LOOP     = 3
  alphaS(MZ) =   0.11800
          kl =   6.60000
          kv =   0.90000
         k2v =   1.60000
         kth =   0.00000
         kbh =   1.00000
 --------------

  mH       = 125.0000      GeV
  fact_scale 1.0
  ren_scale  1.0
  Kqq      =   0.25728213206543771            +-    1.9862339587708173E-004
  Kgq      =   -8.0211247515098852E-002       +-    1.2989306963280187E-004
  K_nlo    =    1.1770708845503388            +-    2.3732564743064716E-004
  Kqq2     =    5.7524215509027976E-002       +-    1.7962630587324861E-004
  Kgq2     =   -4.1592270924148508E-002       +-    1.3648106077119397E-004
  Kqqs     =    2.0358021021002555E-003       +-    3.3914232798347464E-006
  Kgg      =    1.7112949392431016E-003       +-    2.7157684969859311E-006
  Kgghhz   =   0.38809361887905408            +-    1.1709468556942142E-003
  K_nnlo   =    1.1967499261765615            +-    3.2746760112974273E-004
  K_nnlo2  =    1.5848435450556155            +-    1.2158748161919611E-003
  sig_LO   = (   2.3737116804031966            +-    1.2422301145864258E-003 ) fb
  sig_NLO  = (   2.7940269073196617            +-    1.3639980248151505E-003 ) fb
  sig_NNLO = (   2.8407392782869674            +-    1.4653846589799669E-003 ) fb
  sig_HHZ  = (   3.7619616345101248            +-    3.1421200055154683E-003 ) fb

  pp ---> HHZ + X
  ===============

  PDFSET = PDF4LHC21_40                                NSET =  15
  Sqrt(S)  = 14.0 TeV
  LOOP     = 3
  alphaS(MZ) =   0.11800
          kl =   6.60000
          kv =   0.90000
         k2v =   1.60000
         kth =   0.00000
         kbh =   1.00000
 --------------

  mH       = 125.0000      GeV
  fact_scale 1.0
  ren_scale  1.0
  Kqq      =   0.25729013984250471            +-    1.9833797245488841E-004
  Kgq      =   -8.0082739734959954E-002       +-    1.2952439720784095E-004
  K_nlo    =    1.1772074001075448            +-    2.3688503707404278E-004
  Kqq2     =    5.7530428657338990E-002       +-    1.7947429466825225E-004
  Kgq2     =   -4.1535464649989071E-002       +-    1.3610009527227743E-004
  Kqqs     =    2.0335944158088540E-003       +-    3.3854474283570628E-006
  Kgg      =    1.7057138468828965E-003       +-    2.7044883731670990E-006
  Kgghhz   =   0.38674942196107387            +-    1.1650476787905160E-003
  K_nnlo   =    1.1969416723775865            +-    3.2690603341176046E-004
  K_nnlo2  =    1.5836910943386604            +-    1.2100428292156360E-003
  sig_LO   = (   2.3702780030271309            +-    1.2378192407271878E-003 ) fb
  sig_NLO  = (   2.7903088054756719            +-    1.3592130344084108E-003 ) fb
  sig_NNLO = (   2.8370845169431003            +-    1.4603429980347387E-003 ) fb
  sig_HHZ  = (   3.7537881645008917            +-    3.1238456253119013E-003 ) fb

  pp ---> HHZ + X
  ===============

  PDFSET = PDF4LHC21_40                                NSET =  16
  Sqrt(S)  = 14.0 TeV
  LOOP     = 3
  alphaS(MZ) =   0.11800
          kl =   6.60000
          kv =   0.90000
         k2v =   1.60000
         kth =   0.00000
         kbh =   1.00000
 --------------

  mH       = 125.0000      GeV
  fact_scale 1.0
  ren_scale  1.0
  Kqq      =   0.25704174517466183            +-    1.9849361986675528E-004
  Kgq      =   -8.0173950542040490E-002       +-    1.2996839510458298E-004
  K_nlo    =    1.1768677946326214            +-    2.3725829986297412E-004
  Kqq2     =    5.7428562970696852E-002       +-    1.7959388868221473E-004
  Kgq2     =   -4.1569268992471889E-002       +-    1.3657922609877491E-004
  Kqqs     =    2.0274248463196709E-003       +-    3.3806046186038704E-006
  Kgg      =    1.7227248527582845E-003       +-    2.7411248040067374E-006
  Kgghhz   =   0.39140532194243594            +-    1.1796239052805592E-003
  K_nnlo   =    1.1964772383099243            +-    3.2744204519332489E-004
  K_nnlo2  =    1.5878825602523601            +-    1.2242266337854871E-003
  sig_LO   = (   2.3716995381581696            +-    1.2408342224006306E-003 ) fb
  sig_NLO  = (   2.7911768050034116            +-    1.3624635536061810E-003 ) fb
  sig_NNLO = (   2.8376845135164097            +-    1.4638196737276660E-003 ) fb
  sig_HHZ  = (   3.7659803347999348            +-    3.1575257251508105E-003 ) fb

  pp ---> HHZ + X
  ===============

  PDFSET = PDF4LHC21_40                                NSET =  17
  Sqrt(S)  = 14.0 TeV
  LOOP     = 3
  alphaS(MZ) =   0.11800
          kl =   6.60000
          kv =   0.90000
         k2v =   1.60000
         kth =   0.00000
         kbh =   1.00000
 --------------

  mH       = 125.0000      GeV
  fact_scale 1.0
  ren_scale  1.0
  Kqq      =   0.25729524190873221            +-    1.9815809736684726E-004
  Kgq      =   -7.9946669630429082E-002       +-    1.2932955630540235E-004
  K_nlo    =    1.1773485722783030            +-    2.3662790555258092E-004
  Kqq2     =    5.7528250059033122E-002       +-    1.7940631760931768E-004
  Kgq2     =   -4.1453473173686174E-002       +-    1.3588148976634968E-004
  Kqqs     =    2.0323104462155912E-003       +-    3.3770700153464530E-006
  Kgg      =    1.7042113713206834E-003       +-    2.7048139643733753E-006
  Kgghhz   =   0.38663367646387420            +-    1.1653963841071978E-003
  K_nnlo   =    1.1971598709811861            +-    3.2659132316387331E-004
  K_nnlo2  =    1.5837935474450604            +-    1.2102936108465833E-003
  sig_LO   = (   2.3865978690523582            +-    1.2449673569382750E-003 ) fb
  sig_NLO  = (   2.8098575937312349            +-    1.3670662310362658E-003 ) fb
  sig_NNLO = (   2.8571391969986957            +-    1.4688341615912829E-003 ) fb
  sig_HHZ  = (   3.7798783053512568            +-    3.1453591876785428E-003 ) fb

  pp ---> HHZ + X
  ===============

  PDFSET = PDF4LHC21_40                                NSET =  18
  Sqrt(S)  = 14.0 TeV
  LOOP     = 3
  alphaS(MZ) =   0.11800
          kl =   6.60000
          kv =   0.90000
         k2v =   1.60000
         kth =   0.00000
         kbh =   1.00000
 --------------

  mH       = 125.0000      GeV
  fact_scale 1.0
  ren_scale  1.0
  Kqq      =   0.25723989739279818            +-    1.9822404928580999E-004
  Kgq      =   -7.9999623936007305E-002       +-    1.2935539190365053E-004
  K_nlo    =    1.1772402734567908            +-    2.3669725627858523E-004
  Kqq2     =    5.7507331239931549E-002       +-    1.7940520433404954E-004
  Kgq2     =   -4.1484228986068503E-002       +-    1.3591686409323799E-004
  Kqqs     =    2.0347096278649831E-003       +-    3.3856221549046828E-006
  Kgg      =    1.7017324545243037E-003       +-    2.6977706307070631E-006
  Kgghhz   =   0.38574402330411461            +-    1.1627424975223333E-003
  K_nnlo   =    1.1969998177930432            +-    3.2665570991587416E-004
  K_nnlo2  =    1.5827438410971579            +-    1.2077557983156682E-003
  sig_LO   = (   2.3829480694375835            +-    1.2435294509052473E-003 ) fb
  sig_NLO  = (   2.8053024368980326            +-    1.3654682482921114E-003 ) fb
  sig_NNLO = (   2.8523884049270714            +-    1.4670642962576971E-003 ) fb
  sig_HHZ  = (   3.7715963805566974            +-    3.1351811530490326E-003 ) fb

  pp ---> HHZ + X
  ===============

  PDFSET = PDF4LHC21_40                                NSET =  19
  Sqrt(S)  = 14.0 TeV
  LOOP     = 3
  alphaS(MZ) =   0.11800
          kl =   6.60000
          kv =   0.90000
         k2v =   1.60000
         kth =   0.00000
         kbh =   1.00000
 --------------

  mH       = 125.0000      GeV
  fact_scale 1.0
  ren_scale  1.0
  Kqq      =   0.25734446361185648            +-    1.9847728044221959E-004
  Kgq      =   -8.0539218313897737E-002       +-    1.3052541753375891E-004
  K_nlo    =    1.1768052452979587            +-    2.3755023779003376E-004
  Kqq2     =    5.7551154158505265E-002       +-    1.7963046981498291E-004
  Kgq2     =   -4.1758867157882573E-002       +-    1.3714319089821238E-004
  Kqqs     =    2.0387769280143277E-003       +-    3.3967957127466828E-006
  Kgg      =    1.7281429333281450E-003       +-    2.7488994075848378E-006
  Kgghhz   =   0.39256934233723845            +-    1.1836455568076441E-003
  K_nnlo   =    1.1963644521599239            +-    3.2790939394726672E-004
  K_nnlo2  =    1.5889337944971624            +-    1.2282269231658055E-003
  sig_LO   = (   2.3614440661425293            +-    1.2360340617000123E-003 ) fb
  sig_NLO  = (   2.7789597635142687            +-    1.3573717684293193E-003 ) fb
  sig_NNLO = (   2.8251477364969109            +-    1.4585548193916950E-003 ) fb
  sig_HHZ  = (   3.7521782805086579            +-    3.1527825162456784E-003 ) fb

  pp ---> HHZ + X
  ===============

  PDFSET = PDF4LHC21_40                                NSET =  20
  Sqrt(S)  = 14.0 TeV
  LOOP     = 3
  alphaS(MZ) =   0.11800
          kl =   6.60000
          kv =   0.90000
         k2v =   1.60000
         kth =   0.00000
         kbh =   1.00000
 --------------

  mH       = 125.0000      GeV
  fact_scale 1.0
  ren_scale  1.0
  Kqq      =   0.25717902595259540            +-    1.9840495565614727E-004
  Kgq      =   -8.0278322302538827E-002       +-    1.3000439325406483E-004
  K_nlo    =    1.1769007036500567            +-    2.3720385472052367E-004
  Kqq2     =    5.7483902212047175E-002       +-    1.7951682588929316E-004
  Kgq2     =   -4.1624299578697142E-002       +-    1.3660169950938599E-004
  Kqqs     =    2.0363261211450660E-003       +-    3.3891783550161576E-006
  Kgg      =    1.7162487965079417E-003       +-    2.7257908196499568E-006
  Kgghhz   =   0.38960130231328038            +-    1.1726772196516699E-003
  K_nnlo   =    1.1965128812010599            +-    3.2736966909903132E-004
  K_nnlo2  =    1.5861141835143404            +-    1.2175149944604296E-003
  sig_LO   = (   2.3794950246374893            +-    1.2437176151531186E-003 ) fb
  sig_NLO  = (   2.8004293688276700            +-    1.3657999595569931E-003 ) fb
  sig_NNLO = (   2.8470964477325884            +-    1.4675267548098210E-003 ) fb
  sig_HHZ  = (   3.7741508081793254            +-    3.1527532637565044E-003 ) fb

  pp ---> HHZ + X
  ===============

  PDFSET = PDF4LHC21_40                                NSET =  21
  Sqrt(S)  = 14.0 TeV
  LOOP     = 3
  alphaS(MZ) =   0.11800
          kl =   6.60000
          kv =   0.90000
         k2v =   1.60000
         kth =   0.00000
         kbh =   1.00000
 --------------

  mH       = 125.0000      GeV
  fact_scale 1.0
  ren_scale  1.0
  Kqq      =   0.25740927117586276            +-    1.9854708952167331E-004
  Kgq      =   -8.0743664620774078E-002       +-    1.3074486689136668E-004
  K_nlo    =    1.1766656065550887            +-    2.3772918831302257E-004
  Kqq2     =    5.7583622199886074E-002       +-    1.7950859678687636E-004
  Kgq2     =   -4.1866225129573983E-002       +-    1.3737724990001753E-004
  Kqqs     =    2.0472078731117935E-003       +-    3.4083448497446173E-006
  Kgg      =    1.7275002406328577E-003       +-    2.7444540680531742E-006
  Kgghhz   =   0.39209454725648979            +-    1.1823497214141652E-003
  K_nnlo   =    1.1961577117391453            +-    3.2807035972364255E-004
  K_nnlo2  =    1.5882522589956352            +-    1.2270211997587304E-003
  sig_LO   = (   2.3582972518138501            +-    1.2323998750171348E-003 ) fb
  sig_NLO  = (   2.7749272662427424            +-    1.3539284615540425E-003 ) fb
  sig_NNLO = (   2.8208954443303704            +-    1.4551294402154937E-003 ) fb
  sig_HHZ  = (   3.7455709375765460            +-    3.1451864142509212E-003 ) fb

  pp ---> HHZ + X
  ===============

  PDFSET = PDF4LHC21_40                                NSET =  22
  Sqrt(S)  = 14.0 TeV
  LOOP     = 3
  alphaS(MZ) =   0.11800
          kl =   6.60000
          kv =   0.90000
         k2v =   1.60000
         kth =   0.00000
         kbh =   1.00000
 --------------

  mH       = 125.0000      GeV
  fact_scale 1.0
  ren_scale  1.0
  Kqq      =   0.25720389564126450            +-    1.9839983417908522E-004
  Kgq      =   -8.0431143516120907E-002       +-    1.3038295852354508E-004
  K_nlo    =    1.1767727521251437            +-    2.3740726626546413E-004
  Kqq2     =    5.7494220180802136E-002       +-    1.7955957881108487E-004
  Kgq2     =   -4.1702018002933924E-002       +-    1.3700023068257658E-004
  Kqqs     =    2.0351582998612938E-003       +-    3.3898566637618887E-006
  Kgg      =    1.7288516918007116E-003       +-    2.7561917607762635E-006
  Kgghhz   =   0.39320349991937387            +-    1.1875238029175512E-003
  K_nnlo   =    1.1963289642946739            +-    3.2770719147854753E-004
  K_nnlo2  =    1.5895324642140478            +-    1.2319110300027841E-003
  sig_LO   = (   2.3661150413741852            +-    1.2366427268173700E-003 ) fb
  sig_NLO  = (   2.7843797090825979            +-    1.3582448559904961E-003 ) fb
  sig_NNLO = (   2.8306519568492288            +-    1.4596298867536434E-003 ) fb
  sig_HHZ  = (   3.7610166723294327            +-    3.1663221910765743E-003 ) fb

  pp ---> HHZ + X
  ===============

  PDFSET = PDF4LHC21_40                                NSET =  23
  Sqrt(S)  = 14.0 TeV
  LOOP     = 3
  alphaS(MZ) =   0.11800
          kl =   6.60000
          kv =   0.90000
         k2v =   1.60000
         kth =   0.00000
         kbh =   1.00000
 --------------

  mH       = 125.0000      GeV
  fact_scale 1.0
  ren_scale  1.0
  Kqq      =   0.25728189125276257            +-    1.9832378113975179E-004
  Kgq      =   -8.0378929324702239E-002       +-    1.3015383119248532E-004
  K_nlo    =    1.1769029619280604            +-    2.3721792078097752E-004
  Kqq2     =    5.7526021836185590E-002       +-    1.7954321241657326E-004
  Kgq2     =   -4.1676058784158143E-002       +-    1.3675521596488548E-004
  Kqqs     =    2.0392854051365823E-003       +-    3.3937699208422563E-006
  Kgg      =    1.7185703340740553E-003       +-    2.7298381144401980E-006
  Kgghhz   =   0.39015709043899255            +-    1.1748419549498235E-003
  K_nnlo   =    1.1965107807192983            +-    3.2745849484861741E-004
  K_nnlo2  =    1.5866678711582909            +-    1.2196239932695835E-003
  sig_LO   = (   2.3716691532841034            +-    1.2394245493435273E-003 ) fb
  sig_NLO  = (   2.7912244512134761            +-    1.3611372827507494E-003 ) fb
  sig_NNLO = (   2.8377277102038394            +-    1.4626403610288742E-003 ) fb
  sig_HHZ  = (   3.7630512465330743            +-    3.1469012530457013E-003 ) fb

  pp ---> HHZ + X
  ===============

  PDFSET = PDF4LHC21_40                                NSET =  24
  Sqrt(S)  = 14.0 TeV
  LOOP     = 3
  alphaS(MZ) =   0.11800
          kl =   6.60000
          kv =   0.90000
         k2v =   1.60000
         kth =   0.00000
         kbh =   1.00000
 --------------

  mH       = 125.0000      GeV
  fact_scale 1.0
  ren_scale  1.0
  Kqq      =   0.25708314095388474            +-    1.9820279366016601E-004
  Kgq      =   -8.0226331975732576E-002       +-    1.2994068196886955E-004
  K_nlo    =    1.1768568089781521            +-    2.3699984861857875E-004
  Kqq2     =    5.7446846031993730E-002       +-    1.7947522060964214E-004
  Kgq2     =   -4.1596221237723399E-002       +-    1.3653037403109833E-004
  Kqqs     =    2.0355055661252092E-003       +-    3.3866366568157079E-006
  Kgg      =    1.7152351857044575E-003       +-    2.7255468608058851E-006
  Kgghhz   =   0.38944016783369872            +-    1.1739708413359507E-003
  K_nnlo   =    1.1964581745242520            +-    3.2716925895431604E-004
  K_nnlo2  =    1.5858983423579507            +-    1.2187072086074474E-003
  sig_LO   = (   2.3782252352375903            +-    1.2428622685256669E-003 ) fb
  sig_NLO  = (   2.7988305613730255            +-    1.3646961435487067E-003 ) fb
  sig_NNLO = (   2.8454470235598768            +-    1.4663282407282839E-003 ) fb
  sig_HHZ  = (   3.7716234583171415            +-    3.1536009080139660E-003 ) fb

  pp ---> HHZ + X
  ===============

  PDFSET = PDF4LHC21_40                                NSET =  25
  Sqrt(S)  = 14.0 TeV
  LOOP     = 3
  alphaS(MZ) =   0.11800
          kl =   6.60000
          kv =   0.90000
         k2v =   1.60000
         kth =   0.00000
         kbh =   1.00000
 --------------

  mH       = 125.0000      GeV
  fact_scale 1.0
  ren_scale  1.0
  Kqq      =   0.25721505527637190            +-    1.9857732917744997E-004
  Kgq      =   -8.0492134354864520E-002       +-    1.3049196102114954E-004
  K_nlo    =    1.1767229209215073            +-    2.3761546152217141E-004
  Kqq2     =    5.7501516106468781E-002       +-    1.7969334842827151E-004
  Kgq2     =   -4.1734534249216214E-002       +-    1.3711693065533587E-004
  Kqqs     =    2.0380809308431867E-003       +-    3.3934740370005658E-006
  Kgg      =    1.7272822892279080E-003       +-    2.7465867492870084E-006
  Kgghhz   =   0.39235491011365553            +-    1.1810765605027296E-003
  K_nnlo   =    1.1962552659988308            +-    3.2798005899888186E-004
  K_nnlo2  =    1.5886101761124864            +-    1.2257702724694656E-003
  sig_LO   = (   2.3689453281864865            +-    1.2401297175081750E-003 ) fb
  sig_NLO  = (   2.7875922660869614            +-    1.3619015811883366E-003 ) fb
  sig_NNLO = (   2.8338633237064133            +-    1.4634203664163109E-003 ) fb
  sig_HHZ  = (   3.7633306550111865            +-    3.1575110507838832E-003 ) fb

  pp ---> HHZ + X
  ===============

  PDFSET = PDF4LHC21_40                                NSET =  26
  Sqrt(S)  = 14.0 TeV
  LOOP     = 3
  alphaS(MZ) =   0.11800
          kl =   6.60000
          kv =   0.90000
         k2v =   1.60000
         kth =   0.00000
         kbh =   1.00000
 --------------

  mH       = 125.0000      GeV
  fact_scale 1.0
  ren_scale  1.0
  Kqq      =   0.25718645713713512            +-    1.9712988471073069E-004
  Kgq      =   -8.0282706311633534E-002       +-    1.2940248797019461E-004
  K_nlo    =    1.1769037508255016            +-    2.3580753876613515E-004
  Kqq2     =    5.7489607595608026E-002       +-    1.7870461965171540E-004
  Kgq2     =   -4.1627021329423045E-002       +-    1.3598968123837294E-004
  Kqqs     =    2.0394620953134083E-003       +-    3.3769748361088689E-006
  Kgg      =    1.7135660370147868E-003       +-    2.7201672492594351E-006
  Kgghhz   =   0.38895427994351750            +-    1.1705623423420401E-003
  K_nnlo   =    1.1965193652240149            +-    3.2565707898958460E-004
  K_nnlo2  =    1.5854736451675324            +-    1.2150179959182958E-003
  sig_LO   = (   2.3773805362211529            +-    1.2297015025513659E-003 ) fb
  sig_NLO  = (   2.7979480702182169            +-    1.3514595494539844E-003 ) fb
  sig_NNLO = (   2.8445818500952620            +-    1.4531235838270492E-003 ) fb
  sig_HHZ  = (   3.7692741847128941            +-    3.1394180092642683E-003 ) fb

  pp ---> HHZ + X
  ===============

  PDFSET = PDF4LHC21_40                                NSET =  27
  Sqrt(S)  = 14.0 TeV
  LOOP     = 3
  alphaS(MZ) =   0.11800
          kl =   6.60000
          kv =   0.90000
         k2v =   1.60000
         kth =   0.00000
         kbh =   1.00000
 --------------

  mH       = 125.0000      GeV
  fact_scale 1.0
  ren_scale  1.0
  Kqq      =   0.25724745512307190            +-    1.9840186199082308E-004
  Kgq      =   -8.0340613669286631E-002       +-    1.3009723867687649E-004
  K_nlo    =    1.1769068414537853            +-    2.3725216617087773E-004
  Kqq2     =    5.7513144760120372E-002       +-    1.7959454382049503E-004
  Kgq2     =   -4.1658138068171438E-002       +-    1.3669389261404080E-004
  Kqqs     =    2.0365122818880323E-003       +-    3.3921669053992769E-006
  Kgg      =    1.7194062055838494E-003       +-    2.7318480640937264E-006
  Kgghhz   =   0.39027202874829092            +-    1.1765288871034127E-003
  K_nnlo   =    1.1965177666332059            +-    3.2748584792476726E-004
  K_nnlo2  =    1.5867897953814967            +-    1.2212564033730995E-003
  sig_LO   = (   2.3700984025027254            +-    1.2392448896603172E-003 ) fb
  sig_NLO  = (   2.7893850248241447            +-    1.3608532377937224E-003 ) fb
  sig_NNLO = (   2.8358648472634904            +-    1.4622494608818499E-003 ) fb
  sig_HHZ  = (   3.7608479591413122            +-    3.1486260025835118E-003 ) fb

  pp ---> HHZ + X
  ===============

  PDFSET = PDF4LHC21_40                                NSET =  28
  Sqrt(S)  = 14.0 TeV
  LOOP     = 3
  alphaS(MZ) =   0.11800
          kl =   6.60000
          kv =   0.90000
         k2v =   1.60000
         kth =   0.00000
         kbh =   1.00000
 --------------

  mH       = 125.0000      GeV
  fact_scale 1.0
  ren_scale  1.0
  Kqq      =   0.25725640390873450            +-    1.9851278346864432E-004
  Kgq      =   -8.0227979106070213E-002       +-    1.2990152035403528E-004
  K_nlo    =    1.1770284248026641            +-    2.3723770819740844E-004
  Kqq2     =    5.7516235655123676E-002       +-    1.7957054786112245E-004
  Kgq2     =   -4.1599672439495645E-002       +-    1.3650431983650981E-004
  Kqqs     =    2.0402472640299843E-003       +-    3.3954368441531969E-006
  Kgg      =    1.7083992361174478E-003       +-    2.7104194920235199E-006
  Kgghhz   =   0.38750456957708984            +-    1.1674774906054669E-003
  K_nnlo   =    1.1966936345184398            +-    3.2738298145920154E-004
  K_nnlo2  =    1.5841982040955296            +-    1.2125111577299212E-003
  sig_LO   = (   2.3768822486025791            +-    1.2425666409843182E-003 ) fb
  sig_NLO  = (   2.7976579690141086            +-    1.3645289986037638E-003 ) fb
  sig_NNLO = (   2.8443998569025823            +-    1.4661140884505775E-003 ) fb
  sig_HHZ  = (   3.7654525895827504            +-    3.1384509276463721E-003 ) fb

  pp ---> HHZ + X
  ===============

  PDFSET = PDF4LHC21_40                                NSET =  29
  Sqrt(S)  = 14.0 TeV
  LOOP     = 3
  alphaS(MZ) =   0.11800
          kl =   6.60000
          kv =   0.90000
         k2v =   1.60000
         kth =   0.00000
         kbh =   1.00000
 --------------

  mH       = 125.0000      GeV
  fact_scale 1.0
  ren_scale  1.0
  Kqq      =   0.25731138781545476            +-    1.9850875971464305E-004
  Kgq      =   -8.0266146802172603E-002       +-    1.2992647336111047E-004
  K_nlo    =    1.1770452410132821            +-    2.3724800560489699E-004
  Kqq2     =    5.7537768615518209E-002       +-    1.7957462736173201E-004
  Kgq2     =   -4.1620545239500019E-002       +-    1.3650924165573098E-004
  Kqqs     =    2.0413626322144255E-003       +-    3.3967828492957870E-006
  Kgg      =    1.7104610822147668E-003       +-    2.7147751571848546E-006
  Kgghhz   =   0.38816646261975640            +-    1.1681052386927223E-003
  K_nnlo   =    1.1967142881037296            +-    3.2739478332879436E-004
  K_nnlo2  =    1.5848807507234861            +-    1.2131187875934863E-003
  sig_LO   = (   2.3785265272330793            +-    1.2435247790440868E-003 ) fb
  sig_NLO  = (   2.7996333295035449            +-    1.3655728203757758E-003 ) fb
  sig_NNLO = (   2.8464166797735708            +-    1.4672267438575542E-003 ) fb
  sig_HHZ  = (   3.7696809080968889            +-    3.1419882666015204E-003 ) fb

  pp ---> HHZ + X
  ===============

  PDFSET = PDF4LHC21_40                                NSET =  30
  Sqrt(S)  = 14.0 TeV
  LOOP     = 3
  alphaS(MZ) =   0.11800
          kl =   6.60000
          kv =   0.90000
         k2v =   1.60000
         kth =   0.00000
         kbh =   1.00000
 --------------

  mH       = 125.0000      GeV
  fact_scale 1.0
  ren_scale  1.0
  Kqq      =   0.25726411107097225            +-    1.9840770443616782E-004
  Kgq      =   -8.0338686444478988E-002       +-    1.2998523260939845E-004
  K_nlo    =    1.1769254246264931            +-    2.3719565315610054E-004
  Kqq2     =    5.7518062552729524E-002       +-    1.7952387002143430E-004
  Kgq2     =   -4.1656288900867845E-002       +-    1.3653808286847186E-004
  Kqqs     =    2.0352713799522645E-003       +-    3.3875076882077964E-006
  Kgg      =    1.7164419403352046E-003       +-    2.7189473928398911E-006
  Kgghhz   =   0.38887898233103962            +-    1.1723578332979907E-003
  K_nnlo   =    1.1965389115986425            +-    3.2734097473472882E-004
  K_nnlo2  =    1.5854178939296821            +-    1.2171996561926239E-003
  sig_LO   = (   2.3740000775953951            +-    1.2407187220123824E-003 ) fb
  sig_NLO  = (   2.7940210493872883            +-    1.3625224297345306E-003 ) fb
  sig_NNLO = (   2.8405834689810865            +-    1.4639941983517093E-003 ) fb
  sig_HHZ  = (   3.7637822032101926            +-    3.1447347256653674E-003 ) fb

  pp ---> HHZ + X
  ===============

  PDFSET = PDF4LHC21_40                                NSET =  31
  Sqrt(S)  = 14.0 TeV
  LOOP     = 3
  alphaS(MZ) =   0.11800
          kl =   6.60000
          kv =   0.90000
         k2v =   1.60000
         kth =   0.00000
         kbh =   1.00000
 --------------

  mH       = 125.0000      GeV
  fact_scale 1.0
  ren_scale  1.0
  Kqq      =   0.25722902343176129            +-    1.9912532834072199E-004
  Kgq      =   -8.0240960887047352E-002       +-    1.3015080388392879E-004
  K_nlo    =    1.1769880625447140            +-    2.3788679689809025E-004
  Kqq2     =    5.7502773174821241E-002       +-    1.7996351137028455E-004
  Kgq2     =   -4.1604437964062699E-002       +-    1.3676875091004457E-004
  Kqqs     =    2.0344618890811880E-003       +-    3.3942240614824687E-006
  Kgg      =    1.7147761785072278E-003       +-    2.7225497215893668E-006
  Kgghhz   =   0.38886520584165180            +-    1.1746358903428037E-003
  K_nnlo   =    1.1966356358230610            +-    3.2817924648370996E-004
  K_nnlo2  =    1.5855008416647127            +-    1.2196192408715299E-003
  sig_LO   = (   2.3665730873321715            +-    1.2436517623652720E-003 ) fb
  sig_NLO  = (   2.7854282729295545            +-    1.3651418372719671E-003 ) fb
  sig_NNLO = (   2.8319256910814774            +-    1.4662437483783364E-003 ) fb
  sig_HHZ  = (   3.7522036218262156            +-    3.1428492996273343E-003 ) fb

  pp ---> HHZ + X
  ===============

  PDFSET = PDF4LHC21_40                                NSET =  32
  Sqrt(S)  = 14.0 TeV
  LOOP     = 3
  alphaS(MZ) =   0.11800
          kl =   6.60000
          kv =   0.90000
         k2v =   1.60000
         kth =   0.00000
         kbh =   1.00000
 --------------

  mH       = 125.0000      GeV
  fact_scale 1.0
  ren_scale  1.0
  Kqq      =   0.25720545703179087            +-    1.9851793558840251E-004
  Kgq      =   -8.0306642607973683E-002       +-    1.3013371315365215E-004
  K_nlo    =    1.1768988144238173            +-    2.3736923568448828E-004
  Kqq2     =    5.7494595409815594E-002       +-    1.7958542387846481E-004
  Kgq2     =   -4.1637576626464327E-002       +-    1.3674215347288476E-004
  Kqqs     =    2.0383156357714339E-003       +-    3.3947174202662258E-006
  Kgg      =    1.7154079835099334E-003       +-    2.7250693959477803E-006
  Kgghhz   =   0.38940689613387763            +-    1.1737921425205838E-003
  K_nnlo   =    1.1965095568264501            +-    3.2758578291040678E-004
  K_nnlo2  =    1.5859164529603278            +-    1.2186469706227832E-003
  sig_LO   = (   2.3758423773675443            +-    1.2429998583549731E-003 ) fb
  sig_NLO  = (   2.7961260771817260            +-    1.3649506882038517E-003 ) fb
  sig_NNLO = (   2.8427181100335392            +-    1.4665562974225939E-003 ) fb
  sig_HHZ  = (   3.7678875159075673            +-    3.1508549136257222E-003 ) fb

  pp ---> HHZ + X
  ===============

  PDFSET = PDF4LHC21_40                                NSET =  33
  Sqrt(S)  = 14.0 TeV
  LOOP     = 3
  alphaS(MZ) =   0.11800
          kl =   6.60000
          kv =   0.90000
         k2v =   1.60000
         kth =   0.00000
         kbh =   1.00000
 --------------

  mH       = 125.0000      GeV
  fact_scale 1.0
  ren_scale  1.0
  Kqq      =   0.25720031279417443            +-    1.9837056906565794E-004
  Kgq      =   -8.0255167760490020E-002       +-    1.2995236256512993E-004
  K_nlo    =    1.1769451450336845            +-    2.3714657747412663E-004
  Kqq2     =    5.7493504203960412E-002       +-    1.7951742172142449E-004
  Kgq2     =   -4.1613355893333905E-002       +-    1.3655296599193845E-004
  Kqqs     =    2.0359627620714794E-003       +-    3.3890646076920559E-006
  Kgg      =    1.7153540198144414E-003       +-    2.7256862459461167E-006
  Kgghhz   =   0.38933409609132513            +-    1.1744190280133157E-003
  K_nnlo   =    1.1965766101261970            +-    3.2730815992703522E-004
  K_nnlo2  =    1.5859107062175222            +-    1.2191762320987738E-003
  sig_LO   = (   2.3719755274231917            +-    1.2394192122444738E-003 ) fb
  sig_NLO  = (   2.7916850811394385            +-    1.3610925195109481E-003 ) fb
  sig_NNLO = (   2.8382504359063412            +-    1.4624997837240862E-003 ) fb
  sig_HHZ  = (   3.7617413838263936            +-    3.1462663881304856E-003 ) fb

  pp ---> HHZ + X
  ===============

  PDFSET = PDF4LHC21_40                                NSET =  34
  Sqrt(S)  = 14.0 TeV
  LOOP     = 3
  alphaS(MZ) =   0.11800
          kl =   6.60000
          kv =   0.90000
         k2v =   1.60000
         kth =   0.00000
         kbh =   1.00000
 --------------

  mH       = 125.0000      GeV
  fact_scale 1.0
  ren_scale  1.0
  Kqq      =   0.25709903365775366            +-    1.9738983486801203E-004
  Kgq      =   -8.0315516489082889E-002       +-    1.2980942817542588E-004
  K_nlo    =    1.1767835171686707            +-    2.3624824772355902E-004
  Kqq2     =    5.7456392832154438E-002       +-    1.7914608531692329E-004
  Kgq2     =   -4.1643988840077827E-002       +-    1.3640072303631849E-004
  Kqqs     =    2.0371703096350802E-003       +-    3.3823672128722107E-006
  Kgg      =    1.7204396298152445E-003       +-    2.7345225600104625E-006
  Kgghhz   =   0.39105306765191400            +-    1.1741353976461736E-003
  K_nnlo   =    1.1963535311001976            +-    3.2639030271019829E-004
  K_nnlo2  =    1.5874065987521115            +-    1.2186568679119620E-003
  sig_LO   = (   2.3807586814080763            +-    1.2352313299780939E-003 ) fb
  sig_NLO  = (   2.8016375746372431            +-    1.3572569823471178E-003 ) fb
  sig_NNLO = (   2.8482290552000027            +-    1.4593194699366232E-003 ) fb
  sig_HHZ  = (   3.7792320409035569            +-    3.1533315915031170E-003 ) fb

  pp ---> HHZ + X
  ===============

  PDFSET = PDF4LHC21_40                                NSET =  35
  Sqrt(S)  = 14.0 TeV
  LOOP     = 3
  alphaS(MZ) =   0.11800
          kl =   6.60000
          kv =   0.90000
         k2v =   1.60000
         kth =   0.00000
         kbh =   1.00000
 --------------

  mH       = 125.0000      GeV
  fact_scale 1.0
  ren_scale  1.0
  Kqq      =   0.25718106782746403            +-    1.9853927216623214E-004
  Kgq      =   -8.0262487139574901E-002       +-    1.3001447544780452E-004
  K_nlo    =    1.1769185806878890            +-    2.3732173608471889E-004
  Kqq2     =    5.7485396066796160E-002       +-    1.7960248274978075E-004
  Kgq2     =   -4.1615115202162579E-002       +-    1.3661531801664411E-004
  Kqqs     =    2.0346596899349905E-003       +-    3.3892663271224554E-006
  Kgg      =    1.7177323177160100E-003       +-    2.7282876061490629E-006
  Kgghhz   =   0.38995813268103535            +-    1.1740448006105839E-003
  K_nnlo   =    1.1965412535601736            +-    3.2750776177739224E-004
  K_nnlo2  =    1.5864993862412089            +-    1.2188693645609372E-003
  sig_LO   = (   2.3734577490055946            +-    1.2417704877893529E-003 ) fb
  sig_NLO  = (   2.7933665252823365            +-    1.3635507122056636E-003 ) fb
  sig_NNLO = (   2.8399401102672623            +-    1.4650015010848399E-003 ) fb
  sig_HHZ  = (   3.7654892620668177            +-    3.1481846359177191E-003 ) fb

  pp ---> HHZ + X
  ===============

  PDFSET = PDF4LHC21_40                                NSET =  36
  Sqrt(S)  = 14.0 TeV
  LOOP     = 3
  alphaS(MZ) =   0.11800
          kl =   6.60000
          kv =   0.90000
         k2v =   1.60000
         kth =   0.00000
         kbh =   1.00000
 --------------

  mH       = 125.0000      GeV
  fact_scale 1.0
  ren_scale  1.0
  Kqq      =   0.25719039716229225            +-    1.9847506541256817E-004
  Kgq      =   -8.0443636689839698E-002       +-    1.3034211308737039E-004
  K_nlo    =    1.1767467604724524            +-    2.3744771642322457E-004
  Kqq2     =    5.7487453509663035E-002       +-    1.7959985908179459E-004
  Kgq2     =   -4.1705529753082574E-002       +-    1.3696156837301942E-004
  Kqqs     =    2.0340059938528635E-003       +-    3.3875469542433662E-006
  Kgg      =    1.7273630141664581E-003       +-    2.7477598746056892E-006
  Kgghhz   =   0.39210321433724182            +-    1.1843572779503667E-003
  K_nnlo   =    1.1962900532370522            +-    3.2774231384839140E-004
  K_nnlo2  =    1.5883932675742940            +-    1.2288682541756457E-003
  sig_LO   = (   2.3702833460348489            +-    1.2396966791900950E-003 ) fb
  sig_NLO  = (   2.7892232488483137            +-    1.3614743374441443E-003 ) fb
  sig_NNLO = (   2.8355463902149283            +-    1.4629872110785080E-003 ) fb
  sig_HHZ  = (   3.7649421090852253            +-    3.1656047413810007E-003 ) fb

  pp ---> HHZ + X
  ===============

  PDFSET = PDF4LHC21_40                                NSET =  37
  Sqrt(S)  = 14.0 TeV
  LOOP     = 3
  alphaS(MZ) =   0.11800
          kl =   6.60000
          kv =   0.90000
         k2v =   1.60000
         kth =   0.00000
         kbh =   1.00000
 --------------

  mH       = 125.0000      GeV
  fact_scale 1.0
  ren_scale  1.0
  Kqq      =   0.25703425188902063            +-    1.9828130899537431E-004
  Kgq      =   -8.0115032148673410E-002       +-    1.2973245250129655E-004
  K_nlo    =    1.1769192197403473            +-    2.3695144382113452E-004
  Kqq2     =    5.7428148938898402E-002       +-    1.7956914507114393E-004
  Kgq2     =   -4.1538827828072736E-002       +-    1.3631205638340362E-004
  Kqqs     =    2.0321810364656136E-003       +-    3.3828642023016989E-006
  Kgg      =    1.7127916368803178E-003       +-    2.7203838859243460E-006
  Kgghhz   =   0.38876463578541665            +-    1.1712775318392450E-003
  K_nnlo   =    1.1965535135245189            +-    3.2709461255831169E-004
  K_nnlo2  =    1.5853181493099355            +-    1.2160929002983719E-003
  sig_LO   = (   2.3785750666821146            +-    1.2430914732765288E-003 ) fb
  sig_NLO  = (   2.7993907115733587            +-    1.3648915824174537E-003 ) fb
  sig_NNLO = (   2.8460923532203011            +-    1.4664890436502519E-003 ) fb
  sig_HHZ  = (   3.7707982227072465            +-    3.1483690222159615E-003 ) fb

  pp ---> HHZ + X
  ===============

  PDFSET = PDF4LHC21_40                                NSET =  38
  Sqrt(S)  = 14.0 TeV
  LOOP     = 3
  alphaS(MZ) =   0.11800
          kl =   6.60000
          kv =   0.90000
         k2v =   1.60000
         kth =   0.00000
         kbh =   1.00000
 --------------

  mH       = 125.0000      GeV
  fact_scale 1.0
  ren_scale  1.0
  Kqq      =   0.25706784853926617            +-    1.9835777567862517E-004
  Kgq      =   -8.0138127990473221E-002       +-    1.2977210897651301E-004
  K_nlo    =    1.1769297205487930            +-    2.3703714358805405E-004
  Kqq2     =    5.7440213194457308E-002       +-    1.7953866605153343E-004
  Kgq2     =   -4.1549268104655569E-002       +-    1.3635485443955572E-004
  Kqqs     =    2.0338571631395696E-003       +-    3.3854802520839604E-006
  Kgg      =    1.7114334100725198E-003       +-    2.7174562219481781E-006
  Kgghhz   =   0.38839252083172104            +-    1.1702620351384722E-003
  K_nnlo   =    1.1965659562118067            +-    3.2715780966077469E-004
  K_nnlo2  =    1.5849584770435277            +-    1.2151318707483870E-003
  sig_LO   = (   2.3802130968758490            +-    1.2445132744588853E-003 ) fb
  sig_NLO  = (   2.8013435349526703            +-    1.3664310097578889E-003 ) fb
  sig_NNLO = (   2.8480819602511165            +-    1.4680583229870665E-003 ) fb
  sig_HHZ  = (   3.7725389250634049            +-    3.1486592703103928E-003 ) fb

  pp ---> HHZ + X
  ===============

  PDFSET = PDF4LHC21_40                                NSET =  39
  Sqrt(S)  = 14.0 TeV
  LOOP     = 3
  alphaS(MZ) =   0.11800
          kl =   6.60000
          kv =   0.90000
         k2v =   1.60000
         kth =   0.00000
         kbh =   1.00000
 --------------

  mH       = 125.0000      GeV
  fact_scale 1.0
  ren_scale  1.0
  Kqq      =   0.25707417518791298            +-    1.9843609110051469E-004
  Kgq      =   -8.0335639185016031E-002       +-    1.3022830520269526E-004
  K_nlo    =    1.1767385360028968            +-    2.3735267794406303E-004
  Kqq2     =    5.7436731961143496E-002       +-    1.7955684655600914E-004
  Kgq2     =   -4.1644490238940936E-002       +-    1.3684193376820866E-004
  Kqqs     =    2.0316407049732095E-003       +-    3.3856789482281618E-006
  Kgg      =    1.7231550699724166E-003       +-    2.7391999183057529E-006
  Kgghhz   =   0.39147839683354718            +-    1.1779164154479432E-003
  K_nnlo   =    1.1962855735000448            +-    3.2759981036000624E-004
  K_nnlo2  =    1.5877639703335920            +-    1.2226237023424842E-003
  sig_LO   = (   2.3715061650333200            +-    1.2401319511601222E-003 ) fb
  sig_NLO  = (   2.7906426927631536            +-    1.3618975400695448E-003 ) fb
  sig_NNLO = (   2.8369986126957776            +-    1.4633894179588811E-003 ) fb
  sig_HHZ  = (   3.7653920442638951            +-    3.1535366661053863E-003 ) fb

  pp ---> HHZ + X
  ===============

  PDFSET = PDF4LHC21_40                                NSET =  40
  Sqrt(S)  = 14.0 TeV
  LOOP     = 3
  alphaS(MZ) =   0.11800
          kl =   6.60000
          kv =   0.90000
         k2v =   1.60000
         kth =   0.00000
         kbh =   1.00000
 --------------

  mH       = 125.0000      GeV
  fact_scale 1.0
  ren_scale  1.0
  Kqq      =   0.25719375761428792            +-    1.9843693843041692E-004
  Kgq      =   -8.0265813289549209E-002       +-    1.2996958070070396E-004
  K_nlo    =    1.1769279443247387            +-    2.3721153100377280E-004
  Kqq2     =    5.7490744517344761E-002       +-    1.7961735228288659E-004
  Kgq2     =   -4.1618563669724655E-002       +-    1.3656030157970916E-004
  Kqqs     =    2.0361139469888606E-003       +-    3.3886468224263602E-006
  Kgg      =    1.7163395695296230E-003       +-    2.7259269732435630E-006
  Kgghhz   =   0.38953876390023096            +-    1.1738627128144974E-003
  K_nnlo   =    1.1965525786888773            +-    3.2741309267492674E-004
  K_nnlo2  =    1.5860913425891083            +-    1.2186685364737910E-003
  sig_LO   = (   2.3732025598833011            +-    1.2412539839939077E-003 ) fb
  sig_NLO  = (   2.7930884102696614            +-    1.3629472826861698E-003 ) fb
  sig_NNLO = (   2.8396616427794088            +-    1.4644001459456996E-003 ) fb
  sig_HHZ  = (   3.7641160344412139            +-    3.1472571236236678E-003 ) fb

  pp ---> HHZ + X
  ===============

  PDFSET = PDF4LHC21_40                                NSET =  41
  Sqrt(S)  = 14.0 TeV
  LOOP     = 3
  alphaS(MZ) =   0.11700
          kl =   6.60000
          kv =   0.90000
         k2v =   1.60000
         kth =   0.00000
         kbh =   1.00000
 --------------

  mH       = 125.0000      GeV
  fact_scale 1.0
  ren_scale  1.0
  Kqq      =   0.25521325490182073            +-    1.9699388477511406E-004
  Kgq      =   -7.8752092117645237E-002       +-    1.2759613951055231E-004
  K_nlo    =    1.1764611627841755            +-    2.3470697786130527E-004
  Kqq2     =    5.6620638843780241E-002       +-    1.7715270550071338E-004
  Kgq2     =   -4.0563753121020833E-002       +-    1.3315525967080906E-004
  Kqqs     =    2.0029392315619589E-003       +-    3.3353251162628912E-006
  Kgg      =    1.6551720327270766E-003       +-    2.6281061067159358E-006
  Kgghhz   =   0.37374690818813133            +-    1.1263706477346795E-003
  K_nnlo   =    1.1961761597712239            +-    3.2282936829902833E-004
  K_nnlo2  =    1.5699230679593552            +-    1.1717208016906548E-003
  sig_LO   = (   2.3816642405748611            +-    1.2450327932568381E-003 ) fb
  sig_NLO  = (   2.8019354818281914            +-    1.3647637422010152E-003 ) fb
  sig_NNLO = (   2.8488899851552851            +-    1.4633077326655075E-003 ) fb
  sig_HHZ  = (   3.7390296314123734            +-    3.0557829027841655E-003 ) fb

  pp ---> HHZ + X
  ===============

  PDFSET = PDF4LHC21_40                                NSET =  42
  Sqrt(S)  = 14.0 TeV
  LOOP     = 3
  alphaS(MZ) =   0.11900
          kl =   6.60000
          kv =   0.90000
         k2v =   1.60000
         kth =   0.00000
         kbh =   1.00000
 --------------

  mH       = 125.0000      GeV
  fact_scale 1.0
  ren_scale  1.0
  Kqq      =   0.25895729195105927            +-    1.9970871840250038E-004
  Kgq      =   -7.9403766606547757E-002       +-    1.2872990594224874E-004
  K_nlo    =    1.1795535253445115            +-    2.3760252711170688E-004
  Kqq2     =    5.8278503052362644E-002       +-    1.8189851517857363E-004
  Kgq2     =   -4.1445421216598180E-002       +-    1.3609558012356922E-004
  Kqqs     =    2.0647900519226662E-003       +-    3.4369860500561916E-006
  Kgg      =    1.6862097855334837E-003       +-    2.6874234735581454E-006
  Kgghhz   =   0.38155605061820053            +-    1.1452822192952428E-003
  K_nnlo   =    1.2001376070177321            +-    3.2875990138890804E-004
  K_nnlo2  =    1.5816936576359326            +-    1.1915344873712557E-003
  sig_LO   = (   2.3853787138021154            +-    1.2468995629873261E-003 ) fb
  sig_NLO  = (   2.8136818711470415            +-    1.3696674896063049E-003 ) fb
  sig_NNLO = (   2.8627827014135065            +-    1.4730086966842245E-003 ) fb
  sig_HHZ  = (   3.7729383826805645            +-    3.1037406671614231E-003 ) fb

