  pp ---> HHZ + X
  ===============

  PDFSET = PDF4LHC21_40                                NSET =   0
  Sqrt(S)  = 14.0 TeV
  LOOP     = 3
  alphaS(MZ) =   0.11800
          kl =   0.00000
          kv =   1.20000
         k2v =   1.00000
         kth =   0.00000
         kbh =   1.00000
 --------------

  mH       = 125.0000      GeV
  fact_scale 0.5
  ren_scale  0.5
  Kqq      =   0.20603548951980818            +-    2.3100656367371043E-004
  Kgq      =   -2.7016645476422362E-002       +-    1.5674041215092512E-004
  K_nlo    =    1.1790188440433857            +-    2.7916229914080073E-004
  Kqq2     =    2.4763914770914674E-002       +-    2.0784390794507298E-004
  Kgq2     =   -1.9478322944571379E-002       +-    1.4425696168331704E-004
  Kqqs     =    1.4554605725102124E-003       +-    4.2222228134566766E-006
  Kgg      =    4.8879240697880693E-004       +-    2.7683406672106258E-006
  Kgghhz   =   0.10238078466491450            +-    2.4306784225848634E-004
  K_nnlo   =    1.1862486888492179            +-    3.7678407769052032E-004
  K_nnlo2  =    1.2886294735141324            +-    4.4838400633975833E-004
  sig_LO   = (  0.25596186672559085            +-    1.6416563220810870E-004 ) fb
  sig_NLO  = (  0.30178386422599335            +-    1.7904233574961921E-004 ) fb
  sig_NNLO = (  0.30363442879863051            +-    1.9039822164509547E-004 ) fb
  sig_HHZ  = (  0.32984000555829279            +-    2.0030558089148310E-004 ) fb

  mH       = 125.0000      GeV
  fact_scale 1.0
  ren_scale  0.5
  Kqq      =   0.28067017951907208            +-    2.9833698020420520E-004
  Kgq      =   -8.4590919877747500E-002       +-    1.5485947046770809E-004
  K_nlo    =    1.1960792596413246            +-    3.3613451080022008E-004
  Kqq2     =    4.4770020689375835E-002       +-    3.1053212900732520E-004
  Kgq2     =   -4.0631229727884112E-002       +-    1.8952684746162255E-004
  Kqqs     =    2.3620215542666904E-003       +-    4.4020170890818183E-006
  Kgg      =    1.8896075291180224E-003       +-    3.3631835354852257E-006
  Kgghhz   =    9.6726164315727226E-002       +-    2.2925167705886235E-004
  K_nnlo   =    1.2044696796862009            +-    4.9534606808110675E-004
  K_nnlo2  =    1.3011958440019282            +-    5.4582420118359841E-004
  sig_LO   = (  0.25229559217351533            +-    1.6147055493034797E-004 ) fb
  sig_NLO  = (  0.30176552509766774            +-    1.8238605062296780E-004 ) fb
  sig_NNLO = (  0.30388239109147436            +-    2.0418410368892588E-004 ) fb
  sig_HHZ  = (  0.32828597599618348            +-    2.1221809494911267E-004 ) fb

  mH       = 125.0000      GeV
  fact_scale 0.5
  ren_scale  1.0
  Kqq      =   0.18950886196052902            +-    2.1261492556439891E-004
  Kgq      =   -2.4852728307000253E-002       +-    1.4406693791771329E-004
  K_nlo    =    1.1646561336535286            +-    2.5682754753674918E-004
  Kqq2     =    3.5428252642511746E-002       +-    1.5429685120307949E-004
  Kgq2     =   -1.8379354029045461E-002       +-    1.2292456406720855E-004
  Kqqs     =    1.2283047052188305E-003       +-    3.5629266589553508E-006
  Kgg      =    4.1252764325162952E-004       +-    2.3342730804674974E-006
  Kgghhz   =    8.6506513468810872E-002       +-    2.0568380314974169E-004
  K_nnlo   =    1.1833458646154653            +-    3.2387729033266744E-004
  K_nnlo2  =    1.2698523780842761            +-    3.8366955322435039E-004
  sig_LO   = (  0.25596186672559085            +-    1.6416563220810870E-004 ) fb
  sig_NLO  = (  0.29810755806336647            +-    1.7683847752357715E-004 ) fb
  sig_NNLO = (  0.30289141648898288            +-    1.8390977107781000E-004 ) fb
  sig_HHZ  = (  0.32503378516038217            +-    1.9129697499105432E-004 ) fb

  mH       = 125.0000      GeV
  fact_scale 1.0
  ren_scale  1.0
  Kqq      =   0.25815561074341142            +-    2.7446600972256364E-004
  Kgq      =   -7.7751939053156638E-002       +-    1.4230381787507377E-004
  K_nlo    =    1.1804036716902546            +-    3.0916333397550328E-004
  Kqq2     =    5.7630520443667045E-002       +-    2.2867769410255936E-004
  Kgq2     =   -4.0265493920607597E-002       +-    1.4883172671040749E-004
  Kqqs     =    1.9964467249425112E-003       +-    3.7192172547609206E-006
  Kgg      =    1.5937653626413454E-003       +-    2.8344490516715253E-006
  Kgghhz   =    8.1719883399305554E-002       +-    1.9396806499229254E-004
  K_nnlo   =    1.2013589103008981            +-    4.1236901485068974E-004
  K_nnlo2  =    1.2830787937002037            +-    4.5571023100845847E-004
  sig_LO   = (  0.25229559217351533            +-    1.6147055493034797E-004 ) fb
  sig_NLO  = (  0.29781064335288460            +-    1.7932324264274393E-004 ) fb
  sig_NNLO = (  0.30309755768729418            +-    1.9208547487788023E-004 ) fb
  sig_HHZ  = (  0.32371512406187258            +-    1.9822131015164956E-004 ) fb

  mH       = 125.0000      GeV
  fact_scale 1.5
  ren_scale  1.0
  Kqq      =   0.29937566659510889            +-    3.2709776493482326E-004
  Kgq      =  -0.10743934498539608            +-    1.4841098534747437E-004
  K_nlo    =    1.1919363216097127            +-    3.5919182674048301E-004
  Kqq2     =    7.0546208838410215E-002       +-    2.9147816102006942E-004
  Kgq2     =   -5.5395861924015362E-002       +-    1.7313636346355456E-004
  Kqqs     =    3.4605042359797350E-003       +-    4.5683225276675213E-006
  Kgg      =    2.6539333419151232E-003       +-    3.4162168318875853E-006
  Kgghhz   =    7.9170604215674720E-002       +-    1.8774708527494687E-004
  K_nnlo   =    1.2132011061020023            +-    4.9395042991210163E-004
  K_nnlo2  =    1.2923717103176771            +-    5.2842785244495603E-004
  sig_LO   = (  0.24994561381939145            +-    1.5969993135445161E-004 ) fb
  sig_NLO  = (  0.29791925553836729            +-    1.8320543949904553E-004 ) fb
  sig_NNLO = (  0.30323429515102968            +-    2.0185792834485862E-004 ) fb
  sig_HHZ  = (  0.32302264041816858            +-    2.0724074240697967E-004 ) fb

  mH       = 125.0000      GeV
  fact_scale 2.0
  ren_scale  1.0
  Kqq      =   0.32904927991157612            +-    3.6577444144333791E-004
  Kgq      =  -0.12784994797151100            +-    1.5973571705566968E-004
  K_nlo    =    1.2011993319400651            +-    3.9913211010450512E-004
  Kqq2     =    7.9697865090337272E-002       +-    3.4496550414625098E-004
  Kgq2     =   -6.7156801173329270E-002       +-    1.9723495274830404E-004
  Kqqs     =    4.9355720466200802E-003       +-    5.7209030590000160E-006
  Kgg      =    3.5469163781365470E-003       +-    3.8453234835580931E-006
  Kgghhz   =    7.7463992413640451E-002       +-    1.8359203996646601E-004
  K_nnlo   =    1.2222228842818297            +-    5.6325552123124482E-004
  K_nnlo2  =    1.2996868766954701            +-    5.9242115031160885E-004
  sig_LO   = (  0.24821251295626662            +-    1.5840412187224603E-004 ) fb
  sig_NLO  = (  0.29815270474223221            +-    1.8683320986931530E-004 ) fb
  sig_NNLO = (  0.30337101350024920            +-    2.1127679046667271E-004 ) fb
  sig_HHZ  = (  0.32259854572086405            +-    2.1613535724920632E-004 ) fb

  mH       = 125.0000      GeV
  fact_scale 1.0
  ren_scale  1.5
  Kqq      =   0.24661516230577901            +-    2.6222923539737222E-004
  Kgq      =   -7.4249877493755265E-002       +-    1.3587684791270074E-004
  K_nlo    =    1.1723652848120238            +-    2.9534164910452720E-004
  Kqq2     =    6.3163039580359001E-002       +-    2.0937795802720150E-004
  Kgq2     =   -3.9924138924505907E-002       +-    1.3244478094470472E-004
  Kqqs     =    1.8211063590883975E-003       +-    3.3918699103170165E-006
  Kgg      =    1.4522067855931161E-003       +-    2.5816732197613193E-006
  Kgghhz   =    7.4525195542031866E-002       +-    1.7702485570926353E-004
  K_nnlo   =    1.1988774986125585            +-    3.8551992013515358E-004
  K_nnlo2  =    1.2734026941545904            +-    4.2422094285867211E-004
  sig_LO   = (  0.25229559217351533            +-    1.6147055493034797E-004 ) fb
  sig_NLO  = (  0.29578259377532151            +-    1.7783415400554869E-004 ) fb
  sig_NNLO = (  0.30247150845595827            +-    1.8850256171163798E-004 ) fb
  sig_HHZ  = (  0.32127388679708224            +-    1.9372135346644600E-004 ) fb

  mH       = 125.0000      GeV
  fact_scale 1.5
  ren_scale  1.5
  Kqq      =   0.28599054958527859            +-    3.1248661024832583E-004
  Kgq      =  -0.10259377958703735            +-    1.4157872652878912E-004
  K_nlo    =    1.1833967699982413            +-    3.4306328481783469E-004
  Kqq2     =    7.6627039337163097E-002       +-    2.6034399802924807E-004
  Kgq2     =   -5.4982754151488698E-002       +-    1.5867832671067491E-004
  Kqqs     =    3.1565096341326063E-003       +-    4.1665382386533943E-006
  Kgg      =    2.4179309975969152E-003       +-    3.1134263398254675E-006
  Kgghhz   =    7.2198015748954861E-002       +-    1.7133974283263612E-004
  K_nnlo   =    1.2106154958156452            +-    4.5899594718474721E-004
  K_nnlo2  =    1.2828135115646000            +-    4.8993324750008251E-004
  sig_LO   = (  0.24994561381939145            +-    1.5969993135445161E-004 ) fb
  sig_NLO  = (  0.29578483206909562            +-    1.8126401763470545E-004 ) fb
  sig_NNLO = (  0.30258803320090838            +-    1.9663588101420816E-004 ) fb
  sig_HHZ  = (  0.32063361056382300            +-    2.0124538054394546E-004 ) fb

  mH       = 125.0000      GeV
  fact_scale 2.0
  ren_scale  1.5
  Kqq      =   0.31433462490460895            +-    3.4955303072813863E-004
  Kgq      =  -0.12207889256767232            +-    1.5254839319735054E-004
  K_nlo    =    1.1922557323369367            +-    3.8139000191184943E-004
  Kqq2     =    8.6201404456536498E-002       +-    3.0297059833968797E-004
  Kgq2     =   -6.6577736141355301E-002       +-    1.8450628920755810E-004
  Kqqs     =    4.5016075690655234E-003       +-    5.2171316379676469E-006
  Kgg      =    3.2313285155914492E-003       +-    3.5039742593317961E-006
  Kgghhz   =    7.0640277234792728E-002       +-    1.6754296718936922E-004
  K_nnlo   =    1.2196123367367748            +-    5.2089498372696018E-004
  K_nnlo2  =    1.2902526139715675            +-    5.4717659848217942E-004
  sig_LO   = (  0.24821251295626662            +-    1.5840412187224603E-004 ) fb
  sig_NLO  = (  0.29593279140986506            +-    1.8453583387938318E-004 ) fb
  sig_NNLO = (  0.30272304293389934            +-    2.0447116158350706E-004 ) fb
  sig_HHZ  = (  0.32025684366227458            +-    2.0865730999927720E-004 ) fb

  mH       = 125.0000      GeV
  fact_scale 1.0
  ren_scale  2.0
  Kqq      =   0.23904485437812831            +-    2.5420166039281797E-004
  Kgq      =   -7.1953964192540312E-002       +-    1.3166400265958501E-004
  K_nlo    =    1.1670908901855879            +-    2.8627590492880952E-004
  Kqq2     =    6.6385428784324185E-002       +-    2.0414092496015489E-004
  Kgq2     =   -3.9644539238147834E-002       +-    1.2408355418698226E-004
  Kqqs     =    1.7105135430400245E-003       +-    3.1854362572917856E-006
  Kgg      =    1.3630377249696317E-003       +-    2.4225320766175357E-006
  Kgghhz   =    6.9988083343679605E-002       +-    1.6632849641441287E-004
  K_nnlo   =    1.1969053309997737            +-    3.7288088590310128E-004
  K_nnlo2  =    1.2668934143434534            +-    4.0829563283405440E-004
  sig_LO   = (  0.25229559217351533            +-    1.6147055493034797E-004 ) fb
  sig_NLO  = (  0.29445188725968807            +-    1.7688797783615905E-004 ) fb
  sig_NNLO = (  0.30197393926022542            +-    1.8687715819046502E-004 ) fb
  sig_HHZ  = (  0.31963162419250840            +-    1.9153079402291497E-004 ) fb

  mH       = 125.0000      GeV
  fact_scale 1.5
  ren_scale  2.0
  Kqq      =   0.27721037399542386            +-    3.0290182886562789E-004
  Kgq      =   -9.9417309491545841E-002       +-    1.3711395564418579E-004
  K_nlo    =    1.1777930645038781            +-    3.3249023258215851E-004
  Kqq2     =    8.0168387903263597E-002       +-    2.5096708939726270E-004
  Kgq2     =   -5.4623395168290019E-002       +-    1.5241954511266266E-004
  Kqqs     =    2.9647731860766666E-003       +-    3.9131538494795899E-006
  Kgg      =    2.2692923038807153E-003       +-    2.9226604979491510E-006
  Kgghhz   =    6.7801298747159275E-002       +-    1.6098430127489045E-004
  K_nnlo   =    1.2085721227288091            +-    4.4360997190421507E-004
  K_nnlo2  =    1.2763734214759683            +-    4.7191710334530489E-004
  sig_LO   = (  0.24994561381939145            +-    1.5969993135445161E-004 ) fb
  sig_NLO  = (  0.29438421045964391            +-    1.8002894735236644E-004 ) fb
  sig_NNLO = (  0.30207730106045705            +-    1.9441728390757557E-004 ) fb
  sig_HHZ  = (  0.31902393829356773            +-    1.9853745793319480E-004 ) fb

  mH       = 125.0000      GeV
  fact_scale 2.0
  ren_scale  2.0
  Kqq      =   0.30468249099629985            +-    3.3890755247394111E-004
  Kgq      =  -0.11829604301393948            +-    1.4783657593952783E-004
  K_nlo    =    1.1863864479823603            +-    3.6974853929312680E-004
  Kqq2     =    8.9985616206800387E-002       +-    2.8857710708826527E-004
  Kgq2     =   -6.6089539720297963E-002       +-    1.7864997173305024E-004
  Kqqs     =    4.2279183524413840E-003       +-    4.8994050487211492E-006
  Kgg      =    3.0325789340618910E-003       +-    3.2889678248377329E-006
  Kgghhz   =    6.6337503087818550E-002       +-    1.5741384208363746E-004
  K_nnlo   =    1.2175430217553662            +-    5.0193760859716110E-004
  K_nnlo2  =    1.2838805248431848            +-    5.2604228024348890E-004
  sig_LO   = (  0.24821251295626662            +-    1.5840412187224603E-004 ) fb
  sig_NLO  = (  0.29447596159096073            +-    1.8307031245021668E-004 ) fb
  sig_NNLO = (  0.30220941306226579            +-    2.0152874491801217E-004 ) fb
  sig_HHZ  = (  0.31867521140693733            +-    2.0528142360988567E-004 ) fb

  pp ---> HHZ + X
  ===============

  PDFSET = PDF4LHC21_40                                NSET =   1
  Sqrt(S)  = 14.0 TeV
  LOOP     = 3
  alphaS(MZ) =   0.11800
          kl =   0.00000
          kv =   1.20000
         k2v =   1.00000
         kth =   0.00000
         kbh =   1.00000
 --------------

  mH       = 125.0000      GeV
  fact_scale 1.0
  ren_scale  1.0
  Kqq      =   0.25835521605473272            +-    2.7367823823593881E-004
  Kgq      =   -7.7854893874271108E-002       +-    1.4207987969619586E-004
  K_nlo    =    1.1805003221804615            +-    3.0836094159022922E-004
  Kqq2     =    5.7708792573751881E-002       +-    2.2820528392850510E-004
  Kgq2     =   -4.0325054511376600E-002       +-    1.4855839238842784E-004
  Kqqs     =    1.9993001392473136E-003       +-    3.7149072703639956E-006
  Kgg      =    1.5948845613187712E-003       +-    2.8365668919496353E-006
  Kgghhz   =    8.1761997816345383E-002       +-    1.9393477834458593E-004
  K_nnlo   =    1.2014782449434027            +-    4.1140681145077849E-004
  K_nnlo2  =    1.2832402427597480            +-    4.5482553002185362E-004
  sig_LO   = (  0.25214558313700958            +-    1.6055503164295610E-004 ) fb
  sig_NLO  = (  0.29765794212962016            +-    1.7839077407834071E-004 ) fb
  sig_NNLO = (  0.30294743269768515            +-    1.9115110798191627E-004 ) fb
  sig_HHZ  = (  0.32356335931553448            +-    1.9730670618423388E-004 ) fb

  pp ---> HHZ + X
  ===============

  PDFSET = PDF4LHC21_40                                NSET =   2
  Sqrt(S)  = 14.0 TeV
  LOOP     = 3
  alphaS(MZ) =   0.11800
          kl =   0.00000
          kv =   1.20000
         k2v =   1.00000
         kth =   0.00000
         kbh =   1.00000
 --------------

  mH       = 125.0000      GeV
  fact_scale 1.0
  ren_scale  1.0
  Kqq      =   0.25824424862871570            +-    2.7419300868876129E-004
  Kgq      =   -7.8220880122462269E-002       +-    1.4272564884491675E-004
  K_nlo    =    1.1800233685062536            +-    3.0911553964819955E-004
  Kqq2     =    5.7673976795502221E-002       +-    2.2849008254083035E-004
  Kgq2     =   -4.0518177193177539E-002       +-    1.4937279989374029E-004
  Kqqs     =    2.0181768638475846E-003       +-    3.7510801433576262E-006
  Kgg      =    1.5892285430749210E-003       +-    2.8158113611282021E-006
  Kgghhz   =    8.1404550865663408E-002       +-    1.9298588594727879E-004
  K_nnlo   =    1.2007865735155008            +-    4.1242498398553866E-004
  K_nnlo2  =    1.2821911243811641            +-    4.5534373784024738E-004
  sig_LO   = (  0.25185091257907083            +-    1.6073132093852459E-004 ) fb
  sig_NLO  = (  0.29718996222292909            +-    1.7859266647853123E-004 ) fb
  sig_NNLO = (  0.30241919435257431            +-    1.9137255058835942E-004 ) fb
  sig_HHZ  = (  0.32292100477618102            +-    1.9744814509402289E-004 ) fb

  pp ---> HHZ + X
  ===============

  PDFSET = PDF4LHC21_40                                NSET =   3
  Sqrt(S)  = 14.0 TeV
  LOOP     = 3
  alphaS(MZ) =   0.11800
          kl =   0.00000
          kv =   1.20000
         k2v =   1.00000
         kth =   0.00000
         kbh =   1.00000
 --------------

  mH       = 125.0000      GeV
  fact_scale 1.0
  ren_scale  1.0
  Kqq      =   0.25815724761037756            +-    2.7400737907100700E-004
  Kgq      =   -7.7730006947090216E-002       +-    1.4204376263672323E-004
  K_nlo    =    1.1804272406632872            +-    3.0863647595409118E-004
  Kqq2     =    5.7638288080038215E-002       +-    2.2828135444310995E-004
  Kgq2     =   -4.0256094910819884E-002       +-    1.4858238661641195E-004
  Kqqs     =    1.9967500314475107E-003       +-    3.7170785395029124E-006
  Kgg      =    1.5906147607980105E-003       +-    2.8274151885494769E-006
  Kgghhz   =    8.1528610127417189E-002       +-    1.9387387909439166E-004
  K_nnlo   =    1.2013967986247509            +-    4.1166416851347076E-004
  K_nnlo2  =    1.2829254087521682            +-    4.5503238196088205E-004
  sig_LO   = (  0.25205389809735179            +-    1.6119222562502617E-004 ) fb
  sig_NLO  = (  0.29753128742948237            +-    1.7898236960626771E-004 ) fb
  sig_NNLO = (  0.30281674625504768            +-    1.9170131611328804E-004 ) fb
  sig_HHZ  = (  0.32336635024412241            +-    1.9783160955680120E-004 ) fb

  pp ---> HHZ + X
  ===============

  PDFSET = PDF4LHC21_40                                NSET =   4
  Sqrt(S)  = 14.0 TeV
  LOOP     = 3
  alphaS(MZ) =   0.11800
          kl =   0.00000
          kv =   1.20000
         k2v =   1.00000
         kth =   0.00000
         kbh =   1.00000
 --------------

  mH       = 125.0000      GeV
  fact_scale 1.0
  ren_scale  1.0
  Kqq      =   0.25865152535034247            +-    2.7463447255904962E-004
  Kgq      =   -7.8594555362053800E-002       +-    1.4405645442020266E-004
  K_nlo    =    1.1800569699882888            +-    3.1012312970481144E-004
  Kqq2     =    5.7825271961141150E-002       +-    2.2877731563389759E-004
  Kgq2     =   -4.0698679930522279E-002       +-    1.5060443073645639E-004
  Kqqs     =    2.0127667337204239E-003       +-    3.7509142872620417E-006
  Kgg      =    1.6201044818573748E-003       +-    2.8884241391869069E-006
  Kgghhz   =    8.3122123548133378E-002       +-    1.9744891906588546E-004
  K_nnlo   =    1.2008164332344855            +-    4.1378680819476304E-004
  K_nnlo2  =    1.2839385567826189            +-    4.5848184072686693E-004
  sig_LO   = (  0.24892640990822837            +-    1.5941833397369105E-004 ) fb
  sig_NLO  = (  0.29374734502636668            +-    1.7712625805287421E-004 ) fb
  sig_NNLO = (  0.29891492368386419            +-    1.8979913837283602E-004 ) fb
  sig_HHZ  = (  0.31960621548264923            +-    1.9605983795134891E-004 ) fb

  pp ---> HHZ + X
  ===============

  PDFSET = PDF4LHC21_40                                NSET =   5
  Sqrt(S)  = 14.0 TeV
  LOOP     = 3
  alphaS(MZ) =   0.11800
          kl =   0.00000
          kv =   1.20000
         k2v =   1.00000
         kth =   0.00000
         kbh =   1.00000
 --------------

  mH       = 125.0000      GeV
  fact_scale 1.0
  ren_scale  1.0
  Kqq      =   0.25827034986869613            +-    2.7465745065768905E-004
  Kgq      =   -7.7648901030045764E-002       +-    1.4195233064475576E-004
  K_nlo    =    1.1806214488386504            +-    3.0917176355103800E-004
  Kqq2     =    5.7671542574165541E-002       +-    2.2881193423993890E-004
  Kgq2     =   -4.0214370287604426E-002       +-    1.4857960480966711E-004
  Kqqs     =    1.9952807266463181E-003       +-    3.7158965816270937E-006
  Kgg      =    1.5859921124581676E-003       +-    2.8222982432340828E-006
  Kgghhz   =    8.1256477935844354E-002       +-    1.9398991232855571E-004
  K_nnlo   =    1.2016598939643162            +-    4.1235876715313939E-004
  K_nnlo2  =    1.2829163719001606            +-    4.5571025765643873E-004
  sig_LO   = (  0.25184540987500448            +-    1.6094499031000766E-004 ) fb
  sig_NLO  = (  0.29733409268999150            +-    1.7879041614436315E-004 ) fb
  sig_NNLO = (  0.30263252852579753            +-    1.9154177104535071E-004 ) fb
  sig_HHZ  = (  0.32309659951654951            +-    1.9767424441398745E-004 ) fb

  pp ---> HHZ + X
  ===============

  PDFSET = PDF4LHC21_40                                NSET =   6
  Sqrt(S)  = 14.0 TeV
  LOOP     = 3
  alphaS(MZ) =   0.11800
          kl =   0.00000
          kv =   1.20000
         k2v =   1.00000
         kth =   0.00000
         kbh =   1.00000
 --------------

  mH       = 125.0000      GeV
  fact_scale 1.0
  ren_scale  1.0
  Kqq      =   0.25824364670180405            +-    2.7387277499756193E-004
  Kgq      =   -7.7866771355110623E-002       +-    1.4233785030826071E-004
  K_nlo    =    1.1803768753466934            +-    3.0865249150985650E-004
  Kqq2     =    5.7666376332624752E-002       +-    2.2827165501152451E-004
  Kgq2     =   -4.0326984367708214E-002       +-    1.4880862552143310E-004
  Kqqs     =    1.9971332114737859E-003       +-    3.7132149597493815E-006
  Kgg      =    1.5997876846300678E-003       +-    2.8486391123417292E-006
  Kgghhz   =    8.2040972980681789E-002       +-    1.9469259288839425E-004
  K_nnlo   =    1.2013131882077139            +-    4.1175261837254938E-004
  K_nnlo2  =    1.2833541611883956            +-    4.5546177058262125E-004
  sig_LO   = (  0.25221731627588223            +-    1.6084421291992769E-004 ) fb
  sig_NLO  = (  0.29771148769405459            +-    1.7869273786066267E-004 ) fb
  sig_NNLO = (  0.30299198833657343            +-    1.9145735866537270E-004 ) fb
  sig_HHZ  = (  0.32368414236642318            +-    1.9765425829055666E-004 ) fb

  pp ---> HHZ + X
  ===============

  PDFSET = PDF4LHC21_40                                NSET =   7
  Sqrt(S)  = 14.0 TeV
  LOOP     = 3
  alphaS(MZ) =   0.11800
          kl =   0.00000
          kv =   1.20000
         k2v =   1.00000
         kth =   0.00000
         kbh =   1.00000
 --------------

  mH       = 125.0000      GeV
  fact_scale 1.0
  ren_scale  1.0
  Kqq      =   0.25831581335607268            +-    2.7536377664669404E-004
  Kgq      =   -7.7646144006787973E-002       +-    1.4208510752572128E-004
  K_nlo    =    1.1806696693492849            +-    3.0986027055711124E-004
  Kqq2     =    5.7690938502244105E-002       +-    2.2924410980983541E-004
  Kgq2     =   -4.0214539547346273E-002       +-    1.4869795087225248E-004
  Kqqs     =    1.9952664731996764E-003       +-    3.7186918330079350E-006
  Kgg      =    1.5862990180894061E-003       +-    2.8189256696568881E-006
  Kgghhz   =    8.1281596076465082E-002       +-    1.9343356918155805E-004
  K_nnlo   =    1.2017276337954719            +-    4.1315748178717129E-004
  K_nnlo2  =    1.2830092298719369            +-    4.5619694260596856E-004
  sig_LO   = (  0.25197089689372615            +-    1.6163597963206200E-004 ) fb
  sig_NLO  = (  0.29749439552115836            +-    1.7950491864307660E-004 ) fb
  sig_NNLO = (  0.30280038970942030            +-    1.9225962185564978E-004 ) fb
  sig_HHZ  = (  0.32328098637376079            +-    1.9834140697400830E-004 ) fb

  pp ---> HHZ + X
  ===============

  PDFSET = PDF4LHC21_40                                NSET =   8
  Sqrt(S)  = 14.0 TeV
  LOOP     = 3
  alphaS(MZ) =   0.11800
          kl =   0.00000
          kv =   1.20000
         k2v =   1.00000
         kth =   0.00000
         kbh =   1.00000
 --------------

  mH       = 125.0000      GeV
  fact_scale 1.0
  ren_scale  1.0
  Kqq      =   0.25799308171556790            +-    2.7453828335325173E-004
  Kgq      =   -7.7563869017759510E-002       +-    1.4247963777109279E-004
  K_nlo    =    1.1804292126978084            +-    3.0930844832615252E-004
  Kqq2     =    5.7564146967068547E-002       +-    2.2871503533420631E-004
  Kgq2     =   -4.0155112250611684E-002       +-    1.4884623268896787E-004
  Kqqs     =    2.0002042118344257E-003       +-    3.7267559547038782E-006
  Kgg      =    1.5938890703953870E-003       +-    2.8484689830466242E-006
  Kgghhz   =    8.1869172588202990E-002       +-    1.9406996806023771E-004
  K_nnlo   =    1.2014323406964951            +-    4.1250392369655229E-004
  K_nnlo2  =    1.2833015132846981            +-    4.5587568433505283E-004
  sig_LO   = (  0.25263580014422499            +-    1.6181618285283708E-004 ) fb
  sig_NLO  = (  0.29821867866352836            +-    1.7969615947859924E-004 ) fb
  sig_NNLO = (  0.30352482071100811            +-    1.9247046617114377E-004 ) fb
  sig_HHZ  = (  0.32420790463497445            +-    1.9861703178114141E-004 ) fb

  pp ---> HHZ + X
  ===============

  PDFSET = PDF4LHC21_40                                NSET =   9
  Sqrt(S)  = 14.0 TeV
  LOOP     = 3
  alphaS(MZ) =   0.11800
          kl =   0.00000
          kv =   1.20000
         k2v =   1.00000
         kth =   0.00000
         kbh =   1.00000
 --------------

  mH       = 125.0000      GeV
  fact_scale 1.0
  ren_scale  1.0
  Kqq      =   0.25822074572175402            +-    2.7349034487256051E-004
  Kgq      =   -7.7792206436614900E-002       +-    1.4217333336558454E-004
  K_nlo    =    1.1804285392851390            +-    3.0823728758668011E-004
  Kqq2     =    5.7656509331119508E-002       +-    2.2798649626305740E-004
  Kgq2     =   -4.0285113209752844E-002       +-    1.4859983895231673E-004
  Kqqs     =    1.9998664778167461E-003       +-    3.7196514051382836E-006
  Kgg      =    1.5922397420881419E-003       +-    2.8317345507803974E-006
  Kgghhz   =    8.1647649022711793E-002       +-    1.9349348978423234E-004
  K_nnlo   =    1.2013920416264106            +-    4.1120777546259395E-004
  K_nnlo2  =    1.2830396906491224            +-    4.5445744046035370E-004
  sig_LO   = (  0.25326778475192446            +-    1.6131534245020828E-004 ) fb
  sig_NLO  = (  0.29896452120269718            +-    1.7921224802686458E-004 ) fb
  sig_NNLO = (  0.30427390100131274            +-    1.9201292369246453E-004 ) fb
  sig_HHZ  = (  0.32495262019949761            +-    1.9816790434922359E-004 ) fb

  pp ---> HHZ + X
  ===============

  PDFSET = PDF4LHC21_40                                NSET =  10
  Sqrt(S)  = 14.0 TeV
  LOOP     = 3
  alphaS(MZ) =   0.11800
          kl =   0.00000
          kv =   1.20000
         k2v =   1.00000
         kth =   0.00000
         kbh =   1.00000
 --------------

  mH       = 125.0000      GeV
  fact_scale 1.0
  ren_scale  1.0
  Kqq      =   0.25812364831962087            +-    2.7468349240613265E-004
  Kgq      =   -7.7527050806801001E-002       +-    1.4212347435853378E-004
  K_nlo    =    1.1805965975128201            +-    3.0927350834523596E-004
  Kqq2     =    5.7617020957283473E-002       +-    2.2883441926715750E-004
  Kgq2     =   -4.0151094451134711E-002       +-    1.4866293044478508E-004
  Kqqs     =    1.9957979683391707E-003       +-    3.7216834637970704E-006
  Kgg      =    1.5864040147148194E-003       +-    2.8288989765439487E-006
  Kgghhz   =    8.1396852643075931E-002       +-    1.9338734441839674E-004
  K_nnlo   =    1.2016447260020229            +-    4.1247765380825565E-004
  K_nnlo2  =    1.2830415786450988            +-    4.5556171905940777E-004
  sig_LO   = (  0.25197834969349903            +-    1.6150886065868919E-004 ) fb
  sig_NLO  = (  0.29748478229504050            +-    1.7932716621945491E-004 ) fb
  sig_NNLO = (  0.30278845497588658            +-    1.9206167615066447E-004 ) fb
  sig_HHZ  = (  0.32329869957513380            +-    1.9814702672321099E-004 ) fb

  pp ---> HHZ + X
  ===============

  PDFSET = PDF4LHC21_40                                NSET =  11
  Sqrt(S)  = 14.0 TeV
  LOOP     = 3
  alphaS(MZ) =   0.11800
          kl =   0.00000
          kv =   1.20000
         k2v =   1.00000
         kth =   0.00000
         kbh =   1.00000
 --------------

  mH       = 125.0000      GeV
  fact_scale 1.0
  ren_scale  1.0
  Kqq      =   0.25807384895829072            +-    2.7439235590998002E-004
  Kgq      =   -7.7701516958957467E-002       +-    1.4224635500853934E-004
  K_nlo    =    1.1803723319993333            +-    3.0907149738376808E-004
  Kqq2     =    5.7596444269850236E-002       +-    2.2863022869395899E-004
  Kgq2     =   -4.0240632952737838E-002       +-    1.4875986811844970E-004
  Kqqs     =    1.9945616359079810E-003       +-    3.7183573941216937E-006
  Kgg      =    1.5928574244260362E-003       +-    2.8335588563956335E-006
  Kgghhz   =    8.1678898007138859E-002       +-    1.9379422073442941E-004
  K_nnlo   =    1.2013155623767797            +-    4.1224789334551868E-004
  K_nnlo2  =    1.2829944603839185            +-    4.5552664637525095E-004
  sig_LO   = (  0.25247989006712063            +-    1.6159975455840145E-004 ) fb
  sig_NLO  = (  0.29802027662146247            +-    1.7945427977860028E-004 ) fb
  sig_NNLO = (  0.30330802112481053            +-    1.9221868473457603E-004 ) fb
  sig_HHZ  = (  0.32393030031445652            +-    1.9834839008497441E-004 ) fb

  pp ---> HHZ + X
  ===============

  PDFSET = PDF4LHC21_40                                NSET =  12
  Sqrt(S)  = 14.0 TeV
  LOOP     = 3
  alphaS(MZ) =   0.11800
          kl =   0.00000
          kv =   1.20000
         k2v =   1.00000
         kth =   0.00000
         kbh =   1.00000
 --------------

  mH       = 125.0000      GeV
  fact_scale 1.0
  ren_scale  1.0
  Kqq      =   0.25794864170021903            +-    2.7403833494315469E-004
  Kgq      =   -7.7593737705061810E-002       +-    1.4205956166286378E-004
  K_nlo    =    1.1803549039951573            +-    3.0867122975467221E-004
  Kqq2     =    5.7551879727690776E-002       +-    2.2838968298851127E-004
  Kgq2     =   -4.0181308968893180E-002       +-    1.4849399307149808E-004
  Kqqs     =    1.9942543113490425E-003       +-    3.7160730485246898E-006
  Kgg      =    1.5897898090047008E-003       +-    2.8271871350326131E-006
  Kgghhz   =    8.1537389553575687E-002       +-    1.9306446287404948E-004
  K_nnlo   =    1.2013095188743088            +-    4.1171840320560225E-004
  K_nnlo2  =    1.2828469084278844            +-    4.5473721022478038E-004
  sig_LO   = (  0.25404184990730627            +-    1.6276460959563089E-004 ) fb
  sig_NLO  = (  0.29985954335809062            +-    1.8066901974825487E-004 ) fb
  sig_NNLO = (  0.30518289248608543            +-    1.9347392904154768E-004 ) fb
  sig_HHZ  = (  0.32589680176488844            +-    1.9959387716077747E-004 ) fb

  pp ---> HHZ + X
  ===============

  PDFSET = PDF4LHC21_40                                NSET =  13
  Sqrt(S)  = 14.0 TeV
  LOOP     = 3
  alphaS(MZ) =   0.11800
          kl =   0.00000
          kv =   1.20000
         k2v =   1.00000
         kth =   0.00000
         kbh =   1.00000
 --------------

  mH       = 125.0000      GeV
  fact_scale 1.0
  ren_scale  1.0
  Kqq      =   0.25812317758555353            +-    2.7418510662402328E-004
  Kgq      =   -7.7574809889472685E-002       +-    1.4191011630276134E-004
  K_nlo    =    1.1805483676960808            +-    3.0873281944667023E-004
  Kqq2     =    5.7612882177333992E-002       +-    2.2847489085232311E-004
  Kgq2     =   -4.0174400589926502E-002       +-    1.4842090288130200E-004
  Kqqs     =    1.9920669482597934E-003       +-    3.7128025690595220E-006
  Kgg      =    1.5884259304759288E-003       +-    2.8240005465183491E-006
  Kgghhz   =    8.1428166713125166E-002       +-    1.9352930344224121E-004
  K_nnlo   =    1.2015673421622242            +-    4.1178544637659998E-004
  K_nnlo2  =    1.2829955088753493            +-    4.5499543419512986E-004
  sig_LO   = (  0.25203586659246108            +-    1.6117335698926700E-004 ) fb
  sig_NLO  = (  0.29754053090659716            +-    1.7897351329180280E-004 ) fb
  sig_NNLO = (  0.30283806635105631            +-    1.9169797947983744E-004 ) fb
  sig_HHZ  = (  0.32336088491363418            +-    1.9780608000222004E-004 ) fb

  pp ---> HHZ + X
  ===============

  PDFSET = PDF4LHC21_40                                NSET =  14
  Sqrt(S)  = 14.0 TeV
  LOOP     = 3
  alphaS(MZ) =   0.11800
          kl =   0.00000
          kv =   1.20000
         k2v =   1.00000
         kth =   0.00000
         kbh =   1.00000
 --------------

  mH       = 125.0000      GeV
  fact_scale 1.0
  ren_scale  1.0
  Kqq      =   0.25824979774514034            +-    2.7467373499510690E-004
  Kgq      =   -7.7678901273026166E-002       +-    1.4212312588086091E-004
  K_nlo    =    1.1805708964721142            +-    3.0926468211923139E-004
  Kqq2     =    5.7665115671186193E-002       +-    2.2883690196758488E-004
  Kgq2     =   -4.0230075911111308E-002       +-    1.4868152272533606E-004
  Kqqs     =    1.9961430412353820E-003       +-    3.7198044094427587E-006
  Kgg      =    1.5882141332770824E-003       +-    2.8225254398687163E-006
  Kgghhz   =    8.1405319242143018E-002       +-    1.9342615104184701E-004
  K_nnlo   =    1.2015902934067015            +-    4.1247905413858185E-004
  K_nnlo2  =    1.2829956126488447            +-    4.5557946179554951E-004
  sig_LO   = (  0.25237666152615407            +-    1.6140927391372002E-004 ) fb
  sig_NLO  = (  0.29794854154657102            +-    1.7929010472904743E-004 ) fb
  sig_NNLO = (  0.30325334677221522            +-    1.9206712821913152E-004 ) fb
  sig_HHZ  = (  0.32379814947301805            +-    1.9817368049380372E-004 ) fb

  pp ---> HHZ + X
  ===============

  PDFSET = PDF4LHC21_40                                NSET =  15
  Sqrt(S)  = 14.0 TeV
  LOOP     = 3
  alphaS(MZ) =   0.11800
          kl =   0.00000
          kv =   1.20000
         k2v =   1.00000
         kth =   0.00000
         kbh =   1.00000
 --------------

  mH       = 125.0000      GeV
  fact_scale 1.0
  ren_scale  1.0
  Kqq      =   0.25824478255279815            +-    2.7428586166306889E-004
  Kgq      =   -7.7542570313250389E-002       +-    1.4170028899957801E-004
  K_nlo    =    1.1807022122395476            +-    3.0872593964682675E-004
  Kqq2     =    5.7666564766969505E-002       +-    2.2855043914684942E-004
  Kgq2     =   -4.0167578377882991E-002       +-    1.4825042987253690E-004
  Kqqs     =    1.9938717909500844E-003       +-    3.7145644773942745E-006
  Kgg      =    1.5828746428141877E-003       +-    2.8107012042893199E-006
  Kgghhz   =    8.1125105869354841E-002       +-    1.9249050925163947E-004
  K_nnlo   =    1.2017779450623982            +-    4.1176072789053387E-004
  K_nnlo2  =    1.2829030509317532            +-    4.5453216958197558E-004
  sig_LO   = (  0.25202779290605926            +-    1.6110841280813986E-004 ) fb
  sig_NLO  = (  0.29756977263003476            +-    1.7891319237996761E-004 ) fb
  sig_NNLO = (  0.30288144305725562            +-    1.9163820576022570E-004 ) fb
  sig_HHZ  = (  0.32332722443877954            +-    1.9768335544631177E-004 ) fb

  pp ---> HHZ + X
  ===============

  PDFSET = PDF4LHC21_40                                NSET =  16
  Sqrt(S)  = 14.0 TeV
  LOOP     = 3
  alphaS(MZ) =   0.11800
          kl =   0.00000
          kv =   1.20000
         k2v =   1.00000
         kth =   0.00000
         kbh =   1.00000
 --------------

  mH       = 125.0000      GeV
  fact_scale 1.0
  ren_scale  1.0
  Kqq      =   0.25799324255534006            +-    2.7450781362005182E-004
  Kgq      =   -7.7614483966292169E-002       +-    1.4221162906222348E-004
  K_nlo    =    1.1803787585890479            +-    3.0915802945903338E-004
  Kqq2     =    5.7565963141180940E-002       +-    2.2871571591640704E-004
  Kgq2     =   -4.0192453684979243E-002       +-    1.4871301340738021E-004
  Kqqs     =    1.9869519759216064E-003       +-    3.7065346113319203E-006
  Kgg      =    1.5984932042345074E-003       +-    2.8472470770909786E-006
  Kgghhz   =    8.1991458403141190E-002       +-    1.9473706746771948E-004
  K_nnlo   =    1.2013377132254059            +-    4.1234326896118218E-004
  K_nnlo2  =    1.2833291716285471            +-    4.5601479899617399E-004
  sig_LO   = (  0.25230310484307777            +-    1.6158164507885752E-004 ) fb
  sig_NLO  = (  0.29781322568283453            +-    1.7942370752217597E-004 ) fb
  sig_NNLO = (  0.30310123501185282            +-    1.9217702928781314E-004 ) fb
  sig_HHZ  = (  0.32378793453757743            +-    1.9835836093901564E-004 ) fb

  pp ---> HHZ + X
  ===============

  PDFSET = PDF4LHC21_40                                NSET =  17
  Sqrt(S)  = 14.0 TeV
  LOOP     = 3
  alphaS(MZ) =   0.11800
          kl =   0.00000
          kv =   1.20000
         k2v =   1.00000
         kth =   0.00000
         kbh =   1.00000
 --------------

  mH       = 125.0000      GeV
  fact_scale 1.0
  ren_scale  1.0
  Kqq      =   0.25826260503685150            +-    2.7406371280369059E-004
  Kgq      =   -7.7431580802327454E-002       +-    1.4154237909982863E-004
  K_nlo    =    1.1808310242345241            +-    3.0845609696840713E-004
  Kqq2     =    5.7668530274850097E-002       +-    2.2838794721244840E-004
  Kgq2     =   -4.0099975642494512E-002       +-    1.4802349276190157E-004
  Kqqs     =    1.9929854120826259E-003       +-    3.7078296448526330E-006
  Kgg      =    1.5818069784410138E-003       +-    2.8114789094543444E-006
  Kgghhz   =    8.1087235707363536E-002       +-    1.9250373611552355E-004
  K_nnlo   =    1.2019743712574034            +-    4.1138646673494965E-004
  K_nnlo2  =    1.2830616069647669            +-    4.5419875982999000E-004
  sig_LO   = (  0.25374104284109583            +-    1.6202607314782770E-004 ) fb
  sig_NLO  = (  0.29962529550838740            +-    1.7993977819303022E-004 ) fb
  sig_NNLO = (  0.30499023043112394            +-    1.9274026137702365E-004 ) fb
  sig_HHZ  = (  0.32556539018061209            +-    1.9883347233061083E-004 ) fb

  pp ---> HHZ + X
  ===============

  PDFSET = PDF4LHC21_40                                NSET =  18
  Sqrt(S)  = 14.0 TeV
  LOOP     = 3
  alphaS(MZ) =   0.11800
          kl =   0.00000
          kv =   1.20000
         k2v =   1.00000
         kth =   0.00000
         kbh =   1.00000
 --------------

  mH       = 125.0000      GeV
  fact_scale 1.0
  ren_scale  1.0
  Kqq      =   0.25820475287762157            +-    2.7414083762249304E-004
  Kgq      =   -7.7464486825654308E-002       +-    1.4150378164447312E-004
  K_nlo    =    1.1807402660519675            +-    3.0850691900190637E-004
  Kqq2     =    5.7647088392886792E-002       +-    2.2844102539287733E-004
  Kgq2     =   -4.0120442559759002E-002       +-    1.4804116362776017E-004
  Kqqs     =    1.9950006041077211E-003       +-    3.7154710943804929E-006
  Kgg      =    1.5790707506382078E-003       +-    2.8037732532240652E-006
  Kgghhz   =    8.0921671378033452E-002       +-    1.9211741550146256E-004
  K_nnlo   =    1.2018409832398411            +-    4.1146041504957435E-004
  K_nnlo2  =    1.2827626546178745            +-    4.5410216305555025E-004
  sig_LO   = (  0.25338153099996236            +-    1.6178563721738030E-004 ) fb
  sig_NLO  = (  0.29917777632555037            +-    1.7968064544233696E-004 ) fb
  sig_NNLO = (  0.30452430835181099            +-    1.9246818939286166E-004 ) fb
  sig_HHZ  = (  0.32502836533665291            +-    1.9852871188683914E-004 ) fb

  pp ---> HHZ + X
  ===============

  PDFSET = PDF4LHC21_40                                NSET =  19
  Sqrt(S)  = 14.0 TeV
  LOOP     = 3
  alphaS(MZ) =   0.11800
          kl =   0.00000
          kv =   1.20000
         k2v =   1.00000
         kth =   0.00000
         kbh =   1.00000
 --------------

  mH       = 125.0000      GeV
  fact_scale 1.0
  ren_scale  1.0
  Kqq      =   0.25832104181692195            +-    2.7446943462454095E-004
  Kgq      =   -7.8018017993389838E-002       +-    1.4290828121419120E-004
  K_nlo    =    1.1803030238235321            +-    3.0944506359402392E-004
  Kqq2     =    5.7693002790891110E-002       +-    2.2866245004747775E-004
  Kgq2     =   -4.0402529023897224E-002       +-    1.4942878969007096E-004
  Kqqs     =    1.9993755263192237E-003       +-    3.7268438885918617E-006
  Kgg      =    1.6045577021491051E-003       +-    2.8573303870903076E-006
  Kgghhz   =    8.2294941228964025E-002       +-    1.9546611755029501E-004
  K_nnlo   =    1.2011974308189943            +-    4.1278781514838240E-004
  K_nnlo2  =    1.2834923720479583            +-    4.5672834753840370E-004
  sig_LO   = (  0.25104334177340576            +-    1.6074306357148548E-004 ) fb
  sig_NLO  = (  0.29630721540591526            +-    1.7853054481198162E-004 ) fb
  sig_NNLO = (  0.30155261716242976            +-    1.9125119271775129E-004 ) fb
  sig_HHZ  = (  0.32221221421959489            +-    1.9744601662792204E-004 ) fb

  pp ---> HHZ + X
  ===============

  PDFSET = PDF4LHC21_40                                NSET =  20
  Sqrt(S)  = 14.0 TeV
  LOOP     = 3
  alphaS(MZ) =   0.11800
          kl =   0.00000
          kv =   1.20000
         k2v =   1.00000
         kth =   0.00000
         kbh =   1.00000
 --------------

  mH       = 125.0000      GeV
  fact_scale 1.0
  ren_scale  1.0
  Kqq      =   0.25813535319663761            +-    2.7437425207724143E-004
  Kgq      =   -7.7730951806943505E-002       +-    1.4225140520349302E-004
  K_nlo    =    1.1804044013896939            +-    3.0905774943416962E-004
  Kqq2     =    5.7621167054432057E-002       +-    2.2862200571050791E-004
  Kgq2     =   -4.0254159645078377E-002       +-    1.4876571050335120E-004
  Kqqs     =    1.9963114030421185E-003       +-    3.7180176183684271E-006
  Kgg      =    1.5926701551435096E-003       +-    2.8324939344820611E-006
  Kgghhz   =    8.1665239461824038E-002       +-    1.9371021482479528E-004
  K_nnlo   =    1.2013603903572332            +-    4.1223512378116907E-004
  K_nnlo2  =    1.2830256298190572            +-    4.5547935694863727E-004
  sig_LO   = (  0.25306312873171333            +-    1.6186525739167587E-004 ) fb
  sig_NLO  = (  0.29871683098436114            +-    1.7977024504443312E-004 ) fb
  sig_NNLO = (  0.30402001911815385            +-    1.9257034828937519E-004 ) fb
  sig_HHZ  = (  0.32468648012498763            +-    1.9871182389246471E-004 ) fb

  pp ---> HHZ + X
  ===============

  PDFSET = PDF4LHC21_40                                NSET =  21
  Sqrt(S)  = 14.0 TeV
  LOOP     = 3
  alphaS(MZ) =   0.11800
          kl =   0.00000
          kv =   1.20000
         k2v =   1.00000
         kth =   0.00000
         kbh =   1.00000
 --------------

  mH       = 125.0000      GeV
  fact_scale 1.0
  ren_scale  1.0
  Kqq      =   0.25833098402199478            +-    2.7454201071461508E-004
  Kgq      =   -7.8194619748360242E-002       +-    1.4307972662417010E-004
  K_nlo    =    1.1801363642736344            +-    3.0958863644854774E-004
  Kqq2     =    5.7709576185347493E-002       +-    2.2876152185337967E-004
  Kgq2     =   -4.0494786836595638E-002       +-    1.4964721910543081E-004
  Kqqs     =    2.0072131544754041E-003       +-    3.7393819277590333E-006
  Kgg      =    1.6033626682732558E-003       +-    2.8521302385904065E-006
  Kgghhz   =    8.2207511516091444E-002       +-    1.9525778025550645E-004
  K_nnlo   =    1.2009617294451349            +-    4.1302949714134668E-004
  K_nnlo2  =    1.2831692409612263            +-    4.5685770898512958E-004
  sig_LO   = (  0.25076214564990079            +-    1.6033970304447199E-004 ) fb
  sig_NLO  = (  0.29593352686472951            +-    1.7814522237849341E-004 ) fb
  sig_NNLO = (  0.30115574011907775            +-    1.9088219745248179E-004 ) fb
  sig_HHZ  = (  0.32177027209539177            +-    1.9706195504822391E-004 ) fb

  pp ---> HHZ + X
  ===============

  PDFSET = PDF4LHC21_40                                NSET =  22
  Sqrt(S)  = 14.0 TeV
  LOOP     = 3
  alphaS(MZ) =   0.11800
          kl =   0.00000
          kv =   1.20000
         k2v =   1.00000
         kth =   0.00000
         kbh =   1.00000
 --------------

  mH       = 125.0000      GeV
  fact_scale 1.0
  ren_scale  1.0
  Kqq      =   0.25815736193819594            +-    2.7438706090375108E-004
  Kgq      =   -7.7889833633161251E-002       +-    1.4272952351767972E-004
  K_nlo    =    1.1802675283050348            +-    3.0928946971240821E-004
  Kqq2     =    5.7631107311297607E-002       +-    2.2861665822669199E-004
  Kgq2     =   -4.0334155114332554E-002       +-    1.4922840709674409E-004
  Kqqs     =    1.9951602797202979E-003       +-    3.7180884867494293E-006
  Kgg      =    1.6049608663259200E-003       +-    2.8639056872239138E-006
  Kgghhz   =    8.2351154407936722E-002       +-    1.9582460817862306E-004
  K_nnlo   =    1.2011646016480462            +-    4.1257326151380069E-004
  K_nnlo2  =    1.2835157560559829            +-    4.5668804810772772E-004
  sig_LO   = (  0.25163675541981317            +-    1.6100370324606832E-004 ) fb
  sig_NLO  = (  0.29699869135004148            +-    1.7882808287802087E-004 ) fb
  sig_NNLO = (  0.30225716308384670            +-    1.9157372868244644E-004 ) fb
  sig_HHZ  = (  0.32297974038413596            +-    1.9780971571772024E-004 ) fb

  pp ---> HHZ + X
  ===============

  PDFSET = PDF4LHC21_40                                NSET =  23
  Sqrt(S)  = 14.0 TeV
  LOOP     = 3
  alphaS(MZ) =   0.11800
          kl =   0.00000
          kv =   1.20000
         k2v =   1.00000
         kth =   0.00000
         kbh =   1.00000
 --------------

  mH       = 125.0000      GeV
  fact_scale 1.0
  ren_scale  1.0
  Kqq      =   0.25825228134253930            +-    2.7430190309535042E-004
  Kgq      =   -7.7850149961581336E-002       +-    1.4245791712296627E-004
  K_nlo    =    1.1804021313809578            +-    3.0908864779015247E-004
  Kqq2     =    5.7667507307728488E-002       +-    2.2855535260684519E-004
  Kgq2     =   -4.0315613403927510E-002       +-    1.4897333115359711E-004
  Kqqs     =    1.9997168057638293E-003       +-    3.7239439942383493E-006
  Kgg      =    1.5952793033454002E-003       +-    2.8373842292905370E-006
  Kgghhz   =    8.1800498056873408E-002       +-    1.9408389884934259E-004
  K_nnlo   =    1.2013490213938680            +-    4.1229639011410279E-004
  K_nnlo2  =    1.2831495194507414            +-    4.5569383701525113E-004
  sig_LO   = (  0.25216323684593023            +-    1.6131822939578094E-004 ) fb
  sig_NLO  = (  0.29765402222885734            +-    1.7916009178667899E-004 ) fb
  sig_NNLO = (  0.30293605781636845            +-    1.9191794779096832E-004 ) fb
  sig_HHZ  = (  0.32356313618199889            +-    1.9805984689765725E-004 ) fb

  pp ---> HHZ + X
  ===============

  PDFSET = PDF4LHC21_40                                NSET =  24
  Sqrt(S)  = 14.0 TeV
  LOOP     = 3
  alphaS(MZ) =   0.11800
          kl =   0.00000
          kv =   1.20000
         k2v =   1.00000
         kth =   0.00000
         kbh =   1.00000
 --------------

  mH       = 125.0000      GeV
  fact_scale 1.0
  ren_scale  1.0
  Kqq      =   0.25801504151271792            +-    2.7417517984728657E-004
  Kgq      =   -7.7660354128069514E-002       +-    1.4217452144318441E-004
  K_nlo    =    1.1803546873846484            +-    3.0884563100664128E-004
  Kqq2     =    5.7575551160387629E-002       +-    2.2849465380428221E-004
  Kgq2     =   -4.0216166047481815E-002       +-    1.4863628627473783E-004
  Kqqs     =    1.9949300338160149E-003       +-    3.7160892298506410E-006
  Kgg      =    1.5912262036477825E-003       +-    2.8306673596992102E-006
  Kgghhz   =    8.1595683415727829E-002       +-    1.9379763142254844E-004
  K_nnlo   =    1.2013002287350181            +-    4.1195873361714341E-004
  K_nnlo2  =    1.2828959121507459            +-    4.5526642765355587E-004
  sig_LO   = (  0.25301657144152112            +-    1.6203487460757175E-004 ) fb
  sig_NLO  = (  0.29864929608699220            +-    1.7989340963828483E-004 ) fb
  sig_NNLO = (  0.30394886514644937            +-    1.9266471123273015E-004 ) fb
  sig_HHZ  = (  0.32459392520872460            +-    1.9880650218822042E-004 ) fb

  pp ---> HHZ + X
  ===============

  PDFSET = PDF4LHC21_40                                NSET =  25
  Sqrt(S)  = 14.0 TeV
  LOOP     = 3
  alphaS(MZ) =   0.11800
          kl =   0.00000
          kv =   1.20000
         k2v =   1.00000
         kth =   0.00000
         kbh =   1.00000
 --------------

  mH       = 125.0000      GeV
  fact_scale 1.0
  ren_scale  1.0
  Kqq      =   0.25815629300258602            +-    2.7463227393511664E-004
  Kgq      =   -7.7936136104969675E-002       +-    1.4279928665830859E-004
  K_nlo    =    1.1802201568976163            +-    3.0953920940148232E-004
  Kqq2     =    5.7633104354590306E-002       +-    2.2879908779854287E-004
  Kgq2     =   -4.0360164257668849E-002       +-    1.4933393463627368E-004
  Kqqs     =    1.9977121131694244E-003       +-    3.7210632097127715E-006
  Kgg      =    1.6030162551977187E-003       +-    2.8538541284583913E-006
  Kgghhz   =    8.2216906261801115E-002       +-    1.9507311594169332E-004
  K_nnlo   =    1.2010938253629049            +-    4.1289969673407131E-004
  K_nnlo2  =    1.2833107316247059            +-    4.5666145023013429E-004
  sig_LO   = (  0.25195355206987147            +-    1.6153217622192216E-004 ) fb
  sig_NLO  = (  0.29736066075481543            +-    1.7937392949392798E-004 ) fb
  sig_NNLO = (  0.30261985566937377            +-    1.9213330362059176E-004 ) fb
  sig_HHZ  = (  0.32333469724223024            +-    1.9832011090266136E-004 ) fb

  pp ---> HHZ + X
  ===============

  PDFSET = PDF4LHC21_40                                NSET =  26
  Sqrt(S)  = 14.0 TeV
  LOOP     = 3
  alphaS(MZ) =   0.11800
          kl =   0.00000
          kv =   1.20000
         k2v =   1.00000
         kth =   0.00000
         kbh =   1.00000
 --------------

  mH       = 125.0000      GeV
  fact_scale 1.0
  ren_scale  1.0
  Kqq      =   0.25813389379767182            +-    2.7276012655318605E-004
  Kgq      =   -7.7739161337486054E-002       +-    1.4162794343966181E-004
  K_nlo    =    1.1803947324601858            +-    3.0733786131919725E-004
  Kqq2     =    5.7626255640686568E-002       +-    2.2744922371218136E-004
  Kgq2     =   -4.0256605516137030E-002       +-    1.4806877519861800E-004
  Kqqs     =    1.9999452389752805E-003       +-    3.7023341810392624E-006
  Kgg      =    1.5901194028490268E-003       +-    2.8261110716414597E-006
  Kgghhz   =    8.1529275305184903E-002       +-    1.9336796416021806E-004
  K_nnlo   =    1.2013544472265594            +-    4.1004361565390607E-004
  K_nnlo2  =    1.2828837225317442            +-    4.5335078725198619E-004
  sig_LO   = (  0.25284662491673349            +-    1.6023841536492525E-004 ) fb
  sig_NLO  = (  0.29845882417204855            +-    1.7808731405848192E-004 ) fb
  sig_NNLO = (  0.30375841730994357            +-    1.9085467602708955E-004 ) fb
  sig_HHZ  = (  0.32437281940276674            +-    1.9701770927372226E-004 ) fb

  pp ---> HHZ + X
  ===============

  PDFSET = PDF4LHC21_40                                NSET =  27
  Sqrt(S)  = 14.0 TeV
  LOOP     = 3
  alphaS(MZ) =   0.11800
          kl =   0.00000
          kv =   1.20000
         k2v =   1.00000
         kth =   0.00000
         kbh =   1.00000
 --------------

  mH       = 125.0000      GeV
  fact_scale 1.0
  ren_scale  1.0
  Kqq      =   0.25819909893812937            +-    2.7440354797644628E-004
  Kgq      =   -7.7793441048845030E-002       +-    1.4234497906989672E-004
  K_nlo    =    1.1804056578892843            +-    3.0912683514776128E-004
  Kqq2     =    5.7648187759611440E-002       +-    2.2862407913711662E-004
  Kgq2     =   -4.0288840935623398E-002       +-    1.4887881865734273E-004
  Kqqs     =    1.9964717075863772E-003       +-    3.7196147132503523E-006
  Kgg      =    1.5957093466694781E-003       +-    2.8385986349276842E-006
  Kgghhz   =    8.1817492864899588E-002       +-    1.9432271812070605E-004
  K_nnlo   =    1.2013571857675280            +-    4.1232895313135238E-004
  K_nnlo2  =    1.2831746786324276            +-    4.5582505895158546E-004
  sig_LO   = (  0.25204006568090492            +-    1.6136819889941883E-004 ) fb
  sig_NLO  = (  0.29750951954452698            +-    1.7919271626131063E-004 ) fb
  sig_NNLO = (  0.30279014400707482            +-    1.9193689613618734E-004 ) fb
  sig_HHZ  = (  0.32341143028259106            +-    1.9808717642715555E-004 ) fb

  pp ---> HHZ + X
  ===============

  PDFSET = PDF4LHC21_40                                NSET =  28
  Sqrt(S)  = 14.0 TeV
  LOOP     = 3
  alphaS(MZ) =   0.11800
          kl =   0.00000
          kv =   1.20000
         k2v =   1.00000
         kth =   0.00000
         kbh =   1.00000
 --------------

  mH       = 125.0000      GeV
  fact_scale 1.0
  ren_scale  1.0
  Kqq      =   0.25821195432631572            +-    2.7449824401832012E-004
  Kgq      =   -7.7687868957570266E-002       +-    1.4212427124703258E-004
  K_nlo    =    1.1805240853687455            +-    3.0910935677627314E-004
  Kqq2     =    5.7652897218340729E-002       +-    2.2869844077834256E-004
  Kgq2     =   -4.0233085561925515E-002       +-    1.4868664843704839E-004
  Kqqs     =    2.0003420249304939E-003       +-    3.7248958846982686E-006
  Kgg      =    1.5853687636232445E-003       +-    2.8169917454691969E-006
  Kgghhz   =    8.1264666572252578E-002       +-    1.9286338204144054E-004
  K_nnlo   =    1.2015296078137145            +-    4.1228764349222820E-004
  K_nnlo2  =    1.2827942743859670            +-    4.5516742535998478E-004
  sig_LO   = (  0.25274878536942308            +-    1.6169750685987656E-004 ) fb
  sig_NLO  = (  0.29837602867629953            +-    1.7958261083672318E-004 ) fb
  sig_NNLO = (  0.30368514896031557            +-    1.9236633713885069E-004 ) fb
  sig_HHZ  = (  0.32422469472990356            +-    1.9844641284682377E-004 ) fb

  pp ---> HHZ + X
  ===============

  PDFSET = PDF4LHC21_40                                NSET =  29
  Sqrt(S)  = 14.0 TeV
  LOOP     = 3
  alphaS(MZ) =   0.11800
          kl =   0.00000
          kv =   1.20000
         k2v =   1.00000
         kth =   0.00000
         kbh =   1.00000
 --------------

  mH       = 125.0000      GeV
  fact_scale 1.0
  ren_scale  1.0
  Kqq      =   0.25826262863553068            +-    2.7450876284449441E-004
  Kgq      =   -7.7726619425034768E-002       +-    1.4215142748762438E-004
  K_nlo    =    1.1805360092104960            +-    3.0913118447543301E-004
  Kqq2     =    5.7672583368481641E-002       +-    2.2871267818293681E-004
  Kgq2     =   -4.0255573543731354E-002       +-    1.4869587664162053E-004
  Kqqs     =    2.0015106867977057E-003       +-    3.7252021384499679E-006
  Kgg      =    1.5875599768741277E-003       +-    2.8216729137447710E-006
  Kgghhz   =    8.1392557517715305E-002       +-    1.9299851705316566E-004
  K_nnlo   =    1.2015420896989182            +-    4.1231526903089621E-004
  K_nnlo2  =    1.2829346472166334            +-    4.5524972120885633E-004
  sig_LO   = (  0.25290431841827371            +-    1.6182285543643533E-004 ) fb
  sig_NLO  = (  0.29856265477760935            +-    1.7971879300153357E-004 ) fb
  sig_NNLO = (  0.30387518324617319            +-    1.9251022259665613E-004 ) fb
  sig_HHZ  = (  0.32445971252951111            +-    1.9860165499896443E-004 ) fb

  pp ---> HHZ + X
  ===============

  PDFSET = PDF4LHC21_40                                NSET =  30
  Sqrt(S)  = 14.0 TeV
  LOOP     = 3
  alphaS(MZ) =   0.11800
          kl =   0.00000
          kv =   1.20000
         k2v =   1.00000
         kth =   0.00000
         kbh =   1.00000
 --------------

  mH       = 125.0000      GeV
  fact_scale 1.0
  ren_scale  1.0
  Kqq      =   0.25822853650585764            +-    2.7435955794596841E-004
  Kgq      =   -7.7793845299438572E-002       +-    1.4218289058093918E-004
  K_nlo    =    1.1804346912064190            +-    3.0901317352219549E-004
  Kqq2     =    5.7656641248398033E-002       +-    2.2859490902595861E-004
  Kgq2     =   -4.0288414272248323E-002       +-    1.4874479158768754E-004
  Kqqs     =    1.9954829860899122E-003       +-    3.7155947000281553E-006
  Kgg      =    1.5926063670613933E-003       +-    2.8256726648815320E-006
  Kgghhz   =    8.1598046682545264E-002       +-    1.9368388700788508E-004
  K_nnlo   =    1.2013910075357201            +-    4.1217905931438748E-004
  K_nnlo2  =    1.2829890542182654            +-    4.5541741844573375E-004
  sig_LO   = (  0.25242596750159818            +-    1.6136435852330034E-004 ) fb
  sig_NLO  = (  0.29797236900023061            +-    1.7922867042044073E-004 ) fb
  sig_NNLO = (  0.30326228742492395            +-    1.9199936288553040E-004 ) fb
  sig_HHZ  = (  0.32385975330500599            +-    1.9812639863330521E-004 ) fb

  pp ---> HHZ + X
  ===============

  PDFSET = PDF4LHC21_40                                NSET =  31
  Sqrt(S)  = 14.0 TeV
  LOOP     = 3
  alphaS(MZ) =   0.11800
          kl =   0.00000
          kv =   1.20000
         k2v =   1.00000
         kth =   0.00000
         kbh =   1.00000
 --------------

  mH       = 125.0000      GeV
  fact_scale 1.0
  ren_scale  1.0
  Kqq      =   0.25819081954640821            +-    2.7532351266005905E-004
  Kgq      =   -7.7690491813098117E-002       +-    1.4236035405287603E-004
  K_nlo    =    1.1805003277333102            +-    3.0995081388751654E-004
  Kqq2     =    5.7642231828166871E-002       +-    2.2924136839057847E-004
  Kgq2     =   -4.0235932251520071E-002       +-    1.4897866002167476E-004
  Kqqs     =    1.9943244391907567E-003       +-    3.7207533136031738E-006
  Kgg      =    1.5912005595790607E-003       +-    2.8286293374753192E-006
  Kgghhz   =    8.1559101053102309E-002       +-    1.9401590660709267E-004
  K_nnlo   =    1.2014921523087267            +-    4.1332505162658856E-004
  K_nnlo2  =    1.2830512533618290            +-    4.5659585008921643E-004
  sig_LO   = (  0.25165322555510938            +-    1.6169689274039186E-004 ) fb
  sig_NLO  = (  0.29707671524295121            +-    1.7952688981352010E-004 ) fb
  sig_NNLO = (  0.30235937560764181            +-    1.9226262892984330E-004 ) fb
  sig_HHZ  = (  0.32288398646103011            +-    1.9836525052613149E-004 ) fb

  pp ---> HHZ + X
  ===============

  PDFSET = PDF4LHC21_40                                NSET =  32
  Sqrt(S)  = 14.0 TeV
  LOOP     = 3
  alphaS(MZ) =   0.11800
          kl =   0.00000
          kv =   1.20000
         k2v =   1.00000
         kth =   0.00000
         kbh =   1.00000
 --------------

  mH       = 125.0000      GeV
  fact_scale 1.0
  ren_scale  1.0
  Kqq      =   0.25815642194905253            +-    2.7450862422027347E-004
  Kgq      =   -7.7763067983654371E-002       +-    1.4241304399862710E-004
  K_nlo    =    1.1803933539653984            +-    3.0925145088141822E-004
  Kqq2     =    5.7630734266048929E-002       +-    2.2870394165222651E-004
  Kgq2     =   -4.0268897606712595E-002       +-    1.4894450495460656E-004
  Kqqs     =    1.9983808044221497E-003       +-    3.7248230270389530E-006
  Kgg      =    1.5919078269212537E-003       +-    2.8315511230369365E-006
  Kgghhz   =    8.1624776137431687E-002       +-    1.9382432994972270E-004
  K_nnlo   =    1.2013454792560780            +-    4.1249037606233335E-004
  K_nnlo2  =    1.2829702553935096            +-    4.5575890690638637E-004
  sig_LO   = (  0.25267110929948611            +-    1.6175849289932267E-004 ) fb
  sig_NLO  = (  0.29825129815617812            +-    1.7964269769500302E-004 ) fb
  sig_NNLO = (  0.30354529489555598            +-    1.9242800151482258E-004 ) fb
  sig_HHZ  = (  0.32416951762852309            +-    1.9856225643820832E-004 ) fb

  pp ---> HHZ + X
  ===============

  PDFSET = PDF4LHC21_40                                NSET =  33
  Sqrt(S)  = 14.0 TeV
  LOOP     = 3
  alphaS(MZ) =   0.11800
          kl =   0.00000
          kv =   1.20000
         k2v =   1.00000
         kth =   0.00000
         kbh =   1.00000
 --------------

  mH       = 125.0000      GeV
  fact_scale 1.0
  ren_scale  1.0
  Kqq      =   0.25815630708629844            +-    2.7432359206755599E-004
  Kgq      =   -7.7710057211891295E-002       +-    1.4219473159069073E-004
  K_nlo    =    1.1804462498744070            +-    3.0898669042047012E-004
  Kqq2     =    5.7629934495107005E-002       +-    2.2857615592891036E-004
  Kgq2     =   -4.0244253672276145E-002       +-    1.4871671731269784E-004
  Kqqs     =    1.9959536927978607E-003       +-    3.7177456608519517E-006
  Kgg      =    1.5918399307973624E-003       +-    2.8322193152453033E-006
  Kgghhz   =    8.1617169333134593E-002       +-    1.9393324233815036E-004
  K_nnlo   =    1.2014197243208329            +-    4.1213873759153759E-004
  K_nnlo2  =    1.2830368936539676            +-    4.5548703769408632E-004
  sig_LO   = (  0.25225411477401172            +-    1.6128758846691444E-004 ) fb
  sig_NLO  = (  0.29777242380037039            +-    1.7913353404249777E-004 ) fb
  sig_NNLO = (  0.30306306903058899            +-    1.9189094698312826E-004 ) fb
  sig_HHZ  = (  0.32365133583107947            +-    1.9802865141523414E-004 ) fb

  pp ---> HHZ + X
  ===============

  PDFSET = PDF4LHC21_40                                NSET =  34
  Sqrt(S)  = 14.0 TeV
  LOOP     = 3
  alphaS(MZ) =   0.11800
          kl =   0.00000
          kv =   1.20000
         k2v =   1.00000
         kth =   0.00000
         kbh =   1.00000
 --------------

  mH       = 125.0000      GeV
  fact_scale 1.0
  ren_scale  1.0
  Kqq      =   0.25802270945481115            +-    2.7322493374631814E-004
  Kgq      =   -7.7752872533618636E-002       +-    1.4207717164126281E-004
  K_nlo    =    1.1802698369211924            +-    3.0795744368704715E-004
  Kqq2     =    5.7585810407846424E-002       +-    2.2770087246813022E-004
  Kgq2     =   -4.0264320961881726E-002       +-    1.4846969716758354E-004
  Kqqs     =    1.9967071820780886E-003       +-    3.7108190891594766E-006
  Kgg      =    1.5963955950262208E-003       +-    2.8405744902520829E-006
  Kgghhz   =    8.1894656772877578E-002       +-    1.9387025669104417E-004
  K_nnlo   =    1.2011844291442613            +-    4.1079260517174555E-004
  K_nnlo2  =    1.2830790859171388            +-    4.5424249128988469E-004
  sig_LO   = (  0.25328765124838309            +-    1.6170170373977651E-004 ) fb
  sig_NLO  = (  0.29894777483308099            +-    1.7953195966350407E-004 ) fb
  sig_NNLO = (  0.30424518277407986            +-    1.9228513135239453E-004 ) fb
  sig_HHZ  = (  0.32498808803787449            +-    1.9845620943803859E-004 ) fb

  pp ---> HHZ + X
  ===============

  PDFSET = PDF4LHC21_40                                NSET =  35
  Sqrt(S)  = 14.0 TeV
  LOOP     = 3
  alphaS(MZ) =   0.11800
          kl =   0.00000
          kv =   1.20000
         k2v =   1.00000
         kth =   0.00000
         kbh =   1.00000
 --------------

  mH       = 125.0000      GeV
  fact_scale 1.0
  ren_scale  1.0
  Kqq      =   0.25813377181645925            +-    2.7456336841854678E-004
  Kgq      =   -7.7712329847418701E-002       +-    1.4224722937364131E-004
  K_nlo    =    1.1804214419690404            +-    3.0922373379450673E-004
  Kqq2     =    5.7622117096047372E-002       +-    2.2874401642014068E-004
  Kgq2     =   -4.0244539222285269E-002       +-    1.4877588765411715E-004
  Kqqs     =    1.9945350597128475E-003       +-    3.7163435093537236E-006
  Kgg      =    1.5940475047832104E-003       +-    2.8346251568820295E-006
  Kgghhz   =    8.1737679175658329E-002       +-    1.9393054060204152E-004
  K_nnlo   =    1.2013876024072987            +-    4.1243090772390421E-004
  K_nnlo2  =    1.2831252815829570            +-    4.5575026958210750E-004
  sig_LO   = (  0.25242358926060648            +-    1.6160666005229769E-004 ) fb
  sig_NLO  = (  0.29796621722200589            +-    1.7946964239802998E-004 ) fb
  sig_NNLO = (  0.30325857069284473            +-    1.9223693821621970E-004 ) fb
  sig_HHZ  = (  0.32389108904819636            +-    1.9837187725020363E-004 ) fb

  pp ---> HHZ + X
  ===============

  PDFSET = PDF4LHC21_40                                NSET =  36
  Sqrt(S)  = 14.0 TeV
  LOOP     = 3
  alphaS(MZ) =   0.11800
          kl =   0.00000
          kv =   1.20000
         k2v =   1.00000
         kth =   0.00000
         kbh =   1.00000
 --------------

  mH       = 125.0000      GeV
  fact_scale 1.0
  ren_scale  1.0
  Kqq      =   0.25814701800987067            +-    2.7448535961258714E-004
  Kgq      =   -7.7893274213773331E-002       +-    1.4261168704638553E-004
  K_nlo    =    1.1802537437960974            +-    3.0932233337388926E-004
  Kqq2     =    5.7625396649641142E-002       +-    2.2868364902702796E-004
  Kgq2     =   -4.0335486431041317E-002       +-    1.4914387554583496E-004
  Kqqs     =    1.9940035414405819E-003       +-    3.7144869251145257E-006
  Kgg      =    1.6029623819214694E-003       +-    2.8543063636165390E-006
  Kgghhz   =    8.2195469492945053E-002       +-    1.9564411813539486E-004
  K_nnlo   =    1.2011406199380592            +-    4.1260435934070076E-004
  K_nnlo2  =    1.2833360894310042            +-    4.5663878318417771E-004
  sig_LO   = (  0.25207954073058464            +-    1.6133542874211006E-004 ) fb
  sig_NLO  = (  0.29751782168167334            +-    1.7918995229302512E-004 ) fb
  sig_NNLO = (  0.30278297582683567            +-    1.9195576852750241E-004 ) fb
  sig_HHZ  = (  0.32350277202675204            +-    1.9818998537780622E-004 ) fb

  pp ---> HHZ + X
  ===============

  PDFSET = PDF4LHC21_40                                NSET =  37
  Sqrt(S)  = 14.0 TeV
  LOOP     = 3
  alphaS(MZ) =   0.11800
          kl =   0.00000
          kv =   1.20000
         k2v =   1.00000
         kth =   0.00000
         kbh =   1.00000
 --------------

  mH       = 125.0000      GeV
  fact_scale 1.0
  ren_scale  1.0
  Kqq      =   0.25798973019544413            +-    2.7425767044099002E-004
  Kgq      =   -7.7551810139924029E-002       +-    1.4190802743621671E-004
  K_nlo    =    1.1804379200555202            +-    3.0879630510509144E-004
  Kqq2     =    5.7565483955311955E-002       +-    2.2851932837547826E-004
  Kgq2     =   -4.0161282572892407E-002       +-    1.4840355532630449E-004
  Kqqs     =    1.9917187899624578E-003       +-    3.7096785747771165E-006
  Kgg      =    1.5890124447558525E-003       +-    2.8257650069915105E-006
  Kgghhz   =    8.1473414158084595E-002       +-    1.9341117462900030E-004
  K_nnlo   =    1.2014228526726582            +-    4.1185143363138462E-004
  K_nnlo2  =    1.2828962668307429            +-    4.5500492948494134E-004
  sig_LO   = (  0.25303007705061870            +-    1.6202696249121792E-004 ) fb
  sig_NLO  = (  0.29868629786512035            +-    1.7988267337562777E-004 ) fb
  sig_NNLO = (  0.30399611698213674            +-    1.9264637917094875E-004 ) fb
  sig_HHZ  = (  0.32461134124413388            +-    1.9876528343935483E-004 ) fb

  pp ---> HHZ + X
  ===============

  PDFSET = PDF4LHC21_40                                NSET =  38
  Sqrt(S)  = 14.0 TeV
  LOOP     = 3
  alphaS(MZ) =   0.11800
          kl =   0.00000
          kv =   1.20000
         k2v =   1.00000
         kth =   0.00000
         kbh =   1.00000
 --------------

  mH       = 125.0000      GeV
  fact_scale 1.0
  ren_scale  1.0
  Kqq      =   0.25802372931803491            +-    2.7434556569262409E-004
  Kgq      =   -7.7578723322484056E-002       +-    1.4195387205838915E-004
  K_nlo    =    1.1804450059955509            +-    3.0889543733693354E-004
  Kqq2     =    5.7578095721924696E-002       +-    2.2860984963216500E-004
  Kgq2     =   -4.0173958973213852E-002       +-    1.4845658205351746E-004
  Kqqs     =    1.9935186739641459E-003       +-    3.7127519285758710E-006
  Kgg      =    1.5877832820508132E-003       +-    2.8230281800340995E-006
  Kgghhz   =    8.1405136313325702E-002       +-    1.9324188051433874E-004
  K_nnlo   =    1.2014304447002768            +-    4.1199510352238133E-004
  K_nnlo2  =    1.2828355810136025            +-    4.5506306124660974E-004
  sig_LO   = (  0.25319170291823540            +-    1.6204236761725008E-004 ) fb
  sig_NLO  = (  0.29887888126934015            +-    1.7992914089798735E-004 ) fb
  sig_NNLO = (  0.30419222023147591            +-    1.9271503740693203E-004 ) fb
  sig_HHZ  = (  0.32480332532093792            +-    1.9882897307813490E-004 ) fb

  pp ---> HHZ + X
  ===============

  PDFSET = PDF4LHC21_40                                NSET =  39
  Sqrt(S)  = 14.0 TeV
  LOOP     = 3
  alphaS(MZ) =   0.11800
          kl =   0.00000
          kv =   1.20000
         k2v =   1.00000
         kth =   0.00000
         kbh =   1.00000
 --------------

  mH       = 125.0000      GeV
  fact_scale 1.0
  ren_scale  1.0
  Kqq      =   0.25803976974602028            +-    2.7443607326795298E-004
  Kgq      =   -7.7788143180933092E-002       +-    1.4252427058116494E-004
  K_nlo    =    1.1802516265650873            +-    3.0923829972276460E-004
  Kqq2     =    5.7579680517630585E-002       +-    2.2866815750567692E-004
  Kgq2     =   -4.0275314176528271E-002       +-    1.4900827978579461E-004
  Kqqs     =    1.9919441749120062E-003       +-    3.7150689756465144E-006
  Kgg      =    1.5991033049549423E-003       +-    2.8458520852318307E-006
  Kgghhz   =    8.2019454892206259E-002       +-    1.9451166702090096E-004
  K_nnlo   =    1.2011470403860567            +-    4.1248372128942728E-004
  K_nnlo2  =    1.2831664952782629            +-    4.5604562155120376E-004
  sig_LO   = (  0.25224891924672721            +-    1.6144268726312589E-004 ) fb
  sig_NLO  = (  0.29771719724023510            +-    1.7930009897262230E-004 ) fb
  sig_NNLO = (  0.30298804279378772            +-    1.9206729756444368E-004 ) fb
  sig_HHZ  = (  0.32367736164755245            +-    1.9823535539470556E-004 ) fb

  pp ---> HHZ + X
  ===============

  PDFSET = PDF4LHC21_40                                NSET =  40
  Sqrt(S)  = 14.0 TeV
  LOOP     = 3
  alphaS(MZ) =   0.11800
          kl =   0.00000
          kv =   1.20000
         k2v =   1.00000
         kth =   0.00000
         kbh =   1.00000
 --------------

  mH       = 125.0000      GeV
  fact_scale 1.0
  ren_scale  1.0
  Kqq      =   0.25814874678326394            +-    2.7444905687747177E-004
  Kgq      =   -7.7713098713954820E-002       +-    1.4218131715821550E-004
  K_nlo    =    1.1804356480693090            +-    3.0909191475963718E-004
  Kqq2     =    5.7627361004364837E-002       +-    2.2865922549821372E-004
  Kgq2     =   -4.0247214875161558E-002       +-    1.4871179460790087E-004
  Kqqs     =    1.9959099969971946E-003       +-    3.7153111754745822E-006
  Kgg      =    1.5927205990782498E-003       +-    2.8319899625142099E-006
  Kgghhz   =    8.1661318676416059E-002       +-    1.9389496183064910E-004
  K_nnlo   =    1.2014044247945879            +-    4.1226190065903816E-004
  K_nnlo2  =    1.2830657434710040            +-    4.5558218902664699E-004
  sig_LO   = (  0.25238863806024020            +-    1.6158868240793707E-004 ) fb
  sig_NLO  = (  0.29792854553396991            +-    1.7943428670237689E-004 ) fb
  sig_NNLO = (  0.30322082653345234            +-    1.9219092197002532E-004 ) fb
  sig_HHZ  = (  0.32383121553639627            +-    1.9832339558100524E-004 ) fb

  pp ---> HHZ + X
  ===============

  PDFSET = PDF4LHC21_40                                NSET =  41
  Sqrt(S)  = 14.0 TeV
  LOOP     = 3
  alphaS(MZ) =   0.11700
          kl =   0.00000
          kv =   1.20000
         k2v =   1.00000
         kth =   0.00000
         kbh =   1.00000
 --------------

  mH       = 125.0000      GeV
  fact_scale 1.0
  ren_scale  1.0
  Kqq      =   0.25616501616071208            +-    2.7247968679565909E-004
  Kgq      =   -7.6169526949138311E-002       +-    1.3942179000678832E-004
  K_nlo    =    1.1799954892115738            +-    3.0607779279940818E-004
  Kqq2     =    5.6760709433670127E-002       +-    2.2559220025981455E-004
  Kgq2     =   -3.9187049067109639E-002       +-    1.4486313317380302E-004
  Kqqs     =    1.9628993298897424E-003       +-    3.6593935303288941E-006
  Kgg      =    1.5335451255424964E-003       +-    2.7259179626757304E-006
  Kgghhz   =    7.8488799451247704E-002       +-    1.8634919263962277E-004
  K_nnlo   =    1.2010655940335666            +-    4.0691719698938972E-004
  K_nnlo2  =    1.2795543934848144            +-    4.4755740056795067E-004
  sig_LO   = (  0.25343264193475801            +-    1.6222347169030880E-004 ) fb
  sig_NLO  = (  0.29904937430198636            +-    1.7981539352936692E-004 ) fb
  sig_NNLO = (  0.30438922663286627            +-    1.9222759252138905E-004 ) fb
  sig_HHZ  = (  0.32428085044008337            +-    1.9794401696734203E-004 ) fb

  pp ---> HHZ + X
  ===============

  PDFSET = PDF4LHC21_40                                NSET =  42
  Sqrt(S)  = 14.0 TeV
  LOOP     = 3
  alphaS(MZ) =   0.11900
          kl =   0.00000
          kv =   1.20000
         k2v =   1.00000
         kth =   0.00000
         kbh =   1.00000
 --------------

  mH       = 125.0000      GeV
  fact_scale 1.0
  ren_scale  1.0
  Kqq      =   0.25990295868254393            +-    2.7618168762556539E-004
  Kgq      =   -7.6855419344582676E-002       +-    1.4078297740504473E-004
  K_nlo    =    1.1830475393379611            +-    3.0999382462677339E-004
  Kqq2     =    5.8408697020765808E-002       +-    2.3160936377582294E-004
  Kgq2     =   -4.0065716801468462E-002       +-    1.4813875367593738E-004
  Kqqs     =    2.0240693609662090E-003       +-    3.7679400094601893E-006
  Kgg      =    1.5642374472342594E-003       +-    2.7907956437718579E-006
  Kgghhz   =    8.0130652967270830E-002       +-    1.8957885754233622E-004
  K_nnlo   =    1.2049788263654588            +-    4.1437440189794110E-004
  K_nnlo2  =    1.2851094793327296            +-    4.5568222279932516E-004
  sig_LO   = (  0.25361447805670767            +-    1.6222321593019183E-004 ) fb
  sig_NLO  = (  0.30003798420546934            +-    1.8027009371619743E-004 ) fb
  sig_NNLO = (  0.30560007611806006            +-    1.9328880758901580E-004 ) fb
  sig_HHZ  = (  0.32592236984669765            +-    1.9917892473517805E-004 ) fb

