  pp ---> HHZ + X
  ===============

  PDFSET = PDF4LHC21_40                                NSET =   0
  Sqrt(S)  = 14.0 TeV
  LOOP     = 3
  alphaS(MZ) =   0.11800
          kl =   1.17000
          kv =   1.00000
         k2v =   1.00000
         kth =   1.00000
         kbh =   1.00000
 --------------

  mH       = 125.0000      GeV
  fact_scale 0.5
  ren_scale  0.5
  Kqq      =   0.20649809275251013            +-    2.0156739579183305E-004
  Kgq      =   -2.6948294297979271E-002       +-    1.5371638833498936E-004
  K_nlo    =    1.1795497984545309            +-    2.5349189945450865E-004
  Kqq2     =    2.4859988558670162E-002       +-    1.9214379439799973E-004
  Kgq2     =   -2.0257832560052209E-002       +-    1.4565341031311875E-004
  Kqqs     =    1.5653553951791856E-003       +-    4.2614677485457654E-006
  Kgg      =    5.2591086359342267E-004       +-    2.8861187098646027E-006
  Kgghhz   =   0.19814248279155286            +-    5.4337033724931750E-004
  K_nnlo   =    1.1862432207119213            +-    3.4988396153458730E-004
  K_nnlo2  =    1.3843857035034741            +-    6.4627402078497136E-004
  sig_LO   = (  0.33599442720997302            +-    1.9865759636951397E-004 ) fb
  sig_NLO  = (  0.39632215889736921            +-    2.1614598603308106E-004 ) fb
  sig_NNLO = (  0.39857111147481561            +-    2.3083538176869552E-004 ) fb
  sig_HHZ  = (  0.46514588148632535            +-    2.9430691667242643E-004 ) fb

  mH       = 125.0000      GeV
  fact_scale 1.0
  ren_scale  0.5
  Kqq      =   0.27999958822653226            +-    2.6303458851076355E-004
  Kgq      =   -8.7777552759092783E-002       +-    1.5469602952454680E-004
  K_nlo    =    1.1922220354674395            +-    3.0515251318592507E-004
  Kqq2     =    4.4732197201417911E-002       +-    2.8407115033717831E-004
  Kgq2     =   -4.2286857203913869E-002       +-    1.9481593800205519E-004
  Kqqs     =    2.4211835886604406E-003       +-    4.3021763138162882E-006
  Kgg      =    2.0549060020544322E-003       +-    3.4719789038018621E-006
  Kgghhz   =   0.18684208251130749            +-    5.1374604196952761E-004
  K_nnlo   =    1.1991434650556585            +-    4.6021547976544432E-004
  K_nnlo2  =    1.3859855475669660            +-    6.8973421218255788E-004
  sig_LO   = (  0.33282625675252037            +-    1.9663472950807998E-004 ) fb
  sig_NLO  = (  0.39680279728249845            +-    2.2131473704927956E-004 ) fb
  sig_NNLO = (  0.39910643078372149            +-    2.4925251405739988E-004 ) fb
  sig_HHZ  = (  0.46129238170980552            +-    3.0226440536692791E-004 ) fb

  mH       = 125.0000      GeV
  fact_scale 0.5
  ren_scale  1.0
  Kqq      =   0.18976481635151068            +-    1.8535712421651721E-004
  Kgq      =   -2.4768935467599233E-002       +-    1.4119075531444526E-004
  K_nlo    =    1.1649958808839114            +-    2.3300663699577518E-004
  Kqq2     =    3.5613443633040434E-002       +-    1.4096164550674050E-004
  Kgq2     =   -1.9006986785971194E-002       +-    1.2360393841056975E-004
  Kqqs     =    1.3193306382091974E-003       +-    3.5924567512065831E-006
  Kgg      =    4.4332078698069039E-004       +-    2.4307683186968224E-006
  Kgghhz   =   0.16724936469113802            +-    4.5858478900438017E-004
  K_nnlo   =    1.1833649891561704            +-    2.9909701830473220E-004
  K_nnlo2  =    1.3506143538473083            +-    5.4750254343242390E-004
  sig_LO   = (  0.33599442720997302            +-    1.9865759636951397E-004 ) fb
  sig_NLO  = (  0.39143212369956781            +-    2.1352750969365174E-004 ) fb
  sig_NNLO = (  0.39760404171186348            +-    2.2262989875901972E-004 ) fb
  sig_HHZ  = (  0.45379889620249425            +-    2.7074954119119205E-004 ) fb

  mH       = 125.0000      GeV
  fact_scale 1.0
  ren_scale  1.0
  Kqq      =   0.25730811714129315            +-    2.4187466242234942E-004
  Kgq      =   -8.0621691777869958E-002       +-    1.4206812013277647E-004
  K_nlo    =    1.1766864253634233            +-    2.8051150258052965E-004
  Kqq2     =    5.7620797159326977E-002       +-    2.1020348711143187E-004
  Kgq2     =   -4.1892395384459533E-002       +-    1.5115966809647972E-004
  Kqqs     =    2.0431010896371032E-003       +-    3.6303031424564830E-006
  Kgg      =    1.7313187919466863E-003       +-    2.9233349495583625E-006
  Kgghhz   =   0.15770231218620406            +-    4.3375865115400931E-004
  K_nnlo   =    1.1961892470198747            +-    3.8176325035414781E-004
  K_nnlo2  =    1.3538915592060787            +-    5.7783193644165198E-004
  sig_LO   = (  0.33282625675252037            +-    1.9663472950807998E-004 ) fb
  sig_NLO  = (  0.39163213832521204            +-    2.1767315858219649E-004 ) fb
  sig_NNLO = (  0.39812318945324071            +-    2.3411465626702255E-004 ) fb
  sig_HHZ  = (  0.45061065969939240            +-    2.7504779888654031E-004 ) fb

  mH       = 125.0000      GeV
  fact_scale 1.5
  ren_scale  1.0
  Kqq      =   0.29787766280312472            +-    2.8779448492433817E-004
  Kgq      =  -0.11191499275833075            +-    1.3628201718157720E-004
  K_nlo    =    1.1859626700447941            +-    3.1843123866848367E-004
  Kqq2     =    7.0399923743469997E-002       +-    2.6818842299013829E-004
  Kgq2     =   -5.7661819802995493E-002       +-    1.7154955739028508E-004
  Kqqs     =    3.5405870684125295E-003       +-    4.4054245660850690E-006
  Kgg      =    2.8928122972498348E-003       +-    3.3700089936940201E-006
  Kgghhz   =   0.15264536529657036            +-    4.2037821828721264E-004
  K_nnlo   =    1.2051341733509309            +-    4.5031488910862131E-004
  K_nnlo2  =    1.3577795386475011            +-    6.1603680552645655E-004
  sig_LO   = (  0.33057954732505307            +-    1.9510573445411932E-004 ) fb
  sig_NLO  = (  0.39205500260781928            +-    2.2169203486435509E-004 ) fb
  sig_NNLO = (  0.39839270949230277            +-    2.4541190628245312E-004 ) fb
  sig_HHZ  = (  0.44885414525331035            +-    2.8202700468007253E-004 ) fb

  mH       = 125.0000      GeV
  fact_scale 2.0
  ren_scale  1.0
  Kqq      =   0.32708677041068551            +-    3.2924595413330056E-004
  Kgq      =  -0.13349281760807394            +-    1.5332665681336735E-004
  K_nlo    =    1.1935939528026116            +-    3.6319686397697816E-004
  Kqq2     =    7.9425095794785266E-002       +-    3.1645344566878596E-004
  Kgq2     =   -6.9878566761062660E-002       +-    1.9462707338341410E-004
  Kqqs     =    5.0568216472649087E-003       +-    5.4627316215132448E-006
  Kgg      =    3.8733152742446765E-003       +-    3.8956741715045278E-006
  Kgghhz   =   0.14927074668342727            +-    4.1153753030317086E-004
  K_nnlo   =    1.2120706187578438            +-    5.1959547793083312E-004
  K_nnlo2  =    1.3613413654412712            +-    6.6282923859332292E-004
  sig_LO   = (  0.32885178959200628            +-    1.9395238786491936E-004 ) fb
  sig_NLO  = (  0.39251550742533547            +-    2.2777829123457971E-004 ) fb
  sig_NNLO = (  0.39859159209040723            +-    2.5848414348863359E-004 ) fb
  sig_HHZ  = (  0.44767954427098733            +-    2.9176972934046627E-004 ) fb

  mH       = 125.0000      GeV
  fact_scale 1.0
  ren_scale  1.5
  Kqq      =   0.24569254154448653            +-    2.3103542016578396E-004
  Kgq      =   -7.6961521166335034E-002       +-    1.3561062278834714E-004
  K_nlo    =    1.1687310203781516            +-    2.6789476736999493E-004
  Kqq2     =    6.3133135996984821E-002       +-    1.8766043631145363E-004
  Kgq2     =   -4.1515919280513104E-002       +-    1.3367059532892831E-004
  Kqqs     =    1.8620942744108457E-003       +-    3.3086461261036156E-006
  Kgg      =    1.5766698000330267E-003       +-    2.6612862415059148E-006
  Kgghhz   =   0.14374904916887069            +-    3.9556636777902151E-004
  K_nnlo   =    1.1937870011690672            +-    3.5336935829251802E-004
  K_nnlo2  =    1.3375360503379379            +-    5.3041743438348072E-004
  sig_LO   = (  0.33282625675252037            +-    1.9663472950807998E-004 ) fb
  sig_NLO  = (  0.38898437066301372            +-    2.1590542530062622E-004 ) fb
  sig_NNLO = (  0.39732365895891725            +-    2.2912326434161611E-004 ) fb
  sig_HHZ  = (  0.44516711690552646            +-    2.6425456661130980E-004 ) fb

  mH       = 125.0000      GeV
  fact_scale 1.5
  ren_scale  1.5
  Kqq      =   0.28442798012938642            +-    2.7505515262400996E-004
  Kgq      =  -0.10682960094399094            +-    1.3012392667981451E-004
  K_nlo    =    1.1775983791853957            +-    3.0428206204045476E-004
  Kqq2     =    7.6452512408971496E-002       +-    2.3337273493661976E-004
  Kgq2     =   -5.7220240793511547E-002       +-    1.5626366587411921E-004
  Kqqs     =    3.2268363141836178E-003       +-    4.0149791062430111E-006
  Kgg      =    2.6341757391713954E-003       +-    3.0698654830463482E-006
  Kgghhz   =   0.13912847726476696            +-    3.8317089247212637E-004
  K_nnlo   =    1.2026916628542106            +-    4.1411868358613680E-004
  K_nnlo2  =    1.3418201401189775            +-    5.6419342156125926E-004
  sig_LO   = (  0.33057954732505307            +-    1.9510573445411932E-004 ) fb
  sig_NLO  = (  0.38928993912182419            +-    2.1950963602077123E-004 ) fb
  sig_NNLO = (  0.39758526547796019            +-    2.3834351161901090E-004 ) fb
  sig_HHZ  = (  0.44357829451217079            +-    2.6991207519422338E-004 ) fb

  mH       = 125.0000      GeV
  fact_scale 2.0
  ren_scale  1.5
  Kqq      =   0.31231749392424363            +-    3.1439460354031772E-004
  Kgq      =  -0.12742335869747770            +-    1.4641281756858868E-004
  K_nlo    =    1.1848941352267659            +-    3.4681505140873918E-004
  Kqq2     =    8.5891181918218096E-002       +-    2.7497126276307751E-004
  Kgq2     =   -6.9284411904569937E-002       +-    1.8132990897772998E-004
  Kqqs     =    4.6084930400389808E-003       +-    4.9778034872350420E-006
  Kgg      =    3.5268494638052198E-003       +-    3.5479611086764461E-006
  Kgghhz   =   0.13604994996481279            +-    3.7512289676764433E-004
  K_nnlo   =    1.2096362477442584            +-    4.7833855967779334E-004
  K_nnlo2  =    1.3456861977090711            +-    6.0788565154474129E-004
  sig_LO   = (  0.32885178959200628            +-    1.9395238786491936E-004 ) fb
  sig_NLO  = (  0.38965455684639472            +-    2.2500022756768431E-004 ) fb
  sig_NNLO = (  0.39779104482605887            +-    2.4972305170557204E-004 ) fb
  sig_HHZ  = (  0.44253131434589049            +-    2.7853052197398550E-004 ) fb

  mH       = 125.0000      GeV
  fact_scale 1.0
  ren_scale  2.0
  Kqq      =   0.23807858987384262            +-    2.2392560475922009E-004
  Kgq      =   -7.4563376407520240E-002       +-    1.3138022477484740E-004
  K_nlo    =    1.1635152134663225            +-    2.5962172468549675E-004
  Kqq2     =    6.6353057915150337E-002       +-    1.8337049675327569E-004
  Kgq2     =   -4.1214286778097194E-002       +-    1.2492104154919055E-004
  Kqqs     =    1.7480432878989095E-003       +-    3.1059744802882357E-006
  Kgg      =    1.4793214059262967E-003       +-    2.4964168030033555E-006
  Kgghhz   =   0.13495412043797803            +-    3.7137266202639748E-004
  K_nnlo   =    1.1918813492972009            +-    3.4153963870139009E-004
  K_nnlo2  =    1.3268354697351790            +-    5.0454630997050101E-004
  sig_LO   = (  0.33282625675252037            +-    1.9663472950807998E-004 ) fb
  sig_NLO  = (  0.38724841317260578            +-    2.1478295900564394E-004 ) fb
  sig_NNLO = (  0.39668940797973057            +-    2.2712738607342576E-004 ) fb
  sig_HHZ  = (  0.44160568271843159            +-    2.5858160326575519E-004 ) fb

  mH       = 125.0000      GeV
  fact_scale 1.5
  ren_scale  2.0
  Kqq      =   0.27561211861499491            +-    2.6667414826038303E-004
  Kgq      =  -0.10349793698980501            +-    1.2608595518155341E-004
  K_nlo    =    1.1721141816251899            +-    2.9497926951642796E-004
  Kqq2     =    7.9984443983525763E-002       +-    2.2340922507501038E-004
  Kgq2     =   -5.6841529921941379E-002       +-    1.4977176365759421E-004
  Kqqs     =    3.0291492858961215E-003       +-    3.7689851870061410E-006
  Kgg      =    2.4713872177548756E-003       +-    2.8808775777539564E-006
  Kgghhz   =   0.13061164956788812            +-    3.5972793062167294E-004
  K_nnlo   =    1.2007576321904252            +-    3.9922241568720338E-004
  K_nnlo2  =    1.3313692817583134            +-    5.3738507725510697E-004
  sig_LO   = (  0.33057954732505307            +-    1.9510573445411932E-004 ) fb
  sig_NLO  = (  0.38747697557493027            +-    2.1811751402979324E-004 ) fb
  sig_NNLO = (  0.39694591449661337            +-    2.3554954114808684E-004 ) fb
  sig_HHZ  = (  0.44012345448614432            +-    2.6386595593981169E-004 ) fb

  mH       = 125.0000      GeV
  fact_scale 2.0
  ren_scale  2.0
  Kqq      =   0.30263668447084008            +-    3.0466000517676527E-004
  Kgq      =  -0.12344712998550168            +-    1.4187986648662190E-004
  K_nlo    =    1.1791895544853384            +-    3.3607679965830473E-004
  Kqq2     =    8.9646082703994517E-002       +-    2.5575238273564969E-004
  Kgq2     =   -6.8783192811546157E-002       +-    1.7540584549424081E-004
  Kqqs     =    4.3260244352635304E-003       +-    4.6723325245568725E-006
  Kgg      =    3.3087893918887310E-003       +-    3.3290019793340468E-006
  Kgghhz   =   0.12771909923304794            +-    3.5212727717814625E-004
  K_nnlo   =    1.2076872582049389            +-    4.5733687815709600E-004
  K_nnlo2  =    1.3354063574379869            +-    5.7719202996522184E-004
  sig_LO   = (  0.32885178959200628            +-    1.9395238786491936E-004 ) fb
  sig_NLO  = (  0.38777859526070418            +-    2.2323099949568954E-004 ) fb
  sig_NNLO = (  0.39715011612815765            +-    2.4543125486228823E-004 ) fb
  sig_HHZ  = (  0.43915077047602452            +-    2.7137723702592076E-004 ) fb

  pp ---> HHZ + X
  ===============

  PDFSET = PDF4LHC21_40                                NSET =   1
  Sqrt(S)  = 14.0 TeV
  LOOP     = 3
  alphaS(MZ) =   0.11800
          kl =   1.17000
          kv =   1.00000
         k2v =   1.00000
         kth =   1.00000
         kbh =   1.00000
 --------------

  mH       = 125.0000      GeV
  fact_scale 1.0
  ren_scale  1.0
  Kqq      =   0.25749322376097988            +-    2.4112475780302384E-004
  Kgq      =   -8.0696445383058341E-002       +-    1.4183753651820082E-004
  K_nlo    =    1.1767967783779216            +-    2.7974816458936576E-004
  Kqq2     =    5.7695663486190603E-002       +-    2.0976576817843207E-004
  Kgq2     =   -4.1938284749181480E-002       +-    1.5096788809680308E-004
  Kqqs     =    2.0451511368149290E-003       +-    3.6234512540930979E-006
  Kgg      =    1.7318633550445686E-003       +-    2.9232531267923723E-006
  Kgghhz   =   0.15771459168765287            +-    4.3278890766887797E-004
  K_nnlo   =    1.1963311716067904            +-    3.8088540420295645E-004
  K_nnlo2  =    1.3540457632944431            +-    5.7652400620968947E-004
  sig_LO   = (  0.33278440060073178            +-    1.9564804441484608E-004 ) fb
  sig_NLO  = (  0.39161961052136879            +-    2.1666792555990688E-004 ) fb
  sig_NNLO = (  0.39812035186313682            +-    2.3311887428486462E-004 ) fb
  sig_HHZ  = (  0.45060530772390150            +-    2.7402139440877365E-004 ) fb

  pp ---> HHZ + X
  ===============

  PDFSET = PDF4LHC21_40                                NSET =   2
  Sqrt(S)  = 14.0 TeV
  LOOP     = 3
  alphaS(MZ) =   0.11800
          kl =   1.17000
          kv =   1.00000
         k2v =   1.00000
         kth =   1.00000
         kbh =   1.00000
 --------------

  mH       = 125.0000      GeV
  fact_scale 1.0
  ren_scale  1.0
  Kqq      =   0.25741672436141710            +-    2.4175190537268371E-004
  Kgq      =   -8.1129636048558398E-002       +-    1.4260076242538140E-004
  K_nlo    =    1.1762870883128587            +-    2.8067590063206901E-004
  Kqq2     =    5.7675704084642190E-002       +-    2.1014712666311684E-004
  Kgq2     =   -4.2166238602503472E-002       +-    1.5168373509114196E-004
  Kqqs     =    2.0656680746328425E-003       +-    3.6593218692787182E-006
  Kgg      =    1.7272834571400340E-003       +-    2.9040178846637398E-006
  Kgghhz   =   0.15716467930215169            +-    4.3212759710668493E-004
  K_nnlo   =    1.1955895053267704            +-    3.8206093164311415E-004
  K_nnlo2  =    1.3527541846289222            +-    5.7680570010117083E-004
  sig_LO   = (  0.33225548570983476            +-    1.9597332471759304E-004 ) fb
  sig_NLO  = (  0.39082783786159619            +-    2.1703051772192263E-004 ) fb
  sig_NNLO = (  0.39724117180192714            +-    2.3349469982960786E-004 ) fb
  sig_HHZ  = (  0.44945999865989394            +-    2.7410593244268748E-004 ) fb

  pp ---> HHZ + X
  ===============

  PDFSET = PDF4LHC21_40                                NSET =   3
  Sqrt(S)  = 14.0 TeV
  LOOP     = 3
  alphaS(MZ) =   0.11800
          kl =   1.17000
          kv =   1.00000
         k2v =   1.00000
         kth =   1.00000
         kbh =   1.00000
 --------------

  mH       = 125.0000      GeV
  fact_scale 1.0
  ren_scale  1.0
  Kqq      =   0.25732843542999839            +-    2.4142747358822333E-004
  Kgq      =   -8.0609160907532895E-002       +-    1.4186937907936041E-004
  K_nlo    =    1.1767192745224655            +-    2.8002525908131135E-004
  Kqq2     =    5.7629642529529151E-002       +-    2.0971097283191401E-004
  Kgq2     =   -4.1887652472814153E-002       +-    1.5091300728249906E-004
  Kqqs     =    2.0435920393165742E-003       +-    3.6268534276794256E-006
  Kgg      =    1.7283252802278572E-003       +-    2.9162806128023409E-006
  Kgghhz   =   0.15737078177887451            +-    4.3350886021455750E-004
  K_nnlo   =    1.1962331818987246            +-    3.8103704855972919E-004
  K_nnlo2  =    1.3536039636775992            +-    5.7716476352912785E-004
  sig_LO   = (  0.33249511866694376            +-    1.9578948069391507E-004 ) fb
  sig_NLO  = (  0.39125341482002718            +-    2.1680046151083886E-004 ) fb
  sig_NNLO = (  0.39774169376875235            +-    2.3320511685813951E-004 ) fb
  sig_HHZ  = (  0.45006671053102892            +-    2.7415478297559092E-004 ) fb

  pp ---> HHZ + X
  ===============

  PDFSET = PDF4LHC21_40                                NSET =   4
  Sqrt(S)  = 14.0 TeV
  LOOP     = 3
  alphaS(MZ) =   0.11800
          kl =   1.17000
          kv =   1.00000
         k2v =   1.00000
         kth =   1.00000
         kbh =   1.00000
 --------------

  mH       = 125.0000      GeV
  fact_scale 1.0
  ren_scale  1.0
  Kqq      =   0.25779516327211310            +-    2.4186870707250773E-004
  Kgq      =   -8.1399739998398488E-002       +-    1.4360663083922502E-004
  K_nlo    =    1.1763954232737146            +-    2.8128870557119780E-004
  Kqq2     =    5.7813043568793604E-002       +-    2.1012052952361338E-004
  Kgq2     =   -4.2294321248312408E-002       +-    1.5282480683384523E-004
  Kqqs     =    2.0577277286149285E-003       +-    3.6580735964777271E-006
  Kgg      =    1.7575438818481968E-003       +-    2.9760270084149395E-006
  Kgghhz   =   0.16019764760155944            +-    4.4054979016042899E-004
  K_nnlo   =    1.1957294172046589            +-    3.8295121442841499E-004
  K_nnlo2  =    1.3559270648062183            +-    5.8372574916873074E-004
  sig_LO   = (  0.32871224340629013            +-    1.9407436785616602E-004 ) fb
  sig_NLO  = (  0.38669557871719495            +-    2.1497505504950850E-004 ) fb
  sig_NNLO = (  0.39305089923623926            +-    2.3132406746113673E-004 ) fb
  sig_HHZ  = (  0.44570982736775816            +-    2.7291381533387735E-004 ) fb

  pp ---> HHZ + X
  ===============

  PDFSET = PDF4LHC21_40                                NSET =   5
  Sqrt(S)  = 14.0 TeV
  LOOP     = 3
  alphaS(MZ) =   0.11800
          kl =   1.17000
          kv =   1.00000
         k2v =   1.00000
         kth =   1.00000
         kbh =   1.00000
 --------------

  mH       = 125.0000      GeV
  fact_scale 1.0
  ren_scale  1.0
  Kqq      =   0.25739047115410435            +-    2.4212480819094578E-004
  Kgq      =   -8.0503846284940006E-002       +-    1.4174746543649206E-004
  K_nlo    =    1.1768866248691645            +-    2.8056508460457409E-004
  Kqq2     =    5.7654138092377627E-002       +-    2.1046138802987578E-004
  Kgq2     =   -4.1831525688358663E-002       +-    1.5072191712479514E-004
  Kqqs     =    2.0413429799186859E-003       +-    3.6268158609869087E-006
  Kgg      =    1.7229914457461456E-003       +-    2.9100389079173052E-006
  Kgghhz   =   0.15682223432528428            +-    4.3374038804898493E-004
  K_nnlo   =    1.1964735716988484            +-    3.8177150361458676E-004
  K_nnlo2  =    1.3532958060241327            +-    5.7782368002447465E-004
  sig_LO   = (  0.33235993501384603            +-    1.9650681329050064E-004 ) fb
  sig_NLO  = (  0.39114996216018005            +-    2.1750914422034572E-004 ) fb
  sig_NNLO = (  0.39765987853561346            +-    2.3391210103220140E-004 ) fb
  sig_HHZ  = (  0.44978130614469108            +-    2.7476604408028425E-004 ) fb

  pp ---> HHZ + X
  ===============

  PDFSET = PDF4LHC21_40                                NSET =   6
  Sqrt(S)  = 14.0 TeV
  LOOP     = 3
  alphaS(MZ) =   0.11800
          kl =   1.17000
          kv =   1.00000
         k2v =   1.00000
         kth =   1.00000
         kbh =   1.00000
 --------------

  mH       = 125.0000      GeV
  fact_scale 1.0
  ren_scale  1.0
  Kqq      =   0.25739208739034686            +-    2.4136809979331575E-004
  Kgq      =   -8.0721525356842058E-002       +-    1.4207831517434565E-004
  K_nlo    =    1.1766705620335047            +-    2.8008000150067251E-004
  Kqq2     =    5.7656789253153942E-002       +-    2.0988619954721003E-004
  Kgq2     =   -4.1947232987903642E-002       +-    1.5122089573974521E-004
  Kqqs     =    2.0434354099068239E-003       +-    3.6216742213158933E-006
  Kgg      =    1.7373581833291221E-003       +-    2.9366585416455878E-006
  Kgghhz   =   0.15827356062508077            +-    4.3455215614491763E-004
  K_nnlo   =    1.1961609118919909            +-    3.8129584812435929E-004
  K_nnlo2  =    1.3544344725170716            +-    5.7811945150381446E-004
  sig_LO   = (  0.33278352033652858            +-    1.9598195631187959E-004 ) fb
  sig_NLO  = (  0.39157657190987133            +-    2.1701679034186595E-004 ) fb
  sig_NNLO = (  0.39806263914836892            +-    2.3347320848891924E-004 ) fb
  sig_HHZ  = (  0.45073347182938028            +-    2.7463122675477469E-004 ) fb

  pp ---> HHZ + X
  ===============

  PDFSET = PDF4LHC21_40                                NSET =   7
  Sqrt(S)  = 14.0 TeV
  LOOP     = 3
  alphaS(MZ) =   0.11800
          kl =   1.17000
          kv =   1.00000
         k2v =   1.00000
         kth =   1.00000
         kbh =   1.00000
 --------------

  mH       = 125.0000      GeV
  fact_scale 1.0
  ren_scale  1.0
  Kqq      =   0.25742648934473283            +-    2.4263322775226750E-004
  Kgq      =   -8.0485950229872774E-002       +-    1.4182275102608710E-004
  K_nlo    =    1.1769405391148602            +-    2.8104194690133213E-004
  Kqq2     =    5.7667272992340680E-002       +-    2.1065082070064855E-004
  Kgq2     =   -4.1823726587695981E-002       +-    1.5084500886382581E-004
  Kqqs     =    2.0409728468724618E-003       +-    3.6301119250407683E-006
  Kgg      =    1.7229336419044702E-003       +-    2.9052799194347283E-006
  Kgghhz   =   0.15682884523674337            +-    4.3234984665507136E-004
  K_nnlo   =    1.1965479920082818            +-    3.8227500473229253E-004
  K_nnlo2  =    1.3533768372450252            +-    5.7711400012972998E-004
  sig_LO   = (  0.33258353444548489            +-    1.9711346371684019E-004 ) fb
  sig_NLO  = (  0.39143104433099463            +-    2.1815211270173097E-004 ) fb
  sig_NNLO = (  0.39795216031576214            +-    2.3455891214179141E-004 ) fb
  sig_HHZ  = (  0.45011085196760220            +-    2.7512569690977152E-004 ) fb

  pp ---> HHZ + X
  ===============

  PDFSET = PDF4LHC21_40                                NSET =   8
  Sqrt(S)  = 14.0 TeV
  LOOP     = 3
  alphaS(MZ) =   0.11800
          kl =   1.17000
          kv =   1.00000
         k2v =   1.00000
         kth =   1.00000
         kbh =   1.00000
 --------------

  mH       = 125.0000      GeV
  fact_scale 1.0
  ren_scale  1.0
  Kqq      =   0.25713998100802321            +-    2.4197914670814156E-004
  Kgq      =   -8.0406941831469056E-002       +-    1.4211743292956306E-004
  K_nlo    =    1.1767330391765543            +-    2.8062657070222194E-004
  Kqq2     =    5.7552268568841138E-002       +-    2.1028091632387447E-004
  Kgq2     =   -4.1769999750216114E-002       +-    1.5121737962072625E-004
  Kqqs     =    2.0471444927563794E-003       +-    3.6379178301615885E-006
  Kgg      =    1.7303728420750369E-003       +-    2.9372225262619574E-006
  Kgghhz   =   0.15790370705199760            +-    4.3385264271622191E-004
  K_nnlo   =    1.1962928253300107            +-    3.8191346346491120E-004
  K_nnlo2  =    1.3541965323820082            +-    5.7800173803165486E-004
  sig_LO   = (  0.33316353175018848            +-    1.9697253227916138E-004 ) fb
  sig_NLO  = (  0.39204453525919369            +-    2.1803533514026444E-004 ) fb
  sig_NNLO = (  0.39856114269435772            +-    2.3449542432627142E-004 ) fb
  sig_HHZ  = (  0.45116889941224836            +-    2.7546512828573118E-004 ) fb

  pp ---> HHZ + X
  ===============

  PDFSET = PDF4LHC21_40                                NSET =   9
  Sqrt(S)  = 14.0 TeV
  LOOP     = 3
  alphaS(MZ) =   0.11800
          kl =   1.17000
          kv =   1.00000
         k2v =   1.00000
         kth =   1.00000
         kbh =   1.00000
 --------------

  mH       = 125.0000      GeV
  fact_scale 1.0
  ren_scale  1.0
  Kqq      =   0.25736506391714720            +-    2.4097507854857491E-004
  Kgq      =   -8.0633976009710159E-002       +-    1.4189058195187798E-004
  K_nlo    =    1.1767310879074371            +-    2.7964607225586854E-004
  Kqq2     =    5.7642962306226599E-002       +-    2.0954731475453453E-004
  Kgq2     =   -4.1899746840394853E-002       +-    1.5105264090934157E-004
  Kqqs     =    2.0458266549069166E-003       +-    3.6264949723181548E-006
  Kgg      =    1.7292204882754100E-003       +-    2.9194052234376860E-006
  Kgghhz   =   0.15751817670086951            +-    4.3198336287701797E-004
  K_nnlo   =    1.1962493505164513            +-    3.8072375492908210E-004
  K_nnlo2  =    1.3537675272173209            +-    5.7581264606626796E-004
  sig_LO   = (  0.33416646268448458            +-    1.9638233409415150E-004 ) fb
  sig_NLO  = (  0.39322406517689351            +-    2.1748244334432785E-004 ) fb
  sig_NNLO = (  0.39974641395069455            +-    2.3399198676858388E-004 ) fb
  sig_HHZ  = (  0.45238370586733367            +-    2.7493713627497465E-004 ) fb

  pp ---> HHZ + X
  ===============

  PDFSET = PDF4LHC21_40                                NSET =  10
  Sqrt(S)  = 14.0 TeV
  LOOP     = 3
  alphaS(MZ) =   0.11800
          kl =   1.17000
          kv =   1.00000
         k2v =   1.00000
         kth =   1.00000
         kbh =   1.00000
 --------------

  mH       = 125.0000      GeV
  fact_scale 1.0
  ren_scale  1.0
  Kqq      =   0.25727606496579181            +-    2.4204662830836583E-004
  Kgq      =   -8.0387732563778069E-002       +-    1.4182930059847431E-004
  K_nlo    =    1.1768883324020138            +-    2.8053898264537245E-004
  Kqq2     =    5.7607325894499670E-002       +-    2.1032374048768481E-004
  Kgq2     =   -4.1775134500427025E-002       +-    1.5089777972869032E-004
  Kqqs     =    2.0424471908645466E-003       +-    3.6329968855895601E-006
  Kgg      =    1.7227698778252991E-003       +-    2.9187924285498336E-006
  Kgghhz   =   0.15702321316017143            +-    4.3140066124700184E-004
  K_nnlo   =    1.1964857408647762            +-    3.8174606027972520E-004
  K_nnlo2  =    1.3535089540249476            +-    5.7605258880022577E-004
  sig_LO   = (  0.33239027597097620            +-    1.9660967649618509E-004 ) fb
  sig_NLO  = (  0.39118623759412735            +-    2.1760200955800896E-004 ) fb
  sig_NNLO = (  0.39770022560138096            +-    2.3400021705024320E-004 ) fb
  sig_HHZ  = (  0.44989321475753974            +-    2.7444082130240828E-004 ) fb

  pp ---> HHZ + X
  ===============

  PDFSET = PDF4LHC21_40                                NSET =  11
  Sqrt(S)  = 14.0 TeV
  LOOP     = 3
  alphaS(MZ) =   0.11800
          kl =   1.17000
          kv =   1.00000
         k2v =   1.00000
         kth =   1.00000
         kbh =   1.00000
 --------------

  mH       = 125.0000      GeV
  fact_scale 1.0
  ren_scale  1.0
  Kqq      =   0.25722460223293858            +-    2.4181814451730435E-004
  Kgq      =   -8.0580400281554235E-002       +-    1.4201895099413638E-004
  K_nlo    =    1.1766442019513843            +-    2.8043786737754731E-004
  Kqq2     =    5.7585655804811189E-002       +-    2.1018073041316468E-004
  Kgq2     =   -4.1873206938942947E-002       +-    1.5112067817369936E-004
  Kqqs     =    2.0414611408218317E-003       +-    3.6298997530752589E-006
  Kgg      =    1.7305444935477123E-003       +-    2.9225422084133044E-006
  Kgghhz   =   0.15764071027934354            +-    4.3325318129085801E-004
  K_nnlo   =    1.1961286564516223            +-    3.8168116759035200E-004
  K_nnlo2  =    1.3537693667309658            +-    5.7739833113006436E-004
  sig_LO   = (  0.33301503377121738            +-    1.9673833916625334E-004 ) fb
  sig_NLO  = (  0.39184020864954738            +-    2.1777894992610101E-004 ) fb
  sig_NNLO = (  0.39832882492295785            +-    2.3422595765342429E-004 ) fb
  sig_HHZ  = (  0.45082555138035213            +-    2.7509719465234933E-004 ) fb

  pp ---> HHZ + X
  ===============

  PDFSET = PDF4LHC21_40                                NSET =  12
  Sqrt(S)  = 14.0 TeV
  LOOP     = 3
  alphaS(MZ) =   0.11800
          kl =   1.17000
          kv =   1.00000
         k2v =   1.00000
         kth =   1.00000
         kbh =   1.00000
 --------------

  mH       = 125.0000      GeV
  fact_scale 1.0
  ren_scale  1.0
  Kqq      =   0.25715027256391898            +-    2.4130318678311166E-004
  Kgq      =   -8.0495064690496693E-002       +-    1.4186609457271049E-004
  K_nlo    =    1.1766552078734223            +-    2.7991644599951342E-004
  Kqq2     =    5.7554822605622988E-002       +-    2.0974756196978379E-004
  Kgq2     =   -4.1825949741125142E-002       +-    1.5103504298552231E-004
  Kqqs     =    2.0418685849137087E-003       +-    3.6269072324829811E-006
  Kgg      =    1.7278189250955877E-003       +-    2.9172357743960279E-006
  Kgghhz   =   0.15742333526545613            +-    4.3183376746008714E-004
  K_nnlo   =    1.1961537682479295            +-    3.8102559680885202E-004
  K_nnlo2  =    1.3535771035133857            +-    5.7590008520776799E-004
  sig_LO   = (  0.33491417810698626            +-    1.9736279688759121E-004 ) fb
  sig_NLO  = (  0.39407851186023229            +-    2.1849658706448057E-004 ) fb
  sig_NNLO = (  0.40060885618232978            +-    2.3502469850990746E-004 ) fb
  sig_HHZ  = (  0.45333216312762059            +-    2.7595950922282899E-004 ) fb

  pp ---> HHZ + X
  ===============

  PDFSET = PDF4LHC21_40                                NSET =  13
  Sqrt(S)  = 14.0 TeV
  LOOP     = 3
  alphaS(MZ) =   0.11800
          kl =   1.17000
          kv =   1.00000
         k2v =   1.00000
         kth =   1.00000
         kbh =   1.00000
 --------------

  mH       = 125.0000      GeV
  fact_scale 1.0
  ren_scale  1.0
  Kqq      =   0.25726232583155012            +-    2.4157309542906875E-004
  Kgq      =   -8.0437577571741595E-002       +-    1.4168689556161925E-004
  K_nlo    =    1.1768247482598084            +-    2.8005845248638925E-004
  Kqq2     =    5.7597954648979779E-002       +-    2.1002882139957053E-004
  Kgq2     =   -4.1797969610687602E-002       +-    1.5074030554564552E-004
  Kqqs     =    2.0385923298156757E-003       +-    3.6223831671831953E-006
  Kgg      =    1.7257162872368558E-003       +-    2.9128268265254624E-006
  Kgghhz   =   0.15715700705619751            +-    4.3274843649878807E-004
  K_nnlo   =    1.1963890419151531            +-    3.8116805816265566E-004
  K_nnlo2  =    1.3535460489713507            +-    5.7668041223509164E-004
  sig_LO   = (  0.33248441941918699            +-    1.9621953606723357E-004 ) fb
  sig_NLO  = (  0.39127589318329331            +-    2.1719236396332625E-004 ) fb
  sig_NNLO = (  0.39778071600063708            +-    2.3358770903973271E-004 ) fb
  sig_HHZ  = (  0.45003297224937400            +-    2.7434518431903752E-004 ) fb

  pp ---> HHZ + X
  ===============

  PDFSET = PDF4LHC21_40                                NSET =  14
  Sqrt(S)  = 14.0 TeV
  LOOP     = 3
  alphaS(MZ) =   0.11800
          kl =   1.17000
          kv =   1.00000
         k2v =   1.00000
         kth =   1.00000
         kbh =   1.00000
 --------------

  mH       = 125.0000      GeV
  fact_scale 1.0
  ren_scale  1.0
  Kqq      =   0.25738053452625848            +-    2.4212159207088603E-004
  Kgq      =   -8.0530879373723371E-002       +-    1.4187528124590747E-004
  K_nlo    =    1.1768496551525351            +-    2.8062690672055288E-004
  Kqq2     =    5.7650424782691376E-002       +-    2.1044118435728526E-004
  Kgq2     =   -4.1847820822828501E-002       +-    1.5094571106304429E-004
  Kqqs     =    2.0422925308741513E-003       +-    3.6304427683810697E-006
  Kgg      =    1.7251368008340423E-003       +-    2.9100774930427204E-006
  Kgghhz   =   0.15707806606684641            +-    4.3234197899248819E-004
  K_nnlo   =    1.1964196884441061            +-    3.8189423824310420E-004
  K_nnlo2  =    1.3534977545109526            +-    5.7685595775931959E-004
  sig_LO   = (  0.33303170653373654            +-    1.9695999398248938E-004 ) fb
  sig_NLO  = (  0.39192824898908812            +-    2.1800819480461195E-004 ) fb
  sig_NNLO = (  0.39844569057310208            +-    2.3445410362622180E-004 ) fb
  sig_HHZ  = (  0.45075766697436292            +-    2.7513632993977964E-004 ) fb

  pp ---> HHZ + X
  ===============

  PDFSET = PDF4LHC21_40                                NSET =  15
  Sqrt(S)  = 14.0 TeV
  LOOP     = 3
  alphaS(MZ) =   0.11800
          kl =   1.17000
          kv =   1.00000
         k2v =   1.00000
         kth =   1.00000
         kbh =   1.00000
 --------------

  mH       = 125.0000      GeV
  fact_scale 1.0
  ren_scale  1.0
  Kqq      =   0.25739361902294006            +-    2.4169967246146174E-004
  Kgq      =   -8.0403428454610945E-002       +-    1.4148728983834761E-004
  K_nlo    =    1.1769901905683291            +-    2.8006675071093047E-004
  Kqq2     =    5.7656666348396474E-002       +-    2.1009481758126240E-004
  Kgq2     =   -4.1790864215799167E-002       +-    1.5053731375401478E-004
  Kqqs     =    2.0401422302830517E-003       +-    3.6242004323163662E-006
  Kgg      =    1.7195325727793083E-003       +-    2.8982290443148341E-006
  Kgghhz   =   0.15654855920295180            +-    4.3042515759851932E-004
  K_nnlo   =    1.1966156675039887            +-    3.8113020691218382E-004
  K_nnlo2  =    1.3531642267069406            +-    5.7491395087841987E-004
  sig_LO   = (  0.33254705244986382            +-    1.9624823483454837E-004 ) fb
  sig_NLO  = (  0.39140461863590131            +-    2.1722699481156887E-004 ) fb
  sig_NNLO = (  0.39793101314377771            +-    2.3361794020637620E-004 ) fb
  sig_HHZ  = (  0.44999077507199231            +-    2.7398071692011789E-004 ) fb

  pp ---> HHZ + X
  ===============

  PDFSET = PDF4LHC21_40                                NSET =  16
  Sqrt(S)  = 14.0 TeV
  LOOP     = 3
  alphaS(MZ) =   0.11800
          kl =   1.17000
          kv =   1.00000
         k2v =   1.00000
         kth =   1.00000
         kbh =   1.00000
 --------------

  mH       = 125.0000      GeV
  fact_scale 1.0
  ren_scale  1.0
  Kqq      =   0.25714740893249238            +-    2.4194941184690135E-004
  Kgq      =   -8.0497230121625962E-002       +-    1.4197755340177222E-004
  K_nlo    =    1.1766501788108663            +-    2.8053011168681081E-004
  Kqq2     =    5.7556341576345690E-002       +-    2.1027193119856099E-004
  Kgq2     =   -4.1827088912988183E-002       +-    1.5106473179121244E-004
  Kqqs     =    2.0340561694126022E-003       +-    3.6191766413032228E-006
  Kgg      =    1.7367083512024564E-003       +-    2.9374898024124567E-006
  Kgghhz   =   0.15825307448988948            +-    4.3542178355138650E-004
  K_nnlo   =    1.1961501959948388            +-    3.8177704107245379E-004
  K_nnlo2  =    1.3544032704847284            +-    5.7909052718992788E-004
  sig_LO   = (  0.33272354803188503            +-    1.9670271389050703E-004 ) fb
  sig_NLO  = (  0.39149922228630341            +-    2.1772487624546904E-004 ) fb
  sig_NNLO = (  0.39798733719043750            +-    2.3415297585398798E-004 ) fb
  sig_HHZ  = (  0.45064186162166769            +-    2.7534778937381567E-004 ) fb

  pp ---> HHZ + X
  ===============

  PDFSET = PDF4LHC21_40                                NSET =  17
  Sqrt(S)  = 14.0 TeV
  LOOP     = 3
  alphaS(MZ) =   0.11800
          kl =   1.17000
          kv =   1.00000
         k2v =   1.00000
         kth =   1.00000
         kbh =   1.00000
 --------------

  mH       = 125.0000      GeV
  fact_scale 1.0
  ren_scale  1.0
  Kqq      =   0.25739768710020111            +-    2.4149842931674446E-004
  Kgq      =   -8.0263927781068820E-002       +-    1.4128738019441190E-004
  K_nlo    =    1.1771337593191322            +-    2.7979209274862454E-004
  Kqq2     =    5.7653122082156560E-002       +-    2.0996877291838386E-004
  Kgq2     =   -4.1707117724342928E-002       +-    1.5033698835288968E-004
  Kqqs     =    2.0388155351150116E-003       +-    3.6155259219555263E-006
  Kgg      =    1.7179771348975628E-003       +-    2.8985725356314331E-006
  Kgghhz   =   0.15644605303566411            +-    4.3009661076245969E-004
  K_nnlo   =    1.1968365563469585            +-    3.8077970610703545E-004
  K_nnlo2  =    1.3532826093826227            +-    5.7443561795236461E-004
  sig_LO   = (  0.33484065790635265            +-    1.9738809248107659E-004 ) fb
  sig_NLO  = (  0.39415224241419639            +-    2.1849275103866020E-004 ) fb
  sig_NNLO = (  0.40074953993358903            +-    2.3498604962361974E-004 ) fb
  sig_HHZ  = (  0.45313403925890294            +-    2.7560556481502326E-004 ) fb

  pp ---> HHZ + X
  ===============

  PDFSET = PDF4LHC21_40                                NSET =  18
  Sqrt(S)  = 14.0 TeV
  LOOP     = 3
  alphaS(MZ) =   0.11800
          kl =   1.17000
          kv =   1.00000
         k2v =   1.00000
         kth =   1.00000
         kbh =   1.00000
 --------------

  mH       = 125.0000      GeV
  fact_scale 1.0
  ren_scale  1.0
  Kqq      =   0.25734081434954065            +-    2.4162995609754400E-004
  Kgq      =   -8.0319601889305522E-002       +-    1.4130876616518176E-004
  K_nlo    =    1.1770212124602351            +-    2.7991642159549528E-004
  Kqq2     =    5.7632744288511679E-002       +-    2.1004735122570804E-004
  Kgq2     =   -4.1738798635921268E-002       +-    1.5031831521260380E-004
  Kqqs     =    2.0412899459641134E-003       +-    3.6241552686311978E-006
  Kgg      =    1.7155371879352035E-003       +-    2.8910218392075413E-006
  Kgghhz   =   0.15617294297443063            +-    4.2962323778280334E-004
  K_nnlo   =    1.1966719852467247            +-    3.8090705064727364E-004
  K_nnlo2  =    1.3528449282211552            +-    5.7416574930570685E-004
  sig_LO   = (  0.33432398524156948            +-    1.9719364094537928E-004 ) fb
  sig_NLO  = (  0.39350642246356982            +-    2.1827291986045068E-004 ) fb
  sig_NNLO = (  0.40007614713462564            +-    2.3473906416320053E-004 ) fb
  sig_HHZ  = (  0.45228850781674168            +-    2.7519623605804774E-004 ) fb

  pp ---> HHZ + X
  ===============

  PDFSET = PDF4LHC21_40                                NSET =  19
  Sqrt(S)  = 14.0 TeV
  LOOP     = 3
  alphaS(MZ) =   0.11800
          kl =   1.17000
          kv =   1.00000
         k2v =   1.00000
         kth =   1.00000
         kbh =   1.00000
 --------------

  mH       = 125.0000      GeV
  fact_scale 1.0
  ren_scale  1.0
  Kqq      =   0.25744993758240087            +-    2.4175028753457665E-004
  Kgq      =   -8.0857344207060561E-002       +-    1.4257175588975324E-004
  K_nlo    =    1.1765925933753403            +-    2.8065977107618733E-004
  Kqq2     =    5.7676731303179803E-002       +-    2.1016504958859173E-004
  Kgq2     =   -4.2014642430139151E-002       +-    1.5174582135848023E-004
  Kqqs     =    2.0452682282946239E-003       +-    3.6362735083494251E-006
  Kgg      =    1.7420319316370015E-003       +-    2.9457963286731376E-006
  Kgghhz   =   0.15872251803151136            +-    4.3638292874534790E-004
  K_nnlo   =    1.1960419824083126            +-    3.8208369458786180E-004
  K_nnlo2  =    1.3547645004398239            +-    5.8001552580105810E-004
  sig_LO   = (  0.33131279118476642            +-    1.9564182206466429E-004 ) fb
  sig_NLO  = (  0.38982017619850690            +-    2.1661521356520236E-004 ) fb
  sig_NNLO = (  0.39626400756585933            +-    2.3302478832977933E-004 ) fb
  sig_HHZ  = (  0.44885080803875377            +-    2.7423294913788836E-004 ) fb

  pp ---> HHZ + X
  ===============

  PDFSET = PDF4LHC21_40                                NSET =  20
  Sqrt(S)  = 14.0 TeV
  LOOP     = 3
  alphaS(MZ) =   0.11800
          kl =   1.17000
          kv =   1.00000
         k2v =   1.00000
         kth =   1.00000
         kbh =   1.00000
 --------------

  mH       = 125.0000      GeV
  fact_scale 1.0
  ren_scale  1.0
  Kqq      =   0.25728239866830394            +-    2.4183340873375097E-004
  Kgq      =   -8.0599648468215365E-002       +-    1.4201476349366164E-004
  K_nlo    =    1.1766827502000885            +-    2.8044890912596915E-004
  Kqq2     =    5.7610313455761106E-002       +-    2.1020292694207395E-004
  Kgq2     =   -4.1880848370582598E-002       +-    1.5110694248238844E-004
  Kqqs     =    2.0428972040971599E-003       +-    3.6284450581812041E-006
  Kgg      =    1.7301553140191064E-003       +-    2.9210189120808417E-006
  Kgghhz   =   0.15759717344142629            +-    4.3311308132708948E-004
  K_nnlo   =    1.1961852678033833            +-    3.8169604026811935E-004
  K_nnlo2  =    1.3537824412448096            +-    5.7730304725768413E-004
  sig_LO   = (  0.33383056591947835            +-    1.9716894397571241E-004 ) fb
  sig_NLO  = (  0.39281266840698376            +-    2.1826761012366127E-004 ) fb
  sig_NNLO = (  0.39932320489534628            +-    2.3475925730751757E-004 ) fb
  sig_HHZ  = (  0.45193395849260781            +-    2.7571204477208980E-004 ) fb

  pp ---> HHZ + X
  ===============

  PDFSET = PDF4LHC21_40                                NSET =  21
  Sqrt(S)  = 14.0 TeV
  LOOP     = 3
  alphaS(MZ) =   0.11800
          kl =   1.17000
          kv =   1.00000
         k2v =   1.00000
         kth =   1.00000
         kbh =   1.00000
 --------------

  mH       = 125.0000      GeV
  fact_scale 1.0
  ren_scale  1.0
  Kqq      =   0.25751546236054623            +-    2.4199313546501537E-004
  Kgq      =   -8.1064712030904276E-002       +-    1.4281790290005255E-004
  K_nlo    =    1.1764507503296420            +-    2.8099400527583881E-004
  Kqq2     =    5.7712554953827613E-002       +-    2.1030994472009048E-004
  Kgq2     =   -4.2122853883517553E-002       +-    1.5194992968387518E-004
  Kqqs     =    2.0537930263683315E-003       +-    3.6485863516464117E-006
  Kgg      =    1.7414511953755232E-003       +-    2.9409989351659350E-006
  Kgghhz   =   0.15861606773503734            +-    4.3625073491442191E-004
  K_nnlo   =    1.1958356956216960            +-    3.8249006083447752E-004
  K_nnlo2  =    1.3544517633567335            +-    5.8018389356352825E-004
  sig_LO   = (  0.33086618239535376            +-    1.9547205244801555E-004 ) fb
  sig_NLO  = (  0.38924776853771809            +-    2.1645555449677762E-004 ) fb
  sig_NNLO = (  0.39566159138244278            +-    2.3286260270132694E-004 ) fb
  sig_HHZ  = (  0.44814228418049745            +-    2.7396935036846882E-004 ) fb

  pp ---> HHZ + X
  ===============

  PDFSET = PDF4LHC21_40                                NSET =  22
  Sqrt(S)  = 14.0 TeV
  LOOP     = 3
  alphaS(MZ) =   0.11800
          kl =   1.17000
          kv =   1.00000
         k2v =   1.00000
         kth =   1.00000
         kbh =   1.00000
 --------------

  mH       = 125.0000      GeV
  fact_scale 1.0
  ren_scale  1.0
  Kqq      =   0.25730988116829245            +-    2.4177965865102461E-004
  Kgq      =   -8.0751573098247584E-002       +-    1.4242520474086535E-004
  K_nlo    =    1.1765583080700448            +-    2.8061065960309381E-004
  Kqq2     =    5.7620602980777681E-002       +-    2.1013538839586383E-004
  Kgq2     =   -4.1958238664642197E-002       +-    1.5155442016699699E-004
  Kqqs     =    2.0417359894605610E-003       +-    3.6289886259600263E-006
  Kgg      =    1.7427693209718423E-003       +-    2.9539046714552386E-006
  Kgghhz   =   0.15886092566452864            +-    4.3673127559352011E-004
  K_nnlo   =    1.1960051776966130            +-    3.8195531299168233E-004
  K_nnlo2  =    1.3548661033611415            +-    5.8019313009041848E-004
  sig_LO   = (  0.33195279527922716            +-    1.9603398753118394E-004 ) fb
  sig_NLO  = (  0.39056181917284954            +-    2.1703951779295660E-004 ) fb
  sig_NNLO = (  0.39701726190481945            +-    2.3346373569051455E-004 ) fb
  sig_HHZ  = (  0.44975159023980527            +-    2.7481416482493280E-004 ) fb

  pp ---> HHZ + X
  ===============

  PDFSET = PDF4LHC21_40                                NSET =  23
  Sqrt(S)  = 14.0 TeV
  LOOP     = 3
  alphaS(MZ) =   0.11800
          kl =   1.17000
          kv =   1.00000
         k2v =   1.00000
         kth =   1.00000
         kbh =   1.00000
 --------------

  mH       = 125.0000      GeV
  fact_scale 1.0
  ren_scale  1.0
  Kqq      =   0.25738694043382299            +-    2.4164432321640799E-004
  Kgq      =   -8.0698273174132362E-002       +-    1.4217760916267211E-004
  K_nlo    =    1.1766886672596906            +-    2.8036842099268133E-004
  Kqq2     =    5.7651287952081486E-002       +-    2.1005834536310625E-004
  Kgq2     =   -4.1931750881443311E-002       +-    1.5128858057967707E-004
  Kqqs     =    2.0458179698028198E-003       +-    3.6332121686697878E-006
  Kgg      =    1.7324442492519928E-003       +-    2.9253542949677931E-006
  Kgghhz   =   0.15781002826729257            +-    4.3375655453712335E-004
  K_nnlo   =    1.1961864665493833            +-    3.8162933913529567E-004
  K_nnlo2  =    1.3539964948166758            +-    5.7774189833589102E-004
  sig_LO   = (  0.33274190702475670            +-    1.9631619625825415E-004 ) fb
  sig_NLO  = (  0.39153363111840889            +-    2.1735485568979331E-004 ) fb
  sig_NNLO = (  0.39802136603684729            +-    2.3380548321924607E-004 ) fb
  sig_HHZ  = (  0.45053137579013697            +-    2.7476509850770596E-004 ) fb

  pp ---> HHZ + X
  ===============

  PDFSET = PDF4LHC21_40                                NSET =  24
  Sqrt(S)  = 14.0 TeV
  LOOP     = 3
  alphaS(MZ) =   0.11800
          kl =   1.17000
          kv =   1.00000
         k2v =   1.00000
         kth =   1.00000
         kbh =   1.00000
 --------------

  mH       = 125.0000      GeV
  fact_scale 1.0
  ren_scale  1.0
  Kqq      =   0.25719736449376557            +-    2.4152712647328091E-004
  Kgq      =   -8.0550781622834536E-002       +-    1.4196756600969908E-004
  K_nlo    =    1.1766465828709309            +-    2.8016092272327789E-004
  Kqq2     =    5.7575262134053659E-002       +-    2.0997437672892028E-004
  Kgq2     =   -4.1854796240308037E-002       +-    1.5110994027551724E-004
  Kqqs     =    2.0421617027017087E-003       +-    3.6264471604591555E-006
  Kgg      =    1.7292073834176485E-003       +-    2.9210172660677929E-006
  Kgghhz   =   0.15752318140570157            +-    4.3346473903258648E-004
  K_nnlo   =    1.1961384178507961            +-    3.8135977634617377E-004
  K_nnlo2  =    1.3536615992564978            +-    5.7734474882810871E-004
  sig_LO   = (  0.33363544937805967            +-    1.9685867444567030E-004 ) fb
  sig_NLO  = (  0.39257101143530143            +-    2.1792264815943948E-004 ) fb
  sig_NNLO = (  0.39907417855801164            +-    2.3439735204543223E-004 ) fb
  sig_HHZ  = (  0.45162949597376451            +-    2.7542119112607393E-004 ) fb

  pp ---> HHZ + X
  ===============

  PDFSET = PDF4LHC21_40                                NSET =  25
  Sqrt(S)  = 14.0 TeV
  LOOP     = 3
  alphaS(MZ) =   0.11800
          kl =   1.17000
          kv =   1.00000
         k2v =   1.00000
         kth =   1.00000
         kbh =   1.00000
 --------------

  mH       = 125.0000      GeV
  fact_scale 1.0
  ren_scale  1.0
  Kqq      =   0.25732547735090283            +-    2.4195365357317452E-004
  Kgq      =   -8.0815244422742877E-002       +-    1.4253742999415214E-004
  K_nlo    =    1.1765102329281600            +-    2.8081753760537389E-004
  Kqq2     =    5.7628084800807292E-002       +-    2.1023724141652365E-004
  Kgq2     =   -4.1992981844184117E-002       +-    1.5167287836180307E-004
  Kqqs     =    2.0446544133964077E-003       +-    3.6332653278529153E-006
  Kgg      =    1.7412753398827108E-003       +-    2.9431686045329765E-006
  Kgghhz   =   0.15865393120370666            +-    4.3610743417597916E-004
  K_nnlo   =    1.1959312656380623            +-    3.8221029812670774E-004
  K_nnlo2  =    1.3545851968417690            +-    5.7989171932151513E-004
  sig_LO   = (  0.33234531675071721            +-    1.9646517393141386E-004 ) fb
  sig_NLO  = (  0.39100766602296944            +-    2.1750575532228963E-004 ) fb
  sig_NNLO = (  0.39746215529056794            +-    2.3395324125375267E-004 ) fb
  sig_HHZ  = (  0.45019004631021031            +-    2.7521122665260703E-004 ) fb

  pp ---> HHZ + X
  ===============

  PDFSET = PDF4LHC21_40                                NSET =  26
  Sqrt(S)  = 14.0 TeV
  LOOP     = 3
  alphaS(MZ) =   0.11800
          kl =   1.17000
          kv =   1.00000
         k2v =   1.00000
         kth =   1.00000
         kbh =   1.00000
 --------------

  mH       = 125.0000      GeV
  fact_scale 1.0
  ren_scale  1.0
  Kqq      =   0.25728891606953580            +-    2.4045854776234477E-004
  Kgq      =   -8.0602240597801481E-002       +-    1.4145782230777292E-004
  K_nlo    =    1.1766866754717342            +-    2.7898141279309862E-004
  Kqq2     =    5.7616249474936890E-002       +-    2.0908715705850338E-004
  Kgq2     =   -4.1880279888981811E-002       +-    1.5046917752830065E-004
  Kqqs     =    2.0462596792933632E-003       +-    3.6145743049364229E-006
  Kgg      =    1.7274410730892867E-003       +-    2.9152488282578548E-006
  Kgghhz   =   0.15734123666893204            +-    4.3245956120125777E-004
  K_nnlo   =    1.1961963458100717            +-    3.7975071446940084E-004
  K_nnlo2  =    1.3535375824790037            +-    5.7552747737567213E-004
  sig_LO   = (  0.33353559536320171            +-    1.9519694218437600E-004 ) fb
  sig_NLO  = (  0.39246689085941139            +-    2.1624105031429873E-004 ) fb
  sig_NNLO = (  0.39897406037104860            +-    2.3269013357260989E-004 ) fb
  sig_HHZ  = (  0.45145296341860325            +-    2.7377009598580416E-004 ) fb

  pp ---> HHZ + X
  ===============

  PDFSET = PDF4LHC21_40                                NSET =  27
  Sqrt(S)  = 14.0 TeV
  LOOP     = 3
  alphaS(MZ) =   0.11800
          kl =   1.17000
          kv =   1.00000
         k2v =   1.00000
         kth =   1.00000
         kbh =   1.00000
 --------------

  mH       = 125.0000      GeV
  fact_scale 1.0
  ren_scale  1.0
  Kqq      =   0.25735516058146662            +-    2.4175328972265352E-004
  Kgq      =   -8.0662307077534384E-002       +-    1.4210895001575538E-004
  K_nlo    =    1.1766928535039323            +-    2.8042754280973491E-004
  Kqq2     =    5.7639024722972589E-002       +-    2.1008913232100227E-004
  Kgq2     =   -4.1915079444731614E-002       +-    1.5120237667985340E-004
  Kqqs     =    2.0431028985236138E-003       +-    3.6311098405012817E-006
  Kgg      =    1.7333263961941943E-003       +-    2.9274661149482263E-006
  Kgghhz   =   0.15788099017402957            +-    4.3436147737613187E-004
  K_nnlo   =    1.1961932280768912            +-    3.8165555677320030E-004
  K_nnlo2  =    1.3540742182509207            +-    5.7821350472315796E-004
  sig_LO   = (  0.33251430262973575            +-    1.9633563835867883E-004 ) fb
  sig_NLO  = (  0.39126720359225381            +-    2.1735346993369511E-004 ) fb
  sig_NNLO = (  0.39775135704439984            +-    2.3377937952298345E-004 ) fb
  sig_HHZ  = (  0.45024904439060942            +-    2.7479670426727032E-004 ) fb

  pp ---> HHZ + X
  ===============

  PDFSET = PDF4LHC21_40                                NSET =  28
  Sqrt(S)  = 14.0 TeV
  LOOP     = 3
  alphaS(MZ) =   0.11800
          kl =   1.17000
          kv =   1.00000
         k2v =   1.00000
         kth =   1.00000
         kbh =   1.00000
 --------------

  mH       = 125.0000      GeV
  fact_scale 1.0
  ren_scale  1.0
  Kqq      =   0.25735912326328070            +-    2.4191639340614629E-004
  Kgq      =   -8.0548731105967331E-002       +-    1.4189492051962303E-004
  K_nlo    =    1.1768103921573132            +-    2.8045981863344965E-004
  Kqq2     =    5.7642410518831032E-002       +-    2.1026835594226145E-004
  Kgq2     =   -4.1855756433389929E-002       +-    1.5094353482334512E-004
  Kqqs     =    2.0467873448693622E-003       +-    3.6350842588769900E-006
  Kgg      =    1.7222467562878073E-003       +-    2.9045426665617555E-006
  Kgghhz   =   0.15682422944620411            +-    4.3131456277859757E-004
  K_nnlo   =    1.1963660803439116            +-    3.8167537553424437E-004
  K_nnlo2  =    1.3531903097901157            +-    5.7594126814641377E-004
  sig_LO   = (  0.33347060361604425            +-    1.9704035399693894E-004 ) fb
  sig_NLO  = (  0.39243167181433303            +-    2.1810971177442425E-004 ) fb
  sig_NNLO = (  0.39895291895804508            +-    2.3457294741094852E-004 ) fb
  sig_HHZ  = (  0.45124918941309178            +-    2.7515767454039576E-004 ) fb

  pp ---> HHZ + X
  ===============

  PDFSET = PDF4LHC21_40                                NSET =  29
  Sqrt(S)  = 14.0 TeV
  LOOP     = 3
  alphaS(MZ) =   0.11800
          kl =   1.17000
          kv =   1.00000
         k2v =   1.00000
         kth =   1.00000
         kbh =   1.00000
 --------------

  mH       = 125.0000      GeV
  fact_scale 1.0
  ren_scale  1.0
  Kqq      =   0.25741510109450916            +-    2.4191433772289419E-004
  Kgq      =   -8.0586250408955729E-002       +-    1.4191226950798183E-004
  K_nlo    =    1.1768288506855535            +-    2.8046682340842488E-004
  Kqq2     =    5.7663366122597336E-002       +-    2.1021792592162722E-004
  Kgq2     =   -4.1876320944276006E-002       +-    1.5100580020951785E-004
  Kqqs     =    2.0479151892981062E-003       +-    3.6360110738484770E-006
  Kgg      =    1.7242859327062498E-003       +-    2.9092415241704301E-006
  Kgghhz   =   0.15703989740814045            +-    4.3148618694136974E-004
  K_nnlo   =    1.1963880969858791            +-    3.8167741794779429E-004
  K_nnlo2  =    1.3534279943940195            +-    5.7607115957362238E-004
  sig_LO   = (  0.33370418917906863            +-    1.9713213817900219E-004 ) fb
  sig_NLO  = (  0.39271271742055786            +-    2.1822172422152866E-004 ) fb
  sig_NNLO = (  0.39923971984816176            +-    2.3469879118916411E-004 ) fb
  sig_HHZ  = (  0.45164459148150937            +-    2.7534756614316995E-004 ) fb

  pp ---> HHZ + X
  ===============

  PDFSET = PDF4LHC21_40                                NSET =  30
  Sqrt(S)  = 14.0 TeV
  LOOP     = 3
  alphaS(MZ) =   0.11800
          kl =   1.17000
          kv =   1.00000
         k2v =   1.00000
         kth =   1.00000
         kbh =   1.00000
 --------------

  mH       = 125.0000      GeV
  fact_scale 1.0
  ren_scale  1.0
  Kqq      =   0.25736595123421513            +-    2.4178874328325319E-004
  Kgq      =   -8.0660059722166069E-002       +-    1.4197882460173527E-004
  K_nlo    =    1.1767058915120490            +-    2.8039219499441354E-004
  Kqq2     =    5.7643395031186491E-002       +-    2.1017247764237390E-004
  Kgq2     =   -4.1912466142640790E-002       +-    1.5106293222859647E-004
  Kqqs     =    2.0418086412751441E-003       +-    3.6263171657245039E-006
  Kgg      =    1.7303902527574095E-003       +-    2.9138453442879418E-006
  Kgghhz   =   0.15749268725371363            +-    4.3262397805189900E-004
  K_nnlo   =    1.1962090192946273            +-    3.8162010368493135E-004
  K_nnlo2  =    1.3537017065483410            +-    5.7688595919986457E-004
  sig_LO   = (  0.33306878068898615            +-    1.9668650620447830E-004 ) fb
  sig_NLO  = (  0.39192399651546461            +-    2.1773206613562209E-004 ) fb
  sig_NNLO = (  0.39841987950562940            +-    2.3418251755862401E-004 ) fb
  sig_HHZ  = (  0.45087577681665564            +-    2.7496254299369505E-004 ) fb

  pp ---> HHZ + X
  ===============

  PDFSET = PDF4LHC21_40                                NSET =  31
  Sqrt(S)  = 14.0 TeV
  LOOP     = 3
  alphaS(MZ) =   0.11800
          kl =   1.17000
          kv =   1.00000
         k2v =   1.00000
         kth =   1.00000
         kbh =   1.00000
 --------------

  mH       = 125.0000      GeV
  fact_scale 1.0
  ren_scale  1.0
  Kqq      =   0.25733008135337093            +-    2.4262162099532617E-004
  Kgq      =   -8.0562400701055498E-002       +-    1.4211265785390548E-004
  K_nlo    =    1.1767676806523155            +-    2.8117833930923786E-004
  Kqq2     =    5.7629726721098597E-002       +-    2.1071375890153505E-004
  Kgq2     =   -4.1861886565059812E-002       +-    1.5117417235003901E-004
  Kqqs     =    2.0409115155190314E-003       +-    3.6340954586035956E-006
  Kgg      =    1.7286750472674918E-003       +-    2.9173118627277957E-006
  Kgghhz   =   0.15740615882997647            +-    4.3394485178022184E-004
  K_nnlo   =    1.1963051073711410            +-    3.8254005598256126E-004
  K_nnlo2  =    1.3537112662011175            +-    5.7848511546771861E-004
  sig_LO   = (  0.33202351009651626            +-    1.9705725945039814E-004 ) fb
  sig_NLO  = (  0.39071453589831806            +-    2.1805330977596308E-004 ) fb
  sig_NNLO = (  0.39720142089575583            +-    2.3444335319372902E-004 ) fb
  sig_HHZ  = (  0.44946396626129437            +-    2.7517758155051297E-004 ) fb

  pp ---> HHZ + X
  ===============

  PDFSET = PDF4LHC21_40                                NSET =  32
  Sqrt(S)  = 14.0 TeV
  LOOP     = 3
  alphaS(MZ) =   0.11800
          kl =   1.17000
          kv =   1.00000
         k2v =   1.00000
         kth =   1.00000
         kbh =   1.00000
 --------------

  mH       = 125.0000      GeV
  fact_scale 1.0
  ren_scale  1.0
  Kqq      =   0.25731070497476766            +-    2.4189324551549508E-004
  Kgq      =   -8.0627576057144060E-002       +-    1.4215068248220298E-004
  K_nlo    =    1.1766831289176236            +-    2.8056934749928704E-004
  Kqq2     =    5.7621778043910048E-002       +-    2.1023718912724975E-004
  Kgq2     =   -4.1893834092680347E-002       +-    1.5124795185449488E-004
  Kqqs     =    2.0448659252126126E-003       +-    3.6345815385112971E-006
  Kgg      =    1.7293029371785783E-003       +-    2.9202815190602780E-006
  Kgghhz   =   0.15751860068993337            +-    4.3327402374235838E-004
  K_nnlo   =    1.1961852417312444            +-    3.8185928771681448E-004
  K_nnlo2  =    1.3537038424211778            +-    5.7753172663108879E-004
  sig_LO   = (  0.33331864965129226            +-    1.9702005634135409E-004 ) fb
  sig_NLO  = (  0.39221043159827973            +-    2.1808875537600550E-004 ) fb
  sig_NNLO = (  0.39871084950666302            +-    2.3455769073944552E-004 ) fb
  sig_HHZ  = (  0.45121473678359270            +-    2.7545228130649077E-004 ) fb

  pp ---> HHZ + X
  ===============

  PDFSET = PDF4LHC21_40                                NSET =  33
  Sqrt(S)  = 14.0 TeV
  LOOP     = 3
  alphaS(MZ) =   0.11800
          kl =   1.17000
          kv =   1.00000
         k2v =   1.00000
         kth =   1.00000
         kbh =   1.00000
 --------------

  mH       = 125.0000      GeV
  fact_scale 1.0
  ren_scale  1.0
  Kqq      =   0.25730416007407536            +-    2.4176945045994769E-004
  Kgq      =   -8.0576516032808521E-002       +-    1.4196168080274083E-004
  K_nlo    =    1.1767276440412668            +-    2.8036687748741714E-004
  Kqq2     =    5.7619537246213999E-002       +-    2.1015980986927298E-004
  Kgq2     =   -4.1869905460288695E-002       +-    1.5103885903568147E-004
  Kqqs     =    2.0425326277176610E-003       +-    3.6282475684009380E-006
  Kgg      =    1.7292460985529651E-003       +-    2.9208067837770225E-006
  Kgghhz   =   0.15750511268594716            +-    4.3350727924928284E-004
  K_nnlo   =    1.1962490545534628            +-    3.8158506772123507E-004
  K_nnlo2  =    1.3537541672394100            +-    5.7752551897724417E-004
  sig_LO   = (  0.33277728830876013            +-    1.9650560899026867E-004 ) fb
  sig_NLO  = (  0.39158823446200874            +-    2.1752998376662515E-004 ) fb
  sig_NNLO = (  0.39808451651621946            +-    2.3396387981735507E-004 ) fb
  sig_HHZ  = (  0.45049864081061464            +-    2.7486440640804165E-004 ) fb

  pp ---> HHZ + X
  ===============

  PDFSET = PDF4LHC21_40                                NSET =  34
  Sqrt(S)  = 14.0 TeV
  LOOP     = 3
  alphaS(MZ) =   0.11800
          kl =   1.17000
          kv =   1.00000
         k2v =   1.00000
         kth =   1.00000
         kbh =   1.00000
 --------------

  mH       = 125.0000      GeV
  fact_scale 1.0
  ren_scale  1.0
  Kqq      =   0.25721666545790661            +-    2.4065706198612440E-004
  Kgq      =   -8.0640420128402363E-002       +-    1.4188199180401951E-004
  K_nlo    =    1.1765762453295043            +-    2.7936771660674962E-004
  Kqq2     =    5.7583252619263281E-002       +-    2.0906620266278802E-004
  Kgq2     =   -4.1902194185515794E-002       +-    1.5102447817584767E-004
  Kqqs     =    2.0439468485924195E-003       +-    3.6213735206140809E-006
  Kgg      =    1.7344385128930068E-003       +-    2.9308212065666900E-006
  Kgghhz   =   0.15806402780887055            +-    4.3358743056393534E-004
  K_nnlo   =    1.1960356891247372            +-    3.8024346837955665E-004
  K_nnlo2  =    1.3540997169336078            +-    5.7670022991875979E-004
  sig_LO   = (  0.33398509833285478            +-    1.9578463389768798E-004 ) fb
  sig_NLO  = (  0.39295893299247553            +-    2.1688103048642695E-004 ) fb
  sig_NNLO = (  0.39945809724192910            +-    2.3336563273617856E-004 ) fb
  sig_HHZ  = (  0.45224912711256182            +-    2.7464515063524095E-004 ) fb

  pp ---> HHZ + X
  ===============

  PDFSET = PDF4LHC21_40                                NSET =  35
  Sqrt(S)  = 14.0 TeV
  LOOP     = 3
  alphaS(MZ) =   0.11800
          kl =   1.17000
          kv =   1.00000
         k2v =   1.00000
         kth =   1.00000
         kbh =   1.00000
 --------------

  mH       = 125.0000      GeV
  fact_scale 1.0
  ren_scale  1.0
  Kqq      =   0.25728499359451246            +-    2.4198747184007532E-004
  Kgq      =   -8.0584015411938645E-002       +-    1.4201611276430247E-004
  K_nlo    =    1.1767009781825739            +-    2.8058245278747264E-004
  Kqq2     =    5.7612363227732576E-002       +-    2.1028852052030813E-004
  Kgq2     =   -4.1871999325890676E-002       +-    1.5110166783187420E-004
  Kqqs     =    2.0412489804505348E-003       +-    3.6280694207787084E-006
  Kgg      =    1.7316515130677743E-003       +-    2.9237383861108162E-006
  Kgghhz   =   0.15773957893259496            +-    4.3375693743092844E-004
  K_nnlo   =    1.1962142425779341            +-    3.8183923296369226E-004
  K_nnlo2  =    1.3539538215105291            +-    5.7788085329050240E-004
  sig_LO   = (  0.33298259921055490            +-    1.9683520268600984E-004 ) fb
  sig_NLO  = (  0.39182095020883589            +-    2.1788320027896297E-004 ) fb
  sig_NNLO = (  0.39831852770628567            +-    2.3432916299361784E-004 ) fb
  sig_HHZ  = (  0.45084306269763963            +-    2.7526568283810254E-004 ) fb

  pp ---> HHZ + X
  ===============

  PDFSET = PDF4LHC21_40                                NSET =  36
  Sqrt(S)  = 14.0 TeV
  LOOP     = 3
  alphaS(MZ) =   0.11800
          kl =   1.17000
          kv =   1.00000
         k2v =   1.00000
         kth =   1.00000
         kbh =   1.00000
 --------------

  mH       = 125.0000      GeV
  fact_scale 1.0
  ren_scale  1.0
  Kqq      =   0.25729488947490864            +-    2.4187767251029335E-004
  Kgq      =   -8.0765306339397949E-002       +-    1.4237502727781426E-004
  K_nlo    =    1.1765295831355107            +-    2.8066965787443976E-004
  Kqq2     =    5.7613555482891703E-002       +-    2.1019313059508345E-004
  Kgq2     =   -4.1962972619194017E-002       +-    1.5143218651271549E-004
  Kqqs     =    2.0405837714678101E-003       +-    3.6261908424808476E-006
  Kgg      =    1.7413489548948260E-003       +-    2.9441167968534508E-006
  Kgghhz   =   0.15862937206192418            +-    4.3781414597194408E-004
  K_nnlo   =    1.1959620987255708            +-    3.8198184930239598E-004
  K_nnlo2  =    1.3545914707874949            +-    5.8102612644322720E-004
  sig_LO   = (  0.33253812339138739            +-    1.9649701465280185E-004 ) fb
  sig_NLO  = (  0.39124093969033402            +-    2.1753664772450175E-004 ) fb
  sig_NNLO = (  0.39770299195742659            +-    2.3397874532635004E-004 ) fb
  sig_HHZ  = (  0.45045330565765301            +-    2.7557661483472413E-004 ) fb

  pp ---> HHZ + X
  ===============

  PDFSET = PDF4LHC21_40                                NSET =  37
  Sqrt(S)  = 14.0 TeV
  LOOP     = 3
  alphaS(MZ) =   0.11800
          kl =   1.17000
          kv =   1.00000
         k2v =   1.00000
         kth =   1.00000
         kbh =   1.00000
 --------------

  mH       = 125.0000      GeV
  fact_scale 1.0
  ren_scale  1.0
  Kqq      =   0.25714227784246146            +-    2.4169464063105998E-004
  Kgq      =   -8.0439490780091716E-002       +-    1.4172335592109163E-004
  K_nlo    =    1.1767027870623696            +-    2.8018174266592329E-004
  Kqq2     =    5.7554684756726898E-002       +-    2.1004192280659845E-004
  Kgq2     =   -4.1797102778817409E-002       +-    1.5080234180480683E-004
  Kqqs     =    2.0388327384756591E-003       +-    3.6217745089211242E-006
  Kgg      =    1.7267514363074644E-003       +-    2.9153382554805462E-006
  Kgghhz   =   0.15728106300712927            +-    4.3266919387139116E-004
  K_nnlo   =    1.1962259532150625            +-    3.8129041556424919E-004
  K_nnlo2  =    1.3535070162221918            +-    5.7670184005816842E-004
  sig_LO   = (  0.33368631898907475            +-    1.9693280973335698E-004 ) fb
  sig_NLO  = (  0.39264962155902722            +-    2.1799871074407637E-004 ) fb
  sig_NNLO = (  0.39916423500753134            +-    2.3445758568029653E-004 ) fb
  sig_HHZ  = (  0.45164677396906905            +-    2.7534474465077481E-004 ) fb

  pp ---> HHZ + X
  ===============

  PDFSET = PDF4LHC21_40                                NSET =  38
  Sqrt(S)  = 14.0 TeV
  LOOP     = 3
  alphaS(MZ) =   0.11800
          kl =   1.17000
          kv =   1.00000
         k2v =   1.00000
         kth =   1.00000
         kbh =   1.00000
 --------------

  mH       = 125.0000      GeV
  fact_scale 1.0
  ren_scale  1.0
  Kqq      =   0.25717506346725605            +-    2.4177691483829512E-004
  Kgq      =   -8.0461514122997915E-002       +-    1.4176384982677548E-004
  K_nlo    =    1.1767135493442582            +-    2.8027319826632148E-004
  Kqq2     =    5.7567242564197360E-002       +-    2.1016927752753460E-004
  Kgq2     =   -4.1806917727324387E-002       +-    1.5082394781617842E-004
  Kqqs     =    2.0404778402103199E-003       +-    3.6244972144396436E-006
  Kgg      =    1.7253713670644835E-003       +-    2.9121571157364852E-006
  Kgghhz   =   0.15714487163442206            +-    4.3228972746694680E-004
  K_nnlo   =    1.1962397233884059            +-    3.8143632726427641E-004
  K_nnlo2  =    1.3533845950228280            +-    5.7651372943782293E-004
  sig_LO   = (  0.33392026010858483            +-    1.9721946417838873E-004 ) fb
  sig_NLO  = (  0.39292849447033074            +-    2.1829887566530466E-004 ) fb
  sig_NNLO = (  0.39944867958607805            +-    2.3477320997189797E-004 ) fb
  sig_HHZ  = (  0.45192253599697441            +-    2.7560019724578885E-004 ) fb

  pp ---> HHZ + X
  ===============

  PDFSET = PDF4LHC21_40                                NSET =  39
  Sqrt(S)  = 14.0 TeV
  LOOP     = 3
  alphaS(MZ) =   0.11800
          kl =   1.17000
          kv =   1.00000
         k2v =   1.00000
         kth =   1.00000
         kbh =   1.00000
 --------------

  mH       = 125.0000      GeV
  fact_scale 1.0
  ren_scale  1.0
  Kqq      =   0.25717731817358752            +-    2.4188109223741516E-004
  Kgq      =   -8.0656601133636915E-002       +-    1.4226024443977721E-004
  K_nlo    =    1.1765207170399505            +-    2.8061439722514258E-004
  Kqq2     =    5.7563585861107151E-002       +-    2.1024162395817309E-004
  Kgq2     =   -4.1901610568657821E-002       +-    1.5138090888483244E-004
  Kqqs     =    2.0381724695851052E-003       +-    3.6250127266626993E-006
  Kgg      =    1.7371160057565273E-003       +-    2.9355419569521686E-006
  Kgghhz   =   0.15828303571060520            +-    4.3492227366916987E-004
  K_nnlo   =    1.1959579808077414            +-    3.8194753314198455E-004
  K_nnlo2  =    1.3542410165183467            +-    5.7882752371220887E-004
  sig_LO   = (  0.33270317042468223            +-    1.9661556872157962E-004 ) fb
  sig_NLO  = (  0.39143217262951202            +-    2.1765572386482469E-004 ) fb
  sig_NNLO = (  0.39789901190943688            +-    2.3410633681282783E-004 ) fb
  sig_HHZ  = (  0.45056027971479845            +-    2.7521604701098284E-004 ) fb

  pp ---> HHZ + X
  ===============

  PDFSET = PDF4LHC21_40                                NSET =  40
  Sqrt(S)  = 14.0 TeV
  LOOP     = 3
  alphaS(MZ) =   0.11800
          kl =   1.17000
          kv =   1.00000
         k2v =   1.00000
         kth =   1.00000
         kbh =   1.00000
 --------------

  mH       = 125.0000      GeV
  fact_scale 1.0
  ren_scale  1.0
  Kqq      =   0.25730092702112822            +-    2.4180268307995683E-004
  Kgq      =   -8.0588052277501376E-002       +-    1.4196571731685294E-004
  K_nlo    =    1.1767128747436268            +-    2.8039757922984041E-004
  Kqq2     =    5.7616780402027896E-002       +-    2.1012872612353868E-004
  Kgq2     =   -4.1875813002517900E-002       +-    1.5105673532476641E-004
  Kqqs     =    2.0427218308610206E-003       +-    3.6273024328046655E-006
  Kgg      =    1.7302547642592103E-003       +-    2.9212262271583054E-006
  Kgghhz   =   0.15759588703142902            +-    4.3362833922720121E-004
  K_nnlo   =    1.1962268187382572            +-    3.8159757880893531E-004
  K_nnlo2  =    1.3538227057696863            +-    5.7762466077357041E-004
  sig_LO   = (  0.33294668002771316            +-    1.9667582921693169E-004 ) fb
  sig_NLO  = (  0.39178264499175686            +-    2.1770850690525442E-004 ) fb
  sig_NNLO = (  0.39827974785901571            +-    2.3414419231794679E-004 ) fb
  sig_HHZ  = (  0.45075077523215257            +-    2.7507758340279123E-004 ) fb

  pp ---> HHZ + X
  ===============

  PDFSET = PDF4LHC21_40                                NSET =  41
  Sqrt(S)  = 14.0 TeV
  LOOP     = 3
  alphaS(MZ) =   0.11700
          kl =   1.17000
          kv =   1.00000
         k2v =   1.00000
         kth =   1.00000
         kbh =   1.00000
 --------------

  mH       = 125.0000      GeV
  fact_scale 1.0
  ren_scale  1.0
  Kqq      =   0.25531951598456731            +-    2.4015992355710052E-004
  Kgq      =   -7.9080035939651391E-002       +-    1.3935812708530028E-004
  K_nlo    =    1.1762394800449161            +-    2.7766432336127569E-004
  Kqq2     =    5.6746625098240251E-002       +-    2.0739719013013433E-004
  Kgq2     =   -4.0818615670528927E-002       +-    1.4728364042468435E-004
  Kqqs     =    2.0095052031657095E-003       +-    3.5715789124523046E-006
  Kgg      =    1.6688756443797418E-003       +-    2.8159263587560812E-006
  Kgghhz   =   0.15172468839781797            +-    4.1787034937289502E-004
  K_nnlo   =    1.1958458703201726            +-    3.7659557524682052E-004
  K_nnlo2  =    1.3475705587179907            +-    5.6252987136729818E-004
  sig_LO   = (  0.33410897129966788            +-    1.9734074649290650E-004 ) fb
  sig_NLO  = (  0.39299216267986309            +-    2.1805886675408507E-004 ) fb
  sig_NNLO = (  0.39954283356562886            +-    2.3404067850971546E-004 ) fb
  sig_HHZ  = (  0.45023541312698645            +-    2.7252004170734385E-004 ) fb

  pp ---> HHZ + X
  ===============

  PDFSET = PDF4LHC21_40                                NSET =  42
  Sqrt(S)  = 14.0 TeV
  LOOP     = 3
  alphaS(MZ) =   0.11900
          kl =   1.17000
          kv =   1.00000
         k2v =   1.00000
         kth =   1.00000
         kbh =   1.00000
 --------------

  mH       = 125.0000      GeV
  fact_scale 1.0
  ren_scale  1.0
  Kqq      =   0.25906337954313696            +-    2.4334820312850639E-004
  Kgq      =   -7.9724614388139381E-002       +-    1.4056067327520257E-004
  K_nlo    =    1.1793387651549976            +-    2.8102606789664737E-004
  Kqq2     =    5.8406927860058452E-002       +-    2.1291462348151081E-004
  Kgq2     =   -4.1702097841538048E-002       +-    1.5056664244373117E-004
  Kqqs     =    2.0714698770100391E-003       +-    3.6786236490494146E-006
  Kgg      =    1.6998909729261768E-003       +-    2.8792249236173640E-006
  Kgghhz   =   0.15467693590040280            +-    4.2404555322028426E-004
  K_nnlo   =    1.1998149560234543            +-    3.8340634287217405E-004
  K_nnlo2  =    1.3544918919238571            +-    5.7167740462651842E-004
  sig_LO   = (  0.33466888900065089            +-    1.9764407875675315E-004 ) fb
  sig_NLO  = (  0.39468799428982254            +-    2.1888058990651309E-004 ) fb
  sig_NNLO = (  0.40154073833873416            +-    2.3564318221296136E-004 ) fb
  sig_HHZ  = (  0.45330629663054683            +-    2.7507732578480645E-004 ) fb

