  pp ---> HHZ + X
  ===============

  PDFSET = PDF4LHC21_40                                NSET =   0
  Sqrt(S)  = 13.6 TeV
  LOOP     = 3
  alphaS(MZ) =   0.11800
          kl =   1.00000
          kv =   1.00000
         k2v =   1.00000
         kth =   1.00000
         kbh =   1.00000
  cHsq =         0.00000
  cHdup =        0.00000
  cHw =          0.00000
  cH =           0.00000
  cHb =         -0.10000
  cHwb =         0.00000
  cHq1st =       0.00000
  cHq3st =       0.00000
  cHq1rd =       0.00000
  cHq3rd =       0.00000
  cHdst =        0.00000
  cHust =        0.00000
  cHdrd =        0.00000
  cHurd =        0.00000
  cth =          0.00000
  cbh =          0.00000
 --------------

  mH       = 125.0000      GeV
  fact_scale 0.5
  ren_scale  0.5
  Kqq      =   0.20688687715030696            +-    2.0733514669121566E-004
  Kgq      =   -2.7123651453955986E-002       +-    1.5421582309057410E-004
  K_nlo    =    1.1797632256963511            +-    2.5839965778803029E-004
  Kqq2     =    2.6760683744099664E-002       +-    2.0674401677616100E-004
  Kgq2     =   -2.1567437807208715E-002       +-    1.5496528332174412E-004
  Kqqs     =    1.6361808211243735E-003       +-    4.4796703484165243E-006
  Kgg      =    5.5177598819602675E-004       +-    2.9941389565258284E-006
  Kgghhz   =   0.22251043970697215            +-    6.1125397200434395E-004
  K_nnlo   =    1.1871444284425623            +-    3.6545415987127933E-004
  K_nnlo2  =    1.4096548681495344            +-    7.1217144091736083E-004
  sig_LO   = (  0.27426899023390056            +-    1.6513798072406176E-004 ) fb
  sig_NLO  = (  0.32357246862682748            +-    1.7970323645446749E-004 ) fb
  sig_NNLO = (  0.32559690365074256            +-    1.9317648803114697E-004 ) fb
  sig_HHZ  = (  0.38662461726567504            +-    2.5577922252808887E-004 ) fb

  mH       = 125.0000      GeV
  fact_scale 1.0
  ren_scale  0.5
  Kqq      =   0.28076170811170570            +-    2.7171021866237991E-004
  Kgq      =   -8.7233734917265771E-002       +-    1.5482307665266415E-004
  K_nlo    =    1.1935279731944399            +-    3.1272452412587509E-004
  Kqq2     =    4.8181783403780556E-002       +-    3.0566668257059885E-004
  Kgq2     =   -4.4895334092869409E-002       +-    2.0482178513560046E-004
  Kqqs     =    2.5803814777803245E-003       +-    4.5746518429263745E-006
  Kgg      =    2.1426153661176484E-003       +-    3.5812462892287127E-006
  Kgghhz   =   0.20981820870721052            +-    5.7709131421573260E-004
  K_nnlo   =    1.2015374193492490            +-    4.8292283571402218E-004
  K_nnlo2  =    1.4113556280564594            +-    7.5249508317152072E-004
  sig_LO   = (  0.27135688457533907            +-    1.6304306262541782E-004 ) fb
  sig_NLO  = (  0.32387203245956198            +-    1.8380492872896112E-004 ) fb
  sig_NNLO = (  0.32604545081530489            +-    2.0917859480964573E-004 ) fb
  sig_HHZ  = (  0.38298106625727180            +-    2.6130159687458017E-004 ) fb

  mH       = 125.0000      GeV
  fact_scale 0.5
  ren_scale  1.0
  Kqq      =   0.19011033414779233            +-    1.9069785470352349E-004
  Kgq      =   -2.4927894660192809E-002       +-    1.4165948290087332E-004
  K_nlo    =    1.1651824394875996            +-    2.3755647935652899E-004
  Kqq2     =    3.8290140490124178E-002       +-    1.5157028788278449E-004
  Kgq2     =   -2.0272531731022562E-002       +-    1.3155425074461892E-004
  Kqqs     =    1.3791094158170940E-003       +-    3.7760669356974564E-006
  Kgg      =    4.6513820804773239E-004       +-    2.5218025680802324E-006
  Kgghhz   =   0.18777886657495010            +-    5.1603858885181802E-004
  K_nnlo   =    1.1850442958705660            +-    3.1102053326398317E-004
  K_nnlo2  =    1.3728231624455161            +-    6.0251937503783904E-004
  sig_LO   = (  0.27426899023390056            +-    1.6513798072406176E-004 ) fb
  sig_NLO  = (  0.31957341111653681            +-    1.7752646380932933E-004 ) fb
  sig_NNLO = (  0.32502090241086379            +-    1.8586878046902830E-004 ) fb
  sig_HHZ  = (  0.37652282253364167            +-    2.3362127892728038E-004 ) fb

  mH       = 125.0000      GeV
  fact_scale 1.0
  ren_scale  1.0
  Kqq      =   0.25798837141665121            +-    2.4978805332413469E-004
  Kgq      =   -8.0117789370792711E-002       +-    1.4219013464839927E-004
  K_nlo    =    1.1778705820458586            +-    2.8742321752911796E-004
  Kqq2     =    6.1999005746142338E-002       +-    2.2582766729077204E-004
  Kgq2     =   -4.4459679512057065E-002       +-    1.5785629773134826E-004
  Kqqs     =    2.1776087558866989E-003       +-    3.8603619889483661E-006
  Kgg      =    1.8052625574525348E-003       +-    3.0156823442941772E-006
  Kgghhz   =   0.17705939294987846            +-    4.8728986272284500E-004
  K_nnlo   =    1.1993927795932831            +-    3.9818695201741323E-004
  K_nnlo2  =    1.3764521725431615            +-    6.2928869294574721E-004
  sig_LO   = (  0.27135688457533907            +-    1.6304306262541782E-004 ) fb
  sig_NLO  = (  0.31962329157690550            +-    1.8073778311631465E-004 ) fb
  sig_NNLO = (  0.32546348805258962            +-    1.9559654735192743E-004 ) fb
  sig_HHZ  = (  0.37350977330826940            +-    2.3609879112845429E-004 ) fb

  mH       = 125.0000      GeV
  fact_scale 1.5
  ren_scale  1.0
  Kqq      =   0.29877709703728839            +-    2.9613143508045261E-004
  Kgq      =  -0.11106199414263715            +-    1.3764821621701820E-004
  K_nlo    =    1.1877151028946511            +-    3.2655911910484955E-004
  Kqq2     =    7.5774273185052435E-002       +-    2.8690211628717532E-004
  Kgq2     =   -6.1156742481717534E-002       +-    1.8047150024778992E-004
  Kqqs     =    3.7767777407330906E-003       +-    4.6828917505525429E-006
  Kgg      =    3.0079428967339575E-003       +-    3.5145058413931778E-006
  Kgghhz   =   0.17135189231974624            +-    4.7176458513249346E-004
  K_nnlo   =    1.2091173542354532            +-    4.7069940113488544E-004
  K_nnlo2  =    1.3804692465551995            +-    6.6642310135076608E-004
  sig_LO   = (  0.26935698811733999            +-    1.6173262285912717E-004 ) fb
  sig_NLO  = (  0.31991936285717981            +-    1.8410479470648284E-004 ) fb
  sig_NNLO = (  0.32568420881726851            +-    2.0550468354870827E-004 ) fb
  sig_HHZ  = (  0.37183903844072214            +-    2.4161900709838567E-004 ) fb

  mH       = 125.0000      GeV
  fact_scale 2.0
  ren_scale  1.0
  Kqq      =   0.32812198134410725            +-    3.3980814515085448E-004
  Kgq      =  -0.13235921541600851            +-    1.5438693414767524E-004
  K_nlo    =    1.1957627659280987            +-    3.7323571767233478E-004
  Kqq2     =    8.5529009785047974E-002       +-    3.3857697154011322E-004
  Kgq2     =   -7.4103569848710013E-002       +-    2.0490018525273608E-004
  Kqqs     =    5.3899766880987762E-003       +-    5.8022708079188596E-006
  Kgg      =    4.0214813994161533E-003       +-    4.0452210821535652E-006
  Kgghhz   =   0.16754258762102628            +-    4.6147332120472125E-004
  K_nnlo   =    1.2165996639519516            +-    5.4403435799625275E-004
  K_nnlo2  =    1.3841422515729780            +-    7.1339400674810187E-004
  sig_LO   = (  0.26783874119452361            +-    1.6076363150819591E-004 ) fb
  sig_NLO  = (  0.32027159399346372            +-    1.8931017739082500E-004 ) fb
  sig_NNLO = (  0.32585252253057118            +-    2.1697318445736447E-004 ) fb
  sig_HHZ  = (  0.37072691829546001            +-    2.4970869012048784E-004 ) fb

  mH       = 125.0000      GeV
  fact_scale 1.0
  ren_scale  1.5
  Kqq      =   0.24633239891306263            +-    2.3856139453001018E-004
  Kgq      =   -7.6478309386909721E-002       +-    1.3573014431137291E-004
  K_nlo    =    1.1698540895261529            +-    2.7447078357247662E-004
  Kqq2     =    6.7909651672165020E-002       +-    2.0190295766985155E-004
  Kgq2     =   -4.4056379001248758E-002       +-    1.3989894578282102E-004
  Kqqs     =    1.9847629470939408E-003       +-    3.5183714180631174E-006
  Kgg      =    1.6440298532069259E-003       +-    2.7455615397402750E-006
  Kgghhz   =   0.16137304891830087            +-    4.4424705883918108E-004
  K_nnlo   =    1.1973361549973702            +-    3.6836211453876710E-004
  K_nnlo2  =    1.3587092039156712            +-    5.7710146136943257E-004
  sig_LO   = (  0.27135688457533907            +-    1.6304306262541782E-004 ) fb
  sig_NLO  = (  0.31744796114153667            +-    1.7924910505456024E-004 ) fb
  sig_NNLO = (  0.32490540880950169            +-    1.9124476784413525E-004 ) fb
  sig_HHZ  = (  0.36869509661839561            +-    2.2606800451207225E-004 ) fb

  mH       = 125.0000      GeV
  fact_scale 1.5
  ren_scale  1.5
  Kqq      =   0.28527879576878074            +-    2.8289522141339697E-004
  Kgq      =  -0.10601240546340117            +-    1.3142757094202298E-004
  K_nlo    =    1.1792663903053797            +-    3.1193414802207115E-004
  Kqq2     =    8.2260357627287992E-002       +-    2.4953273572245486E-004
  Kgq2     =   -6.0676128110097871E-002       +-    1.6464156976046297E-004
  Kqqs     =    3.4422554854625538E-003       +-    4.2676797813406259E-006
  Kgg      =    2.7390408457585143E-003       +-    3.2016233017113845E-006
  Kgghhz   =   0.15617140600290866            +-    4.3011507831673549E-004
  K_nnlo   =    1.2070319161537910            +-    4.3209351866819220E-004
  K_nnlo2  =    1.3632033221566997            +-    6.0967515077332032E-004
  sig_LO   = (  0.26935698811733999            +-    1.6173262285912717E-004 ) fb
  sig_NLO  = (  0.31764364308066456            +-    1.8225552864717178E-004 ) fb
  sig_NNLO = (  0.32512248149668671            +-    1.9925729652361449E-004 ) fb
  sig_HHZ  = (  0.36718834104768044            +-    2.3049020773269769E-004 ) fb

  mH       = 125.0000      GeV
  fact_scale 2.0
  ren_scale  1.5
  Kqq      =   0.31329573846642300            +-    3.2451868711871407E-004
  Kgq      =  -0.12633767842465984            +-    1.4739994165903104E-004
  K_nlo    =    1.1869580600417631            +-    3.5642547761115451E-004
  Kqq2     =    9.2451766378208539E-002       +-    2.9138945071516509E-004
  Kgq2     =   -7.3450074476835811E-002       +-    1.9121722267831845E-004
  Kqqs     =    4.9122787964922688E-003       +-    5.2876194910120783E-006
  Kgg      =    3.6618013615098582E-003       +-    3.6842130156279929E-006
  Kgghhz   =   0.15269241896562163            +-    4.2064599297204268E-004
  K_nnlo   =    1.2145338321011381            +-    4.9855039030439151E-004
  K_nnlo2  =    1.3672262510667597            +-    6.5230019398747460E-004
  sig_LO   = (  0.26783874119452361            +-    1.6076363150819591E-004 ) fb
  sig_NLO  = (  0.31791335265227960            +-    1.8697172449770339E-004 ) fb
  sig_NNLO = (  0.32529921272812967            +-    2.0898684713661277E-004 ) fb
  sig_HHZ  = (  0.36619615801382854            +-    2.3742150403521466E-004 ) fb

  mH       = 125.0000      GeV
  fact_scale 1.0
  ren_scale  2.0
  Kqq      =   0.23869261725091792            +-    2.3120102734791121E-004
  Kgq      =   -7.4093843762112477E-002       +-    1.3149818810627353E-004
  K_nlo    =    1.1645987734888053            +-    2.6598061681626817E-004
  Kqq2     =    7.1357541943962446E-002       +-    1.9703071377943197E-004
  Kgq2     =   -4.3732621929723096E-002       +-    1.3102836251222268E-004
  Kqqs     =    1.8632459408965080E-003       +-    3.3028735938759032E-006
  Kgg      =    1.5425354868836157E-003       +-    2.5755850291429361E-006
  Kgghhz   =   0.15148582145193859            +-    4.1706089287962117E-004
  K_nnlo   =    1.1956294749308247            +-    3.5602354569501274E-004
  K_nnlo2  =    1.3471152963827633            +-    5.4835440497801751E-004
  sig_LO   = (  0.27135688457533907            +-    1.6304306262541782E-004 ) fb
  sig_NLO  = (  0.31602189495418326            +-    1.7830414418080142E-004 ) fb
  sig_NNLO = (  0.32444228942367720            +-    1.8951629007850042E-004 ) fb
  sig_HHZ  = (  0.36554900999021134            +-    2.2073605002489825E-004 ) fb

  mH       = 125.0000      GeV
  fact_scale 1.5
  ren_scale  2.0
  Kqq      =   0.27643147788283434            +-    2.7421054328915172E-004
  Kgq      =  -0.10270430954167827            +-    1.2735078827320784E-004
  K_nlo    =    1.1737271683411561            +-    3.0234028068509025E-004
  Kqq2     =    8.6054956999614574E-002       +-    2.3988058888881828E-004
  Kgq2     =   -6.0265714048288829E-002       +-    1.5794741382156477E-004
  Kqqs     =    3.2314686127832303E-003       +-    4.0060706044422894E-006
  Kgg      =    2.5697890811412997E-003       +-    3.0046037778735447E-006
  Kgghhz   =   0.14660550604680586            +-    4.0384902744189870E-004
  K_nnlo   =    1.2053176689864065            +-    4.1704292828059780E-004
  K_nnlo2  =    1.3519231750332124            +-    5.8053323849252883E-004
  sig_LO   = (  0.26935698811733999            +-    1.6173262285912717E-004 ) fb
  sig_NLO  = (  0.31615161493586791            +-    1.8107871877196763E-004 ) fb
  sig_NNLO = (  0.32466073704279141            +-    1.9691683558249460E-004 ) fb
  sig_HHZ  = (  0.36414995459297750            +-    2.2496495795157974E-004 ) fb

  mH       = 125.0000      GeV
  fact_scale 2.0
  ren_scale  2.0
  Kqq      =   0.30357811726596379            +-    3.1449523625975083E-004
  Kgq      =  -0.12239304035774673            +-    1.4282174517900689E-004
  K_nlo    =    1.1811850769082171            +-    3.4540599955133039E-004
  Kqq2     =    9.6485689939515160E-002       +-    2.7496918569633734E-004
  Kgq2     =   -7.2904317483889911E-002       +-    1.8507066644886107E-004
  Kqqs     =    4.6112958749582036E-003       +-    4.9634083552544264E-006
  Kgg      =    3.4354260802889041E-003       +-    3.4569593185968009E-006
  Kgghhz   =   0.14333473893430429            +-    3.9492607485765819E-004
  K_nnlo   =    1.2128131713190895            +-    4.7874951193564421E-004
  K_nnlo2  =    1.3561479102533938            +-    6.2061880392161350E-004
  sig_LO   = (  0.26783874119452361            +-    1.6076363150819591E-004 ) fb
  sig_NLO  = (  0.31636712411685342            +-    1.8548212957017119E-004 ) fb
  sig_NNLO = (  0.32483835311024301            +-    2.0563871158812665E-004 ) fb
  sig_HHZ  = (  0.36322894915585274            +-    2.3124867186354706E-004 ) fb

  pp ---> HHZ + X
  ===============

  PDFSET = PDF4LHC21_40                                NSET =   1
  Sqrt(S)  = 13.6 TeV
  LOOP     = 3
  alphaS(MZ) =   0.11800
          kl =   1.00000
          kv =   1.00000
         k2v =   1.00000
         kth =   1.00000
         kbh =   1.00000
 --------------

  mH       = 125.0000      GeV
  fact_scale 1.0
  ren_scale  1.0
  Kqq      =   0.25817999004258613            +-    2.4902370361196461E-004
  Kgq      =   -8.0195471216621572E-002       +-    1.4196139422957844E-004
  K_nlo    =    1.1779845188259646            +-    2.8664584841268047E-004
  Kqq2     =    6.2080029370313518E-002       +-    2.2540964580909702E-004
  Kgq2     =   -4.4510026427403183E-002       +-    1.5762984952146932E-004
  Kqqs     =    2.1798957822055502E-003       +-    3.8528289832191168E-006
  Kgg      =    1.8058619781461849E-003       +-    3.0170849840392304E-006
  Kgghhz   =   0.17708161374265230            +-    4.8698161106281850E-004
  K_nnlo   =    1.1995402795292265            +-    3.9729896474713329E-004
  K_nnlo2  =    1.3766218932718788            +-    6.2848831087179507E-004
  sig_LO   = (  0.27130207549316016            +-    1.6222336692194803E-004 ) fb
  sig_NLO  = (  0.31958964485629576            +-    1.7990059060893327E-004 ) fb
  sig_NNLO = (  0.32543776747392461            +-    1.9476827511241384E-004 ) fb
  sig_HHZ  = (  0.37348037681398427            +-    2.3535110651465687E-004 ) fb

  pp ---> HHZ + X
  ===============

  PDFSET = PDF4LHC21_40                                NSET =   2
  Sqrt(S)  = 13.6 TeV
  LOOP     = 3
  alphaS(MZ) =   0.11800
          kl =   1.00000
          kv =   1.00000
         k2v =   1.00000
         kth =   1.00000
         kbh =   1.00000
 --------------

  mH       = 125.0000      GeV
  fact_scale 1.0
  ren_scale  1.0
  Kqq      =   0.25809294909795583            +-    2.4968716370676072E-004
  Kgq      =   -8.0621078557443882E-002       +-    1.4270540516021055E-004
  K_nlo    =    1.1774718705405118            +-    2.8759087673614853E-004
  Kqq2     =    6.2054668439447402E-002       +-    2.2582448473797584E-004
  Kgq2     =   -4.4748646619396329E-002       +-    1.5839833554740404E-004
  Kqqs     =    2.2016132622960818E-003       +-    3.8910977425536719E-006
  Kgg      =    1.8006984831336686E-003       +-    2.9965175072344597E-006
  Kgghhz   =   0.17644328859832151            +-    4.8545940220866870E-004
  K_nnlo   =    1.1987802041059927            +-    3.9852147087960033E-004
  K_nnlo2  =    1.3752234927043143            +-    6.2808454362835435E-004
  sig_LO   = (  0.27087390948641193            +-    1.6248064268504296E-004 ) fb
  sig_NLO  = (  0.31894640888358677            +-    1.8019018850336130E-004 ) fb
  sig_NNLO = (  0.32471828050110912            +-    1.9507168095066486E-004 ) fb
  sig_HHZ  = (  0.37251216388637570            +-    2.3525467046459761E-004 ) fb

  pp ---> HHZ + X
  ===============

  PDFSET = PDF4LHC21_40                                NSET =   3
  Sqrt(S)  = 13.6 TeV
  LOOP     = 3
  alphaS(MZ) =   0.11800
          kl =   1.00000
          kv =   1.00000
         k2v =   1.00000
         kth =   1.00000
         kbh =   1.00000
 --------------

  mH       = 125.0000      GeV
  fact_scale 1.0
  ren_scale  1.0
  Kqq      =   0.25800462145732528            +-    2.4927976419406608E-004
  Kgq      =   -8.0104598404567115E-002       +-    1.4198353577194364E-004
  K_nlo    =    1.1779000230527581            +-    2.8687928692561963E-004
  Kqq2     =    6.2007004173088902E-002       +-    2.2516682210213746E-004
  Kgq2     =   -4.4454122648173520E-002       +-    1.5758977778586490E-004
  Kqqs     =    2.1781231768231886E-003       +-    3.8564417323337846E-006
  Kgg      =    1.8020155157518719E-003       +-    3.0082691585162003E-006
  Kgghhz   =   0.17668400217985955            +-    4.8713250360512888E-004
  K_nnlo   =    1.1994330432702485            +-    3.9731383430644700E-004
  K_nnlo2  =    1.3761170454501079            +-    6.2861463473251372E-004
  sig_LO   = (  0.27108353272159308            +-    1.6236546399270912E-004 ) fb
  sig_NLO  = (  0.31930929944198760            +-    1.8002901069944966E-004 ) fb
  sig_NNLO = (  0.32514654663271042            +-    1.9484086364969351E-004 ) fb
  sig_HHZ  = (  0.37304267011901637            +-    2.3537441538035866E-004 ) fb

  pp ---> HHZ + X
  ===============

  PDFSET = PDF4LHC21_40                                NSET =   4
  Sqrt(S)  = 13.6 TeV
  LOOP     = 3
  alphaS(MZ) =   0.11800
          kl =   1.00000
          kv =   1.00000
         k2v =   1.00000
         kth =   1.00000
         kbh =   1.00000
 --------------

  mH       = 125.0000      GeV
  fact_scale 1.0
  ren_scale  1.0
  Kqq      =   0.25848948922613307            +-    2.4979939940217766E-004
  Kgq      =   -8.0911977762865087E-002       +-    1.4377802447872472E-004
  K_nlo    =    1.1775775114632681            +-    2.8822189414528078E-004
  Kqq2     =    6.2205878773630888E-002       +-    2.2582575493997043E-004
  Kgq2     =   -4.4898211267705095E-002       +-    1.5963522610161878E-004
  Kqqs     =    2.1936846851336941E-003       +-    3.8907645389734009E-006
  Kgg      =    1.8333160718325716E-003       +-    3.0704746016291728E-006
  Kgghhz   =   0.17991575127544090            +-    4.9521995040978134E-004
  K_nnlo   =    1.1989121797261602            +-    3.9947102915529801E-004
  K_nnlo2  =    1.3788279310016009            +-    6.3625458931017482E-004
  sig_LO   = (  0.26794197265789271            +-    1.6087868098687980E-004 ) fb
  sig_NLO  = (  0.31552244137904029            +-    1.7845425131390440E-004 ) fb
  sig_NNLO = (  0.32123889447940135            +-    1.9323160486132398E-004 ) fb
  sig_HHZ  = (  0.36944587578836974            +-    2.3440380768356575E-004 ) fb

  pp ---> HHZ + X
  ===============

  PDFSET = PDF4LHC21_40                                NSET =   5
  Sqrt(S)  = 13.6 TeV
  LOOP     = 3
  alphaS(MZ) =   0.11800
          kl =   1.00000
          kv =   1.00000
         k2v =   1.00000
         kth =   1.00000
         kbh =   1.00000
 --------------

  mH       = 125.0000      GeV
  fact_scale 1.0
  ren_scale  1.0
  Kqq      =   0.25808027277829332            +-    2.5008377892913263E-004
  Kgq      =   -7.9998414364114867E-002       +-    1.4185390407210209E-004
  K_nlo    =    1.1780818584141786            +-    2.8751421979438240E-004
  Kqq2     =    6.2036227034365551E-002       +-    2.2622463615846040E-004
  Kgq2     =   -4.4393515317827689E-002       +-    1.5740843303224027E-004
  Kqqs     =    2.1757147130322340E-003       +-    3.8562957895971867E-006
  Kgg      =    1.7962964050246162E-003       +-    3.0016982249658894E-006
  Kgghhz   =   0.17605765184727362            +-    4.8703609426432843E-004
  K_nnlo   =    1.1996965812487732            +-    3.9830052546803918E-004
  K_nnlo2  =    1.3757542330960468            +-    6.2916410077528101E-004
  sig_LO   = (  0.27097223884454219            +-    1.6296854705521438E-004 ) fb
  sig_NLO  = (  0.31922747871662893            +-    1.8063350113318018E-004 ) fb
  sig_NNLO = (  0.32508446855512335            +-    1.9546683515033885E-004 ) fb
  sig_HHZ  = (  0.37279120464189203            +-    2.3584788577799598E-004 ) fb

  pp ---> HHZ + X
  ===============

  PDFSET = PDF4LHC21_40                                NSET =   6
  Sqrt(S)  = 13.6 TeV
  LOOP     = 3
  alphaS(MZ) =   0.11800
          kl =   1.00000
          kv =   1.00000
         k2v =   1.00000
         kth =   1.00000
         kbh =   1.00000
 --------------

  mH       = 125.0000      GeV
  fact_scale 1.0
  ren_scale  1.0
  Kqq      =   0.25807624463972745            +-    2.4928264366725239E-004
  Kgq      =   -8.0220126880588064E-002       +-    1.4220947673249839E-004
  K_nlo    =    1.1778561177591396            +-    2.8699367886116469E-004
  Kqq2     =    6.2038174887426779E-002       +-    2.2552642844054989E-004
  Kgq2     =   -4.4519701531979122E-002       +-    1.5790578921725425E-004
  Kqqs     =    2.1780159836978182E-003       +-    3.8511156968102332E-006
  Kgg      =    1.8116914087862052E-003       +-    3.0305583511483380E-006
  Kgghhz   =   0.17771065540294792            +-    4.8882986547481592E-004
  K_nnlo   =    1.1993642985070712            +-    3.9772577899322754E-004
  K_nnlo2  =    1.3770749539100191            +-    6.3019079067842322E-004
  sig_LO   = (  0.27131146984476534            +-    1.6249068087067717E-004 ) fb
  sig_NLO  = (  0.31956587457488111            +-    1.8018359878317581E-004 ) fb
  sig_NNLO = (  0.32540129070728935            +-    1.9505707909168408E-004 ) fb
  sig_HHZ  = (  0.37361622983173975            +-    2.3587431893323181E-004 ) fb

  pp ---> HHZ + X
  ===============

  PDFSET = PDF4LHC21_40                                NSET =   7
  Sqrt(S)  = 13.6 TeV
  LOOP     = 3
  alphaS(MZ) =   0.11800
          kl =   1.00000
          kv =   1.00000
         k2v =   1.00000
         kth =   1.00000
         kbh =   1.00000
 --------------

  mH       = 125.0000      GeV
  fact_scale 1.0
  ren_scale  1.0
  Kqq      =   0.25811513713867423            +-    2.5057748600732806E-004
  Kgq      =   -7.9982545621263113E-002       +-    1.4193444481881237E-004
  K_nlo    =    1.1781325915174112            +-    2.8798344244032012E-004
  Kqq2     =    6.2049397877286541E-002       +-    2.2630412479532800E-004
  Kgq2     =   -4.4386091437946300E-002       +-    1.5753876468464097E-004
  Kqqs     =    2.1753630760399283E-003       +-    3.8600917159822713E-006
  Kgg      =    1.7963082828093926E-003       +-    2.9976634135185771E-006
  Kgghhz   =   0.17607241170886240            +-    4.8582094471511167E-004
  K_nnlo   =    1.1997675693156007            +-    3.9873596362946225E-004
  K_nnlo2  =    1.3758399810244630            +-    6.2850008672664436E-004
  sig_LO   = (  0.27114876633776663            +-    1.6343218893143365E-004 ) fb
  sig_NLO  = (  0.31944919877226197            +-    1.8112857101655827E-004 ) fb
  sig_NNLO = (  0.32531549631198597            +-    1.9595743204468456E-004 ) fb
  sig_HHZ  = (  0.37305731353295934            +-    2.3611870353983417E-004 ) fb

  pp ---> HHZ + X
  ===============

  PDFSET = PDF4LHC21_40                                NSET =   8
  Sqrt(S)  = 13.6 TeV
  LOOP     = 3
  alphaS(MZ) =   0.11800
          kl =   1.00000
          kv =   1.00000
         k2v =   1.00000
         kth =   1.00000
         kbh =   1.00000
 --------------

  mH       = 125.0000      GeV
  fact_scale 1.0
  ren_scale  1.0
  Kqq      =   0.25781716686518419            +-    2.4988953367933422E-004
  Kgq      =   -7.9906796754689924E-002       +-    1.4227368299922656E-004
  K_nlo    =    1.1779103701104940            +-    2.8755274284318611E-004
  Kqq2     =    6.1926007222719945E-002       +-    2.2588289558530422E-004
  Kgq2     =   -4.4332443348431401E-002       +-    1.5792911985112429E-004
  Kqqs     =    2.1819323622629385E-003       +-    3.8686285277111523E-006
  Kgg      =    1.8049111261697012E-003       +-    3.0308004173626796E-006
  Kgghhz   =   0.17730970147720909            +-    4.8701825231729518E-004
  K_nnlo   =    1.1994907774732153            +-    3.9834083567900371E-004
  K_nnlo2  =    1.3768004789504245            +-    6.2917580965866741E-004
  sig_LO   = (  0.27165376345506032            +-    1.6334568118741904E-004 ) fb
  sig_NLO  = (  0.31998378505325875            +-    1.8106278238394662E-004 ) fb
  sig_NNLO = (  0.32584618393023529            +-    1.9593719916905048E-004 ) fb
  sig_HHZ  = (  0.37401303163361244            +-    2.3642073994662043E-004 ) fb

  pp ---> HHZ + X
  ===============

  PDFSET = PDF4LHC21_40                                NSET =   9
  Sqrt(S)  = 13.6 TeV
  LOOP     = 3
  alphaS(MZ) =   0.11800
          kl =   1.00000
          kv =   1.00000
         k2v =   1.00000
         kth =   1.00000
         kbh =   1.00000
 --------------

  mH       = 125.0000      GeV
  fact_scale 1.0
  ren_scale  1.0
  Kqq      =   0.25805010826514674            +-    2.4884551767243528E-004
  Kgq      =   -8.0134128959210085E-002       +-    1.4202917944750151E-004
  K_nlo    =    1.1779159793059366            +-    2.8652465771760881E-004
  Kqq2     =    6.2023948150084197E-002       +-    2.2511986817573833E-004
  Kgq2     =   -4.4470192380267615E-002       +-    1.5772124660318784E-004
  Kqqs     =    2.1806438957830188E-003       +-    3.8566541268296668E-006
  Kgg      =    1.8031277502005886E-003       +-    3.0125134473910333E-006
  Kgghhz   =   0.17685615243946323            +-    4.8596423750237744E-004
  K_nnlo   =    1.1994535067217369            +-    3.9708346122199924E-004
  K_nnlo2  =    1.3763096591612001            +-    6.2756395316119779E-004
  sig_LO   = (  0.27244346723112356            +-    1.6282015246777199E-004 ) fb
  sig_NLO  = (  0.32091551350905378            +-    1.8056589426537162E-004 ) fb
  sig_NNLO = (  0.32678327215379976            +-    1.9548380795862081E-004 ) fb
  sig_HHZ  = (  0.37496657552556323            +-    2.3609974968995958E-004 ) fb

  pp ---> HHZ + X
  ===============

  PDFSET = PDF4LHC21_40                                NSET =  10
  Sqrt(S)  = 13.6 TeV
  LOOP     = 3
  alphaS(MZ) =   0.11800
          kl =   1.00000
          kv =   1.00000
         k2v =   1.00000
         kth =   1.00000
         kbh =   1.00000
 --------------

  mH       = 125.0000      GeV
  fact_scale 1.0
  ren_scale  1.0
  Kqq      =   0.25795469433110263            +-    2.4996150336352918E-004
  Kgq      =   -7.9882617371013806E-002       +-    1.4195922983532350E-004
  K_nlo    =    1.1780720769600888            +-    2.8745986867594894E-004
  Kqq2     =    6.1984208143312639E-002       +-    2.2595346292217846E-004
  Kgq2     =   -4.4334019623878368E-002       +-    1.5759995007504188E-004
  Kqqs     =    2.1768828020971042E-003       +-    3.8634240787142593E-006
  Kgg      =    1.7964933116805558E-003       +-    3.0096791769084462E-006
  Kgghhz   =   0.17630063527723822            +-    4.8501144851589872E-004
  K_nnlo   =    1.1996956415933007            +-    3.9818321409086757E-004
  K_nnlo2  =    1.3759962768705389            +-    6.2752368654515661E-004
  sig_LO   = (  0.27100576878423333            +-    1.6303056119459957E-004 ) fb
  sig_NLO  = (  0.31926432889980738            +-    1.8068725837663011E-004 ) fb
  sig_NNLO = (  0.32512443965708654            +-    1.9550836496667027E-004 ) fb
  sig_HHZ  = (  0.37290292885754323            +-    2.3558487024724403E-004 ) fb

  pp ---> HHZ + X
  ===============

  PDFSET = PDF4LHC21_40                                NSET =  11
  Sqrt(S)  = 13.6 TeV
  LOOP     = 3
  alphaS(MZ) =   0.11800
          kl =   1.00000
          kv =   1.00000
         k2v =   1.00000
         kth =   1.00000
         kbh =   1.00000
 --------------

  mH       = 125.0000      GeV
  fact_scale 1.0
  ren_scale  1.0
  Kqq      =   0.25790408149755195            +-    2.4972925262151146E-004
  Kgq      =   -8.0073195289736637E-002       +-    1.4213787192603517E-004
  K_nlo    =    1.1778308862078153            +-    2.8734626193942508E-004
  Kqq2     =    6.1962114546376547E-002       +-    2.2579961296248835E-004
  Kgq2     =   -4.4437143566474727E-002       +-    1.5781109548733912E-004
  Kqqs     =    2.1757508149935745E-003       +-    3.8599412154460664E-006
  Kgg      =    1.8043949770908502E-003       +-    3.0151434985196257E-006
  Kgghhz   =   0.17698295259776312            +-    4.8684906914185123E-004
  K_nnlo   =    1.1993360029798015            +-    3.9809756537812142E-004
  K_nnlo2  =    1.3763189555775646            +-    6.2889083924340535E-004
  sig_LO   = (  0.27152185232517578            +-    1.6314248681284689E-004 ) fb
  sig_NLO  = (  0.31980682394894938            +-    1.8083891883815872E-004 ) fb
  sig_NNLO = (  0.32564593308934825            +-    1.9570230501304021E-004 ) fb
  sig_HHZ  = (  0.37370067220867165            +-    2.3616441490511780E-004 ) fb

  pp ---> HHZ + X
  ===============

  PDFSET = PDF4LHC21_40                                NSET =  12
  Sqrt(S)  = 13.6 TeV
  LOOP     = 3
  alphaS(MZ) =   0.11800
          kl =   1.00000
          kv =   1.00000
         k2v =   1.00000
         kth =   1.00000
         kbh =   1.00000
 --------------

  mH       = 125.0000      GeV
  fact_scale 1.0
  ren_scale  1.0
  Kqq      =   0.25781805333761088            +-    2.4914291405571533E-004
  Kgq      =   -7.9989766105941149E-002       +-    1.4199281241829880E-004
  K_nlo    =    1.1778282872316697            +-    2.8676497415589609E-004
  Kqq2     =    6.1926674374302847E-002       +-    2.2520468415709584E-004
  Kgq2     =   -4.4388131331309859E-002       +-    1.5770342712260942E-004
  Kqqs     =    2.1762473015386275E-003       +-    3.8571249096271706E-006
  Kgg      =    1.8015985375010803E-003       +-    3.0097338901488144E-006
  Kgghhz   =   0.17673865697091898            +-    4.8531777801507449E-004
  K_nnlo   =    1.1993446761137021            +-    3.9729788195484153E-004
  K_nnlo2  =    1.3760833330846212            +-    6.2719929262021034E-004
  sig_LO   = (  0.27307637578004279            +-    1.6373876319694677E-004 ) fb
  sig_NLO  = (  0.32163707996843960            +-    1.8150107798326688E-004 ) fb
  sig_NNLO = (  0.32751269746421907            +-    1.9642057195207196E-004 ) fb
  sig_HHZ  = (  0.37577584937006980            +-    2.3694921227109331E-004 ) fb

  pp ---> HHZ + X
  ===============

  PDFSET = PDF4LHC21_40                                NSET =  13
  Sqrt(S)  = 13.6 TeV
  LOOP     = 3
  alphaS(MZ) =   0.11800
          kl =   1.00000
          kv =   1.00000
         k2v =   1.00000
         kth =   1.00000
         kbh =   1.00000
 --------------

  mH       = 125.0000      GeV
  fact_scale 1.0
  ren_scale  1.0
  Kqq      =   0.25794542839759604            +-    2.4946949199313318E-004
  Kgq      =   -7.9931977061844323E-002       +-    1.4180382281505348E-004
  K_nlo    =    1.1780134513357516            +-    2.8695531289780124E-004
  Kqq2     =    6.1976418926765739E-002       +-    2.2565523504550013E-004
  Kgq2     =   -4.4357639715555744E-002       +-    1.5741057150190765E-004
  Kqqs     =    2.1726725036481020E-003       +-    3.8518457005034877E-006
  Kgg      =    1.7992775709983100E-003       +-    3.0044899204934213E-006
  Kgghhz   =   0.17643809352633452            +-    4.8619157196758280E-004
  K_nnlo   =    1.1996041806216080            +-    3.9757463248961817E-004
  K_nnlo2  =    1.3760422741479426            +-    6.2805082043698040E-004
  sig_LO   = (  0.27108629851677302            +-    1.6270015298008956E-004 ) fb
  sig_NLO  = (  0.31934330612557760            +-    1.8034015079566783E-004 ) fb
  sig_NNLO = (  0.32519625700995808            +-    1.9515949672551947E-004 ) fb
  sig_HHZ  = (  0.37302620670136832            +-    2.3549614826366133E-004 ) fb

  pp ---> HHZ + X
  ===============

  PDFSET = PDF4LHC21_40                                NSET =  14
  Sqrt(S)  = 13.6 TeV
  LOOP     = 3
  alphaS(MZ) =   0.11800
          kl =   1.00000
          kv =   1.00000
         k2v =   1.00000
         kth =   1.00000
         kbh =   1.00000
 --------------

  mH       = 125.0000      GeV
  fact_scale 1.0
  ren_scale  1.0
  Kqq      =   0.25806751927525129            +-    2.5006501940282451E-004
  Kgq      =   -8.0027333594279063E-002       +-    1.4199215350683636E-004
  K_nlo    =    1.1780401856809721            +-    2.8756614123787936E-004
  Kqq2     =    6.2031909270374358E-002       +-    2.2617530016277174E-004
  Kgq2     =   -4.4411906481745041E-002       +-    1.5763457522395921E-004
  Kqqs     =    2.1767588782349578E-003       +-    3.8606495425191883E-006
  Kgg      =    1.7986925838534360E-003       +-    3.0022707337752800E-006
  Kgghhz   =   0.17635570284981900            +-    4.8588391556637721E-004
  K_nnlo   =    1.1996356399316896            +-    3.9839945976450692E-004
  K_nnlo2  =    1.3759913427815087            +-    6.2833534752293333E-004
  sig_LO   = (  0.27151834564894262            +-    1.6332214729043268E-004 ) fb
  sig_NLO  = (  0.31985952232407078            +-    1.8102632253550792E-004 ) fb
  sig_NNLO = (  0.32572308433576308            +-    1.9589658057874497E-004 ) fb
  sig_HHZ  = (  0.37360689301930244            +-    2.3617799323795568E-004 ) fb

  pp ---> HHZ + X
  ===============

  PDFSET = PDF4LHC21_40                                NSET =  15
  Sqrt(S)  = 13.6 TeV
  LOOP     = 3
  alphaS(MZ) =   0.11800
          kl =   1.00000
          kv =   1.00000
         k2v =   1.00000
         kth =   1.00000
         kbh =   1.00000
 --------------

  mH       = 125.0000      GeV
  fact_scale 1.0
  ren_scale  1.0
  Kqq      =   0.25807695126804336            +-    2.4961430408337800E-004
  Kgq      =   -7.9897456405838160E-002       +-    1.4160040937689143E-004
  K_nlo    =    1.1781794948622053            +-    2.8698079506951738E-004
  Kqq2     =    6.2037045714122128E-002       +-    2.2574522493007669E-004
  Kgq2     =   -4.4349104893836311E-002       +-    1.5720031854622136E-004
  Kqqs     =    2.1744594602375240E-003       +-    3.8539399058186487E-006
  Kgg      =    1.7927830996185309E-003       +-    2.9900504062005908E-006
  Kgghhz   =   0.17575862730586211            +-    4.8366221598073551E-004
  K_nnlo   =    1.1998346782423472            +-    3.9756083398987633E-004
  K_nnlo2  =    1.3755933055482092            +-    6.2608606108914588E-004
  sig_LO   = (  0.27111881766558082            +-    1.6270116575976137E-004 ) fb
  sig_NLO  = (  0.31942663164487234            +-    1.8034807029100778E-004 ) fb
  sig_NNLO = (  0.32529775935922772            +-    1.9516541513433787E-004 ) fb
  sig_HHZ  = (  0.37294923058891855            +-    2.3512676861682318E-004 ) fb

  pp ---> HHZ + X
  ===============

  PDFSET = PDF4LHC21_40                                NSET =  16
  Sqrt(S)  = 13.6 TeV
  LOOP     = 3
  alphaS(MZ) =   0.11800
          kl =   1.00000
          kv =   1.00000
         k2v =   1.00000
         kth =   1.00000
         kbh =   1.00000
 --------------

  mH       = 125.0000      GeV
  fact_scale 1.0
  ren_scale  1.0
  Kqq      =   0.25782274515898940            +-    2.4985001529430860E-004
  Kgq      =   -7.9989292077087173E-002       +-    1.4209909509701449E-004
  K_nlo    =    1.1778334530819021            +-    2.8743204930897423E-004
  Kqq2     =    6.1929624534540477E-002       +-    2.2587112993218192E-004
  Kgq2     =   -4.4387948372649040E-002       +-    1.5775430553962398E-004
  Kqqs     =    2.1677658255212025E-003       +-    3.8483091822056102E-006
  Kgg      =    1.8109087317853358E-003       +-    3.0298944021502791E-006
  Kgghhz   =   0.17767163308308476            +-    4.8908803594552275E-004
  K_nnlo   =    1.1993538038011000            +-    3.9817754955137326E-004
  K_nnlo2  =    1.3770254368841848            +-    6.3067619891017386E-004
  sig_LO   = (  0.27129392933674057            +-    1.6312659880214408E-004 ) fb
  sig_NLO  = (  0.31953906559085071            +-    1.8080637330469013E-004 ) fb
  sig_NNLO = (  0.32537740609816673            +-    1.9565093560452811E-004 ) fb
  sig_HHZ  = (  0.37357864156895243            +-    2.3640014048191736E-004 ) fb

  pp ---> HHZ + X
  ===============

  PDFSET = PDF4LHC21_40                                NSET =  17
  Sqrt(S)  = 13.6 TeV
  LOOP     = 3
  alphaS(MZ) =   0.11800
          kl =   1.00000
          kv =   1.00000
         k2v =   1.00000
         kth =   1.00000
         kbh =   1.00000
 --------------

  mH       = 125.0000      GeV
  fact_scale 1.0
  ren_scale  1.0
  Kqq      =   0.25808723448780757            +-    2.4941947439420363E-004
  Kgq      =   -7.9764708460184200E-002       +-    1.4140998526841026E-004
  K_nlo    =    1.1783225260276233            +-    2.8671738374345707E-004
  Kqq2     =    6.2036339638792681E-002       +-    2.2563223910067345E-004
  Kgq2     =   -4.4264453757545875E-002       +-    1.5699025351461495E-004
  Kqqs     =    2.1731502082836447E-003       +-    3.8448794697837877E-006
  Kgg      =    1.7912958320059791E-003       +-    2.9905357557058484E-006
  Kgghhz   =   0.17564923284658895            +-    4.8351628494343758E-004
  K_nnlo   =    1.2000588579491596            +-    3.9722340258738871E-004
  K_nnlo2  =    1.3757080907957486            +-    6.2575908252985527E-004
  sig_LO   = (  0.27299086305137127            +-    1.6365665710870283E-004 ) fb
  sig_NLO  = (  0.32167128333315276            +-    1.8141082173286593E-004 ) fb
  sig_NNLO = (  0.32760510334398402            +-    1.9632213126974496E-004 ) fb
  sig_HHZ  = (  0.37555573901308559            +-    2.3656964855785134E-004 ) fb

  pp ---> HHZ + X
  ===============

  PDFSET = PDF4LHC21_40                                NSET =  18
  Sqrt(S)  = 13.6 TeV
  LOOP     = 3
  alphaS(MZ) =   0.11800
          kl =   1.00000
          kv =   1.00000
         k2v =   1.00000
         kth =   1.00000
         kbh =   1.00000
 --------------

  mH       = 125.0000      GeV
  fact_scale 1.0
  ren_scale  1.0
  Kqq      =   0.25802824562605475            +-    2.4956083146773490E-004
  Kgq      =   -7.9815292941029972E-002       +-    1.4141695815789312E-004
  K_nlo    =    1.1782129526850247            +-    2.8684379835983636E-004
  Kqq2     =    6.2013614045800830E-002       +-    2.2571003842033156E-004
  Kgq2     =   -4.4295178498932226E-002       +-    1.5697016898615635E-004
  Kqqs     =    2.1756831003441356E-003       +-    3.8537042415687687E-006
  Kgg      =    1.7885626812980740E-003       +-    2.9827672442562502E-006
  Kgghhz   =   0.17533109365089600            +-    4.8278751867229200E-004
  K_nnlo   =    1.1998956340135354            +-    3.9735093807560513E-004
  K_nnlo2  =    1.3752267276644314            +-    6.2527718347570635E-004
  sig_LO   = (  0.27257636287107029            +-    1.6350345337638866E-004 ) fb
  sig_NLO  = (  0.32115300133046848            +-    1.8123620251177377E-004 ) fb
  sig_NNLO = (  0.32706318774428639            +-    1.9612267766490297E-004 ) fb
  sig_HHZ  = (  0.37485429954985461            +-    2.3618157109808125E-004 ) fb

  pp ---> HHZ + X
  ===============

  PDFSET = PDF4LHC21_40                                NSET =  19
  Sqrt(S)  = 13.6 TeV
  LOOP     = 3
  alphaS(MZ) =   0.11800
          kl =   1.00000
          kv =   1.00000
         k2v =   1.00000
         kth =   1.00000
         kbh =   1.00000
 --------------

  mH       = 125.0000      GeV
  fact_scale 1.0
  ren_scale  1.0
  Kqq      =   0.25813579401692771            +-    2.4965965812075023E-004
  Kgq      =   -8.0357432253140848E-002       +-    1.4271052229400944E-004
  K_nlo    =    1.1777783617637869            +-    2.8756953605414963E-004
  Kqq2     =    6.2059186353066814E-002       +-    2.2584797525073504E-004
  Kgq2     =   -4.4592478627192934E-002       +-    1.5847294690808417E-004
  Kqqs     =    2.1800113985687044E-003       +-    3.8669672893841233E-006
  Kgg      =    1.8166539814512138E-003       +-    3.0387921143462129E-006
  Kgghhz   =   0.17821958712776911            +-    4.9059567387208739E-004
  K_nnlo   =    1.1992417348696807            +-    3.9854912945146338E-004
  K_nnlo2  =    1.3774613219974499            +-    6.3208031436560877E-004
  sig_LO   = (  0.27010835539674805            +-    1.6220199228332677E-004 ) fb
  sig_NLO  = (  0.31812777631789263            +-    1.7984126818346928E-004 ) fb
  sig_NNLO = (  0.32392521272879232            +-    1.9467491098355507E-004 ) fb
  sig_HHZ  = (  0.37206381230736146            +-    2.3549581457065302E-004 ) fb

  pp ---> HHZ + X
  ===============

  PDFSET = PDF4LHC21_40                                NSET =  20
  Sqrt(S)  = 13.6 TeV
  LOOP     = 3
  alphaS(MZ) =   0.11800
          kl =   1.00000
          kv =   1.00000
         k2v =   1.00000
         kth =   1.00000
         kbh =   1.00000
 --------------

  mH       = 125.0000      GeV
  fact_scale 1.0
  ren_scale  1.0
  Kqq      =   0.25796458710310527            +-    2.4975532983249199E-004
  Kgq      =   -8.0095202311318642E-002       +-    1.4213677621613473E-004
  K_nlo    =    1.1778693847917867            +-    2.8736838366955476E-004
  Kqq2     =    6.1988601098259419E-002       +-    2.2585645202029888E-004
  Kgq2     =   -4.4447215063111098E-002       +-    1.5779852480458573E-004
  Kqqs     =    2.1773969227284625E-003       +-    3.8584748197979819E-006
  Kgg      =    1.8040218229717650E-003       +-    3.0135933781098434E-006
  Kgghhz   =   0.17693858142145857            +-    4.8664495620409713E-004
  K_nnlo   =    1.1993921895726354            +-    3.9814076512652790E-004
  K_nnlo2  =    1.3763307709940940            +-    6.2876019455307809E-004
  sig_LO   = (  0.27217941236639293            +-    1.6348087785047609E-004 ) fb
  sig_NLO  = (  0.32059179699699325            +-    1.8122831509167814E-004 ) fb
  sig_NNLO = (  0.32644986135472120            +-    1.9613548017535575E-004 ) fb
  sig_HHZ  = (  0.37460890047095696            +-    2.3667146904112141E-004 ) fb

  pp ---> HHZ + X
  ===============

  PDFSET = PDF4LHC21_40                                NSET =  21
  Sqrt(S)  = 13.6 TeV
  LOOP     = 3
  alphaS(MZ) =   0.11800
          kl =   1.00000
          kv =   1.00000
         k2v =   1.00000
         kth =   1.00000
         kbh =   1.00000
 --------------

  mH       = 125.0000      GeV
  fact_scale 1.0
  ren_scale  1.0
  Kqq      =   0.25819340956407522            +-    2.4991767706237903E-004
  Kgq      =   -8.0567181332263579E-002       +-    1.4295696735929956E-004
  K_nlo    =    1.1776262282318117            +-    2.8791585545923554E-004
  Kqq2     =    6.2095228101840774E-002       +-    2.2597848137469452E-004
  Kgq2     =   -4.4709371899179735E-002       +-    1.5869961853453578E-004
  Kqqs     =    2.1892137395676907E-003       +-    3.8801942998036999E-006
  Kgg      =    1.8160204162130781E-003       +-    3.0343154137961324E-006
  Kgghhz   =   0.17810539949371920            +-    4.9042199480196205E-004
  K_nnlo   =    1.1990173185902533            +-    3.9896321355493210E-004
  K_nnlo2  =    1.3771227180839725            +-    6.3220675317147165E-004
  sig_LO   = (  0.26972787247117952            +-    1.6205628682025667E-004 ) fb
  sig_NLO  = (  0.31763861710722624            +-    1.7970294845760692E-004 ) fb
  sig_NNLO = (  0.32340839039944752            +-    1.9453142360305843E-004 ) fb
  sig_HHZ  = (  0.37144838088051790            +-    2.3524582991908972E-004 ) fb

  pp ---> HHZ + X
  ===============

  PDFSET = PDF4LHC21_40                                NSET =  22
  Sqrt(S)  = 13.6 TeV
  LOOP     = 3
  alphaS(MZ) =   0.11800
          kl =   1.00000
          kv =   1.00000
         k2v =   1.00000
         kth =   1.00000
         kbh =   1.00000
 --------------

  mH       = 125.0000      GeV
  fact_scale 1.0
  ren_scale  1.0
  Kqq      =   0.25799022795961524            +-    2.4968043524953412E-004
  Kgq      =   -8.0249151898286367E-002       +-    1.4256375933542631E-004
  K_nlo    =    1.1777410760613287            +-    2.8751477391996078E-004
  Kqq2     =    6.1999063732403069E-002       +-    2.2574203882991118E-004
  Kgq2     =   -4.4531409625011203E-002       +-    1.5827566182997503E-004
  Kqqs     =    2.1761536916259277E-003       +-    3.8590389845075123E-006
  Kgg      =    1.8174984080568664E-003       +-    3.0471276231308318E-006
  Kgghhz   =   0.17837323456379600            +-    4.9125962413949342E-004
  K_nnlo   =    1.1992023822684033            +-    3.9837115308928117E-004
  K_nnlo2  =    1.3775756168321993            +-    6.3248367087487701E-004
  sig_LO   = (  0.27064434303847601            +-    1.6254757722961112E-004 ) fb
  sig_NLO  = (  0.31874895980004614            +-    1.8021312914207394E-004 ) fb
  sig_NNLO = (  0.32455734091920740            +-    1.9505434774971488E-004 ) fb
  sig_HHZ  = (  0.37283304780337395            +-    2.3605860761098012E-004 ) fb

  pp ---> HHZ + X
  ===============

  PDFSET = PDF4LHC21_40                                NSET =  23
  Sqrt(S)  = 13.6 TeV
  LOOP     = 3
  alphaS(MZ) =   0.11800
          kl =   1.00000
          kv =   1.00000
         k2v =   1.00000
         kth =   1.00000
         kbh =   1.00000
 --------------

  mH       = 125.0000      GeV
  fact_scale 1.0
  ren_scale  1.0
  Kqq      =   0.25807171428356135            +-    2.4954080375675107E-004
  Kgq      =   -8.0197066298671391E-002       +-    1.4230616531443434E-004
  K_nlo    =    1.1778746479848901            +-    2.8726583059261409E-004
  Kqq2     =    6.2032338239237865E-002       +-    2.2567886075300066E-004
  Kgq2     =   -4.4503313692831489E-002       +-    1.5799250540607685E-004
  Kqqs     =    2.1805961719206144E-003       +-    3.8636703956211346E-006
  Kgg      =    1.8065036273825648E-003       +-    3.0180798582898080E-006
  Kgghhz   =   0.17718596230350225            +-    4.8744245983081978E-004
  K_nnlo   =    1.1993907723305997            +-    3.9804305563127584E-004
  K_nnlo2  =    1.3765767346341020            +-    6.2931583944963857E-004
  sig_LO   = (  0.27127998093298544            +-    1.6274922898861183E-004 ) fb
  sig_NLO  = (  0.31953381204678788            +-    1.8044476629195335E-004 ) fb
  sig_NNLO = (  0.32537070584904371            +-    1.9531316443657909E-004 ) fb
  sig_HHZ  = (  0.37343771032433049            +-    2.3586627420670077E-004 ) fb

  pp ---> HHZ + X
  ===============

  PDFSET = PDF4LHC21_40                                NSET =  24
  Sqrt(S)  = 13.6 TeV
  LOOP     = 3
  alphaS(MZ) =   0.11800
          kl =   1.00000
          kv =   1.00000
         k2v =   1.00000
         kth =   1.00000
         kbh =   1.00000
 --------------

  mH       = 125.0000      GeV
  fact_scale 1.0
  ren_scale  1.0
  Kqq      =   0.25786851899183671            +-    2.4940412860983995E-004
  Kgq      =   -8.0045773327814984E-002       +-    1.4209337880643740E-004
  K_nlo    =    1.1778227456640218            +-    2.8704171764442759E-004
  Kqq2     =    6.1949374242845912E-002       +-    2.2554369891411802E-004
  Kgq2     =   -4.4419055905328977E-002       +-    1.5778813421316506E-004
  Kqqs     =    2.1765835045618365E-003       +-    3.8565401456534746E-006
  Kgg      =    1.8030109248187997E-003       +-    3.0127257458533104E-006
  Kgghhz   =   0.17685129507355993            +-    4.8695429054815720E-004
  K_nnlo   =    1.1993326584309192            +-    3.9772346235155927E-004
  K_nnlo2  =    1.3761839535044791            +-    6.2873558320503163E-004
  sig_LO   = (  0.27202933220920750            +-    1.6328217112889933E-004 ) fb
  sig_NLO  = (  0.32040233496379911            +-    1.8099210491369515E-004 ) fb
  sig_NNLO = (  0.32625366216965657            +-    1.9587412586687762E-004 ) fb
  sig_HHZ  = (  0.37436240186885056            +-    2.3646114844932302E-004 ) fb

  pp ---> HHZ + X
  ===============

  PDFSET = PDF4LHC21_40                                NSET =  25
  Sqrt(S)  = 13.6 TeV
  LOOP     = 3
  alphaS(MZ) =   0.11800
          kl =   1.00000
          kv =   1.00000
         k2v =   1.00000
         kth =   1.00000
         kbh =   1.00000
 --------------

  mH       = 125.0000      GeV
  fact_scale 1.0
  ren_scale  1.0
  Kqq      =   0.25800149501649983            +-    2.4985425606105922E-004
  Kgq      =   -8.0312054683038953E-002       +-    1.4266844304238792E-004
  K_nlo    =    1.1776894403334610            +-    2.8771762878204807E-004
  Kqq2     =    6.2005707247921885E-002       +-    2.2582853754845618E-004
  Kgq2     =   -4.4567539383282555E-002       +-    1.5840200229974747E-004
  Kqqs     =    2.1792558451482406E-003       +-    3.8636255434032628E-006
  Kgg      =    1.8158003554487822E-003       +-    3.0365123500418563E-006
  Kgghhz   =   0.17813707688800118            +-    4.8997038018120168E-004
  K_nnlo   =    1.1991226643986974            +-    3.9861673901806947E-004
  K_nnlo2  =    1.3772597412866987            +-    6.3163777442479718E-004
  sig_LO   = (  0.27096093470021870            +-    1.6292033405377969E-004 ) fb
  sig_NLO  = (  0.31910783153933203            +-    1.8061238578421444E-004 ) fb
  sig_NNLO = (  0.32491539796568769            +-    1.9547148437823510E-004 ) fb
  sig_HHZ  = (  0.37318358682402519            +-    2.3629445786128826E-004 ) fb

  pp ---> HHZ + X
  ===============

  PDFSET = PDF4LHC21_40                                NSET =  26
  Sqrt(S)  = 13.6 TeV
  LOOP     = 3
  alphaS(MZ) =   0.11800
          kl =   1.00000
          kv =   1.00000
         k2v =   1.00000
         kth =   1.00000
         kbh =   1.00000
 --------------

  mH       = 125.0000      GeV
  fact_scale 1.0
  ren_scale  1.0
  Kqq      =   0.25797123321662591            +-    2.4832305602333820E-004
  Kgq      =   -8.0099387523149906E-002       +-    1.4158166498711903E-004
  K_nlo    =    1.1778718456934760            +-    2.8584910007431328E-004
  Kqq2     =    6.1995092503367488E-002       +-    2.2463154322661268E-004
  Kgq2     =   -4.4448134236615026E-002       +-    1.5710280781798379E-004
  Kqqs     =    2.1810706649993544E-003       +-    3.8424557498888894E-006
  Kgg      =    1.8011775602321911E-003       +-    3.0072572922316428E-006
  Kgghhz   =   0.17665034498677298            +-    4.8588549371773952E-004
  K_nnlo   =    1.1994010521854601            +-    3.9607340041029036E-004
  K_nnlo2  =    1.3760513971722330            +-    6.2686430072057993E-004
  sig_LO   = (  0.27193756164757088            +-    1.6184880428704996E-004 ) fb
  sig_NLO  = (  0.32030759765120775            +-    1.7954796410853477E-004 ) fb
  sig_NNLO = (  0.32616219756884490            +-    1.9441163510630868E-004 ) fb
  sig_HHZ  = (  0.37420006164875014            +-    2.3506245389096710E-004 ) fb

  pp ---> HHZ + X
  ===============

  PDFSET = PDF4LHC21_40                                NSET =  27
  Sqrt(S)  = 13.6 TeV
  LOOP     = 3
  alphaS(MZ) =   0.11800
          kl =   1.00000
          kv =   1.00000
         k2v =   1.00000
         kth =   1.00000
         kbh =   1.00000
 --------------

  mH       = 125.0000      GeV
  fact_scale 1.0
  ren_scale  1.0
  Kqq      =   0.25803536798446214            +-    2.4965576925378621E-004
  Kgq      =   -8.0158993294186784E-002       +-    1.4223120458331547E-004
  K_nlo    =    1.1778763746902752            +-    2.8732859008271468E-004
  Kqq2     =    6.2018196170812064E-002       +-    2.2568839618143682E-004
  Kgq2     =   -4.4484090642552682E-002       +-    1.5790123188312398E-004
  Kqqs     =    2.1776222137941201E-003       +-    3.8611346311566800E-006
  Kgg      =    1.8073875644737112E-003       +-    3.0198235125282966E-006
  Kgghhz   =   0.17726408762623827            +-    4.8808583498369712E-004
  K_nnlo   =    1.1993954899968025            +-    3.9805753048367858E-004
  K_nnlo2  =    1.3766595776230408            +-    6.2982345136275886E-004
  sig_LO   = (  0.27109650124563617            +-    1.6279637652016936E-004 ) fb
  sig_NLO  = (  0.31931816407842761            +-    1.8047188275881367E-004 ) fb
  sig_NNLO = (  0.32515192094792855            +-    1.9531426157371303E-004 ) fb
  sig_HHZ  = (  0.37320759489990163            +-    2.3591483578162017E-004 ) fb

  pp ---> HHZ + X
  ===============

  PDFSET = PDF4LHC21_40                                NSET =  28
  Sqrt(S)  = 13.6 TeV
  LOOP     = 3
  alphaS(MZ) =   0.11800
          kl =   1.00000
          kv =   1.00000
         k2v =   1.00000
         kth =   1.00000
         kbh =   1.00000
 --------------

  mH       = 125.0000      GeV
  fact_scale 1.0
  ren_scale  1.0
  Kqq      =   0.25804225053776469            +-    2.4984089249787539E-004
  Kgq      =   -8.0046091074168949E-002       +-    1.4201338180722835E-004
  K_nlo    =    1.1779961594635957            +-    2.8738175338121339E-004
  Kqq2     =    6.2022381780682187E-002       +-    2.2593609177661480E-004
  Kgq2     =   -4.4421154763713354E-002       +-    1.5763928152980462E-004
  Kqqs     =    2.1815939716572706E-003       +-    3.8657039394579019E-006
  Kgg      =    1.7956996928956805E-003       +-    2.9970690056865568E-006
  Kgghhz   =   0.17607057278463847            +-    4.8460482625022956E-004
  K_nnlo   =    1.1995746801451173            +-    3.9813246402994678E-004
  K_nnlo2  =    1.3756452529297558            +-    6.2717724491532058E-004
  sig_LO   = (  0.27187585718617213            +-    1.6336177527096507E-004 ) fb
  sig_NLO  = (  0.32026871561618375            +-    1.8108479817576667E-004 ) fb
  sig_NNLO = (  0.32613539442328199            +-    1.9596818910756842E-004 ) fb
  sig_HHZ  = (  0.37400473232436587            +-    2.3614024125542105E-004 ) fb

  pp ---> HHZ + X
  ===============

  PDFSET = PDF4LHC21_40                                NSET =  29
  Sqrt(S)  = 13.6 TeV
  LOOP     = 3
  alphaS(MZ) =   0.11800
          kl =   1.00000
          kv =   1.00000
         k2v =   1.00000
         kth =   1.00000
         kbh =   1.00000
 --------------

  mH       = 125.0000      GeV
  fact_scale 1.0
  ren_scale  1.0
  Kqq      =   0.25809998100519987            +-    2.4984691521168196E-004
  Kgq      =   -8.0084553516238902E-002       +-    1.4203332345884319E-004
  K_nlo    =    1.1780154274889609            +-    2.8739684412595380E-004
  Kqq2     =    6.2045190639003787E-002       +-    2.2586900870420109E-004
  Kgq2     =   -4.4443601573687055E-002       +-    1.5769538918779434E-004
  Kqqs     =    2.1828756700999043E-003       +-    3.8664800791403987E-006
  Kgg      =    1.7979408014165532E-003       +-    3.0017119558317845E-006
  Kgghhz   =   0.17632031166708170            +-    4.8484665511192861E-004
  K_nnlo   =    1.1995978330257941            +-    3.9812755596734862E-004
  K_nnlo2  =    1.3759181446928759            +-    6.2736100436173092E-004
  sig_LO   = (  0.27205870481063305            +-    1.6343827608275674E-004 ) fb
  sig_NLO  = (  0.32048935144959095            +-    1.8117825640880079E-004 ) fb
  sig_NNLO = (  0.32636103274663963            +-    1.9607143404361618E-004 ) fb
  sig_HHZ  = (  0.37433050837059301            +-    2.3631207912546524E-004 ) fb

  pp ---> HHZ + X
  ===============

  PDFSET = PDF4LHC21_40                                NSET =  30
  Sqrt(S)  = 13.6 TeV
  LOOP     = 3
  alphaS(MZ) =   0.11800
          kl =   1.00000
          kv =   1.00000
         k2v =   1.00000
         kth =   1.00000
         kbh =   1.00000
 --------------

  mH       = 125.0000      GeV
  fact_scale 1.0
  ren_scale  1.0
  Kqq      =   0.25805188340617935            +-    2.4972223615734646E-004
  Kgq      =   -8.0156375666552274E-002       +-    1.4208905137953715E-004
  K_nlo    =    1.1778955077396271            +-    2.8731601722382667E-004
  Kqq2     =    6.2024259685220136E-002       +-    2.2585973307704475E-004
  Kgq2     =   -4.4480896778485622E-002       +-    1.5774439184202923E-004
  Kqqs     =    2.1762411418102057E-003       +-    3.8561172405765415E-006
  Kgg      =    1.8040446241757500E-003       +-    3.0061553410728124E-006
  Kgghhz   =   0.17681428855993536            +-    4.8683455488822658E-004
  K_nnlo   =    1.1994191564123478            +-    3.9808329850260683E-004
  K_nnlo2  =    1.3762334449722831            +-    6.2887057204160323E-004
  sig_LO   = (  0.27154920874257471            +-    1.6308167655843935E-004 ) fb
  sig_NLO  = (  0.31985659310812903            +-    1.8078390923982938E-004 ) fb
  sig_NNLO = (  0.32570132287445946            +-    1.9565549133782059E-004 ) fb
  sig_HHZ  = (  0.37371510302729116            +-    2.3613087299756717E-004 ) fb

  pp ---> HHZ + X
  ===============

  PDFSET = PDF4LHC21_40                                NSET =  31
  Sqrt(S)  = 13.6 TeV
  LOOP     = 3
  alphaS(MZ) =   0.11800
          kl =   1.00000
          kv =   1.00000
         k2v =   1.00000
         kth =   1.00000
         kbh =   1.00000
 --------------

  mH       = 125.0000      GeV
  fact_scale 1.0
  ren_scale  1.0
  Kqq      =   0.25801235251202786            +-    2.5056484900105999E-004
  Kgq      =   -8.0056862787936403E-002       +-    1.4223312306697693E-004
  K_nlo    =    1.1779554897240916            +-    2.8811977518440103E-004
  Kqq2     =    6.2008759152892515E-002       +-    2.2643892348657535E-004
  Kgq2     =   -4.4425689609186809E-002       +-    1.5788402457334966E-004
  Kqqs     =    2.1752117588116210E-003       +-    3.8641076155765764E-006
  Kgg      =    1.8023823583404653E-003       +-    3.0089831066429821E-006
  Kgghhz   =   0.17672267638972547            +-    4.8740319641098244E-004
  K_nnlo   =    1.1995161533849494            +-    3.9904754283737648E-004
  K_nnlo2  =    1.3762388297746748            +-    6.2992127866598588E-004
  sig_LO   = (  0.27070037887094578            +-    1.6338371259986975E-004 ) fb
  sig_NLO  = (  0.31887299736142205            +-    1.8104508338134137E-004 ) fb
  sig_NNLO = (  0.32470947718312526            +-    1.9586490084852492E-004 ) fb
  sig_HHZ  = (  0.37254837263691148            +-    2.3615944541504881E-004 ) fb

  pp ---> HHZ + X
  ===============

  PDFSET = PDF4LHC21_40                                NSET =  32
  Sqrt(S)  = 13.6 TeV
  LOOP     = 3
  alphaS(MZ) =   0.11800
          kl =   1.00000
          kv =   1.00000
         k2v =   1.00000
         kth =   1.00000
         kbh =   1.00000
 --------------

  mH       = 125.0000      GeV
  fact_scale 1.0
  ren_scale  1.0
  Kqq      =   0.25799116907402592            +-    2.4980442341733191E-004
  Kgq      =   -8.0125135588749577E-002       +-    1.4228016516014272E-004
  K_nlo    =    1.1778660334852764            +-    2.8748199136096009E-004
  Kqq2     =    6.2000304519756522E-002       +-    2.2587748831280169E-004
  Kgq2     =   -4.4462265937423147E-002       +-    1.5795667358874281E-004
  Kqqs     =    2.1795536975482616E-003       +-    3.8653616038079577E-006
  Kgg      =    1.8031584214110317E-003       +-    3.0125875282429416E-006
  Kgghhz   =   0.17685257879726263            +-    4.8686634410395477E-004
  K_nnlo   =    1.1993867841865691            +-    3.9829745482305957E-004
  K_nnlo2  =    1.3762393629838316            +-    6.2903076199791500E-004
  sig_LO   = (  0.27175788453441729            +-    1.6336166431951945E-004 ) fb
  sig_NLO  = (  0.32009438152490383            +-    1.8108182343329788E-004 ) fb
  sig_NNLO = (  0.32594281520907964            +-    1.9596691946424037E-004 ) fb
  sig_HHZ  = (  0.37400389789748006            +-    2.3645064635070717E-004 ) fb

  pp ---> HHZ + X
  ===============

  PDFSET = PDF4LHC21_40                                NSET =  33
  Sqrt(S)  = 13.6 TeV
  LOOP     = 3
  alphaS(MZ) =   0.11800
          kl =   1.00000
          kv =   1.00000
         k2v =   1.00000
         kth =   1.00000
         kbh =   1.00000
 --------------

  mH       = 125.0000      GeV
  fact_scale 1.0
  ren_scale  1.0
  Kqq      =   0.25798625380586426            +-    2.4968846522662000E-004
  Kgq      =   -8.0072547776377706E-002       +-    1.4208279190414566E-004
  K_nlo    =    1.1779137060294864            +-    2.8728356970509435E-004
  Kqq2     =    6.1998267339517278E-002       +-    2.2580960592589406E-004
  Kgq2     =   -4.4435686809979273E-002       +-    1.5772897902265146E-004
  Kqqs     =    2.1770065156272366E-003       +-    3.8582775372441345E-006
  Kgg      =    1.8030686696265264E-003       +-    3.0130966139958658E-006
  Kgghhz   =   0.17683619309550580            +-    4.8708216950618991E-004
  K_nnlo   =    1.1994563617442779            +-    3.9802540550974518E-004
  K_nnlo2  =    1.3762925548397837            +-    6.2902564596529272E-004
  sig_LO   = (  0.27131776982521200            +-    1.6292671995472250E-004 ) fb
  sig_NLO  = (  0.31958891976647064            +-    1.8061162898804650E-004 ) fb
  sig_NNLO = (  0.32543382507112029            +-    1.9546675181934256E-004 ) fb
  sig_HHZ  = (  0.37341262660617347            +-    2.3594902724299576E-004 ) fb

  pp ---> HHZ + X
  ===============

  PDFSET = PDF4LHC21_40                                NSET =  34
  Sqrt(S)  = 13.6 TeV
  LOOP     = 3
  alphaS(MZ) =   0.11800
          kl =   1.00000
          kv =   1.00000
         k2v =   1.00000
         kth =   1.00000
         kbh =   1.00000
 --------------

  mH       = 125.0000      GeV
  fact_scale 1.0
  ren_scale  1.0
  Kqq      =   0.25788786225320093            +-    2.4846475066725275E-004
  Kgq      =   -8.0136715305055131E-002       +-    1.4201351436672095E-004
  K_nlo    =    1.1777511469481459            +-    2.8618625156867151E-004
  Kqq2     =    6.1956885106459011E-002       +-    2.2446572751071248E-004
  Kgq2     =   -4.4470862922267561E-002       +-    1.5768216075619262E-004
  Kqqs     =    2.1785049469299099E-003       +-    3.8506215935338771E-006
  Kgg      =    1.8086529858526677E-003       +-    3.0235829839644926E-006
  Kgghhz   =   0.17746837664522561            +-    4.8717826587160083E-004
  K_nnlo   =    1.1992243270651197            +-    3.9645310766255780E-004
  K_nnlo2  =    1.3766927037103454            +-    6.2810646335868879E-004
  sig_LO   = (  0.27231055072696758            +-    1.6240895650987985E-004 ) fb
  sig_NLO  = (  0.32071406344476727            +-    1.8013881709088065E-004 ) fb
  sig_NNLO = (  0.32656143694827983            +-    1.9501712112155532E-004 ) fb
  sig_HHZ  = (  0.37488794832916211            +-    2.3586300378333159E-004 ) fb

  pp ---> HHZ + X
  ===============

  PDFSET = PDF4LHC21_40                                NSET =  35
  Sqrt(S)  = 13.6 TeV
  LOOP     = 3
  alphaS(MZ) =   0.11800
          kl =   1.00000
          kv =   1.00000
         k2v =   1.00000
         kth =   1.00000
         kbh =   1.00000
 --------------

  mH       = 125.0000      GeV
  fact_scale 1.0
  ren_scale  1.0
  Kqq      =   0.25796467127322648            +-    2.4990381790815960E-004
  Kgq      =   -8.0079570175487821E-002       +-    1.4213641016088291E-004
  K_nlo    =    1.1778851010977387            +-    2.8749726485394141E-004
  Kqq2     =    6.1989836437431112E-002       +-    2.2592606292813841E-004
  Kgq2     =   -4.4437634287510783E-002       +-    1.5779462168113141E-004
  Kqqs     =    2.1756098253429301E-003       +-    3.8578551482953878E-006
  Kgg      =    1.8056123019090360E-003       +-    3.0159783685462569E-006
  Kgghhz   =   0.17710075272877959            +-    4.8724741421736029E-004
  K_nnlo   =    1.1994185253749110            +-    3.9827174769504136E-004
  K_nnlo2  =    1.3765192781036906            +-    6.2930948481138168E-004
  sig_LO   = (  0.27148737254006561            +-    1.6320870856043670E-004 ) fb
  sig_NLO  = (  0.31978093125111462            +-    1.8091207273321293E-004 ) fb
  sig_NNLO = (  0.32562698402991458            +-    1.9577604663560159E-004 ) fb
  sig_HHZ  = (  0.37370760206311882            +-    2.3627666207077250E-004 ) fb

  pp ---> HHZ + X
  ===============

  PDFSET = PDF4LHC21_40                                NSET =  36
  Sqrt(S)  = 13.6 TeV
  LOOP     = 3
  alphaS(MZ) =   0.11800
          kl =   1.00000
          kv =   1.00000
         k2v =   1.00000
         kth =   1.00000
         kbh =   1.00000
 --------------

  mH       = 125.0000      GeV
  fact_scale 1.0
  ren_scale  1.0
  Kqq      =   0.25797646363718296            +-    2.4979096617621044E-004
  Kgq      =   -8.0261707431453874E-002       +-    1.4249968777692786E-004
  K_nlo    =    1.1777147562057293            +-    2.8757901140341699E-004
  Kqq2     =    6.1991969192009076E-002       +-    2.2581098074735893E-004
  Kgq2     =   -4.4535500028261878E-002       +-    1.5814907940593192E-004
  Kqqs     =    2.1749359676308936E-003       +-    3.8558407953918005E-006
  Kgg      =    1.8157847733826962E-003       +-    3.0367304848751812E-006
  Kgghhz   =   0.17810556252684032            +-    4.9137665011022408E-004
  K_nnlo   =    1.1991619461104899            +-    3.9840620901671655E-004
  K_nnlo2  =    1.3772675086373303            +-    6.3259664847090146E-004
  sig_LO   = (  0.27112398266364018            +-    1.6293021115539765E-004 ) fb
  sig_NLO  = (  0.31930671514423531            +-    1.8062532233896201E-004 ) fb
  sig_NNLO = (  0.32512156268815751            +-    1.9548408959206424E-004 ) fb
  sig_HHZ  = (  0.37341025213498247            +-    2.3656428715767189E-004 ) fb

  pp ---> HHZ + X
  ===============

  PDFSET = PDF4LHC21_40                                NSET =  37
  Sqrt(S)  = 13.6 TeV
  LOOP     = 3
  alphaS(MZ) =   0.11800
          kl =   1.00000
          kv =   1.00000
         k2v =   1.00000
         kth =   1.00000
         kbh =   1.00000
 --------------

  mH       = 125.0000      GeV
  fact_scale 1.0
  ren_scale  1.0
  Kqq      =   0.25781595991747264            +-    2.4957979767100275E-004
  Kgq      =   -7.9930672439933861E-002       +-    1.4183358080616779E-004
  K_nlo    =    1.1778852874775387            +-    2.8706591586219080E-004
  Kqq2     =    6.1927000058312656E-002       +-    2.2558182037477558E-004
  Kgq2     =   -4.4355214780653913E-002       +-    1.5746523191880859E-004
  Kqqs     =    2.1729270433489263E-003       +-    3.8510520243333726E-006
  Kgg      =    1.8003406489631038E-003       +-    3.0071876755086802E-006
  Kgghhz   =   0.17657134474864267            +-    4.8601836905782164E-004
  K_nnlo   =    1.1994303404475095            +-    3.9763446879772623E-004
  K_nnlo2  =    1.3760016851961523            +-    6.2795463676739805E-004
  sig_LO   = (  0.27208036964425825            +-    1.6332198558348404E-004 ) fb
  sig_NLO  = (  0.32047946441542213            +-    1.8103718424137335E-004 ) fb
  sig_NNLO = (  0.32634145039149692            +-    1.9590515486463551E-004 ) fb
  sig_HHZ  = (  0.37438304713929138            +-    2.3635821248175730E-004 ) fb

  pp ---> HHZ + X
  ===============

  PDFSET = PDF4LHC21_40                                NSET =  38
  Sqrt(S)  = 13.6 TeV
  LOOP     = 3
  alphaS(MZ) =   0.11800
          kl =   1.00000
          kv =   1.00000
         k2v =   1.00000
         kth =   1.00000
         kbh =   1.00000
 --------------

  mH       = 125.0000      GeV
  fact_scale 1.0
  ren_scale  1.0
  Kqq      =   0.25785185429952856            +-    2.4967902643536512E-004
  Kgq      =   -7.9954610929078587E-002       +-    1.4187618335040163E-004
  K_nlo    =    1.1778972433704500            +-    2.8717323629438125E-004
  Kqq2     =    6.1941967705224095E-002       +-    2.2576593326796972E-004
  Kgq2     =   -4.4366805312740502E-002       +-    1.5749627139740449E-004
  Kqqs     =    2.1747394690202534E-003       +-    3.8541066551732269E-006
  Kgg      =    1.7989090080591590E-003       +-    3.0042413636043561E-006
  Kgghhz   =   0.17642029463180542            +-    4.8562279538292685E-004
  K_nnlo   =    1.1994460542400134            +-    3.9782870607399742E-004
  K_nnlo2  =    1.3758663488718188            +-    6.2777159761495986E-004
  sig_LO   = (  0.27226653210274676            +-    1.6354445568264299E-004 ) fb
  sig_NLO  = (  0.32070199762585755            +-    1.8127354837919142E-004 ) fb
  sig_NNLO = (  0.32656901763225143            +-    1.9616070961794055E-004 ) fb
  sig_HHZ  = (  0.37460235944419795            +-    2.3656044506695467E-004 ) fb

  pp ---> HHZ + X
  ===============

  PDFSET = PDF4LHC21_40                                NSET =  39
  Sqrt(S)  = 13.6 TeV
  LOOP     = 3
  alphaS(MZ) =   0.11800
          kl =   1.00000
          kv =   1.00000
         k2v =   1.00000
         kth =   1.00000
         kbh =   1.00000
 --------------

  mH       = 125.0000      GeV
  fact_scale 1.0
  ren_scale  1.0
  Kqq      =   0.25786008514600445            +-    2.4978855946280283E-004
  Kgq      =   -8.0152492205819506E-002       +-    1.4238889737397688E-004
  K_nlo    =    1.1777075929401850            +-    2.8752203834467906E-004
  Kqq2     =    6.1940145658011862E-002       +-    2.2586791260318636E-004
  Kgq2     =   -4.4470240502090898E-002       +-    1.5808272129866311E-004
  Kqqs     =    2.1724591814276965E-003       +-    3.8551360588107849E-006
  Kgg      =    1.8113325567387028E-003       +-    3.0280173801302804E-006
  Kgghhz   =   0.17770571509587485            +-    4.8861736315445334E-004
  K_nnlo   =    1.1991612898342721            +-    3.9837095051481459E-004
  K_nnlo2  =    1.3768670049301468            +-    6.3043345548129646E-004
  sig_LO   = (  0.27127505435735111            +-    1.6304089310562527E-004 ) fb
  sig_NLO  = (  0.31948269129191381            +-    1.8073724479826769E-004 ) fb
  sig_NNLO = (  0.32530254408302350            +-    1.9560431317740623E-004 ) fb
  sig_HHZ  = (  0.37350967160526893            +-    2.3628472394027352E-004 ) fb

  pp ---> HHZ + X
  ===============

  PDFSET = PDF4LHC21_40                                NSET =  40
  Sqrt(S)  = 13.6 TeV
  LOOP     = 3
  alphaS(MZ) =   0.11800
          kl =   1.00000
          kv =   1.00000
         k2v =   1.00000
         kth =   1.00000
         kbh =   1.00000
 --------------

  mH       = 125.0000      GeV
  fact_scale 1.0
  ren_scale  1.0
  Kqq      =   0.25798009627235619            +-    2.4970355590145328E-004
  Kgq      =   -8.0082797319831645E-002       +-    1.4208235942358830E-004
  K_nlo    =    1.1778972989525245            +-    2.8729647176602071E-004
  Kqq2     =    6.1994421787921479E-002       +-    2.2571731164981929E-004
  Kgq2     =   -4.4441045775841410E-002       +-    1.5774136088840922E-004
  Kqqs     =    2.1771690894830495E-003       +-    3.8568821556846254E-006
  Kgg      =    1.8041188126482058E-003       +-    3.0130440239904516E-006
  Kgghhz   =   0.17693844093124686            +-    4.8712276302907161E-004
  K_nnlo   =    1.1994319628667358            +-    3.9798725906341057E-004
  K_nnlo2  =    1.3763704037979827            +-    6.2903294400045795E-004
  sig_LO   = (  0.27145644385910767            +-    1.6308366623981626E-004 ) fb
  sig_NLO  = (  0.31974781200490054            +-    1.8077191425148846E-004 ) fb
  sig_NNLO = (  0.32559353529075341            +-    1.9562235048981586E-004 ) fb
  sig_HHZ  = (  0.37362461524792445            +-    2.3612193448571380E-004 ) fb

  pp ---> HHZ + X
  ===============

  PDFSET = PDF4LHC21_40                                NSET =  41
  Sqrt(S)  = 13.6 TeV
  LOOP     = 3
  alphaS(MZ) =   0.11700
          kl =   1.00000
          kv =   1.00000
         k2v =   1.00000
         kth =   1.00000
         kbh =   1.00000
 --------------

  mH       = 125.0000      GeV
  fact_scale 1.0
  ren_scale  1.0
  Kqq      =   0.25598421464167698            +-    2.4799568813931125E-004
  Kgq      =   -7.8579992283298927E-002       +-    1.3945487078596038E-004
  K_nlo    =    1.1774042223583780            +-    2.8451629535339350E-004
  Kqq2     =    6.1058507303796680E-002       +-    2.2273845171475335E-004
  Kgq2     =   -4.3314788248665269E-002       +-    1.5378463841062901E-004
  Kqqs     =    2.1416200490913659E-003       +-    3.7980179836244361E-006
  Kgg      =    1.7396898220769167E-003       +-    2.9035022140411396E-006
  Kgghhz   =   0.17034090017913786            +-    4.6926873463391328E-004
  K_nnlo   =    1.1990292512846776            +-    3.9272701774986619E-004
  K_nnlo2  =    1.3693701514638155            +-    6.1192128233590463E-004
  sig_LO   = (  0.27244243246441091            +-    1.6368725872351490E-004 ) fb
  sig_NLO  = (  0.32077487033318464            +-    1.8111318883070243E-004 ) fb
  sig_NNLO = (  0.32666644581597898            +-    1.9555448485480986E-004 ) fb
  sig_HHZ  = (  0.37307453500896071            +-    2.3363829012571069E-004 ) fb

  pp ---> HHZ + X
  ===============

  PDFSET = PDF4LHC21_40                                NSET =  42
  Sqrt(S)  = 13.6 TeV
  LOOP     = 3
  alphaS(MZ) =   0.11900
          kl =   1.00000
          kv =   1.00000
         k2v =   1.00000
         kth =   1.00000
         kbh =   1.00000
 --------------

  mH       = 125.0000      GeV
  fact_scale 1.0
  ren_scale  1.0
  Kqq      =   0.25975281553987939            +-    2.5133289350950857E-004
  Kgq      =   -7.9233909070613298E-002       +-    1.4068677290280510E-004
  K_nlo    =    1.1805189064692660            +-    2.8802949749924474E-004
  Kqq2     =    6.2844401375728498E-002       +-    2.2879449447142728E-004
  Kgq2     =   -4.4258889665592674E-002       +-    1.5722938092031381E-004
  Kqqs     =    2.2078237330964584E-003       +-    3.9113996344512768E-006
  Kgg      =    1.7727886161968411E-003       +-    2.9705950387836334E-006
  Kgghhz   =   0.17372307865434636            +-    4.7684434848666582E-004
  K_nnlo   =    1.2030850305286953            +-    4.0006638678683490E-004
  K_nnlo2  =    1.3768081091830418            +-    6.2244168122029409E-004
  sig_LO   = (  0.27285264404601961            +-    1.6386179706012662E-004 ) fb
  sig_NLO  = (  0.32210770497645497            +-    1.8173336327927524E-004 ) fb
  sig_NNLO = (  0.32826493159194070            +-    1.9689188211498209E-004 ) fb
  sig_HHZ  = (  0.37566573293459371            +-    2.3599696543077055E-004 ) fb

