  pp ---> HHZ + X
  ===============

  PDFSET = PDF4LHC21_40                                NSET =   0
  Sqrt(S)  = 13.6 TeV
  LOOP     = 3
  alphaS(MZ) =   0.11800
          kl =   1.00000
          kv =   1.00000
         k2v =   1.00000
         kth =   1.00000
         kbh =   1.00000
  cHsq =         1.50000
  cHdup =        0.00000
  cHw =          0.00000
  cH =           0.00000
  cHb =          0.00000
  cHwb =         0.00000
  cHq1st =       0.00000
  cHq3st =       0.00000
  cHq1rd =       0.00000
  cHq3rd =       0.00000
  cHdst =        0.00000
  cHust =        0.00000
  cHdrd =        0.00000
  cHurd =        0.00000
  cth =          0.00000
  cbh =          0.00000
 --------------

  mH       = 125.0000      GeV
  fact_scale 0.5
  ren_scale  0.5
  Kqq      =   0.20657225971969972            +-    1.8995793443942299E-004
  Kgq      =   -2.7179912268094599E-002       +-    1.4510786229246733E-004
  K_nlo    =    1.1793923474516050            +-    2.3904039105469559E-004
  Kqq2     =    2.4881263018028729E-002       +-    1.8253131547189258E-004
  Kgq2     =   -1.9948481221143531E-002       +-    1.3912158615127950E-004
  Kqqs     =    1.5092977535608708E-003       +-    4.0410262966188825E-006
  Kgg      =    5.0957392114113031E-004       +-    2.7040823364952351E-006
  Kgghhz   =   0.14702834089626063            +-    4.0305480346966078E-004
  K_nnlo   =    1.1863440009231923            +-    3.3141582245200927E-004
  K_nnlo2  =    1.3333723418194530            +-    5.2181378093291923E-004
  sig_LO   = (  0.62614180448601775            +-    3.5316941786581331E-004 ) fb
  sig_NLO  = (  0.73846685263034839            +-    3.8357619720965795E-004 ) fb
  sig_NNLO = (  0.74281957347920946            +-    4.0962227460344990E-004 ) fb
  sig_HHZ  = (  0.83488016415857946            +-    4.8112446744773632E-004 ) fb

  mH       = 125.0000      GeV
  fact_scale 1.0
  ren_scale  0.5
  Kqq      =   0.28084215313395638            +-    2.4367012746492588E-004
  Kgq      =   -8.6451341835022219E-002       +-    1.4552313152542100E-004
  K_nlo    =    1.1943908112989343            +-    2.8381704111581850E-004
  Kqq2     =    4.4913326878365058E-002       +-    2.7004280059493070E-004
  Kgq2     =   -4.1569579790156339E-002       +-    1.8529134421633463E-004
  Kqqs     =    2.3987563312674229E-003       +-    4.1262725943431755E-006
  Kgg      =    1.9757219003990762E-003       +-    3.2151737182976651E-006
  Kgghhz   =   0.13850912332864790            +-    3.8011152447686648E-004
  K_nnlo   =    1.2021090366188096            +-    4.3339989927311886E-004
  K_nnlo2  =    1.3406181599474576            +-    5.7647224020769376E-004
  sig_LO   = (  0.61872720763544520            +-    3.4868695226386196E-004 ) fb
  sig_NLO  = (  0.73900209150042351            +-    3.9040981156080758E-004 ) fb
  sig_NNLO = (  0.74377756750049107            +-    4.3987543348757597E-004 ) fb
  sig_HHZ  = (  0.82947693060965888            +-    4.9880110478878355E-004 ) fb

  mH       = 125.0000      GeV
  fact_scale 0.5
  ren_scale  1.0
  Kqq      =   0.18986023611990138            +-    1.7465419386386702E-004
  Kgq      =   -2.4985190585146151E-002       +-    1.3328621573892172E-004
  K_nlo    =    1.1648750455347552            +-    2.1970275997410598E-004
  Kqq2     =    3.5653191315807645E-002       +-    1.3052059175826052E-004
  Kgq2     =   -1.8768179524182676E-002       +-    1.1799823417138807E-004
  Kqqs     =    1.2724044509055711E-003       +-    3.4066521789873870E-006
  Kgg      =    4.2965413800498631E-004       +-    2.2777559448073341E-006
  Kgghhz   =   0.12417115140330759            +-    3.4051259930560054E-004
  K_nnlo   =    1.1834621159152905            +-    2.8150542504886929E-004
  K_nnlo2  =    1.3076332673185980            +-    4.4180780280321107E-004
  sig_LO   = (  0.62614180448601775            +-    3.5316941786581331E-004 ) fb
  sig_NLO  = (  0.72937696301186372            +-    3.7901555332350763E-004 ) fb
  sig_NNLO = (  0.74101510480004085            +-    3.9471133925795654E-004 ) fb
  sig_HHZ  = (  0.81876385360481441            +-    4.4861474892378514E-004 ) fb

  mH       = 125.0000      GeV
  fact_scale 1.0
  ren_scale  1.0
  Kqq      =   0.25812269952516265            +-    2.2403164741985557E-004
  Kgq      =   -7.9414585608666058E-002       +-    1.3364051473174209E-004
  K_nlo    =    1.1787081139164965            +-    2.6086388447506384E-004
  Kqq2     =    5.7846662097969404E-002       +-    1.9873411638672369E-004
  Kgq2     =   -4.1200153718578651E-002       +-    1.4177272691018637E-004
  Kqqs     =    2.0247966004861280E-003       +-    3.4821119861017026E-006
  Kgg      =    1.6649597163292881E-003       +-    2.7071899920671132E-006
  Kgghhz   =   0.11696236264166662            +-    3.2104548572707260E-004
  K_nnlo   =    1.1990443786127025            +-    3.5730123889586286E-004
  K_nnlo2  =    1.3160067412543692            +-    4.8034818540538952E-004
  sig_LO   = (  0.61872720763544520            +-    3.4868695226386196E-004 ) fb
  sig_NLO  = (  0.72929877994079617            +-    3.8423131994193077E-004 ) fb
  sig_NNLO = (  0.74188138021001515            +-    4.1286246971862078E-004 ) fb
  sig_HHZ  = (  0.81424917624573789            +-    4.5816274446565315E-004 ) fb

  mH       = 125.0000      GeV
  fact_scale 1.5
  ren_scale  1.0
  Kqq      =   0.29897204769166796            +-    2.6912172037029362E-004
  Kgq      =  -0.10989698008877379            +-    1.2842347526825706E-004
  K_nlo    =    1.1890750676028943            +-    2.9819304045373550E-004
  Kqq2     =    7.0753757732518033E-002       +-    2.5433018519934537E-004
  Kgq2     =   -5.6715044377268153E-002       +-    1.6109093749898035E-004
  Kqqs     =    3.5139160597405087E-003       +-    4.2000236150794265E-006
  Kgg      =    2.7727003299418979E-003       +-    3.1302191814210759E-006
  Kgghhz   =   0.11314053254858375            +-    3.1085037603608643E-004
  K_nnlo   =    1.2094003973478267            +-    4.2376958490831758E-004
  K_nnlo2  =    1.3225409298964104            +-    5.2555553215159301E-004
  sig_LO   = (  0.61376750483376352            +-    3.4586081309544099E-004 ) fb
  sig_NLO  = (  0.72981563730266696            +-    3.9130098530173665E-004 ) fb
  sig_NNLO = (  0.74229066422513756            +-    4.3274661367024642E-004 ) fb
  sig_HHZ  = (  0.81173264658304500            +-    4.7293805323569597E-004 ) fb

  mH       = 125.0000      GeV
  fact_scale 2.0
  ren_scale  1.0
  Kqq      =   0.32860058106964779            +-    2.9820405385860794E-004
  Kgq      =  -0.13092301805116535            +-    1.4517543373750679E-004
  K_nlo    =    1.1976775630184824            +-    3.3166483729599790E-004
  Kqq2     =    7.9871098769451740E-002       +-    3.0070365826390707E-004
  Kgq2     =   -6.8744316194591301E-002       +-    1.8261650005198994E-004
  Kqqs     =    5.0144824307237854E-003       +-    5.1712586679227653E-006
  Kgg      =    3.7064375727832058E-003       +-    3.6172164092046029E-006
  Kgghhz   =   0.11058623192250681            +-    3.0403139495472454E-004
  K_nnlo   =    1.2175252655968498            +-    4.8354200092016558E-004
  K_nnlo2  =    1.3281114975193566            +-    5.7118119346840637E-004
  sig_LO   = (  0.61003984609577511            +-    3.4378230232545622E-004 ) fb
  sig_NLO  = (  0.73063103621615799            +-    3.9890249568590207E-004 ) fb
  sig_NNLO = (  0.74273892564242006            +-    4.5298941004374250E-004 ) fb
  sig_HHZ  = (  0.81020093354473777            +-    4.8948850435514212E-004 ) fb

  mH       = 125.0000      GeV
  fact_scale 1.0
  ren_scale  1.5
  Kqq      =   0.24649002465779896            +-    2.1397441020339932E-004
  Kgq      =   -7.5814562524017637E-002       +-    1.2756470072386084E-004
  K_nlo    =    1.1706754621337814            +-    2.4911403230781835E-004
  Kqq2     =    6.3393332168561009E-002       +-    1.7561869218766523E-004
  Kgq2     =   -4.0840900843729669E-002       +-    1.2520984371441923E-004
  Kqqs     =    1.8457003946025872E-003       +-    3.1736999745426189E-006
  Kgg      =    1.5164020434254315E-003       +-    2.4645829382385938E-006
  Kgghhz   =   0.10663685529070083            +-    2.9277844397124794E-004
  K_nnlo   =    1.1965899958966408            +-    3.2953509318727170E-004
  K_nnlo2  =    1.3032268511873417            +-    4.4080902315647876E-004
  sig_LO   = (  0.61872720763544520            +-    3.4868695226386196E-004 ) fb
  sig_NLO  = (  0.72432875973336885            +-    3.8123452945720506E-004 ) fb
  sig_NNLO = (  0.74036278684563728            +-    4.0392409201083651E-004 ) fb
  sig_HHZ  = (  0.80634191055067761            +-    4.4268497902639592E-004 ) fb

  mH       = 125.0000      GeV
  fact_scale 1.5
  ren_scale  1.5
  Kqq      =   0.28549606805074629            +-    2.5700780014845077E-004
  Kgq      =  -0.10491006409424880            +-    1.2262286601581301E-004
  K_nlo    =    1.1805860039564975            +-    2.8476196481812320E-004
  Kqq2     =    7.6844299669725100E-002       +-    2.1823426596007594E-004
  Kgq2     =   -5.6283028943743582E-002       +-    1.4684521582291777E-004
  Kqqs     =    3.2030045979661620E-003       +-    3.8277355342116474E-006
  Kgg      =    2.5250713503957591E-003       +-    2.8514212769114752E-006
  Kgghhz   =   0.10315268766833113            +-    2.8342145734353691E-004
  K_nnlo   =    1.2068753506308409            +-    3.8768785255525974E-004
  K_nnlo2  =    1.3100280382991720            +-    4.8023910034652854E-004
  sig_LO   = (  0.61376750483376352            +-    3.4586081309544099E-004 ) fb
  sig_NLO  = (  0.72460532589004312            +-    3.8751377484552355E-004 ) fb
  sig_NNLO = (  0.74074087260206467            +-    4.1980948361260048E-004 ) fb
  sig_HHZ  = (  0.80405264032915280            +-    4.5442304414167011E-004 ) fb

  mH       = 125.0000      GeV
  fact_scale 2.0
  ren_scale  1.5
  Kqq      =   0.31378757178250521            +-    2.8473850965369651E-004
  Kgq      =  -0.12497830003364645            +-    1.3861954116407016E-004
  K_nlo    =    1.1888092717488588            +-    3.1668816850704347E-004
  Kqq2     =    8.6373727016528623E-002       +-    2.5556943055349659E-004
  Kgq2     =   -6.8149022485162219E-002       +-    1.7061077268370429E-004
  Kqqs     =    4.5705591989320038E-003       +-    4.7120568780917521E-006
  Kgg      =    3.3752510841586788E-003       +-    3.2945885843114945E-006
  Kgghhz   =   0.10082069710593784            +-    2.7721793894943661E-004
  K_nnlo   =    1.2149797865633158            +-    4.4130287043648035E-004
  K_nnlo2  =    1.3158004836692536            +-    5.2115065876467102E-004
  sig_LO   = (  0.61003984609577511            +-    3.4378230232545622E-004 ) fb
  sig_NLO  = (  0.72522102517490428            +-    3.9434702410319315E-004 ) fb
  sig_NNLO = (  0.74118608200456293            +-    4.3664808804796360E-004 ) fb
  sig_HHZ  = (  0.80269072455033796            +-    4.6825323704993943E-004 ) fb

  mH       = 125.0000      GeV
  fact_scale 1.0
  ren_scale  2.0
  Kqq      =   0.23886398529932948            +-    2.0738041108282713E-004
  Kgq      =   -7.3455561030843511E-002       +-    1.2358455093573355E-004
  K_nlo    =    1.1654084242684859            +-    2.4141204636651687E-004
  Kqq2     =    6.6622612842678799E-002       +-    1.7232894846818978E-004
  Kgq2     =   -4.0550103130165126E-002       +-    1.1704736171775963E-004
  Kqqs     =    1.7328306296471464E-003       +-    2.9793623269283436E-006
  Kgg      =    1.4228753672161549E-003       +-    2.3119380030210040E-006
  Kgghhz   =   0.10012756584167680            +-    2.7495813817279103E-004
  K_nnlo   =    1.1946366399778627            +-    3.1889081070691626E-004
  K_nnlo2  =    1.2947642058195394            +-    4.2106214137673545E-004
  sig_LO   = (  0.61872720763544520            +-    3.4868695226386196E-004 ) fb
  sig_NLO  = (  0.72106990010246452            +-    3.7933290161806983E-004 ) fb
  sig_NNLO = (  0.73915419239249380            +-    4.0064000597471461E-004 ) fb
  sig_HHZ  = (  0.80110584161304865            +-    4.3526384795885024E-004 ) fb

  mH       = 125.0000      GeV
  fact_scale 1.5
  ren_scale  2.0
  Kqq      =   0.27666175282542177            +-    2.4906673194224801E-004
  Kgq      =  -0.10164253699591877            +-    1.1881895468333793E-004
  K_nlo    =    1.1750192158295030            +-    2.7595684617786297E-004
  Kqq2     =    8.0391576469365955E-002       +-    2.0967791672678616E-004
  Kgq2     =   -5.5907930912006583E-002       +-    1.4098529913947474E-004
  Kqqs     =    3.0070699716296871E-003       +-    3.5931659871948042E-006
  Kgg      =    2.3691906681896921E-003       +-    2.6758756124893408E-006
  Kgghhz   =    9.6854789720056039E-002       +-    2.6614321725471128E-004
  K_nnlo   =    1.2048791220266817            +-    3.7418436023018120E-004
  K_nnlo2  =    1.3017339117467377            +-    4.5917986403103356E-004
  sig_LO   = (  0.61376750483376352            +-    3.4586081309544099E-004 ) fb
  sig_NLO  = (  0.72118861223139941            +-    3.8510652033503425E-004 ) fb
  sig_NNLO = (  0.73951565235261196            +-    4.1516795235327955E-004 ) fb
  sig_HHZ  = (  0.79896197497028965            +-    4.4614758795145015E-004 ) fb

  mH       = 125.0000      GeV
  fact_scale 2.0
  ren_scale  2.0
  Kqq      =   0.30407675470012302            +-    2.7591283334379589E-004
  Kgq      =  -0.12108338352605907            +-    1.3432142598512591E-004
  K_nlo    =    1.1829933711740641            +-    3.0687153188668211E-004
  Kqq2     =    9.0152994734701661E-002       +-    2.4043294091345954E-004
  Kgq2     =   -6.7646566404519631E-002       +-    1.6536068712689263E-004
  Kqqs     =    4.2908184354909567E-003       +-    4.4228085883037397E-006
  Kgg      =    3.1667841626072776E-003       +-    3.0914750089889168E-006
  Kgghhz   =    9.4666037598356248E-002       +-    2.6031800461635466E-004
  K_nnlo   =    1.2129574021023446            +-    4.2349900998631877E-004
  K_nnlo2  =    1.3076234397007009            +-    4.9710851429726343E-004
  sig_LO   = (  0.61003984609577511            +-    3.4378230232545622E-004 ) fb
  sig_NLO  = (  0.72167309408334823            +-    3.9144802639827476E-004 ) fb
  sig_NNLO = (  0.73995234689924538            +-    4.3003680139527817E-004 ) fb
  sig_HHZ  = (  0.79770240190624353            +-    4.5842172054910035E-004 ) fb

  pp ---> HHZ + X
  ===============

  PDFSET = PDF4LHC21_40                                NSET =   1
  Sqrt(S)  = 13.6 TeV
  LOOP     = 3
  alphaS(MZ) =   0.11800
          kl =   1.00000
          kv =   1.00000
         k2v =   1.00000
         kth =   1.00000
         kbh =   1.00000
 --------------

  mH       = 125.0000      GeV
  fact_scale 1.0
  ren_scale  1.0
  Kqq      =   0.25831626435764143            +-    2.2334034601827473E-004
  Kgq      =   -7.9498605531354252E-002       +-    1.3342601302206202E-004
  K_nlo    =    1.1788176588262871            +-    2.6016035653136346E-004
  Kqq2     =    5.7925288236277461E-002       +-    1.9825640594080881E-004
  Kgq2     =   -4.1251199039136398E-002       +-    1.4154403681804054E-004
  Kqqs     =    2.0270689620434826E-003       +-    3.4757953343048112E-006
  Kgg      =    1.6656876260333290E-003       +-    2.7069810004044220E-006
  Kgghhz   =   0.11698419467122587            +-    3.2094122010442599E-004
  K_nnlo   =    1.1991845046115048            +-    3.5643111096701741E-004
  K_nnlo2  =    1.3161686992827306            +-    4.7963152901711945E-004
  sig_LO   = (  0.61853178817711063            +-    3.4685003531402438E-004 ) fb
  sig_NLO  = (  0.72913619444857858            +-    3.8236026582927563E-004 ) fb
  sig_NNLO = (  0.74173373599163683            +-    4.1098577850850630E-004 ) fb
  sig_HHZ  = (  0.81409217911008935            +-    4.5641698254638449E-004 ) fb

  pp ---> HHZ + X
  ===============

  PDFSET = PDF4LHC21_40                                NSET =   2
  Sqrt(S)  = 13.6 TeV
  LOOP     = 3
  alphaS(MZ) =   0.11800
          kl =   1.00000
          kv =   1.00000
         k2v =   1.00000
         kth =   1.00000
         kbh =   1.00000
 --------------

  mH       = 125.0000      GeV
  fact_scale 1.0
  ren_scale  1.0
  Kqq      =   0.25821948067797129            +-    2.2385777923278848E-004
  Kgq      =   -7.9908321596718374E-002       +-    1.3411755314178179E-004
  K_nlo    =    1.1783111590812527            +-    2.6095942861635509E-004
  Kqq2     =    5.7896478129562993E-002       +-    1.9855055249960168E-004
  Kgq2     =   -4.1466910620242062E-002       +-    1.4224231312242799E-004
  Kqqs     =    2.0470405046259252E-003       +-    3.5095873960946638E-006
  Kgg      =    1.6606571401127906E-003       +-    2.6874286746912246E-006
  Kgghhz   =   0.11652139143525034            +-    3.1969633231265744E-004
  K_nnlo   =    1.1984484242353124            +-    3.5745567613434655E-004
  K_nnlo2  =    1.3149698156705627            +-    4.7956261874214921E-004
  sig_LO   = (  0.61761193938097403            +-    3.4740769261748923E-004 ) fb
  sig_NLO  = (  0.72773904015441604            +-    3.8297311719305885E-004 ) fb
  sig_NNLO = (  0.74017605554004384            +-    4.1161998150486946E-004 ) fb
  sig_HHZ  = (  0.81214105808373838            +-    4.5652692058174762E-004 ) fb

  pp ---> HHZ + X
  ===============

  PDFSET = PDF4LHC21_40                                NSET =   3
  Sqrt(S)  = 13.6 TeV
  LOOP     = 3
  alphaS(MZ) =   0.11800
          kl =   1.00000
          kv =   1.00000
         k2v =   1.00000
         kth =   1.00000
         kbh =   1.00000
 --------------

  mH       = 125.0000      GeV
  fact_scale 1.0
  ren_scale  1.0
  Kqq      =   0.25813700216499730            +-    2.2362589109337850E-004
  Kgq      =   -7.9398635217674318E-002       +-    1.3343826089872837E-004
  K_nlo    =    1.1787383669473230            +-    2.6041180587481951E-004
  Kqq2     =    5.7853245012461842E-002       +-    1.9847962817675830E-004
  Kgq2     =   -4.1194022211447537E-002       +-    1.4152145749894094E-004
  Kqqs     =    2.0251814771667246E-003       +-    3.4785369379828677E-006
  Kgg      =    1.6618957119741372E-003       +-    2.7004392414465833E-006
  Kgghhz   =   0.11670124503425656            +-    3.2084905418892126E-004
  K_nnlo   =    1.1990846669374782            +-    3.5672985151809081E-004
  K_nnlo2  =    1.3157859119717348            +-    4.7979193671636921E-004
  sig_LO   = (  0.61811177923849447            +-    3.4724131068434758E-004 ) fb
  sig_NLO  = (  0.72859206925048725            +-    3.8273464681448714E-004 ) fb
  sig_NNLO = (  0.74116835693832228            +-    4.1133478213138994E-004 ) fb
  sig_HHZ  = (  0.81330277114579408            +-    4.5664795558956502E-004 ) fb

  pp ---> HHZ + X
  ===============

  PDFSET = PDF4LHC21_40                                NSET =   4
  Sqrt(S)  = 13.6 TeV
  LOOP     = 3
  alphaS(MZ) =   0.11800
          kl =   1.00000
          kv =   1.00000
         k2v =   1.00000
         kth =   1.00000
         kbh =   1.00000
 --------------

  mH       = 125.0000      GeV
  fact_scale 1.0
  ren_scale  1.0
  Kqq      =   0.25862545140722104            +-    2.2414844696916843E-004
  Kgq      =   -8.0224987464832087E-002       +-    1.3516966854628905E-004
  K_nlo    =    1.1784004639423888            +-    2.6175057893652073E-004
  Kqq2     =    5.8045695974075030E-002       +-    1.9878499406370960E-004
  Kgq2     =   -4.1617590491431870E-002       +-    1.4341246299810490E-004
  Kqqs     =    2.0402627534669977E-003       +-    3.5105118796302871E-006
  Kgg      =    1.6913368316391353E-003       +-    2.7581457151375097E-006
  Kgghhz   =   0.11890031406213121            +-    3.2647082797495372E-004
  K_nnlo   =    1.1985601690101382            +-    3.5863059691434388E-004
  K_nnlo2  =    1.3174604830722694            +-    4.8497330499914159E-004
  sig_LO   = (  0.61079103491470721            +-    3.4406623640643736E-004 ) fb
  sig_NLO  = (  0.71975643891534280            +-    3.7939631116098261E-004 ) fb
  sig_NNLO = (  0.73206980603724858            +-    4.0787713368154767E-004 ) fb
  sig_HHZ  = (  0.80469305191494145            +-    4.5401133424120404E-004 ) fb

  pp ---> HHZ + X
  ===============

  PDFSET = PDF4LHC21_40                                NSET =   5
  Sqrt(S)  = 13.6 TeV
  LOOP     = 3
  alphaS(MZ) =   0.11800
          kl =   1.00000
          kv =   1.00000
         k2v =   1.00000
         kth =   1.00000
         kbh =   1.00000
 --------------

  mH       = 125.0000      GeV
  fact_scale 1.0
  ren_scale  1.0
  Kqq      =   0.25821383533135567            +-    2.2416971033148322E-004
  Kgq      =   -7.9298853341300185E-002       +-    1.3333594604059829E-004
  K_nlo    =    1.1789149819900555            +-    2.6082663502150703E-004
  Kqq2     =    5.7884360173317412E-002       +-    1.9881838637059480E-004
  Kgq2     =   -4.1141275207632139E-002       +-    1.4139170219347499E-004
  Kqqs     =    2.0231904663556518E-003       +-    3.4789679195800929E-006
  Kgg      =    1.6567266067899513E-003       +-    2.6948677127762909E-006
  Kgghhz   =   0.11628536088638644            +-    3.2075332000386928E-004
  K_nnlo   =    1.1993379840288865            +-    3.5716979613986498E-004
  K_nnlo2  =    1.3156233449152730            +-    4.8005515888082826E-004
  sig_LO   = (  0.61779417426101046            +-    3.4853312640153967E-004 ) fb
  sig_NLO  = (  0.72832680782248038            +-    3.8397985567250882E-004 ) fb
  sig_NNLO = (  0.74094401950299082            +-    4.1251065062772167E-004 ) fb
  sig_HHZ  = (  0.81278443801043954            +-    4.5763767020573211E-004 ) fb

  pp ---> HHZ + X
  ===============

  PDFSET = PDF4LHC21_40                                NSET =   6
  Sqrt(S)  = 13.6 TeV
  LOOP     = 3
  alphaS(MZ) =   0.11800
          kl =   1.00000
          kv =   1.00000
         k2v =   1.00000
         kth =   1.00000
         kbh =   1.00000
 --------------

  mH       = 125.0000      GeV
  fact_scale 1.0
  ren_scale  1.0
  Kqq      =   0.25821018237663013            +-    2.2355218197684135E-004
  Kgq      =   -7.9520555905057563E-002       +-    1.3365527861744007E-004
  K_nlo    =    1.1786896264715725            +-    2.6045980797219430E-004
  Kqq2     =    5.7883888646739934E-002       +-    1.9840484685412912E-004
  Kgq2     =   -4.1258145534074309E-002       +-    1.4180138602161457E-004
  Kqqs     =    2.0252127627264044E-003       +-    3.4737924889709746E-006
  Kgg      =    1.6709960238828069E-003       +-    2.7198576971675073E-006
  Kgghhz   =   0.11740468010173752            +-    3.2216942519144377E-004
  K_nnlo   =    1.1990115783708473            +-    3.5683454535950267E-004
  K_nnlo2  =    1.3164162584725847            +-    4.8075360767248356E-004
  sig_LO   = (  0.61859406630217384            +-    3.4744282920194777E-004 ) fb
  sig_NLO  = (  0.72913040894724046            +-    3.8298278921319157E-004 ) fb
  sig_NNLO = (  0.74170144780781011            +-    4.1163185387781186E-004 ) fb
  sig_HHZ  = (  0.81432728627484985            +-    4.5733808300169607E-004 ) fb

  pp ---> HHZ + X
  ===============

  PDFSET = PDF4LHC21_40                                NSET =   7
  Sqrt(S)  = 13.6 TeV
  LOOP     = 3
  alphaS(MZ) =   0.11800
          kl =   1.00000
          kv =   1.00000
         k2v =   1.00000
         kth =   1.00000
         kbh =   1.00000
 --------------

  mH       = 125.0000      GeV
  fact_scale 1.0
  ren_scale  1.0
  Kqq      =   0.25825710861821244            +-    2.2458968321748029E-004
  Kgq      =   -7.9284695807981018E-002       +-    1.3341949833156266E-004
  K_nlo    =    1.1789724128102315            +-    2.6123033580113548E-004
  Kqq2     =    5.7898217430168659E-002       +-    1.9916947053305974E-004
  Kgq2     =   -4.1135337289391144E-002       +-    1.4150414825804617E-004
  Kqqs     =    2.0229420385666926E-003       +-    3.4823922691743691E-006
  Kgg      =    1.6567971734535438E-003       +-    2.6898863106099213E-006
  Kgghhz   =   0.11630053357354819            +-    3.1997354169907008E-004
  K_nnlo   =    1.1994150321630292            +-    3.5770456085114274E-004
  K_nnlo2  =    1.3157155657365776            +-    4.7993293306581431E-004
  sig_LO   = (  0.61818485722606320            +-    3.4957853343278039E-004 ) fb
  sig_NLO  = (  0.72882289268656009            +-    3.8507626671679279E-004 ) fb
  sig_NNLO = (  0.74146021041249610            +-    4.1364542939172240E-004 ) fb
  sig_HHZ  = (  0.81335543915497499            +-    4.5850680281648307E-004 ) fb

  pp ---> HHZ + X
  ===============

  PDFSET = PDF4LHC21_40                                NSET =   8
  Sqrt(S)  = 13.6 TeV
  LOOP     = 3
  alphaS(MZ) =   0.11800
          kl =   1.00000
          kv =   1.00000
         k2v =   1.00000
         kth =   1.00000
         kbh =   1.00000
 --------------

  mH       = 125.0000      GeV
  fact_scale 1.0
  ren_scale  1.0
  Kqq      =   0.25795201149966279            +-    2.2409298881016288E-004
  Kgq      =   -7.9211010013306785E-002       +-    1.3370918950980390E-004
  K_nlo    =    1.1787410014863560            +-    2.6095174840042832E-004
  Kqq2     =    5.7777107193556283E-002       +-    1.9880929139283032E-004
  Kgq2     =   -4.1081877355043511E-002       +-    1.4184498430908199E-004
  Kqqs     =    2.0287153694182316E-003       +-    3.4891320744961532E-006
  Kgg      =    1.6647375718248246E-003       +-    2.7217779584392961E-006
  Kgghhz   =   0.11717759073959659            +-    3.2107968074845754E-004
  K_nnlo   =    1.1991296842661119            +-    3.5743605166363923E-004
  K_nnlo2  =    1.3163072750057085            +-    4.8047132320089948E-004
  sig_LO   = (  0.61945594400394788            +-    3.4934790386149478E-004 ) fb
  sig_NLO  = (  0.73017811981188963            +-    3.8493385137029957E-004 ) fb
  sig_NNLO = (  0.74280801055022039            +-    4.1360482693239212E-004 ) fb
  sig_HHZ  = (  0.81539436563792544            +-    4.5894232884783129E-004 ) fb

  pp ---> HHZ + X
  ===============

  PDFSET = PDF4LHC21_40                                NSET =   9
  Sqrt(S)  = 13.6 TeV
  LOOP     = 3
  alphaS(MZ) =   0.11800
          kl =   1.00000
          kv =   1.00000
         k2v =   1.00000
         kth =   1.00000
         kbh =   1.00000
 --------------

  mH       = 125.0000      GeV
  fact_scale 1.0
  ren_scale  1.0
  Kqq      =   0.25818536732430675            +-    2.2320579553977840E-004
  Kgq      =   -7.9437327679618960E-002       +-    1.3347692673966718E-004
  K_nlo    =    1.1787480396446877            +-    2.6007098479917330E-004
  Kqq2     =    5.7871155237512628E-002       +-    1.9817779617852357E-004
  Kgq2     =   -4.1212708082389672E-002       +-    1.4161881033777600E-004
  Kqqs     =    2.0276764042072353E-003       +-    3.4786806250058731E-006
  Kgg      =    1.6630791970101029E-003       +-    2.7034835622145474E-006
  Kgghhz   =   0.11683702998537251            +-    3.2030971023128141E-004
  K_nnlo   =    1.1990972424010280            +-    3.5635186756398119E-004
  K_nnlo2  =    1.3159342723864005            +-    4.7915025199282181E-004
  sig_LO   = (  0.62117973911673152            +-    3.4816925033729859E-004 ) fb
  sig_NLO  = (  0.73221439975084590            +-    3.8382352249417812E-004 ) fb
  sig_NNLO = (  0.74485491221026290            +-    4.1257900942971314E-004 ) fb
  sig_HHZ  = (  0.81743170801575038            +-    4.5805071882774271E-004 ) fb

  pp ---> HHZ + X
  ===============

  PDFSET = PDF4LHC21_40                                NSET =  10
  Sqrt(S)  = 13.6 TeV
  LOOP     = 3
  alphaS(MZ) =   0.11800
          kl =   1.00000
          kv =   1.00000
         k2v =   1.00000
         kth =   1.00000
         kbh =   1.00000
 --------------

  mH       = 125.0000      GeV
  fact_scale 1.0
  ren_scale  1.0
  Kqq      =   0.25808979409942406            +-    2.2419817749631734E-004
  Kgq      =   -7.9181311091374038E-002       +-    1.3342267727561668E-004
  K_nlo    =    1.1789084830080501            +-    2.6089544573269877E-004
  Kqq2     =    5.7832428023230263E-002       +-    1.9886262978420358E-004
  Kgq2     =   -4.1082662901642045E-002       +-    1.4154835782798479E-004
  Kqqs     =    2.0241272287679982E-003       +-    3.4847973866946277E-006
  Kgg      =    1.6569443568206948E-003       +-    2.7029320472997958E-006
  Kgghhz   =   0.11647965474594625            +-    3.1980473310915094E-004
  K_nnlo   =    1.1993393197152269            +-    3.5730682387414691E-004
  K_nnlo2  =    1.3158189744611732            +-    4.7952396572647539E-004
  sig_LO   = (  0.61793474420104300            +-    3.4868358335210064E-004 ) fb
  sig_NLO  = (  0.72848851188401909            +-    3.8414965338945406E-004 ) fb
  sig_NNLO = (  0.74111343573848165            +-    4.1270992403515030E-004 ) fb
  sig_HHZ  = (  0.81309026139854379            +-    4.5758336456694435E-004 ) fb

  pp ---> HHZ + X
  ===============

  PDFSET = PDF4LHC21_40                                NSET =  11
  Sqrt(S)  = 13.6 TeV
  LOOP     = 3
  alphaS(MZ) =   0.11800
          kl =   1.00000
          kv =   1.00000
         k2v =   1.00000
         kth =   1.00000
         kbh =   1.00000
 --------------

  mH       = 125.0000      GeV
  fact_scale 1.0
  ren_scale  1.0
  Kqq      =   0.25803926698918889            +-    2.2397133110215359E-004
  Kgq      =   -7.9367549970077320E-002       +-    1.3358545210465672E-004
  K_nlo    =    1.1786717170191117            +-    2.6078387636062941E-004
  Kqq2     =    5.7811321675049307E-002       +-    1.9870778812340156E-004
  Kgq2     =   -4.1177506664686184E-002       +-    1.4172775124841425E-004
  Kqqs     =    2.0229973367845108E-003       +-    3.4815736105296188E-006
  Kgg      =    1.6641040704601432E-003       +-    2.7061737434239927E-006
  Kgghhz   =   0.11690936328705219            +-    3.2077706610285291E-004
  K_nnlo   =    1.1989926334367194            +-    3.5721032380887067E-004
  K_nnlo2  =    1.3159019967237715            +-    4.8010117847511297E-004
  sig_LO   = (  0.61912813239278097            +-    3.4889566542098600E-004 ) fb
  sig_NLO  = (  0.72974881886223497            +-    3.8444385279132415E-004 ) fb
  sig_NNLO = (  0.74233006989237826            +-    4.1308530744372233E-004 ) fb
  sig_HHZ  = (  0.81471194564352001            +-    4.5834732209777907E-004 ) fb

  pp ---> HHZ + X
  ===============

  PDFSET = PDF4LHC21_40                                NSET =  12
  Sqrt(S)  = 13.6 TeV
  LOOP     = 3
  alphaS(MZ) =   0.11800
          kl =   1.00000
          kv =   1.00000
         k2v =   1.00000
         kth =   1.00000
         kbh =   1.00000
 --------------

  mH       = 125.0000      GeV
  fact_scale 1.0
  ren_scale  1.0
  Kqq      =   0.25794533212311299            +-    2.2360192157431876E-004
  Kgq      =   -7.9279617440538352E-002       +-    1.3343189552081729E-004
  K_nlo    =    1.1786657146825745            +-    2.6038796069328187E-004
  Kqq2     =    5.7773495157728651E-002       +-    1.9850819460985120E-004
  Kgq2     =   -4.1129017365814619E-002       +-    1.4159737563064592E-004
  Kqqs     =    2.0232570522596559E-003       +-    3.4783492533891418E-006
  Kgg      =    1.6613839625239327E-003       +-    2.7009709993492397E-006
  Kgghhz   =   0.11674260613959718            +-    3.1981317568695696E-004
  K_nnlo   =    1.1989948334892722            +-    3.5675846779666321E-004
  K_nnlo2  =    1.3157374396288692            +-    4.7912114510591074E-004
  sig_LO   = (  0.62273735438710998            +-    3.5014315164932490E-004 ) fb
  sig_NLO  = (  0.73399916886821870            +-    3.8586775261982391E-004 ) fb
  sig_NNLO = (  0.74665887053092272            +-    4.1467857975407410E-004 ) fb
  sig_HHZ  = (  0.81935885222255189            +-    4.6002486360068289E-004 ) fb

  pp ---> HHZ + X
  ===============

  PDFSET = PDF4LHC21_40                                NSET =  13
  Sqrt(S)  = 13.6 TeV
  LOOP     = 3
  alphaS(MZ) =   0.11800
          kl =   1.00000
          kv =   1.00000
         k2v =   1.00000
         kth =   1.00000
         kbh =   1.00000
 --------------

  mH       = 125.0000      GeV
  fact_scale 1.0
  ren_scale  1.0
  Kqq      =   0.25808272349545169            +-    2.2378430280780141E-004
  Kgq      =   -7.9230192693291790E-002       +-    1.3327277415997019E-004
  K_nlo    =    1.1788525308021600            +-    2.6046313849654074E-004
  Kqq2     =    5.7825918269498830E-002       +-    1.9857786881491717E-004
  Kgq2     =   -4.1105252659017814E-002       +-    1.4137065223610560E-004
  Kqqs     =    2.0201692935566369E-003       +-    3.4742905715805281E-006
  Kgg      =    1.6594062988200750E-003       +-    2.6973104377520552E-006
  Kgghhz   =   0.11654542074374555            +-    3.2025981806295986E-004
  K_nnlo   =    1.1992527720050177            +-    3.5676213923394100E-004
  K_nnlo2  =    1.3157981927487632            +-    4.7942212616492580E-004
  sig_LO   = (  0.61811156661073363            +-    3.4794906786238982E-004 ) fb
  sig_NLO  = (  0.72866238461715116            +-    3.8339018447464346E-004 ) fb
  sig_NNLO = (  0.74127200966628648            +-    4.1194307506256501E-004 ) fb
  sig_HHZ  = (  0.81331008226351009            +-    4.5703806510679506E-004 ) fb

  pp ---> HHZ + X
  ===============

  PDFSET = PDF4LHC21_40                                NSET =  14
  Sqrt(S)  = 13.6 TeV
  LOOP     = 3
  alphaS(MZ) =   0.11800
          kl =   1.00000
          kv =   1.00000
         k2v =   1.00000
         kth =   1.00000
         kbh =   1.00000
 --------------

  mH       = 125.0000      GeV
  fact_scale 1.0
  ren_scale  1.0
  Kqq      =   0.25820417758683190            +-    2.2419011106208616E-004
  Kgq      =   -7.9328179032836094E-002       +-    1.3346309142764999E-004
  K_nlo    =    1.1788759985539958            +-    2.6090918472038464E-004
  Kqq2     =    5.7879380184848894E-002       +-    1.9883052247163217E-004
  Kgq2     =   -4.1157981887929698E-002       +-    1.4158524104767147E-004
  Kqqs     =    2.0241563738859253E-003       +-    3.4826938626623515E-006
  Kgg      =    1.6589682823254959E-003       +-    2.6946711129687199E-006
  Kgghhz   =   0.11649359438158996            +-    3.2006850628668853E-004
  K_nnlo   =    1.1992805215071265            +-    3.5731351811717579E-004
  K_nnlo2  =    1.3157741158887164            +-    4.7970490819447043E-004
  sig_LO   = (  0.61905242830910578            +-    3.4927742746389555E-004 ) fb
  sig_NLO  = (  0.72978604958017290            +-    3.8481461718359555E-004 ) fb
  sig_NNLO = (  0.74241751906279740            +-    4.1342750723861451E-004 ) fb
  sig_HHZ  = (  0.81453316154717670            +-    4.5845549488138747E-004 ) fb

  pp ---> HHZ + X
  ===============

  PDFSET = PDF4LHC21_40                                NSET =  15
  Sqrt(S)  = 13.6 TeV
  LOOP     = 3
  alphaS(MZ) =   0.11800
          kl =   1.00000
          kv =   1.00000
         k2v =   1.00000
         kth =   1.00000
         kbh =   1.00000
 --------------

  mH       = 125.0000      GeV
  fact_scale 1.0
  ren_scale  1.0
  Kqq      =   0.25821069259076984            +-    2.2388267362539500E-004
  Kgq      =   -7.9195716996330975E-002       +-    1.3308395615126324E-004
  K_nlo    =    1.1790149755944390            +-    2.6045112964724588E-004
  Kqq2     =    5.7883284150051950E-002       +-    1.9860833869645697E-004
  Kgq2     =   -4.1098285589355889E-002       +-    1.4118210652202900E-004
  Kqqs     =    2.0219375256931424E-003       +-    3.4764680349406580E-006
  Kgg      =    1.6534762732006833E-003       +-    2.6834127605337279E-006
  Kgghhz   =   0.11609228421481922            +-    3.1861802997548049E-004
  K_nnlo   =    1.1994753879540290            +-    3.5669558011045211E-004
  K_nnlo2  =    1.3155676721688483            +-    4.7827731066379069E-004
  sig_LO   = (  0.61815028812852224            +-    3.4793841355711786E-004 ) fb
  sig_NLO  = (  0.72880844687154500            +-    3.8338163307819530E-004 ) fb
  sig_NNLO = (  0.74145605666685388            +-    4.1191944655415928E-004 ) fb
  sig_HHZ  = (  0.81321853560374269            +-    4.5658344301140430E-004 ) fb

  pp ---> HHZ + X
  ===============

  PDFSET = PDF4LHC21_40                                NSET =  16
  Sqrt(S)  = 13.6 TeV
  LOOP     = 3
  alphaS(MZ) =   0.11800
          kl =   1.00000
          kv =   1.00000
         k2v =   1.00000
         kth =   1.00000
         kbh =   1.00000
 --------------

  mH       = 125.0000      GeV
  fact_scale 1.0
  ren_scale  1.0
  Kqq      =   0.25795772524273064            +-    2.2406385091593760E-004
  Kgq      =   -7.9282867108367572E-002       +-    1.3354418926647267E-004
  K_nlo    =    1.1786748581343629            +-    2.6084221240841942E-004
  Kqq2     =    5.7779954968194165E-002       +-    1.9875950085281694E-004
  Kgq2     =   -4.1130475492906680E-002       +-    1.4167320810065247E-004
  Kqqs     =    2.0154802042464371E-003       +-    3.4710029698084116E-006
  Kgg      =    1.6700709605527312E-003       +-    2.7206659852009842E-006
  Kgghhz   =   0.11736894432150524            +-    3.2226629755087444E-004
  K_nnlo   =    1.1990098887744496            +-    3.5726005476673453E-004
  K_nnlo2  =    1.3163788330959547            +-    4.8113440250004873E-004
  sig_LO   = (  0.61863552562677826            +-    3.4887079348212369E-004 ) fb
  sig_NLO  = (  0.72917014040502004            +-    3.8438249198714759E-004 ) fb
  sig_NNLO = (  0.74175011277368674            +-    4.1298657779016977E-004 ) fb
  sig_HHZ  = (  0.81435871133628124            +-    4.5858965135268150E-004 ) fb

  pp ---> HHZ + X
  ===============

  PDFSET = PDF4LHC21_40                                NSET =  17
  Sqrt(S)  = 13.6 TeV
  LOOP     = 3
  alphaS(MZ) =   0.11800
          kl =   1.00000
          kv =   1.00000
         k2v =   1.00000
         kth =   1.00000
         kbh =   1.00000
 --------------

  mH       = 125.0000      GeV
  fact_scale 1.0
  ren_scale  1.0
  Kqq      =   0.25822421248099481            +-    2.2370340872571878E-004
  Kgq      =   -7.9070530035137226E-002       +-    1.3291062491035073E-004
  K_nlo    =    1.1791536824458575            +-    2.6020847274746059E-004
  Kqq2     =    5.7883841436830945E-002       +-    1.9848947295333133E-004
  Kgq2     =   -4.1022476791657089E-002       +-    1.4098908734099081E-004
  Kqqs     =    2.0207771352306926E-003       +-    3.4681365437020641E-006
  Kgg      =    1.6521810868813775E-003       +-    2.6841197663495847E-006
  Kgghhz   =   0.11603314071944398            +-    3.1857655647952364E-004
  K_nnlo   =    1.1996880053131436            +-    3.5637575027224931E-004
  K_nnlo2  =    1.3157211460325875            +-    4.7801118995318483E-004
  sig_LO   = (  0.62240434390267751            +-    3.4996574468409893E-004 ) fb
  sig_NLO  = (  0.73391037408314008            +-    3.8562340025659840E-004 ) fb
  sig_NNLO = (  0.74669102583483893            +-    4.1433756346292435E-004 ) fb
  sig_HHZ  = (  0.81891055665529155            +-    4.5933858551980289E-004 ) fb

  pp ---> HHZ + X
  ===============

  PDFSET = PDF4LHC21_40                                NSET =  18
  Sqrt(S)  = 13.6 TeV
  LOOP     = 3
  alphaS(MZ) =   0.11800
          kl =   1.00000
          kv =   1.00000
         k2v =   1.00000
         kth =   1.00000
         kbh =   1.00000
 --------------

  mH       = 125.0000      GeV
  fact_scale 1.0
  ren_scale  1.0
  Kqq      =   0.25816448511755091            +-    2.2378441336242251E-004
  Kgq      =   -7.9115339899187898E-002       +-    1.3291260582996367E-004
  K_nlo    =    1.1790491452183629            +-    2.6027912796164598E-004
  Kqq2     =    5.7862008376721376E-002       +-    1.9854758787474490E-004
  Kgq2     =   -4.1048890170177731E-002       +-    1.4097244949235466E-004
  Kqqs     =    2.0230473768106725E-003       +-    3.4762650805153112E-006
  Kgg      =    1.6495677162550629E-003       +-    2.6763780441975119E-006
  Kgghhz   =   0.11580758685543996            +-    3.1801801146475123E-004
  K_nnlo   =    1.1995348785179722            +-    3.5645314984942189E-004
  K_nnlo2  =    1.3153424653734123            +-    4.7769687423466470E-004
  sig_LO   = (  0.62147829799443877            +-    3.4962795190762123E-004 ) fb
  sig_NLO  = (  0.73275345602210618            +-    3.8523408486684525E-004 ) fb
  sig_NNLO = (  0.74548489468631540            +-    4.1390133347526275E-004 ) fb
  sig_HHZ  = (  0.81745679666007742            +-    4.5866806554671174E-004 ) fb

  pp ---> HHZ + X
  ===============

  PDFSET = PDF4LHC21_40                                NSET =  19
  Sqrt(S)  = 13.6 TeV
  LOOP     = 3
  alphaS(MZ) =   0.11800
          kl =   1.00000
          kv =   1.00000
         k2v =   1.00000
         kth =   1.00000
         kbh =   1.00000
 --------------

  mH       = 125.0000      GeV
  fact_scale 1.0
  ren_scale  1.0
  Kqq      =   0.25827123276576164            +-    2.2400119058285103E-004
  Kgq      =   -7.9661421046352640E-002       +-    1.3414391268405383E-004
  K_nlo    =    1.1786098117194090            +-    2.6109600282792880E-004
  Kqq2     =    5.7905713682723410E-002       +-    1.9875794434713790E-004
  Kgq2     =   -4.1327679761557823E-002       +-    1.4234151059190129E-004
  Kqqs     =    2.0272367905285406E-003       +-    3.4884525417988040E-006
  Kgg      =    1.6756642983709628E-003       +-    2.7291521590937528E-006
  Kgghhz   =   0.11775099671945234            +-    3.2333796670603828E-004
  K_nnlo   =    1.1988907467294743            +-    3.5771017087028707E-004
  K_nnlo2  =    1.3166417434489266            +-    4.8218669315696087E-004
  sig_LO   = (  0.61582037462210881            +-    3.4696400821922750E-004 ) fb
  sig_NLO  = (  0.72581193578633962            +-    3.8240931025114200E-004 ) fb
  sig_NNLO = (  0.73830134878192455            +-    4.1098612795928218E-004 ) fb
  sig_HHZ  = (  0.81081481169382441            +-    4.5668109028448411E-004 ) fb

  pp ---> HHZ + X
  ===============

  PDFSET = PDF4LHC21_40                                NSET =  20
  Sqrt(S)  = 13.6 TeV
  LOOP     = 3
  alphaS(MZ) =   0.11800
          kl =   1.00000
          kv =   1.00000
         k2v =   1.00000
         kth =   1.00000
         kbh =   1.00000
 --------------

  mH       = 125.0000      GeV
  fact_scale 1.0
  ren_scale  1.0
  Kqq      =   0.25809936294485375            +-    2.2396913941599166E-004
  Kgq      =   -7.9392288380055576E-002       +-    1.3358661651205684E-004
  K_nlo    =    1.1787070745647983            +-    2.6078259052682035E-004
  Kqq2     =    5.7836968368134241E-002       +-    1.9868211890014162E-004
  Kgq2     =   -4.1188446104464149E-002       +-    1.4171686715752413E-004
  Kqqs     =    2.0245938091278740E-003       +-    3.4802634807743851E-006
  Kgg      =    1.6638119551015118E-003       +-    2.7048129234036467E-006
  Kgghhz   =   0.11688172584913759            +-    3.2065910031856812E-004
  K_nnlo   =    1.1990440025926981            +-    3.5719076496505177E-004
  K_nnlo2  =    1.3159257284418358            +-    4.8000781367956124E-004
  sig_LO   = (  0.62060588299613739            +-    3.4960892595399675E-004 ) fb
  sig_NLO  = (  0.73151254480408057            +-    3.8525267771394295E-004 ) fb
  sig_NNLO = (  0.74413376198026415            +-    4.1396385027300488E-004 ) fb
  sig_HHZ  = (  0.81667124865698060            +-    4.5931278354819824E-004 ) fb

  pp ---> HHZ + X
  ===============

  PDFSET = PDF4LHC21_40                                NSET =  21
  Sqrt(S)  = 13.6 TeV
  LOOP     = 3
  alphaS(MZ) =   0.11800
          kl =   1.00000
          kv =   1.00000
         k2v =   1.00000
         kth =   1.00000
         kbh =   1.00000
 --------------

  mH       = 125.0000      GeV
  fact_scale 1.0
  ren_scale  1.0
  Kqq      =   0.25832023695397510            +-    2.2412775146131382E-004
  Kgq      =   -7.9864770828651330E-002       +-    1.3436661053799521E-004
  K_nlo    =    1.1784554661253237            +-    2.6131902916277211E-004
  Kqq2     =    5.7934757155225149E-002       +-    1.9871256222232529E-004
  Kgq2     =   -4.1433965043465686E-002       +-    1.4253479373831153E-004
  Kqqs     =    2.0356770477756247E-003       +-    3.5001904074829151E-006
  Kgg      =    1.6749738677265924E-003       +-    2.7240769712270572E-006
  Kgghhz   =   0.11765977355745463            +-    3.2313698255364296E-004
  K_nnlo   =    1.1986669091525854            +-    3.5792479201892687E-004
  K_nnlo2  =    1.3163266827100402            +-    4.8221122574621319E-004
  sig_LO   = (  0.61497694844654538            +-    3.4652665948545973E-004 ) fb
  sig_NLO  = (  0.72472294643790280            +-    3.8197759140023145E-004 ) fb
  sig_NNLO = (  0.73715251799450954            +-    4.1052595225636492E-004 ) fb
  sig_HHZ  = (  0.80951056649178454            +-    4.5609418924961553E-004 ) fb

  pp ---> HHZ + X
  ===============

  PDFSET = PDF4LHC21_40                                NSET =  22
  Sqrt(S)  = 13.6 TeV
  LOOP     = 3
  alphaS(MZ) =   0.11800
          kl =   1.00000
          kv =   1.00000
         k2v =   1.00000
         kth =   1.00000
         kbh =   1.00000
 --------------

  mH       = 125.0000      GeV
  fact_scale 1.0
  ren_scale  1.0
  Kqq      =   0.25812478757902335            +-    2.2395969741725627E-004
  Kgq      =   -7.9547954095458784E-002       +-    1.3398704314479285E-004
  K_nlo    =    1.1785768334835645            +-    2.6097983408285318E-004
  Kqq2     =    5.7846653049508430E-002       +-    1.9868653072549602E-004
  Kgq2     =   -4.1267195198950966E-002       +-    1.4215197489147975E-004
  Kqqs     =    2.0234409508580941E-003       +-    3.4809024823564839E-006
  Kgg      =    1.6763400623675104E-003       +-    2.7363718233841893E-006
  Kgghhz   =   0.11785643414294583            +-    3.2380926825605326E-004
  K_nnlo   =    1.1988560723473478            +-    3.5751027910822710E-004
  K_nnlo2  =    1.3167125064902936            +-    4.8235468472542387E-004
  sig_LO   = (  0.61710504788305631            +-    3.4762233713292966E-004 ) fb
  sig_NLO  = (  0.72730571326073601            +-    3.8311751106363936E-004 ) fb
  sig_NNLO = (  0.73982013393080281            +-    4.1172210347337153E-004 ) fb
  sig_HHZ  = (  0.81254993436591172            +-    4.5765145574327152E-004 ) fb

  pp ---> HHZ + X
  ===============

  PDFSET = PDF4LHC21_40                                NSET =  23
  Sqrt(S)  = 13.6 TeV
  LOOP     = 3
  alphaS(MZ) =   0.11800
          kl =   1.00000
          kv =   1.00000
         k2v =   1.00000
         kth =   1.00000
         kbh =   1.00000
 --------------

  mH       = 125.0000      GeV
  fact_scale 1.0
  ren_scale  1.0
  Kqq      =   0.25820716018719830            +-    2.2386051045626302E-004
  Kgq      =   -7.9498614987371319E-002       +-    1.3375506003259231E-004
  K_nlo    =    1.1787085451998269            +-    2.6077565880668578E-004
  Kqq2     =    5.7880005230571359E-002       +-    1.9863230320377095E-004
  Kgq2     =   -4.1243300639443675E-002       +-    1.4189652904321906E-004
  Kqqs     =    2.0276914273637992E-003       +-    3.4852134409174647E-006
  Kgg      =    1.6662105067815447E-003       +-    2.7092694728551935E-006
  Kgghhz   =   0.11705433755722440            +-    3.2119664874111968E-004
  K_nnlo   =    1.1990391517251000            +-    3.5722940515922565E-004
  K_nnlo2  =    1.3160934892823244            +-    4.8039581084033237E-004
  sig_LO   = (  0.61851542697088946            +-    3.4809951539959100E-004 ) fb
  sig_NLO  = (  0.72904941910850696            +-    3.8365212393661786E-004 ) fb
  sig_NNLO = (  0.74162421288406333            +-    4.1230209055634782E-004 ) fb
  sig_HHZ  = (  0.81402412645706457            +-    4.5766890741822611E-004 ) fb

  pp ---> HHZ + X
  ===============

  PDFSET = PDF4LHC21_40                                NSET =  24
  Sqrt(S)  = 13.6 TeV
  LOOP     = 3
  alphaS(MZ) =   0.11800
          kl =   1.00000
          kv =   1.00000
         k2v =   1.00000
         kth =   1.00000
         kbh =   1.00000
 --------------

  mH       = 125.0000      GeV
  fact_scale 1.0
  ren_scale  1.0
  Kqq      =   0.25799837171180656            +-    2.2375992728584628E-004
  Kgq      =   -7.9338369679032988E-002       +-    1.3353417573291299E-004
  K_nlo    =    1.1786600020327735            +-    2.6057605635905170E-004
  Kqq2     =    5.7796438282776391E-002       +-    1.9860032843613840E-004
  Kgq2     =   -4.1159260773570280E-002       +-    1.4169161938658515E-004
  Kqqs     =    2.0236716079586690E-003       +-    3.4780296184500422E-006
  Kgg      =    1.6627402782439038E-003       +-    2.7050586816549476E-006
  Kgghhz   =   0.11681807787659143            +-    3.2080219002936537E-004
  K_nnlo   =    1.1989835914281823            +-    3.5698445433865694E-004
  K_nnlo2  =    1.3158016693047738            +-    4.7994994089707490E-004
  sig_LO   = (  0.62031672329117404            +-    3.4918412339673608E-004 ) fb
  sig_NLO  = (  0.73114251033533861            +-    3.8478167828565930E-004 ) fb
  sig_NNLO = (  0.74374957271461362            +-    4.1348124913415877E-004 ) fb
  sig_HHZ  = (  0.81621378000419398            +-    4.5887616063311791E-004 ) fb

  pp ---> HHZ + X
  ===============

  PDFSET = PDF4LHC21_40                                NSET =  25
  Sqrt(S)  = 13.6 TeV
  LOOP     = 3
  alphaS(MZ) =   0.11800
          kl =   1.00000
          kv =   1.00000
         k2v =   1.00000
         kth =   1.00000
         kbh =   1.00000
 --------------

  mH       = 125.0000      GeV
  fact_scale 1.0
  ren_scale  1.0
  Kqq      =   0.25813192403727797            +-    2.2415646404652908E-004
  Kgq      =   -7.9606854495404292E-002       +-    1.3409146758136591E-004
  K_nlo    =    1.1785250695418736            +-    2.6120230100817909E-004
  Kqq2     =    5.7851641419571311E-002       +-    1.9883419036877147E-004
  Kgq2     =   -4.1299505214355908E-002       +-    1.4226994493020455E-004
  Kqqs     =    2.0263140260446022E-003       +-    3.4849715646420178E-006
  Kgg      =    1.6746862542947525E-003       +-    2.7258734412395000E-006
  Kgghhz   =   0.11768076774675759            +-    3.2287653563817362E-004
  K_nnlo   =    1.1987782060274284            +-    3.5780160697632379E-004
  K_nnlo2  =    1.3164589737741859            +-    4.8194527409297055E-004
  sig_LO   = (  0.61783553786586620            +-    3.4844988095298615E-004 ) fb
  sig_NLO  = (  0.72813467022881095            +-    3.8400630806853726E-004 ) fb
  sig_NNLO = (  0.74064777770283452            +-    4.1265720615911374E-004 ) fb
  sig_HHZ  = (  0.81335513814012061            +-    4.5834492978358141E-004 ) fb

  pp ---> HHZ + X
  ===============

  PDFSET = PDF4LHC21_40                                NSET =  26
  Sqrt(S)  = 13.6 TeV
  LOOP     = 3
  alphaS(MZ) =   0.11800
          kl =   1.00000
          kv =   1.00000
         k2v =   1.00000
         kth =   1.00000
         kbh =   1.00000
 --------------

  mH       = 125.0000      GeV
  fact_scale 1.0
  ren_scale  1.0
  Kqq      =   0.25810503660522277            +-    2.2260773021008868E-004
  Kgq      =   -7.9397814378194695E-002       +-    1.3303392990696191E-004
  K_nlo    =    1.1787072222270283            +-    2.5933034542023435E-004
  Kqq2     =    5.7842463971204232E-002       +-    1.9775569669506550E-004
  Kgq2     =   -4.1190691425161213E-002       +-    1.4104002311232883E-004
  Kqqs     =    2.0279215959911534E-003       +-    3.4662267879915866E-006
  Kgg      =    1.6611743534457341E-003       +-    2.6994497094435329E-006
  Kgghhz   =   0.11669077610765066            +-    3.2014175909662521E-004
  K_nnlo   =    1.1990480907225083            +-    3.5534649781239535E-004
  K_nnlo2  =    1.3157388668301588            +-    4.7829058053135051E-004
  sig_LO   = (  0.62005672246181820            +-    3.4595936846457489E-004 ) fb
  sig_NLO  = (  0.73086533695616496            +-    3.8150278053014457E-004 ) fb
  sig_NNLO = (  0.74347782920749916            +-    4.1016507669816826E-004 ) fb
  sig_HHZ  = (  0.81583272938233486            +-    4.5567536907019130E-004 ) fb

  pp ---> HHZ + X
  ===============

  PDFSET = PDF4LHC21_40                                NSET =  27
  Sqrt(S)  = 13.6 TeV
  LOOP     = 3
  alphaS(MZ) =   0.11800
          kl =   1.00000
          kv =   1.00000
         k2v =   1.00000
         kth =   1.00000
         kbh =   1.00000
 --------------

  mH       = 125.0000      GeV
  fact_scale 1.0
  ren_scale  1.0
  Kqq      =   0.25816819810499098            +-    2.2396661766176698E-004
  Kgq      =   -7.9455932161427031E-002       +-    1.3368231322807400E-004
  K_nlo    =    1.1787122659435640            +-    2.6082945902804194E-004
  Kqq2     =    5.7864973466983737E-002       +-    1.9872273381224141E-004
  Kgq2     =   -4.1223357611554455E-002       +-    1.4181715775330952E-004
  Kqqs     =    2.0248370962943699E-003       +-    3.4830477613840662E-006
  Kgg      =    1.6669461922011386E-003       +-    2.7113285256589961E-006
  Kgghhz   =   0.11709916893065982            +-    3.2158584126643042E-004
  K_nnlo   =    1.1990456650874890            +-    3.5728744840531572E-004
  K_nnlo2  =    1.3161448340181487            +-    4.8069925534685294E-004
  sig_LO   = (  0.61812170650692000            +-    3.4817637142676484E-004 ) fb
  sig_NLO  = (  0.72858763730567433            +-    3.8369268530499714E-004 ) fb
  sig_NNLO = (  0.74115615268360346            +-    4.1231085271454892E-004 ) fb
  sig_HHZ  = (  0.81353769081356497            +-    4.5772634318175671E-004 ) fb

  pp ---> HHZ + X
  ===============

  PDFSET = PDF4LHC21_40                                NSET =  28
  Sqrt(S)  = 13.6 TeV
  LOOP     = 3
  alphaS(MZ) =   0.11800
          kl =   1.00000
          kv =   1.00000
         k2v =   1.00000
         kth =   1.00000
         kbh =   1.00000
 --------------

  mH       = 125.0000      GeV
  fact_scale 1.0
  ren_scale  1.0
  Kqq      =   0.25817664499120691            +-    2.2406728470896723E-004
  Kgq      =   -7.9345016191069220E-002       +-    1.3347687456276167E-004
  K_nlo    =    1.1788316288001377            +-    2.6081070553160313E-004
  Kqq2     =    5.7869143675788791E-002       +-    1.9871537942892233E-004
  Kgq2     =   -4.1165184279620841E-002       +-    1.4158086779109057E-004
  Kqqs     =    2.0285735403612832E-003       +-    3.4869078134067731E-006
  Kgg      =    1.6561637068113002E-003       +-    2.6890932701514120E-006
  Kgghhz   =   0.11630287576459843            +-    3.1922832032533246E-004
  K_nnlo   =    1.1992203254434783            +-    3.5717580827187363E-004
  K_nnlo2  =    1.3155232012080769            +-    4.7904204253113242E-004
  sig_LO   = (  0.61988921213579684            +-    3.4934992549351103E-004 ) fb
  sig_NLO  = (  0.73074500961767541            +-    3.8494645022797442E-004 ) fb
  sig_NNLO = (  0.74338374271639152            +-    4.1360307821040209E-004 ) fb
  sig_HHZ  = (  0.81547864074323595            +-    4.5850458152633104E-004 ) fb

  pp ---> HHZ + X
  ===============

  PDFSET = PDF4LHC21_40                                NSET =  29
  Sqrt(S)  = 13.6 TeV
  LOOP     = 3
  alphaS(MZ) =   0.11800
          kl =   1.00000
          kv =   1.00000
         k2v =   1.00000
         kth =   1.00000
         kbh =   1.00000
 --------------

  mH       = 125.0000      GeV
  fact_scale 1.0
  ren_scale  1.0
  Kqq      =   0.25823316505676697            +-    2.2407764627985151E-004
  Kgq      =   -7.9383823680644894E-002       +-    1.3349854979834613E-004
  K_nlo    =    1.1788493413761221            +-    2.6083070057142382E-004
  Kqq2     =    5.7891346511899450E-002       +-    1.9874128733509875E-004
  Kgq2     =   -4.1187322594700135E-002       +-    1.4163215164583534E-004
  Kqqs     =    2.0298061309731341E-003       +-    3.4879063087978361E-006
  Kgg      =    1.6582883348713485E-003       +-    2.6939946233375617E-006
  Kgghhz   =   0.11647619631667708            +-    3.1946536052835002E-004
  K_nnlo   =    1.1992414597591659            +-    3.5722519946032708E-004
  K_nnlo2  =    1.3157176560758430            +-    4.7923685136577212E-004
  sig_LO   = (  0.62029209029750410            +-    3.4952115020131746E-004 ) fb
  sig_NLO  = (  0.73123092210803076            +-    3.8515118260186600E-004 ) fb
  sig_NNLO = (  0.74387999184544318            +-    4.1384113894659042E-004 ) fb
  sig_HHZ  = (  0.81612925512861723            +-    4.5883831753075878E-004 ) fb

  pp ---> HHZ + X
  ===============

  PDFSET = PDF4LHC21_40                                NSET =  30
  Sqrt(S)  = 13.6 TeV
  LOOP     = 3
  alphaS(MZ) =   0.11800
          kl =   1.00000
          kv =   1.00000
         k2v =   1.00000
         kth =   1.00000
         kbh =   1.00000
 --------------

  mH       = 125.0000      GeV
  fact_scale 1.0
  ren_scale  1.0
  Kqq      =   0.25818800544524978            +-    2.2396112766597952E-004
  Kgq      =   -7.9454010455311391E-002       +-    1.3355216590720087E-004
  K_nlo    =    1.1787339949899382            +-    2.6075806358370144E-004
  Kqq2     =    5.7871816430922061E-002       +-    1.9866844427182741E-004
  Kgq2     =   -4.1221393589141508E-002       +-    1.4166811232029587E-004
  Kqqs     =    2.0236155576196938E-003       +-    3.4784912085129196E-006
  Kgg      =    1.6638304221559767E-003       +-    2.6975426738655738E-006
  Kgghhz   =   0.11678395697401846            +-    3.2072653235744374E-004
  K_nnlo   =    1.1990718638114943            +-    3.5714583738197323E-004
  K_nnlo2  =    1.3158558207855129            +-    4.8001943472874230E-004
  sig_LO   = (  0.61913376111974816            +-    3.4875276326932949E-004 ) fb
  sig_NLO  = (  0.72979401167782698            +-    3.8430807170821037E-004 ) fb
  sig_NNLO = (  0.74238587289447722            +-    4.1294431426094615E-004 ) fb
  sig_HHZ  = (  0.81469076341424806            +-    4.5820747897613260E-004 ) fb

  pp ---> HHZ + X
  ===============

  PDFSET = PDF4LHC21_40                                NSET =  31
  Sqrt(S)  = 13.6 TeV
  LOOP     = 3
  alphaS(MZ) =   0.11800
          kl =   1.00000
          kv =   1.00000
         k2v =   1.00000
         kth =   1.00000
         kbh =   1.00000
 --------------

  mH       = 125.0000      GeV
  fact_scale 1.0
  ren_scale  1.0
  Kqq      =   0.25814890949093222            +-    2.2474312806939679E-004
  Kgq      =   -7.9352832057907066E-002       +-    1.3369202771740840E-004
  K_nlo    =    1.1787960774330251            +-    2.6150149500454021E-004
  Kqq2     =    5.7856504394508533E-002       +-    1.9921556175114317E-004
  Kgq2     =   -4.1169106192034864E-002       +-    1.4180471461383928E-004
  Kqqs     =    2.0226398836727198E-003       +-    3.4858297996530013E-006
  Kgg      =    1.6622983372024994E-003       +-    2.7016685287365664E-006
  Kgghhz   =   0.11673195700697205            +-    3.2102302089175987E-004
  K_nnlo   =    1.1991684138563738            +-    3.5804734190100735E-004
  K_nnlo2  =    1.3159003708633459            +-    4.8088842675286764E-004
  sig_LO   = (  0.61721275519381535            +-    3.4946850879135353E-004 ) fb
  sig_NLO  = (  0.72756797476409962            +-    3.8494007719929509E-004 ) fb
  sig_NNLO = (  0.74014204065769018            +-    4.1347966273205583E-004 ) fb
  sig_HHZ  = (  0.81219049346112937            +-    4.5850266544856188E-004 ) fb

  pp ---> HHZ + X
  ===============

  PDFSET = PDF4LHC21_40                                NSET =  32
  Sqrt(S)  = 13.6 TeV
  LOOP     = 3
  alphaS(MZ) =   0.11800
          kl =   1.00000
          kv =   1.00000
         k2v =   1.00000
         kth =   1.00000
         kbh =   1.00000
 --------------

  mH       = 125.0000      GeV
  fact_scale 1.0
  ren_scale  1.0
  Kqq      =   0.25812527088301707            +-    2.2407078861596253E-004
  Kgq      =   -7.9423409718602886E-002       +-    1.3372299076398042E-004
  K_nlo    =    1.1787018611644142            +-    2.6093975659113915E-004
  Kqq2     =    5.7847500207309131E-002       +-    1.9874783764577949E-004
  Kgq2     =   -4.1202733064852344E-002       +-    1.4186949160576224E-004
  Kqqs     =    2.0266338825018298E-003       +-    3.4864249740472826E-006
  Kgg      =    1.6630203397400695E-003       +-    2.7043971231199349E-006
  Kgghhz   =   0.11682656031574620            +-    3.2077183418448518E-004
  K_nnlo   =    1.1990362825291130            +-    3.5740268760893885E-004
  K_nnlo2  =    1.3158628428448591            +-    4.8024082574909388E-004
  sig_LO   = (  0.61964179194027891            +-    3.4937168770869101E-004 ) fb
  sig_NLO  = (  0.73037293341525944            +-    3.8497268289060428E-004 ) fb
  sig_NNLO = (  0.74297299070775003            +-    4.1364941068329194E-004 ) fb
  sig_HHZ  = (  0.81536360988801804            +-    4.5892572080283002E-004 ) fb

  pp ---> HHZ + X
  ===============

  PDFSET = PDF4LHC21_40                                NSET =  33
  Sqrt(S)  = 13.6 TeV
  LOOP     = 3
  alphaS(MZ) =   0.11800
          kl =   1.00000
          kv =   1.00000
         k2v =   1.00000
         kth =   1.00000
         kbh =   1.00000
 --------------

  mH       = 125.0000      GeV
  fact_scale 1.0
  ren_scale  1.0
  Kqq      =   0.25812079073890809            +-    2.2392713208126147E-004
  Kgq      =   -7.9370135170672942E-002       +-    1.3353789838877302E-004
  K_nlo    =    1.1787506555682350            +-    2.6072155796602050E-004
  Kqq2     =    5.7845887903834617E-002       +-    1.9865684677013455E-004
  Kgq2     =   -4.1177805824590581E-002       +-    1.4165802659133687E-004
  Kqqs     =    2.0242446000681416E-003       +-    3.4801891553133716E-006
  Kgg      =    1.6629384183714413E-003       +-    2.7049686517551382E-006
  Kgghhz   =   0.11681399634510520            +-    3.2090446538743584E-004
  K_nnlo   =    1.1991059206659187            +-    3.5710880502529943E-004
  K_nnlo2  =    1.3159199170110238            +-    4.8011079401758227E-004
  sig_LO   = (  0.61863467135664618            +-    3.4842016071033642E-004 ) fb
  sig_NLO  = (  0.72921602441888633            +-    3.8394208234607231E-004 ) fb
  sig_NNLO = (  0.74180849715296926            +-    4.1255569976350370E-004 ) fb
  sig_HHZ  = (  0.81407368539177982            +-    4.5783560305713610E-004 ) fb

  pp ---> HHZ + X
  ===============

  PDFSET = PDF4LHC21_40                                NSET =  34
  Sqrt(S)  = 13.6 TeV
  LOOP     = 3
  alphaS(MZ) =   0.11800
          kl =   1.00000
          kv =   1.00000
         k2v =   1.00000
         kth =   1.00000
         kbh =   1.00000
 --------------

  mH       = 125.0000      GeV
  fact_scale 1.0
  ren_scale  1.0
  Kqq      =   0.25801561113898852            +-    2.2292430085343179E-004
  Kgq      =   -7.9429234857442299E-002       +-    1.3344391264356198E-004
  K_nlo    =    1.1785863762815463            +-    2.5981247416668421E-004
  Kqq2     =    5.7802879348036344E-002       +-    1.9803827343644185E-004
  Kgq2     =   -4.1207862978442089E-002       +-    1.4155948065282530E-004
  Kqqs     =    2.0253836502047064E-003       +-    3.4728895665546591E-006
  Kgg      =    1.6679801542535410E-003       +-    2.7142831478542975E-006
  Kgghhz   =   0.11723593366175782            +-    3.2108487514679218E-004
  K_nnlo   =    1.1988747564555988            +-    3.5606206528630190E-004
  K_nnlo2  =    1.3161106901173567            +-    4.7945353412398351E-004
  sig_LO   = (  0.62096626955722678            +-    3.4726966844042236E-004 ) fb
  sig_NLO  = (  0.73186238543052173            +-    3.8291661596448777E-004 ) fb
  sig_NNLO = (  0.74446078518256198            +-    4.1168258702254751E-004 ) fb
  sig_HHZ  = (  0.81726034556656224            +-    4.5742330958388342E-004 ) fb

  pp ---> HHZ + X
  ===============

  PDFSET = PDF4LHC21_40                                NSET =  35
  Sqrt(S)  = 13.6 TeV
  LOOP     = 3
  alphaS(MZ) =   0.11800
          kl =   1.00000
          kv =   1.00000
         k2v =   1.00000
         kth =   1.00000
         kbh =   1.00000
 --------------

  mH       = 125.0000      GeV
  fact_scale 1.0
  ren_scale  1.0
  Kqq      =   0.25809903019977665            +-    2.2411584183532562E-004
  Kgq      =   -7.9375942155061718E-002       +-    1.3359002188439742E-004
  K_nlo    =    1.1787230880447148            +-    2.6091033806392277E-004
  Kqq2     =    5.7837847388829279E-002       +-    1.9878967637038941E-004
  Kgq2     =   -4.1179461913190336E-002       +-    1.4171750890839933E-004
  Kqqs     =    2.0229208888597728E-003       +-    3.4799143117818206E-006
  Kgg      =    1.6652713320514279E-003       +-    2.7075512464282921E-006
  Kgghhz   =   0.11698982021558171            +-    3.2101954303565136E-004
  K_nnlo   =    1.1990696657412649            +-    3.5734413792399932E-004
  K_nnlo2  =    1.3160594859568466            +-    4.8036275867251063E-004
  sig_LO   = (  0.61903060998291226            +-    3.4904598393205977E-004 ) fb
  sig_NLO  = (  0.72966567219326195            +-    3.8460246868605487E-004 ) fb
  sig_NNLO = (  0.74226082659582215            +-    4.1323796764918967E-004 ) fb
  sig_HHZ  = (  0.81468110636566493            +-    4.5853639262346087E-004 ) fb

  pp ---> HHZ + X
  ===============

  PDFSET = PDF4LHC21_40                                NSET =  36
  Sqrt(S)  = 13.6 TeV
  LOOP     = 3
  alphaS(MZ) =   0.11800
          kl =   1.00000
          kv =   1.00000
         k2v =   1.00000
         kth =   1.00000
         kbh =   1.00000
 --------------

  mH       = 125.0000      GeV
  fact_scale 1.0
  ren_scale  1.0
  Kqq      =   0.25811228123119362            +-    2.2404113224480586E-004
  Kgq      =   -7.9558176427230703E-002       +-    1.3393485285342498E-004
  K_nlo    =    1.1785541048039629            +-    2.6102293720361660E-004
  Kqq2     =    5.7840483659321269E-002       +-    1.9875007506066090E-004
  Kgq2     =   -4.1270471915732541E-002       +-    1.4204367172413184E-004
  Kqqs     =    2.0223165495337086E-003       +-    3.4781404236781380E-006
  Kgg      =    1.6746620541022645E-003       +-    2.7267265132977982E-006
  Kgghhz   =   0.11765456230735473            +-    3.2365686330926134E-004
  K_nnlo   =    1.1988210951511875            +-    3.5753391903171872E-004
  K_nnlo2  =    1.3164756574585423            +-    4.8226991241976671E-004
  sig_LO   = (  0.61819859537655997            +-    3.4844867029948845E-004 ) fb
  sig_NLO  = (  0.72858049216508891            +-    3.8399846428109234E-004 ) fb
  sig_NNLO = (  0.74110951713025353            +-    4.1263712360076790E-004 ) fb
  sig_HHZ  = (  0.81384340228830421            +-    4.5858814875544032E-004 ) fb

  pp ---> HHZ + X
  ===============

  PDFSET = PDF4LHC21_40                                NSET =  37
  Sqrt(S)  = 13.6 TeV
  LOOP     = 3
  alphaS(MZ) =   0.11800
          kl =   1.00000
          kv =   1.00000
         k2v =   1.00000
         kth =   1.00000
         kbh =   1.00000
 --------------

  mH       = 125.0000      GeV
  fact_scale 1.0
  ren_scale  1.0
  Kqq      =   0.25794995647272306            +-    2.2384912835010358E-004
  Kgq      =   -7.9222746365368371E-002       +-    1.3329335901595568E-004
  K_nlo    =    1.1787272101073547            +-    2.6052936844213472E-004
  Kqq2     =    5.7778142591520081E-002       +-    1.9867821621514695E-004
  Kgq2     =   -4.1099993223974840E-002       +-    1.4140699746508715E-004
  Kqqs     =    2.0202842558125402E-003       +-    3.4733581195191900E-006
  Kgg      =    1.6602778454487734E-003       +-    2.6992935976135344E-006
  Kgghhz   =   0.11662932821809381            +-    3.2017255602163517E-004
  K_nnlo   =    1.1990859215761613            +-    3.5688075705189541E-004
  K_nnlo2  =    1.3157152497942552            +-    4.7945212522561737E-004
  sig_LO   = (  0.62042870261830330            +-    3.4931516125782681E-004 ) fb
  sig_NLO  = (  0.73131619370779832            +-    3.8490068657811411E-004 ) fb
  sig_NNLO = (  0.74394732265137042            +-    4.1357887309272345E-004 ) fb
  sig_HHZ  = (  0.81630750544496666            +-    4.5881043990171361E-004 ) fb

  pp ---> HHZ + X
  ===============

  PDFSET = PDF4LHC21_40                                NSET =  38
  Sqrt(S)  = 13.6 TeV
  LOOP     = 3
  alphaS(MZ) =   0.11800
          kl =   1.00000
          kv =   1.00000
         k2v =   1.00000
         kth =   1.00000
         kbh =   1.00000
 --------------

  mH       = 125.0000      GeV
  fact_scale 1.0
  ren_scale  1.0
  Kqq      =   0.25798561628778927            +-    2.2392482115028039E-004
  Kgq      =   -7.9248170819373437E-002       +-    1.3333666660982231E-004
  K_nlo    =    1.1787374454684159            +-    2.6061656161841283E-004
  Kqq2     =    5.7791781001400408E-002       +-    1.9868395502009172E-004
  Kgq2     =   -4.1111608376327158E-002       +-    1.4144150661445803E-004
  Kqqs     =    2.0220158626378789E-003       +-    3.4761766609739739E-006
  Kgg      =    1.6589823738327094E-003       +-    2.6961629993279833E-006
  Kgghhz   =   0.11652970136359517            +-    3.1989847149560270E-004
  K_nnlo   =    1.1990986163299595            +-    3.5696128510623505E-004
  K_nnlo2  =    1.3156283176935546            +-    4.7932910523972749E-004
  sig_LO   = (  0.62084215642692187            +-    3.4976006806167100E-004 ) fb
  sig_NLO  = (  0.73180989750577252            +-    3.8537243142681570E-004 ) fb
  sig_NNLO = (  0.74445097073083033            +-    4.1406041686463261E-004 ) fb
  sig_HHZ  = (  0.81679752181318999            +-    4.5922821508367743E-004 ) fb

  pp ---> HHZ + X
  ===============

  PDFSET = PDF4LHC21_40                                NSET =  39
  Sqrt(S)  = 13.6 TeV
  LOOP     = 3
  alphaS(MZ) =   0.11800
          kl =   1.00000
          kv =   1.00000
         k2v =   1.00000
         kth =   1.00000
         kbh =   1.00000
 --------------

  mH       = 125.0000      GeV
  fact_scale 1.0
  ren_scale  1.0
  Kqq      =   0.25799883741177154            +-    2.2400333114729238E-004
  Kgq      =   -7.9449870278979470E-002       +-    1.3382062701136486E-004
  K_nlo    =    1.1785489671327922            +-    2.6093189260571113E-004
  Kqq2     =    5.7791871557247854E-002       +-    1.9872122129188909E-004
  Kgq2     =   -4.1209313060331217E-002       +-    1.4197018304959268E-004
  Kqqs     =    2.0199980415343912E-003       +-    3.4770491485996598E-006
  Kgg      =    1.6705183649005145E-003       +-    2.7187221918634095E-006
  Kgghhz   =   0.11739454878374915            +-    3.2198326888414940E-004
  K_nnlo   =    1.1988220420361437            +-    3.5742214616166625E-004
  K_nnlo2  =    1.3162165908198928            +-    4.8106529287419389E-004
  sig_LO   = (  0.61857138748802554            +-    3.4868404644072956E-004 ) fb
  sig_NLO  = (  0.72901666982191060            +-    3.8422927945038713E-004 ) fb
  sig_NNLO = (  0.74155701389352546            +-    4.1287025132897496E-004 ) fb
  sig_HHZ  = (  0.81417392281821988            +-    4.5839981335856617E-004 ) fb

  pp ---> HHZ + X
  ===============

  PDFSET = PDF4LHC21_40                                NSET =  40
  Sqrt(S)  = 13.6 TeV
  LOOP     = 3
  alphaS(MZ) =   0.11800
          kl =   1.00000
          kv =   1.00000
         k2v =   1.00000
         kth =   1.00000
         kbh =   1.00000
 --------------

  mH       = 125.0000      GeV
  fact_scale 1.0
  ren_scale  1.0
  Kqq      =   0.25811374403565979            +-    2.2400298953145423E-004
  Kgq      =   -7.9378107296017741E-002       +-    1.3353982563008466E-004
  K_nlo    =    1.1787356367396420            +-    2.6078769976427610E-004
  Kqq2     =    5.7842641464160252E-002       +-    1.9875495506637057E-004
  Kgq2     =   -4.1182600419340493E-002       +-    1.4166670131668870E-004
  Kqqs     =    2.0243700725882077E-003       +-    3.4790888346831187E-006
  Kgg      =    1.6638869562629016E-003       +-    2.7053895743724413E-006
  Kgghhz   =   0.11688023724223290            +-    3.2092151693925974E-004
  K_nnlo   =    1.1990839348133127            +-    3.5721510881483976E-004
  K_nnlo2  =    1.3159641720555455            +-    4.8020126405518069E-004
  sig_LO   = (  0.61895630420915548            +-    3.4879087187162256E-004 ) fb
  sig_NLO  = (  0.72958585335599446            +-    3.8433092376597626E-004 ) fb
  sig_NNLO = (  0.74218056072861993            +-    4.1296552236641190E-004 ) fb
  sig_HHZ  = (  0.81452432040716172            +-    4.5825423130116378E-004 ) fb

  pp ---> HHZ + X
  ===============

  PDFSET = PDF4LHC21_40                                NSET =  41
  Sqrt(S)  = 13.6 TeV
  LOOP     = 3
  alphaS(MZ) =   0.11700
          kl =   1.00000
          kv =   1.00000
         k2v =   1.00000
         kth =   1.00000
         kbh =   1.00000
 --------------

  mH       = 125.0000      GeV
  fact_scale 1.0
  ren_scale  1.0
  Kqq      =   0.25612158807820401            +-    2.2239918043979843E-004
  Kgq      =   -7.7865752127864021E-002       +-    1.3105360374489287E-004
  K_nlo    =    1.1782558359503399            +-    2.5814035429358467E-004
  Kqq2     =    5.6966525344685034E-002       +-    1.9607602227096551E-004
  Kgq2     =   -4.0129331877642525E-002       +-    1.3808963671905388E-004
  Kqqs     =    1.9910850207994612E-003       +-    3.4250887360952478E-006
  Kgg      =    1.6039224278776862E-003       +-    2.6066424457940293E-006
  Kgghhz   =   0.11243123505685915            +-    3.0899649193460299E-004
  K_nnlo   =    1.1986880368660593            +-    3.5237696095419204E-004
  K_nnlo2  =    1.3111192719229185            +-    4.6866657085736693E-004
  sig_LO   = (  0.62130032234447363            +-    3.5005553779326456E-004 ) fb
  sig_NLO  = (  0.73205073068020354            +-    3.8504738058356690E-004 ) fb
  sig_NNLO = (  0.74474526369534710            +-    4.1288020645701491E-004 ) fb
  sig_HHZ  = (  0.81459882627776103            +-    4.5533091197014685E-004 ) fb

  pp ---> HHZ + X
  ===============

  PDFSET = PDF4LHC21_40                                NSET =  42
  Sqrt(S)  = 13.6 TeV
  LOOP     = 3
  alphaS(MZ) =   0.11900
          kl =   1.00000
          kv =   1.00000
         k2v =   1.00000
         kth =   1.00000
         kbh =   1.00000
 --------------

  mH       = 125.0000      GeV
  fact_scale 1.0
  ren_scale  1.0
  Kqq      =   0.25988281515927397            +-    2.2543662474742635E-004
  Kgq      =   -7.8529583899154473E-002       +-    1.3225161796278346E-004
  K_nlo    =    1.1813532312601196            +-    2.6136595461399701E-004
  Kqq2     =    5.8635732313000385E-002       +-    2.0129347415940934E-004
  Kgq2     =   -4.1012883283827455E-002       +-    1.4120875914987727E-004
  Kqqs     =    2.0529567882333929E-003       +-    3.5285915872451970E-006
  Kgg      =    1.6349211987073925E-003       +-    2.6675069909358948E-006
  Kgghhz   =   0.11471190334616485            +-    3.1425123593966395E-004
  K_nnlo   =    1.2026639582762335            +-    3.5887421916771210E-004
  K_nnlo2  =    1.3173758616223983            +-    4.7701629371840266E-004
  sig_LO   = (  0.62209202694973764            +-    3.5042733436018813E-004 ) fb
  sig_NLO  = (  0.73491042617822988            +-    3.8631078201177544E-004 ) fb
  sig_NNLO = (  0.74816765954345654            +-    4.1550105306487165E-004 ) fb
  sig_HHZ  = (  0.81952902001133465            +-    4.5919354501587655E-004 ) fb

