  pp ---> HHZ + X
  ===============

  PDFSET = PDF4LHC21_40                                NSET =   0
  Sqrt(S)  = 13.6 TeV
  LOOP     = 3
  alphaS(MZ) =   0.11800
          kl =   1.00000
          kv =   1.00000
         k2v =   1.00000
         kth =   1.00000
         kbh =   1.00000
  cHsq =         0.00000
  cHdup =        0.00000
  cHw =          0.00000
  cH =           0.00000
  cHb =          0.00000
  cHwb =        -0.20000
  cHq1st =       0.00000
  cHq3st =       0.00000
  cHq1rd =       0.00000
  cHq3rd =       0.00000
  cHdst =        0.00000
  cHust =        0.00000
  cHdrd =        0.00000
  cHurd =        0.00000
  cth =          0.00000
  cbh =          0.00000
 --------------

  mH       = 125.0000      GeV
  fact_scale 0.5
  ren_scale  0.5
  Kqq      =   0.20667949209076056            +-    1.9520788180852648E-004
  Kgq      =   -2.7213433459702136E-002       +-    1.4728093572859998E-004
  K_nlo    =    1.1794660586310586            +-    2.4453586883985677E-004
  Kqq2     =    2.1831711592626004E-002       +-    1.6865976902947350E-004
  Kgq2     =   -1.7603351041055770E-002       +-    1.2643098408899486E-004
  Kqqs     =    1.3269604106790601E-003       +-    3.6540597670050510E-006
  Kgg      =    4.5137511030176697E-004       +-    2.4493269563599182E-006
  Kgghhz   =   0.16975511792130418            +-    4.6633088422327922E-004
  K_nnlo   =    1.1854727547036097            +-    3.2287467217384931E-004
  K_nnlo2  =    1.3552278726249138            +-    5.6719709758763402E-004
  sig_LO   = (  0.35950441060177024            +-    2.0716401346362344E-004 ) fb
  sig_NLO  = (  0.42402325023295162            +-    2.2504532784576827E-004 ) fb
  sig_NNLO = (  0.42618268396417808            +-    2.3746642630544719E-004 ) fb
  sig_HHZ  = (  0.48721039757911055            +-    2.9068222988567105E-004 ) fb

  mH       = 125.0000      GeV
  fact_scale 1.0
  ren_scale  0.5
  Kqq      =   0.28099199729391833            +-    2.5208317139922110E-004
  Kgq      =   -8.6338871092331418E-002       +-    1.4755581611320846E-004
  K_nlo    =    1.1946531262015869            +-    2.9209355380001810E-004
  Kqq2     =    3.9367090021205760E-002       +-    2.4967562481258203E-004
  Kgq2     =   -3.6694878616407904E-002       +-    1.6733145002627541E-004
  Kqqs     =    2.1023718397733407E-003       +-    3.7494300128225686E-006
  Kgg      =    1.7552970552413207E-003       +-    2.9338681897756549E-006
  Kgghhz   =   0.16030507010245415            +-    4.4090865207015390E-004
  K_nnlo   =    1.2011830065013993            +-    4.1914083763449868E-004
  K_nnlo2  =    1.3614880766038535            +-    6.0834158270109168E-004
  sig_LO   = (  0.35517039732790889            +-    2.0446222874497561E-004 ) fb
  sig_NLO  = (  0.42430542550204609            +-    2.2927583741272952E-004 ) fb
  sig_NNLO = (  0.42662464568263420            +-    2.5291503186560048E-004 ) fb
  sig_HHZ  = (  0.48356026112460115            +-    2.9747076048957375E-004 ) fb

  mH       = 125.0000      GeV
  fact_scale 0.5
  ren_scale  1.0
  Kqq      =   0.18996837179479811            +-    1.7951866166703736E-004
  Kgq      =   -2.5016716865813516E-002       +-    1.3528954459866711E-004
  K_nlo    =    1.1649516549289847            +-    2.2478925856107753E-004
  Kqq2     =    3.1235921430599712E-002       +-    1.2364393730941403E-004
  Kgq2     =   -1.6547388901044159E-002       +-    1.0732443103479784E-004
  Kqqs     =    1.1184697624414856E-003       +-    3.0800748349147371E-006
  Kgg      =    3.8050189652059110E-004       +-    2.0629366566819544E-006
  Kgghhz   =   0.14325810366712732            +-    3.9369025389481043E-004
  K_nnlo   =    1.1811391591175024            +-    2.7811923713291482E-004
  K_nnlo2  =    1.3243972627846299            +-    4.8201901007652672E-004
  sig_LO   = (  0.35950441060177024            +-    2.0716401346362344E-004 ) fb
  sig_NLO  = (  0.41880525808480146            +-    2.2236822117748336E-004 ) fb
  sig_NNLO = (  0.42462473723720812            +-    2.3003031796067387E-004 ) fb
  sig_HHZ  = (  0.47612665735998605            +-    2.7008451565327293E-004 ) fb

  mH       = 125.0000      GeV
  fact_scale 1.0
  ren_scale  1.0
  Kqq      =   0.25826699711103329            +-    2.3173855663657502E-004
  Kgq      =   -7.9312794800731168E-002       +-    1.3552085783327564E-004
  K_nlo    =    1.1789542023103019            +-    2.6845607003729680E-004
  Kqq2     =    5.0653525584819552E-002       +-    1.8445307107171257E-004
  Kgq2     =   -3.6338504489272151E-002       +-    1.2895915162407345E-004
  Kqqs     =    1.7742181069313125E-003       +-    3.1639773440882270E-006
  Kgg      =    1.4789271565692030E-003       +-    2.4705406402803551E-006
  Kgghhz   =   0.13527671680171402            +-    3.7229864884132173E-004
  K_nnlo   =    1.1965223686693498            +-    3.5034008346026608E-004
  K_nnlo2  =    1.3317990854710637            +-    5.1121860099963105E-004
  sig_LO   = (  0.35517039732790889            +-    2.0446222874497561E-004 ) fb
  sig_NLO  = (  0.41872963246595785            +-    2.2560136782536709E-004 ) fb
  sig_NNLO = (  0.42496932509202373            +-    2.3934856184608920E-004 ) fb
  sig_HHZ  = (  0.47301561034770351            +-    2.7344535815060730E-004 ) fb

  mH       = 125.0000      GeV
  fact_scale 1.5
  ren_scale  1.0
  Kqq      =   0.29922206531126055            +-    2.7857414719904995E-004
  Kgq      =  -0.10975823732081007            +-    1.3140368987960268E-004
  K_nlo    =    1.1894638279904504            +-    3.0801052774483660E-004
  Kqq2     =    6.1956725065351430E-002       +-    2.3451305787102215E-004
  Kgq2     =   -5.0023370694340007E-002       +-    1.4757269444893198E-004
  Kqqs     =    3.0840449844804440E-003       +-    3.8341425366338826E-006
  Kgg      =    2.4660756663215169E-003       +-    2.8813836007376482E-006
  Kgghhz   =   0.13101571456369138            +-    3.6071136064048210E-004
  K_nnlo   =    1.2069473030122637            +-    4.1432784444330286E-004
  K_nnlo2  =    1.3379630175759551            +-    5.4934529066529892E-004
  sig_LO   = (  0.35228468414768760            +-    2.0278078922090074E-004 ) fb
  sig_NLO  = (  0.41902988894871529            +-    2.2998674414628469E-004 ) fb
  sig_NNLO = (  0.42518904942457880            +-    2.4984948525875149E-004 ) fb
  sig_HHZ  = (  0.47134387904803243            +-    2.8030757198980213E-004 ) fb

  mH       = 125.0000      GeV
  fact_scale 2.0
  ren_scale  1.0
  Kqq      =   0.32877915354067344            +-    3.0770950432491709E-004
  Kgq      =  -0.13072983587063944            +-    1.4756451847002238E-004
  K_nlo    =    1.1980493176700340            +-    3.4126298680515549E-004
  Kqq2     =    6.9969915931757401E-002       +-    2.7689464425376180E-004
  Kgq2     =   -6.0644584606471569E-002       +-    1.6763982229427431E-004
  Kqqs     =    4.4061428091473794E-003       +-    4.7419271279265347E-006
  Kgg      =    3.2987220659041190E-003       +-    3.3181951424909799E-006
  Kgghhz   =   0.12816886967017033            +-    3.5302375832666085E-004
  K_nnlo   =    1.2150795138703714            +-    4.7039098257762040E-004
  K_nnlo2  =    1.3432483835405418            +-    5.8812706997163442E-004
  sig_LO   = (  0.35011930650842582            +-    2.0156773265584627E-004 ) fb
  sig_NLO  = (  0.41946019626552505            +-    2.3431961260526437E-004 ) fb
  sig_NNLO = (  0.42542279674888961            +-    2.6029468576856417E-004 ) fb
  sig_HHZ  = (  0.47029719251377844            +-    2.8814994462514804E-004 ) fb

  mH       = 125.0000      GeV
  fact_scale 1.0
  ren_scale  1.5
  Kqq      =   0.24663111915160849            +-    2.2132377913231126E-004
  Kgq      =   -7.5718145234213149E-002       +-    1.2935904634011079E-004
  K_nlo    =    1.1709129739173953            +-    2.5635517954476951E-004
  Kqq2     =    5.5481525773227972E-002       +-    1.6492818740422607E-004
  Kgq2     =   -3.6008734201264971E-002       +-    1.1429291812230549E-004
  Kqqs     =    1.6170988043412379E-003       +-    2.8836733632595111E-006
  Kgg      =    1.3468403175376498E-003       +-    2.2492492875295266E-006
  Kgghhz   =   0.12329205400658816            +-    3.3941313458356987E-004
  K_nnlo   =    1.1933497046112371            +-    3.2556954849495676E-004
  K_nnlo2  =    1.3166417586178252            +-    4.7031564596030029E-004
  sig_LO   = (  0.35517039732790889            +-    2.0446222874497561E-004 ) fb
  sig_NLO  = (  0.41587362618264473            +-    2.2381881908843529E-004 ) fb
  sig_NNLO = (  0.42384248873791580            +-    2.3489511788406483E-004 ) fb
  sig_HHZ  = (  0.46763217654680972            +-    2.6402253283021483E-004 ) fb

  mH       = 125.0000      GeV
  fact_scale 1.5
  ren_scale  1.5
  Kqq      =   0.28574262950522089            +-    2.6603853520361869E-004
  Kgq      =  -0.10477844841547826            +-    1.2547382735390798E-004
  K_nlo    =    1.1809641810897424            +-    2.9414313448408985E-004
  Kqq2     =    6.7258620240493408E-002       +-    2.0397929245353748E-004
  Kgq2     =   -4.9629810110760952E-002       +-    1.3464287303679949E-004
  Kqqs     =    2.8108810217763193E-003       +-    3.4941414420507651E-006
  Kgg      =    2.2456150966562701E-003       +-    2.6248654273494707E-006
  Kgghhz   =   0.11940870961440539            +-    3.2886613370531953E-004
  K_nnlo   =    1.2036494873379078            +-    3.8245985085562069E-004
  K_nnlo2  =    1.3230581969523132            +-    5.0440903185290870E-004
  sig_LO   = (  0.35228468414768760            +-    2.0278078922090074E-004 ) fb
  sig_NLO  = (  0.41603559352493252            +-    2.2772262181086544E-004 ) fb
  sig_NNLO = (  0.42402727947136093            +-    2.4346149742910322E-004 ) fb
  sig_HHZ  = (  0.46609313902235466            +-    2.6962152431358989E-004 ) fb

  mH       = 125.0000      GeV
  fact_scale 2.0
  ren_scale  1.5
  Kqq      =   0.31396412745405727            +-    2.9401148717575612E-004
  Kgq      =  -0.12479478011840725            +-    1.4089543803059434E-004
  K_nlo    =    1.1891693473356499            +-    3.2602803414604218E-004
  Kqq2     =    7.5631554042784183E-002       +-    2.3830849356950778E-004
  Kgq2     =   -6.0108960758214383E-002       +-    1.5645976099047901E-004
  Kqqs     =    4.0156385131840250E-003       +-    4.3213277726939639E-006
  Kgg      =    3.0036853966113088E-003       +-    3.0220691240565332E-006
  Kgghhz   =   0.11680859788494609            +-    3.2179114705130091E-004
  K_nnlo   =    1.2117112645300150            +-    4.3311970717251882E-004
  K_nnlo2  =    1.3285198624149610            +-    5.3957596597865658E-004
  sig_LO   = (  0.35011930650842582            +-    2.0156773265584627E-004 ) fb
  sig_NLO  = (  0.41635114721023514            +-    2.3164515678952607E-004 ) fb
  sig_NNLO = (  0.42424350762569663            +-    2.5224060662082316E-004 ) fb
  sig_HHZ  = (  0.46514045291139550            +-    2.7625855992291417E-004 ) fb

  mH       = 125.0000      GeV
  fact_scale 1.0
  ren_scale  2.0
  Kqq      =   0.23900285883130626            +-    2.1449641170091587E-004
  Kgq      =   -7.3362630854989078E-002       +-    1.2532166970739944E-004
  K_nlo    =    1.1656402279763172            +-    2.4842349230863679E-004
  Kqq2     =    5.8297791942514859E-002       +-    1.6094670521244977E-004
  Kgq2     =   -3.5744023178469364E-002       +-    1.0705128076030518E-004
  Kqqs     =    1.5180934574823982E-003       +-    2.7070456180458547E-006
  Kgg      =    1.2636929803402604E-003       +-    2.1099992507614624E-006
  Kgghhz   =   0.11573802567949545            +-    3.1864239086777700E-004
  K_nnlo   =    1.1909757831781853            +-    3.1478537188821308E-004
  K_nnlo2  =    1.3067138088576808            +-    4.4790936986485757E-004
  sig_LO   = (  0.35517039732790889            +-    2.0446222874497561E-004 ) fb
  sig_NLO  = (  0.41400090291174285            +-    2.2268768964948772E-004 ) fb
  sig_NNLO = (  0.42299934211931350            +-    2.3303345216292091E-004 ) fb
  sig_HHZ  = (  0.46410606268584764            +-    2.5906093762364949E-004 ) fb

  mH       = 125.0000      GeV
  fact_scale 1.5
  ren_scale  2.0
  Kqq      =   0.27690566939445654            +-    2.5782044595108711E-004
  Kgq      =  -0.10151554936892575            +-    1.2158718654318861E-004
  K_nlo    =    1.1753901200255308            +-    2.8505232200756682E-004
  Kqq2     =    7.0360442128970455E-002       +-    1.9609368985398822E-004
  Kgq2     =   -4.9293822304146064E-002       +-    1.2917628041702486E-004
  Kqqs     =    2.6387566203643306E-003       +-    3.2799276877617764E-006
  Kgg      =    2.1068532675478468E-003       +-    2.4633380745349246E-006
  Kgghhz   =   0.11209461928702844            +-    3.0878310236235923E-004
  K_nnlo   =    1.2012023497382673            +-    3.6933846112331968E-004
  K_nnlo2  =    1.3132969690252958            +-    4.8141240446156468E-004
  sig_LO   = (  0.35228468414768760            +-    2.0278078922090074E-004 ) fb
  sig_NLO  = (  0.41407193718350671            +-    2.2628331347783237E-004 ) fb
  sig_NNLO = (  0.42316519037500566            +-    2.4093412937120415E-004 ) fb
  sig_HHZ  = (  0.46265440792519175            +-    2.6435250493648242E-004 ) fb

  mH       = 125.0000      GeV
  fact_scale 2.0
  ren_scale  2.0
  Kqq      =   0.30425179125713242            +-    2.8503221498471005E-004
  Kgq      =  -0.12090616960767521            +-    1.3652495556957703E-004
  K_nlo    =    1.1833456216494573            +-    3.1604181222168209E-004
  Kqq2     =    7.8930724624435122E-002       +-    2.2489002447037830E-004
  Kgq2     =   -5.9661783927166895E-002       +-    1.5143397332721185E-004
  Kqqs     =    3.7695935000472297E-003       +-    4.0563669506306444E-006
  Kgg      =    2.8179953333805794E-003       +-    2.8356585179888508E-006
  Kgghhz   =   0.10965004023474449            +-    3.0211559542268142E-004
  K_nnlo   =    1.2092021511801534            +-    4.1643089886365042E-004
  K_nnlo2  =    1.3188521914148978            +-    5.1447888831903407E-004
  sig_LO   = (  0.35011930650842582            +-    2.0156773265584627E-004 ) fb
  sig_NLO  = (  0.41431214841168995            +-    2.2994236500186986E-004 ) fb
  sig_NNLO = (  0.42336501859969189            +-    2.4877165418261510E-004 ) fb
  sig_HHZ  = (  0.46175561464530163            +-    2.7032573769396128E-004 ) fb

  pp ---> HHZ + X
  ===============

  PDFSET = PDF4LHC21_40                                NSET =   1
  Sqrt(S)  = 13.6 TeV
  LOOP     = 3
  alphaS(MZ) =   0.11800
          kl =   1.00000
          kv =   1.00000
         k2v =   1.00000
         kth =   1.00000
         kbh =   1.00000
 --------------

  mH       = 125.0000      GeV
  fact_scale 1.0
  ren_scale  1.0
  Kqq      =   0.25846309977417564            +-    2.3103788091982986E-004
  Kgq      =   -7.9399326295468961E-002       +-    1.3530816219248321E-004
  K_nlo    =    1.1790637734787068            +-    2.6774390968952556E-004
  Kqq2     =    5.0726936940056123E-002       +-    1.8413350492639936E-004
  Kgq2     =   -3.6384885976472423E-002       +-    1.2878937414630297E-004
  Kqqs     =    1.7763529424351227E-003       +-    3.1582297793976111E-006
  Kgg      =    1.4796274396161237E-003       +-    2.4720392721380210E-006
  Kgghhz   =   0.13531282711088205            +-    3.7211575584399797E-004
  K_nnlo   =    1.1966618048243416            +-    3.4956363812446516E-004
  K_nnlo2  =    1.3319746319352237            +-    5.1055349655659192E-004
  sig_LO   = (  0.35504844859010437            +-    2.0338449363116953E-004 ) fb
  sig_NLO  = (  0.41862476356240907            +-    2.2450400320354256E-004 ) fb
  sig_NNLO = (  0.42487291728991683            +-    2.3826256020375357E-004 ) fb
  sig_HHZ  = (  0.47291552662997649            +-    2.7244175513723248E-004 ) fb

  pp ---> HHZ + X
  ===============

  PDFSET = PDF4LHC21_40                                NSET =   2
  Sqrt(S)  = 13.6 TeV
  LOOP     = 3
  alphaS(MZ) =   0.11800
          kl =   1.00000
          kv =   1.00000
         k2v =   1.00000
         kth =   1.00000
         kbh =   1.00000
 --------------

  mH       = 125.0000      GeV
  fact_scale 1.0
  ren_scale  1.0
  Kqq      =   0.25836432742692883            +-    2.3158466516698360E-004
  Kgq      =   -7.9800530537204956E-002       +-    1.3599421469364783E-004
  K_nlo    =    1.1785637968897240            +-    2.6856262504422668E-004
  Kqq2     =    5.0700853487499170E-002       +-    1.8445498445083939E-004
  Kgq2     =   -3.6573630209202422E-002       +-    1.2939747885046515E-004
  Kqqs     =    1.7936168321098578E-003       +-    3.1892750360917131E-006
  Kgg      =    1.4750584075189340E-003       +-    2.4546243492313576E-006
  Kgghhz   =   0.13479414756646613            +-    3.7086752813711855E-004
  K_nnlo   =    1.1959596954076495            +-    3.5058441073187145E-004
  K_nnlo2  =    1.3307538429741155            +-    5.1034513074462654E-004
  sig_LO   = (  0.35456942492031962            +-    2.0374310539759022E-004 ) fb
  sig_NLO  = (  0.41788268769509779            +-    2.2489749079100161E-004 ) fb
  sig_NNLO = (  0.42405074142857091            +-    2.3866998585121609E-004 ) fb
  sig_HHZ  = (  0.47184462481383749            +-    2.7249800258480453E-004 ) fb

  pp ---> HHZ + X
  ===============

  PDFSET = PDF4LHC21_40                                NSET =   3
  Sqrt(S)  = 13.6 TeV
  LOOP     = 3
  alphaS(MZ) =   0.11800
          kl =   1.00000
          kv =   1.00000
         k2v =   1.00000
         kth =   1.00000
         kbh =   1.00000
 --------------

  mH       = 125.0000      GeV
  fact_scale 1.0
  ren_scale  1.0
  Kqq      =   0.25828011876357948            +-    2.3127182336531477E-004
  Kgq      =   -7.9295814656810779E-002       +-    1.3531555872826767E-004
  K_nlo    =    1.1789843041067687            +-    2.6794954136303466E-004
  Kqq2     =    5.0659125406134230E-002       +-    1.8390116616524499E-004
  Kgq2     =   -3.6333179521464386E-002       +-    1.2873735164989499E-004
  Kqqs     =    1.7746016369438048E-003       +-    3.1606631242316158E-006
  Kgg      =    1.4762266308305549E-003       +-    2.4644000041558592E-006
  Kgghhz   =   0.13498621257444954            +-    3.7216822616813791E-004
  K_nnlo   =    1.1965610782592129            +-    3.4957969678199526E-004
  K_nnlo2  =    1.3315472908336625            +-    5.1060273498222664E-004
  sig_LO   = (  0.35482233757680709            +-    2.0358529389856428E-004 ) fb
  sig_NLO  = (  0.41832996674952888            +-    2.2469118615790819E-004 ) fb
  sig_NNLO = (  0.42456659884135872            +-    2.3839582067087430E-004 ) fb
  sig_HHZ  = (  0.47246272232766473            +-    2.7252655023176519E-004 ) fb

  pp ---> HHZ + X
  ===============

  PDFSET = PDF4LHC21_40                                NSET =   4
  Sqrt(S)  = 13.6 TeV
  LOOP     = 3
  alphaS(MZ) =   0.11800
          kl =   1.00000
          kv =   1.00000
         k2v =   1.00000
         kth =   1.00000
         kbh =   1.00000
 --------------

  mH       = 125.0000      GeV
  fact_scale 1.0
  ren_scale  1.0
  Kqq      =   0.25877091433077681            +-    2.3187959453753991E-004
  Kgq      =   -8.0127089671861038E-002       +-    1.3707467161458591E-004
  K_nlo    =    1.1786438246589157            +-    2.6936520183784031E-004
  Kqq2     =    5.0837203982490239E-002       +-    1.8450776958272644E-004
  Kgq2     =   -3.6707901946671978E-002       +-    1.3045160904731452E-004
  Kqqs     =    1.7878517533444546E-003       +-    3.1898367877570417E-006
  Kgg      =    1.5023664076221918E-003       +-    2.5161934528472804E-006
  Kgghhz   =   0.13750084897227674            +-    3.7847249685830399E-004
  K_nnlo   =    1.1960633448557005            +-    3.5161748760377521E-004
  K_nnlo2  =    1.3335641938279772            +-    5.1660070505851025E-004
  sig_LO   = (  0.35059406301329837            +-    2.0171783947810012E-004 ) fb
  sig_NLO  = (  0.41322552733270290            +-    2.2272986438922227E-004 ) fb
  sig_NNLO = (  0.41933270769423592            +-    2.3640391975950271E-004 ) fb
  sig_HHZ  = (  0.46753968900320431            +-    2.7109685578576638E-004 ) fb

  pp ---> HHZ + X
  ===============

  PDFSET = PDF4LHC21_40                                NSET =   5
  Sqrt(S)  = 13.6 TeV
  LOOP     = 3
  alphaS(MZ) =   0.11800
          kl =   1.00000
          kv =   1.00000
         k2v =   1.00000
         kth =   1.00000
         kbh =   1.00000
 --------------

  mH       = 125.0000      GeV
  fact_scale 1.0
  ren_scale  1.0
  Kqq      =   0.25836349057654828            +-    2.3199749575369974E-004
  Kgq      =   -7.9197829378085061E-002       +-    1.3520482393463587E-004
  K_nlo    =    1.1791656611984633            +-    2.6852035761033800E-004
  Kqq2     =    5.0689902423406805E-002       +-    1.8480005960958042E-004
  Kgq2     =   -3.6288624490168293E-002       +-    1.2860775539555089E-004
  Kqqs     =    1.7728870331621728E-003       +-    3.1610108690465256E-006
  Kgg      =    1.4717555361037451E-003       +-    2.4593747267705507E-006
  Kgghhz   =   0.13452724766675986            +-    3.7214869440940648E-004
  K_nnlo   =    1.1968115817009677            +-    3.5044291938136094E-004
  K_nnlo2  =    1.3313388293677275            +-    5.1117990032390447E-004
  sig_LO   = (  0.35462508089769290            +-    2.0438193757154420E-004 ) fb
  sig_NLO  = (  0.41816171799428659            +-    2.2547637742817707E-004 ) fb
  sig_NNLO = (  0.42441940398000144            +-    2.3919962993200218E-004 ) fb
  sig_HHZ  = (  0.47212614006677012            +-    2.7319115018951051E-004 ) fb

  pp ---> HHZ + X
  ===============

  PDFSET = PDF4LHC21_40                                NSET =   6
  Sqrt(S)  = 13.6 TeV
  LOOP     = 3
  alphaS(MZ) =   0.11800
          kl =   1.00000
          kv =   1.00000
         k2v =   1.00000
         kth =   1.00000
         kbh =   1.00000
 --------------

  mH       = 125.0000      GeV
  fact_scale 1.0
  ren_scale  1.0
  Kqq      =   0.25835491376836622            +-    2.3124982421661187E-004
  Kgq      =   -7.9419074743539014E-002       +-    1.3553843919090011E-004
  K_nlo    =    1.1789358390248272            +-    2.6804318625646726E-004
  Kqq2     =    5.0688360251321590E-002       +-    1.8421426559770920E-004
  Kgq2     =   -3.6389276946468888E-002       +-    1.2900463592406490E-004
  Kqqs     =    1.7745881872246474E-003       +-    3.1565927910903659E-006
  Kgg      =    1.4842275221156175E-003       +-    2.4827838175626618E-006
  Kgghhz   =   0.13577737198939752            +-    3.7348370773607664E-004
  K_nnlo   =    1.1964937380390201            +-    3.4991480353316952E-004
  K_nnlo2  =    1.3322711100284177            +-    5.1179141227256216E-004
  sig_LO   = (  0.35510290424692681            +-    2.0374148977909376E-004 ) fb
  sig_NLO  = (  0.41864354035850354            +-    2.2487859337100576E-004 ) fb
  sig_NNLO = (  0.42487840129091770            +-    2.3864217835403977E-004 ) fb
  sig_HHZ  = (  0.47309334041536810            +-    2.7301926583667640E-004 ) fb

  pp ---> HHZ + X
  ===============

  PDFSET = PDF4LHC21_40                                NSET =   7
  Sqrt(S)  = 13.6 TeV
  LOOP     = 3
  alphaS(MZ) =   0.11800
          kl =   1.00000
          kv =   1.00000
         k2v =   1.00000
         kth =   1.00000
         kbh =   1.00000
 --------------

  mH       = 125.0000      GeV
  fact_scale 1.0
  ren_scale  1.0
  Kqq      =   0.25840162303650849            +-    2.3244549619209231E-004
  Kgq      =   -7.9186422433908485E-002       +-    1.3528978638440610E-004
  K_nlo    =    1.1792152006026000            +-    2.6895024632806385E-004
  Kqq2     =    5.0703410140890637E-002       +-    1.8487367458404916E-004
  Kgq2     =   -3.6284489965983865E-002       +-    1.2872131250607876E-004
  Kqqs     =    1.7726808697504299E-003       +-    3.1643137955119256E-006
  Kgg      =    1.4718365835176810E-003       +-    2.4561879045554131E-006
  Kgghhz   =   0.13454504498739858            +-    3.7123817540817569E-004
  K_nnlo   =    1.1968786382307748            +-    3.5085286458605647E-004
  K_nnlo2  =    1.3314236832181734            +-    5.1079889924375631E-004
  sig_LO   = (  0.35483891083053148            +-    2.0500896859315540E-004 ) fb
  sig_NLO  = (  0.41843143741663330            +-    2.2613342950709802E-004 ) fb
  sig_NNLO = (  0.42469911238613789            +-    2.3984993861213508E-004 ) fb
  sig_HHZ  = (  0.47244092960711126            +-    2.7364341768080206E-004 ) fb

  pp ---> HHZ + X
  ===============

  PDFSET = PDF4LHC21_40                                NSET =   8
  Sqrt(S)  = 13.6 TeV
  LOOP     = 3
  alphaS(MZ) =   0.11800
          kl =   1.00000
          kv =   1.00000
         k2v =   1.00000
         kth =   1.00000
         kbh =   1.00000
 --------------

  mH       = 125.0000      GeV
  fact_scale 1.0
  ren_scale  1.0
  Kqq      =   0.25809765856421379            +-    2.3180608223417776E-004
  Kgq      =   -7.9109797767485612E-002       +-    1.3557824677480406E-004
  K_nlo    =    1.1789878607967283            +-    2.6854333125082077E-004
  Kqq2     =    5.0589631597472387E-002       +-    1.8448390299751898E-004
  Kgq2     =   -3.6230837081332956E-002       +-    1.2900525402510094E-004
  Kqqs     =    1.7774911745426175E-003       +-    3.1705027131972862E-006
  Kgg      =    1.4784423559619513E-003       +-    2.4825952062278166E-006
  Kgghhz   =   0.13544991818102400            +-    3.7204158531349227E-004
  K_nnlo   =    1.1966025888433722            +-    3.5044029756433438E-004
  K_nnlo2  =    1.3320525070243963            +-    5.1110013046325447E-004
  sig_LO   = (  0.35560632557196409            +-    2.0486709950602591E-004 ) fb
  sig_NLO  = (  0.41925554107187479            +-    2.2603087968126067E-004 ) fb
  sig_NNLO = (  0.42551944978849132            +-    2.3979234854558363E-004 ) fb
  sig_HHZ  = (  0.47368629749186841            +-    2.7386812643990176E-004 ) fb

  pp ---> HHZ + X
  ===============

  PDFSET = PDF4LHC21_40                                NSET =   9
  Sqrt(S)  = 13.6 TeV
  LOOP     = 3
  alphaS(MZ) =   0.11800
          kl =   1.00000
          kv =   1.00000
         k2v =   1.00000
         kth =   1.00000
         kbh =   1.00000
 --------------

  mH       = 125.0000      GeV
  fact_scale 1.0
  ren_scale  1.0
  Kqq      =   0.25833206506817252            +-    2.3087898645282189E-004
  Kgq      =   -7.9337629687404584E-002       +-    1.3536168878793128E-004
  K_nlo    =    1.1789944353807678            +-    2.6763387897835931E-004
  Kqq2     =    5.0676530092817244E-002       +-    1.8388049766016162E-004
  Kgq2     =   -3.6348920727930362E-002       +-    1.2885418634831061E-004
  Kqqs     =    1.7767373151420581E-003       +-    3.1611609904781375E-006
  Kgg      =    1.4772332133040785E-003       +-    2.4680363992601936E-006
  Kgghhz   =   0.13512646429351102            +-    3.7129965953129959E-004
  K_nnlo   =    1.1965760152741007            +-    3.4937002744756559E-004
  K_nnlo2  =    1.3317024795676118            +-    5.0982629713145606E-004
  sig_LO   = (  0.35657932458813935            +-    2.0415422884018805E-004 ) fb
  sig_NLO  = (  0.42040503946124891            +-    2.2535827225097821E-004 ) fb
  sig_NNLO = (  0.42667426734480601            +-    2.3916241183265238E-004 ) fb
  sig_HHZ  = (  0.47485757071656953            +-    2.7336391836390889E-004 ) fb

  pp ---> HHZ + X
  ===============

  PDFSET = PDF4LHC21_40                                NSET =  10
  Sqrt(S)  = 13.6 TeV
  LOOP     = 3
  alphaS(MZ) =   0.11800
          kl =   1.00000
          kv =   1.00000
         k2v =   1.00000
         kth =   1.00000
         kbh =   1.00000
 --------------

  mH       = 125.0000      GeV
  fact_scale 1.0
  ren_scale  1.0
  Kqq      =   0.25823394299175806            +-    2.3191146583451195E-004
  Kgq      =   -7.9080605278370561E-002       +-    1.3530814653804014E-004
  K_nlo    =    1.1791533377133876            +-    2.6849808659480564E-004
  Kqq2     =    5.0640734969021307E-002       +-    1.8455515629438191E-004
  Kgq2     =   -3.6235176273838869E-002       +-    1.2874807326720955E-004
  Kqqs     =    1.7736004339405026E-003       +-    3.1664468580435005E-006
  Kgg      =    1.4717272619137627E-003       +-    2.4655960951653998E-006
  Kgghhz   =   0.13469556043572772            +-    3.7055390511135352E-004
  K_nnlo   =    1.1968042241044243            +-    3.5034839822631347E-004
  K_nnlo2  =    1.3314997845401519            +-    5.0995509285918256E-004
  sig_LO   = (  0.35471465463225116            +-    2.0446014332538133E-004 ) fb
  sig_NLO  = (  0.41826296894547044            +-    2.2555408898577997E-004 ) fb
  sig_NNLO = (  0.42452399701562010            +-    2.3926534532540700E-004 ) fb
  sig_HHZ  = (  0.47230248621607679            +-    2.7299197019538198E-004 ) fb

  pp ---> HHZ + X
  ===============

  PDFSET = PDF4LHC21_40                                NSET =  11
  Sqrt(S)  = 13.6 TeV
  LOOP     = 3
  alphaS(MZ) =   0.11800
          kl =   1.00000
          kv =   1.00000
         k2v =   1.00000
         kth =   1.00000
         kbh =   1.00000
 --------------

  mH       = 125.0000      GeV
  fact_scale 1.0
  ren_scale  1.0
  Kqq      =   0.25818281828653589            +-    2.3167217243428935E-004
  Kgq      =   -7.9265709790136904E-002       +-    1.3546663400543923E-004
  K_nlo    =    1.1789171084963992            +-    2.6837139268034272E-004
  Kqq2     =    5.0620740310588094E-002       +-    1.8442056818833354E-004
  Kgq2     =   -3.6318398414972163E-002       +-    1.2891614997404620E-004
  Kqqs     =    1.7726546217101558E-003       +-    3.1634368130317659E-006
  Kgg      =    1.4781608836231602E-003       +-    2.4700064202173851E-006
  Kgghhz   =   0.13521323591476483            +-    3.7194790274728862E-004
  K_nnlo   =    1.1964702658973483            +-    3.5024224812037056E-004
  K_nnlo2  =    1.3316835018121131            +-    5.1089614867066448E-004
  sig_LO   = (  0.35539966774862169            +-    2.0458736061104420E-004 ) fb
  sig_NLO  = (  0.41898674866278596            +-    2.2572806994684085E-004 ) fb
  sig_NNLO = (  0.42522513497102254            +-    2.3947913765834478E-004 ) fb
  sig_HHZ  = (  0.47327987409034600            +-    2.7354066617898710E-004 ) fb

  pp ---> HHZ + X
  ===============

  PDFSET = PDF4LHC21_40                                NSET =  12
  Sqrt(S)  = 13.6 TeV
  LOOP     = 3
  alphaS(MZ) =   0.11800
          kl =   1.00000
          kv =   1.00000
         k2v =   1.00000
         kth =   1.00000
         kbh =   1.00000
 --------------

  mH       = 125.0000      GeV
  fact_scale 1.0
  ren_scale  1.0
  Kqq      =   0.25808982133523606            +-    2.3124166980112326E-004
  Kgq      =   -7.9174842158339157E-002       +-    1.3530561576656546E-004
  K_nlo    =    1.1789149791768969            +-    2.6791849415518364E-004
  Kqq2     =    5.0584571922924225E-002       +-    1.8390911083894005E-004
  Kgq2     =   -3.6272907291972870E-002       +-    1.2880930491294130E-004
  Kqqs     =    1.7727519607639898E-003       +-    3.1607456430273792E-006
  Kgg      =    1.4756314169945665E-003       +-    2.4651762269174206E-006
  Kgghhz   =   0.13500476500554096            +-    3.7071806302521170E-004
  K_nnlo   =    1.1964750271856068            +-    3.4958659156059671E-004
  K_nnlo2  =    1.3314797921911479            +-    5.0955143729766901E-004
  sig_LO   = (  0.35749221076656001            +-    2.0529360226066945E-004 ) fb
  sig_NLO  = (  0.42145292221176189            +-    2.2653705398382434E-004 ) fb
  sig_NNLO = (  0.42773050259556256            +-    2.4034159991164912E-004 ) fb
  sig_HHZ  = (  0.47599365450141329            +-    2.7445941914608032E-004 ) fb

  pp ---> HHZ + X
  ===============

  PDFSET = PDF4LHC21_40                                NSET =  13
  Sqrt(S)  = 13.6 TeV
  LOOP     = 3
  alphaS(MZ) =   0.11800
          kl =   1.00000
          kv =   1.00000
         k2v =   1.00000
         kth =   1.00000
         kbh =   1.00000
 --------------

  mH       = 125.0000      GeV
  fact_scale 1.0
  ren_scale  1.0
  Kqq      =   0.25822880316811070            +-    2.3147431742677626E-004
  Kgq      =   -7.9129246727424607E-002       +-    1.3515440795543740E-004
  K_nlo    =    1.1790995564406859            +-    2.6804304433798834E-004
  Kqq2     =    5.0635119776797660E-002       +-    1.8431310352412427E-004
  Kgq2     =   -3.6255155840533480E-002       +-    1.2859549608857209E-004
  Kqqs     =    1.7702161248477444E-003       +-    3.1569822948891982E-006
  Kgg      =    1.4740514061513418E-003       +-    2.4614171062075776E-006
  Kgghhz   =   0.13480453227826036            +-    3.7146642285011867E-004
  K_nnlo   =    1.1967237879079491            +-    3.4981598087325606E-004
  K_nnlo2  =    1.3315283201862094            +-    5.1025339173726362E-004
  sig_LO   = (  0.35480965575163875            +-    2.0402169457111672E-004 ) fb
  sig_NLO  = (  0.41835590771762982            +-    2.2509924962254421E-004 ) fb
  sig_NNLO = (  0.42460915521741671            +-    2.3880986487664633E-004 ) fb
  sig_HHZ  = (  0.47243910490882696            +-    2.7276612371638894E-004 ) fb

  pp ---> HHZ + X
  ===============

  PDFSET = PDF4LHC21_40                                NSET =  14
  Sqrt(S)  = 13.6 TeV
  LOOP     = 3
  alphaS(MZ) =   0.11800
          kl =   1.00000
          kv =   1.00000
         k2v =   1.00000
         kth =   1.00000
         kbh =   1.00000
 --------------

  mH       = 125.0000      GeV
  fact_scale 1.0
  ren_scale  1.0
  Kqq      =   0.25834878089016872            +-    2.3197635882741107E-004
  Kgq      =   -7.9227431062066325E-002       +-    1.3534208532838403E-004
  K_nlo    =    1.1791213498281023            +-    2.6857124029921624E-004
  Kqq2     =    5.0684996688003553E-002       +-    1.8475517044728488E-004
  Kgq2     =   -3.6302614452177542E-002       +-    1.2878901331481421E-004
  Kqqs     =    1.7736884720165895E-003       +-    3.1644815310893649E-006
  Kgg      =    1.4736725279299416E-003       +-    2.4597665779519434E-006
  Kgghhz   =   0.13475076081382370            +-    3.7125664910039625E-004
  K_nnlo   =    1.1967510930638747            +-    3.5052483288412913E-004
  K_nnlo2  =    1.3315018538776984            +-    5.1058707187873588E-004
  sig_LO   = (  0.35535093378580096            +-    2.0482097474385660E-004 ) fb
  sig_NLO  = (  0.41900187270819023            +-    2.2596429030992502E-004 ) fb
  sig_NNLO = (  0.42526661842942587            +-    2.3972204228672809E-004 ) fb
  sig_HHZ  = (  0.47315042711296523            +-    2.7362608019993812E-004 ) fb

  pp ---> HHZ + X
  ===============

  PDFSET = PDF4LHC21_40                                NSET =  15
  Sqrt(S)  = 13.6 TeV
  LOOP     = 3
  alphaS(MZ) =   0.11800
          kl =   1.00000
          kv =   1.00000
         k2v =   1.00000
         kth =   1.00000
         kbh =   1.00000
 --------------

  mH       = 125.0000      GeV
  fact_scale 1.0
  ren_scale  1.0
  Kqq      =   0.25835580856587625            +-    2.3159044951711835E-004
  Kgq      =   -7.9094670258086627E-002       +-    1.3496180453958373E-004
  K_nlo    =    1.1792611383077898            +-    2.6804631128243817E-004
  Kqq2     =    5.0687669781559912E-002       +-    1.8439651789378491E-004
  Kgq2     =   -3.6250262820409981E-002       +-    1.2843070032302219E-004
  Kqqs     =    1.7717808095064004E-003       +-    3.1588930264631782E-006
  Kgg      =    1.4688088335633564E-003       +-    2.4497176765898866E-006
  Kgghhz   =   0.13429252902924843            +-    3.6955353586661275E-004
  K_nnlo   =    1.1969391349120093            +-    3.4980183720327178E-004
  K_nnlo2  =    1.3312316639412578            +-    5.0885276965179234E-004
  sig_LO   = (  0.35483337438162693            +-    2.0401640753647004E-004 ) fb
  sig_NLO  = (  0.41844120898287140            +-    2.2509763368716779E-004 ) fb
  sig_NNLO = (  0.42471395217025359            +-    2.3880705204467673E-004 ) fb
  sig_HHZ  = (  0.47236542339994442            +-    2.7244057363377361E-004 ) fb

  pp ---> HHZ + X
  ===============

  PDFSET = PDF4LHC21_40                                NSET =  16
  Sqrt(S)  = 13.6 TeV
  LOOP     = 3
  alphaS(MZ) =   0.11800
          kl =   1.00000
          kv =   1.00000
         k2v =   1.00000
         kth =   1.00000
         kbh =   1.00000
 --------------

  mH       = 125.0000      GeV
  fact_scale 1.0
  ren_scale  1.0
  Kqq      =   0.25810042331824390            +-    2.3176621576148266E-004
  Kgq      =   -7.9181042154144884E-002       +-    1.3542579417183357E-004
  K_nlo    =    1.1789193811640990            +-    2.6843197368322196E-004
  Kqq2     =    5.0591332748279386E-002       +-    1.8447003584968924E-004
  Kgq2     =   -3.6276297987177332E-002       +-    1.2886321659536434E-004
  Kqqs     =    1.7660973649260116E-003       +-    3.1536867384262752E-006
  Kgg      =    1.4834618638771147E-003       +-    2.4820316553079052E-006
  Kgghhz   =   0.13573617036340924            +-    3.7364961315328323E-004
  K_nnlo   =    1.1964839751540042            +-    3.5029523752734846E-004
  K_nnlo2  =    1.3322201455174134            +-    5.1217261430492331E-004
  sig_LO   = (  0.35510973487564546            +-    2.0457235213011953E-004 ) fb
  sig_NLO  = (  0.41864574888494321            +-    2.2569068388328379E-004 ) fb
  sig_NNLO = (  0.42488310719989675            +-    2.3942332307974769E-004 ) fb
  sig_HHZ  = (  0.47308434267068245            +-    2.7373210526259487E-004 ) fb

  pp ---> HHZ + X
  ===============

  PDFSET = PDF4LHC21_40                                NSET =  17
  Sqrt(S)  = 13.6 TeV
  LOOP     = 3
  alphaS(MZ) =   0.11800
          kl =   1.00000
          kv =   1.00000
         k2v =   1.00000
         kth =   1.00000
         kbh =   1.00000
 --------------

  mH       = 125.0000      GeV
  fact_scale 1.0
  ren_scale  1.0
  Kqq      =   0.25837088255590951            +-    2.3141161430447071E-004
  Kgq      =   -7.8969351310084798E-002       +-    1.3478506284912226E-004
  K_nlo    =    1.1794015312458246            +-    2.6780281627018592E-004
  Kqq2     =    5.0689446474298690E-002       +-    1.8431093668754914E-004
  Kgq2     =   -3.6181857959436937E-002       +-    1.2826080536788517E-004
  Kqqs     =    1.7706515009128768E-003       +-    3.1516506285186741E-006
  Kgg      =    1.4675731143153807E-003       +-    2.4500865764634258E-006
  Kgghhz   =   0.13420736922088847            +-    3.6943769993229666E-004
  K_nnlo   =    1.1971473443759146            +-    3.4950771065088052E-004
  K_nnlo2  =    1.3313547135968031            +-    5.0856646953538465E-004
  sig_LO   = (  0.35728765080090996            +-    2.0521393857795707E-004 ) fb
  sig_NLO  = (  0.42138560244981671            +-    2.2642422134657017E-004 ) fb
  sig_NNLO = (  0.42772596233461857            +-    2.4022171734320281E-004 ) fb
  sig_HHZ  = (  0.47567659800372014            +-    2.7409723252124954E-004 ) fb

  pp ---> HHZ + X
  ===============

  PDFSET = PDF4LHC21_40                                NSET =  18
  Sqrt(S)  = 13.6 TeV
  LOOP     = 3
  alphaS(MZ) =   0.11800
          kl =   1.00000
          kv =   1.00000
         k2v =   1.00000
         kth =   1.00000
         kbh =   1.00000
 --------------

  mH       = 125.0000      GeV
  fact_scale 1.0
  ren_scale  1.0
  Kqq      =   0.25830909333570751            +-    2.3150294580666556E-004
  Kgq      =   -7.9014336000828175E-002       +-    1.3478516002531530E-004
  K_nlo    =    1.1792947573348793            +-    2.6788178975102768E-004
  Kqq2     =    5.0668219487473243E-002       +-    1.8436587345491956E-004
  Kgq2     =   -3.6206093307029785E-002       +-    1.2824217134819007E-004
  Kqqs     =    1.7727590043849404E-003       +-    3.1586888043639184E-006
  Kgg      =    1.4653353220085668E-003       +-    2.4437243637257996E-006
  Kgghhz   =   0.13396442047643992            +-    3.6888123381566273E-004
  K_nnlo   =    1.1969949778417164            +-    3.4959037771488567E-004
  K_nnlo2  =    1.3309593983181562            +-    5.0821924093072477E-004
  sig_LO   = (  0.35674481056687113            +-    2.0501471405328501E-004 ) fb
  sig_NLO  = (  0.42070728480793579            +-    2.2619413339714181E-004 ) fb
  sig_NNLO = (  0.42702174661963915            +-    2.3996823274502875E-004 ) fb
  sig_HHZ  = (  0.47481285842520737            +-    2.7368299647343618E-004 ) fb

  pp ---> HHZ + X
  ===============

  PDFSET = PDF4LHC21_40                                NSET =  19
  Sqrt(S)  = 13.6 TeV
  LOOP     = 3
  alphaS(MZ) =   0.11800
          kl =   1.00000
          kv =   1.00000
         k2v =   1.00000
         kth =   1.00000
         kbh =   1.00000
 --------------

  mH       = 125.0000      GeV
  fact_scale 1.0
  ren_scale  1.0
  Kqq      =   0.25842245112657725            +-    2.3173640851317575E-004
  Kgq      =   -7.9563525887329997E-002       +-    1.3603760212047524E-004
  K_nlo    =    1.1788589252392474            +-    2.6871544842318649E-004
  Kqq2     =    5.0709330528204047E-002       +-    1.8449516218611099E-004
  Kgq2     =   -3.6452292985947238E-002       +-    1.2948209903104778E-004
  Kqqs     =    1.7764568135113258E-003       +-    3.1698084550223193E-006
  Kgg      =    1.4884972147778935E-003       +-    2.4898707429579037E-006
  Kgghhz   =   0.13618488829111089            +-    3.7488425441404416E-004
  K_nnlo   =    1.1963809168097934            +-    3.5075392827849816E-004
  K_nnlo2  =    1.3325658051009044            +-    5.1338730254104617E-004
  sig_LO   = (  0.35347974494546969            +-    2.0342522310761059E-004 ) fb
  sig_NLO  = (  0.41670275222025965            +-    2.2450848661052198E-004 ) fb
  sig_NNLO = (  0.42289642133155297            +-    2.3823088611233929E-004 ) fb
  sig_HHZ  = (  0.47103502091012212            +-    2.7260578279213134E-004 ) fb

  pp ---> HHZ + X
  ===============

  PDFSET = PDF4LHC21_40                                NSET =  20
  Sqrt(S)  = 13.6 TeV
  LOOP     = 3
  alphaS(MZ) =   0.11800
          kl =   1.00000
          kv =   1.00000
         k2v =   1.00000
         kth =   1.00000
         kbh =   1.00000
 --------------

  mH       = 125.0000      GeV
  fact_scale 1.0
  ren_scale  1.0
  Kqq      =   0.25824327826931687            +-    2.3168666526971940E-004
  Kgq      =   -7.9290236903768727E-002       +-    1.3546955818703605E-004
  K_nlo    =    1.1789530413655482            +-    2.6838537974188117E-004
  Kqq2     =    5.0644611083114077E-002       +-    1.8447597589254884E-004
  Kgq2     =   -3.6327917903610091E-002       +-    1.2891046385555733E-004
  Kqqs     =    1.7739945580619934E-003       +-    3.1624447201545047E-006
  Kgg      =    1.4778771822580030E-003       +-    2.4687732894360131E-006
  Kgghhz   =   0.13518134788508182            +-    3.7179749375546993E-004
  K_nnlo   =    1.1965216062853723            +-    3.5028003273141275E-004
  K_nnlo2  =    1.3317029541704541            +-    5.1081256610734267E-004
  sig_LO   = (  0.35625505936792368            +-    2.0501153933756363E-004 ) fb
  sig_NLO  = (  0.42000798574367754            +-    2.2621162925872424E-004 ) fb
  sig_NNLO = (  0.42626687588219864            +-    2.4000423794654790E-004 ) fb
  sig_HHZ  = (  0.47442591499843439            +-    2.7412823989287987E-004 ) fb

  pp ---> HHZ + X
  ===============

  PDFSET = PDF4LHC21_40                                NSET =  21
  Sqrt(S)  = 13.6 TeV
  LOOP     = 3
  alphaS(MZ) =   0.11800
          kl =   1.00000
          kv =   1.00000
         k2v =   1.00000
         kth =   1.00000
         kbh =   1.00000
 --------------

  mH       = 125.0000      GeV
  fact_scale 1.0
  ren_scale  1.0
  Kqq      =   0.25846265051016676            +-    2.3183739734858918E-004
  Kgq      =   -7.9763216513023288E-002       +-    1.3626228347700855E-004
  K_nlo    =    1.1786994339971435            +-    2.6891632287337312E-004
  Kqq2     =    5.0734952144277992E-002       +-    1.8458558824630867E-004
  Kgq2     =   -3.6545020018062951E-002       +-    1.2965604995740924E-004
  Kqqs     =    1.7837959128608474E-003       +-    3.1804476588237098E-006
  Kgg      =    1.4878387719527734E-003       +-    2.4859699145860845E-006
  Kgghhz   =   0.13608488963937018            +-    3.7471645008549164E-004
  K_nnlo   =    1.1961610008081720            +-    3.5101967848007756E-004
  K_nnlo2  =    1.3322458904475423            +-    5.1344642626561317E-004
  sig_LO   = (  0.35301487629065997            +-    2.0319866162625417E-004 ) fb
  sig_NLO  = (  0.41609843487637255            +-    2.2428035725385368E-004 ) fb
  sig_NNLO = (  0.42226262772400891            +-    2.3800139713857807E-004 ) fb
  sig_HHZ  = (  0.47030261820507929            +-    2.7229173833446342E-004 ) fb

  pp ---> HHZ + X
  ===============

  PDFSET = PDF4LHC21_40                                NSET =  22
  Sqrt(S)  = 13.6 TeV
  LOOP     = 3
  alphaS(MZ) =   0.11800
          kl =   1.00000
          kv =   1.00000
         k2v =   1.00000
         kth =   1.00000
         kbh =   1.00000
 --------------

  mH       = 125.0000      GeV
  fact_scale 1.0
  ren_scale  1.0
  Kqq      =   0.25826952308828716            +-    2.3165164219872338E-004
  Kgq      =   -7.9447614415067133E-002       +-    1.3587939080408686E-004
  K_nlo    =    1.1788219086732201            +-    2.6856226871743380E-004
  Kqq2     =    5.0653291287513211E-002       +-    1.8438119201116213E-004
  Kgq2     =   -3.6397214189838559E-002       +-    1.2930137735209690E-004
  Kqqs     =    1.7730537296638238E-003       +-    3.1628612795846747E-006
  Kgg      =    1.4889658775748412E-003       +-    2.4963262885650766E-006
  Kgghhz   =   0.13628186498602476            +-    3.7533533511228007E-004
  K_nnlo   =    1.1963400053781335            +-    3.5050991094072415E-004
  K_nnlo2  =    1.3326218703641581            +-    5.1355020343830254E-004
  sig_LO   = (  0.35423426946143610            +-    2.0383166351591950E-004 ) fb
  sig_NLO  = (  0.41757911764399380            +-    2.2493958570883610E-004 ) fb
  sig_NNLO = (  0.42378462783261356            +-    2.3867070162348852E-004 ) fb
  sig_HHZ  = (  0.47206033471678011            +-    2.7320536499969442E-004 ) fb

  pp ---> HHZ + X
  ===============

  PDFSET = PDF4LHC21_40                                NSET =  23
  Sqrt(S)  = 13.6 TeV
  LOOP     = 3
  alphaS(MZ) =   0.11800
          kl =   1.00000
          kv =   1.00000
         k2v =   1.00000
         kth =   1.00000
         kbh =   1.00000
 --------------

  mH       = 125.0000      GeV
  fact_scale 1.0
  ren_scale  1.0
  Kqq      =   0.25835532157636365            +-    2.3157470604801215E-004
  Kgq      =   -7.9398459427516138E-002       +-    1.3564201713848592E-004
  K_nlo    =    1.1789568621488475            +-    2.6837585825595519E-004
  Kqq2     =    5.0684884537198320E-002       +-    1.8434778475295800E-004
  Kgq2     =   -3.6377020875683834E-002       +-    1.2908012401290932E-004
  Kqqs     =    1.7767654873912036E-003       +-    3.1669850427339397E-006
  Kgg      =    1.4800487591619818E-003       +-    2.4726799778341370E-006
  Kgghhz   =   0.13538301171837369            +-    3.7244162795623670E-004
  K_nnlo   =    1.1965215400569154            +-    3.5026779668371631E-004
  K_nnlo2  =    1.3319045517752890            +-    5.1127321035661258E-004
  sig_LO   = (  0.35504457956125740            +-    2.0410410797080974E-004 ) fb
  sig_NLO  = (  0.41858224344249684            +-    2.2525051199574270E-004 ) fb
  sig_NNLO = (  0.42481848712549558            +-    2.3900641470291737E-004 ) fb
  sig_HHZ  = (  0.47288549160078236            +-    2.7314782330281032E-004 ) fb

  pp ---> HHZ + X
  ===============

  PDFSET = PDF4LHC21_40                                NSET =  24
  Sqrt(S)  = 13.6 TeV
  LOOP     = 3
  alphaS(MZ) =   0.11800
          kl =   1.00000
          kv =   1.00000
         k2v =   1.00000
         kth =   1.00000
         kbh =   1.00000
 --------------

  mH       = 125.0000      GeV
  fact_scale 1.0
  ren_scale  1.0
  Kqq      =   0.25814217304150155            +-    2.3142873138835363E-004
  Kgq      =   -7.9234069793704745E-002       +-    1.3541308386978706E-004
  K_nlo    =    1.1789081032477966            +-    2.6813422197688366E-004
  Kqq2     =    5.0606372338735522E-002       +-    1.8419696910088290E-004
  Kgq2     =   -3.6300553510399514E-002       +-    1.2888791534816435E-004
  Kqqs     =    1.7731102443929697E-003       +-    3.1604776659237371E-006
  Kgg      =    1.4768707538929393E-003       +-    2.4677646054741484E-006
  Kgghhz   =   0.13509835189450592            +-    3.7198891912920939E-004
  K_nnlo   =    1.1964639030744186            +-    3.4993236150022012E-004
  K_nnlo2  =    1.3315622549689246            +-    5.1071363167634186E-004
  sig_LO   = (  0.35610160319913170            +-    2.0475491389087311E-004 ) fb
  sig_NLO  = (  0.41981106559098791            +-    2.2592384353450182E-004 ) fb
  sig_NNLO = (  0.42606271405469098            +-    2.3969270837793873E-004 ) fb
  sig_HHZ  = (  0.47417145375388497            +-    2.7386090628530929E-004 ) fb

  pp ---> HHZ + X
  ===============

  PDFSET = PDF4LHC21_40                                NSET =  25
  Sqrt(S)  = 13.6 TeV
  LOOP     = 3
  alphaS(MZ) =   0.11800
          kl =   1.00000
          kv =   1.00000
         k2v =   1.00000
         kth =   1.00000
         kbh =   1.00000
 --------------

  mH       = 125.0000      GeV
  fact_scale 1.0
  ren_scale  1.0
  Kqq      =   0.25827656036835900            +-    2.3185019267979033E-004
  Kgq      =   -7.9503521785966605E-002       +-    1.3597303536942937E-004
  K_nlo    =    1.1787730385823925            +-    2.6878091113996912E-004
  Kqq2     =    5.0657611892487707E-002       +-    1.8445106031906870E-004
  Kgq2     =   -3.6425384297852824E-002       +-    1.2940165658533156E-004
  Kqqs     =    1.7754705072968084E-003       +-    3.1665866345675111E-006
  Kgg      =    1.4874857515281901E-003       +-    2.4874809840591262E-006
  Kgghhz   =   0.13609329011997912            +-    3.7432791794445486E-004
  K_nnlo   =    1.1962682224358523            +-    3.5075115880870453E-004
  K_nnlo2  =    1.3323615125558315            +-    5.1297930324553989E-004
  sig_LO   = (  0.35466986517692789            +-    2.0431962071056274E-004 ) fb
  sig_NLO  = (  0.41807527466821476            +-    2.2546402888429438E-004 ) fb
  sig_NNLO = (  0.42428028916676697            +-    2.3921137707045990E-004 ) fb
  sig_HHZ  = (  0.47254847802510447            +-    2.7358372124612103E-004 ) fb

  pp ---> HHZ + X
  ===============

  PDFSET = PDF4LHC21_40                                NSET =  26
  Sqrt(S)  = 13.6 TeV
  LOOP     = 3
  alphaS(MZ) =   0.11800
          kl =   1.00000
          kv =   1.00000
         k2v =   1.00000
         kth =   1.00000
         kbh =   1.00000
 --------------

  mH       = 125.0000      GeV
  fact_scale 1.0
  ren_scale  1.0
  Kqq      =   0.25824830453114461            +-    2.3025695126747579E-004
  Kgq      =   -7.9296236974582837E-002       +-    1.3490730579520020E-004
  K_nlo    =    1.1789520675565617            +-    2.6686746666447069E-004
  Kqq2     =    5.0649438817886770E-002       +-    1.8346247458765182E-004
  Kgq2     =   -3.6328293999747463E-002       +-    1.2833532133889837E-004
  Kqqs     =    1.7769489823894796E-003       +-    3.1491947391471507E-006
  Kgg      =    1.4755254737477243E-003       +-    2.4635465368718959E-006
  Kgghhz   =   0.13495915431228786            +-    3.7121181580293322E-004
  K_nnlo   =    1.1965256868308383            +-    3.4837144765026293E-004
  K_nnlo2  =    1.3314848411431262            +-    5.0907845930627503E-004
  sig_LO   = (  0.35594372478615521            +-    2.0287202083634425E-004 ) fb
  sig_NLO  = (  0.41964059027042144            +-    2.2400919392500673E-004 ) fb
  sig_NNLO = (  0.42589580977288116            +-    2.3776714080943399E-004 ) fb
  sig_HHZ  = (  0.47393367385278640            +-    2.7201412943674035E-004 ) fb

  pp ---> HHZ + X
  ===============

  PDFSET = PDF4LHC21_40                                NSET =  27
  Sqrt(S)  = 13.6 TeV
  LOOP     = 3
  alphaS(MZ) =   0.11800
          kl =   1.00000
          kv =   1.00000
         k2v =   1.00000
         kth =   1.00000
         kbh =   1.00000
 --------------

  mH       = 125.0000      GeV
  fact_scale 1.0
  ren_scale  1.0
  Kqq      =   0.25831471606432455            +-    2.3166347439520260E-004
  Kgq      =   -7.9354771773576832E-002       +-    1.3556209786122391E-004
  K_nlo    =    1.1789599442907479            +-    2.6841208569174514E-004
  Kqq2     =    5.0670379084220479E-002       +-    1.8434283091416570E-004
  Kgq2     =   -3.6359524493457501E-002       +-    1.2899937571961916E-004
  Kqqs     =    1.7743259006433791E-003       +-    3.1646421475892680E-006
  Kgg      =    1.4807279753868297E-003       +-    2.4740333748139001E-006
  Kgghhz   =   0.13543859060887839            +-    3.7292188435670881E-004
  K_nnlo   =    1.1965258527575409            +-    3.5026318931905318E-004
  K_nnlo2  =    1.3319644433664193            +-    5.1162000901461367E-004
  sig_LO   = (  0.35481522464117310            +-    2.0414569615445191E-004 ) fb
  sig_NLO  = (  0.41831293747646658            +-    2.2526760360530416E-004 ) fb
  sig_NNLO = (  0.42454558923513808            +-    2.3899929615987800E-004 ) fb
  sig_HHZ  = (  0.47260126318711115            +-    2.7318274567164944E-004 ) fb

  pp ---> HHZ + X
  ===============

  PDFSET = PDF4LHC21_40                                NSET =  28
  Sqrt(S)  = 13.6 TeV
  LOOP     = 3
  alphaS(MZ) =   0.11800
          kl =   1.00000
          kv =   1.00000
         k2v =   1.00000
         kth =   1.00000
         kbh =   1.00000
 --------------

  mH       = 125.0000      GeV
  fact_scale 1.0
  ren_scale  1.0
  Kqq      =   0.25832083386960852            +-    2.3178618222009645E-004
  Kgq      =   -7.9242917647522684E-002       +-    1.3535852335980653E-004
  K_nlo    =    1.1790779162220859            +-    2.6841528293730790E-004
  Kqq2     =    5.0674843497010125E-002       +-    1.8455069572913713E-004
  Kgq2     =   -3.6308249958851277E-002       +-    1.2878604894894994E-004
  Kqqs     =    1.7774728435422694E-003       +-    3.1685500653649141E-006
  Kgg      =    1.4711078921186508E-003       +-    2.4553169357510253E-006
  Kgghhz   =   0.13452260489455603            +-    3.7025098822954602E-004
  K_nnlo   =    1.1966930904959057            +-    3.5029650027237875E-004
  K_nnlo2  =    1.3312156953904617            +-    5.0969935490250730E-004
  sig_LO   = (  0.35584605233154470            +-    2.0486069456828785E-004 ) fb
  sig_NLO  = (  0.41957022187893300            +-    2.2603302299480113E-004 ) fb
  sig_NNLO = (  0.42583851210540391            +-    2.3980394541120654E-004 ) fb
  sig_HHZ  = (  0.47370785000648780            +-    2.7361398837203057E-004 ) fb

  pp ---> HHZ + X
  ===============

  PDFSET = PDF4LHC21_40                                NSET =  29
  Sqrt(S)  = 13.6 TeV
  LOOP     = 3
  alphaS(MZ) =   0.11800
          kl =   1.00000
          kv =   1.00000
         k2v =   1.00000
         kth =   1.00000
         kbh =   1.00000
 --------------

  mH       = 125.0000      GeV
  fact_scale 1.0
  ren_scale  1.0
  Kqq      =   0.25837789075640577            +-    2.3179936706154957E-004
  Kgq      =   -7.9282074933900340E-002       +-    1.3537525636570362E-004
  K_nlo    =    1.1790958158225056            +-    2.6843510688100201E-004
  Kqq2     =    5.0694786501250477E-002       +-    1.8449947365489785E-004
  Kgq2     =   -3.6327663228465958E-002       +-    1.2883593093546004E-004
  Kqqs     =    1.7785952727965130E-003       +-    3.1692533396040337E-006
  Kgg      =    1.4729950293757902E-003       +-    2.4592059911396951E-006
  Kgghhz   =   0.13471808859496293            +-    3.7044861151147102E-004
  K_nnlo   =    1.1967145293974624            +-    3.5030308497926960E-004
  K_nnlo2  =    1.3314326179924252            +-    5.0984745279031274E-004
  sig_LO   = (  0.35607301234933764            +-    2.0495318381918097E-004 ) fb
  sig_NLO  = (  0.41984419898841935            +-    2.2614557549228124E-004 ) fb
  sig_NNLO = (  0.42611774740477443            +-    2.3992550358248939E-004 ) fb
  sig_HHZ  = (  0.47408722302872786            +-    2.7379488447009222E-004 ) fb

  pp ---> HHZ + X
  ===============

  PDFSET = PDF4LHC21_40                                NSET =  30
  Sqrt(S)  = 13.6 TeV
  LOOP     = 3
  alphaS(MZ) =   0.11800
          kl =   1.00000
          kv =   1.00000
         k2v =   1.00000
         kth =   1.00000
         kbh =   1.00000
 --------------

  mH       = 125.0000      GeV
  fact_scale 1.0
  ren_scale  1.0
  Kqq      =   0.25833293066173030            +-    2.3168224999877581E-004
  Kgq      =   -7.9351962272356830E-002       +-    1.3542675558825875E-004
  K_nlo    =    1.1789809683893735            +-    2.6835996551955593E-004
  Kqq2     =    5.0677243603478070E-002       +-    1.8449099354967780E-004
  Kgq2     =   -3.6358063503451540E-002       +-    1.2887551260202024E-004
  Kqqs     =    1.7732083864946014E-003       +-    3.1606996195575201E-006
  Kgg      =    1.4780163371174433E-003       +-    2.4628807106412390E-006
  Kgghhz   =   0.13509739998545722            +-    3.7197266761720141E-004
  K_nnlo   =    1.1965513732130122            +-    3.5025555148565152E-004
  K_nnlo2  =    1.3316487731984694            +-    5.1092329835384775E-004
  sig_LO   = (  0.35540121540459141            +-    2.0450296818348809E-004 ) fb
  sig_NLO  = (  0.41901126910446546            +-    2.2565004313693614E-004 ) fb
  sig_NNLO = (  0.42525581233393733            +-    2.3940978525076889E-004 ) fb
  sig_HHZ  = (  0.47326959248676903            +-    2.7348448432364217E-004 ) fb

  pp ---> HHZ + X
  ===============

  PDFSET = PDF4LHC21_40                                NSET =  31
  Sqrt(S)  = 13.6 TeV
  LOOP     = 3
  alphaS(MZ) =   0.11800
          kl =   1.00000
          kv =   1.00000
         k2v =   1.00000
         kth =   1.00000
         kbh =   1.00000
 --------------

  mH       = 125.0000      GeV
  fact_scale 1.0
  ren_scale  1.0
  Kqq      =   0.25829344114878738            +-    2.3249384761943578E-004
  Kgq      =   -7.9251181213449942E-002       +-    1.3556013212487266E-004
  K_nlo    =    1.1790422599353374            +-    2.6912810816152660E-004
  Kqq2     =    5.0663641578652836E-002       +-    1.8496335785896342E-004
  Kgq2     =   -3.6312284558802345E-002       +-    1.2898835594054233E-004
  Kqqs     =    1.7723694739379069E-003       +-    3.1671650864127720E-006
  Kgg      =    1.4766442296250931E-003       +-    2.4651803325210019E-006
  Kgghhz   =   0.13502646538809254            +-    3.7240456162568325E-004
  K_nnlo   =    1.1966426306587508            +-    3.5113457017227145E-004
  K_nnlo2  =    1.3316690960468434            +-    5.1184044768822553E-004
  sig_LO   = (  0.35429273303043118            +-    2.0492491077261541E-004 ) fb
  sig_NLO  = (  0.41772610463086673            +-    2.2602182840088247E-004 ) fb
  sig_NNLO = (  0.42396178807681367            +-    2.3973043276746304E-004 ) fb
  sig_HHZ  = (  0.47180068353059990            +-    2.7364010062345772E-004 ) fb

  pp ---> HHZ + X
  ===============

  PDFSET = PDF4LHC21_40                                NSET =  32
  Sqrt(S)  = 13.6 TeV
  LOOP     = 3
  alphaS(MZ) =   0.11800
          kl =   1.00000
          kv =   1.00000
         k2v =   1.00000
         kth =   1.00000
         kbh =   1.00000
 --------------

  mH       = 125.0000      GeV
  fact_scale 1.0
  ren_scale  1.0
  Kqq      =   0.25826937519431320            +-    2.3177080231935663E-004
  Kgq      =   -7.9321499873978740E-002       +-    1.3561110849419366E-004
  K_nlo    =    1.1789478753203344            +-    2.6852947241370407E-004
  Kqq2     =    5.0654396553866637E-002       +-    1.8449516684517609E-004
  Kgq2     =   -3.6340365447519160E-002       +-    1.2904093738745260E-004
  Kqqs     =    1.7757586877847043E-003       +-    3.1680879964739127E-006
  Kgg      =    1.4771820800414481E-003       +-    2.4679696794441559E-006
  Kgghhz   =   0.13511675832377162            +-    3.7196970832799933E-004
  K_nnlo   =    1.1965148471945080            +-    3.5044862008821797E-004
  K_nnlo2  =    1.3316316055182795            +-    5.1105351895408470E-004
  sig_LO   = (  0.35570038302158447            +-    2.0486721947665453E-004 ) fb
  sig_NLO  = (  0.41935221081392621            +-    2.2603957791849551E-004 ) fb
  sig_NNLO = (  0.42560078943809915            +-    2.3981112138739437E-004 ) fb
  sig_HHZ  = (  0.47366187212649957            +-    2.7388911730195258E-004 ) fb

  pp ---> HHZ + X
  ===============

  PDFSET = PDF4LHC21_40                                NSET =  33
  Sqrt(S)  = 13.6 TeV
  LOOP     = 3
  alphaS(MZ) =   0.11800
          kl =   1.00000
          kv =   1.00000
         k2v =   1.00000
         kth =   1.00000
         kbh =   1.00000
 --------------

  mH       = 125.0000      GeV
  fact_scale 1.0
  ren_scale  1.0
  Kqq      =   0.25826525424965091            +-    2.3163593977386932E-004
  Kgq      =   -7.9268499472301163E-002       +-    1.3542141045674321E-004
  K_nlo    =    1.1789967547773497            +-    2.6831728793541673E-004
  Kqq2     =    5.0653168273686898E-002       +-    1.8443924670385280E-004
  Kgq2     =   -3.6319087578215094E-002       +-    1.2885536201005137E-004
  Kqqs     =    1.7737333042539042E-003       +-    3.1622957696755181E-006
  Kgg      =    1.4771350282989462E-003       +-    2.4684309739041344E-006
  Kgghhz   =   0.13510666103163299            +-    3.7214127050610931E-004
  K_nnlo   =    1.1965817038053743            +-    3.5018823554547237E-004
  K_nnlo2  =    1.3316883648370073            +-    5.1099992713145520E-004
  sig_LO   = (  0.35511795768396454            +-    2.0431053708850133E-004 ) fb
  sig_NLO  = (  0.41868291967255439            +-    2.2543711090283763E-004 ) fb
  sig_NNLO = (  0.42492765085736312            +-    2.3918139625429615E-004 ) fb
  sig_HHZ  = (  0.47290645239241630            +-    2.7326257099036840E-004 ) fb

  pp ---> HHZ + X
  ===============

  PDFSET = PDF4LHC21_40                                NSET =  34
  Sqrt(S)  = 13.6 TeV
  LOOP     = 3
  alphaS(MZ) =   0.11800
          kl =   1.00000
          kv =   1.00000
         k2v =   1.00000
         kth =   1.00000
         kbh =   1.00000
 --------------

  mH       = 125.0000      GeV
  fact_scale 1.0
  ren_scale  1.0
  Kqq      =   0.25816103124689566            +-    2.3054625464163076E-004
  Kgq      =   -7.9326117942946139E-002       +-    1.3531834101047471E-004
  K_nlo    =    1.1788349133039495            +-    2.6732495009465686E-004
  Kqq2     =    5.0612021735340323E-002       +-    1.8330798361343027E-004
  Kgq2     =   -3.6342582937841802E-002       +-    1.2879689338354160E-004
  Kqqs     =    1.7746950650363816E-003       +-    3.1555527228983773E-006
  Kgg      =    1.4814904774160837E-003       +-    2.4766549655786725E-006
  Kgghhz   =   0.13556958471044184            +-    3.7215957249780247E-004
  K_nnlo   =    1.1963605376439004            +-    3.4881109053123483E-004
  K_nnlo2  =    1.3319301223543423            +-    5.1007050912529374E-004
  sig_LO   = (  0.35647015873140819            +-    2.0359525028347826E-004 ) fb
  sig_NLO  = (  0.42021946866358467            +-    2.2479290871179640E-004 ) fb
  sig_NNLO = (  0.42646683075391406            +-    2.3856162046237720E-004 ) fb
  sig_HHZ  = (  0.47479334213479635            +-    2.7296762771580044E-004 ) fb

  pp ---> HHZ + X
  ===============

  PDFSET = PDF4LHC21_40                                NSET =  35
  Sqrt(S)  = 13.6 TeV
  LOOP     = 3
  alphaS(MZ) =   0.11800
          kl =   1.00000
          kv =   1.00000
         k2v =   1.00000
         kth =   1.00000
         kbh =   1.00000
 --------------

  mH       = 125.0000      GeV
  fact_scale 1.0
  ren_scale  1.0
  Kqq      =   0.25824286232920129            +-    2.3183434295773363E-004
  Kgq      =   -7.9274225825980385E-002       +-    1.3546761565943604E-004
  K_nlo    =    1.1789686365032208            +-    2.6851189446111458E-004
  Kqq2     =    5.0645394118848337E-002       +-    1.8453215709667432E-004
  Kgq2     =   -3.6320183278975883E-002       +-    1.2890810492991706E-004
  Kqqs     =    1.7725917672339474E-003       +-    3.1618748727714370E-006
  Kgg      =    1.4792057781929558E-003       +-    2.4707699570620971E-006
  Kgghhz   =   0.13530759382470148            +-    3.7226422925499538E-004
  K_nnlo   =    1.1965456448885201            +-    3.5040570221296728E-004
  K_nnlo2  =    1.3318532387132216            +-    5.1123850845390985E-004
  sig_LO   = (  0.35534308662302683            +-    2.0467689167762796E-004 ) fb
  sig_NLO  = (  0.41893835432679588            +-    2.2582389571442998E-004 ) fb
  sig_NNLO = (  0.42518422274002698            +-    2.3957551397121686E-004 ) fb
  sig_HHZ  = (  0.47326484077323122            +-    2.7366919354873231E-004 ) fb

  pp ---> HHZ + X
  ===============

  PDFSET = PDF4LHC21_40                                NSET =  36
  Sqrt(S)  = 13.6 TeV
  LOOP     = 3
  alphaS(MZ) =   0.11800
          kl =   1.00000
          kv =   1.00000
         k2v =   1.00000
         kth =   1.00000
         kbh =   1.00000
 --------------

  mH       = 125.0000      GeV
  fact_scale 1.0
  ren_scale  1.0
  Kqq      =   0.25825656677967390            +-    2.3174577831378332E-004
  Kgq      =   -7.9456693658580213E-002       +-    1.3581475961067598E-004
  K_nlo    =    1.1787998731210938            +-    2.6861078663070645E-004
  Kqq2     =    5.0647606610579168E-002       +-    1.8443926238331186E-004
  Kgq2     =   -3.6400705351308502E-002       +-    1.2919955420236229E-004
  Kqqs     =    1.7720618873702831E-003       +-    3.1602694390191915E-006
  Kgg      =    1.4875633093792619E-003       +-    2.4878107339551631E-006
  Kgghhz   =   0.13607747616832441            +-    3.7542507626604071E-004
  K_nnlo   =    1.1963063995771139            +-    3.5054000843574390E-004
  K_nnlo2  =    1.3323838757454383            +-    5.1363633575078572E-004
  sig_LO   = (  0.35486173617074612            +-    2.0432024244296926E-004 ) fb
  sig_NLO  = (  0.41831096957360653            +-    2.2546087197632613E-004 ) fb
  sig_NNLO = (  0.42452336594610901            +-    2.3920794015295688E-004 ) fb
  sig_HHZ  = (  0.47281205539293392            +-    2.7380480512036279E-004 ) fb

  pp ---> HHZ + X
  ===============

  PDFSET = PDF4LHC21_40                                NSET =  37
  Sqrt(S)  = 13.6 TeV
  LOOP     = 3
  alphaS(MZ) =   0.11800
          kl =   1.00000
          kv =   1.00000
         k2v =   1.00000
         kth =   1.00000
         kbh =   1.00000
 --------------

  mH       = 125.0000      GeV
  fact_scale 1.0
  ren_scale  1.0
  Kqq      =   0.25809640376662785            +-    2.3154198290956172E-004
  Kgq      =   -7.9121233210307104E-002       +-    1.3516910269204267E-004
  K_nlo    =    1.1789751705563207            +-    2.6810888864836938E-004
  Kqq2     =    5.0589990755375562E-002       +-    1.8423627071487110E-004
  Kgq2     =   -3.6250112680116575E-002       +-    1.2862908067551757E-004
  Kqqs     =    1.7702546254534958E-003       +-    3.1560971933527672E-006
  Kgg      =    1.4747747721501963E-003       +-    2.4633807615883474E-006
  Kgghhz   =   0.13489284408909866            +-    3.7129694048081786E-004
  K_nnlo   =    1.1965600780291834            +-    3.4983831866861910E-004
  K_nnlo2  =    1.3314529221182820            +-    5.1014533930959544E-004
  sig_LO   = (  0.35614636989981685            +-    2.0482131284017347E-004 ) fb
  sig_NLO  = (  0.41988772719565109            +-    2.2598528228292324E-004 ) fb
  sig_NNLO = (  0.42615052815713533            +-    2.3974016586203104E-004 ) fb
  sig_HHZ  = (  0.47419212490492979            +-    2.7379138414601156E-004 ) fb

  pp ---> HHZ + X
  ===============

  PDFSET = PDF4LHC21_40                                NSET =  38
  Sqrt(S)  = 13.6 TeV
  LOOP     = 3
  alphaS(MZ) =   0.11800
          kl =   1.00000
          kv =   1.00000
         k2v =   1.00000
         kth =   1.00000
         kbh =   1.00000
 --------------

  mH       = 125.0000      GeV
  fact_scale 1.0
  ren_scale  1.0
  Kqq      =   0.25812962973093601            +-    2.3162155197220015E-004
  Kgq      =   -7.9144293294926907E-002       +-    1.3520745387070394E-004
  K_nlo    =    1.1789853364360092            +-    2.6819694054968106E-004
  Kqq2     =    5.0602817853292313E-002       +-    1.8438924227468331E-004
  Kgq2     =   -3.6259268170329588E-002       +-    1.2865314828052875E-004
  Kqqs     =    1.7716926858578974E-003       +-    3.1585940546356817E-006
  Kgg      =    1.4735689818672149E-003       +-    2.4609120681574005E-006
  Kgghhz   =   0.13477442636899548            +-    3.7098642089923513E-004
  K_nnlo   =    1.1965741477866971            +-    3.4999522418733360E-004
  K_nnlo2  =    1.3313485741556925            +-    5.1002703991608761E-004
  sig_LO   = (  0.35639804305630818            +-    2.0510438066452023E-004 ) fb
  sig_NLO  = (  0.42018806669787678            +-    2.2628361261928264E-004 ) fb
  sig_NNLO = (  0.42645668464294856            +-    2.4005682464695702E-004 ) fb
  sig_HHZ  = (  0.47449002645489502            +-    2.7406039340269791E-004 ) fb

  pp ---> HHZ + X
  ===============

  PDFSET = PDF4LHC21_40                                NSET =  39
  Sqrt(S)  = 13.6 TeV
  LOOP     = 3
  alphaS(MZ) =   0.11800
          kl =   1.00000
          kv =   1.00000
         k2v =   1.00000
         kth =   1.00000
         kbh =   1.00000
 --------------

  mH       = 125.0000      GeV
  fact_scale 1.0
  ren_scale  1.0
  Kqq      =   0.25814157632220308            +-    2.3171352863147142E-004
  Kgq      =   -7.9348821120351312E-002       +-    1.3570502736240828E-004
  K_nlo    =    1.1787927552018518            +-    2.6852749170667739E-004
  Kqq2     =    5.0602307715101172E-002       +-    1.8447557051802307E-004
  Kgq2     =   -3.6345382153517160E-002       +-    1.2913845427712655E-004
  Kqqs     =    1.7699232475841800E-003       +-    3.1595306197201912E-006
  Kgg      =    1.4838438087139991E-003       +-    2.4805521357571819E-006
  Kgghhz   =   0.13576538805279667            +-    3.7329877591279874E-004
  K_nnlo   =    1.1963034478197339            +-    3.5047271800519718E-004
  K_nnlo2  =    1.3320688358725306            +-    5.1203818428311029E-004
  sig_LO   = (  0.35507671147743880            +-    2.0446487643450869E-004 ) fb
  sig_NLO  = (  0.41856185503050308            +-    2.2560385602508028E-004 ) fb
  sig_NNLO = (  0.42477949418095295            +-    2.3935824426210881E-004 ) fb
  sig_HHZ  = (  0.47298662170319838            +-    2.7360883123570006E-004 ) fb

  pp ---> HHZ + X
  ===============

  PDFSET = PDF4LHC21_40                                NSET =  40
  Sqrt(S)  = 13.6 TeV
  LOOP     = 3
  alphaS(MZ) =   0.11800
          kl =   1.00000
          kv =   1.00000
         k2v =   1.00000
         kth =   1.00000
         kbh =   1.00000
 --------------

  mH       = 125.0000      GeV
  fact_scale 1.0
  ren_scale  1.0
  Kqq      =   0.25825982981837764            +-    2.3169882312193367E-004
  Kgq      =   -7.9275487637244638E-002       +-    1.3541250277859741E-004
  K_nlo    =    1.1789843421811330            +-    2.6836708170871622E-004
  Kqq2     =    5.0649848934954236E-002       +-    1.8436495397231278E-004
  Kgq2     =   -3.6322974982817793E-002       +-    1.2886436803794367E-004
  Kqqs     =    1.7738292080213952E-003       +-    3.1611371552686372E-006
  Kgg      =    1.4779654087899450E-003       +-    2.4683379006965050E-006
  Kgghhz   =   0.13518204282415502            +-    3.7216474761413870E-004
  K_nnlo   =    1.1965630107500809            +-    3.5019057329972606E-004
  K_nnlo2  =    1.3317450535742359            +-    5.1101862685687535E-004
  sig_LO   = (  0.35530665873758055            +-    2.0452007544332002E-004 ) fb
  sig_NLO  = (  0.41890098732430270            +-    2.2565589224787872E-004 ) fb
  sig_NNLO = (  0.42514680531859095            +-    2.3939518053957431E-004 ) fb
  sig_HHZ  = (  0.47317788527576199            +-    2.7348768966754377E-004 ) fb

  pp ---> HHZ + X
  ===============

  PDFSET = PDF4LHC21_40                                NSET =  41
  Sqrt(S)  = 13.6 TeV
  LOOP     = 3
  alphaS(MZ) =   0.11700
          kl =   1.00000
          kv =   1.00000
         k2v =   1.00000
         kth =   1.00000
         kbh =   1.00000
 --------------

  mH       = 125.0000      GeV
  fact_scale 1.0
  ren_scale  1.0
  Kqq      =   0.25626389247095138            +-    2.3002751310381107E-004
  Kgq      =   -7.7761749755043907E-002       +-    1.3288903358686869E-004
  K_nlo    =    1.1785021427159075            +-    2.6565419633872885E-004
  Kqq2     =    4.9875608719184811E-002       +-    1.8189586904045262E-004
  Kgq2     =   -3.5395880884403798E-002       +-    1.2560949399566804E-004
  Kqqs     =    1.7445368900121164E-003       +-    3.1123398572308270E-006
  Kgg      =    1.4249295260771850E-003       +-    2.3781745350894971E-006
  Kgghhz   =   0.13011823848790152            +-    3.5846012944511582E-004
  K_nnlo   =    1.1961513369667778            +-    3.4561734123407550E-004
  K_nnlo2  =    1.3262695754546794            +-    4.9794077053754153E-004
  sig_LO   = (  0.35666090881868784            +-    2.0527895983249068E-004 ) fb
  sig_NLO  = (  0.42032564526582655            +-    2.2609007799385497E-004 ) fb
  sig_NNLO = (  0.42662042292725955            +-    2.3944623458175572E-004 ) fb
  sig_HHZ  = (  0.47302851212024127            +-    2.7144022053007713E-004 ) fb

  pp ---> HHZ + X
  ===============

  PDFSET = PDF4LHC21_40                                NSET =  42
  Sqrt(S)  = 13.6 TeV
  LOOP     = 3
  alphaS(MZ) =   0.11900
          kl =   1.00000
          kv =   1.00000
         k2v =   1.00000
         kth =   1.00000
         kbh =   1.00000
 --------------

  mH       = 125.0000      GeV
  fact_scale 1.0
  ren_scale  1.0
  Kqq      =   0.26002875750356430            +-    2.3320806722496008E-004
  Kgq      =   -7.8429124770175537E-002       +-    1.3409703165578928E-004
  K_nlo    =    1.1815996327333886            +-    2.6901304153831507E-004
  Kqq2     =    5.1348793483003349E-002       +-    1.8689564321085851E-004
  Kgq2     =   -3.6177880752267605E-002       +-    1.2846020279053073E-004
  Kqqs     =    1.7990136615718298E-003       +-    3.2060946448623504E-006
  Kgg      =    1.4524586193994690E-003       +-    2.4338301416233306E-006
  Kgghhz   =   0.13274005871364955            +-    3.6435197502648209E-004
  K_nnlo   =    1.2000220177450955            +-    3.5187529643598191E-004
  K_nnlo2  =    1.3327620764587451            +-    5.0652599730676047E-004
  sig_LO   = (  0.35709492523961683            +-    2.0548098651071371E-004 ) fb
  sig_NLO  = (  0.42194323251408816            +-    2.2682718678833000E-004 ) fb
  sig_NNLO = (  0.42852177271257919            +-    2.4085489976710350E-004 ) fb
  sig_HHZ  = (  0.47592257405523219            +-    2.7375031907118171E-004 ) fb

