  pp ---> HHZ + X
  ===============

  PDFSET = PDF4LHC21_40                                NSET =   0
  Sqrt(S)  = 13.6 TeV
  LOOP     = 3
  alphaS(MZ) =   0.11800
          kl =   1.00000
          kv =   1.00000
         k2v =   1.00000
         kth =   1.00000
         kbh =   1.00000
        cHsq =   0.00000
       chdup =   0.00000
         cHw =   0.00000
          cH =  -6.00000
         cHb =   0.00000
        cHwb =   0.00000
      cHq1st =   0.00000
      cHq3st =   0.00000
      cHq1rd =   0.00000
      cHq3rd =   0.00000
       cHdst =   0.00000
       cHust =   0.00000
       cHdrd =   0.00000
       cHurd =   0.00000
         cth =   0.00000
         cbh =   0.00000
 --------------

  mH       = 125.0000      GeV
  fact_scale 0.5
  ren_scale  0.5
  Kqq      =   0.20696130585306693            +-    1.9072163054832371E-004
  Kgq      =   -2.6981256427444963E-002       +-    1.4826719396158455E-004
  K_nlo    =    1.1799800494256221            +-    2.4157380065779779E-004
  Kqq2     =    2.4833976219064462E-002       +-    1.8178987304474418E-004
  Kgq2     =   -2.0506710873899971E-002       +-    1.4392804839150926E-004
  Kqqs     =    1.5806841518498547E-003       +-    4.2133409881930261E-006
  Kgg      =    5.3232416778073227E-004       +-    2.8681197968391059E-006
  Kgghhz   =   0.10400846122310371            +-    3.1934863000572007E-004
  K_nnlo   =    1.1864203230904171            +-    3.3488314465365089E-004
  K_nnlo2  =    1.2904287843135209            +-    4.6274211831175295E-004
  sig_LO   = (  0.71560119165825331            +-    4.0541412847582551E-004 ) fb
  sig_NLO  = (  0.84439512950193973            +-    4.4073214678318017E-004 ) fb
  sig_NNLO = (  0.84900379701107231            +-    4.7094508843219994E-004 ) fb
  sig_HHZ  = (  0.92343237580486659            +-    5.2346301484751661E-004 ) fb

  mH       = 125.0000      GeV
  fact_scale 1.0
  ren_scale  0.5
  Kqq      =   0.28060316816772235            +-    2.5034866465217180E-004
  Kgq      =   -8.8299422577088296E-002       +-    1.5054972854833279E-004
  K_nlo    =    1.1923037455906340            +-    2.9212955115684935E-004
  Kqq2     =    4.4761101738072698E-002       +-    2.6884440446365350E-004
  Kgq2     =   -4.2680272648776045E-002       +-    1.9733905128992255E-004
  Kqqs     =    2.4375478257967144E-003       +-    4.2156263780978964E-006
  Kgg      =    2.0794357210522198E-003       +-    3.4127031993980015E-006
  Kgghhz   =    9.7393222379338895E-002       +-    3.0022521051463247E-004
  K_nnlo   =    1.1989015582267797            +-    4.4338370254601414E-004
  K_nnlo2  =    1.2962947806061185            +-    5.3546641791242869E-004
  sig_LO   = (  0.70917401346831577            +-    4.0083450409131923E-004 ) fb
  sig_NLO  = (  0.84555083253381558            +-    4.5120726158830952E-004 ) fb
  sig_NNLO = (  0.85022982980110307            +-    5.0944913724589058E-004 ) fb
  sig_HHZ  = (  0.91929857220047106            +-    5.5215025857798471E-004 ) fb

  mH       = 125.0000      GeV
  fact_scale 0.5
  ren_scale  1.0
  Kqq      =   0.19011722043077978            +-    1.7529901173143737E-004
  Kgq      =   -2.4789119415030095E-002       +-    1.3614083524088696E-004
  K_nlo    =    1.1653281010157497            +-    2.2195510927686468E-004
  Kqq2     =    3.5748010606614353E-002       +-    1.3224125472136497E-004
  Kgq2     =   -1.9199019227740945E-002       +-    1.2153144677030712E-004
  Kqqs     =    1.3314972331366444E-003       +-    3.5500328499309171E-006
  Kgg      =    4.4848584734544916E-004       +-    2.4141930318945756E-006
  Kgghhz   =    8.7919496406959965E-002       +-    2.6978320099263188E-004
  K_nnlo   =    1.1836570754751052            +-    2.8555234826507857E-004
  K_nnlo2  =    1.2715765718820653            +-    3.9283981358504327E-004
  sig_LO   = (  0.71560119165825331            +-    4.0541412847582551E-004 ) fb
  sig_NLO  = (  0.83391017775971987            +-    4.3541705335712396E-004 ) fb
  sig_NNLO = (  0.84702641372470833            +-    4.5400011601778964E-004 ) fb
  sig_HHZ  = (  0.90994171012352243            +-    4.9334286266240735E-004 ) fb

  mH       = 125.0000      GeV
  fact_scale 1.0
  ren_scale  1.0
  Kqq      =   0.25776397793626954            +-    2.3013774047221029E-004
  Kgq      =   -8.1075711730682218E-002       +-    1.3821862970587366E-004
  K_nlo    =    1.1766882662055873            +-    2.6845440802382783E-004
  Kqq2     =    5.7806978765146275E-002       +-    2.0011799052727227E-004
  Kgq2     =   -4.2285398787539799E-002       +-    1.5348693258361955E-004
  Kqqs     =    2.0555329843738369E-003       +-    3.5547214920137258E-006
  Kgg      =    1.7511249828479614E-003       +-    2.8719757480616918E-006
  Kgghhz   =    8.2326250537537324E-002       +-    2.5365356088069297E-004
  K_nnlo   =    1.1960165041504156            +-    3.6836680372097738E-004
  K_nnlo2  =    1.2783427546879529            +-    4.4725186531870890E-004
  sig_LO   = (  0.70917401346831577            +-    4.0083450409131923E-004 ) fb
  sig_NLO  = (  0.83447674034609021            +-    4.4374900894140752E-004 ) fb
  sig_NNLO = (  0.84818382442269469            +-    4.7844815119010142E-004 ) fb
  sig_HHZ  = (  0.90656746193019810            +-    5.1114682008439923E-004 ) fb

  mH       = 125.0000      GeV
  fact_scale 1.5
  ren_scale  1.0
  Kqq      =   0.29841954392484243            +-    2.7187664024842442E-004
  Kgq      =  -0.11255287695702233            +-    1.2913953888207239E-004
  K_nlo    =    1.1858666669678202            +-    3.0098825228810092E-004
  Kqq2     =    7.0612323539478355E-002       +-    2.5455664199940293E-004
  Kgq2     =   -5.8194686225711778E-002       +-    1.7283008276399288E-004
  Kqqs     =    3.5654114767828750E-003       +-    4.3158843796988359E-006
  Kgg      =    2.9228197474632711E-003       +-    3.2469355439640078E-006
  Kgghhz   =    7.9387550342340713E-002       +-    2.4511081319130915E-004
  K_nnlo   =    1.2047725355058330            +-    4.3045605926513790E-004
  K_nnlo2  =    1.2841600858481736            +-    4.9535010820769658E-004
  sig_LO   = (  0.70455923918579533            +-    3.9783893581759932E-004 ) fb
  sig_NLO  = (  0.83551331665464224            +-    4.5082921585302038E-004 ) fb
  sig_NNLO = (  0.84883362100793114            +-    5.0025559986180336E-004 ) fb
  sig_HHZ  = (  0.90476685307795468            +-    5.2922514928199500E-004 ) fb

  mH       = 125.0000      GeV
  fact_scale 2.0
  ren_scale  1.0
  Kqq      =   0.32757695846672735            +-    3.0956133297039374E-004
  Kgq      =  -0.13430212295256427            +-    1.4695251545032665E-004
  K_nlo    =    1.1932748355141631            +-    3.4267077591703890E-004
  Kqq2     =    7.9663899056649598E-002       +-    2.9897590287533780E-004
  Kgq2     =   -7.0519423807481024E-002       +-    1.9576719354446278E-004
  Kqqs     =    5.0941787714800044E-003       +-    5.3405371214240597E-006
  Kgg      =    3.9111055236732244E-003       +-    3.7926150458887736E-006
  Kgghhz   =    7.7432143693270117E-002       +-    2.3939536166576946E-004
  K_nnlo   =    1.2114245950584848            +-    4.9515406743923219E-004
  K_nnlo2  =    1.2888567387517549            +-    5.4998880869404994E-004
  sig_LO   = (  0.70099067215363120            +-    3.9561741421592319E-004 ) fb
  sig_NLO  = (  0.83647452901108688            +-    4.6283205435365021E-004 ) fb
  sig_NNLO = (  0.84919734115348777            +-    5.2629879878485339E-004 ) fb
  sig_HHZ  = (  0.90347655160732976            +-    5.5240558997229113E-004 ) fb

  mH       = 125.0000      GeV
  fact_scale 1.0
  ren_scale  1.5
  Kqq      =   0.24607941513724974            +-    2.1978585077990389E-004
  Kgq      =   -7.7382577688412502E-002       +-    1.3191583891933604E-004
  K_nlo    =    1.1686968374488373            +-    2.5633495423144770E-004
  Kqq2     =    6.3365783420629221E-002       +-    1.7684946893606782E-004
  Kgq2     =   -4.1902542835870686E-002       +-    1.3541188256046340E-004
  Kqqs     =    1.8727800500432359E-003       +-    3.2385669210501879E-006
  Kgg      =    1.5943071558535075E-003       +-    2.6139042176837542E-006
  Kgghhz   =    7.5098334820777490E-002       +-    2.3133485624642414E-004
  K_nnlo   =    1.1936271652394927            +-    3.3961307715301201E-004
  K_nnlo2  =    1.2687255000602702            +-    4.1091709369152726E-004
  sig_LO   = (  0.70917401346831577            +-    4.0083450409131923E-004 ) fb
  sig_NLO  = (  0.82880942674131974            +-    4.4013007346002360E-004 ) fb
  sig_NNLO = (  0.84648936735769931            +-    4.6762645605350308E-004 ) fb
  sig_HHZ  = (  0.89974715486733747            +-    4.9556946321091446E-004 ) fb

  mH       = 125.0000      GeV
  fact_scale 1.5
  ren_scale  1.5
  Kqq      =   0.28489089041876797            +-    2.5957243499769234E-004
  Kgq      =  -0.10742102228391369            +-    1.2327944204767964E-004
  K_nlo    =    1.1774698681348543            +-    2.8735982642362940E-004
  Kqq2     =    7.6723818025280166E-002       +-    2.2119724679252822E-004
  Kgq2     =   -5.7732581708039347E-002       +-    1.5721272460421728E-004
  Kqqs     =    3.2483598206990809E-003       +-    3.9317791448800265E-006
  Kgg      =    2.6608558754466272E-003       +-    2.9565213102545957E-006
  Kgghhz   =    7.2413941032901580E-002       +-    2.2350678092355940E-004
  K_nnlo   =    1.2023703201482407            +-    3.9527703261610917E-004
  K_nnlo2  =    1.2747842611811424            +-    4.5409163572191966E-004
  sig_LO   = (  0.70455923918579533            +-    3.9783893581759932E-004 ) fb
  sig_NLO  = (  0.82959727445729170            +-    4.4639297560483031E-004 ) fb
  sig_NNLO = (  0.84714111798322567            +-    4.8562937351191102E-004 ) fb
  sig_HHZ  = (  0.89816102918381180            +-    5.1052313941155546E-004 ) fb

  mH       = 125.0000      GeV
  fact_scale 2.0
  ren_scale  1.5
  Kqq      =   0.31272640628662202            +-    2.9557184186268086E-004
  Kgq      =  -0.12817586496851369            +-    1.4027900369741105E-004
  K_nlo    =    1.1845505413181083            +-    3.2717107540312283E-004
  Kqq2     =    8.6194189074594363E-002       +-    2.5868377682001787E-004
  Kgq2     =   -6.9907378905310819E-002       +-    1.8167354346627289E-004
  Kqqs     =    4.6409759763298081E-003       +-    4.8645458677359516E-006
  Kgg      =    3.5604024375908748E-003       +-    3.4531039205416185E-006
  Kgghhz   =    7.0632457214048178E-002       +-    2.1833858134565773E-004
  K_nnlo   =    1.2090387299013123            +-    4.5497150800800901E-004
  K_nnlo2  =    1.2796711871153605            +-    5.0464919419643999E-004
  sig_LO   = (  0.70099067215363120            +-    3.9561741421592319E-004 ) fb
  sig_NLO  = (  0.83035888015852843            +-    4.5728738237629129E-004 ) fb
  sig_NNLO = (  0.84752487193329362            +-    5.0816334274461552E-004 ) fb
  sig_HHZ  = (  0.89703756559163184            +-    5.3071206720118583E-004 ) fb

  mH       = 125.0000      GeV
  fact_scale 1.0
  ren_scale  2.0
  Kqq      =   0.23842281782437702            +-    2.1299741265922949E-004
  Kgq      =   -7.4963498909954449E-002       +-    1.2778784842562799E-004
  K_nlo    =    1.1634593189144227            +-    2.4839008032684671E-004
  Kqq2     =    6.6627549512817172E-002       +-    1.7492186352144443E-004
  Kgq2     =   -4.1589363152172286E-002       +-    1.2608846425708056E-004
  Kqqs     =    1.7576765026708842E-003       +-    3.0394484957789594E-006
  Kgg      =    1.4956240256700649E-003       +-    2.4515762145798841E-006
  Kgghhz   =    7.0539043157700973E-002       +-    2.1726297278828181E-004
  K_nnlo   =    1.1917508058034085            +-    3.2895112043340979E-004
  K_nnlo2  =    1.2622898489611094            +-    3.9422333642137087E-004
  sig_LO   = (  0.70917401346831577            +-    4.0083450409131923E-004 ) fb
  sig_NLO  = (  0.82509511470165420            +-    4.3783301936996439E-004 ) fb
  sig_NNLO = (  0.84515870200570253            +-    4.6377745882376638E-004 ) fb
  sig_HHZ  = (  0.89518315834806406            +-    4.8870167958938988E-004 ) fb

  mH       = 125.0000      GeV
  fact_scale 1.5
  ren_scale  2.0
  Kqq      =   0.27602601207798128            +-    2.5151132900221490E-004
  Kgq      =  -0.10405979568891952            +-    1.1943998603684635E-004
  K_nlo    =    1.1719662163890616            +-    2.7843106665913274E-004
  Kqq2     =    8.0267386851154490E-002       +-    2.1019052029611703E-004
  Kgq2     =   -5.7344153459811899E-002       +-    1.5048523098706143E-004
  Kqqs     =    3.0486752412032790E-003       +-    3.6898976911337632E-006
  Kgg      =    2.4960223945476464E-003       +-    2.7737484265189821E-006
  Kgghhz   =    6.8015713414572160E-002       +-    2.0988934981428076E-004
  K_nnlo   =    1.2004341474161553            +-    3.7996187634265188E-004
  K_nnlo2  =    1.2684498608307275            +-    4.3407898663640719E-004
  sig_LO   = (  0.70455923918579533            +-    3.9783893581759932E-004 ) fb
  sig_NLO  = (  0.82571962577053248            +-    4.4357519194352074E-004 ) fb
  sig_NNLO = (  0.84577696959617510            +-    4.7952281923851450E-004 ) fb
  sig_HHZ  = (  0.89369806889222514            +-    5.0180720895420209E-004 ) fb

  mH       = 125.0000      GeV
  fact_scale 2.0
  ren_scale  2.0
  Kqq      =   0.30299555617755292            +-    2.8640208747819347E-004
  Kgq      =  -0.12416347738175260            +-    1.3590710746847750E-004
  K_nlo    =    1.1788320787958004            +-    3.1701245649392874E-004
  Kqq2     =    8.9959395548413382E-002       +-    2.4149886557994798E-004
  Kgq2     =   -6.9396164804869084E-002       +-    1.7551500234905287E-004
  Kqqs     =    4.3555567790952146E-003       +-    4.5648369283405767E-006
  Kgg      =    3.3397460643106538E-003       +-    3.2394337150053518E-006
  Kgghhz   =    6.6342342342246161E-002       +-    2.0503819167652174E-004
  K_nnlo   =    1.2070906123827507            +-    4.3549448603315424E-004
  K_nnlo2  =    1.2734329547249970            +-    4.8134821845651328E-004
  sig_LO   = (  0.70099067215363120            +-    3.9561741421592319E-004 ) fb
  sig_NLO  = (  0.82635029127133042            +-    4.5375775491032864E-004 ) fb
  sig_NNLO = (  0.84615925972452255            +-    4.9970744910633595E-004 ) fb
  sig_HHZ  = (  0.89266462287525994            +-    5.1996712135540834E-004 ) fb

  pp ---> HHZ + X
  ===============

  PDFSET = PDF4LHC21_40                                NSET =   1
  Sqrt(S)  = 13.6 TeV
  LOOP     = 3
  alphaS(MZ) =   0.11800
          kl =   1.00000
          kv =   1.00000
         k2v =   1.00000
         kth =   1.00000
         kbh =   1.00000
        cHsq =   0.00000
       chdup =   0.00000
         cHw =   0.00000
          cH =  -6.00000
         cHb =   0.00000
        cHwb =   0.00000
      cHq1st =   0.00000
      cHq3st =   0.00000
      cHq1rd =   0.00000
      cHq3rd =   0.00000
       cHdst =   0.00000
       cHust =   0.00000
       cHdrd =   0.00000
       cHurd =   0.00000
         cth =   0.00000
         cbh =   0.00000
 --------------

  mH       = 125.0000      GeV
  fact_scale 1.0
  ren_scale  1.0
  Kqq      =   0.25795022491611147            +-    2.2948533667717291E-004
  Kgq      =   -8.1145495198899478E-002       +-    1.3799094580506727E-004
  K_nlo    =    1.1768047297172120            +-    2.6777793201459378E-004
  Kqq2     =    5.7880249767546292E-002       +-    1.9960391505369722E-004
  Kgq2     =   -4.2327898769986813E-002       +-    1.5322230693668468E-004
  Kqqs     =    2.0574151527122659E-003       +-    3.5483180941040205E-006
  Kgg      =    1.7515279161331857E-003       +-    2.8717625499396998E-006
  Kgghhz   =    8.2311919591000163E-002       +-    2.5360358722315924E-004
  K_nnlo   =    1.1961660237836167            +-    3.6748422646858711E-004
  K_nnlo2  =    1.2784779433746170            +-    4.4649684898739243E-004
  sig_LO   = (  0.70912728717376128            +-    3.9866794196869831E-004 ) fb
  sig_NLO  = (  0.83450434551761787            +-    4.4158104916635136E-004 ) fb
  sig_NNLO = (  0.84823396745510093            +-    4.7628236148495820E-004 ) fb
  sig_HHZ  = (  0.90660359569673166            +-    5.0910344227357671E-004 ) fb

  pp ---> HHZ + X
  ===============

  PDFSET = PDF4LHC21_40                                NSET =   2
  Sqrt(S)  = 13.6 TeV
  LOOP     = 3
  alphaS(MZ) =   0.11800
          kl =   1.00000
          kv =   1.00000
         k2v =   1.00000
         kth =   1.00000
         kbh =   1.00000
        cHsq =   0.00000
       chdup =   0.00000
         cHw =   0.00000
          cH =  -6.00000
         cHb =   0.00000
        cHwb =   0.00000
      cHq1st =   0.00000
      cHq3st =   0.00000
      cHq1rd =   0.00000
      cHq3rd =   0.00000
       cHdst =   0.00000
       cHust =   0.00000
       cHdrd =   0.00000
       cHurd =   0.00000
         cth =   0.00000
         cbh =   0.00000
 --------------

  mH       = 125.0000      GeV
  fact_scale 1.0
  ren_scale  1.0
  Kqq      =   0.25787794012627691            +-    2.3000108756669735E-004
  Kgq      =   -8.1592568250230493E-002       +-    1.3875343873128649E-004
  K_nlo    =    1.1762853718760464            +-    2.6861313639064721E-004
  Kqq2     =    5.7861672122668788E-002       +-    1.9998592183898085E-004
  Kgq2     =   -4.2564829959788990E-002       +-    1.5406628836672938E-004
  Kqqs     =    2.0783418232256439E-003       +-    3.5836846432520677E-006
  Kgg      =    1.7470602639193247E-003       +-    2.8531923100480944E-006
  Kgghhz   =    8.1980852693865278E-002       +-    2.5266215584340325E-004
  K_nnlo   =    1.1954076161260714            +-    3.6865266944440808E-004
  K_nnlo2  =    1.2773884688199366            +-    4.4692611882046480E-004
  sig_LO   = (  0.70792323802755275            +-    3.9920447703526601E-004 ) fb
  sig_NLO  = (  0.83271974930293480            +-    4.4218105135307467E-004 ) fb
  sig_NNLO = (  0.84625683037076616            +-    4.7694194837594818E-004 ) fb
  sig_HHZ  = (  0.90429298106606704            +-    5.0937850126279874E-004 ) fb

  pp ---> HHZ + X
  ===============

  PDFSET = PDF4LHC21_40                                NSET =   3
  Sqrt(S)  = 13.6 TeV
  LOOP     = 3
  alphaS(MZ) =   0.11800
          kl =   1.00000
          kv =   1.00000
         k2v =   1.00000
         kth =   1.00000
         kbh =   1.00000
        cHsq =   0.00000
       chdup =   0.00000
         cHw =   0.00000
          cH =  -6.00000
         cHb =   0.00000
        cHwb =   0.00000
      cHq1st =   0.00000
      cHq3st =   0.00000
      cHq1rd =   0.00000
      cHq3rd =   0.00000
       cHdst =   0.00000
       cHust =   0.00000
       cHdrd =   0.00000
       cHurd =   0.00000
         cth =   0.00000
         cbh =   0.00000
 --------------

  mH       = 125.0000      GeV
  fact_scale 1.0
  ren_scale  1.0
  Kqq      =   0.25778116478064145            +-    2.2977588171559112E-004
  Kgq      =   -8.1063684877259221E-002       +-    1.3802435493776507E-004
  K_nlo    =    1.1767174799033822            +-    2.6804417243089519E-004
  Kqq2     =    5.7817930595488294E-002       +-    1.9983006038498636E-004
  Kgq2     =   -4.2280777135593153E-002       +-    1.5325705226276385E-004
  Kqqs     =    2.0559961845320928E-003       +-    3.5516913640420182E-006
  Kgg      =    1.7480987558687988E-003       +-    2.8650712604499594E-006
  Kgghhz   =    8.2132374271938993E-002       +-    2.5347789632903871E-004
  K_nnlo   =    1.1960587283036783            +-    3.6781554972672807E-004
  K_nnlo2  =    1.2781911025756174            +-    4.4669824551722844E-004
  sig_LO   = (  0.70847038646384553            +-    3.9974042731711414E-004 ) fb
  sig_NLO  = (  0.83366948774591154            +-    4.4255500806769465E-004 ) fb
  sig_NNLO = (  0.84737218947476256            +-    4.7717679527608332E-004 ) fb
  sig_HHZ  = (  0.90556054441639633            +-    5.0985021228260215E-004 ) fb

  pp ---> HHZ + X
  ===============

  PDFSET = PDF4LHC21_40                                NSET =   4
  Sqrt(S)  = 13.6 TeV
  LOOP     = 3
  alphaS(MZ) =   0.11800
          kl =   1.00000
          kv =   1.00000
         k2v =   1.00000
         kth =   1.00000
         kbh =   1.00000
        cHsq =   0.00000
       chdup =   0.00000
         cHw =   0.00000
          cH =  -6.00000
         cHb =   0.00000
        cHwb =   0.00000
      cHq1st =   0.00000
      cHq3st =   0.00000
      cHq1rd =   0.00000
      cHq3rd =   0.00000
       cHdst =   0.00000
       cHust =   0.00000
       cHdrd =   0.00000
       cHurd =   0.00000
         cth =   0.00000
         cbh =   0.00000
 --------------

  mH       = 125.0000      GeV
  fact_scale 1.0
  ren_scale  1.0
  Kqq      =   0.25825617011453644            +-    2.3016890219951821E-004
  Kgq      =   -8.1847000598904485E-002       +-    1.3969452902019958E-004
  K_nlo    =    1.1764091695156320            +-    2.6924391353920474E-004
  Kqq2     =    5.7999499537404083E-002       +-    2.0004380169856656E-004
  Kgq2     =   -4.2685315100829728E-002       +-    1.5512375117765601E-004
  Kqqs     =    2.0700120188658715E-003       +-    3.5814223527740093E-006
  Kgg      =    1.7774929528517869E-003       +-    2.9232083478984963E-006
  Kgghhz   =    8.3661228689586517E-002       +-    2.5772564384211980E-004
  K_nnlo   =    1.1955708589239240            +-    3.6958700936107544E-004
  K_nnlo2  =    1.2792320876135106            +-    4.5057415037072295E-004
  sig_LO   = (  0.70048685537966526            +-    3.9606000822696528E-004 ) fb
  sig_NLO  = (  0.82405915979380850            +-    4.3867320125707144E-004 ) fb
  sig_NNLO = (  0.83748167135118479            +-    4.7316804433103097E-004 ) fb
  sig_HHZ  = (  0.89608526235315233            +-    5.0643885712806677E-004 ) fb

  pp ---> HHZ + X
  ===============

  PDFSET = PDF4LHC21_40                                NSET =   5
  Sqrt(S)  = 13.6 TeV
  LOOP     = 3
  alphaS(MZ) =   0.11800
          kl =   1.00000
          kv =   1.00000
         k2v =   1.00000
         kth =   1.00000
         kbh =   1.00000
        cHsq =   0.00000
       chdup =   0.00000
         cHw =   0.00000
          cH =  -6.00000
         cHb =   0.00000
        cHwb =   0.00000
      cHq1st =   0.00000
      cHq3st =   0.00000
      cHq1rd =   0.00000
      cHq3rd =   0.00000
       cHdst =   0.00000
       cHust =   0.00000
       cHdrd =   0.00000
       cHurd =   0.00000
         cth =   0.00000
         cbh =   0.00000
 --------------

  mH       = 125.0000      GeV
  fact_scale 1.0
  ren_scale  1.0
  Kqq      =   0.25784380527088563            +-    2.3036156420781596E-004
  Kgq      =   -8.0955022201509061E-002       +-    1.3789688408148568E-004
  K_nlo    =    1.1768887830693766            +-    2.6848091348111587E-004
  Kqq2     =    5.7836549538746951E-002       +-    2.0031605379293779E-004
  Kgq2     =   -4.2223542533189599E-002       +-    1.5311465201764391E-004
  Kqqs     =    2.0536560395256359E-003       +-    3.5514478271154772E-006
  Kgg      =    1.7426113815255696E-003       +-    2.8585120993396049E-006
  Kgghhz   =    8.1814271135598707E-002       +-    2.5331158098836775E-004
  K_nnlo   =    1.1962980574959852            +-    3.6833870669046516E-004
  K_nnlo2  =    1.2781123286315839            +-    4.4703485312582835E-004
  sig_LO   = (  0.70822893877793325            +-    3.9996093634098770E-004 ) fb
  sig_NLO  = (  0.83350669389287790            +-    4.4285915800272276E-004 ) fb
  sig_NNLO = (  0.84725290372248463            +-    4.7751537415345867E-004 ) fb
  sig_HHZ  = (  0.90519613814573985            +-    5.1010412920804275E-004 ) fb

  pp ---> HHZ + X
  ===============

  PDFSET = PDF4LHC21_40                                NSET =   6
  Sqrt(S)  = 13.6 TeV
  LOOP     = 3
  alphaS(MZ) =   0.11800
          kl =   1.00000
          kv =   1.00000
         k2v =   1.00000
         kth =   1.00000
         kbh =   1.00000
        cHsq =   0.00000
       chdup =   0.00000
         cHw =   0.00000
          cH =  -6.00000
         cHb =   0.00000
        cHwb =   0.00000
      cHq1st =   0.00000
      cHq3st =   0.00000
      cHq1rd =   0.00000
      cHq3rd =   0.00000
       cHdst =   0.00000
       cHust =   0.00000
       cHdrd =   0.00000
       cHurd =   0.00000
         cth =   0.00000
         cbh =   0.00000
 --------------

  mH       = 125.0000      GeV
  fact_scale 1.0
  ren_scale  1.0
  Kqq      =   0.25785050227954254            +-    2.2969443285298353E-004
  Kgq      =   -8.1173631425056375E-002       +-    1.3822772753519937E-004
  K_nlo    =    1.1766768708544861            +-    2.6807916208314119E-004
  Kqq2     =    5.7842033801060656E-002       +-    1.9980149796028411E-004
  Kgq2     =   -4.2338701321267352E-002       +-    1.5349587414108546E-004
  Kqqs     =    2.0557957737037660E-003       +-    3.5464359527308281E-006
  Kgg      =    1.7572028334172740E-003       +-    2.8851419860944617E-006
  Kgghhz   =    8.2631572744715720E-002       +-    2.5458050024543814E-004
  K_nnlo   =    1.1959932019414004            +-    3.6792521028186588E-004
  K_nnlo2  =    1.2786247746861161            +-    4.4741501032729414E-004
  sig_LO   = (  0.70909139834167845            +-    3.9928365213822505E-004 ) fb
  sig_NLO  = (  0.83437144775051819            +-    4.4222465111041972E-004 ) fb
  sig_NNLO = (  0.84806849197176926            +-    4.7696161749320200E-004 ) fb
  sig_HHZ  = (  0.90666182943649187            +-    5.0998054794914498E-004 ) fb

  pp ---> HHZ + X
  ===============

  PDFSET = PDF4LHC21_40                                NSET =   7
  Sqrt(S)  = 13.6 TeV
  LOOP     = 3
  alphaS(MZ) =   0.11800
          kl =   1.00000
          kv =   1.00000
         k2v =   1.00000
         kth =   1.00000
         kbh =   1.00000
        cHsq =   0.00000
       chdup =   0.00000
         cHw =   0.00000
          cH =  -6.00000
         cHb =   0.00000
        cHwb =   0.00000
      cHq1st =   0.00000
      cHq3st =   0.00000
      cHq1rd =   0.00000
      cHq3rd =   0.00000
       cHdst =   0.00000
       cHust =   0.00000
       cHdrd =   0.00000
       cHurd =   0.00000
         cth =   0.00000
         cbh =   0.00000
 --------------

  mH       = 125.0000      GeV
  fact_scale 1.0
  ren_scale  1.0
  Kqq      =   0.25787548640952201            +-    2.3075180087415629E-004
  Kgq      =   -8.0933424209876786E-002       +-    1.3796517543819922E-004
  K_nlo    =    1.1769420621996454            +-    2.6885085687116447E-004
  Kqq2     =    5.7850536653571573E-002       +-    2.0060787334489022E-004
  Kgq2     =   -4.2214088042886289E-002       +-    1.5318968344569457E-004
  Kqqs     =    2.0532405235626230E-003       +-    3.5542265787329840E-006
  Kgg      =    1.7424522956909652E-003       +-    2.8541037801258971E-006
  Kgghhz   =    8.1820205630087656E-002       +-    2.5273434879248519E-004
  K_nnlo   =    1.1963742036295844            +-    3.6879826414650013E-004
  K_nnlo2  =    1.2781944092596720            +-    4.4708702810194935E-004
  sig_LO   = (  0.70873460297749191            +-    4.0239884193614970E-004 ) fb
  sig_NLO  = (  0.83413956518057608            +-    4.4523230772298787E-004 ) fb
  sig_NNLO = (  0.84791179622192636            +-    4.7983786858615525E-004 ) fb
  sig_HHZ  = (  0.90590060717470333            +-    5.1218055406270283E-004 ) fb

  pp ---> HHZ + X
  ===============

  PDFSET = PDF4LHC21_40                                NSET =   8
  Sqrt(S)  = 13.6 TeV
  LOOP     = 3
  alphaS(MZ) =   0.11800
          kl =   1.00000
          kv =   1.00000
         k2v =   1.00000
         kth =   1.00000
         kbh =   1.00000
        cHsq =   0.00000
       chdup =   0.00000
         cHw =   0.00000
          cH =  -6.00000
         cHb =   0.00000
        cHwb =   0.00000
      cHq1st =   0.00000
      cHq3st =   0.00000
      cHq1rd =   0.00000
      cHq3rd =   0.00000
       cHdst =   0.00000
       cHust =   0.00000
       cHdrd =   0.00000
       cHurd =   0.00000
         cth =   0.00000
         cbh =   0.00000
 --------------

  mH       = 125.0000      GeV
  fact_scale 1.0
  ren_scale  1.0
  Kqq      =   0.25759233106982332            +-    2.3020787439244982E-004
  Kgq      =   -8.0856008161746151E-002       +-    1.3825009444949076E-004
  K_nlo    =    1.1767363229080772            +-    2.6853073203561464E-004
  Kqq2     =    5.7738453334930454E-002       +-    2.0022385777036472E-004
  Kgq2     =   -4.2159750166329842E-002       +-    1.5351050119320281E-004
  Kqqs     =    2.0596356429909380E-003       +-    3.5621256306081546E-006
  Kgg      =    1.7502580759948228E-003       +-    2.8859003921013203E-006
  Kgghhz   =    8.2554644516586242E-002       +-    2.5368344632736709E-004
  K_nnlo   =    1.1961249197956636            +-    3.6848994342410484E-004
  K_nnlo2  =    1.2786795643122499            +-    4.4737023743788559E-004
  sig_LO   = (  0.70986749395325188            +-    4.0140863736176912E-004 ) fb
  sig_NLO  = (  0.83532686458652128            +-    4.4437073536503994E-004 ) fb
  sig_NNLO = (  0.84909019927038210            +-    4.7911635798549533E-004 ) fb
  sig_HHZ  = (  0.90769305788757271            +-    5.1184165401203688E-004 ) fb

  pp ---> HHZ + X
  ===============

  PDFSET = PDF4LHC21_40                                NSET =   9
  Sqrt(S)  = 13.6 TeV
  LOOP     = 3
  alphaS(MZ) =   0.11800
          kl =   1.00000
          kv =   1.00000
         k2v =   1.00000
         kth =   1.00000
         kbh =   1.00000
        cHsq =   0.00000
       chdup =   0.00000
         cHw =   0.00000
          cH =  -6.00000
         cHb =   0.00000
        cHwb =   0.00000
      cHq1st =   0.00000
      cHq3st =   0.00000
      cHq1rd =   0.00000
      cHq3rd =   0.00000
       cHdst =   0.00000
       cHust =   0.00000
       cHdrd =   0.00000
       cHurd =   0.00000
         cth =   0.00000
         cbh =   0.00000
 --------------

  mH       = 125.0000      GeV
  fact_scale 1.0
  ren_scale  1.0
  Kqq      =   0.25782088166736095            +-    2.2937485338545929E-004
  Kgq      =   -8.1083078775437384E-002       +-    1.3803690020815061E-004
  K_nlo    =    1.1767378028919238            +-    2.6770694646324717E-004
  Kqq2     =    5.7827457357692569E-002       +-    1.9952819059747856E-004
  Kgq2     =   -4.2288684169838942E-002       +-    1.5330184537470259E-004
  Kqqs     =    2.0580972055305111E-003       +-    3.5509237826748403E-006
  Kgg      =    1.7489221605770950E-003       +-    2.8680916590696380E-006
  Kgghhz   =    8.2231433594861028E-002       +-    2.5311356459029554E-004
  K_nnlo   =    1.1960835954458851            +-    3.6742454848927010E-004
  K_nnlo2  =    1.2783150290407461            +-    4.4616955903798469E-004
  sig_LO   = (  0.71204711344112037            +-    4.0008904267773262E-004 ) fb
  sig_NLO  = (  0.83789275582624023            +-    4.4317853133998825E-004 ) fb
  sig_NNLO = (  0.85166787157151913            +-    4.7803571464412797E-004 ) fb
  sig_HHZ  = (  0.91022052649686513            +-    5.1088213778830989E-004 ) fb

  pp ---> HHZ + X
  ===============

  PDFSET = PDF4LHC21_40                                NSET =  10
  Sqrt(S)  = 13.6 TeV
  LOOP     = 3
  alphaS(MZ) =   0.11800
          kl =   1.00000
          kv =   1.00000
         k2v =   1.00000
         kth =   1.00000
         kbh =   1.00000
        cHsq =   0.00000
       chdup =   0.00000
         cHw =   0.00000
          cH =  -6.00000
         cHb =   0.00000
        cHwb =   0.00000
      cHq1st =   0.00000
      cHq3st =   0.00000
      cHq1rd =   0.00000
      cHq3rd =   0.00000
       cHdst =   0.00000
       cHust =   0.00000
       cHdrd =   0.00000
       cHurd =   0.00000
         cth =   0.00000
         cbh =   0.00000
 --------------

  mH       = 125.0000      GeV
  fact_scale 1.0
  ren_scale  1.0
  Kqq      =   0.25773043562041287            +-    2.3028792874885227E-004
  Kgq      =   -8.0837836603014232E-002       +-    1.3797893024489850E-004
  K_nlo    =    1.1768925990173986            +-    2.6845989517796325E-004
  Kqq2     =    5.7793333650308580E-002       +-    2.0022284210869073E-004
  Kgq2     =   -4.2166043108027171E-002       +-    1.5323736882182722E-004
  Kqqs     =    2.0548608380215145E-003       +-    3.5571046325963875E-006
  Kgg      =    1.7424377729713513E-003       +-    2.8668599128909057E-006
  Kgghhz   =    8.2001673128431068E-002       +-    2.5247435610366780E-004
  K_nnlo   =    1.1963171881706729            +-    3.6832385872165383E-004
  K_nnlo2  =    1.2783188612991039            +-    4.4654872678529770E-004
  sig_LO   = (  0.70824586068629303            +-    4.0089068426989920E-004 ) fb
  sig_NLO  = (  0.83352931172640587            +-    4.4369459174296459E-004 ) fb
  sig_NNLO = (  0.84728669658974420            +-    4.7829205314406750E-004 ) fb
  sig_HHZ  = (  0.90536404215230593            +-    5.1062481847485841E-004 ) fb

  pp ---> HHZ + X
  ===============

  PDFSET = PDF4LHC21_40                                NSET =  11
  Sqrt(S)  = 13.6 TeV
  LOOP     = 3
  alphaS(MZ) =   0.11800
          kl =   1.00000
          kv =   1.00000
         k2v =   1.00000
         kth =   1.00000
         kbh =   1.00000
        cHsq =   0.00000
       chdup =   0.00000
         cHw =   0.00000
          cH =  -6.00000
         cHb =   0.00000
        cHwb =   0.00000
      cHq1st =   0.00000
      cHq3st =   0.00000
      cHq1rd =   0.00000
      cHq3rd =   0.00000
       cHdst =   0.00000
       cHust =   0.00000
       cHdrd =   0.00000
       cHurd =   0.00000
         cth =   0.00000
         cbh =   0.00000
 --------------

  mH       = 125.0000      GeV
  fact_scale 1.0
  ren_scale  1.0
  Kqq      =   0.25767865811609036            +-    2.3008355169781963E-004
  Kgq      =   -8.1034144849550530E-002       +-    1.3817055180192345E-004
  K_nlo    =    1.1766445132665397            +-    2.6838320019541322E-004
  Kqq2     =    5.7771692315444129E-002       +-    2.0008222166991189E-004
  Kgq2     =   -4.2265844132845336E-002       +-    1.5342891518334363E-004
  Kqqs     =    2.0538821206305133E-003       +-    3.5541521040138792E-006
  Kgg      =    1.7503450574340362E-003       +-    2.8713088478213437E-006
  Kgghhz   =    8.2297402958384738E-002       +-    2.5348164330967989E-004
  K_nnlo   =    1.1959545886272032            +-    3.6827129402318979E-004
  K_nnlo2  =    1.2782519915855879            +-    4.4707570890900627E-004
  sig_LO   = (  0.70956767978791802            +-    4.0108833732642609E-004 ) fb
  sig_NLO  = (  0.83490891721372273            +-    4.4400196108099741E-004 ) fb
  sig_NNLO = (  0.84861072258391845            +-    4.7870298865559756E-004 ) fb
  sig_HHZ  = (  0.90700629985367087            +-    5.1137757834206763E-004 ) fb

  pp ---> HHZ + X
  ===============

  PDFSET = PDF4LHC21_40                                NSET =  12
  Sqrt(S)  = 13.6 TeV
  LOOP     = 3
  alphaS(MZ) =   0.11800
          kl =   1.00000
          kv =   1.00000
         k2v =   1.00000
         kth =   1.00000
         kbh =   1.00000
        cHsq =   0.00000
       chdup =   0.00000
         cHw =   0.00000
          cH =  -6.00000
         cHb =   0.00000
        cHwb =   0.00000
      cHq1st =   0.00000
      cHq3st =   0.00000
      cHq1rd =   0.00000
      cHq3rd =   0.00000
       cHdst =   0.00000
       cHust =   0.00000
       cHdrd =   0.00000
       cHurd =   0.00000
         cth =   0.00000
         cbh =   0.00000
 --------------

  mH       = 125.0000      GeV
  fact_scale 1.0
  ren_scale  1.0
  Kqq      =   0.25760209916192744            +-    2.2973262021552490E-004
  Kgq      =   -8.0952411512440828E-002       +-    1.3803188452906774E-004
  K_nlo    =    1.1766496876494865            +-    2.6801096607739110E-004
  Kqq2     =    5.7743978220286707E-002       +-    1.9972266610806969E-004
  Kgq2     =   -4.2219567513510976E-002       +-    1.5328913834987805E-004
  Kqqs     =    2.0544004594671497E-003       +-    3.5512661824899464E-006
  Kgg      =    1.7476980589744588E-003       +-    2.8663260546833543E-006
  Kgghhz   =    8.2202144022164816E-002       +-    2.5278302187878537E-004
  K_nnlo   =    1.1959761968747038            +-    3.6774639161744427E-004
  K_nnlo2  =    1.2781783408968685            +-    4.4624731337882716E-004
  sig_LO   = (  0.71356692720498360            +-    4.0382033158398845E-004 ) fb
  sig_NLO  = (  0.83961830201274790            +-    4.4681655802055419E-004 ) fb
  sig_NNLO = (  0.85340905981418513            +-    4.8159188209427714E-004 ) fb
  sig_HHZ  = (  0.91206579113374275            +-    5.1426337706063341E-004 ) fb

  pp ---> HHZ + X
  ===============

  PDFSET = PDF4LHC21_40                                NSET =  13
  Sqrt(S)  = 13.6 TeV
  LOOP     = 3
  alphaS(MZ) =   0.11800
          kl =   1.00000
          kv =   1.00000
         k2v =   1.00000
         kth =   1.00000
         kbh =   1.00000
        cHsq =   0.00000
       chdup =   0.00000
         cHw =   0.00000
          cH =  -6.00000
         cHb =   0.00000
        cHwb =   0.00000
      cHq1st =   0.00000
      cHq3st =   0.00000
      cHq1rd =   0.00000
      cHq3rd =   0.00000
       cHdst =   0.00000
       cHust =   0.00000
       cHdrd =   0.00000
       cHurd =   0.00000
         cth =   0.00000
         cbh =   0.00000
 --------------

  mH       = 125.0000      GeV
  fact_scale 1.0
  ren_scale  1.0
  Kqq      =   0.25771419064900364            +-    2.2988637589387337E-004
  Kgq      =   -8.0887943485518116E-002       +-    1.3784148547008501E-004
  K_nlo    =    1.1768262471634856            +-    2.6804481143685455E-004
  Kqq2     =    5.7782424474332947E-002       +-    1.9989597868351464E-004
  Kgq2     =   -4.2188483279411312E-002       +-    1.5305589862977300E-004
  Kqqs     =    2.0508675090990438E-003       +-    3.5467471030948399E-006
  Kgg      =    1.7454168393539853E-003       +-    2.8614667999768060E-006
  Kgghhz   =    8.2027932935064496E-002       +-    2.5303988796769231E-004
  K_nnlo   =    1.1962164727068605            +-    3.6776799581351158E-004
  K_nnlo2  =    1.2782444056419249            +-    4.4641066704032662E-004
  sig_LO   = (  0.70846295818120952            +-    4.0007247603836830E-004 ) fb
  sig_NLO  = (  0.83373780433073419            +-    4.4285429627932238E-004 ) fb
  sig_NNLO = (  0.84747506087899427            +-    4.7743511574863118E-004 ) fb
  sig_HHZ  = (  0.90558881289965987            +-    5.0998215955924524E-004 ) fb

  pp ---> HHZ + X
  ===============

  PDFSET = PDF4LHC21_40                                NSET =  14
  Sqrt(S)  = 13.6 TeV
  LOOP     = 3
  alphaS(MZ) =   0.11800
          kl =   1.00000
          kv =   1.00000
         k2v =   1.00000
         kth =   1.00000
         kbh =   1.00000
        cHsq =   0.00000
       chdup =   0.00000
         cHw =   0.00000
          cH =  -6.00000
         cHb =   0.00000
        cHwb =   0.00000
      cHq1st =   0.00000
      cHq3st =   0.00000
      cHq1rd =   0.00000
      cHq3rd =   0.00000
       cHdst =   0.00000
       cHust =   0.00000
       cHdrd =   0.00000
       cHurd =   0.00000
         cth =   0.00000
         cbh =   0.00000
 --------------

  mH       = 125.0000      GeV
  fact_scale 1.0
  ren_scale  1.0
  Kqq      =   0.25783681709891620            +-    2.3033370161401948E-004
  Kgq      =   -8.0981574693873987E-002       +-    1.3802190704741542E-004
  K_nlo    =    1.1768552424050422            +-    2.6852124855255226E-004
  Kqq2     =    5.7834502920710601E-002       +-    2.0029618581682624E-004
  Kgq2     =   -4.2238922658103445E-002       +-    1.5326222559544606E-004
  Kqqs     =    2.0546544245234285E-003       +-    3.5546241721290762E-006
  Kgg      =    1.7447739811046268E-003       +-    2.8589056024999490E-006
  Kgghhz   =    8.1973926228496988E-002       +-    2.5286953564859408E-004
  K_nnlo   =    1.1962502510732775            +-    3.6841870401176514E-004
  K_nnlo2  =    1.2782241773017746            +-    4.4685047110285583E-004
  sig_LO   = (  0.70964566091702308            +-    4.0104418433277737E-004 ) fb
  sig_NLO  = (  0.83515021630018960            +-    4.4401308823735589E-004 ) fb
  sig_NNLO = (  0.84891380004505079            +-    4.7873879399293101E-004 ) fb
  sig_HHZ  = (  0.90708624110143588            +-    5.1126542478791199E-004 ) fb

  pp ---> HHZ + X
  ===============

  PDFSET = PDF4LHC21_40                                NSET =  15
  Sqrt(S)  = 13.6 TeV
  LOOP     = 3
  alphaS(MZ) =   0.11800
          kl =   1.00000
          kv =   1.00000
         k2v =   1.00000
         kth =   1.00000
         kbh =   1.00000
        cHsq =   0.00000
       chdup =   0.00000
         cHw =   0.00000
          cH =  -6.00000
         cHb =   0.00000
        cHwb =   0.00000
      cHq1st =   0.00000
      cHq3st =   0.00000
      cHq1rd =   0.00000
      cHq3rd =   0.00000
       cHdst =   0.00000
       cHust =   0.00000
       cHdrd =   0.00000
       cHurd =   0.00000
         cth =   0.00000
         cbh =   0.00000
 --------------

  mH       = 125.0000      GeV
  fact_scale 1.0
  ren_scale  1.0
  Kqq      =   0.25785065239532534            +-    2.2998791707613817E-004
  Kgq      =   -8.0853397599445667E-002       +-    1.3764842782784217E-004
  K_nlo    =    1.1769972547958796            +-    2.6803270637087794E-004
  Kqq2     =    5.7841695950765284E-002       +-    1.9998517535139699E-004
  Kgq2     =   -4.2181104180595265E-002       +-    1.5285762683145079E-004
  Kqqs     =    2.0524723632023190E-003       +-    3.5486445205428269E-006
  Kgg      =    1.7390839872984283E-003       +-    2.8472152970167161E-006
  Kgghhz   =    8.1686154131008520E-002       +-    2.5173024590863122E-004
  K_nnlo   =    1.1964494029165502            +-    3.6772510879493954E-004
  K_nnlo2  =    1.2781355570475588            +-    4.4563423605404245E-004
  sig_LO   = (  0.70860085412240692            +-    3.9992125786540033E-004 ) fb
  sig_NLO  = (  0.83402126004808852            +-    4.4272986732400233E-004 ) fb
  sig_NNLO = (  0.84780506882091144            +-    4.7731950240405084E-004 ) fb
  sig_HHZ  = (  0.90568794740811864            +-    5.0956059511760899E-004 ) fb

  pp ---> HHZ + X
  ===============

  PDFSET = PDF4LHC21_40                                NSET =  16
  Sqrt(S)  = 13.6 TeV
  LOOP     = 3
  alphaS(MZ) =   0.11800
          kl =   1.00000
          kv =   1.00000
         k2v =   1.00000
         kth =   1.00000
         kbh =   1.00000
        cHsq =   0.00000
       chdup =   0.00000
         cHw =   0.00000
          cH =  -6.00000
         cHb =   0.00000
        cHwb =   0.00000
      cHq1st =   0.00000
      cHq3st =   0.00000
      cHq1rd =   0.00000
      cHq3rd =   0.00000
       cHdst =   0.00000
       cHust =   0.00000
       cHdrd =   0.00000
       cHurd =   0.00000
         cth =   0.00000
         cbh =   0.00000
 --------------

  mH       = 125.0000      GeV
  fact_scale 1.0
  ren_scale  1.0
  Kqq      =   0.25759980114854897            +-    2.3018966904991858E-004
  Kgq      =   -8.0951666018182739E-002       +-    1.3812814928478004E-004
  K_nlo    =    1.1766481351303661            +-    2.6845235957642378E-004
  Kqq2     =    5.7741563900045222E-002       +-    2.0017963061751302E-004
  Kgq2     =   -4.2220003518519122E-002       +-    1.5339139591327122E-004
  Kqqs     =    2.0464682667400299E-003       +-    3.5438070648169883E-006
  Kgg      =    1.7566653588245787E-003       +-    2.8859125294346641E-006
  Kgghhz   =    8.2639238816262131E-002       +-    2.5460221878795204E-004
  K_nnlo   =    1.1959728291374567            +-    3.6835901139537175E-004
  K_nnlo2  =    1.2786120679537190            +-    4.4778415680763411E-004
  sig_LO   = (  0.70893056699446066            +-    4.0100050707031156E-004 ) fb
  sig_NLO  = (  0.83416182959094531            +-    4.4387031556928714E-004 ) fb
  sig_NNLO = (  0.84786169587038662            +-    4.7853527469342587E-004 ) fb
  sig_HHZ  = (  0.90644717830039001            +-    5.1144360467190368E-004 ) fb

  pp ---> HHZ + X
  ===============

  PDFSET = PDF4LHC21_40                                NSET =  17
  Sqrt(S)  = 13.6 TeV
  LOOP     = 3
  alphaS(MZ) =   0.11800
          kl =   1.00000
          kv =   1.00000
         k2v =   1.00000
         kth =   1.00000
         kbh =   1.00000
        cHsq =   0.00000
       chdup =   0.00000
         cHw =   0.00000
          cH =  -6.00000
         cHb =   0.00000
        cHwb =   0.00000
      cHq1st =   0.00000
      cHq3st =   0.00000
      cHq1rd =   0.00000
      cHq3rd =   0.00000
       cHdst =   0.00000
       cHust =   0.00000
       cHdrd =   0.00000
       cHurd =   0.00000
         cth =   0.00000
         cbh =   0.00000
 --------------

  mH       = 125.0000      GeV
  fact_scale 1.0
  ren_scale  1.0
  Kqq      =   0.25785540545065666            +-    2.2980688673760225E-004
  Kgq      =   -8.0710758085570863E-002       +-    1.3745089196102393E-004
  K_nlo    =    1.1771446473650859            +-    2.6777593785273204E-004
  Kqq2     =    5.7838081187539386E-002       +-    1.9985376097331423E-004
  Kgq2     =   -4.2095178576096889E-002       +-    1.5262840897172937E-004
  Kqqs     =    2.0510728837129159E-003       +-    3.5400665092502908E-006
  Kgg      =    1.7374984897725479E-003       +-    2.8474899412936859E-006
  Kgghhz   =    8.1651002788359434E-002       +-    2.5170473978101396E-004
  K_nnlo   =    1.1966761213500139            +-    3.6737113409083464E-004
  K_nnlo2  =    1.2783271241383733            +-    4.4532777388280417E-004
  sig_LO   = (  0.71351110724519173            +-    4.0220964875836132E-004 ) fb
  sig_NLO  = (  0.83990578072921318            +-    4.4528299736934615E-004 ) fb
  sig_NNLO = (  0.85384170435832973            +-    4.8008464913737437E-004 ) fb
  sig_HHZ  = (  0.91210060176553232            +-    5.1257713663270456E-004 ) fb

  pp ---> HHZ + X
  ===============

  PDFSET = PDF4LHC21_40                                NSET =  18
  Sqrt(S)  = 13.6 TeV
  LOOP     = 3
  alphaS(MZ) =   0.11800
          kl =   1.00000
          kv =   1.00000
         k2v =   1.00000
         kth =   1.00000
         kbh =   1.00000
        cHsq =   0.00000
       chdup =   0.00000
         cHw =   0.00000
          cH =  -6.00000
         cHb =   0.00000
        cHwb =   0.00000
      cHq1st =   0.00000
      cHq3st =   0.00000
      cHq1rd =   0.00000
      cHq3rd =   0.00000
       cHdst =   0.00000
       cHust =   0.00000
       cHdrd =   0.00000
       cHurd =   0.00000
         cth =   0.00000
         cbh =   0.00000
 --------------

  mH       = 125.0000      GeV
  fact_scale 1.0
  ren_scale  1.0
  Kqq      =   0.25779822928610535            +-    2.2988960103270374E-004
  Kgq      =   -8.0769640988854877E-002       +-    1.3747778408596149E-004
  K_nlo    =    1.1770285882972504            +-    2.6786072832754327E-004
  Kqq2     =    5.7817391964467425E-002       +-    1.9997019579564478E-004
  Kgq2     =   -4.2129091370426933E-002       +-    1.5265147100279410E-004
  Kqqs     =    2.0536119069671606E-003       +-    3.5488336374998140E-006
  Kgg      =    1.7350500605260281E-003       +-    2.8401764711626140E-006
  Kgghhz   =    8.1488666968134157E-002       +-    2.5128055234192507E-004
  K_nnlo   =    1.1965055508587841            +-    3.6750589302567837E-004
  K_nnlo2  =    1.2779942178269181            +-    4.4519939060365334E-004
  sig_LO   = (  0.71239567004024618            +-    4.0171418280046591E-004 ) fb
  sig_NLO  = (  0.83851006981654486            +-    4.4473321716940827E-004 ) fb
  sig_NNLO = (  0.85238537361091749            +-    4.7949823245888870E-004 ) fb
  sig_HHZ  = (  0.91043754711636793            +-    5.1182375539296900E-004 ) fb

  pp ---> HHZ + X
  ===============

  PDFSET = PDF4LHC21_40                                NSET =  19
  Sqrt(S)  = 13.6 TeV
  LOOP     = 3
  alphaS(MZ) =   0.11800
          kl =   1.00000
          kv =   1.00000
         k2v =   1.00000
         kth =   1.00000
         kbh =   1.00000
        cHsq =   0.00000
       chdup =   0.00000
         cHw =   0.00000
          cH =  -6.00000
         cHb =   0.00000
        cHwb =   0.00000
      cHq1st =   0.00000
      cHq3st =   0.00000
      cHq1rd =   0.00000
      cHq3rd =   0.00000
       cHdst =   0.00000
       cHust =   0.00000
       cHdrd =   0.00000
       cHurd =   0.00000
         cth =   0.00000
         cbh =   0.00000
 --------------

  mH       = 125.0000      GeV
  fact_scale 1.0
  ren_scale  1.0
  Kqq      =   0.25790185647867475            +-    2.3006282916487018E-004
  Kgq      =   -8.1306928132059392E-002       +-    1.3869683589599568E-004
  K_nlo    =    1.1765949283466155            +-    2.6863677643037821E-004
  Kqq2     =    5.7860800409704621E-002       +-    2.0006745845141104E-004
  Kgq2     =   -4.2405605394860803E-002       +-    1.5403115294248729E-004
  Kqqs     =    2.0575916343988747E-003       +-    3.5602296690845036E-006
  Kgg      =    1.7618801961260808E-003       +-    2.8937022611268343E-006
  Kgghhz   =    8.2871667154573739E-002       +-    2.5538990350393857E-004
  K_nnlo   =    1.1958695951919842            +-    3.6869953947215158E-004
  K_nnlo2  =    1.2787412623465579            +-    4.4851237799945691E-004
  sig_LO   = (  0.70598966443868427            +-    3.9837622987255256E-004 ) fb
  sig_NLO  = (  0.83066385864368475            +-    4.4121713362613928E-004 ) fb
  sig_NNLO = (  0.84427157422201404            +-    4.7587677262926007E-004 ) fb
  sig_HHZ  = (  0.90277811470794589            +-    5.0888873237045962E-004 ) fb

  pp ---> HHZ + X
  ===============

  PDFSET = PDF4LHC21_40                                NSET =  20
  Sqrt(S)  = 13.6 TeV
  LOOP     = 3
  alphaS(MZ) =   0.11800
          kl =   1.00000
          kv =   1.00000
         k2v =   1.00000
         kth =   1.00000
         kbh =   1.00000
        cHsq =   0.00000
       chdup =   0.00000
         cHw =   0.00000
          cH =  -6.00000
         cHb =   0.00000
        cHwb =   0.00000
      cHq1st =   0.00000
      cHq3st =   0.00000
      cHq1rd =   0.00000
      cHq3rd =   0.00000
       cHdst =   0.00000
       cHust =   0.00000
       cHdrd =   0.00000
       cHurd =   0.00000
         cth =   0.00000
         cbh =   0.00000
 --------------

  mH       = 125.0000      GeV
  fact_scale 1.0
  ren_scale  1.0
  Kqq      =   0.25773904201635550            +-    2.3008198773203118E-004
  Kgq      =   -8.1053268158849806E-002       +-    1.3816476517781448E-004
  K_nlo    =    1.1766857738575056            +-    2.6837888034523724E-004
  Kqq2     =    5.7795753445802789E-002       +-    2.0009369658090413E-004
  Kgq2     =   -4.2273423533797198E-002       +-    1.5342648911947582E-004
  Kqqs     =    2.0553103372117350E-003       +-    3.5528291348126562E-006
  Kgg      =    1.7499366306582792E-003       +-    2.8697879823663895E-006
  Kgghhz   =    8.2270415202353883E-002       +-    2.5334865230814069E-004
  K_nnlo   =    1.1960133507373811            +-    3.6827334504173343E-004
  K_nnlo2  =    1.2782837659397350            +-    4.4700200927353647E-004
  sig_LO   = (  0.71131320575722390            +-    4.0172472008050125E-004 ) fb
  sig_NLO  = (  0.83699212997150219            +-    4.4477647327686325E-004 ) fb
  sig_NNLO = (  0.85074009064144573            +-    4.7958793144701561E-004 ) fb
  sig_HHZ  = (  0.90926012341800988            +-    5.1232832766544658E-004 ) fb

  pp ---> HHZ + X
  ===============

  PDFSET = PDF4LHC21_40                                NSET =  21
  Sqrt(S)  = 13.6 TeV
  LOOP     = 3
  alphaS(MZ) =   0.11800
          kl =   1.00000
          kv =   1.00000
         k2v =   1.00000
         kth =   1.00000
         kbh =   1.00000
        cHsq =   0.00000
       chdup =   0.00000
         cHw =   0.00000
          cH =  -6.00000
         cHb =   0.00000
        cHwb =   0.00000
      cHq1st =   0.00000
      cHq3st =   0.00000
      cHq1rd =   0.00000
      cHq3rd =   0.00000
       cHdst =   0.00000
       cHust =   0.00000
       cHdrd =   0.00000
       cHurd =   0.00000
         cth =   0.00000
         cbh =   0.00000
 --------------

  mH       = 125.0000      GeV
  fact_scale 1.0
  ren_scale  1.0
  Kqq      =   0.25798079287081838            +-    2.3026944438044389E-004
  Kgq      =   -8.1523625065054534E-002       +-    1.3895137403766337E-004
  K_nlo    =    1.1764571678057638            +-    2.6894516422912865E-004
  Kqq2     =    5.7899935872983491E-002       +-    2.0002913654620851E-004
  Kgq2     =   -4.2519159541805518E-002       +-    1.5430633012937034E-004
  Kqqs     =    2.0663399224309432E-003       +-    3.5728370221252365E-006
  Kgg      =    1.7614377464068762E-003       +-    2.8894053319439337E-006
  Kgghhz   =    8.2804126631942435E-002       +-    2.5528580821276625E-004
  K_nnlo   =    1.1956657218057796            +-    3.6901858242534052E-004
  K_nnlo2  =    1.2784698484377219            +-    4.4871545332209490E-004
  sig_LO   = (  0.70497391626545913            +-    3.9844526282324335E-004 ) fb
  sig_NLO  = (  0.82937161690659977            +-    4.4125563086191820E-004 ) fb
  sig_NNLO = (  0.84291314644578730            +-    4.7585276780668111E-004 ) fb
  sig_HHZ  = (  0.90128789588044878            +-    5.0874846288999831E-004 ) fb

  pp ---> HHZ + X
  ===============

  PDFSET = PDF4LHC21_40                                NSET =  22
  Sqrt(S)  = 13.6 TeV
  LOOP     = 3
  alphaS(MZ) =   0.11800
          kl =   1.00000
          kv =   1.00000
         k2v =   1.00000
         kth =   1.00000
         kbh =   1.00000
        cHsq =   0.00000
       chdup =   0.00000
         cHw =   0.00000
          cH =  -6.00000
         cHb =   0.00000
        cHwb =   0.00000
      cHq1st =   0.00000
      cHq3st =   0.00000
      cHq1rd =   0.00000
      cHq3rd =   0.00000
       cHdst =   0.00000
       cHust =   0.00000
       cHdrd =   0.00000
       cHurd =   0.00000
         cth =   0.00000
         cbh =   0.00000
 --------------

  mH       = 125.0000      GeV
  fact_scale 1.0
  ren_scale  1.0
  Kqq      =   0.25776457022545657            +-    2.3006867946290794E-004
  Kgq      =   -8.1204126263104068E-002       +-    1.3855308411361215E-004
  K_nlo    =    1.1765604439623525            +-    2.6856759742604829E-004
  Kqq2     =    5.7806823536546703E-002       +-    2.0005164532608516E-004
  Kgq2     =   -4.2350483566964942E-002       +-    1.5387964032409924E-004
  Kqqs     =    2.0541302931846215E-003       +-    3.5533439453984642E-006
  Kgg      =    1.7627292574710651E-003       +-    2.9016904446819578E-006
  Kgghhz   =    8.2976339625462386E-002       +-    2.5584451993982185E-004
  K_nnlo   =    1.1958336434825900            +-    3.6857727134452951E-004
  K_nnlo2  =    1.2788099831080524            +-    4.4867095218547058E-004
  sig_LO   = (  0.70731086571742996            +-    3.9973651851167325E-004 ) fb
  sig_NLO  = (  0.83219398618789520            +-    4.4257697873804994E-004 ) fb
  sig_NNLO = (  0.84582612962569914            +-    4.7723484893994600E-004 ) fb
  sig_HHZ  = (  0.90451619624024848            +-    5.1039220696828477E-004 ) fb

  pp ---> HHZ + X
  ===============

  PDFSET = PDF4LHC21_40                                NSET =  23
  Sqrt(S)  = 13.6 TeV
  LOOP     = 3
  alphaS(MZ) =   0.11800
          kl =   1.00000
          kv =   1.00000
         k2v =   1.00000
         kth =   1.00000
         kbh =   1.00000
        cHsq =   0.00000
       chdup =   0.00000
         cHw =   0.00000
          cH =  -6.00000
         cHb =   0.00000
        cHwb =   0.00000
      cHq1st =   0.00000
      cHq3st =   0.00000
      cHq1rd =   0.00000
      cHq3rd =   0.00000
       cHdst =   0.00000
       cHust =   0.00000
       cHdrd =   0.00000
       cHurd =   0.00000
         cth =   0.00000
         cbh =   0.00000
 --------------

  mH       = 125.0000      GeV
  fact_scale 1.0
  ren_scale  1.0
  Kqq      =   0.25784007633464578            +-    2.2996444764404887E-004
  Kgq      =   -8.1148832106482313E-002       +-    1.3831845437114210E-004
  K_nlo    =    1.1766912442281634            +-    2.6835730286290738E-004
  Kqq2     =    5.7836613481599866E-002       +-    1.9996551757623236E-004
  Kgq2     =   -4.2322850312786875E-002       +-    1.5359695350125076E-004
  Kqqs     =    2.0581687330877420E-003       +-    3.5573745371527377E-006
  Kgg      =    1.7521826055775112E-003       +-    2.8738705300842325E-006
  Kgghhz   =    8.2381051705268632E-002       +-    2.5375320596179168E-004
  K_nnlo   =    1.1960153587356419            +-    3.6825913211985841E-004
  K_nnlo2  =    1.2783964104409105            +-    4.4721971996498412E-004
  sig_LO   = (  0.70902405791625189            +-    3.9987493529519859E-004 ) fb
  sig_NLO  = (  0.83430240089717589            +-    4.4283554013400977E-004 ) fb
  sig_NNLO = (  0.84800366298090657            +-    4.7757257854509974E-004 ) fb
  sig_HHZ  = (  0.90641381055638470            +-    5.1033884885840375E-004 ) fb

  pp ---> HHZ + X
  ===============

  PDFSET = PDF4LHC21_40                                NSET =  24
  Sqrt(S)  = 13.6 TeV
  LOOP     = 3
  alphaS(MZ) =   0.11800
          kl =   1.00000
          kv =   1.00000
         k2v =   1.00000
         kth =   1.00000
         kbh =   1.00000
        cHsq =   0.00000
       chdup =   0.00000
         cHw =   0.00000
          cH =  -6.00000
         cHb =   0.00000
        cHwb =   0.00000
      cHq1st =   0.00000
      cHq3st =   0.00000
      cHq1rd =   0.00000
      cHq3rd =   0.00000
       cHdst =   0.00000
       cHust =   0.00000
       cHdrd =   0.00000
       cHurd =   0.00000
         cth =   0.00000
         cbh =   0.00000
 --------------

  mH       = 125.0000      GeV
  fact_scale 1.0
  ren_scale  1.0
  Kqq      =   0.25765040722803345            +-    2.2988557401605687E-004
  Kgq      =   -8.1007661501002720E-002       +-    1.3812509337179669E-004
  K_nlo    =    1.1766427457270308            +-    2.6819007915965037E-004
  Kqq2     =    5.7762617509810071E-002       +-    1.9988972194248108E-004
  Kgq2     =   -4.2248609165848668E-002       +-    1.5337684798988823E-004
  Kqqs     =    2.0546656245521450E-003       +-    3.5508496189559006E-006
  Kgg      =    1.7490976459132107E-003       +-    2.8696715345584671E-006
  Kgghhz   =    8.2244138437749040E-002       +-    2.5348898828440544E-004
  K_nnlo   =    1.1959605173414574            +-    3.6800423984642881E-004
  K_nnlo2  =    1.2782046557792064            +-    4.4685991957927858E-004
  sig_LO   = (  0.71085607764820202            +-    4.0192236936760218E-004 ) fb
  sig_NLO  = (  0.83642364702072780            +-    4.4484484326490155E-004 ) fb
  sig_NNLO = (  0.85015580237946309            +-    4.7955722392736957E-004 ) fb
  sig_HHZ  = (  0.90861954803887712            +-    5.1229393553688671E-004 ) fb

  pp ---> HHZ + X
  ===============

  PDFSET = PDF4LHC21_40                                NSET =  25
  Sqrt(S)  = 13.6 TeV
  LOOP     = 3
  alphaS(MZ) =   0.11800
          kl =   1.00000
          kv =   1.00000
         k2v =   1.00000
         kth =   1.00000
         kbh =   1.00000
        cHsq =   0.00000
       chdup =   0.00000
         cHw =   0.00000
          cH =  -6.00000
         cHb =   0.00000
        cHwb =   0.00000
      cHq1st =   0.00000
      cHq3st =   0.00000
      cHq1rd =   0.00000
      cHq3rd =   0.00000
       cHdst =   0.00000
       cHust =   0.00000
       cHdrd =   0.00000
       cHurd =   0.00000
         cth =   0.00000
         cbh =   0.00000
 --------------

  mH       = 125.0000      GeV
  fact_scale 1.0
  ren_scale  1.0
  Kqq      =   0.25778047780789654            +-    2.3025591023592961E-004
  Kgq      =   -8.1271565656891628E-002       +-    1.3867418762523767E-004
  K_nlo    =    1.1765089121510048            +-    2.6879046581323546E-004
  Kqq2     =    5.7816317811935185E-002       +-    2.0015958490237837E-004
  Kgq2     =   -4.2387806092796798E-002       +-    1.5398621239620021E-004
  Kqqs     =    2.0571739383741946E-003       +-    3.5575723178443867E-006
  Kgg      =    1.7612554975684294E-003       +-    2.8916832817726114E-006
  Kgghhz   =    8.2841868751856576E-002       +-    2.5507953095432008E-004
  K_nnlo   =    1.1957558533060857            +-    3.6884271133033792E-004
  K_nnlo2  =    1.2785977220579423            +-    4.4845346783517118E-004
  sig_LO   = (  0.70813249805277323            +-    4.0079484246447801E-004 ) fb
  sig_NLO  = (  0.83312419494284184            +-    4.4369532471015479E-004 ) fb
  sig_NNLO = (  0.84675357946286423            +-    4.7838945031659956E-004 ) fb
  sig_HHZ  = (  0.90541659892547643            +-    5.1135477036159287E-004 ) fb

  pp ---> HHZ + X
  ===============

  PDFSET = PDF4LHC21_40                                NSET =  26
  Sqrt(S)  = 13.6 TeV
  LOOP     = 3
  alphaS(MZ) =   0.11800
          kl =   1.00000
          kv =   1.00000
         k2v =   1.00000
         kth =   1.00000
         kbh =   1.00000
        cHsq =   0.00000
       chdup =   0.00000
         cHw =   0.00000
          cH =  -6.00000
         cHb =   0.00000
        cHwb =   0.00000
      cHq1st =   0.00000
      cHq3st =   0.00000
      cHq1rd =   0.00000
      cHq3rd =   0.00000
       cHdst =   0.00000
       cHust =   0.00000
       cHdrd =   0.00000
       cHurd =   0.00000
         cth =   0.00000
         cbh =   0.00000
 --------------

  mH       = 125.0000      GeV
  fact_scale 1.0
  ren_scale  1.0
  Kqq      =   0.25774868705606274            +-    2.2885630193118103E-004
  Kgq      =   -8.1056076365554300E-002       +-    1.3762172140790446E-004
  K_nlo    =    1.1766926106905085            +-    2.6704858197880546E-004
  Kqq2     =    5.7800713633126624E-002       +-    1.9915169337063869E-004
  Kgq2     =   -4.2272026637104568E-002       +-    1.5284163717896204E-004
  Kqqs     =    2.0585194442751371E-003       +-    3.5407005795814995E-006
  Kgg      =    1.7472162050682827E-003       +-    2.8640417251072544E-006
  Kgghhz   =    8.2137115064779720E-002       +-    2.5295971468840874E-004
  K_nnlo   =    1.1960270333358738            +-    3.6654828803368665E-004
  K_nnlo2  =    1.2781641484006534            +-    4.4536082530423316E-004
  sig_LO   = (  0.71067317533947372            +-    3.9757505850776059E-004 ) fb
  sig_NLO  = (  0.83624387403791878            +-    4.4054964976152989E-004 ) fb
  sig_NNLO = (  0.84998432957265602            +-    4.7531475024498610E-004 ) fb
  sig_HHZ  = (  0.90835697394896675            +-    5.0817513718225940E-004 ) fb

  pp ---> HHZ + X
  ===============

  PDFSET = PDF4LHC21_40                                NSET =  27
  Sqrt(S)  = 13.6 TeV
  LOOP     = 3
  alphaS(MZ) =   0.11800
          kl =   1.00000
          kv =   1.00000
         k2v =   1.00000
         kth =   1.00000
         kbh =   1.00000
        cHsq =   0.00000
       chdup =   0.00000
         cHw =   0.00000
          cH =  -6.00000
         cHb =   0.00000
        cHwb =   0.00000
      cHq1st =   0.00000
      cHq3st =   0.00000
      cHq1rd =   0.00000
      cHq3rd =   0.00000
       cHdst =   0.00000
       cHust =   0.00000
       cHdrd =   0.00000
       cHurd =   0.00000
         cth =   0.00000
         cbh =   0.00000
 --------------

  mH       = 125.0000      GeV
  fact_scale 1.0
  ren_scale  1.0
  Kqq      =   0.25780995941351836            +-    2.3006331148846086E-004
  Kgq      =   -8.1116129461124550E-002       +-    1.3825842396220301E-004
  K_nlo    =    1.1766938299523939            +-    2.6841110090595886E-004
  Kqq2     =    5.7826245108828028E-002       +-    2.0005391351931304E-004
  Kgq2     =   -4.2308300121731951E-002       +-    1.5351879259899924E-004
  Kqqs     =    2.0555372349164679E-003       +-    3.5555746393245152E-006
  Kgg      =    1.7531475653628486E-003       +-    2.8759477764175470E-006
  Kgghhz   =    8.2417247812856961E-002       +-    2.5404430532233283E-004
  K_nnlo   =    1.1960204597397694            +-    3.6831375248777321E-004
  K_nnlo2  =    1.2784377075526263            +-    4.4742991556033810E-004
  sig_LO   = (  0.70851609221516787            +-    4.0037763625807058E-004 ) fb
  sig_NLO  = (  0.83370651413156938            +-    4.4324738441317351E-004 ) fb
  sig_NNLO = (  0.84739974234420978            +-    4.7791254502971877E-004 ) fb
  sig_HHZ  = (  0.90579368869570431            +-    5.1068425956906976E-004 ) fb

  pp ---> HHZ + X
  ===============

  PDFSET = PDF4LHC21_40                                NSET =  28
  Sqrt(S)  = 13.6 TeV
  LOOP     = 3
  alphaS(MZ) =   0.11800
          kl =   1.00000
          kv =   1.00000
         k2v =   1.00000
         kth =   1.00000
         kbh =   1.00000
        cHsq =   0.00000
       chdup =   0.00000
         cHw =   0.00000
          cH =  -6.00000
         cHb =   0.00000
        cHwb =   0.00000
      cHq1st =   0.00000
      cHq3st =   0.00000
      cHq1rd =   0.00000
      cHq3rd =   0.00000
       cHdst =   0.00000
       cHust =   0.00000
       cHdrd =   0.00000
       cHurd =   0.00000
         cth =   0.00000
         cbh =   0.00000
 --------------

  mH       = 125.0000      GeV
  fact_scale 1.0
  ren_scale  1.0
  Kqq      =   0.25781701405571694            +-    2.3017204663428742E-004
  Kgq      =   -8.1001634366586125E-002       +-    1.3804548520099261E-004
  K_nlo    =    1.1768153796891310            +-    2.6839472244474935E-004
  Kqq2     =    5.7828079898291966E-002       +-    2.0012280620014132E-004
  Kgq2     =   -4.2247923508805657E-002       +-    1.5328595616269681E-004
  Kqqs     =    2.0592226170045593E-003       +-    3.5592612068486517E-006
  Kgg      =    1.7418861108863854E-003       +-    2.8535971711541821E-006
  Kgghhz   =    8.1846873534995521E-002       +-    2.5226527285315012E-004
  K_nnlo   =    1.1961966448065084            +-    3.6824212185935411E-004
  K_nnlo2  =    1.2780435183415040            +-    4.4636311249828171E-004
  sig_LO   = (  0.71055798646176482            +-    4.0148592681746482E-004 ) fb
  sig_NLO  = (  0.83619556662914607            +-    4.4447863694839859E-004 ) fb
  sig_NNLO = (  0.84996707934603133            +-    4.7922388742135090E-004 ) fb
  sig_HHZ  = (  0.90812402900324840            +-    5.1165005196846121E-004 ) fb

  pp ---> HHZ + X
  ===============

  PDFSET = PDF4LHC21_40                                NSET =  29
  Sqrt(S)  = 13.6 TeV
  LOOP     = 3
  alphaS(MZ) =   0.11800
          kl =   1.00000
          kv =   1.00000
         k2v =   1.00000
         kth =   1.00000
         kbh =   1.00000
        cHsq =   0.00000
       chdup =   0.00000
         cHw =   0.00000
          cH =  -6.00000
         cHb =   0.00000
        cHwb =   0.00000
      cHq1st =   0.00000
      cHq3st =   0.00000
      cHq1rd =   0.00000
      cHq3rd =   0.00000
       cHdst =   0.00000
       cHust =   0.00000
       cHdrd =   0.00000
       cHurd =   0.00000
         cth =   0.00000
         cbh =   0.00000
 --------------

  mH       = 125.0000      GeV
  fact_scale 1.0
  ren_scale  1.0
  Kqq      =   0.25787544317261030            +-    2.3017493609149304E-004
  Kgq      =   -8.1039178843479304E-002       +-    1.3806668859426671E-004
  K_nlo    =    1.1768362643291310            +-    2.6840810662889661E-004
  Kqq2     =    5.7850809008694624E-002       +-    2.0011966875135671E-004
  Kgq2     =   -4.2268686811741167E-002       +-    1.5333262267582646E-004
  Kqqs     =    2.0603857697857031E-003       +-    3.5604265245482178E-006
  Kgg      =    1.7439298618848970E-003       +-    2.8581412759931903E-006
  Kgghhz   =    8.1967924507740444E-002       +-    2.5240689584341995E-004
  K_nnlo   =    1.1962227021577549            +-    3.6826964619759181E-004
  K_nnlo2  =    1.2781906266654954            +-    4.4646587034151951E-004
  sig_LO   = (  0.71106195379027515            +-    4.0175854215336219E-004 ) fb
  sig_NLO  = (  0.83680349340512061            +-    4.4478700306393781E-004 ) fb
  sig_NNLO = (  0.85058845176457565            +-    4.7956429494181292E-004 ) fb
  sig_HHZ  = (  0.90887272431318333            +-    5.1204871365657337E-004 ) fb

  pp ---> HHZ + X
  ===============

  PDFSET = PDF4LHC21_40                                NSET =  30
  Sqrt(S)  = 13.6 TeV
  LOOP     = 3
  alphaS(MZ) =   0.11800
          kl =   1.00000
          kv =   1.00000
         k2v =   1.00000
         kth =   1.00000
         kbh =   1.00000
        cHsq =   0.00000
       chdup =   0.00000
         cHw =   0.00000
          cH =  -6.00000
         cHb =   0.00000
        cHwb =   0.00000
      cHq1st =   0.00000
      cHq3st =   0.00000
      cHq1rd =   0.00000
      cHq3rd =   0.00000
       cHdst =   0.00000
       cHust =   0.00000
       cHdrd =   0.00000
       cHurd =   0.00000
         cth =   0.00000
         cbh =   0.00000
 --------------

  mH       = 125.0000      GeV
  fact_scale 1.0
  ren_scale  1.0
  Kqq      =   0.25782267226288857            +-    2.3004649663197551E-004
  Kgq      =   -8.1114096480835077E-002       +-    1.3813328315194075E-004
  K_nlo    =    1.1767085757820535            +-    2.6833224652840319E-004
  Kqq2     =    5.7828102976077829E-002       +-    2.0008876635059622E-004
  Kgq2     =   -4.2305284414950073E-002       +-    1.5336966294840639E-004
  Kqqs     =    2.0541924115338385E-003       +-    3.5507434136421318E-006
  Kgg      =    1.7501384853637655E-003       +-    2.8626422087084475E-006
  Kgghhz   =    8.2171068627903437E-002       +-    2.5347261230135125E-004
  K_nnlo   =    1.1960357252400788            +-    3.6821293426330862E-004
  K_nnlo2  =    1.2782067938679822            +-    4.4702251637436199E-004
  sig_LO   = (  0.70971492272751602            +-    4.0069802170254715E-004 ) fb
  sig_NLO  = (  0.83512763593396544            +-    4.4365084190186194E-004 ) fb
  sig_NNLO = (  0.84884440231811098            +-    4.7838300013498017E-004 ) fb
  sig_HHZ  = (  0.90716243593980084            +-    5.1108892823762385E-004 ) fb

  pp ---> HHZ + X
  ===============

  PDFSET = PDF4LHC21_40                                NSET =  31
  Sqrt(S)  = 13.6 TeV
  LOOP     = 3
  alphaS(MZ) =   0.11800
          kl =   1.00000
          kv =   1.00000
         k2v =   1.00000
         kth =   1.00000
         kbh =   1.00000
        cHsq =   0.00000
       chdup =   0.00000
         cHw =   0.00000
          cH =  -6.00000
         cHb =   0.00000
        cHwb =   0.00000
      cHq1st =   0.00000
      cHq3st =   0.00000
      cHq1rd =   0.00000
      cHq3rd =   0.00000
       cHdst =   0.00000
       cHust =   0.00000
       cHdrd =   0.00000
       cHurd =   0.00000
         cth =   0.00000
         cbh =   0.00000
 --------------

  mH       = 125.0000      GeV
  fact_scale 1.0
  ren_scale  1.0
  Kqq      =   0.25778582050068760            +-    2.3076999822640754E-004
  Kgq      =   -8.1016880472549110E-002       +-    1.3826208986187426E-004
  K_nlo    =    1.1767689400281385            +-    2.6901895393148257E-004
  Kqq2     =    5.7814946513246514E-002       +-    2.0064260632262227E-004
  Kgq2     =   -4.2256213836834096E-002       +-    1.5354282309752073E-004
  Kqqs     =    2.0533669578756885E-003       +-    3.5584318255709809E-006
  Kgg      =    1.7484330392120010E-003       +-    2.8659064298833871E-006
  Kgghhz   =    8.2150020554056097E-002       +-    2.5358086937699546E-004
  K_nnlo   =    1.1961294727016385            +-    3.6908661236598997E-004
  K_nnlo2  =    1.2782794932556947            +-    4.4780373462242960E-004
  sig_LO   = (  0.70748015650297447            +-    4.0155947098120240E-004 ) fb
  sig_NLO  = (  0.83254067385894681            +-    4.4438027853503995E-004 ) fb
  sig_NNLO = (  0.84623786654477562            +-    4.7899313420958701E-004 ) fb
  sig_HHZ  = (  0.90435737594308185            +-    5.1148803939779996E-004 ) fb

  pp ---> HHZ + X
  ===============

  PDFSET = PDF4LHC21_40                                NSET =  32
  Sqrt(S)  = 13.6 TeV
  LOOP     = 3
  alphaS(MZ) =   0.11800
          kl =   1.00000
          kv =   1.00000
         k2v =   1.00000
         kth =   1.00000
         kbh =   1.00000
        cHsq =   0.00000
       chdup =   0.00000
         cHw =   0.00000
          cH =  -6.00000
         cHb =   0.00000
        cHwb =   0.00000
      cHq1st =   0.00000
      cHq3st =   0.00000
      cHq1rd =   0.00000
      cHq3rd =   0.00000
       cHdst =   0.00000
       cHust =   0.00000
       cHdrd =   0.00000
       cHurd =   0.00000
         cth =   0.00000
         cbh =   0.00000
 --------------

  mH       = 125.0000      GeV
  fact_scale 1.0
  ren_scale  1.0
  Kqq      =   0.25776698215285104            +-    2.3017650092527014E-004
  Kgq      =   -8.1080989048005994E-002       +-    1.3829220251079070E-004
  K_nlo    =    1.1766859931048450            +-    2.6852551992964549E-004
  Kqq2     =    5.7807444346333343E-002       +-    2.0011428137674229E-004
  Kgq2     =   -4.2286301062391632E-002       +-    1.5358290992929601E-004
  Kqqs     =    2.0572800727479976E-003       +-    3.5587068286415513E-006
  Kgg      =    1.7490810922739695E-003       +-    2.8689469258716029E-006
  Kgghhz   =    8.2231153532884765E-002       +-    2.5343824323252725E-004
  K_nnlo   =    1.1960134975538088            +-    3.6845662694206269E-004
  K_nnlo2  =    1.2782446510866936            +-    4.4720378919493962E-004
  sig_LO   = (  0.71022107892895925            +-    4.0165798978834886E-004 ) fb
  sig_NLO  = (  0.83570719558351692            +-    4.4463512288057841E-004 ) fb
  sig_NNLO = (  0.84943399664626418            +-    4.7938348641370012E-004 ) fb
  sig_HHZ  = (  0.90783629522996245            +-    5.1206202043527866E-004 ) fb

  pp ---> HHZ + X
  ===============

  PDFSET = PDF4LHC21_40                                NSET =  33
  Sqrt(S)  = 13.6 TeV
  LOOP     = 3
  alphaS(MZ) =   0.11800
          kl =   1.00000
          kv =   1.00000
         k2v =   1.00000
         kth =   1.00000
         kbh =   1.00000
        cHsq =   0.00000
       chdup =   0.00000
         cHw =   0.00000
          cH =  -6.00000
         cHb =   0.00000
        cHwb =   0.00000
      cHq1st =   0.00000
      cHq3st =   0.00000
      cHq1rd =   0.00000
      cHq3rd =   0.00000
       cHdst =   0.00000
       cHust =   0.00000
       cHdrd =   0.00000
       cHurd =   0.00000
         cth =   0.00000
         cbh =   0.00000
 --------------

  mH       = 125.0000      GeV
  fact_scale 1.0
  ren_scale  1.0
  Kqq      =   0.25776060284472657            +-    2.3003634600614683E-004
  Kgq      =   -8.1029870116209574E-002       +-    1.3811083618781676E-004
  K_nlo    =    1.1767307327285170            +-    2.6831198921471559E-004
  Kqq2     =    5.7805174973400514E-002       +-    2.0006817938936070E-004
  Kgq2     =   -4.2262493857155241E-002       +-    1.5334841843906056E-004
  Kqqs     =    2.0549548099194482E-003       +-    3.5526135803778599E-006
  Kgg      =    1.7490206355978688E-003       +-    2.8694657745889644E-006
  Kgghhz   =    8.2219549666985470E-002       +-    2.5351605748761158E-004
  K_nnlo   =    1.1960773892902796            +-    3.6817820725210684E-004
  K_nnlo2  =    1.2782969389572651            +-    4.4701854961448449E-004
  sig_LO   = (  0.70907127381726154            +-    4.0041580137029846E-004 ) fb
  sig_NLO  = (  0.83438595959572914            +-    4.4331564461917640E-004 ) fb
  sig_NNLO = (  0.84810411800808316            +-    4.7800369700653865E-004 ) fb
  sig_HHZ  = (  0.90640363882313413            +-    5.1068731614238323E-004 ) fb

  pp ---> HHZ + X
  ===============

  PDFSET = PDF4LHC21_40                                NSET =  34
  Sqrt(S)  = 13.6 TeV
  LOOP     = 3
  alphaS(MZ) =   0.11800
          kl =   1.00000
          kv =   1.00000
         k2v =   1.00000
         kth =   1.00000
         kbh =   1.00000
        cHsq =   0.00000
       chdup =   0.00000
         cHw =   0.00000
          cH =  -6.00000
         cHb =   0.00000
        cHwb =   0.00000
      cHq1st =   0.00000
      cHq3st =   0.00000
      cHq1rd =   0.00000
      cHq3rd =   0.00000
       cHdst =   0.00000
       cHust =   0.00000
       cHdrd =   0.00000
       cHurd =   0.00000
         cth =   0.00000
         cbh =   0.00000
 --------------

  mH       = 125.0000      GeV
  fact_scale 1.0
  ren_scale  1.0
  Kqq      =   0.25766840730356910            +-    2.2912143016201242E-004
  Kgq      =   -8.1095627716946936E-002       +-    1.3804298537526690E-004
  K_nlo    =    1.1765727795866221            +-    2.6749298228327803E-004
  Kqq2     =    5.7772508019333944E-002       +-    1.9927250743690815E-004
  Kgq2     =   -4.2294890507433056E-002       +-    1.5328892700590480E-004
  Kqqs     =    2.0563693121873504E-003       +-    3.5464500032957998E-006
  Kgg      =    1.7543644309429771E-003       +-    2.8795772892314890E-006
  Kgghhz   =    8.2548215473919634E-002       +-    2.5373551155111218E-004
  K_nnlo   =    1.1958611308416534            +-    3.6712449142846197E-004
  K_nnlo2  =    1.2784093463155730            +-    4.4627581385137984E-004
  sig_LO   = (  0.71160457872348215            +-    4.0035225212723882E-004 ) fb
  sig_NLO  = (  0.83725457715525464            +-    4.4329984831252811E-004 ) fb
  sig_NNLO = (  0.85098025622436158            +-    4.7805038005911579E-004 ) fb
  sig_HHZ  = (  0.90972194432105535            +-    5.1101256872872723E-004 ) fb

  pp ---> HHZ + X
  ===============

  PDFSET = PDF4LHC21_40                                NSET =  35
  Sqrt(S)  = 13.6 TeV
  LOOP     = 3
  alphaS(MZ) =   0.11800
          kl =   1.00000
          kv =   1.00000
         k2v =   1.00000
         kth =   1.00000
         kbh =   1.00000
        cHsq =   0.00000
       chdup =   0.00000
         cHw =   0.00000
          cH =  -6.00000
         cHb =   0.00000
        cHwb =   0.00000
      cHq1st =   0.00000
      cHq3st =   0.00000
      cHq1rd =   0.00000
      cHq3rd =   0.00000
       cHdst =   0.00000
       cHust =   0.00000
       cHdrd =   0.00000
       cHurd =   0.00000
         cth =   0.00000
         cbh =   0.00000
 --------------

  mH       = 125.0000      GeV
  fact_scale 1.0
  ren_scale  1.0
  Kqq      =   0.25774091461166698            +-    2.3022095243846433E-004
  Kgq      =   -8.1038530210107415E-002       +-    1.3817025085874549E-004
  K_nlo    =    1.1767023844015596            +-    2.6850084760395509E-004
  Kqq2     =    5.7798180271532336E-002       +-    2.0019019424859542E-004
  Kgq2     =   -4.2265278057373012E-002       +-    1.5343875469309379E-004
  Kqqs     =    2.0536889753009885E-003       +-    3.5526419310460903E-006
  Kgg      =    1.7514772302433966E-003       +-    2.8723786739395123E-006
  Kgghhz   =    8.2349331310388310E-002       +-    2.5364383233215205E-004
  K_nnlo   =    1.1960404528212631            +-    3.6841979086775023E-004
  K_nnlo2  =    1.2783897841316514            +-    4.4728999092666681E-004
  sig_LO   = (  0.70950319997645983            +-    4.0113346325780866E-004 ) fb
  sig_NLO  = (  0.83487410715283683            +-    4.4407110644331834E-004 ) fb
  sig_NNLO = (  0.84859452857798046            +-    4.7878535077456528E-004 ) fb
  sig_HHZ  = (  0.90702164265862262            +-    5.1148940700519426E-004 ) fb

  pp ---> HHZ + X
  ===============

  PDFSET = PDF4LHC21_40                                NSET =  36
  Sqrt(S)  = 13.6 TeV
  LOOP     = 3
  alphaS(MZ) =   0.11800
          kl =   1.00000
          kv =   1.00000
         k2v =   1.00000
         kth =   1.00000
         kbh =   1.00000
        cHsq =   0.00000
       chdup =   0.00000
         cHw =   0.00000
          cH =  -6.00000
         cHb =   0.00000
        cHwb =   0.00000
      cHq1st =   0.00000
      cHq3st =   0.00000
      cHq1rd =   0.00000
      cHq3rd =   0.00000
       cHdst =   0.00000
       cHust =   0.00000
       cHdrd =   0.00000
       cHurd =   0.00000
         cth =   0.00000
         cbh =   0.00000
 --------------

  mH       = 125.0000      GeV
  fact_scale 1.0
  ren_scale  1.0
  Kqq      =   0.25775012119371860            +-    2.3013923596247089E-004
  Kgq      =   -8.1220404154575543E-002       +-    1.3851786642807222E-004
  K_nlo    =    1.1765297170391431            +-    2.6860987928439101E-004
  Kqq2     =    5.7799846067501409E-002       +-    2.0013572872745213E-004
  Kgq2     =   -4.2357481617487515E-002       +-    1.5377909354604116E-004
  Kqqs     =    2.0529933452941851E-003       +-    3.5507555013140034E-006
  Kgg      =    1.7613359056226532E-003       +-    2.8924195321448936E-006
  Kgghhz   =    8.2819577526753813E-002       +-    2.5562866206129678E-004
  K_nnlo   =    1.1957864107400737            +-    3.6861166656749421E-004
  K_nnlo2  =    1.2786059882668275            +-    4.4857616253754967E-004
  sig_LO   = (  0.70856171120351497            +-    4.0059820041276462E-004 ) fb
  sig_NLO  = (  0.83364390958704238            +-    4.4351230158981499E-004 ) fb
  sig_NNLO = (  0.84728846542789571            +-    4.7822176778045946E-004 ) fb
  sig_HHZ  = (  0.90597124700140452            +-    5.1137428435818130E-004 ) fb

  pp ---> HHZ + X
  ===============

  PDFSET = PDF4LHC21_40                                NSET =  37
  Sqrt(S)  = 13.6 TeV
  LOOP     = 3
  alphaS(MZ) =   0.11800
          kl =   1.00000
          kv =   1.00000
         k2v =   1.00000
         kth =   1.00000
         kbh =   1.00000
        cHsq =   0.00000
       chdup =   0.00000
         cHw =   0.00000
          cH =  -6.00000
         cHb =   0.00000
        cHwb =   0.00000
      cHq1st =   0.00000
      cHq3st =   0.00000
      cHq1rd =   0.00000
      cHq3rd =   0.00000
       cHdst =   0.00000
       cHust =   0.00000
       cHdrd =   0.00000
       cHurd =   0.00000
         cth =   0.00000
         cbh =   0.00000
 --------------

  mH       = 125.0000      GeV
  fact_scale 1.0
  ren_scale  1.0
  Kqq      =   0.25759141150394760            +-    2.2997363261446281E-004
  Kgq      =   -8.0894679109331777E-002       +-    1.3788640373776687E-004
  K_nlo    =    1.1766967323946158            +-    2.6814274562931282E-004
  Kqq2     =    5.7740741956879997E-002       +-    2.0013796224005291E-004
  Kgq2     =   -4.2190226603715866E-002       +-    1.5310714898246006E-004
  Kqqs     =    2.0512885956152178E-003       +-    3.5463672097361572E-006
  Kgg      =    1.7465508210786926E-003       +-    2.8642056881979731E-006
  Kgghhz   =    8.2106900937922264E-002       +-    2.5301581055142089E-004
  K_nnlo   =    1.1960450871644739            +-    3.6799227631483655E-004
  K_nnlo2  =    1.2781519881023962            +-    4.4658181312763682E-004
  sig_LO   = (  0.71098818438246625            +-    4.0149545553228255E-004 ) fb
  sig_NLO  = (  0.83661747333402858            +-    4.4445992127338090E-004 ) fb
  sig_NNLO = (  0.85037392496263775            +-    4.7922137660228516E-004 ) fb
  sig_HHZ  = (  0.90875096138576217            +-    5.1187302161162258E-004 ) fb

  pp ---> HHZ + X
  ===============

  PDFSET = PDF4LHC21_40                                NSET =  38
  Sqrt(S)  = 13.6 TeV
  LOOP     = 3
  alphaS(MZ) =   0.11800
          kl =   1.00000
          kv =   1.00000
         k2v =   1.00000
         kth =   1.00000
         kbh =   1.00000
        cHsq =   0.00000
       chdup =   0.00000
         cHw =   0.00000
          cH =  -6.00000
         cHb =   0.00000
        cHwb =   0.00000
      cHq1st =   0.00000
      cHq3st =   0.00000
      cHq1rd =   0.00000
      cHq3rd =   0.00000
       cHdst =   0.00000
       cHust =   0.00000
       cHdrd =   0.00000
       cHurd =   0.00000
         cth =   0.00000
         cbh =   0.00000
 --------------

  mH       = 125.0000      GeV
  fact_scale 1.0
  ren_scale  1.0
  Kqq      =   0.25762739693719716            +-    2.3006162669363350E-004
  Kgq      =   -8.0917039847665115E-002       +-    1.3792704458121915E-004
  K_nlo    =    1.1767103570895321            +-    2.6823911292693764E-004
  Kqq2     =    5.7753238943916443E-002       +-    2.0002478073631084E-004
  Kgq2     =   -4.2200418086111580E-002       +-    1.5314187880337944E-004
  Kqqs     =    2.0529360745474368E-003       +-    3.5490380640179891E-006
  Kgg      =    1.7451493954077370E-003       +-    2.8611494686120761E-006
  Kgghhz   =    8.2032613232510557E-002       +-    2.5281603379110457E-004
  K_nnlo   =    1.1960612634172920            +-    3.6801542291503239E-004
  K_nnlo2  =    1.2780938766498027            +-    4.4648773605239722E-004
  sig_LO   = (  0.71148709625894568            +-    4.0190347620207035E-004 ) fb
  sig_NLO  = (  0.83721423510345827            +-    4.4491529316548591E-004 ) fb
  sig_NNLO = (  0.85098215525657506            +-    4.7967245080348411E-004 ) fb
  sig_HHZ  = (  0.90934730104390715            +-    5.1228976182977068E-004 ) fb

  pp ---> HHZ + X
  ===============

  PDFSET = PDF4LHC21_40                                NSET =  39
  Sqrt(S)  = 13.6 TeV
  LOOP     = 3
  alphaS(MZ) =   0.11800
          kl =   1.00000
          kv =   1.00000
         k2v =   1.00000
         kth =   1.00000
         kbh =   1.00000
        cHsq =   0.00000
       chdup =   0.00000
         cHw =   0.00000
          cH =  -6.00000
         cHb =   0.00000
        cHwb =   0.00000
      cHq1st =   0.00000
      cHq3st =   0.00000
      cHq1rd =   0.00000
      cHq3rd =   0.00000
       cHdst =   0.00000
       cHust =   0.00000
       cHdrd =   0.00000
       cHurd =   0.00000
         cth =   0.00000
         cbh =   0.00000
 --------------

  mH       = 125.0000      GeV
  fact_scale 1.0
  ren_scale  1.0
  Kqq      =   0.25763068608001854            +-    2.3011699693754645E-004
  Kgq      =   -8.1110312440632659E-002       +-    1.3839961186048791E-004
  K_nlo    =    1.1765203736393859            +-    2.6852985838205862E-004
  Kqq2     =    5.7748239767943646E-002       +-    2.0013983457724868E-004
  Kgq2     =   -4.2293934918174465E-002       +-    1.5369833480347104E-004
  Kqqs     =    2.0504880119611678E-003       +-    3.5491241571186086E-006
  Kgg      =    1.7570088144018331E-003       +-    2.8839367345713458E-006
  Kgghhz   =    8.2650539188159941E-002       +-    2.5441205581453662E-004
  K_nnlo   =    1.1957821753155180            +-    3.6852181715880608E-004
  K_nnlo2  =    1.2784327145036780            +-    4.4781003100177134E-004
  sig_LO   = (  0.70890972582674006            +-    4.0066684566205990E-004 ) fb
  sig_NLO  = (  0.83404673550627084            +-    4.4359007657975176E-004 ) fb
  sig_NNLO = (  0.84770161405142685            +-    4.7831454572724115E-004 ) fb
  sig_HHZ  = (  0.90629338512673752            +-    5.1118763274558138E-004 ) fb

  pp ---> HHZ + X
  ===============

  PDFSET = PDF4LHC21_40                                NSET =  40
  Sqrt(S)  = 13.6 TeV
  LOOP     = 3
  alphaS(MZ) =   0.11800
          kl =   1.00000
          kv =   1.00000
         k2v =   1.00000
         kth =   1.00000
         kbh =   1.00000
        cHsq =   0.00000
       chdup =   0.00000
         cHw =   0.00000
          cH =  -6.00000
         cHb =   0.00000
        cHwb =   0.00000
      cHq1st =   0.00000
      cHq3st =   0.00000
      cHq1rd =   0.00000
      cHq3rd =   0.00000
       cHdst =   0.00000
       cHust =   0.00000
       cHdrd =   0.00000
       cHurd =   0.00000
         cth =   0.00000
         cbh =   0.00000
 --------------

  mH       = 125.0000      GeV
  fact_scale 1.0
  ren_scale  1.0
  Kqq      =   0.25775416273784857            +-    2.3010161318571141E-004
  Kgq      =   -8.1042493294170972E-002       +-    1.3812273975185183E-004
  K_nlo    =    1.1767116694436777            +-    2.6837407405937060E-004
  Kqq2     =    5.7803779103509277E-002       +-    2.0008824603201490E-004
  Kgq2     =   -4.2269213094597323E-002       +-    1.5337657003216323E-004
  Kqqs     =    2.0551851828040355E-003       +-    3.5519560729407266E-006
  Kgg      =    1.7500492820328216E-003       +-    2.8697549132134318E-006
  Kgghhz   =    8.2266965419273252E-002       +-    2.5354173198766160E-004
  K_nnlo   =    1.1960514699174265            +-    3.6824607797969792E-004
  K_nnlo2  =    1.2783184353366996            +-    4.4708901105566551E-004
  sig_LO   = (  0.70943370140641970            +-    4.0102764594018359E-004 ) fb
  sig_NLO  = (  0.83479891514155558            +-    4.4392893640024696E-004 ) fb
  sig_NNLO = (  0.84851922137610869            +-    4.7861543894405824E-004 ) fb
  sig_HHZ  = (  0.90688217915697766            +-    5.1129867279553454E-004 ) fb

  pp ---> HHZ + X
  ===============

  PDFSET = PDF4LHC21_40                                NSET =  41
  Sqrt(S)  = 13.6 TeV
  LOOP     = 3
  alphaS(MZ) =   0.11700
          kl =   1.00000
          kv =   1.00000
         k2v =   1.00000
         kth =   1.00000
         kbh =   1.00000
        cHsq =   0.00000
       chdup =   0.00000
         cHw =   0.00000
          cH =  -6.00000
         cHb =   0.00000
        cHwb =   0.00000
      cHq1st =   0.00000
      cHq3st =   0.00000
      cHq1rd =   0.00000
      cHq3rd =   0.00000
       cHdst =   0.00000
       cHust =   0.00000
       cHdrd =   0.00000
       cHurd =   0.00000
         cth =   0.00000
         cbh =   0.00000
 --------------

  mH       = 125.0000      GeV
  fact_scale 1.0
  ren_scale  1.0
  Kqq      =   0.25576007376529247            +-    2.2849018003973855E-004
  Kgq      =   -7.9552144076974834E-002       +-    1.3561945920002706E-004
  K_nlo    =    1.1762079296883177            +-    2.6570735798675190E-004
  Kqq2     =    5.6926940877819791E-002       +-    1.9749073804737683E-004
  Kgq2     =   -4.1215305418511032E-002       +-    1.4956956436320599E-004
  Kqqs     =    2.0217145139884299E-003       +-    3.4968956448023971E-006
  Kgg      =    1.6887596986003394E-003       +-    2.7676221720149247E-006
  Kgghhz   =    7.9088553007941695E-002       +-    2.4410452225225379E-004
  K_nnlo   =    1.1956300393602153            +-    3.6330969474848099E-004
  K_nnlo2  =    1.2747185923681570            +-    4.3769961398456306E-004
  sig_LO   = (  0.71186503194731154            +-    4.0248055942697082E-004 ) fb
  sig_NLO  = (  0.83730129544425547            +-    4.4471056004552321E-004 ) fb
  sig_NNLO = (  0.85112721616632503            +-    4.7841275865182506E-004 ) fb
  sig_HHZ  = (  0.90742759147999008            +-    5.0899371073942869E-004 ) fb

  pp ---> HHZ + X
  ===============

  PDFSET = PDF4LHC21_40                                NSET =  42
  Sqrt(S)  = 13.6 TeV
  LOOP     = 3
  alphaS(MZ) =   0.11900
          kl =   1.00000
          kv =   1.00000
         k2v =   1.00000
         kth =   1.00000
         kbh =   1.00000
        cHsq =   0.00000
       chdup =   0.00000
         cHw =   0.00000
          cH =  -6.00000
         cHb =   0.00000
        cHwb =   0.00000
      cHq1st =   0.00000
      cHq3st =   0.00000
      cHq1rd =   0.00000
      cHq3rd =   0.00000
       cHdst =   0.00000
       cHust =   0.00000
       cHdrd =   0.00000
       cHurd =   0.00000
         cth =   0.00000
         cbh =   0.00000
 --------------

  mH       = 125.0000      GeV
  fact_scale 1.0
  ren_scale  1.0
  Kqq      =   0.25953092698039243            +-    2.3155146654226191E-004
  Kgq      =   -8.0193825042912170E-002       +-    1.3679078944065954E-004
  K_nlo    =    1.1793371019374803            +-    2.6893828610607138E-004
  Kqq2     =    5.8598376198158088E-002       +-    2.0266300317085337E-004
  Kgq2     =   -4.2106655952666085E-002       +-    1.5286702091713938E-004
  Kqqs     =    2.0841761954197161E-003       +-    3.6024082829677256E-006
  Kgg      =    1.7200783164696399E-003       +-    2.8299380487341029E-006
  Kgghhz   =    8.0666742115059045E-002       +-    2.4818906541512086E-004
  K_nnlo   =    1.1996330766948617            +-    3.6985051921928998E-004
  K_nnlo2  =    1.2802998188099208            +-    4.4540680142809850E-004
  sig_LO   = (  0.71314788013239572            +-    4.0276421716850015E-004 ) fb
  sig_NLO  = (  0.84104175420819716            +-    4.4609806178398090E-004 ) fb
  sig_NNLO = (  0.85551578558164432            +-    4.8144299475512598E-004 ) fb
  sig_HHZ  = (  0.91304310171818537            +-    5.1294713791770463E-004 ) fb

