  pp ---> HHZ + X
  ===============

  PDFSET = PDF4LHC21_40                                NSET =   0
  Sqrt(S)  = 13.6 TeV
  LOOP     = 3
  alphaS(MZ) =   0.11800
          kl =   1.00000
          kv =   1.00000
         k2v =   1.00000
         kth =   1.00000
         kbh =   1.00000
        cHsq =   0.00000
       chdup =   0.00000
         cHw =   0.80000
          cH =   0.00000
         cHb =   0.00000
        cHwb =   0.00000
      cHq1st =   0.00000
      cHq3st =   0.00000
      cHq1rd =   0.00000
      cHq3rd =   0.00000
       cHdst =   0.00000
       cHust =   0.00000
       cHdrd =   0.00000
       cHurd =   0.00000
         cth =   0.00000
         cbh =   0.00000
 --------------

  mH       = 125.0000      GeV
  fact_scale 0.5
  ren_scale  0.5
  Kqq      =   0.20608011035401502            +-    1.7289740436135140E-004
  Kgq      =   -2.7303234598873054E-002       +-    1.3250692222831664E-004
  K_nlo    =    1.1787768757551420            +-    2.1783387448538348E-004
  Kqq2     =    9.3191329834386213E-003       +-    7.1996478277282911E-005
  Kgq2     =   -7.5106384784258424E-003       +-    5.3965066696398908E-005
  Kqqs     =    5.6978314914587146E-004       +-    1.5599991426999668E-006
  Kgg      =    1.9215031500085581E-004       +-    1.0426781084362427E-006
  Kgghhz   =    7.7486972966072820E-002       +-    2.1286291136038378E-004
  K_nnlo   =    1.1813473037243014            +-    2.3569225476488380E-004
  K_nnlo2  =    1.2588342766903742            +-    3.1758692981445803E-004
  sig_LO   = (  0.78758675528147248            +-    4.1873981406866058E-004 ) fb
  sig_NLO  = (  0.92838905477682365            +-    4.5252283962533726E-004 ) fb
  sig_NNLO = (  0.93041348980073879            +-    4.5804019771021880E-004 ) fb
  sig_HHZ  = (  0.99144120341567121            +-    4.8775678146740521E-004 ) fb

  mH       = 125.0000      GeV
  fact_scale 1.0
  ren_scale  0.5
  Kqq      =   0.28135459201501928            +-    2.1287414650052641E-004
  Kgq      =   -8.3840116152757063E-002       +-    1.3143697708285795E-004
  K_nlo    =    1.1975144758622622            +-    2.5018209606805862E-004
  Kqq2     =    1.6866604311569854E-002       +-    1.0700224487215614E-004
  Kgq2     =   -1.5716143780612826E-002       +-    7.1700293351957697E-005
  Kqqs     =    9.0329311793821345E-004       +-    1.6014110945461336E-006
  Kgg      =    7.5004790232318687E-004       +-    1.2536577070320525E-006
  Kgghhz   =    7.3449350638798080E-002       +-    2.0201765399486748E-004
  K_nnlo   =    1.2003182774134808            +-    2.8139941336574446E-004
  K_nnlo2  =    1.2737676280522789            +-    3.4640548836324046E-004
  sig_LO   = (  0.77516839763443579            +-    4.1231793773562937E-004 ) fb
  sig_NLO  = (  0.92827537739819099            +-    4.5564919509373704E-004 ) fb
  sig_NNLO = (  0.93044879575393391            +-    4.6646288350848437E-004 ) fb
  sig_HHZ  = (  0.98738441119590081            +-    4.9204721490291709E-004 ) fb

  mH       = 125.0000      GeV
  fact_scale 0.5
  ren_scale  1.0
  Kqq      =   0.18954617487426215            +-    1.5905782332233383E-004
  Kgq      =   -2.5115707804284838E-002       +-    1.2175653127256631E-004
  K_nlo    =    1.1644304670699774            +-    2.0030987012018700E-004
  Kqq2     =    1.3334147759236191E-002       +-    5.2782794439218326E-005
  Kgq2     =   -7.0597007505098976E-003       +-    4.5812415293613024E-005
  Kqqs     =    4.8026067523575694E-004       +-    1.3149764880685821E-006
  Kgg      =    1.6197959879970901E-004       +-    8.7819181731850702E-007
  Kgghhz   =    6.5392059703152122E-002       +-    1.7970513310058530E-004
  K_nnlo   =    1.1713471543527390            +-    2.1215877364710989E-004
  K_nnlo2  =    1.2367392140558910            +-    2.7803827092352714E-004
  sig_LO   = (  0.78758675528147248            +-    4.1873981406866058E-004 ) fb
  sig_NLO  = (  0.91709001331053297            +-    4.4747255940905069E-004 ) fb
  sig_NNLO = (  0.92253750460485995            +-    4.5084725753239877E-004 ) fb
  sig_HHZ  = (  0.97403942472763783            +-    4.7254094853151025E-004 ) fb

  mH       = 125.0000      GeV
  fact_scale 1.0
  ren_scale  1.0
  Kqq      =   0.25878176568550132            +-    1.9580101792854491E-004
  Kgq      =   -7.7061631459126631E-002       +-    1.2071896444897503E-004
  K_nlo    =    1.1817201342263748            +-    2.3002414438377390E-004
  Kqq2     =    2.1703486748663545E-002       +-    7.9053651353624049E-005
  Kgq2     =   -1.5563637731396972E-002       +-    5.5259467870072682E-005
  Kqqs     =    7.6229775313939394E-004       +-    1.3513654656856883E-006
  Kgg      =    6.3195355348045102E-004       +-    1.0556753452718026E-006
  Kgghhz   =    6.1981738938663600E-002       +-    1.7058159160917495E-004
  K_nnlo   =    1.1892542345502612            +-    2.4943363089240328E-004
  K_nnlo2  =    1.2512359734889249            +-    3.0218407571559264E-004
  sig_LO   = (  0.77516839763443579            +-    4.1231793773562937E-004 ) fb
  sig_NLO  = (  0.91603210290060932            +-    4.4922113439119698E-004 ) fb
  sig_NNLO = (  0.92187229937629356            +-    4.5540255892332081E-004 ) fb
  sig_HHZ  = (  0.96991858463197334            +-    4.7421105059902534E-004 ) fb

  mH       = 125.0000      GeV
  fact_scale 1.5
  ren_scale  1.0
  Kqq      =   0.30028459954956488            +-    2.2929140039580422E-004
  Kgq      =  -0.10622822547239717            +-    1.2044553049415849E-004
  K_nlo    =    1.1940563740771677            +-    2.5900129750927554E-004
  Kqq2     =    2.6598192364020515E-002       +-    1.0070802870011840E-004
  Kgq2     =   -2.1467164678875075E-002       +-    6.3348884496605153E-005
  Kqqs     =    1.3257198867330849E-003       +-    1.6437829142470991E-006
  Kgg      =    1.0558444235015268E-003       +-    1.2336575265533486E-006
  Kgghhz   =    6.0147730915597906E-002       +-    1.6559822560411816E-004
  K_nnlo   =    1.2015689660725479            +-    2.8502821659667023E-004
  K_nnlo2  =    1.2617166969881459            +-    3.2964201276462134E-004
  sig_LO   = (  0.76735778591914316            +-    4.0821529146379431E-004 ) fb
  sig_NLO  = (  0.91626845547449554            +-    4.5402638681386718E-004 ) fb
  sig_NNLO = (  0.92203330143458440            +-    4.6311721998841055E-004 ) fb
  sig_HHZ  = (  0.96818813105803803            +-    4.8023445220074420E-004 ) fb

  mH       = 125.0000      GeV
  fact_scale 2.0
  ren_scale  1.0
  Kqq      =   0.33012312774495262            +-    2.5576290643682998E-004
  Kgq      =  -0.12633492834125692            +-    1.3411612822879178E-004
  K_nlo    =    1.2037881994036956            +-    2.8879369826936385E-004
  Kqq2     =    3.0077017794910912E-002       +-    1.1906352737570536E-004
  Kgq2     =   -2.6059162787077095E-002       +-    7.2054926550832720E-005
  Kqqs     =    1.8954320314186826E-003       +-    2.0404188330866896E-006
  Kgg      =    1.4141887988195542E-003       +-    1.4225370640681888E-006
  Kgghhz   =    5.8917803467472954E-002       +-    1.6228109419989416E-004
  K_nnlo   =    1.2111156752417678            +-    3.2058699766553334E-004
  K_nnlo2  =    1.2700334787092407            +-    3.5932043722409606E-004
  sig_LO   = (  0.76164407231615283            +-    4.0526477732349156E-004 ) fb
  sig_NLO  = (  0.91685814639995977            +-    4.6110851781588897E-004 ) fb
  sig_NNLO = (  0.92243907493706712            +-    4.7313854705803652E-004 ) fb
  sig_HHZ  = (  0.96731347070195595            +-    4.8901651491571347E-004 ) fb

  mH       = 125.0000      GeV
  fact_scale 1.0
  ren_scale  1.5
  Kqq      =   0.24721137198937859            +-    1.8704548138737297E-004
  Kgq      =   -7.3590623766307442E-002       +-    1.1523755831868784E-004
  K_nlo    =    1.1736207482230709            +-    2.1969457652542784E-004
  Kqq2     =    2.3772578405660921E-002       +-    7.0678523204805642E-005
  Kgq2     =   -1.5422457607833426E-002       +-    4.8973283997193425E-005
  Kqqs     =    6.9478979224069266E-004       +-    1.2316476132129056E-006
  Kgg      =    5.7551213449425224E-004       +-    9.6111635627481013E-007
  Kgghhz   =    5.6490548302183030E-002       +-    1.5551394798373586E-004
  K_nnlo   =    1.1832411709476334            +-    2.3592792086368777E-004
  K_nnlo2  =    1.2397317192498165            +-    2.8257135711276651E-004
  sig_LO   = (  0.77516839763443579            +-    4.1231793773562937E-004 ) fb
  sig_NLO  = (  0.90975371483060563            +-    4.4610343142009772E-004 ) fb
  sig_NNLO = (  0.91721116249857060            +-    4.5105719270363288E-004 ) fb
  sig_HHZ  = (  0.96100085030746452            +-    4.6688839407935101E-004 ) fb

  mH       = 125.0000      GeV
  fact_scale 1.5
  ren_scale  1.5
  Kqq      =   0.28685520639398665            +-    2.1902457664713831E-004
  Kgq      =  -0.10143683887745117            +-    1.1503591908716918E-004
  K_nlo    =    1.1854183675165355            +-    2.4739649927937114E-004
  Kqq2     =    2.8874929763567012E-002       +-    8.7590674603467075E-005
  Kgq2     =   -2.1298460012080932E-002       +-    5.7792281727447183E-005
  Kqqs     =    1.2082962952985330E-003       +-    1.4980357184677156E-006
  Kgg      =    9.6145475563288963E-004       +-    1.1238298815230130E-006
  Kgghhz   =    5.4819095242002597E-002       +-    1.5097846684448358E-004
  K_nnlo   =    1.1951645883189532            +-    2.6873892361371727E-004
  K_nnlo2  =    1.2499836835609559            +-    3.0824520517888063E-004
  sig_LO   = (  0.76735778591914316            +-    4.0821529146379431E-004 ) fb
  sig_NLO  = (  0.90964001388537374            +-    4.5019947649879824E-004 ) fb
  sig_NNLO = (  0.91711885230139589            +-    4.5734665313658038E-004 ) fb
  sig_HHZ  = (  0.95918471185238963            +-    4.7179256753153084E-004 ) fb

  mH       = 125.0000      GeV
  fact_scale 2.0
  ren_scale  1.5
  Kqq      =   0.31535814618125013            +-    2.4428190767071994E-004
  Kgq      =  -0.12063257462909362            +-    1.2806512366688648E-004
  K_nlo    =    1.1947255715521563            +-    2.7581574703968781E-004
  Kqq2     =    3.2511465168563618E-002       +-    1.0246962657974634E-004
  Kgq2     =   -2.5829355474001097E-002       +-    6.7243194135455168E-005
  Kqqs     =    1.7274454263761431E-003       +-    1.8594372356651602E-006
  Kgg      =    1.2877041952006182E-003       +-    1.2955854476717812E-006
  Kgghhz   =    5.3695612914483340E-002       +-    1.4792381026945852E-004
  K_nnlo   =    1.2044228308682956            +-    3.0182964382657619E-004
  K_nnlo2  =    1.2581184437827790            +-    3.3612882580509606E-004
  sig_LO   = (  0.76164407231615283            +-    4.0526477732349156E-004 ) fb
  sig_NLO  = (  0.90995564961722764            +-    4.5647605109164495E-004 ) fb
  sig_NNLO = (  0.91734150969307771            +-    4.6592645528525093E-004 ) fb
  sig_HHZ  = (  0.95823845497877658            +-    4.7935470169481014E-004 ) fb

  mH       = 125.0000      GeV
  fact_scale 1.0
  ren_scale  2.0
  Kqq      =   0.23962151469454687            +-    1.8130325742288431E-004
  Kgq      =   -7.1315019798794899E-002       +-    1.1164644427834429E-004
  K_nlo    =    1.1683064948957520            +-    2.1292205069495761E-004
  Kqq2     =    2.4979553258309386E-002       +-    6.8972936487093523E-005
  Kgq2     =   -1.5309122607907554E-002       +-    4.5868031192742984E-005
  Kqqs     =    6.5225132405070322E-004       +-    1.1562100458628188E-006
  Kgg      =    5.3998282869245672E-004       +-    9.0161406424711981E-007
  Kgghhz   =    5.3029407148148189E-002       +-    1.4599710839011078E-004
  K_nnlo   =    1.1791691596988971            +-    2.2847120530799538E-004
  K_nnlo2  =    1.2321985668470452            +-    2.7113510896444585E-004
  sig_LO   = (  0.77516839763443579            +-    4.1231793773562937E-004 ) fb
  sig_NLO  = (  0.90563427359424420            +-    4.4412580551738719E-004 ) fb
  sig_NNLO = (  0.91405466806373803            +-    4.4874467963368472E-004 ) fb
  sig_HHZ  = (  0.95516138863027211            +-    4.6279559967118787E-004 ) fb

  mH       = 125.0000      GeV
  fact_scale 1.5
  ren_scale  2.0
  Kqq      =   0.27804607028403705            +-    2.1229176253678966E-004
  Kgq      =   -9.8295942499177141E-002       +-    1.1148865033696561E-004
  K_nlo    =    1.1797501277848599            +-    2.3978638742625668E-004
  Kqq2     =    3.0206905377546819E-002       +-    8.4202589869485347E-005
  Kgq2     =   -2.1154396971868897E-002       +-    5.5442507326540257E-005
  Kqqs     =    1.1343061459817209E-003       +-    1.4062059863059605E-006
  Kgg      =    9.0204420896562525E-004       +-    1.0546723300977580E-006
  Kgghhz   =    5.1461284781108743E-002       +-    1.4175858990675435E-004
  K_nnlo   =    1.1908389865454851            +-    2.6012410327248971E-004
  K_nnlo2  =    1.2423002713265938            +-    2.9624322256495297E-004
  sig_LO   = (  0.76735778591914316            +-    4.0821529146379431E-004 ) fb
  sig_NLO  = (  0.90529044599481634            +-    4.4776829084370901E-004 ) fb
  sig_NNLO = (  0.91379956810173968            +-    4.5440420335734387E-004 ) fb
  sig_HHZ  = (  0.95328878565192576            +-    4.6724316174680941E-004 ) fb

  mH       = 125.0000      GeV
  fact_scale 2.0
  ren_scale  2.0
  Kqq      =   0.30567269398503544            +-    2.3674698877165784E-004
  Kgq      =  -0.11689471734790624            +-    1.2409907934855382E-004
  K_nlo    =    1.1887779766371291            +-    2.6730080094830642E-004
  Kqq2     =    3.3930029361480776E-002       +-    9.6695298028420419E-005
  Kgq2     =   -2.5637435295926027E-002       +-    6.5081704349060748E-005
  Kqqs     =    1.6216021726111860E-003       +-    1.7454255789886921E-006
  Kgg      =    1.2080973649716440E-003       +-    1.2156697149076057E-006
  Kgghhz   =    5.0404903603942286E-002       +-    1.3887917808262326E-004
  K_nnlo   =    1.1999002702402668            +-    2.9161593141098665E-004
  K_nnlo2  =    1.2503051738442090            +-    3.2299733366949367E-004
  sig_LO   = (  0.76164407231615283            +-    4.0526477732349156E-004 ) fb
  sig_NLO  = (  0.90542569920565952            +-    4.5352799496449232E-004 ) fb
  sig_NNLO = (  0.91389692819904911            +-    4.6213775168260331E-004 ) fb
  sig_HHZ  = (  0.95228752424465879            +-    4.7408856774370888E-004 ) fb

  pp ---> HHZ + X
  ===============

  PDFSET = PDF4LHC21_40                                NSET =   1
  Sqrt(S)  = 13.6 TeV
  LOOP     = 3
  alphaS(MZ) =   0.11800
          kl =   1.00000
          kv =   1.00000
         k2v =   1.00000
         kth =   1.00000
         kbh =   1.00000
        cHsq =   0.00000
       chdup =   0.00000
         cHw =   0.80000
          cH =   0.00000
         cHb =   0.00000
        cHwb =   0.00000
      cHq1st =   0.00000
      cHq3st =   0.00000
      cHq1rd =   0.00000
      cHq3rd =   0.00000
       cHdst =   0.00000
       cHust =   0.00000
       cHdrd =   0.00000
       cHurd =   0.00000
         cth =   0.00000
         cbh =   0.00000
 --------------

  mH       = 125.0000      GeV
  fact_scale 1.0
  ren_scale  1.0
  Kqq      =   0.25898557576977166            +-    1.9515909011479562E-004
  Kgq      =   -7.7168718963003230E-002       +-    1.2053055893862542E-004
  K_nlo    =    1.1818168568067684            +-    2.2937891379220624E-004
  Kqq2     =    2.1742932887371291E-002       +-    7.8947559315057365E-005
  Kgq2     =   -1.5589208433734066E-002       +-    5.5208337914071349E-005
  Kqqs     =    7.6348752045894296E-004       +-    1.3494162753845549E-006
  Kgg      =    6.3248577993528369E-004       +-    1.0567049820828615E-006
  Kgghhz   =    6.2021131147129961E-002       +-    1.7056062302357988E-004
  K_nnlo   =    1.1893665545607999            +-    2.4879369232204141E-004
  K_nnlo2  =    1.2513876857079298            +-    3.0164420674931971E-004
  sig_LO   = (  0.77461678707681647            +-    4.0993722960802235E-004 ) fb
  sig_NLO  = (  0.91545517653288100            +-    4.4678740325428861E-004 ) fb
  sig_NNLO = (  0.92130329915050990            +-    4.5297841250498046E-004 ) fb
  sig_HHZ  = (  0.96934590849056956            +-    4.7185263011128876E-004 ) fb

  pp ---> HHZ + X
  ===============

  PDFSET = PDF4LHC21_40                                NSET =   2
  Sqrt(S)  = 13.6 TeV
  LOOP     = 3
  alphaS(MZ) =   0.11800
          kl =   1.00000
          kv =   1.00000
         k2v =   1.00000
         kth =   1.00000
         kbh =   1.00000
        cHsq =   0.00000
       chdup =   0.00000
         cHw =   0.80000
          cH =   0.00000
         cHb =   0.00000
        cHwb =   0.00000
      cHq1st =   0.00000
      cHq3st =   0.00000
      cHq1rd =   0.00000
      cHq3rd =   0.00000
       cHdst =   0.00000
       cHust =   0.00000
       cHdrd =   0.00000
       cHurd =   0.00000
         cth =   0.00000
         cbh =   0.00000
 --------------

  mH       = 125.0000      GeV
  fact_scale 1.0
  ren_scale  1.0
  Kqq      =   0.25886029972757946            +-    1.9557343242431992E-004
  Kgq      =   -7.7521760972154324E-002       +-    1.2110176935902506E-004
  K_nlo    =    1.1813385387554252            +-    2.3003175000881190E-004
  Kqq2     =    2.1723943040138367E-002       +-    7.9056070508271798E-005
  Kgq2     =   -1.5665494228393671E-002       +-    5.5451692928506642E-005
  Kqqs     =    7.7073526149290951E-004       +-    1.3621857605335662E-006
  Kgg      =    6.3038401886283154E-004       +-    1.0490133503728133E-006
  Kgghhz   =    6.1768824936433174E-002       +-    1.6994841269954666E-004
  K_nnlo   =    1.1887981068475257            +-    2.4948409673568019E-004
  K_nnlo2  =    1.2505669317839589            +-    3.0186880843027433E-004
  sig_LO   = (  0.77375412976451619            +-    4.1074738698893909E-004 ) fb
  sig_NLO  = (  0.91406557301198921            +-    4.4765293470759137E-004 ) fb
  sig_NNLO = (  0.91983744462951156            +-    4.5384755879960414E-004 ) fb
  sig_HHZ  = (  0.96763132801477814            +-    4.7251392137676599E-004 ) fb

  pp ---> HHZ + X
  ===============

  PDFSET = PDF4LHC21_40                                NSET =   3
  Sqrt(S)  = 13.6 TeV
  LOOP     = 3
  alphaS(MZ) =   0.11800
          kl =   1.00000
          kv =   1.00000
         k2v =   1.00000
         kth =   1.00000
         kbh =   1.00000
        cHsq =   0.00000
       chdup =   0.00000
         cHw =   0.80000
          cH =   0.00000
         cHb =   0.00000
        cHwb =   0.00000
      cHq1st =   0.00000
      cHq3st =   0.00000
      cHq1rd =   0.00000
      cHq3rd =   0.00000
       cHdst =   0.00000
       cHust =   0.00000
       cHdrd =   0.00000
       cHurd =   0.00000
         cth =   0.00000
         cbh =   0.00000
 --------------

  mH       = 125.0000      GeV
  fact_scale 1.0
  ren_scale  1.0
  Kqq      =   0.25878444856776822            +-    1.9531482347072282E-004
  Kgq      =   -7.7037208863801609E-002       +-    1.2051037680746587E-004
  K_nlo    =    1.1817472397039666            +-    2.2950083046838202E-004
  Kqq2     =    2.1705202018704153E-002       +-    7.8818375872408315E-005
  Kgq2     =   -1.5560914859705788E-002       +-    5.5163412723129131E-005
  Kqqs     =    7.6243973088264538E-004       +-    1.3499256735579265E-006
  Kgg      =    6.3078536581209093E-004       +-    1.0530276487792229E-006
  Kgghhz   =    6.1847238258470702E-002       +-    1.7051798488944378E-004
  K_nnlo   =    1.1892847519596597            +-    2.4885518043765291E-004
  K_nnlo2  =    1.2511319902181304            +-    3.0167082059989389E-004
  sig_LO   = (  0.77442622880167244            +-    4.1049233219584102E-004 ) fb
  sig_NLO  = (  0.91517605824072890            +-    4.4731692076875227E-004 ) fb
  sig_NNLO = (  0.92101330543145166            +-    4.5348092028262233E-004 ) fb
  sig_HHZ  = (  0.96890942891775766            +-    4.7231673517700095E-004 ) fb

  pp ---> HHZ + X
  ===============

  PDFSET = PDF4LHC21_40                                NSET =   4
  Sqrt(S)  = 13.6 TeV
  LOOP     = 3
  alphaS(MZ) =   0.11800
          kl =   1.00000
          kv =   1.00000
         k2v =   1.00000
         kth =   1.00000
         kbh =   1.00000
        cHsq =   0.00000
       chdup =   0.00000
         cHw =   0.80000
          cH =   0.00000
         cHb =   0.00000
        cHwb =   0.00000
      cHq1st =   0.00000
      cHq3st =   0.00000
      cHq1rd =   0.00000
      cHq3rd =   0.00000
       cHdst =   0.00000
       cHust =   0.00000
       cHdrd =   0.00000
       cHurd =   0.00000
         cth =   0.00000
         cbh =   0.00000
 --------------

  mH       = 125.0000      GeV
  fact_scale 1.0
  ren_scale  1.0
  Kqq      =   0.25928899405155614            +-    1.9601794780534150E-004
  Kgq      =   -7.7922838241214848E-002       +-    1.2222451237136212E-004
  K_nlo    =    1.1813661558103412            +-    2.3100187723530482E-004
  Kqq2     =    2.1798983817463851E-002       +-    7.9136764475542449E-005
  Kgq2     =   -1.5733808446295322E-002       +-    5.5941428351969467E-005
  Kqqs     =    7.6873919144951710E-004       +-    1.3634517330956246E-006
  Kgg      =    6.4245418873682997E-004       +-    1.0759951868282448E-006
  Kgghhz   =    6.3048390728991960E-002       +-    1.7354134203862747E-004
  K_nnlo   =    1.1888425245616963            +-    2.5051338277669202E-004
  K_nnlo2  =    1.2518909152906883            +-    3.0475162402650015E-004
  sig_LO   = (  0.76460288282665201            +-    4.0654162840754167E-004 ) fb
  sig_NLO  = (  0.90327596840642665            +-    4.4325205101369733E-004 ) fb
  sig_NNLO = (  0.90899242150678783            +-    4.4940506676396745E-004 ) fb
  sig_HHZ  = (  0.95719940281575622            +-    4.6858468388584501E-004 ) fb

  pp ---> HHZ + X
  ===============

  PDFSET = PDF4LHC21_40                                NSET =   5
  Sqrt(S)  = 13.6 TeV
  LOOP     = 3
  alphaS(MZ) =   0.11800
          kl =   1.00000
          kv =   1.00000
         k2v =   1.00000
         kth =   1.00000
         kbh =   1.00000
        cHsq =   0.00000
       chdup =   0.00000
         cHw =   0.80000
          cH =   0.00000
         cHb =   0.00000
        cHwb =   0.00000
      cHq1st =   0.00000
      cHq3st =   0.00000
      cHq1rd =   0.00000
      cHq3rd =   0.00000
       cHdst =   0.00000
       cHust =   0.00000
       cHdrd =   0.00000
       cHurd =   0.00000
         cth =   0.00000
         cbh =   0.00000
 --------------

  mH       = 125.0000      GeV
  fact_scale 1.0
  ren_scale  1.0
  Kqq      =   0.25889955947938104            +-    1.9606082341891743E-004
  Kgq      =   -7.6958958594470828E-002       +-    1.2046705221435989E-004
  K_nlo    =    1.1819406008849103            +-    2.3011335717189744E-004
  Kqq2     =    2.1725807107249643E-002       +-    7.9226494631335040E-005
  Kgq2     =   -1.5547124586954187E-002       +-    5.5126261163794353E-005
  Kqqs     =    7.6196055813578304E-004       +-    1.3505195670084203E-006
  Kgg      =    6.2908386065116406E-004       +-    1.0512295758034491E-006
  Kgghhz   =    6.1657434158113596E-002       +-    1.7056569595042377E-004
  K_nnlo   =    1.1895103278239925            +-    2.4954123558464439E-004
  K_nnlo2  =    1.2511677619821060            +-    3.0226393250297560E-004
  sig_LO   = (  0.77373858867415879            +-    4.1212508582599481E-004 ) fb
  sig_NLO  = (  0.91451305242537761            +-    4.4894100794119963E-004 ) fb
  sig_NNLO = (  0.92037004226387198            +-    4.5511190988955607E-004 ) fb
  sig_HHZ  = (  0.96807677835064065            +-    4.7386051967385960E-004 ) fb

  pp ---> HHZ + X
  ===============

  PDFSET = PDF4LHC21_40                                NSET =   6
  Sqrt(S)  = 13.6 TeV
  LOOP     = 3
  alphaS(MZ) =   0.11800
          kl =   1.00000
          kv =   1.00000
         k2v =   1.00000
         kth =   1.00000
         kbh =   1.00000
        cHsq =   0.00000
       chdup =   0.00000
         cHw =   0.80000
          cH =   0.00000
         cHb =   0.00000
        cHwb =   0.00000
      cHq1st =   0.00000
      cHq3st =   0.00000
      cHq1rd =   0.00000
      cHq3rd =   0.00000
       cHdst =   0.00000
       cHust =   0.00000
       cHdrd =   0.00000
       cHurd =   0.00000
         cth =   0.00000
         cbh =   0.00000
 --------------

  mH       = 125.0000      GeV
  fact_scale 1.0
  ren_scale  1.0
  Kqq      =   0.25887032251951858            +-    1.9531887984955483E-004
  Kgq      =   -7.7179555725378865E-002       +-    1.2073568697695677E-004
  K_nlo    =    1.1816907667941396            +-    2.2962267077856777E-004
  Kqq2     =    2.1721466322041468E-002       +-    7.8963714341869317E-005
  Kgq2     =   -1.5587711908820356E-002       +-    5.5287656169155145E-005
  Kqqs     =    7.6259014589980119E-004       +-    1.3483936312172584E-006
  Kgg      =    6.3432868541490525E-004       +-    1.0610913567476898E-006
  Kgghhz   =    6.2221946783695269E-002       +-    1.7115431715047496E-004
  K_nnlo   =    1.1892214400386756            +-    2.4904117756523246E-004
  K_nnlo2  =    1.2514433868223709            +-    3.0218422924157211E-004
  sig_LO   = (  0.77488638039664648            +-    4.1072161162093523E-004 ) fb
  sig_NLO  = (  0.91567608102924858            +-    4.4760680725897594E-004 ) fb
  sig_NNLO = (  0.92151149716165681            +-    4.5379840098649211E-004 ) fb
  sig_HHZ  = (  0.96972643628610722            +-    4.7278157638208949E-004 ) fb

  pp ---> HHZ + X
  ===============

  PDFSET = PDF4LHC21_40                                NSET =   7
  Sqrt(S)  = 13.6 TeV
  LOOP     = 3
  alphaS(MZ) =   0.11800
          kl =   1.00000
          kv =   1.00000
         k2v =   1.00000
         kth =   1.00000
         kbh =   1.00000
        cHsq =   0.00000
       chdup =   0.00000
         cHw =   0.80000
          cH =   0.00000
         cHb =   0.00000
        cHwb =   0.00000
      cHq1st =   0.00000
      cHq3st =   0.00000
      cHq1rd =   0.00000
      cHq3rd =   0.00000
       cHdst =   0.00000
       cHust =   0.00000
       cHdrd =   0.00000
       cHurd =   0.00000
         cth =   0.00000
         cbh =   0.00000
 --------------

  mH       = 125.0000      GeV
  fact_scale 1.0
  ren_scale  1.0
  Kqq      =   0.25895554557914441            +-    1.9659232408561741E-004
  Kgq      =   -7.6959618620861356E-002       +-    1.2057154867522230E-004
  K_nlo    =    1.1819959269582829            +-    2.3062098828885007E-004
  Kqq2     =    2.1734647379750248E-002       +-    7.9269751541133636E-005
  Kgq2     =   -1.5547548871900546E-002       +-    5.5182638610511187E-005
  Kqqs     =    7.6198562755052930E-004       +-    1.3521119490360253E-006
  Kgg      =    6.2921041054096001E-004       +-    1.0500207815852847E-006
  Kgghhz   =    6.1674599798093720E-002       +-    1.7017323752218578E-004
  K_nnlo   =    1.1895742215042240            +-    2.5003557367523076E-004
  K_nnlo2  =    1.2512488213023176            +-    3.0245118427918910E-004
  sig_LO   = (  0.77409204724906888            +-    4.1394853840811987E-004 ) fb
  sig_NLO  = (  0.91497364693919825            +-    4.5080311841920397E-004 ) fb
  sig_NNLO = (  0.92083994447892248            +-    4.5696302641627982E-004 ) fb
  sig_HHZ  = (  0.96858176169989585            +-    4.7557116659792419E-004 ) fb

  pp ---> HHZ + X
  ===============

  PDFSET = PDF4LHC21_40                                NSET =   8
  Sqrt(S)  = 13.6 TeV
  LOOP     = 3
  alphaS(MZ) =   0.11800
          kl =   1.00000
          kv =   1.00000
         k2v =   1.00000
         kth =   1.00000
         kbh =   1.00000
        cHsq =   0.00000
       chdup =   0.00000
         cHw =   0.80000
          cH =   0.00000
         cHb =   0.00000
        cHwb =   0.00000
      cHq1st =   0.00000
      cHq3st =   0.00000
      cHq1rd =   0.00000
      cHq3rd =   0.00000
       cHdst =   0.00000
       cHust =   0.00000
       cHdrd =   0.00000
       cHurd =   0.00000
         cth =   0.00000
         cbh =   0.00000
 --------------

  mH       = 125.0000      GeV
  fact_scale 1.0
  ren_scale  1.0
  Kqq      =   0.25861626559133866            +-    1.9583898663233355E-004
  Kgq      =   -7.6882117388101884E-002       +-    1.2080618308381597E-004
  K_nlo    =    1.1817341482032369            +-    2.3010224370148975E-004
  Kqq2     =    2.1670387086320346E-002       +-    7.9045460914465597E-005
  Kgq2     =   -1.5513695310399502E-002       +-    5.5265716503680985E-005
  Kqqs     =    7.6354541503621299E-004       +-    1.3537878744089972E-006
  Kgg      =    6.3161060295445048E-004       +-    1.0605983038663243E-006
  Kgghhz   =    6.2047757275093714E-002       +-    1.7042716815023268E-004
  K_nnlo   =    1.1892859959971485            +-    2.4950447787299606E-004
  K_nnlo2  =    1.2513337532722422            +-    3.0215543040359885E-004
  sig_LO   = (  0.77628668333370265            +-    4.1320895041306143E-004 ) fb
  sig_NLO  = (  0.91736448249086888            +-    4.5016512216444131E-004 ) fb
  sig_NNLO = (  0.92322688136784536            +-    4.5635106230502200E-004 ) fb
  sig_HHZ  = (  0.97139372907122246            +-    4.7514173919538735E-004 ) fb

  pp ---> HHZ + X
  ===============

  PDFSET = PDF4LHC21_40                                NSET =   9
  Sqrt(S)  = 13.6 TeV
  LOOP     = 3
  alphaS(MZ) =   0.11800
          kl =   1.00000
          kv =   1.00000
         k2v =   1.00000
         kth =   1.00000
         kbh =   1.00000
        cHsq =   0.00000
       chdup =   0.00000
         cHw =   0.80000
          cH =   0.00000
         cHb =   0.00000
        cHwb =   0.00000
      cHq1st =   0.00000
      cHq3st =   0.00000
      cHq1rd =   0.00000
      cHq3rd =   0.00000
       cHdst =   0.00000
       cHust =   0.00000
       cHdrd =   0.00000
       cHurd =   0.00000
         cth =   0.00000
         cbh =   0.00000
 --------------

  mH       = 125.0000      GeV
  fact_scale 1.0
  ren_scale  1.0
  Kqq      =   0.25885119508834581            +-    1.9497084324746362E-004
  Kgq      =   -7.7107540243312983E-002       +-    1.2057200496653070E-004
  K_nlo    =    1.1817436548450329            +-    2.2924056817735409E-004
  Kqq2     =    2.1716326444222875E-002       +-    7.8820789262802149E-005
  Kgq2     =   -1.5570263480009908E-002       +-    5.5222638683634904E-005
  Kqqs     =    7.6350468023796180E-004       +-    1.3503229397462774E-006
  Kgg      =    6.3132567358080991E-004       +-    1.0547655767229017E-006
  Kgghhz   =    6.1922306699197335E-002       +-    1.7014972984761786E-004
  K_nnlo   =    1.1892845481630645            +-    2.4862910256833153E-004
  K_nnlo2  =    1.2512068548622619            +-    3.0127622078609400E-004
  sig_LO   = (  0.77812513680773565            +-    4.1147325663525573E-004 ) fb
  sig_NLO  = (  0.91954444309796468            +-    4.4847396552369980E-004 ) fb
  sig_NNLO = (  0.92541220174271077            +-    4.5468535797263393E-004 ) fb
  sig_HHZ  = (  0.97359550511447424            +-    4.7356936913651933E-004 ) fb

  pp ---> HHZ + X
  ===============

  PDFSET = PDF4LHC21_40                                NSET =  10
  Sqrt(S)  = 13.6 TeV
  LOOP     = 3
  alphaS(MZ) =   0.11800
          kl =   1.00000
          kv =   1.00000
         k2v =   1.00000
         kth =   1.00000
         kbh =   1.00000
        cHsq =   0.00000
       chdup =   0.00000
         cHw =   0.80000
          cH =   0.00000
         cHb =   0.00000
        cHwb =   0.00000
      cHq1st =   0.00000
      cHq3st =   0.00000
      cHq1rd =   0.00000
      cHq3rd =   0.00000
       cHdst =   0.00000
       cHust =   0.00000
       cHdrd =   0.00000
       cHurd =   0.00000
         cth =   0.00000
         cbh =   0.00000
 --------------

  mH       = 125.0000      GeV
  fact_scale 1.0
  ren_scale  1.0
  Kqq      =   0.25874939629685423            +-    1.9597764786023699E-004
  Kgq      =   -7.6837485623894655E-002       +-    1.2053936845438006E-004
  K_nlo    =    1.1819119106729596            +-    2.3008037249668179E-004
  Kqq2     =    2.1697114481323932E-002       +-    7.9093341664364142E-005
  Kgq2     =   -1.5518796287152869E-002       +-    5.5166699090888355E-005
  Kqqs     =    7.6200175471019353E-004       +-    1.3523630782207625E-006
  Kgg      =    6.2884922169762565E-004       +-    1.0535159778512808E-006
  Kgghhz   =    6.1712735893893485E-002       +-    1.6977467710600330E-004
  K_nnlo   =    1.1894810798435385            +-    2.4947752999868189E-004
  K_nnlo2  =    1.2511938157374320            +-    3.0176560267978011E-004
  sig_LO   = (  0.77420792496714419            +-    4.1236676343120015E-004 ) fb
  sig_NLO  = (  0.91504556785606472            +-    4.4919557154980515E-004 ) fb
  sig_NNLO = (  0.92090567861334383            +-    4.5535952491655837E-004 ) fb
  sig_HHZ  = (  0.96868416781380051            +-    4.7395042699601380E-004 ) fb

  pp ---> HHZ + X
  ===============

  PDFSET = PDF4LHC21_40                                NSET =  11
  Sqrt(S)  = 13.6 TeV
  LOOP     = 3
  alphaS(MZ) =   0.11800
          kl =   1.00000
          kv =   1.00000
         k2v =   1.00000
         kth =   1.00000
         kbh =   1.00000
        cHsq =   0.00000
       chdup =   0.00000
         cHw =   0.80000
          cH =   0.00000
         cHb =   0.00000
        cHwb =   0.00000
      cHq1st =   0.00000
      cHq3st =   0.00000
      cHq1rd =   0.00000
      cHq3rd =   0.00000
       cHdst =   0.00000
       cHust =   0.00000
       cHdrd =   0.00000
       cHurd =   0.00000
         cth =   0.00000
         cbh =   0.00000
 --------------

  mH       = 125.0000      GeV
  fact_scale 1.0
  ren_scale  1.0
  Kqq      =   0.25869960466676334            +-    1.9572896383501510E-004
  Kgq      =   -7.7007841649597911E-002       +-    1.2065779625090761E-004
  K_nlo    =    1.1816917630171655            +-    2.2993070930185509E-004
  Kqq2     =    2.1686849092867926E-002       +-    7.9030261755839843E-005
  Kgq2     =   -1.5553078420571754E-002       +-    5.5234161036459212E-005
  Kqqs     =    7.6151661275429105E-004       +-    1.3509862156829069E-006
  Kgg      =    6.3154141621182792E-004       +-    1.0553055286193556E-006
  Kgghhz   =    6.1944344751583995E-002       +-    1.7039803064790630E-004
  K_nnlo   =    1.1892185917184279            +-    2.4933444353351171E-004
  K_nnlo2  =    1.2511629364700119            +-    3.0199859864054132E-004
  sig_LO   = (  0.77577282174890716            +-    4.1262048228394947E-004 ) fb
  sig_NLO  = (  0.91672435343326730            +-    4.4952524350722598E-004 ) fb
  sig_NNLO = (  0.92256346257366628            +-    4.5570782544421344E-004 ) fb
  sig_HHZ  = (  0.97061820169298973            +-    4.7449326744554904E-004 ) fb

  pp ---> HHZ + X
  ===============

  PDFSET = PDF4LHC21_40                                NSET =  12
  Sqrt(S)  = 13.6 TeV
  LOOP     = 3
  alphaS(MZ) =   0.11800
          kl =   1.00000
          kv =   1.00000
         k2v =   1.00000
         kth =   1.00000
         kbh =   1.00000
        cHsq =   0.00000
       chdup =   0.00000
         cHw =   0.80000
          cH =   0.00000
         cHb =   0.00000
        cHwb =   0.00000
      cHq1st =   0.00000
      cHq3st =   0.00000
      cHq1rd =   0.00000
      cHq3rd =   0.00000
       cHdst =   0.00000
       cHust =   0.00000
       cHdrd =   0.00000
       cHurd =   0.00000
         cth =   0.00000
         cbh =   0.00000
 --------------

  mH       = 125.0000      GeV
  fact_scale 1.0
  ren_scale  1.0
  Kqq      =   0.25856556746475767            +-    1.9521098532890974E-004
  Kgq      =   -7.6898726031808001E-002       +-    1.2047031716992851E-004
  K_nlo    =    1.1816668414329499            +-    2.2939142554181702E-004
  Kqq2     =    2.1662778620931456E-002       +-    7.8779609378093273E-005
  Kgq2     =   -1.5527561784038111E-002       +-    5.5166767213595341E-005
  Kqqs     =    7.6128040128041322E-004       +-    1.3492738609778493E-006
  Kgg      =    6.3022325477685799E-004       +-    1.0528451532230792E-006
  Kgghhz   =    6.1825545104849076E-002       +-    1.6977064717535578E-004
  K_nnlo   =    1.1891935619259004            +-    2.4874274701695235E-004
  K_nnlo2  =    1.2510191070307495            +-    3.0115615025411434E-004
  sig_LO   = (  0.78063447437466094            +-    4.1403304744930876E-004 ) fb
  sig_NLO  = (  0.92244987364797659            +-    4.5109836561017569E-004 ) fb
  sig_NNLO = (  0.92832549114375607            +-    4.5730529762190913E-004 ) fb
  sig_HHZ  = (  0.97658864304960680            +-    4.7612185766143469E-004 ) fb

  pp ---> HHZ + X
  ===============

  PDFSET = PDF4LHC21_40                                NSET =  13
  Sqrt(S)  = 13.6 TeV
  LOOP     = 3
  alphaS(MZ) =   0.11800
          kl =   1.00000
          kv =   1.00000
         k2v =   1.00000
         kth =   1.00000
         kbh =   1.00000
        cHsq =   0.00000
       chdup =   0.00000
         cHw =   0.80000
          cH =   0.00000
         cHb =   0.00000
        cHwb =   0.00000
      cHq1st =   0.00000
      cHq3st =   0.00000
      cHq1rd =   0.00000
      cHq3rd =   0.00000
       cHdst =   0.00000
       cHust =   0.00000
       cHdrd =   0.00000
       cHurd =   0.00000
         cth =   0.00000
         cbh =   0.00000
 --------------

  mH       = 125.0000      GeV
  fact_scale 1.0
  ren_scale  1.0
  Kqq      =   0.25875173850734712            +-    1.9557606347510672E-004
  Kgq      =   -7.6883643297376181E-002       +-    1.2038296167676638E-004
  K_nlo    =    1.1818680952099707            +-    2.2965638259471208E-004
  Kqq2     =    2.1695733472991200E-002       +-    7.8993848323463323E-005
  Kgq2     =   -1.5528027359839075E-002       +-    5.5103826007954741E-005
  Kqqs     =    7.6057514098944439E-004       +-    1.3483937785427611E-006
  Kgg      =    6.2986289463477839E-004       +-    1.0517647464326554E-006
  Kgghhz   =    6.1764682728012069E-002       +-    1.7019832615188118E-004
  K_nnlo   =    1.1894262393587471            +-    2.4904103709031148E-004
  K_nnlo2  =    1.2511909220867592            +-    3.0164367783847224E-004
  sig_LO   = (  0.77438995197360538            +-    4.1141296069061403E-004 ) fb
  sig_NLO  = (  0.91522677748878589            +-    4.4820639055910815E-004 ) fb
  sig_NNLO = (  0.92107972837316643            +-    4.5437168453940619E-004 ) fb
  sig_HHZ  = (  0.96890967806457662            +-    4.7310129401222306E-004 ) fb

  pp ---> HHZ + X
  ===============

  PDFSET = PDF4LHC21_40                                NSET =  14
  Sqrt(S)  = 13.6 TeV
  LOOP     = 3
  alphaS(MZ) =   0.11800
          kl =   1.00000
          kv =   1.00000
         k2v =   1.00000
         kth =   1.00000
         kbh =   1.00000
        cHsq =   0.00000
       chdup =   0.00000
         cHw =   0.80000
          cH =   0.00000
         cHb =   0.00000
        cHwb =   0.00000
      cHq1st =   0.00000
      cHq3st =   0.00000
      cHq1rd =   0.00000
      cHq3rd =   0.00000
       cHdst =   0.00000
       cHust =   0.00000
       cHdrd =   0.00000
       cHurd =   0.00000
         cth =   0.00000
         cbh =   0.00000
 --------------

  mH       = 125.0000      GeV
  fact_scale 1.0
  ren_scale  1.0
  Kqq      =   0.25888021696146174            +-    1.9605524324679940E-004
  Kgq      =   -7.6990499850911803E-002       +-    1.2058362177967654E-004
  K_nlo    =    1.1818897171105498            +-    2.3016965101000124E-004
  Kqq2     =    2.1722116897345847E-002       +-    7.9201275073027632E-005
  Kgq2     =   -1.5552005984945487E-002       +-    5.5199923883587965E-005
  Kqqs     =    7.6224980605162996E-004       +-    1.3519087458160461E-006
  Kgg      =    6.2985987419080436E-004       +-    1.0513246586090987E-006
  Kgghhz   =    6.1755622837920708E-002       +-    1.7014512912169258E-004
  K_nnlo   =    1.1894519377031925            +-    2.4960143180039629E-004
  K_nnlo2  =    1.2512075605411133            +-    3.0207654612803909E-004
  sig_LO   = (  0.77537569023004937            +-    4.1308151128828578E-004 ) fb
  sig_NLO  = (  0.91640855518039044            +-    4.4998571629230804E-004 ) fb
  sig_NNLO = (  0.92227211719208280            +-    4.5617111449412990E-004 ) fb
  sig_HHZ  = (  0.97015592587562216            +-    4.7486488594786588E-004 ) fb

  pp ---> HHZ + X
  ===============

  PDFSET = PDF4LHC21_40                                NSET =  15
  Sqrt(S)  = 13.6 TeV
  LOOP     = 3
  alphaS(MZ) =   0.11800
          kl =   1.00000
          kv =   1.00000
         k2v =   1.00000
         kth =   1.00000
         kbh =   1.00000
        cHsq =   0.00000
       chdup =   0.00000
         cHw =   0.80000
          cH =   0.00000
         cHb =   0.00000
        cHwb =   0.00000
      cHq1st =   0.00000
      cHq3st =   0.00000
      cHq1rd =   0.00000
      cHq3rd =   0.00000
       cHdst =   0.00000
       cHust =   0.00000
       cHdrd =   0.00000
       cHurd =   0.00000
         cth =   0.00000
         cbh =   0.00000
 --------------

  mH       = 125.0000      GeV
  fact_scale 1.0
  ren_scale  1.0
  Kqq      =   0.25887153205237617            +-    1.9566939941915209E-004
  Kgq      =   -7.6850190129345852E-002       +-    1.2021223394022183E-004
  K_nlo    =    1.1820213419230303            +-    2.2964645666317235E-004
  Kqq2     =    2.1721912542253315E-002       +-    7.9043384099223275E-005
  Kgq2     =   -1.5528582425900953E-002       +-    5.5042781805099093E-005
  Kqqs     =    7.6137439618925338E-004       +-    1.3494347548892997E-006
  Kgg      =    6.2773262731752907E-004       +-    1.0469488460123930E-006
  Kgghhz   =    6.1540866218510862E-002       +-    1.6935152592436177E-004
  K_nnlo   =    1.1896037790628895            +-    2.4903408708989067E-004
  K_nnlo2  =    1.2511446452814003            +-    3.0116094678029725E-004
  sig_LO   = (  0.77430615065599673            +-    4.1131865562793831E-004 ) fb
  sig_NLO  = (  0.91524639525765727            +-    4.4810914118957926E-004 ) fb
  sig_NNLO = (  0.92111752297201266            +-    4.5427515365087975E-004 ) fb
  sig_HHZ  = (  0.96876899420170348            +-    4.7282234854135341E-004 ) fb

  pp ---> HHZ + X
  ===============

  PDFSET = PDF4LHC21_40                                NSET =  16
  Sqrt(S)  = 13.6 TeV
  LOOP     = 3
  alphaS(MZ) =   0.11800
          kl =   1.00000
          kv =   1.00000
         k2v =   1.00000
         kth =   1.00000
         kbh =   1.00000
        cHsq =   0.00000
       chdup =   0.00000
         cHw =   0.80000
          cH =   0.00000
         cHb =   0.00000
        cHwb =   0.00000
      cHq1st =   0.00000
      cHq3st =   0.00000
      cHq1rd =   0.00000
      cHq3rd =   0.00000
       cHdst =   0.00000
       cHust =   0.00000
       cHdrd =   0.00000
       cHurd =   0.00000
         cth =   0.00000
         cbh =   0.00000
 --------------

  mH       = 125.0000      GeV
  fact_scale 1.0
  ren_scale  1.0
  Kqq      =   0.25861727088904785            +-    1.9580113546740761E-004
  Kgq      =   -7.6920876967737487E-002       +-    1.2061788315761539E-004
  K_nlo    =    1.1816963939213103            +-    2.2997121208479608E-004
  Kqq2     =    2.1671509535280235E-002       +-    7.9040820655059738E-005
  Kgq2     =   -1.5533015961898376E-002       +-    5.5204176715566783E-005
  Kqqs     =    7.5858295785138430E-004       +-    1.3466684121483863E-006
  Kgg      =    6.3370521205920866E-004       +-    1.0602742374204062E-006
  Kgghhz   =    6.2174000237339780E-002       +-    1.7115033579241654E-004
  K_nnlo   =    1.1892271756646029            +-    2.4936849949761078E-004
  K_nnlo2  =    1.2514011759019428            +-    3.0245179117265421E-004
  sig_LO   = (  0.77526353920907165            +-    4.1265216905483139E-004 ) fb
  sig_NLO  = (  0.91612612862203235            +-    4.4952033218073324E-004 ) fb
  sig_NNLO = (  0.92196446912934826            +-    4.5569383693353703E-004 ) fb
  sig_HHZ  = (  0.97016570460013396            +-    4.7461838442705952E-004 ) fb

  pp ---> HHZ + X
  ===============

  PDFSET = PDF4LHC21_40                                NSET =  17
  Sqrt(S)  = 13.6 TeV
  LOOP     = 3
  alphaS(MZ) =   0.11800
          kl =   1.00000
          kv =   1.00000
         k2v =   1.00000
         kth =   1.00000
         kbh =   1.00000
        cHsq =   0.00000
       chdup =   0.00000
         cHw =   0.80000
          cH =   0.00000
         cHb =   0.00000
        cHwb =   0.00000
      cHq1st =   0.00000
      cHq3st =   0.00000
      cHq1rd =   0.00000
      cHq3rd =   0.00000
       cHdst =   0.00000
       cHust =   0.00000
       cHdrd =   0.00000
       cHurd =   0.00000
         cth =   0.00000
         cbh =   0.00000
 --------------

  mH       = 125.0000      GeV
  fact_scale 1.0
  ren_scale  1.0
  Kqq      =   0.25889473419040510            +-    1.9550491846049629E-004
  Kgq      =   -7.6747919957526861E-002       +-    1.2007550909385523E-004
  K_nlo    =    1.1821468142328782            +-    2.2943474241359744E-004
  Kqq2     =    2.1724097866431397E-002       +-    7.9012670195969544E-005
  Kgq2     =   -1.5500678006342927E-002       +-    5.4975384609809056E-005
  Kqqs     =    7.6100118217949141E-004       +-    1.3464130600314286E-006
  Kgg      =    6.2728210898333836E-004       +-    1.0472360524216217E-006
  Kgghhz   =    6.1509449892443016E-002       +-    1.6931938852749807E-004
  K_nnlo   =    1.1897585173841296            +-    2.4881419879573799E-004
  K_nnlo2  =    1.2512679672765727            +-    3.0096106202246641E-004
  sig_LO   = (  0.77956534732385496            +-    4.1366699510511786E-004 ) fb
  sig_NLO  = (  0.92156069182524236            +-    4.5067844273082594E-004 ) fb
  sig_NNLO = (  0.92749451183607379            +-    4.5688461533168709E-004 ) fb
  sig_HHZ  = (  0.97544514750517541            +-    4.7556952290834825E-004 ) fb

  pp ---> HHZ + X
  ===============

  PDFSET = PDF4LHC21_40                                NSET =  18
  Sqrt(S)  = 13.6 TeV
  LOOP     = 3
  alphaS(MZ) =   0.11800
          kl =   1.00000
          kv =   1.00000
         k2v =   1.00000
         kth =   1.00000
         kbh =   1.00000
        cHsq =   0.00000
       chdup =   0.00000
         cHw =   0.80000
          cH =   0.00000
         cHb =   0.00000
        cHwb =   0.00000
      cHq1st =   0.00000
      cHq3st =   0.00000
      cHq1rd =   0.00000
      cHq3rd =   0.00000
       cHdst =   0.00000
       cHust =   0.00000
       cHdrd =   0.00000
       cHurd =   0.00000
         cth =   0.00000
         cbh =   0.00000
 --------------

  mH       = 125.0000      GeV
  fact_scale 1.0
  ren_scale  1.0
  Kqq      =   0.25883425613106048            +-    1.9556445579540897E-004
  Kgq      =   -7.6774310002458393E-002       +-    1.2005219314561134E-004
  K_nlo    =    1.1820599461286021            +-    2.2947327829101505E-004
  Kqq2     =    2.1713223043864836E-002       +-    7.9029298370521559E-005
  Kgq2     =   -1.5509353959031967E-002       +-    5.4960968536881422E-005
  Kqqs     =    7.6178582973166430E-004       +-    1.3493220969265004E-006
  Kgg      =    6.2624088314342820E-004       +-    1.0443753594918167E-006
  Kgghhz   =    6.1389796443002895E-002       +-    1.6904147963354136E-004
  K_nnlo   =    1.1896518419263102            +-    2.4885183323232203E-004
  K_nnlo2  =    1.2510416383693130            +-    3.0083592993488062E-004
  sig_LO   = (  0.77848623997213762            +-    4.1334306995608784E-004 ) fb
  sig_NLO  = (  0.92021740288332299            +-    4.5029477286433786E-004 ) fb
  sig_NNLO = (  0.92612758929714090            +-    4.5648978746792179E-004 ) fb
  sig_HHZ  = (  0.97391870110270917            +-    4.7507952586321267E-004 ) fb

  pp ---> HHZ + X
  ===============

  PDFSET = PDF4LHC21_40                                NSET =  19
  Sqrt(S)  = 13.6 TeV
  LOOP     = 3
  alphaS(MZ) =   0.11800
          kl =   1.00000
          kv =   1.00000
         k2v =   1.00000
         kth =   1.00000
         kbh =   1.00000
        cHsq =   0.00000
       chdup =   0.00000
         cHw =   0.80000
          cH =   0.00000
         cHb =   0.00000
        cHwb =   0.00000
      cHq1st =   0.00000
      cHq3st =   0.00000
      cHq1rd =   0.00000
      cHq3rd =   0.00000
       cHdst =   0.00000
       cHust =   0.00000
       cHdrd =   0.00000
       cHurd =   0.00000
         cth =   0.00000
         cbh =   0.00000
 --------------

  mH       = 125.0000      GeV
  fact_scale 1.0
  ren_scale  1.0
  Kqq      =   0.25894961285174584            +-    1.9588693640508793E-004
  Kgq      =   -7.7334888908176094E-002       +-    1.2123259360904908E-004
  K_nlo    =    1.1816147239435697            +-    2.3036717128824543E-004
  Kqq2     =    2.1734640820585367E-002       +-    7.9097469860537446E-005
  Kgq2     =   -1.5617373723652961E-002       +-    5.5501091510148237E-005
  Kqqs     =    7.6349316704071271E-004       +-    1.3543062685604016E-006
  Kgg      =    6.3623653648139174E-004       +-    1.0642591212522114E-006
  Kgghhz   =    6.2416846578970009E-002       +-    1.7181857169508189E-004
  K_nnlo   =    1.1891317207440242            +-    2.4981749597946599E-004
  K_nnlo2  =    1.2515485673229942            +-    3.0320026859616815E-004
  sig_LO   = (  0.77124369808820825            +-    4.1008174257743386E-004 ) fb
  sig_NLO  = (  0.91131290940971610            +-    4.4691541768572865E-004 ) fb
  sig_NNLO = (  0.91711034582061590            +-    4.5308810378316694E-004 ) fb
  sig_HHZ  = (  0.96524894539918504            +-    4.7206862584127130E-004 ) fb

  pp ---> HHZ + X
  ===============

  PDFSET = PDF4LHC21_40                                NSET =  20
  Sqrt(S)  = 13.6 TeV
  LOOP     = 3
  alphaS(MZ) =   0.11800
          kl =   1.00000
          kv =   1.00000
         k2v =   1.00000
         kth =   1.00000
         kbh =   1.00000
        cHsq =   0.00000
       chdup =   0.00000
         cHw =   0.80000
          cH =   0.00000
         cHb =   0.00000
        cHwb =   0.00000
      cHq1st =   0.00000
      cHq3st =   0.00000
      cHq1rd =   0.00000
      cHq3rd =   0.00000
       cHdst =   0.00000
       cHust =   0.00000
       cHdrd =   0.00000
       cHurd =   0.00000
         cth =   0.00000
         cbh =   0.00000
 --------------

  mH       = 125.0000      GeV
  fact_scale 1.0
  ren_scale  1.0
  Kqq      =   0.25876214545299009            +-    1.9573645427386151E-004
  Kgq      =   -7.7040456759965181E-002       +-    1.2066704919795158E-004
  K_nlo    =    1.1817216886930249            +-    2.2994194113698429E-004
  Kqq2     =    2.1699336524247062E-002       +-    7.9061877050465315E-005
  Kgq2     =   -1.5558910188846194E-002       +-    5.5237950721565797E-005
  Kqqs     =    7.6220575615589372E-004       +-    1.3506732222011846E-006
  Kgg      =    6.3150443694799186E-004       +-    1.0549193835684764E-006
  Kgghhz   =    6.1937997540888634E-002       +-    1.7035184671713275E-004
  K_nnlo   =    1.1892558252215295            +-    2.4935565979051762E-004
  K_nnlo2  =    1.2511938227624182            +-    3.0199006067998640E-004
  sig_LO   = (  0.77753626252517072            +-    4.1339305483851287E-004 ) fb
  sig_NLO  = (  0.91883146517130798            +-    4.5039875372539603E-004 ) fb
  sig_NNLO = (  0.92468952952903605            +-    4.5660098746064785E-004 ) fb
  sig_HHZ  = (  0.97284856864527181            +-    4.7542477788237311E-004 ) fb

  pp ---> HHZ + X
  ===============

  PDFSET = PDF4LHC21_40                                NSET =  21
  Sqrt(S)  = 13.6 TeV
  LOOP     = 3
  alphaS(MZ) =   0.11800
          kl =   1.00000
          kv =   1.00000
         k2v =   1.00000
         kth =   1.00000
         kbh =   1.00000
        cHsq =   0.00000
       chdup =   0.00000
         cHw =   0.80000
          cH =   0.00000
         cHb =   0.00000
        cHwb =   0.00000
      cHq1st =   0.00000
      cHq3st =   0.00000
      cHq1rd =   0.00000
      cHq3rd =   0.00000
       cHdst =   0.00000
       cHust =   0.00000
       cHdrd =   0.00000
       cHurd =   0.00000
         cth =   0.00000
         cbh =   0.00000
 --------------

  mH       = 125.0000      GeV
  fact_scale 1.0
  ren_scale  1.0
  Kqq      =   0.25895242064464424            +-    1.9586284876413744E-004
  Kgq      =   -7.7509101943536302E-002       +-    1.2138859365372513E-004
  K_nlo    =    1.1814433187011080            +-    2.3042883108507185E-004
  Kqq2     =    2.1741269123894284E-002       +-    7.9121361334213720E-005
  Kgq2     =   -1.5653996555518371E-002       +-    5.5565157289701962E-005
  Kqqs     =    7.6650471439780761E-004       +-    1.3585641136010575E-006
  Kgg      =    6.3583933597313909E-004       +-    1.0623983522522358E-006
  Kgghhz   =    6.2359661783686467E-002       +-    1.7171040189721860E-004
  K_nnlo   =    1.1889329353198548            +-    2.4989617265166493E-004
  K_nnlo2  =    1.2512925971035413            +-    3.0320382455644427E-004
  sig_LO   = (  0.77036964452616430            +-    4.0968307757352013E-004 ) fb
  sig_NLO  = (  0.91014806945558435            +-    4.4648844667255022E-004 ) fb
  sig_NNLO = (  0.91591784274780552            +-    4.5266020158253584E-004 ) fb
  sig_HHZ  = (  0.96395783322887585            +-    4.7159239160744597E-004 ) fb

  pp ---> HHZ + X
  ===============

  PDFSET = PDF4LHC21_40                                NSET =  22
  Sqrt(S)  = 13.6 TeV
  LOOP     = 3
  alphaS(MZ) =   0.11800
          kl =   1.00000
          kv =   1.00000
         k2v =   1.00000
         kth =   1.00000
         kbh =   1.00000
        cHsq =   0.00000
       chdup =   0.00000
         cHw =   0.80000
          cH =   0.00000
         cHb =   0.00000
        cHwb =   0.00000
      cHq1st =   0.00000
      cHq3st =   0.00000
      cHq1rd =   0.00000
      cHq3rd =   0.00000
       cHdst =   0.00000
       cHust =   0.00000
       cHdrd =   0.00000
       cHurd =   0.00000
         cth =   0.00000
         cbh =   0.00000
 --------------

  mH       = 125.0000      GeV
  fact_scale 1.0
  ren_scale  1.0
  Kqq      =   0.25878379240935323            +-    1.9572689649042708E-004
  Kgq      =   -7.7202242380713076E-002       +-    1.2105217800980425E-004
  K_nlo    =    1.1815815500286402            +-    2.3013615059501558E-004
  Kqq2     =    2.1703173345739988E-002       +-    7.9022461069613861E-005
  Kgq2     =   -1.5588508023172886E-002       +-    5.5405419345266095E-005
  Kqqs     =    7.6177667779272627E-004       +-    1.3508815615381986E-006
  Kgg      =    6.3622707555580289E-004       +-    1.0666667370468344E-006
  Kgghhz   =    6.2440704696563563E-002       +-    1.7196860950160104E-004
  K_nnlo   =    1.1890942191045559            +-    2.4955945246761611E-004
  K_nnlo2  =    1.2515349238011195            +-    3.0307280143531599E-004
  sig_LO   = (  0.77314481184616435            +-    4.1105917023062292E-004 ) fb
  sig_NLO  = (  0.91353364517779223            +-    4.4791541361700275E-004 ) fb
  sig_NNLO = (  0.91934202629695350            +-    4.5408990785589969E-004 ) fb
  sig_HHZ  = (  0.96761773318111999            +-    4.7315442729382493E-004 ) fb

  pp ---> HHZ + X
  ===============

  PDFSET = PDF4LHC21_40                                NSET =  23
  Sqrt(S)  = 13.6 TeV
  LOOP     = 3
  alphaS(MZ) =   0.11800
          kl =   1.00000
          kv =   1.00000
         k2v =   1.00000
         kth =   1.00000
         kbh =   1.00000
        cHsq =   0.00000
       chdup =   0.00000
         cHw =   0.80000
          cH =   0.00000
         cHb =   0.00000
        cHwb =   0.00000
      cHq1st =   0.00000
      cHq3st =   0.00000
      cHq1rd =   0.00000
      cHq3rd =   0.00000
       cHdst =   0.00000
       cHust =   0.00000
       cHdrd =   0.00000
       cHurd =   0.00000
         cth =   0.00000
         cbh =   0.00000
 --------------

  mH       = 125.0000      GeV
  fact_scale 1.0
  ren_scale  1.0
  Kqq      =   0.25888077509027757            +-    1.9569218715350558E-004
  Kgq      =   -7.7164294919968193E-002       +-    1.2084978609239350E-004
  K_nlo    =    1.1817164801703093            +-    2.3000022372054318E-004
  Kqq2     =    2.1721635493336645E-002       +-    7.9025135775510392E-005
  Kgq2     =   -1.5583561505502583E-002       +-    5.5323653928283470E-005
  Kqqs     =    7.6357133309967544E-004       +-    1.3529272373452481E-006
  Kgg      =    6.3257672409603859E-004       +-    1.0568299121454780E-006
  Kgghhz   =    6.2044556064441043E-002       +-    1.7068593151504171E-004
  K_nnlo   =    1.1892507022153389            +-    2.4941677766619270E-004
  K_nnlo2  =    1.2512952582797801            +-    3.0222907900886124E-004
  sig_LO   = (  0.77471751792958543            +-    4.1143005499216491E-004 ) fb
  sig_NLO  = (  0.91549645841402827            +-    4.4835773275463342E-004 ) fb
  sig_NNLO = (  0.92133335221628410            +-    4.5454545981776984E-004 ) fb
  sig_HHZ  = (  0.96940035669157087            +-    4.7338910226880823E-004 ) fb

  pp ---> HHZ + X
  ===============

  PDFSET = PDF4LHC21_40                                NSET =  24
  Sqrt(S)  = 13.6 TeV
  LOOP     = 3
  alphaS(MZ) =   0.11800
          kl =   1.00000
          kv =   1.00000
         k2v =   1.00000
         kth =   1.00000
         kbh =   1.00000
        cHsq =   0.00000
       chdup =   0.00000
         cHw =   0.80000
          cH =   0.00000
         cHb =   0.00000
        cHwb =   0.00000
      cHq1st =   0.00000
      cHq3st =   0.00000
      cHq1rd =   0.00000
      cHq3rd =   0.00000
       cHdst =   0.00000
       cHust =   0.00000
       cHdrd =   0.00000
       cHurd =   0.00000
         cth =   0.00000
         cbh =   0.00000
 --------------

  mH       = 125.0000      GeV
  fact_scale 1.0
  ren_scale  1.0
  Kqq      =   0.25863551314597444            +-    1.9544592976598077E-004
  Kgq      =   -7.6967418640140298E-002       +-    1.2058689464496404E-004
  K_nlo    =    1.1816680945058342            +-    2.2965258679623956E-004
  Kqq2     =    2.1676150456861918E-002       +-    7.8917974749747731E-005
  Kgq2     =   -1.5542273844143997E-002       +-    5.5210232214848670E-005
  Kqqs     =    7.6158883125852783E-004       +-    1.3494074066416689E-006
  Kgg      =    6.3087539719985778E-004       +-    1.0541558708305986E-006
  Kgghhz   =    6.1880452020030952E-002       +-    1.7038581255330863E-004
  K_nnlo   =    1.1891944353470103            +-    2.4903706400247489E-004
  K_nnlo2  =    1.2510748873670412            +-    3.0174622510716520E-004
  sig_LO   = (  0.77744648154187723            +-    4.1293752912394219E-004 ) fb
  sig_NLO  = (  0.91868370242385522            +-    4.4988316416159289E-004 ) fb
  sig_NNLO = (  0.92453502962971268            +-    4.5607388934148612E-004 ) fb
  sig_HHZ  = (  0.97264376932890673            +-    4.7492167152166206E-004 ) fb

  pp ---> HHZ + X
  ===============

  PDFSET = PDF4LHC21_40                                NSET =  25
  Sqrt(S)  = 13.6 TeV
  LOOP     = 3
  alphaS(MZ) =   0.11800
          kl =   1.00000
          kv =   1.00000
         k2v =   1.00000
         kth =   1.00000
         kbh =   1.00000
        cHsq =   0.00000
       chdup =   0.00000
         cHw =   0.80000
          cH =   0.00000
         cHb =   0.00000
        cHwb =   0.00000
      cHq1st =   0.00000
      cHq3st =   0.00000
      cHq1rd =   0.00000
      cHq3rd =   0.00000
       cHdst =   0.00000
       cHust =   0.00000
       cHdrd =   0.00000
       cHurd =   0.00000
         cth =   0.00000
         cbh =   0.00000
 --------------

  mH       = 125.0000      GeV
  fact_scale 1.0
  ren_scale  1.0
  Kqq      =   0.25877849778683493            +-    1.9590833754184214E-004
  Kgq      =   -7.7245719990203979E-002       +-    1.2113231727238361E-004
  K_nlo    =    1.1815327777966309            +-    2.3033261819852124E-004
  Kqq2     =    2.1703604875820955E-002       +-    7.9045842168028104E-005
  Kgq2     =   -1.5599794083386926E-002       +-    5.5444806970858672E-005
  Kqqs     =    7.6279603742453639E-004       +-    1.3523690947814136E-006
  Kgg      =    6.3557719437764204E-004       +-    1.0628580363151607E-006
  Kgghhz   =    6.2352594657977885E-002       +-    1.7150233428980005E-004
  K_nnlo   =    1.1890349618208671            +-    2.4975677239996561E-004
  K_nnlo2  =    1.2513875564788450            +-    3.0297111417839582E-004
  sig_LO   = (  0.77411676487726899            +-    4.1203252610154362E-004 ) fb
  sig_NLO  = (  0.91464433154438107            +-    4.4895794978219169E-004 ) fb
  sig_NNLO = (  0.92045189797073679            +-    4.5513899852571812E-004 ) fb
  sig_HHZ  = (  0.96872008682907429            +-    4.7410703178704612E-004 ) fb

  pp ---> HHZ + X
  ===============

  PDFSET = PDF4LHC21_40                                NSET =  26
  Sqrt(S)  = 13.6 TeV
  LOOP     = 3
  alphaS(MZ) =   0.11800
          kl =   1.00000
          kv =   1.00000
         k2v =   1.00000
         kth =   1.00000
         kbh =   1.00000
        cHsq =   0.00000
       chdup =   0.00000
         cHw =   0.80000
          cH =   0.00000
         cHb =   0.00000
        cHwb =   0.00000
      cHq1st =   0.00000
      cHq3st =   0.00000
      cHq1rd =   0.00000
      cHq3rd =   0.00000
       cHdst =   0.00000
       cHust =   0.00000
       cHdrd =   0.00000
       cHurd =   0.00000
         cth =   0.00000
         cbh =   0.00000
 --------------

  mH       = 125.0000      GeV
  fact_scale 1.0
  ren_scale  1.0
  Kqq      =   0.25876176620068120            +-    1.9425223270203967E-004
  Kgq      =   -7.7049808498065364E-002       +-    1.2009939832060179E-004
  K_nlo    =    1.1817119577026158            +-    2.2838081221218637E-004
  Kqq2     =    2.1700943480444768E-002       +-    7.8630682311200999E-005
  Kgq2     =   -1.5558754893826649E-002       +-    5.4992726285424215E-005
  Kqqs     =    7.6346835397392309E-004       +-    1.3450244476999443E-006
  Kgg      =    6.3048946060885415E-004       +-    1.0526691370987050E-006
  Kgghhz   =    6.1835203361472538E-002       +-    1.7008077916109119E-004
  K_nnlo   =    1.1892481041038165            +-    2.4772504260733039E-004
  K_nnlo2  =    1.2510833074652892            +-    3.0049154426513823E-004
  sig_LO   = (  0.77686918564961072            +-    4.0877403236835728E-004 ) fb
  sig_NLO  = (  0.91803560625283842            +-    4.4561730347766670E-004 ) fb
  sig_NNLO = (  0.92389020617047568            +-    4.5181101536803604E-004 ) fb
  sig_HHZ  = (  0.97192807025038097            +-    4.7073524084396978E-004 ) fb

  pp ---> HHZ + X
  ===============

  PDFSET = PDF4LHC21_40                                NSET =  27
  Sqrt(S)  = 13.6 TeV
  LOOP     = 3
  alphaS(MZ) =   0.11800
          kl =   1.00000
          kv =   1.00000
         k2v =   1.00000
         kth =   1.00000
         kbh =   1.00000
        cHsq =   0.00000
       chdup =   0.00000
         cHw =   0.80000
          cH =   0.00000
         cHb =   0.00000
        cHwb =   0.00000
      cHq1st =   0.00000
      cHq3st =   0.00000
      cHq1rd =   0.00000
      cHq3rd =   0.00000
       cHdst =   0.00000
       cHust =   0.00000
       cHdrd =   0.00000
       cHurd =   0.00000
         cth =   0.00000
         cbh =   0.00000
 --------------

  mH       = 125.0000      GeV
  fact_scale 1.0
  ren_scale  1.0
  Kqq      =   0.25882484782255438            +-    1.9573827706884003E-004
  Kgq      =   -7.7103229092349068E-002       +-    1.2076052875991763E-004
  K_nlo    =    1.1817216187302053            +-    2.2999256165418238E-004
  Kqq2     =    2.1711884753939880E-002       +-    7.9011012101945808E-005
  Kgq2     =   -1.5573388280349151E-002       +-    5.5279475393143068E-005
  Kqqs     =    7.6236145942227716E-004       +-    1.3517405424083347E-006
  Kgg      =    6.3274640232161190E-004       +-    1.0572068220215341E-006
  Kgghhz   =    6.2058197096750395E-002       +-    1.7087345413931908E-004
  K_nnlo   =    1.1892552230655402            +-    2.4939543648215849E-004
  K_nnlo2  =    1.2513134201622906            +-    3.0231741773776173E-004
  sig_LO   = (  0.77436464802631921            +-    4.1164874795880202E-004 ) fb
  sig_NLO  = (  0.91508344535310759            +-    4.4852383230399725E-004 ) fb
  sig_NNLO = (  0.92091720222260853            +-    4.5469900863344539E-004 ) fb
  sig_HHZ  = (  0.96897287617458161            +-    4.7356027854964997E-004 ) fb

  pp ---> HHZ + X
  ===============

  PDFSET = PDF4LHC21_40                                NSET =  28
  Sqrt(S)  = 13.6 TeV
  LOOP     = 3
  alphaS(MZ) =   0.11800
          kl =   1.00000
          kv =   1.00000
         k2v =   1.00000
         kth =   1.00000
         kbh =   1.00000
        cHsq =   0.00000
       chdup =   0.00000
         cHw =   0.80000
          cH =   0.00000
         cHb =   0.00000
        cHwb =   0.00000
      cHq1st =   0.00000
      cHq3st =   0.00000
      cHq1rd =   0.00000
      cHq3rd =   0.00000
       cHdst =   0.00000
       cHust =   0.00000
       cHdrd =   0.00000
       cHurd =   0.00000
         cth =   0.00000
         cbh =   0.00000
 --------------

  mH       = 125.0000      GeV
  fact_scale 1.0
  ren_scale  1.0
  Kqq      =   0.25883803250313175            +-    1.9586100533248738E-004
  Kgq      =   -7.6999018036428557E-002       +-    1.2057693279998693E-004
  K_nlo    =    1.1818390144667030            +-    2.3000071767997858E-004
  Kqq2     =    2.1714880321112039E-002       +-    7.9103301941833493E-005
  Kgq2     =   -1.5552451094679995E-002       +-    5.5191658785860696E-005
  Kqqs     =    7.6380575275734051E-004       +-    1.3534355823194957E-006
  Kgg      =    6.2869891165695979E-004       +-    1.0493146651918534E-006
  Kgghhz   =    6.1644704803628027E-002       +-    1.6966674775999361E-004
  K_nnlo   =    1.1893939483575493            +-    2.4941273937007115E-004
  K_nnlo2  =    1.2510386531611772            +-    3.0165132165388625E-004
  sig_LO   = (  0.77653608778846162            +-    4.1306856754220057E-004 ) fb
  sig_NLO  = (  0.91774064468974481            +-    4.5002775403715637E-004 ) fb
  sig_NNLO = (  0.92360732349684305            +-    4.5622012934050691E-004 ) fb
  sig_HHZ  = (  0.97147666139792699            +-    4.7486365286631235E-004 ) fb

  pp ---> HHZ + X
  ===============

  PDFSET = PDF4LHC21_40                                NSET =  29
  Sqrt(S)  = 13.6 TeV
  LOOP     = 3
  alphaS(MZ) =   0.11800
          kl =   1.00000
          kv =   1.00000
         k2v =   1.00000
         kth =   1.00000
         kbh =   1.00000
        cHsq =   0.00000
       chdup =   0.00000
         cHw =   0.80000
          cH =   0.00000
         cHb =   0.00000
        cHwb =   0.00000
      cHq1st =   0.00000
      cHq3st =   0.00000
      cHq1rd =   0.00000
      cHq3rd =   0.00000
       cHdst =   0.00000
       cHust =   0.00000
       cHdrd =   0.00000
       cHurd =   0.00000
         cth =   0.00000
         cbh =   0.00000
 --------------

  mH       = 125.0000      GeV
  fact_scale 1.0
  ren_scale  1.0
  Kqq      =   0.25889059348866672            +-    1.9586121953520390E-004
  Kgq      =   -7.7038131280361674E-002       +-    1.2059839679316537E-004
  K_nlo    =    1.1818524622083051            +-    2.3001215321564881E-004
  Kqq2     =    2.1724728335552206E-002       +-    7.9086594834871349E-005
  Kgq2     =   -1.5561644029100761E-002       +-    5.5216036159946519E-005
  Kqqs     =    7.6432001311952660E-004       +-    1.3538233740448099E-006
  Kgg      =    6.2953752050566331E-004       +-    1.0510303233886824E-006
  Kgghhz   =    6.1737434143674830E-002       +-    1.6976596829225161E-004
  K_nnlo   =    1.1894094040483818            +-    2.4942339156775069E-004
  K_nnlo2  =    1.2511468381920565            +-    3.0171594629943788E-004
  sig_LO   = (  0.77699172777927972            +-    4.1320922503606405E-004 ) fb
  sig_NLO  = (  0.91828958659142679            +-    4.5020198009238535E-004 ) fb
  sig_NNLO = (  0.92416126788847541            +-    4.5639924357046373E-004 ) fb
  sig_HHZ  = (  0.97213074351242879            +-    4.7507858405149302E-004 ) fb

  pp ---> HHZ + X
  ===============

  PDFSET = PDF4LHC21_40                                NSET =  30
  Sqrt(S)  = 13.6 TeV
  LOOP     = 3
  alphaS(MZ) =   0.11800
          kl =   1.00000
          kv =   1.00000
         k2v =   1.00000
         kth =   1.00000
         kbh =   1.00000
        cHsq =   0.00000
       chdup =   0.00000
         cHw =   0.80000
          cH =   0.00000
         cHb =   0.00000
        cHwb =   0.00000
      cHq1st =   0.00000
      cHq3st =   0.00000
      cHq1rd =   0.00000
      cHq3rd =   0.00000
       cHdst =   0.00000
       cHust =   0.00000
       cHdrd =   0.00000
       cHurd =   0.00000
         cth =   0.00000
         cbh =   0.00000
 --------------

  mH       = 125.0000      GeV
  fact_scale 1.0
  ren_scale  1.0
  Kqq      =   0.25885680167458458            +-    1.9577397593924462E-004
  Kgq      =   -7.7103211924749365E-002       +-    1.2063874299152824E-004
  K_nlo    =    1.1817535897498352            +-    2.2995903105909089E-004
  Kqq2     =    2.1717349859465603E-002       +-    7.9083166285151733E-005
  Kgq2     =   -1.5574667110961751E-002       +-    5.5233067889697327E-005
  Kqqs     =    7.6199523372170650E-004       +-    1.3501918062018159E-006
  Kgg      =    6.3167329145323028E-004       +-    1.0525837407058397E-006
  Kgghhz   =    6.1910255508033869E-002       +-    1.7046162914064134E-004
  K_nnlo   =    1.1892899410235140            +-    2.4937707571922793E-004
  K_nnlo2  =    1.2512001965315480            +-    3.0206968219858655E-004
  sig_LO   = (  0.77553839438768191            +-    4.1235755094341868E-004 ) fb
  sig_NLO  = (  0.91649528155646653            +-    4.4927123141010798E-004 ) fb
  sig_NNLO = (  0.92234001132279686            +-    4.5545898698276218E-004 ) fb
  sig_HHZ  = (  0.97035379147562861            +-    4.7425689949152363E-004 ) fb

  pp ---> HHZ + X
  ===============

  PDFSET = PDF4LHC21_40                                NSET =  31
  Sqrt(S)  = 13.6 TeV
  LOOP     = 3
  alphaS(MZ) =   0.11800
          kl =   1.00000
          kv =   1.00000
         k2v =   1.00000
         kth =   1.00000
         kbh =   1.00000
        cHsq =   0.00000
       chdup =   0.00000
         cHw =   0.80000
          cH =   0.00000
         cHb =   0.00000
        cHwb =   0.00000
      cHq1st =   0.00000
      cHq3st =   0.00000
      cHq1rd =   0.00000
      cHq3rd =   0.00000
       cHdst =   0.00000
       cHust =   0.00000
       cHdrd =   0.00000
       cHurd =   0.00000
         cth =   0.00000
         cbh =   0.00000
 --------------

  mH       = 125.0000      GeV
  fact_scale 1.0
  ren_scale  1.0
  Kqq      =   0.25881718823425498            +-    1.9659306392211877E-004
  Kgq      =   -7.6998438699802579E-002       +-    1.2078742108118996E-004
  K_nlo    =    1.1818187495344523            +-    2.3073455283882161E-004
  Kqq2     =    2.1710065105985159E-002       +-    7.9279183111881802E-005
  Kgq2     =   -1.5554006030271352E-002       +-    5.5277230176964307E-005
  Kqqs     =    7.6156964835671817E-004       +-    1.3528738368051560E-006
  Kgg      =    6.3103727408848323E-004       +-    1.0534837342408168E-006
  Kgghhz   =    6.1872884775278046E-002       +-    1.7064613566701413E-004
  K_nnlo   =    1.1893674155326113            +-    2.5016421610664455E-004
  K_nnlo2  =    1.2512403003078894            +-    3.0282377488951711E-004
  sig_LO   = (  0.77318029743621652            +-    4.1343390958155168E-004 ) fb
  sig_NLO  = (  0.91375897228074543            +-    4.5028207509182673E-004 ) fb
  sig_NNLO = (  0.91959545210244864            +-    4.5644242168848322E-004 ) fb
  sig_HHZ  = (  0.96743434755623492            +-    4.7512935984970247E-004 ) fb

  pp ---> HHZ + X
  ===============

  PDFSET = PDF4LHC21_40                                NSET =  32
  Sqrt(S)  = 13.6 TeV
  LOOP     = 3
  alphaS(MZ) =   0.11800
          kl =   1.00000
          kv =   1.00000
         k2v =   1.00000
         kth =   1.00000
         kbh =   1.00000
        cHsq =   0.00000
       chdup =   0.00000
         cHw =   0.80000
          cH =   0.00000
         cHb =   0.00000
        cHwb =   0.00000
      cHq1st =   0.00000
      cHq3st =   0.00000
      cHq1rd =   0.00000
      cHq3rd =   0.00000
       cHdst =   0.00000
       cHust =   0.00000
       cHdrd =   0.00000
       cHurd =   0.00000
         cth =   0.00000
         cbh =   0.00000
 --------------

  mH       = 125.0000      GeV
  fact_scale 1.0
  ren_scale  1.0
  Kqq      =   0.25878298800274918            +-    1.9585045501796920E-004
  Kgq      =   -7.7074918196838038E-002       +-    1.2080407333402108E-004
  K_nlo    =    1.1817080698059113            +-    2.3011089688416999E-004
  Kqq2     =    2.1703750830982974E-002       +-    7.9070397518888968E-005
  Kgq2     =   -1.5564406477701008E-002       +-    5.5294120121112692E-005
  Kqqs     =    7.6297190377930203E-004       +-    1.3531037592559568E-006
  Kgg      =    6.3121143339905830E-004       +-    1.0545827085200331E-006
  Kgghhz   =    6.1908797606138662E-002       +-    1.7043183742842280E-004
  K_nnlo   =    1.1892415974963717            +-    2.4952662259380802E-004
  K_nnlo2  =    1.2511503951025105            +-    3.0217635015384811E-004
  sig_LO   = (  0.77632072575796340            +-    4.1315146987000733E-004 ) fb
  sig_NLO  = (  0.91738446638576698            +-    4.5011813570587780E-004 ) fb
  sig_NNLO = (  0.92323290006994285            +-    4.5630991972310991E-004 ) fb
  sig_HHZ  = (  0.97129398275834333            +-    4.7510484892608086E-004 ) fb

  pp ---> HHZ + X
  ===============

  PDFSET = PDF4LHC21_40                                NSET =  33
  Sqrt(S)  = 13.6 TeV
  LOOP     = 3
  alphaS(MZ) =   0.11800
          kl =   1.00000
          kv =   1.00000
         k2v =   1.00000
         kth =   1.00000
         kbh =   1.00000
        cHsq =   0.00000
       chdup =   0.00000
         cHw =   0.80000
          cH =   0.00000
         cHb =   0.00000
        cHwb =   0.00000
      cHq1st =   0.00000
      cHq3st =   0.00000
      cHq1rd =   0.00000
      cHq3rd =   0.00000
       cHdst =   0.00000
       cHust =   0.00000
       cHdrd =   0.00000
       cHurd =   0.00000
         cth =   0.00000
         cbh =   0.00000
 --------------

  mH       = 125.0000      GeV
  fact_scale 1.0
  ren_scale  1.0
  Kqq      =   0.25878224534811239            +-    1.9570496355469379E-004
  Kgq      =   -7.7019965124520653E-002       +-    1.2062628161899557E-004
  K_nlo    =    1.1817622802235916            +-    2.2989374192693732E-004
  Kqq2     =    2.1703676437478267E-002       +-    7.9048961104857842E-005
  Kgq2     =   -1.5555560021049129E-002       +-    5.5216038647896801E-005
  Kqqs     =    7.6210266907474197E-004       +-    1.3506636696113383E-006
  Kgg      =    6.3119859117716465E-004       +-    1.0547919609899341E-006
  Kgghhz   =    6.1904883508477886E-002       +-    1.7051240718608118E-004
  K_nnlo   =    1.1893036979002727            +-    2.4930226359044956E-004
  K_nnlo2  =    1.2512085814087506            +-    3.0203658658466186E-004
  sig_LO   = (  0.77504065617832041            +-    4.1200554295278019E-004 ) fb
  sig_NLO  = (  0.91591381311128062            +-    4.4888262334289092E-004 ) fb
  sig_NNLO = (  0.92175871841593027            +-    4.5506296276480733E-004 ) fb
  sig_HHZ  = (  0.96973751995098345            +-    4.7386389656777601E-004 ) fb

  pp ---> HHZ + X
  ===============

  PDFSET = PDF4LHC21_40                                NSET =  34
  Sqrt(S)  = 13.6 TeV
  LOOP     = 3
  alphaS(MZ) =   0.11800
          kl =   1.00000
          kv =   1.00000
         k2v =   1.00000
         kth =   1.00000
         kbh =   1.00000
        cHsq =   0.00000
       chdup =   0.00000
         cHw =   0.80000
          cH =   0.00000
         cHb =   0.00000
        cHwb =   0.00000
      cHq1st =   0.00000
      cHq3st =   0.00000
      cHq1rd =   0.00000
      cHq3rd =   0.00000
       cHdst =   0.00000
       cHust =   0.00000
       cHdrd =   0.00000
       cHurd =   0.00000
         cth =   0.00000
         cbh =   0.00000
 --------------

  mH       = 125.0000      GeV
  fact_scale 1.0
  ren_scale  1.0
  Kqq      =   0.25864343075219287            +-    1.9449104120257730E-004
  Kgq      =   -7.7059789622108632E-002       +-    1.2047237648119895E-004
  K_nlo    =    1.1815836411300842            +-    2.2878015342920452E-004
  Kqq2     =    2.1677821685071909E-002       +-    7.8537324899826061E-005
  Kgq2     =   -1.5559714387734635E-002       +-    5.5170716828584381E-005
  Kqqs     =    7.6222750221299285E-004       +-    1.3472770320503533E-006
  Kgg      =    6.3282162830034881E-004       +-    1.0579081350486883E-006
  Kgghhz   =    6.2093628771749163E-002       +-    1.7045665801727233E-004
  K_nnlo   =    1.1890967975579347            +-    2.4810322917268599E-004
  K_nnlo2  =    1.2511904263296838            +-    3.0101608692615028E-004
  sig_LO   = (  0.77828454121317969            +-    4.1033972690644396E-004 ) fb
  sig_NLO  = (  0.91960828204192602            +-    4.4730599238455490E-004 ) fb
  sig_NNLO = (  0.92545565554543863            +-    4.5350229870505521E-004 ) fb
  sig_HHZ  = (  0.97378216692632091            +-    4.7250821575283282E-004 ) fb

  pp ---> HHZ + X
  ===============

  PDFSET = PDF4LHC21_40                                NSET =  35
  Sqrt(S)  = 13.6 TeV
  LOOP     = 3
  alphaS(MZ) =   0.11800
          kl =   1.00000
          kv =   1.00000
         k2v =   1.00000
         kth =   1.00000
         kbh =   1.00000
        cHsq =   0.00000
       chdup =   0.00000
         cHw =   0.80000
          cH =   0.00000
         cHb =   0.00000
        cHwb =   0.00000
      cHq1st =   0.00000
      cHq3st =   0.00000
      cHq1rd =   0.00000
      cHq3rd =   0.00000
       cHdst =   0.00000
       cHust =   0.00000
       cHdrd =   0.00000
       cHurd =   0.00000
         cth =   0.00000
         cbh =   0.00000
 --------------

  mH       = 125.0000      GeV
  fact_scale 1.0
  ren_scale  1.0
  Kqq      =   0.25875944817079677            +-    1.9588416272607817E-004
  Kgq      =   -7.7021696477170665E-002       +-    1.2067093143166970E-004
  K_nlo    =    1.1817377516936263            +-    2.3006972616901035E-004
  Kqq2     =    2.1699468979760841E-002       +-    7.9085151308261716E-005
  Kgq2     =   -1.5555341361951767E-002       +-    5.5235820823609558E-005
  Kqqs     =    7.6156964803000219E-004       +-    1.3504376351007443E-006
  Kgg      =    6.3205245224830545E-004       +-    1.0557396633552286E-006
  Kgghhz   =    6.1993909179117422E-002       +-    1.7056038147398670E-004
  K_nnlo   =    1.1892755014117138            +-    2.4948040850342342E-004
  K_nnlo2  =    1.2512694105908313            +-    3.0221071780396359E-004
  sig_LO   = (  0.77557003050551510            +-    4.1276930685705849E-004 ) fb
  sig_NLO  = (  0.91652038413054437            +-    4.4968613028006124E-004 ) fb
  sig_NNLO = (  0.92236643690934439            +-    4.5586916779038052E-004 ) fb
  sig_HHZ  = (  0.97044705494254857            +-    4.7467367606065424E-004 ) fb

  pp ---> HHZ + X
  ===============

  PDFSET = PDF4LHC21_40                                NSET =  36
  Sqrt(S)  = 13.6 TeV
  LOOP     = 3
  alphaS(MZ) =   0.11800
          kl =   1.00000
          kv =   1.00000
         k2v =   1.00000
         kth =   1.00000
         kbh =   1.00000
        cHsq =   0.00000
       chdup =   0.00000
         cHw =   0.80000
          cH =   0.00000
         cHb =   0.00000
        cHwb =   0.00000
      cHq1st =   0.00000
      cHq3st =   0.00000
      cHq1rd =   0.00000
      cHq3rd =   0.00000
       cHdst =   0.00000
       cHust =   0.00000
       cHdrd =   0.00000
       cHurd =   0.00000
         cth =   0.00000
         cbh =   0.00000
 --------------

  mH       = 125.0000      GeV
  fact_scale 1.0
  ren_scale  1.0
  Kqq      =   0.25877458426472688            +-    1.9582253812786308E-004
  Kgq      =   -7.7203180333612287E-002       +-    1.2099060242230241E-004
  K_nlo    =    1.1815714039311147            +-    2.3018512617749661E-004
  Kqq2     =    2.1700821163780342E-002       +-    7.9047072933568653E-005
  Kgq2     =   -1.5590034227811305E-002       +-    5.5361443331066411E-005
  Kqqs     =    7.6135501245402448E-004       +-    1.3497701819672461E-006
  Kgg      =    6.3563105274243466E-004       +-    1.0630335837657322E-006
  Kgghhz   =    6.2347381621290263E-002       +-    1.7201061600530609E-004
  K_nnlo   =    1.1890791769322804            +-    2.4960263095640271E-004
  K_nnlo2  =    1.2514265585535707            +-    3.0313219129429828E-004
  sig_LO   = (  0.77451030325763359            +-    4.1206685339230501E-004 ) fb
  sig_NLO  = (  0.91513922637923550            +-    4.4898008659175105E-004 ) fb
  sig_NNLO = (  0.92095407392315753            +-    4.5516111473797996E-004 ) fb
  sig_HHZ  = (  0.96924276336998250            +-    4.7425760198893999E-004 ) fb

  pp ---> HHZ + X
  ===============

  PDFSET = PDF4LHC21_40                                NSET =  37
  Sqrt(S)  = 13.6 TeV
  LOOP     = 3
  alphaS(MZ) =   0.11800
          kl =   1.00000
          kv =   1.00000
         k2v =   1.00000
         kth =   1.00000
         kbh =   1.00000
        cHsq =   0.00000
       chdup =   0.00000
         cHw =   0.80000
          cH =   0.00000
         cHb =   0.00000
        cHwb =   0.00000
      cHq1st =   0.00000
      cHq3st =   0.00000
      cHq1rd =   0.00000
      cHq3rd =   0.00000
       cHdst =   0.00000
       cHust =   0.00000
       cHdrd =   0.00000
       cHurd =   0.00000
         cth =   0.00000
         cbh =   0.00000
 --------------

  mH       = 125.0000      GeV
  fact_scale 1.0
  ren_scale  1.0
  Kqq      =   0.25861272686385883            +-    1.9556380073165633E-004
  Kgq      =   -7.6856305826208532E-002       +-    1.2037183376211397E-004
  K_nlo    =    1.1817564210376501            +-    2.2964010651422583E-004
  Kqq2     =    2.1670911348289610E-002       +-    7.8940746790968528E-005
  Kgq2     =   -1.5521790599266541E-002       +-    5.5103833192906376E-005
  Kqqs     =    7.6040029838963098E-004       +-    1.3476481492466099E-006
  Kgg      =    6.3001635092388908E-004       +-    1.0523438477926064E-006
  Kgghhz   =    6.1789880909667590E-002       +-    1.7007865679872456E-004
  K_nnlo   =    1.1892959584359866            +-    2.4900918866467683E-004
  K_nnlo2  =    1.2510858393456541            +-    3.0154987238912727E-004
  sig_LO   = (  0.77749942289139296            +-    4.1307984458602450E-004 ) fb
  sig_NLO  = (  0.91881493535497116            +-    4.5001476974138331E-004 ) fb
  sig_NNLO = (  0.92467692133104584            +-    4.5619914577943053E-004 ) fb
  sig_HHZ  = (  0.97271851807884024            +-    4.7497793160831882E-004 ) fb

  pp ---> HHZ + X
  ===============

  PDFSET = PDF4LHC21_40                                NSET =  38
  Sqrt(S)  = 13.6 TeV
  LOOP     = 3
  alphaS(MZ) =   0.11800
          kl =   1.00000
          kv =   1.00000
         k2v =   1.00000
         kth =   1.00000
         kbh =   1.00000
        cHsq =   0.00000
       chdup =   0.00000
         cHw =   0.80000
          cH =   0.00000
         cHb =   0.00000
        cHwb =   0.00000
      cHq1st =   0.00000
      cHq3st =   0.00000
      cHq1rd =   0.00000
      cHq3rd =   0.00000
       cHdst =   0.00000
       cHust =   0.00000
       cHdrd =   0.00000
       cHurd =   0.00000
         cth =   0.00000
         cbh =   0.00000
 --------------

  mH       = 125.0000      GeV
  fact_scale 1.0
  ren_scale  1.0
  Kqq      =   0.25864591938415693            +-    1.9567253065533153E-004
  Kgq      =   -7.6885156994210710E-002       +-    1.2041653884448839E-004
  K_nlo    =    1.1817607623899462            +-    2.2975613611032862E-004
  Kqq2     =    2.1677559265375564E-002       +-    7.9010315297208119E-005
  Kgq2     =   -1.5526856624239884E-002       +-    5.5118280606461383E-005
  Kqqs     =    7.6108405129761414E-004       +-    1.3488048334239423E-006
  Kgg      =    6.2955631020309875E-004       +-    1.0513811979133110E-006
  Kgghhz   =    6.1741038171337255E-002       +-    1.6995128371814552E-004
  K_nnlo   =    1.1893021053925825            +-    2.4914144885511663E-004
  K_nnlo2  =    1.2510431435639198            +-    3.0158730141548119E-004
  sig_LO   = (  0.77798079259129715            +-    4.1361047657756492E-004 ) fb
  sig_NLO  = (  0.91938717457742603            +-    4.5058152327214439E-004 ) fb
  sig_NNLO = (  0.92525419458381997            +-    4.5677416057618339E-004 ) fb
  sig_HHZ  = (  0.97328753639576648            +-    4.7552545036258433E-004 ) fb

  pp ---> HHZ + X
  ===============

  PDFSET = PDF4LHC21_40                                NSET =  39
  Sqrt(S)  = 13.6 TeV
  LOOP     = 3
  alphaS(MZ) =   0.11800
          kl =   1.00000
          kv =   1.00000
         k2v =   1.00000
         kth =   1.00000
         kbh =   1.00000
        cHsq =   0.00000
       chdup =   0.00000
         cHw =   0.80000
          cH =   0.00000
         cHb =   0.00000
        cHwb =   0.00000
      cHq1st =   0.00000
      cHq3st =   0.00000
      cHq1rd =   0.00000
      cHq3rd =   0.00000
       cHdst =   0.00000
       cHust =   0.00000
       cHdrd =   0.00000
       cHurd =   0.00000
         cth =   0.00000
         cbh =   0.00000
 --------------

  mH       = 125.0000      GeV
  fact_scale 1.0
  ren_scale  1.0
  Kqq      =   0.25867019075796877            +-    1.9577036607637552E-004
  Kgq      =   -7.7099025544255642E-002       +-    1.2088314411328928E-004
  K_nlo    =    1.1815711652137131            +-    2.3008426883294812E-004
  Kqq2     =    2.1678766682343708E-002       +-    7.9052732704045834E-005
  Kgq2     =   -1.5564380062574814E-002       +-    5.5328226873493024E-005
  Kqqs     =    7.6035074216837268E-004       +-    1.3492799259641203E-006
  Kgg      =    6.3395808105582406E-004       +-    1.0597921848030897E-006
  Kgghhz   =    6.2196184635290856E-002       +-    1.7101383440801225E-004
  K_nnlo   =    1.1890798606567061            +-    2.4950403146467982E-004
  K_nnlo2  =    1.2512760452919969            +-    3.0248635221454039E-004
  sig_LO   = (  0.77508174826036036            +-    4.1237342009229646E-004 ) fb
  sig_NLO  = (  0.91581424442787585            +-    4.4928264489517400E-004 ) fb
  sig_NNLO = (  0.92163409721898537            +-    4.5546678328977947E-004 ) fb
  sig_HHZ  = (  0.96984122474123080            +-    4.7436211285711399E-004 ) fb

  pp ---> HHZ + X
  ===============

  PDFSET = PDF4LHC21_40                                NSET =  40
  Sqrt(S)  = 13.6 TeV
  LOOP     = 3
  alphaS(MZ) =   0.11800
          kl =   1.00000
          kv =   1.00000
         k2v =   1.00000
         kth =   1.00000
         kbh =   1.00000
        cHsq =   0.00000
       chdup =   0.00000
         cHw =   0.80000
          cH =   0.00000
         cHb =   0.00000
        cHwb =   0.00000
      cHq1st =   0.00000
      cHq3st =   0.00000
      cHq1rd =   0.00000
      cHq3rd =   0.00000
       cHdst =   0.00000
       cHust =   0.00000
       cHdrd =   0.00000
       cHurd =   0.00000
         cth =   0.00000
         cbh =   0.00000
 --------------

  mH       = 125.0000      GeV
  fact_scale 1.0
  ren_scale  1.0
  Kqq      =   0.25877331824420619            +-    1.9578249392382822E-004
  Kgq      =   -7.7020890001756243E-002       +-    1.2062135648936652E-004
  K_nlo    =    1.1817524282424501            +-    2.2995716246372643E-004
  Kqq2     =    2.1701720445971760E-002       +-    7.9014431556405614E-005
  Kgq2     =   -1.5556998903115021E-002       +-    5.5218821597822557E-005
  Kqqs     =    7.6213816632091742E-004       +-    1.3501372530267285E-006
  Kgg      =    6.3154846830167598E-004       +-    1.0547439142788546E-006
  Kgghhz   =    6.1938936931647239E-002       +-    1.7052182633931607E-004
  K_nnlo   =    1.1892908364199295            +-    2.4935041723752834E-004
  K_nnlo2  =    1.2512297733515767            +-    3.0208165093998231E-004
  sig_LO   = (  0.77545857802137907            +-    4.1242967759746649E-004 ) fb
  sig_NLO  = (  0.91640005757820209            +-    4.4932957315279074E-004 ) fb
  sig_NNLO = (  0.92224578086405495            +-    4.5550706288561757E-004 ) fb
  sig_HHZ  = (  0.97027686082122599            +-    4.7431228981842469E-004 ) fb

  pp ---> HHZ + X
  ===============

  PDFSET = PDF4LHC21_40                                NSET =  41
  Sqrt(S)  = 13.6 TeV
  LOOP     = 3
  alphaS(MZ) =   0.11700
          kl =   1.00000
          kv =   1.00000
         k2v =   1.00000
         kth =   1.00000
         kbh =   1.00000
        cHsq =   0.00000
       chdup =   0.00000
         cHw =   0.80000
          cH =   0.00000
         cHb =   0.00000
        cHwb =   0.00000
      cHq1st =   0.00000
      cHq3st =   0.00000
      cHq1rd =   0.00000
      cHq3rd =   0.00000
       cHdst =   0.00000
       cHust =   0.00000
       cHdrd =   0.00000
       cHurd =   0.00000
         cth =   0.00000
         cbh =   0.00000
 --------------

  mH       = 125.0000      GeV
  fact_scale 1.0
  ren_scale  1.0
  Kqq      =   0.25678234791564819            +-    1.9427175790143935E-004
  Kgq      =   -7.5481471212704432E-002       +-    1.1831077394810643E-004
  K_nlo    =    1.1813008767029438            +-    2.2746198616541491E-004
  Kqq2     =    2.1359521868425976E-002       +-    7.7918492285919110E-005
  Kgq2     =   -1.5152403942997758E-002       +-    5.3797029966953703E-005
  Kqqs     =    7.4918274770176263E-004       +-    1.3286248183937656E-006
  Kgg      =    6.0857928632361785E-004       +-    1.0157048014172245E-006
  Kgghhz   =    5.9588750906745827E-002       +-    1.6415985654071819E-004
  K_nnlo   =    1.1888657566623972            +-    2.4638823820110251E-004
  K_nnlo2  =    1.2484545075691431            +-    2.9606692220393756E-004
  sig_LO   = (  0.77880620900425745            +-    4.1411652367470426E-004 ) fb
  sig_NLO  = (  0.92000445747842541            +-    4.5041558038200837E-004 ) fb
  sig_NNLO = (  0.92589603296121969            +-    4.5641402742385760E-004 ) fb
  sig_HHZ  = (  0.97230412215420148            +-    4.7398212887755751E-004 ) fb

  pp ---> HHZ + X
  ===============

  PDFSET = PDF4LHC21_40                                NSET =  42
  Sqrt(S)  = 13.6 TeV
  LOOP     = 3
  alphaS(MZ) =   0.11900
          kl =   1.00000
          kv =   1.00000
         k2v =   1.00000
         kth =   1.00000
         kbh =   1.00000
        cHsq =   0.00000
       chdup =   0.00000
         cHw =   0.80000
          cH =   0.00000
         cHb =   0.00000
        cHwb =   0.00000
      cHq1st =   0.00000
      cHq3st =   0.00000
      cHq1rd =   0.00000
      cHq3rd =   0.00000
       cHdst =   0.00000
       cHust =   0.00000
       cHdrd =   0.00000
       cHurd =   0.00000
         cth =   0.00000
         cbh =   0.00000
 --------------

  mH       = 125.0000      GeV
  fact_scale 1.0
  ren_scale  1.0
  Kqq      =   0.26053248136144541            +-    1.9706626225620501E-004
  Kgq      =   -7.6178214330669389E-002       +-    1.1949246018090559E-004
  K_nlo    =    1.1843542670307761            +-    2.3046379273047789E-004
  Kqq2     =    2.2006528336692161E-002       +-    8.0118076004288401E-005
  Kgq2     =   -1.5498349705858845E-002       +-    5.5057773657460380E-005
  Kqqs     =    7.7312432740545705E-004       +-    1.3696737498867071E-006
  Kgg      =    6.2078597398126337E-004       +-    1.0402276490309136E-006
  Kgghhz   =    6.0833451659240298E-002       +-    1.6697889449888452E-004
  K_nnlo   =    1.1922563559629960            +-    2.5013352910436594E-004
  K_nnlo2  =    1.2530898076222363            +-    3.0074695940320712E-004
  sig_LO   = (  0.77918973935869196            +-    4.1427981332455303E-004 ) fb
  sig_NLO  = (  0.92283669263606494            +-    4.5152514045860805E-004 ) fb
  sig_NNLO = (  0.92899391925155062            +-    4.5783659790382496E-004 ) fb
  sig_HHZ  = (  0.97639472059420362            +-    4.7596481469736924E-004 ) fb

