  pp ---> HHZ + X
  ===============

  PDFSET = PDF4LHC21_40                                NSET =   0
  Sqrt(S)  = 13.6 TeV
  LOOP     = 3
  alphaS(MZ) =   0.11800
          kl =   1.00000
          kv =   1.00000
         k2v =   1.00000
         kth =   1.00000
         kbh =   1.00000
        cHsq =   0.00000
       chdup =   0.00000
         cHw =   0.00000
          cH =   0.00000
         cHb =   0.00000
        cHwb =   0.00000
      cHq1st =   0.00000
      cHq3st =   0.00000
      cHq1rd =   0.00000
      cHq3rd =   0.00000
       cHdst =   0.00000
       cHust =   0.00000
       cHdrd =   0.00000
       cHurd =   0.00000
         cth =  -6.00000
         cbh =   0.00000
 --------------

  mH       = 125.0000      GeV
  fact_scale 0.5
  ren_scale  0.5
  Kqq      =   0.20680544702919373            +-    2.0277545435565047E-004
  Kgq      =   -2.7145956552519283E-002       +-    1.5161429695342474E-004
  K_nlo    =    1.1796594904766744            +-    2.5318921764131612E-004
  Kqq2     =    2.4966781447665478E-002       +-    1.9288493268042835E-004
  Kgq2     =   -2.0121664725305168E-002       +-    1.4457718635543456E-004
  Kqqs     =    1.5264994482392827E-003       +-    4.1793756697701180E-006
  Kgg      =    5.1478768767996327E-004       +-    2.7934268670546840E-006
  Kgghhz   =   0.30808119959993507            +-    1.4622758889303760E-003
  K_nnlo   =    1.1865458943349541            +-    3.4962438475320888E-004
  K_nnlo2  =    1.4946270939348891            +-    1.5034919307269931E-003
  sig_LO   = (  0.29397564615399252            +-    1.7419898235276218E-004 ) fb
  sig_NLO  = (  0.34679116095456997            +-    1.8943423202891606E-004 ) fb
  sig_NNLO = (  0.34881559597848505            +-    2.0226030406439823E-004 ) fb
  sig_HHZ  = (  0.43938396569877314            +-    4.7507942073282916E-004 ) fb

  mH       = 125.0000      GeV
  fact_scale 1.0
  ren_scale  0.5
  Kqq      =   0.28082991464324475            +-    2.6438741025747604E-004
  Kgq      =   -8.6886178501778752E-002       +-    1.5211580082338580E-004
  K_nlo    =    1.1939437361414660            +-    3.0502445731907290E-004
  Kqq2     =    4.4976101218468123E-002       +-    2.8532973840337162E-004
  Kgq2     =   -4.1908309484438890E-002       +-    1.9119436204354515E-004
  Kqqs     =    2.4087007646504425E-003       +-    4.2702861909956674E-006
  Kgg      =    2.0000605783137356E-003       +-    3.3429749630225522E-006
  Kgghhz   =   0.29282741096479065            +-    1.3781804687307178E-003
  K_nnlo   =    1.2014202892184596            +-    4.5938836955578883E-004
  K_nnlo2  =    1.4942477001832501            +-    1.4527281502311252E-003
  sig_LO   = (  0.29069791030186104            +-    1.7197895021189131E-004 ) fb
  sig_NLO  = (  0.34707694911432069            +-    1.9349192052803654E-004 ) fb
  sig_NNLO = (  0.34925036747006361            +-    2.1773965190361513E-004 ) fb
  sig_HHZ  = (  0.43437468391663253            +-    4.5598059610180511E-004 ) fb

  mH       = 125.0000      GeV
  fact_scale 0.5
  ren_scale  1.0
  Kqq      =   0.19005347616671178            +-    1.8649209509165245E-004
  Kgq      =   -2.4950778418452804E-002       +-    1.3927348919955427E-004
  K_nlo    =    1.1651026977482590            +-    2.3275825726597177E-004
  Kqq2     =    3.5723361120327014E-002       +-    1.4140977441817363E-004
  Kgq2     =   -1.8913562671241547E-002       +-    1.2273551222608298E-004
  Kqqs     =    1.2866608232577289E-003       +-    3.5229383081850744E-006
  Kgg      =    4.3395767067599635E-004       +-    2.3527535459665803E-006
  Kgghhz   =   0.25937804353447280            +-    1.2348831645612528E-003
  K_nnlo   =    1.1836331146912782            +-    2.9875589221212254E-004
  K_nnlo2  =    1.4430111582257510            +-    1.2705083680355181E-003
  sig_LO   = (  0.29397564615399252            +-    1.7419898235276218E-004 ) fb
  sig_NLO  = (  0.34251181840630429            +-    1.8715582152995644E-004 ) fb
  sig_NNLO = (  0.34795930970063127            +-    1.9508680050929028E-004 ) fb
  sig_HHZ  = (  0.42421013764683629            +-    4.1212428796128122E-004 ) fb

  mH       = 125.0000      GeV
  fact_scale 1.0
  ren_scale  1.0
  Kqq      =   0.25807636529082462            +-    2.4305281284493934E-004
  Kgq      =   -7.9804635435630739E-002       +-    1.3970730595409117E-004
  K_nlo    =    1.1782717298551939            +-    2.8034407639325492E-004
  Kqq2     =    5.7874021277180214E-002       +-    2.1080265827610179E-004
  Kgq2     =   -4.1501640342313115E-002       +-    1.4735363291224044E-004
  Kqqs     =    2.0327257502738630E-003       +-    3.6035202370953606E-006
  Kgg      =    1.6851528892042839E-003       +-    2.8150397261775022E-006
  Kgghhz   =   0.24653345106575034            +-    1.1634310934825400E-003
  K_nnlo   =    1.1983619894295392            +-    3.8047938819895689E-004
  K_nnlo2  =    1.4448954404952896            +-    1.2240655514008355E-003
  sig_LO   = (  0.29069791030186104            +-    1.7197895021189131E-004 ) fb
  sig_NLO  = (  0.34252112963666381            +-    1.9031097077154164E-004 ) fb
  sig_NNLO = (  0.34836132611234794            +-    2.0447525201403073E-004 ) fb
  sig_HHZ  = (  0.42002808515666767            +-    3.9521398657596290E-004 ) fb

  mH       = 125.0000      GeV
  fact_scale 1.5
  ren_scale  1.0
  Kqq      =   0.29902173251660252            +-    2.8771064568293013E-004
  Kgq      =  -0.11056301527469029            +-    1.3531392715971312E-004
  K_nlo    =    1.1884587172419121            +-    3.1794225029503815E-004
  Kqq2     =    7.0752655228478623E-002       +-    2.6788889770560916E-004
  Kgq2     =   -5.7103839256083769E-002       +-    1.6851151847296125E-004
  Kqqs     =    3.5264878451832277E-003       +-    4.3725529994854479E-006
  Kgg      =    2.8086042633471381E-003       +-    3.2815969014615052E-006
  Kgghhz   =   0.23959023148960781            +-    1.1257043479691324E-003
  K_nnlo   =    1.2084426253228371            +-    4.4863989567649822E-004
  K_nnlo2  =    1.4480328568124450            +-    1.2118118810398042E-003
  sig_LO   = (  0.28847440334212204            +-    1.7058100302138918E-004 ) fb
  sig_NLO  = (  0.34283991935310437            +-    1.9367526165592726E-004 ) fb
  sig_NNLO = (  0.34860476531319307            +-    2.1412077550772698E-004 ) fb
  sig_HHZ  = (  0.41772041438875857            +-    3.8897526182118258E-004 ) fb

  mH       = 125.0000      GeV
  fact_scale 2.0
  ren_scale  1.0
  Kqq      =   0.32833519464222766            +-    3.3006604046570474E-004
  Kgq      =  -0.13173851136436476            +-    1.5184372039038296E-004
  K_nlo    =    1.1965966832778629            +-    3.6331818904467342E-004
  Kqq2     =    7.9876000854303783E-002       +-    3.1619884920862823E-004
  Kgq2     =   -6.9205721233280157E-002       +-    1.9135738170507536E-004
  Kqqs     =    5.0337281306689439E-003       +-    5.4187718199357707E-006
  Kgg      =    3.7556830425445487E-003       +-    3.7778536595478321E-006
  Kgghhz   =   0.23491189252411529            +-    1.1005356039842976E-003
  K_nnlo   =    1.2160563740721000            +-    5.1830792153978629E-004
  K_nnlo2  =    1.4509682665962154            +-    1.2164792300602488E-003
  sig_LO   = (  0.28679430706885523            +-    1.6955360013752075E-004 ) fb
  sig_NLO  = (  0.34317711662156514            +-    1.9901145876912731E-004 ) fb
  sig_NNLO = (  0.34875804515867259            +-    2.2548742810019352E-004 ) fb
  sig_HHZ  = (  0.41612943859735962            +-    3.8789844256225992E-004 ) fb

  mH       = 125.0000      GeV
  fact_scale 1.0
  ren_scale  1.5
  Kqq      =   0.24642854188310681            +-    2.3212915616590825E-004
  Kgq      =   -7.6182542738526565E-002       +-    1.3335904323553700E-004
  K_nlo    =    1.1702459991445802            +-    2.6770987944974023E-004
  Kqq2     =    6.3391413757394294E-002       +-    1.8846973314306183E-004
  Kgq2     =   -4.1125172654441045E-002       +-    1.3059103879893818E-004
  Kqqs     =    1.8527105660467911E-003       +-    3.2842833503451337E-006
  Kgg      =    1.5346474924839782E-003       +-    2.5628908892401571E-006
  Kgghhz   =   0.22442414993854246            +-    1.0606122496891249E-003
  K_nnlo   =    1.1958995983060643            +-    3.5250644562537107E-004
  K_nnlo2  =    1.4203237482446067            +-    1.1176578807479771E-003
  sig_LO   = (  0.29069791030186104            +-    1.7197895021189131E-004 ) fb
  sig_NLO  = (  0.34018806649044298            +-    1.8876740275799493E-004 ) fb
  sig_NNLO = (  0.34764551415840794            +-    2.0019353613165306E-004 ) fb
  sig_HHZ  = (  0.41288514556681377            +-    3.6761024998273106E-004 ) fb

  mH       = 125.0000      GeV
  fact_scale 1.5
  ren_scale  1.5
  Kqq      =   0.28552630469562817            +-    2.7478520066923269E-004
  Kgq      =  -0.10553992527216810            +-    1.2920036100153479E-004
  K_nlo    =    1.1799863794234602            +-    3.0364393586857185E-004
  Kqq2     =    7.6808901986577763E-002       +-    2.3299601403860967E-004
  Kgq2     =   -5.6655075559597853E-002       +-    1.5373064936022966E-004
  Kqqs     =    3.2141346308461180E-003       +-    3.9848574391117516E-006
  Kgg      =    2.5575225531150512E-003       +-    2.9894493225193215E-006
  Kgghhz   =   0.21810355246487187            +-    1.0262582647450550E-003
  K_nnlo   =    1.2059118630344015            +-    4.1248601284942649E-004
  K_nnlo2  =    1.4240154154992732            +-    1.1060518689256615E-003
  sig_LO   = (  0.28847440334212204            +-    1.7058100302138918E-004 ) fb
  sig_NLO  = (  0.34039586675601347            +-    1.9175635686871330E-004 ) fb
  sig_NNLO = (  0.34787470517203561            +-    2.0798291491129964E-004 ) fb
  sig_HHZ  = (  0.41079199733613675            +-    3.6180387747122069E-004 ) fb

  mH       = 125.0000      GeV
  fact_scale 2.0
  ren_scale  1.5
  Kqq      =   0.31351480224379891            +-    3.1520744065230877E-004
  Kgq      =  -0.12574996594915103            +-    1.4497639406774537E-004
  K_nlo    =    1.1877648362946480            +-    3.4694939901874013E-004
  Kqq2     =    8.6341200357245976E-002       +-    2.7213017048548287E-004
  Kgq2     =   -6.8595418401372094E-002       +-    1.7857878958726207E-004
  Kqqs     =    4.5876035082284888E-003       +-    4.9381361954590202E-006
  Kgg      =    3.4197759264995580E-003       +-    3.4407062904542618E-006
  Kgghhz   =   0.21384226803939355            +-    1.0032373821131921E-003
  K_nnlo   =    1.2135179976852497            +-    4.7576813986146302E-004
  K_nnlo2  =    1.4273602657246434            +-    1.1103335389767203E-003
  sig_LO   = (  0.28679430706885523            +-    1.6955360013752075E-004 ) fb
  sig_NLO  = (  0.34064419318587580            +-    1.9659423367105489E-004 ) fb
  sig_NNLO = (  0.34803005326172587            +-    2.1763816123824929E-004 ) fb
  sig_HHZ  = (  0.40935879834611616            +-    3.6076413555823398E-004 ) fb

  mH       = 125.0000      GeV
  fact_scale 1.0
  ren_scale  2.0
  Kqq      =   0.23879340006972408            +-    2.2496674147667216E-004
  Kgq      =   -7.3809338387215637E-002       +-    1.2919991064014519E-004
  K_nlo    =    1.1649840616825085            +-    2.5942754610883817E-004
  Kqq2     =    6.6609905288829901E-002       +-    1.8392165461844295E-004
  Kgq2     =   -4.0822956136278905E-002       +-    1.2231064270604519E-004
  Kqqs     =    1.7392784598771363E-003       +-    3.0831232589516865E-006
  Kgg      =    1.4399058583977789E-003       +-    2.4042234384876372E-006
  Kgghhz   =   0.21051153486591045            +-    9.9584539999430718E-004
  K_nnlo   =    1.1939501951533342            +-    3.4074184652927071E-004
  K_nnlo2  =    1.4044617300192446            +-    1.0525269909441746E-003
  sig_LO   = (  0.29069791030186104            +-    1.7197895021189131E-004 ) fb
  sig_NLO  = (  0.33865843226607961            +-    1.8778761516154846E-004 ) fb
  sig_NNLO = (  0.34707882673557355            +-    1.9846471923526388E-004 ) fb
  sig_HHZ  = (  0.40827409001553105            +-    3.5098832918327119E-004 ) fb

  mH       = 125.0000      GeV
  fact_scale 1.5
  ren_scale  2.0
  Kqq      =   0.27668007745743900            +-    2.6631359945222615E-004
  Kgq      =  -0.10224900348017740            +-    1.2519373226124608E-004
  K_nlo    =    1.1744310739772614            +-    2.9427266922142349E-004
  Kqq2     =    8.0352030410452691E-002       +-    2.2398352222008497E-004
  Kgq2     =   -5.6271859945702357E-002       +-    1.4748012015972038E-004
  Kqqs     =    3.0173167624259513E-003       +-    3.7405852987179943E-006
  Kgg      =    2.3994872299714217E-003       +-    2.8054864303997900E-006
  Kgghhz   =   0.20458444290164993            +-    9.6355360418618494E-004
  K_nnlo   =    1.2039280484344093            +-    3.9816739024137865E-004
  K_nnlo2  =    1.4085124913360592            +-    1.0425798860479794E-003
  sig_LO   = (  0.28847440334212204            +-    1.7058100302138918E-004 ) fb
  sig_NLO  = (  0.33879330333203811            +-    1.9053664533919730E-004 ) fb
  sig_NNLO = (  0.34730242543896162            +-    2.0564763786837167E-004 ) fb
  sig_HHZ  = (  0.40631980053809552            +-    3.4576439797073268E-004 ) fb

  mH       = 125.0000      GeV
  fact_scale 2.0
  ren_scale  2.0
  Kqq      =   0.30380026300118257            +-    3.0546702713723329E-004
  Kgq      =  -0.12182665532342110            +-    1.4047591560432214E-004
  K_nlo    =    1.1819736076777614            +-    3.3621955257380834E-004
  Kqq2     =    9.0108503201496298E-002       +-    2.5679519693711531E-004
  Kgq2     =   -6.8085733019250319E-002       +-    1.7283848776605482E-004
  Kqqs     =    4.3065139439039798E-003       +-    4.6353536773188394E-006
  Kgg      =    3.2083628375179146E-003       +-    3.2284728442372741E-006
  Kgghhz   =   0.20058257255341644            +-    9.4187465400793167E-004
  K_nnlo   =    1.2115112546414293            +-    4.5704749544963068E-004
  K_nnlo2  =    1.4120938271948458            +-    1.0469098705043053E-003
  sig_LO   = (  0.28679430706885523            +-    1.6955360013752075E-004 ) fb
  sig_NLO  = (  0.33898330178761854            +-    1.9505478349104833E-004 ) fb
  sig_NNLO = (  0.34745453078100813            +-    2.1431292046089685E-004 ) fb
  sig_HHZ  = (  0.40498047068655357            +-    3.4481467376666012E-004 ) fb

  pp ---> HHZ + X
  ===============

  PDFSET = PDF4LHC21_40                                NSET =   1
  Sqrt(S)  = 13.6 TeV
  LOOP     = 3
  alphaS(MZ) =   0.11800
          kl =   1.00000
          kv =   1.00000
         k2v =   1.00000
         kth =   1.00000
         kbh =   1.00000
        cHsq =   0.00000
       chdup =   0.00000
         cHw =   0.00000
          cH =   0.00000
         cHb =   0.00000
        cHwb =   0.00000
      cHq1st =   0.00000
      cHq3st =   0.00000
      cHq1rd =   0.00000
      cHq3rd =   0.00000
       cHdst =   0.00000
       cHust =   0.00000
       cHdrd =   0.00000
       cHurd =   0.00000
         cth =  -6.00000
         cbh =   0.00000
 --------------

  mH       = 125.0000      GeV
  fact_scale 1.0
  ren_scale  1.0
  Kqq      =   0.25826963437739570            +-    2.4231713309888549E-004
  Kgq      =   -7.9885531881527777E-002       +-    1.3948443268260491E-004
  K_nlo    =    1.1783841024958681            +-    2.7959524308194362E-004
  Kqq2     =    5.7952704593924168E-002       +-    2.1042352506428437E-004
  Kgq2     =   -4.1550824623941822E-002       +-    1.4714999649904797E-004
  Kqqs     =    2.0349677278360071E-003       +-    3.5966777429100155E-006
  Kgg      =    1.6858011637306167E-003       +-    2.8164972953186424E-006
  Kgghhz   =   0.24659933056983524            +-    1.1636639648284184E-003
  K_nnlo   =    1.1985067513574170            +-    3.7963870992300213E-004
  K_nnlo2  =    1.4451060819272523            +-    1.2240258874354724E-003
  sig_LO   = (  0.29062389637994879            +-    1.7109965220272105E-004 ) fb
  sig_NLO  = (  0.34246657929953805            +-    1.8941436221603974E-004 ) fb
  sig_NNLO = (  0.34831470191716690            +-    2.0358845522900119E-004 ) fb
  sig_HHZ  = (  0.41998236021205942            +-    3.9474011475606861E-004 ) fb

  pp ---> HHZ + X
  ===============

  PDFSET = PDF4LHC21_40                                NSET =   2
  Sqrt(S)  = 13.6 TeV
  LOOP     = 3
  alphaS(MZ) =   0.11800
          kl =   1.00000
          kv =   1.00000
         k2v =   1.00000
         kth =   1.00000
         kbh =   1.00000
        cHsq =   0.00000
       chdup =   0.00000
         cHw =   0.00000
          cH =   0.00000
         cHb =   0.00000
        cHwb =   0.00000
      cHq1st =   0.00000
      cHq3st =   0.00000
      cHq1rd =   0.00000
      cHq3rd =   0.00000
       cHdst =   0.00000
       cHust =   0.00000
       cHdrd =   0.00000
       cHurd =   0.00000
         cth =  -6.00000
         cbh =   0.00000
 --------------

  mH       = 125.0000      GeV
  fact_scale 1.0
  ren_scale  1.0
  Kqq      =   0.25817743273990296            +-    2.4293823519047763E-004
  Kgq      =   -8.0303574095815691E-002       +-    1.4020560360791925E-004
  K_nlo    =    1.1778738586440871            +-    2.8049348905192931E-004
  Kqq2     =    5.7926262153555605E-002       +-    2.1080071222019558E-004
  Kgq2     =   -4.1771584641070954E-002       +-    1.4786032606973188E-004
  Kqqs     =    2.0551431536041786E-003       +-    3.6322287036343334E-006
  Kgg      =    1.6809006480357511E-003       +-    2.7971635823202855E-006
  Kgghhz   =   0.24594748677190523            +-    1.1584969963451036E-003
  K_nnlo   =    1.1977645799582120            +-    3.8078501927987627E-004
  K_nnlo2  =    1.4437120667301171            +-    1.2194722307000692E-003
  sig_LO   = (  0.29017910041420508            +-    1.7137545485415277E-004 ) fb
  sig_NLO  = (  0.34179437670274981            +-    1.8972196414238332E-004 ) fb
  sig_NNLO = (  0.34756624832027216            +-    2.0390900017920960E-004 ) fb
  sig_HHZ  = (  0.41893506878087822            +-    3.9317964839765941E-004 ) fb

  pp ---> HHZ + X
  ===============

  PDFSET = PDF4LHC21_40                                NSET =   3
  Sqrt(S)  = 13.6 TeV
  LOOP     = 3
  alphaS(MZ) =   0.11800
          kl =   1.00000
          kv =   1.00000
         k2v =   1.00000
         kth =   1.00000
         kbh =   1.00000
        cHsq =   0.00000
       chdup =   0.00000
         cHw =   0.00000
          cH =   0.00000
         cHb =   0.00000
        cHwb =   0.00000
      cHq1st =   0.00000
      cHq3st =   0.00000
      cHq1rd =   0.00000
      cHq3rd =   0.00000
       cHdst =   0.00000
       cHust =   0.00000
       cHdrd =   0.00000
       cHurd =   0.00000
         cth =  -6.00000
         cbh =   0.00000
 --------------

  mH       = 125.0000      GeV
  fact_scale 1.0
  ren_scale  1.0
  Kqq      =   0.25809206606319002            +-    2.4256382885664689E-004
  Kgq      =   -7.9790267369316575E-002       +-    1.3949951199573966E-004
  K_nlo    =    1.1783017986938735            +-    2.7981659156784501E-004
  Kqq2     =    5.7881177269173009E-002       +-    2.1018465444402909E-004
  Kgq2     =   -4.1496230750996344E-002       +-    1.4710405679931173E-004
  Kqqs     =    2.0331950461575880E-003       +-    3.5998415100712781E-006
  Kgg      =    1.6821128661187897E-003       +-    2.8081047094520216E-006
  Kgghhz   =   0.24612390755096447            +-    1.1615150114623670E-003
  K_nnlo   =    1.1984020531243267            +-    3.7965163204992824E-004
  K_nnlo2  =    1.4445259606752912            +-    1.2219871045025788E-003
  sig_LO   = (  0.29040663196178401            +-    1.7125402372771957E-004 ) fb
  sig_NLO  = (  0.34218665679319982            +-    1.8955533431653994E-004 ) fb
  sig_NNLO = (  0.34802390398392263            +-    2.0367558081957473E-004 ) fb
  sig_HHZ  = (  0.41949991902107175            +-    3.9403413538450507E-004 ) fb

  pp ---> HHZ + X
  ===============

  PDFSET = PDF4LHC21_40                                NSET =   4
  Sqrt(S)  = 13.6 TeV
  LOOP     = 3
  alphaS(MZ) =   0.11800
          kl =   1.00000
          kv =   1.00000
         k2v =   1.00000
         kth =   1.00000
         kbh =   1.00000
        cHsq =   0.00000
       chdup =   0.00000
         cHw =   0.00000
          cH =   0.00000
         cHb =   0.00000
        cHwb =   0.00000
      cHq1st =   0.00000
      cHq3st =   0.00000
      cHq1rd =   0.00000
      cHq3rd =   0.00000
       cHdst =   0.00000
       cHust =   0.00000
       cHdrd =   0.00000
       cHurd =   0.00000
         cth =  -6.00000
         cbh =   0.00000
 --------------

  mH       = 125.0000      GeV
  fact_scale 1.0
  ren_scale  1.0
  Kqq      =   0.25857869867706840            +-    2.4311276659486224E-004
  Kgq      =   -8.0606170130496549E-002       +-    1.4128532664068526E-004
  K_nlo    =    1.1779725285465719            +-    2.8118563406648837E-004
  Kqq2     =    5.8073479157606543E-002       +-    2.1082392100722761E-004
  Kgq2     =   -4.1915577557505121E-002       +-    1.4903049612992474E-004
  Kqqs     =    2.0479559866691415E-003       +-    3.6322971046428955E-006
  Kgg      =    1.7115270258348217E-003       +-    2.8664998597730459E-006
  Kgghhz   =   0.25036600856677754            +-    1.1829118176879586E-003
  K_nnlo   =    1.1978899131591771            +-    3.8176378253400203E-004
  K_nnlo2  =    1.4482559217259547            +-    1.2429899251725650E-003
  sig_LO   = (  0.28700821978118485            +-    1.6968422848824595E-004 ) fb
  sig_NLO  = (  0.33808779836929254            +-    1.8789796473019885E-004 ) fb
  sig_NNLO = (  0.34380425146965360            +-    2.0198558972121689E-004 ) fb
  sig_HHZ  = (  0.41566135388212533            +-    3.9504696586262293E-004 ) fb

  pp ---> HHZ + X
  ===============

  PDFSET = PDF4LHC21_40                                NSET =   5
  Sqrt(S)  = 13.6 TeV
  LOOP     = 3
  alphaS(MZ) =   0.11800
          kl =   1.00000
          kv =   1.00000
         k2v =   1.00000
         kth =   1.00000
         kbh =   1.00000
        cHsq =   0.00000
       chdup =   0.00000
         cHw =   0.00000
          cH =   0.00000
         cHb =   0.00000
        cHwb =   0.00000
      cHq1st =   0.00000
      cHq3st =   0.00000
      cHq1rd =   0.00000
      cHq3rd =   0.00000
       cHdst =   0.00000
       cHust =   0.00000
       cHdrd =   0.00000
       cHurd =   0.00000
         cth =  -6.00000
         cbh =   0.00000
 --------------

  mH       = 125.0000      GeV
  fact_scale 1.0
  ren_scale  1.0
  Kqq      =   0.25816926017983993            +-    2.4334832873434666E-004
  Kgq      =   -7.9687177335773671E-002       +-    1.3937837948323138E-004
  K_nlo    =    1.1784820828440663            +-    2.8043669832097815E-004
  Kqq2     =    5.7911307929555123E-002       +-    2.1118248468861213E-004
  Kgq2     =   -4.1441697191255275E-002       +-    1.4694201552568756E-004
  Kqqs     =    2.0310468694924875E-003       +-    3.5998825785310509E-006
  Kgg      =    1.6768568821328754E-003       +-    2.8021090019111353E-006
  Kgghhz   =   0.24537607248573687            +-    1.1592836314355832E-003
  K_nnlo   =    1.1986595973339915            +-    3.8059893654688052E-004
  K_nnlo2  =    1.4440356698197283            +-    1.2201615010379117E-003
  sig_LO   = (  0.29027310779129012            +-    1.7190164414072670E-004 ) fb
  sig_NLO  = (  0.34208165666349977            +-    1.9020163362042141E-004 ) fb
  sig_NNLO = (  0.34793864650199419            +-    2.0434158495992967E-004 ) fb
  sig_HHZ  = (  0.41916472164004992            +-    3.9369238993231692E-004 ) fb

  pp ---> HHZ + X
  ===============

  PDFSET = PDF4LHC21_40                                NSET =   6
  Sqrt(S)  = 13.6 TeV
  LOOP     = 3
  alphaS(MZ) =   0.11800
          kl =   1.00000
          kv =   1.00000
         k2v =   1.00000
         kth =   1.00000
         kbh =   1.00000
        cHsq =   0.00000
       chdup =   0.00000
         cHw =   0.00000
          cH =   0.00000
         cHb =   0.00000
        cHwb =   0.00000
      cHq1st =   0.00000
      cHq3st =   0.00000
      cHq1rd =   0.00000
      cHq3rd =   0.00000
       cHdst =   0.00000
       cHust =   0.00000
       cHdrd =   0.00000
       cHurd =   0.00000
         cth =  -6.00000
         cbh =   0.00000
 --------------

  mH       = 125.0000      GeV
  fact_scale 1.0
  ren_scale  1.0
  Kqq      =   0.25816438151065135            +-    2.4255639107921654E-004
  Kgq      =   -7.9908732923949455E-002       +-    1.3972649527289402E-004
  K_nlo    =    1.1782556485867020            +-    2.7992337582742160E-004
  Kqq2     =    5.7911765374501246E-002       +-    2.1052575504192268E-004
  Kgq2     =   -4.1558516418981936E-002       +-    1.4740283757571349E-004
  Kqqs     =    2.0331473461090615E-003       +-    3.5949624415681087E-006
  Kgg      =    1.6911884978403843E-003       +-    2.8289836782578743E-006
  Kgghhz   =   0.24737790270507479            +-    1.1680599293364283E-003
  K_nnlo   =    1.1983332333861705            +-    3.8003514745293211E-004
  K_nnlo2  =    1.4457111360912454            +-    1.2283284218078624E-003
  sig_LO   = (  0.29064333139126530            +-    1.7138571985432090E-004 ) fb
  sig_NLO  = (  0.34245214693581505            +-    1.8971601608212910E-004 ) fb
  sig_NNLO = (  0.34828756306822328            +-    2.0389532018022801E-004 ) fb
  sig_HHZ  = (  0.42018630082301051            +-    3.9601258400890401E-004 ) fb

  pp ---> HHZ + X
  ===============

  PDFSET = PDF4LHC21_40                                NSET =   7
  Sqrt(S)  = 13.6 TeV
  LOOP     = 3
  alphaS(MZ) =   0.11800
          kl =   1.00000
          kv =   1.00000
         k2v =   1.00000
         kth =   1.00000
         kbh =   1.00000
        cHsq =   0.00000
       chdup =   0.00000
         cHw =   0.00000
          cH =   0.00000
         cHb =   0.00000
        cHwb =   0.00000
      cHq1st =   0.00000
      cHq3st =   0.00000
      cHq1rd =   0.00000
      cHq3rd =   0.00000
       cHdst =   0.00000
       cHust =   0.00000
       cHdrd =   0.00000
       cHurd =   0.00000
         cth =  -6.00000
         cbh =   0.00000
 --------------

  mH       = 125.0000      GeV
  fact_scale 1.0
  ren_scale  1.0
  Kqq      =   0.25820509834363220            +-    2.4383679564936114E-004
  Kgq      =   -7.9673059466211588E-002       +-    1.3946228588234576E-004
  K_nlo    =    1.1785320388774205            +-    2.8090231771218520E-004
  Kqq2     =    5.7924765842558137E-002       +-    2.1126092897628094E-004
  Kgq2     =   -4.1435598751403194E-002       +-    1.4706663348338611E-004
  Kqqs     =    2.0307593806367201E-003       +-    3.6034984452430829E-006
  Kgg      =    1.6769016335752391E-003       +-    2.7983986508018706E-006
  Kgghhz   =   0.24537384410413896            +-    1.1577171309433958E-003
  K_nnlo   =    1.1987288669827874            +-    3.8103372964632537E-004
  K_nnlo2  =    1.4441027110869262            +-    1.2188091148362802E-003
  sig_LO   = (  0.29045637805696917            +-    1.7240307755292373E-004 ) fb
  sig_NLO  = (  0.34231214743643074            +-    1.9073470581451200E-004 ) fb
  sig_NNLO = (  0.34817844497615474            +-    2.0486943143669631E-004 ) fb
  sig_HHZ  = (  0.41944884300455831            +-    3.9375947613122704E-004 ) fb

  pp ---> HHZ + X
  ===============

  PDFSET = PDF4LHC21_40                                NSET =   8
  Sqrt(S)  = 13.6 TeV
  LOOP     = 3
  alphaS(MZ) =   0.11800
          kl =   1.00000
          kv =   1.00000
         k2v =   1.00000
         kth =   1.00000
         kbh =   1.00000
        cHsq =   0.00000
       chdup =   0.00000
         cHw =   0.00000
          cH =   0.00000
         cHb =   0.00000
        cHwb =   0.00000
      cHq1st =   0.00000
      cHq3st =   0.00000
      cHq1rd =   0.00000
      cHq3rd =   0.00000
       cHdst =   0.00000
       cHust =   0.00000
       cHdrd =   0.00000
       cHurd =   0.00000
         cth =  -6.00000
         cbh =   0.00000
 --------------

  mH       = 125.0000      GeV
  fact_scale 1.0
  ren_scale  1.0
  Kqq      =   0.25790544200956422            +-    2.4314244619273148E-004
  Kgq      =   -7.9597284169530130E-002       +-    1.3978727699643970E-004
  K_nlo    =    1.1783081578400341            +-    2.8046164078295038E-004
  Kqq2     =    5.7803809171018274E-002       +-    2.1084666002201973E-004
  Kgq2     =   -4.1381387406122384E-002       +-    1.4741632984004128E-004
  Kqqs     =    2.0366887443381389E-003       +-    3.6111074360907387E-006
  Kgg      =    1.6847644953521779E-003       +-    2.8290506173050823E-006
  Kgghhz   =   0.24637406959145547            +-    1.1647196382465806E-003
  K_nnlo   =    1.1984520328446202            +-    3.8061484984288772E-004
  K_nnlo2  =    1.4448261024360756            +-    1.2253324037330318E-003
  sig_LO   = (  0.29102637281266869            +-    1.7230127136464343E-004 ) fb
  sig_NLO  = (  0.34291874923176263            +-    1.9065632845505369E-004 ) fb
  sig_NNLO = (  0.34878114810873917            +-    2.0483527634066612E-004 ) fb
  sig_HHZ  = (  0.42048249993703646            +-    3.9604819528351340E-004 ) fb

  pp ---> HHZ + X
  ===============

  PDFSET = PDF4LHC21_40                                NSET =   9
  Sqrt(S)  = 13.6 TeV
  LOOP     = 3
  alphaS(MZ) =   0.11800
          kl =   1.00000
          kv =   1.00000
         k2v =   1.00000
         kth =   1.00000
         kbh =   1.00000
        cHsq =   0.00000
       chdup =   0.00000
         cHw =   0.00000
          cH =   0.00000
         cHb =   0.00000
        cHwb =   0.00000
      cHq1st =   0.00000
      cHq3st =   0.00000
      cHq1rd =   0.00000
      cHq3rd =   0.00000
       cHdst =   0.00000
       cHust =   0.00000
       cHdrd =   0.00000
       cHurd =   0.00000
         cth =  -6.00000
         cbh =   0.00000
 --------------

  mH       = 125.0000      GeV
  fact_scale 1.0
  ren_scale  1.0
  Kqq      =   0.25813955775687869            +-    2.4214191488427942E-004
  Kgq      =   -7.9824347712497912E-002       +-    1.3954394897959711E-004
  K_nlo    =    1.1783152100443810            +-    2.7947311255404521E-004
  Kqq2     =    5.7898420309765782E-002       +-    2.1014600225349037E-004
  Kgq2     =   -4.1512253999996009E-002       +-    1.4723040535108520E-004
  Kqqs     =    2.0355981937566952E-003       +-    3.6001284710907859E-006
  Kgg      =    1.6831925645993291E-003       +-    2.8121358760298586E-006
  Kgghhz   =   0.24620412066815564            +-    1.1616099926531022E-003
  K_nnlo   =    1.1984201671125070            +-    3.7942617753234747E-004
  K_nnlo2  =    1.4446242877806625            +-    1.2220073646375248E-003
  sig_LO   = (  0.29185631309050009            +-    1.7173581256380572E-004 ) fb
  sig_NLO  = (  0.34389873286201117            +-    1.9012154114332212E-004 ) fb
  sig_NNLO = (  0.34976649150675715            +-    2.0434303856227033E-004 ) fb
  sig_HHZ  = (  0.42162271843265364            +-    3.9584443172465875E-004 ) fb

  pp ---> HHZ + X
  ===============

  PDFSET = PDF4LHC21_40                                NSET =  10
  Sqrt(S)  = 13.6 TeV
  LOOP     = 3
  alphaS(MZ) =   0.11800
          kl =   1.00000
          kv =   1.00000
         k2v =   1.00000
         kth =   1.00000
         kbh =   1.00000
        cHsq =   0.00000
       chdup =   0.00000
         cHw =   0.00000
          cH =   0.00000
         cHb =   0.00000
        cHwb =   0.00000
      cHq1st =   0.00000
      cHq3st =   0.00000
      cHq1rd =   0.00000
      cHq3rd =   0.00000
       cHdst =   0.00000
       cHust =   0.00000
       cHdrd =   0.00000
       cHurd =   0.00000
         cth =  -6.00000
         cbh =   0.00000
 --------------

  mH       = 125.0000      GeV
  fact_scale 1.0
  ren_scale  1.0
  Kqq      =   0.25804285462408572            +-    2.4322431646488736E-004
  Kgq      =   -7.9570719593740361E-002       +-    1.3948085505946487E-004
  K_nlo    =    1.1784721350303455            +-    2.8038005822085695E-004
  Kqq2     =    5.7859883845117963E-002       +-    2.1091890193792698E-004
  Kgq2     =   -4.1384108995857732E-002       +-    1.4711351614358107E-004
  Kqqs     =    2.0320367049387290E-003       +-    3.6063583795731031E-006
  Kgg      =    1.6769576873844872E-003       +-    2.8094202185235227E-006
  Kgghhz   =   0.24529640327493657            +-    1.1595378198394244E-003
  K_nnlo   =    1.1986569042719288            +-    3.8047739162463490E-004
  K_nnlo2  =    1.4439533075468654            +-    1.2203651097829088E-003
  sig_LO   = (  0.29032339617767394            +-    1.7196845173727662E-004 ) fb
  sig_NLO  = (  0.34213803254276420            +-    1.9026101388209307E-004 ) fb
  sig_NNLO = (  0.34799814330004336            +-    2.0438906241704733E-004 ) fb
  sig_HHZ  = (  0.41921342816899126            +-    3.9382994215700725E-004 ) fb

  pp ---> HHZ + X
  ===============

  PDFSET = PDF4LHC21_40                                NSET =  11
  Sqrt(S)  = 13.6 TeV
  LOOP     = 3
  alphaS(MZ) =   0.11800
          kl =   1.00000
          kv =   1.00000
         k2v =   1.00000
         kth =   1.00000
         kbh =   1.00000
        cHsq =   0.00000
       chdup =   0.00000
         cHw =   0.00000
          cH =   0.00000
         cHb =   0.00000
        cHwb =   0.00000
      cHq1st =   0.00000
      cHq3st =   0.00000
      cHq1rd =   0.00000
      cHq3rd =   0.00000
       cHdst =   0.00000
       cHust =   0.00000
       cHdrd =   0.00000
       cHurd =   0.00000
         cth =  -6.00000
         cbh =   0.00000
 --------------

  mH       = 125.0000      GeV
  fact_scale 1.0
  ren_scale  1.0
  Kqq      =   0.25799227650136280            +-    2.4299017144559381E-004
  Kgq      =   -7.9759057482676962E-002       +-    1.3965415584513439E-004
  K_nlo    =    1.1782332190186859            +-    2.8026328097697020E-004
  Kqq2     =    5.7838563298648331E-002       +-    2.1077274884423556E-004
  Kgq2     =   -4.1479871366510240E-002       +-    1.4730883705948777E-004
  Kqqs     =    2.0309555630304201E-003       +-    3.6030638391390151E-006
  Kgg      =    1.6843132914729632E-003       +-    2.8144870356725666E-006
  Kgghhz   =   0.24639536163573167            +-    1.1627661876412031E-003
  K_nnlo   =    1.1983071798053273            +-    3.8038592928952165E-004
  K_nnlo2  =    1.4447025414410590            +-    1.2234045374785523E-003
  sig_LO   = (  0.29087977218151356            +-    1.7208380785545862E-004 ) fb
  sig_NLO  = (  0.34272421032484668            +-    1.9041749735967519E-004 ) fb
  sig_NNLO = (  0.34856331946524555            +-    2.0458616991767738E-004 ) fb
  sig_HHZ  = (  0.42023474612442879            +-    3.9528693669667081E-004 ) fb

  pp ---> HHZ + X
  ===============

  PDFSET = PDF4LHC21_40                                NSET =  12
  Sqrt(S)  = 13.6 TeV
  LOOP     = 3
  alphaS(MZ) =   0.11800
          kl =   1.00000
          kv =   1.00000
         k2v =   1.00000
         kth =   1.00000
         kbh =   1.00000
        cHsq =   0.00000
       chdup =   0.00000
         cHw =   0.00000
          cH =   0.00000
         cHb =   0.00000
        cHwb =   0.00000
      cHq1st =   0.00000
      cHq3st =   0.00000
      cHq1rd =   0.00000
      cHq3rd =   0.00000
       cHdst =   0.00000
       cHust =   0.00000
       cHdrd =   0.00000
       cHurd =   0.00000
         cth =  -6.00000
         cbh =   0.00000
 --------------

  mH       = 125.0000      GeV
  fact_scale 1.0
  ren_scale  1.0
  Kqq      =   0.25790424049911537            +-    2.4243834855363554E-004
  Kgq      =   -7.9673113052397534E-002       +-    1.3950208105168569E-004
  K_nlo    =    1.1782311274467179            +-    2.7970910508448799E-004
  Kqq2     =    5.7802323634068016E-002       +-    2.1020592772148311E-004
  Kgq2     =   -4.1431857251300545E-002       +-    1.4720029171347458E-004
  Kqqs     =    2.0313080284431002E-003       +-    3.6002382588109874E-006
  Kgg      =    1.6816110791590269E-003       +-    2.8092839495833627E-006
  Kgghhz   =   0.24597652216421706            +-    1.1602786334973163E-003
  K_nnlo   =    1.1983145129370876            +-    3.7962151570844368E-004
  K_nnlo2  =    1.4442910351013047            +-    1.2208026058864619E-003
  sig_LO   = (  0.29256110721954598            +-    1.7269434200749512E-004 ) fb
  sig_NLO  = (  0.34470460320634572            +-    1.9110157739473548E-004 ) fb
  sig_NNLO = (  0.35058022070212519            +-    2.0532465185565816E-004 ) fb
  sig_HHZ  = (  0.42254338437650174            +-    3.9671922776564897E-004 ) fb

  pp ---> HHZ + X
  ===============

  PDFSET = PDF4LHC21_40                                NSET =  13
  Sqrt(S)  = 13.6 TeV
  LOOP     = 3
  alphaS(MZ) =   0.11800
          kl =   1.00000
          kv =   1.00000
         k2v =   1.00000
         kth =   1.00000
         kbh =   1.00000
        cHsq =   0.00000
       chdup =   0.00000
         cHw =   0.00000
          cH =   0.00000
         cHb =   0.00000
        cHwb =   0.00000
      cHq1st =   0.00000
      cHq3st =   0.00000
      cHq1rd =   0.00000
      cHq3rd =   0.00000
       cHdst =   0.00000
       cHust =   0.00000
       cHdrd =   0.00000
       cHurd =   0.00000
         cth =  -6.00000
         cbh =   0.00000
 --------------

  mH       = 125.0000      GeV
  fact_scale 1.0
  ren_scale  1.0
  Kqq      =   0.25803528473630971            +-    2.4275214356027404E-004
  Kgq      =   -7.9619632622749167E-002       +-    1.3932690095975353E-004
  K_nlo    =    1.1784156521135605            +-    2.7989388798999677E-004
  Kqq2     =    5.7852982695244137E-002       +-    2.1064186402258527E-004
  Kgq2     =   -4.1406422108677968E-002       +-    1.4693767769817783E-004
  Kqqs     =    2.0281195159809772E-003       +-    3.5955733892804935E-006
  Kgg      =    1.6795674222789157E-003       +-    2.8045941728858798E-006
  Kgghhz   =   0.24573053555657848            +-    1.1598406460688669E-003
  K_nnlo   =    1.1985698996383864            +-    3.7989743146916912E-004
  K_nnlo2  =    1.4443004351949649            +-    1.2204721966150309E-003
  sig_LO   = (  0.29040780992546711            +-    1.7161643954019607E-004 ) fb
  sig_NLO  = (  0.34222110871219025            +-    1.8989257153787642E-004 ) fb
  sig_NNLO = (  0.34807405959657073            +-    2.0401923413840506E-004 ) fb
  sig_HHZ  = (  0.41943612625936882            +-    3.9379706562523093E-004 ) fb

  pp ---> HHZ + X
  ===============

  PDFSET = PDF4LHC21_40                                NSET =  14
  Sqrt(S)  = 13.6 TeV
  LOOP     = 3
  alphaS(MZ) =   0.11800
          kl =   1.00000
          kv =   1.00000
         k2v =   1.00000
         kth =   1.00000
         kbh =   1.00000
        cHsq =   0.00000
       chdup =   0.00000
         cHw =   0.00000
          cH =   0.00000
         cHb =   0.00000
        cHwb =   0.00000
      cHq1st =   0.00000
      cHq3st =   0.00000
      cHq1rd =   0.00000
      cHq3rd =   0.00000
       cHdst =   0.00000
       cHust =   0.00000
       cHdrd =   0.00000
       cHurd =   0.00000
         cth =  -6.00000
         cbh =   0.00000
 --------------

  mH       = 125.0000      GeV
  fact_scale 1.0
  ren_scale  1.0
  Kqq      =   0.25815588532008527            +-    2.4332555271149085E-004
  Kgq      =   -7.9716282373197056E-002       +-    1.3951528955120649E-004
  K_nlo    =    1.1784396029468880            +-    2.8048500961889121E-004
  Kqq2     =    5.7906677992279006E-002       +-    2.1113424413953446E-004
  Kgq2     =   -4.1458436438774129E-002       +-    1.4715159819049691E-004
  Kqqs     =    2.0320005769834571E-003       +-    3.6039095447682121E-006
  Kgg      =    1.6790763574005441E-003       +-    2.8026144394268640E-006
  Kgghhz   =   0.24566551928600106            +-    1.1591269445658452E-003
  K_nnlo   =    1.1985989214347768            +-    3.8068877752174736E-004
  K_nnlo2  =    1.4442644407207779            +-    1.2200406628262660E-003
  sig_LO   = (  0.29086112287054511            +-    1.7227259065188093E-004 ) fb
  sig_NLO  = (  0.34276226614825123            +-    1.9061347899394419E-004 ) fb
  sig_NNLO = (  0.34862582815994353            +-    2.0478876728446257E-004 ) fb
  sig_HHZ  = (  0.42008037695004535            +-    3.9446820707376702E-004 ) fb

  pp ---> HHZ + X
  ===============

  PDFSET = PDF4LHC21_40                                NSET =  15
  Sqrt(S)  = 13.6 TeV
  LOOP     = 3
  alphaS(MZ) =   0.11800
          kl =   1.00000
          kv =   1.00000
         k2v =   1.00000
         kth =   1.00000
         kbh =   1.00000
        cHsq =   0.00000
       chdup =   0.00000
         cHw =   0.00000
          cH =   0.00000
         cHb =   0.00000
        cHwb =   0.00000
      cHq1st =   0.00000
      cHq3st =   0.00000
      cHq1rd =   0.00000
      cHq3rd =   0.00000
       cHdst =   0.00000
       cHust =   0.00000
       cHdrd =   0.00000
       cHurd =   0.00000
         cth =  -6.00000
         cbh =   0.00000
 --------------

  mH       = 125.0000      GeV
  fact_scale 1.0
  ren_scale  1.0
  Kqq      =   0.25816519360665563            +-    2.4289074182765191E-004
  Kgq      =   -7.9585324689633627E-002       +-    1.3912636943417197E-004
  K_nlo    =    1.1785798689170219            +-    2.7991437822577235E-004
  Kqq2     =    5.7910930734946832E-002       +-    2.1073079696467070E-004
  Kgq2     =   -4.1399423716903375E-002       +-    1.4674484663233171E-004
  Kqqs     =    2.0298350725476205E-003       +-    3.5976124325937293E-006
  Kgg      =    1.6735441978204650E-003       +-    2.7911806562391578E-006
  Kgghhz   =   0.24483894259159364            +-    1.1547688868256422E-003
  K_nnlo   =    1.1987947552054334            +-    3.7988723516946911E-004
  K_nnlo2  =    1.4436336977970270            +-    1.2156502348230087E-003
  sig_LO   = (  0.29043585160907398            +-    1.7161426072231199E-004 ) fb
  sig_NLO  = (  0.34230184791822604            +-    1.8989650988424206E-004 ) fb
  sig_NNLO = (  0.34817297563258143            +-    2.0402156080445073E-004 ) fb
  sig_HHZ  = (  0.41928298243123607            +-    3.9256688280766980E-004 ) fb

  pp ---> HHZ + X
  ===============

  PDFSET = PDF4LHC21_40                                NSET =  16
  Sqrt(S)  = 13.6 TeV
  LOOP     = 3
  alphaS(MZ) =   0.11800
          kl =   1.00000
          kv =   1.00000
         k2v =   1.00000
         kth =   1.00000
         kbh =   1.00000
        cHsq =   0.00000
       chdup =   0.00000
         cHw =   0.00000
          cH =   0.00000
         cHb =   0.00000
        cHwb =   0.00000
      cHq1st =   0.00000
      cHq3st =   0.00000
      cHq1rd =   0.00000
      cHq3rd =   0.00000
       cHdst =   0.00000
       cHust =   0.00000
       cHdrd =   0.00000
       cHurd =   0.00000
         cth =  -6.00000
         cbh =   0.00000
 --------------

  mH       = 125.0000      GeV
  fact_scale 1.0
  ren_scale  1.0
  Kqq      =   0.25791052805417936            +-    2.4310224339242774E-004
  Kgq      =   -7.9674865197270156E-002       +-    1.3961414057064294E-004
  K_nlo    =    1.1782356628569093            +-    2.8034052327430368E-004
  Kqq2     =    5.7807145765405618E-002       +-    2.1083553194972389E-004
  Kgq2     =   -4.1433169038089371E-002       +-    1.4725305060364426E-004
  Kqqs     =    2.0234638269327402E-003       +-    3.5921381974798576E-006
  Kgg      =    1.6903616938251391E-003       +-    2.8282029590087411E-006
  Kgghhz   =   0.24728593803149065            +-    1.1678228760397375E-003
  K_nnlo   =    1.1983234651049834            +-    3.8045603375833059E-004
  K_nnlo2  =    1.4456094031364741            +-    1.2282333098499016E-003
  sig_LO   = (  0.29064107836265196            +-    1.7206819021306193E-004 ) fb
  sig_NLO  = (  0.34244368361806615            +-    1.9038435723962228E-004 ) fb
  sig_NNLO = (  0.34828202412538217            +-    2.0453495412001434E-004 ) fb
  sig_HHZ  = (  0.42015347581877455            +-    3.9628102530362422E-004 ) fb

  pp ---> HHZ + X
  ===============

  PDFSET = PDF4LHC21_40                                NSET =  17
  Sqrt(S)  = 13.6 TeV
  LOOP     = 3
  alphaS(MZ) =   0.11800
          kl =   1.00000
          kv =   1.00000
         k2v =   1.00000
         kth =   1.00000
         kbh =   1.00000
        cHsq =   0.00000
       chdup =   0.00000
         cHw =   0.00000
          cH =   0.00000
         cHb =   0.00000
        cHwb =   0.00000
      cHq1st =   0.00000
      cHq3st =   0.00000
      cHq1rd =   0.00000
      cHq3rd =   0.00000
       cHdst =   0.00000
       cHust =   0.00000
       cHdrd =   0.00000
       cHurd =   0.00000
         cth =  -6.00000
         cbh =   0.00000
 --------------

  mH       = 125.0000      GeV
  fact_scale 1.0
  ren_scale  1.0
  Kqq      =   0.25817686347569346            +-    2.4270220416774325E-004
  Kgq      =   -7.9455696172036225E-002       +-    1.3894357149010181E-004
  K_nlo    =    1.1787211673036571            +-    2.7965992913949248E-004
  Kqq2     =    5.7910944833318163E-002       +-    2.1062777441830784E-004
  Kgq2     =   -4.1320883123595095E-002       +-    1.4655045677402305E-004
  Kqqs     =    2.0286364824099292E-003       +-    3.5891963349522314E-006
  Kgg      =    1.6721752880884491E-003       +-    2.7916661779066445E-006
  Kgghhz   =   0.24463363802506063            +-    1.1542470918665360E-003
  K_nnlo   =    1.1990120407838785            +-    3.7956744780574906E-004
  K_nnlo2  =    1.4436456788089391            +-    1.2150546475431161E-003
  sig_LO   = (  0.29243787935572613            +-    1.7261758045310238E-004 ) fb
  sig_NLO  = (  0.34470271851798762            +-    1.9101129230477681E-004 ) fb
  sig_NNLO = (  0.35063653852881888            +-    2.0522623314879170E-004 ) fb
  sig_HHZ  = (  0.42217668085194393            +-    3.9503774479517339E-004 ) fb

  pp ---> HHZ + X
  ===============

  PDFSET = PDF4LHC21_40                                NSET =  18
  Sqrt(S)  = 13.6 TeV
  LOOP     = 3
  alphaS(MZ) =   0.11800
          kl =   1.00000
          kv =   1.00000
         k2v =   1.00000
         kth =   1.00000
         kbh =   1.00000
        cHsq =   0.00000
       chdup =   0.00000
         cHw =   0.00000
          cH =   0.00000
         cHb =   0.00000
        cHwb =   0.00000
      cHq1st =   0.00000
      cHq3st =   0.00000
      cHq1rd =   0.00000
      cHq3rd =   0.00000
       cHdst =   0.00000
       cHust =   0.00000
       cHdrd =   0.00000
       cHurd =   0.00000
         cth =  -6.00000
         cbh =   0.00000
 --------------

  mH       = 125.0000      GeV
  fact_scale 1.0
  ren_scale  1.0
  Kqq      =   0.25811714623168946            +-    2.4282755525403154E-004
  Kgq      =   -7.9503785974237531E-002       +-    1.3894578896102088E-004
  K_nlo    =    1.1786133602574518            +-    2.7976982299856841E-004
  Kqq2     =    5.7888936406403670E-002       +-    2.1069750991695762E-004
  Kgq2     =   -4.1348997485312962E-002       +-    1.4652969787296805E-004
  Kqqs     =    2.0309730786418705E-003       +-    3.5973849162298352E-006
  Kgg      =    1.6696009885839250E-003       +-    2.7843760757166522E-006
  Kgghhz   =   0.24427564373893734            +-    1.1520249004671015E-003
  K_nnlo   =    1.1988538732457683            +-    3.7967912878240565E-004
  K_nnlo2  =    1.4431295169847056            +-    1.2129788176753961E-003
  sig_LO   = (  0.29199785683443391            +-    1.7245585652625228E-004 ) fb
  sig_NLO  = (  0.34415257523160653            +-    1.9082619355969169E-004 ) fb
  sig_NNLO = (  0.35006276164542444            +-    2.0501751081808517E-004 ) fb
  sig_HHZ  = (  0.42139072609404582            +-    3.9394111974206953E-004 ) fb

  pp ---> HHZ + X
  ===============

  PDFSET = PDF4LHC21_40                                NSET =  19
  Sqrt(S)  = 13.6 TeV
  LOOP     = 3
  alphaS(MZ) =   0.11800
          kl =   1.00000
          kv =   1.00000
         k2v =   1.00000
         kth =   1.00000
         kbh =   1.00000
        cHsq =   0.00000
       chdup =   0.00000
         cHw =   0.00000
          cH =   0.00000
         cHb =   0.00000
        cHwb =   0.00000
      cHq1st =   0.00000
      cHq3st =   0.00000
      cHq1rd =   0.00000
      cHq3rd =   0.00000
       cHdst =   0.00000
       cHust =   0.00000
       cHdrd =   0.00000
       cHurd =   0.00000
         cth =  -6.00000
         cbh =   0.00000
 --------------

  mH       = 125.0000      GeV
  fact_scale 1.0
  ren_scale  1.0
  Kqq      =   0.25822664538132611            +-    2.4296788550928544E-004
  Kgq      =   -8.0047964849055422E-002       +-    1.4022659897994588E-004
  K_nlo    =    1.1781786805322707            +-    2.8052966411831710E-004
  Kqq2     =    5.7932981037171698E-002       +-    2.1083174363657888E-004
  Kgq2     =   -4.1627603752526290E-002       +-    1.4793636152268154E-004
  Kqqs     =    2.0350663042145692E-003       +-    3.6098594875661450E-006
  Kgg      =    1.6958678777991218E-003       +-    2.8367482121786836E-006
  Kgghhz   =   0.24808673781037727            +-    1.1715905257137246E-003
  K_nnlo   =    1.1982149919989298            +-    3.8085845384037981E-004
  K_nnlo2  =    1.4463017298093070            +-    1.2319405512458165E-003
  sig_LO   = (  0.28934649077235791            +-    1.7109446492373338E-004 ) fb
  sig_NLO  = (  0.34090186671481948            +-    1.8937246179869763E-004 ) fb
  sig_NNLO = (  0.34669930312571917            +-    2.0351257580875873E-004 ) fb
  sig_HHZ  = (  0.41848233011831387            +-    3.9539270382567108E-004 ) fb

  pp ---> HHZ + X
  ===============

  PDFSET = PDF4LHC21_40                                NSET =  20
  Sqrt(S)  = 13.6 TeV
  LOOP     = 3
  alphaS(MZ) =   0.11800
          kl =   1.00000
          kv =   1.00000
         k2v =   1.00000
         kth =   1.00000
         kbh =   1.00000
        cHsq =   0.00000
       chdup =   0.00000
         cHw =   0.00000
          cH =   0.00000
         cHb =   0.00000
        cHwb =   0.00000
      cHq1st =   0.00000
      cHq3st =   0.00000
      cHq1rd =   0.00000
      cHq3rd =   0.00000
       cHdst =   0.00000
       cHust =   0.00000
       cHdrd =   0.00000
       cHurd =   0.00000
         cth =  -6.00000
         cbh =   0.00000
 --------------

  mH       = 125.0000      GeV
  fact_scale 1.0
  ren_scale  1.0
  Kqq      =   0.25805265434992164            +-    2.4301621389883146E-004
  Kgq      =   -7.9782198527639445E-002       +-    1.3965446135759033E-004
  K_nlo    =    1.1782704558222821            +-    2.8028601248510652E-004
  Kqq2     =    5.7864171165697413E-002       +-    2.1082902609568106E-004
  Kgq2     =   -4.1489906445439075E-002       +-    1.4729935322324098E-004
  Kqqs     =    2.0325231736187761E-003       +-    3.6017500549402306E-006
  Kgg      =    1.6839906967028300E-003       +-    2.8130830501941534E-006
  Kgghhz   =   0.24635558819857861            +-    1.1623119630871370E-003
  K_nnlo   =    1.1983612344128618            +-    3.8043016775611435E-004
  K_nnlo2  =    1.4447168226114404            +-    1.2229865952145262E-003
  sig_LO   = (  0.29157975791314761            +-    1.7244086139581979E-004 ) fb
  sig_NLO  = (  0.34355981426487509            +-    1.9082700343926243E-004 ) fb
  sig_NNLO = (  0.34941787862260304            +-    2.0503748348596425E-004 ) fb
  sig_HHZ  = (  0.42125018139009568            +-    3.9610362384581021E-004 ) fb

  pp ---> HHZ + X
  ===============

  PDFSET = PDF4LHC21_40                                NSET =  21
  Sqrt(S)  = 13.6 TeV
  LOOP     = 3
  alphaS(MZ) =   0.11800
          kl =   1.00000
          kv =   1.00000
         k2v =   1.00000
         kth =   1.00000
         kbh =   1.00000
        cHsq =   0.00000
       chdup =   0.00000
         cHw =   0.00000
          cH =   0.00000
         cHb =   0.00000
        cHwb =   0.00000
      cHq1st =   0.00000
      cHq3st =   0.00000
      cHq1rd =   0.00000
      cHq3rd =   0.00000
       cHdst =   0.00000
       cHust =   0.00000
       cHdrd =   0.00000
       cHurd =   0.00000
         cth =  -6.00000
         cbh =   0.00000
 --------------

  mH       = 125.0000      GeV
  fact_scale 1.0
  ren_scale  1.0
  Kqq      =   0.25827729902854729            +-    2.4317555704312540E-004
  Kgq      =   -8.0253877860525513E-002       +-    1.4046306919569395E-004
  K_nlo    =    1.1780234211680218            +-    2.8082775032234374E-004
  Kqq2     =    5.7964953573209139E-002       +-    2.1094748472371211E-004
  Kgq2     =   -4.1735520516534973E-002       +-    1.4814368674760805E-004
  Kqqs     =    2.0435978199122027E-003       +-    3.6221025241146466E-006
  Kgg      =    1.6952275131536312E-003       +-    2.8324874143098886E-006
  Kgghhz   =   0.24800748528586966            +-    1.1706084018993494E-003
  K_nnlo   =    1.1979916795577619            +-    3.8122271862677627E-004
  K_nnlo2  =    1.4459991648436314            +-    1.2311193247587899E-003
  sig_LO   = (  0.28894724715631026            +-    1.7093276220701161E-004 ) fb
  sig_NLO  = (  0.34038662463215857            +-    1.8921528405578864E-004 ) fb
  sig_NNLO = (  0.34615639792437986            +-    2.0335129408240318E-004 ) fb
  sig_HHZ  = (  0.41781747807189101            +-    3.9466543201940668E-004 ) fb

  pp ---> HHZ + X
  ===============

  PDFSET = PDF4LHC21_40                                NSET =  22
  Sqrt(S)  = 13.6 TeV
  LOOP     = 3
  alphaS(MZ) =   0.11800
          kl =   1.00000
          kv =   1.00000
         k2v =   1.00000
         kth =   1.00000
         kbh =   1.00000
        cHsq =   0.00000
       chdup =   0.00000
         cHw =   0.00000
          cH =   0.00000
         cHb =   0.00000
        cHwb =   0.00000
      cHq1st =   0.00000
      cHq3st =   0.00000
      cHq1rd =   0.00000
      cHq3rd =   0.00000
       cHdst =   0.00000
       cHust =   0.00000
       cHdrd =   0.00000
       cHurd =   0.00000
         cth =  -6.00000
         cbh =   0.00000
 --------------

  mH       = 125.0000      GeV
  fact_scale 1.0
  ren_scale  1.0
  Kqq      =   0.25807845553234221            +-    2.4295181592513888E-004
  Kgq      =   -7.9937146698204425E-002       +-    1.4007453565406501E-004
  K_nlo    =    1.1781413088341379            +-    2.8043976251598932E-004
  Kqq2     =    5.7873982471272449E-002       +-    2.1072238856154746E-004
  Kgq2     =   -4.1568531279481298E-002       +-    1.4774485817903787E-004
  Kqqs     =    2.0313642339429608E-003       +-    3.6022794716595028E-006
  Kgg      =    1.6965719266898306E-003       +-    2.8443882864095081E-006
  Kgghhz   =   0.24814473986836660            +-    1.1737735643919634E-003
  K_nnlo   =    1.1981746961865618            +-    3.8065732033098760E-004
  K_nnlo2  =    1.4463194360549285            +-    1.2339547706407164E-003
  sig_LO   = (  0.28993504777705520            +-    1.7145445619955749E-004 ) fb
  sig_NLO  = (  0.34158445666494808            +-    1.8975730660480983E-004 ) fb
  sig_NNLO = (  0.34739283778410934            +-    2.0390503198989643E-004 ) fb
  sig_HHZ  = (  0.41933869479346914            +-    3.9672870767750682E-004 ) fb

  pp ---> HHZ + X
  ===============

  PDFSET = PDF4LHC21_40                                NSET =  23
  Sqrt(S)  = 13.6 TeV
  LOOP     = 3
  alphaS(MZ) =   0.11800
          kl =   1.00000
          kv =   1.00000
         k2v =   1.00000
         kth =   1.00000
         kbh =   1.00000
        cHsq =   0.00000
       chdup =   0.00000
         cHw =   0.00000
          cH =   0.00000
         cHb =   0.00000
        cHwb =   0.00000
      cHq1st =   0.00000
      cHq3st =   0.00000
      cHq1rd =   0.00000
      cHq3rd =   0.00000
       cHdst =   0.00000
       cHust =   0.00000
       cHdrd =   0.00000
       cHurd =   0.00000
         cth =  -6.00000
         cbh =   0.00000
 --------------

  mH       = 125.0000      GeV
  fact_scale 1.0
  ren_scale  1.0
  Kqq      =   0.25816185182773999            +-    2.4283692199968037E-004
  Kgq      =   -7.9886409023072438E-002       +-    1.3982544428538943E-004
  K_nlo    =    1.1782754428046676            +-    2.8021585528996282E-004
  Kqq2     =    5.7906910176748809E-002       +-    2.1067020669146341E-004
  Kgq2     =   -4.1543644197960999E-002       +-    1.4748529684412549E-004
  Kqqs     =    2.0355767692035445E-003       +-    3.6067190259527672E-006
  Kgg      =    1.6863630527898400E-003       +-    2.8173640430290173E-006
  Kgghhz   =   0.24670077879747040            +-    1.1641526665306101E-003
  K_nnlo   =    1.1983606486054488            +-    3.8036261684186608E-004
  K_nnlo2  =    1.4450614274029192            +-    1.2247151306655447E-003
  sig_LO   = (  0.29060662161743006            +-    1.7167038342812249E-004 ) fb
  sig_NLO  = (  0.34241464576824587            +-    1.9000522657339623E-004 ) fb
  sig_NNLO = (  0.34825153957050170            +-    2.0417860966634129E-004 ) fb
  sig_HHZ  = (  0.41994441944722349            +-    3.9514918841243395E-004 ) fb

  pp ---> HHZ + X
  ===============

  PDFSET = PDF4LHC21_40                                NSET =  24
  Sqrt(S)  = 13.6 TeV
  LOOP     = 3
  alphaS(MZ) =   0.11800
          kl =   1.00000
          kv =   1.00000
         k2v =   1.00000
         kth =   1.00000
         kbh =   1.00000
        cHsq =   0.00000
       chdup =   0.00000
         cHw =   0.00000
          cH =   0.00000
         cHb =   0.00000
        cHwb =   0.00000
      cHq1st =   0.00000
      cHq3st =   0.00000
      cHq1rd =   0.00000
      cHq3rd =   0.00000
       cHdst =   0.00000
       cHust =   0.00000
       cHdrd =   0.00000
       cHurd =   0.00000
         cth =  -6.00000
         cbh =   0.00000
 --------------

  mH       = 125.0000      GeV
  fact_scale 1.0
  ren_scale  1.0
  Kqq      =   0.25795545491820204            +-    2.4268776571600138E-004
  Kgq      =   -7.9730337216281727E-002       +-    1.3960573056198504E-004
  K_nlo    =    1.1782251177019205            +-    2.7997698411471315E-004
  Kqq2     =    5.7824988801612652E-002       +-    2.1052774177923684E-004
  Kgq2     =   -4.1461781360938865E-002       +-    1.4728311957012708E-004
  Kqqs     =    2.0316737386834507E-003       +-    3.5997843959034823E-006
  Kgg      =    1.6829723917489369E-003       +-    2.8121483815700712E-006
  Kgghhz   =   0.24621261654702994            +-    1.1623282235609896E-003
  K_nnlo   =    1.1983029712730267            +-    3.8002924312368469E-004
  K_nnlo2  =    1.4445155878200566            +-    1.2228773957006509E-003
  sig_LO   = (  0.29143190954824144            +-    1.7222424843462095E-004 ) fb
  sig_NLO  = (  0.34337239592957214            +-    1.9057494496015472E-004 ) fb
  sig_NNLO = (  0.34922372313542960            +-    2.0476166826237128E-004 ) fb
  sig_HHZ  = (  0.42097793613059947            +-    3.9581790319602683E-004 ) fb

  pp ---> HHZ + X
  ===============

  PDFSET = PDF4LHC21_40                                NSET =  25
  Sqrt(S)  = 13.6 TeV
  LOOP     = 3
  alphaS(MZ) =   0.11800
          kl =   1.00000
          kv =   1.00000
         k2v =   1.00000
         kth =   1.00000
         kbh =   1.00000
        cHsq =   0.00000
       chdup =   0.00000
         cHw =   0.00000
          cH =   0.00000
         cHb =   0.00000
        cHwb =   0.00000
      cHq1st =   0.00000
      cHq3st =   0.00000
      cHq1rd =   0.00000
      cHq3rd =   0.00000
       cHdst =   0.00000
       cHust =   0.00000
       cHdrd =   0.00000
       cHurd =   0.00000
         cth =  -6.00000
         cbh =   0.00000
 --------------

  mH       = 125.0000      GeV
  fact_scale 1.0
  ren_scale  1.0
  Kqq      =   0.25808842553653133            +-    2.4313242963606388E-004
  Kgq      =   -7.9997864777291372E-002       +-    1.4017814138428080E-004
  K_nlo    =    1.1780905607592398            +-    2.8064798175416649E-004
  Kqq2     =    5.7879674399273537E-002       +-    2.1080127626165948E-004
  Kgq2     =   -4.1601890902835365E-002       +-    1.4786149088896384E-004
  Kqqs     =    2.0342420778390719E-003       +-    3.6065291144694096E-006
  Kgg      =    1.6949719310069319E-003       +-    2.8344543418732778E-006
  Kgghhz   =   0.24795951128599064            +-    1.1703535132162866E-003
  K_nnlo   =    1.1980975582645239            +-    3.8089963167192513E-004
  K_nnlo2  =    1.4460570695505146            +-    1.2307769397033375E-003
  sig_LO   = (  0.29027676065945379            +-    1.7184860190615935E-004 ) fb
  sig_NLO  = (  0.34197231174067161            +-    1.9018039816741343E-004 ) fb
  sig_NNLO = (  0.34777987816702727            +-    2.0434493180277461E-004 ) fb
  sig_HHZ  = (  0.41975676187782590            +-    3.9644784791065534E-004 ) fb

  pp ---> HHZ + X
  ===============

  PDFSET = PDF4LHC21_40                                NSET =  26
  Sqrt(S)  = 13.6 TeV
  LOOP     = 3
  alphaS(MZ) =   0.11800
          kl =   1.00000
          kv =   1.00000
         k2v =   1.00000
         kth =   1.00000
         kbh =   1.00000
        cHsq =   0.00000
       chdup =   0.00000
         cHw =   0.00000
          cH =   0.00000
         cHb =   0.00000
        cHwb =   0.00000
      cHq1st =   0.00000
      cHq3st =   0.00000
      cHq1rd =   0.00000
      cHq3rd =   0.00000
       cHdst =   0.00000
       cHust =   0.00000
       cHdrd =   0.00000
       cHurd =   0.00000
         cth =  -6.00000
         cbh =   0.00000
 --------------

  mH       = 125.0000      GeV
  fact_scale 1.0
  ren_scale  1.0
  Kqq      =   0.25805890609994209            +-    2.4158743853405938E-004
  Kgq      =   -7.9787012884426536E-002       +-    1.3909055044124732E-004
  K_nlo    =    1.1782718932155156            +-    2.7876633885657193E-004
  Kqq2     =    5.7870017869446198E-002       +-    2.0968484593936591E-004
  Kgq2     =   -4.1490611896364792E-002       +-    1.4664938672803905E-004
  Kqqs     =    2.0359449959878925E-003       +-    3.5867836296324239E-006
  Kgg      =    1.6813294954116014E-003       +-    2.8071582154670465E-006
  Kgghhz   =   0.24596048394557102            +-    1.1604565407008652E-003
  K_nnlo   =    1.1983685736799967            +-    3.7842462139490226E-004
  K_nnlo2  =    1.4443290576255676            +-    1.2206000888633811E-003
  sig_LO   = (  0.29132173982587178            +-    1.7069633893418803E-004 ) fb
  sig_NLO  = (  0.34325621791946781            +-    1.8903020150765811E-004 ) fb
  sig_NNLO = (  0.34911081783710496            +-    2.0320145061296843E-004 ) fb
  sig_HHZ  = (  0.42076445394854212            +-    3.9443579651737257E-004 ) fb

  pp ---> HHZ + X
  ===============

  PDFSET = PDF4LHC21_40                                NSET =  27
  Sqrt(S)  = 13.6 TeV
  LOOP     = 3
  alphaS(MZ) =   0.11800
          kl =   1.00000
          kv =   1.00000
         k2v =   1.00000
         kth =   1.00000
         kbh =   1.00000
        cHsq =   0.00000
       chdup =   0.00000
         cHw =   0.00000
          cH =   0.00000
         cHb =   0.00000
        cHwb =   0.00000
      cHq1st =   0.00000
      cHq3st =   0.00000
      cHq1rd =   0.00000
      cHq3rd =   0.00000
       cHdst =   0.00000
       cHust =   0.00000
       cHdrd =   0.00000
       cHurd =   0.00000
         cth =  -6.00000
         cbh =   0.00000
 --------------

  mH       = 125.0000      GeV
  fact_scale 1.0
  ren_scale  1.0
  Kqq      =   0.25812353997137866            +-    2.4294123129774763E-004
  Kgq      =   -7.9845918078319283E-002       +-    1.3974800363100785E-004
  K_nlo    =    1.1782776218930593            +-    2.8026763349219957E-004
  Kqq2     =    5.7892405342511173E-002       +-    2.1067436525969361E-004
  Kgq2     =   -4.1524764759019069E-002       +-    1.4739677521549506E-004
  Kqqs     =    2.0327548311241863E-003       +-    3.6042707616531925E-006
  Kgg      =    1.6871502229013648E-003       +-    2.8189282766081598E-006
  Kgghhz   =   0.24683371508773466            +-    1.1650617827910286E-003
  K_nnlo   =    1.1983651675305769            +-    3.8036874349658625E-004
  K_nnlo2  =    1.4451988826183115            +-    1.2255812248681774E-003
  sig_LO   = (  0.29041660811986869            +-    1.7171766308070430E-004 ) fb
  sig_NLO  = (  0.34219139037372742            +-    1.9003157678245013E-004 ) fb
  sig_NNLO = (  0.34802514724322842            +-    2.0418021569681535E-004 ) fb
  sig_HHZ  = (  0.41970975754863438            +-    3.9518667760117890E-004 ) fb

  pp ---> HHZ + X
  ===============

  PDFSET = PDF4LHC21_40                                NSET =  28
  Sqrt(S)  = 13.6 TeV
  LOOP     = 3
  alphaS(MZ) =   0.11800
          kl =   1.00000
          kv =   1.00000
         k2v =   1.00000
         kth =   1.00000
         kbh =   1.00000
        cHsq =   0.00000
       chdup =   0.00000
         cHw =   0.00000
          cH =   0.00000
         cHb =   0.00000
        cHwb =   0.00000
      cHq1st =   0.00000
      cHq3st =   0.00000
      cHq1rd =   0.00000
      cHq3rd =   0.00000
       cHdst =   0.00000
       cHust =   0.00000
       cHdrd =   0.00000
       cHurd =   0.00000
         cth =  -6.00000
         cbh =   0.00000
 --------------

  mH       = 125.0000      GeV
  fact_scale 1.0
  ren_scale  1.0
  Kqq      =   0.25813013378231636            +-    2.4310619631485875E-004
  Kgq      =   -7.9733929418786403E-002       +-    1.3953361526736788E-004
  K_nlo    =    1.1783962043635299            +-    2.8030385740524601E-004
  Kqq2     =    5.7896718600278181E-002       +-    2.1090706212304079E-004
  Kgq2     =   -4.1466306572172901E-002       +-    1.4715328339621756E-004
  Kqqs     =    2.0364766500541669E-003       +-    3.6085614055616690E-006
  Kgg      =    1.6762516502158689E-003       +-    2.7977071480653084E-006
  Kgghhz   =   0.24523226133084930            +-    1.1568065872095221E-003
  K_nnlo   =    1.1985393446919050            +-    3.8042999227798038E-004
  K_nnlo2  =    1.4437716060227543            +-    1.2177555005977046E-003
  sig_LO   = (  0.29124946316508471            +-    1.7231311700831669E-004 ) fb
  sig_NLO  = (  0.34320726191665152            +-    1.9067414653289218E-004 ) fb
  sig_NNLO = (  0.34907394072374975            +-    2.0486204423413428E-004 ) fb
  sig_HHZ  = (  0.42049770518711937            +-    3.9431341620952911E-004 ) fb

  pp ---> HHZ + X
  ===============

  PDFSET = PDF4LHC21_40                                NSET =  29
  Sqrt(S)  = 13.6 TeV
  LOOP     = 3
  alphaS(MZ) =   0.11800
          kl =   1.00000
          kv =   1.00000
         k2v =   1.00000
         kth =   1.00000
         kbh =   1.00000
        cHsq =   0.00000
       chdup =   0.00000
         cHw =   0.00000
          cH =   0.00000
         cHb =   0.00000
        cHwb =   0.00000
      cHq1st =   0.00000
      cHq3st =   0.00000
      cHq1rd =   0.00000
      cHq3rd =   0.00000
       cHdst =   0.00000
       cHust =   0.00000
       cHdrd =   0.00000
       cHurd =   0.00000
         cth =  -6.00000
         cbh =   0.00000
 --------------

  mH       = 125.0000      GeV
  fact_scale 1.0
  ren_scale  1.0
  Kqq      =   0.25818749158172760            +-    2.4311433295358674E-004
  Kgq      =   -7.9772478561054058E-002       +-    1.3955422144853875E-004
  K_nlo    =    1.1784150130206736            +-    2.8032117224993051E-004
  Kqq2     =    5.7918521565279227E-002       +-    2.1084630278077842E-004
  Kgq2     =   -4.1487626513409349E-002       +-    1.4720695843388603E-004
  Kqqs     =    2.0376910808220963E-003       +-    3.6093177817498498E-006
  Kgg      =    1.6783584997880192E-003       +-    2.8020659918370611E-006
  Kgghhz   =   0.24552942175389669            +-    1.1582681008431342E-003
  K_nnlo   =    1.1985619576531537            +-    3.8042987575626471E-004
  K_nnlo2  =    1.4440913794070505            +-    1.2191439143098275E-003
  sig_LO   = (  0.29144276733567909            +-    1.7239425288808626E-004 ) fb
  sig_NLO  = (  0.34344053246465539            +-    1.9077283011440091E-004 ) fb
  sig_NNLO = (  0.34931221376170407            +-    2.0497004503693958E-004 ) fb
  sig_HHZ  = (  0.42086998789998881            +-    3.9492461942379194E-004 ) fb

  pp ---> HHZ + X
  ===============

  PDFSET = PDF4LHC21_40                                NSET =  30
  Sqrt(S)  = 13.6 TeV
  LOOP     = 3
  alphaS(MZ) =   0.11800
          kl =   1.00000
          kv =   1.00000
         k2v =   1.00000
         kth =   1.00000
         kbh =   1.00000
        cHsq =   0.00000
       chdup =   0.00000
         cHw =   0.00000
          cH =   0.00000
         cHb =   0.00000
        cHwb =   0.00000
      cHq1st =   0.00000
      cHq3st =   0.00000
      cHq1rd =   0.00000
      cHq3rd =   0.00000
       cHdst =   0.00000
       cHust =   0.00000
       cHdrd =   0.00000
       cHurd =   0.00000
         cth =  -6.00000
         cbh =   0.00000
 --------------

  mH       = 125.0000      GeV
  fact_scale 1.0
  ren_scale  1.0
  Kqq      =   0.25814090603070378            +-    2.4299279529176656E-004
  Kgq      =   -7.9843649452802090E-002       +-    1.3960760030017600E-004
  K_nlo    =    1.1782972565779017            +-    2.8024236051189702E-004
  Kqq2     =    5.7898986950348431E-002       +-    2.1083765939979685E-004
  Kgq2     =   -4.1522444204699326E-002       +-    1.4725271258543817E-004
  Kqqs     =    2.0314979672462858E-003       +-    3.5996444443553279E-006
  Kgg      =    1.6840564753711703E-003       +-    2.8062140482906958E-006
  Kgghhz   =   0.24640798564394889            +-    1.1614111761338124E-003
  K_nnlo   =    1.1983893537661681            +-    3.8038466436969440E-004
  K_nnlo2  =    1.4447973394101170            +-    1.2221163663645826E-003
  sig_LO   = (  0.29089694876369759            +-    1.7201466607171797E-004 ) fb
  sig_NLO  = (  0.34276307667514727            +-    1.9035447031552459E-004 ) fb
  sig_NNLO = (  0.34860780644147771            +-    2.0453135167918158E-004 ) fb
  sig_HHZ  = (  0.42028713761631142            +-    3.9493841290897606E-004 ) fb

  pp ---> HHZ + X
  ===============

  PDFSET = PDF4LHC21_40                                NSET =  31
  Sqrt(S)  = 13.6 TeV
  LOOP     = 3
  alphaS(MZ) =   0.11800
          kl =   1.00000
          kv =   1.00000
         k2v =   1.00000
         kth =   1.00000
         kbh =   1.00000
        cHsq =   0.00000
       chdup =   0.00000
         cHw =   0.00000
          cH =   0.00000
         cHb =   0.00000
        cHwb =   0.00000
      cHq1st =   0.00000
      cHq3st =   0.00000
      cHq1rd =   0.00000
      cHq3rd =   0.00000
       cHdst =   0.00000
       cHust =   0.00000
       cHdrd =   0.00000
       cHurd =   0.00000
         cth =  -6.00000
         cbh =   0.00000
 --------------

  mH       = 125.0000      GeV
  fact_scale 1.0
  ren_scale  1.0
  Kqq      =   0.25810085049207071            +-    2.4382584459567696E-004
  Kgq      =   -7.9743599834995585E-002       +-    1.3975207872681637E-004
  K_nlo    =    1.1783572506570752            +-    2.8103680542103642E-004
  Kqq2     =    5.7884000098691678E-002       +-    2.1137643856292446E-004
  Kgq2     =   -4.1470538305436497E-002       +-    1.4738174120614228E-004
  Kqqs     =    2.0305189038096381E-003       +-    3.6070711405447672E-006
  Kgg      =    1.6824897326330873E-003       +-    2.8088286368129880E-006
  Kgghhz   =   0.24618699577102540            +-    1.1619949848087126E-003
  K_nnlo   =    1.1984837210867731            +-    3.8131871564648582E-004
  K_nnlo2  =    1.4446707168577986            +-    1.2229621039193674E-003
  sig_LO   = (  0.28999023162507098            +-    1.7234741643544019E-004 ) fb
  sig_NLO  = (  0.34171209205512704            +-    1.9064507407492922E-004 ) fb
  sig_NNLO = (  0.34754857187683025            +-    2.0477129055822475E-004 ) fb
  sig_HHZ  = (  0.41894039580355025            +-    3.9430720485779749E-004 ) fb

  pp ---> HHZ + X
  ===============

  PDFSET = PDF4LHC21_40                                NSET =  32
  Sqrt(S)  = 13.6 TeV
  LOOP     = 3
  alphaS(MZ) =   0.11800
          kl =   1.00000
          kv =   1.00000
         k2v =   1.00000
         kth =   1.00000
         kbh =   1.00000
        cHsq =   0.00000
       chdup =   0.00000
         cHw =   0.00000
          cH =   0.00000
         cHb =   0.00000
        cHwb =   0.00000
      cHq1st =   0.00000
      cHq3st =   0.00000
      cHq1rd =   0.00000
      cHq3rd =   0.00000
       cHdst =   0.00000
       cHust =   0.00000
       cHdrd =   0.00000
       cHurd =   0.00000
         cth =  -6.00000
         cbh =   0.00000
 --------------

  mH       = 125.0000      GeV
  fact_scale 1.0
  ren_scale  1.0
  Kqq      =   0.25807915064864051            +-    2.4307338590268224E-004
  Kgq      =   -7.9812649462847676E-002       +-    1.3979647232556213E-004
  K_nlo    =    1.1782665011857929            +-    2.8040635622051427E-004
  Kqq2     =    5.7875182074304803E-002       +-    2.1084897669211306E-004
  Kgq2     =   -4.1504017705986433E-002       +-    1.4744719908411062E-004
  Kqqs     =    2.0345394762719994E-003       +-    3.6081839974209676E-006
  Kgg      =    1.6831872481323953E-003       +-    2.8121483122116257E-006
  Kgghhz   =   0.24624058655026682            +-    1.1622428852621361E-003
  K_nnlo   =    1.1983553922785157            +-    3.8058720323812213E-004
  K_nnlo2  =    1.4445959788287825            +-    1.2229698048648095E-003
  sig_LO   = (  0.29112775101331884            +-    1.7231576389674041E-004 ) fb
  sig_NLO  = (  0.34302607658455186            +-    1.9067470774898190E-004 ) fb
  sig_NNLO = (  0.34887451026872773            +-    2.0486398151343165E-004 ) fb
  sig_HHZ  = (  0.42056197843930743            +-    3.9554711944702481E-004 ) fb

  pp ---> HHZ + X
  ===============

  PDFSET = PDF4LHC21_40                                NSET =  33
  Sqrt(S)  = 13.6 TeV
  LOOP     = 3
  alphaS(MZ) =   0.11800
          kl =   1.00000
          kv =   1.00000
         k2v =   1.00000
         kth =   1.00000
         kbh =   1.00000
        cHsq =   0.00000
       chdup =   0.00000
         cHw =   0.00000
          cH =   0.00000
         cHb =   0.00000
        cHwb =   0.00000
      cHq1st =   0.00000
      cHq3st =   0.00000
      cHq1rd =   0.00000
      cHq3rd =   0.00000
       cHdst =   0.00000
       cHust =   0.00000
       cHdrd =   0.00000
       cHurd =   0.00000
         cth =  -6.00000
         cbh =   0.00000
 --------------

  mH       = 125.0000      GeV
  fact_scale 1.0
  ren_scale  1.0
  Kqq      =   0.25807434971644194            +-    2.4295358982255830E-004
  Kgq      =   -7.9759777437468052E-002       +-    1.3960125089626971E-004
  K_nlo    =    1.1783145722789738            +-    2.8020520348393094E-004
  Kqq2     =    5.7873457277895529E-002       +-    2.1078625487910943E-004
  Kgq2     =   -4.1479333738930653E-002       +-    1.4723510382902536E-004
  Kqqs     =    2.0321679779516572E-003       +-    3.6015822667295357E-006
  Kgg      =    1.6831086109116284E-003       +-    2.8126321209804817E-006
  Kgghhz   =   0.24623908396547481            +-    1.1624436915709153E-003
  K_nnlo   =    1.1984239724068020            +-    3.8032204695395705E-004
  K_nnlo2  =    1.4446630563722769            +-    1.2230781640893869E-003
  sig_LO   = (  0.29065537845463901            +-    1.7185528115165992E-004 ) fb
  sig_NLO  = (  0.34248346794436124            +-    1.9017682365173546E-004 ) fb
  sig_NNLO = (  0.34832837324901089            +-    2.0433774686863897E-004 ) fb
  sig_HHZ  = (  0.41989908738931958            +-    3.9485490635195869E-004 ) fb

  pp ---> HHZ + X
  ===============

  PDFSET = PDF4LHC21_40                                NSET =  34
  Sqrt(S)  = 13.6 TeV
  LOOP     = 3
  alphaS(MZ) =   0.11800
          kl =   1.00000
          kv =   1.00000
         k2v =   1.00000
         kth =   1.00000
         kbh =   1.00000
        cHsq =   0.00000
       chdup =   0.00000
         cHw =   0.00000
          cH =   0.00000
         cHb =   0.00000
        cHwb =   0.00000
      cHq1st =   0.00000
      cHq3st =   0.00000
      cHq1rd =   0.00000
      cHq3rd =   0.00000
       cHdst =   0.00000
       cHust =   0.00000
       cHdrd =   0.00000
       cHurd =   0.00000
         cth =  -6.00000
         cbh =   0.00000
 --------------

  mH       = 125.0000      GeV
  fact_scale 1.0
  ren_scale  1.0
  Kqq      =   0.25797448217629160            +-    2.4176492937221704E-004
  Kgq      =   -7.9821641700129481E-002       +-    1.3952100298207724E-004
  K_nlo    =    1.1781528404761623            +-    2.7913507724304000E-004
  Kqq2     =    5.7831722631697988E-002       +-    2.0952053466562231E-004
  Kgq2     =   -4.1509940425406032E-002       +-    1.4718349654198941E-004
  Kqqs     =    2.0334575185010128E-003       +-    3.5942426668842141E-006
  Kgg      =    1.6882307371504633E-003       +-    2.8222692632481485E-006
  Kgghhz   =   0.24693348778078436            +-    1.1652073583084221E-003
  K_nnlo   =    1.1981963109381057            +-    3.7881276540332516E-004
  K_nnlo2  =    1.4451297987188900            +-    1.2252376500453315E-003
  sig_LO   = (  0.29173458332053748            +-    1.7128449986821145E-004 ) fb
  sig_NLO  = (  0.34370792800422084            +-    1.8965698319569317E-004 ) fb
  sig_NNLO = (  0.34955530150773340            +-    2.0384174102113892E-004 ) fb
  sig_HHZ  = (  0.42159433967334758            +-    3.9636439377429324E-004 ) fb

  pp ---> HHZ + X
  ===============

  PDFSET = PDF4LHC21_40                                NSET =  35
  Sqrt(S)  = 13.6 TeV
  LOOP     = 3
  alphaS(MZ) =   0.11800
          kl =   1.00000
          kv =   1.00000
         k2v =   1.00000
         kth =   1.00000
         kbh =   1.00000
        cHsq =   0.00000
       chdup =   0.00000
         cHw =   0.00000
          cH =   0.00000
         cHb =   0.00000
        cHwb =   0.00000
      cHq1st =   0.00000
      cHq3st =   0.00000
      cHq1rd =   0.00000
      cHq3rd =   0.00000
       cHdst =   0.00000
       cHust =   0.00000
       cHdrd =   0.00000
       cHurd =   0.00000
         cth =  -6.00000
         cbh =   0.00000
 --------------

  mH       = 125.0000      GeV
  fact_scale 1.0
  ren_scale  1.0
  Kqq      =   0.25805242960179153            +-    2.4316364946887044E-004
  Kgq      =   -7.9766222413088977E-002       +-    1.3965426613208709E-004
  K_nlo    =    1.1782862071887026            +-    2.8041375585358060E-004
  Kqq2     =    5.7865239035860577E-002       +-    2.1089369462948967E-004
  Kgq2     =   -4.1480901999642786E-002       +-    1.4729549272755337E-004
  Kqqs     =    2.0308519884433586E-003       +-    3.6011663064663665E-006
  Kgg      =    1.6854728687905958E-003       +-    2.8153052057019782E-006
  Kgghhz   =   0.24657980025290457            +-    1.1635263999115878E-003
  K_nnlo   =    1.1983868690821542            +-    3.8055864387293682E-004
  K_nnlo2  =    1.4449666693350587            +-    1.2241807728916628E-003
  sig_LO   = (  0.29083881962635538            +-    1.7215552795103381E-004 ) fb
  sig_NLO  = (  0.34269136968077746            +-    1.9049613484416200E-004 ) fb
  sig_NNLO = (  0.34853742245957742            +-    2.0466523829464317E-004 ) fb
  sig_HHZ  = (  0.42025240050883467            +-    3.9547629832622106E-004 ) fb

  pp ---> HHZ + X
  ===============

  PDFSET = PDF4LHC21_40                                NSET =  36
  Sqrt(S)  = 13.6 TeV
  LOOP     = 3
  alphaS(MZ) =   0.11800
          kl =   1.00000
          kv =   1.00000
         k2v =   1.00000
         kth =   1.00000
         kbh =   1.00000
        cHsq =   0.00000
       chdup =   0.00000
         cHw =   0.00000
          cH =   0.00000
         cHb =   0.00000
        cHwb =   0.00000
      cHq1st =   0.00000
      cHq3st =   0.00000
      cHq1rd =   0.00000
      cHq3rd =   0.00000
       cHdst =   0.00000
       cHust =   0.00000
       cHdrd =   0.00000
       cHurd =   0.00000
         cth =  -6.00000
         cbh =   0.00000
 --------------

  mH       = 125.0000      GeV
  fact_scale 1.0
  ren_scale  1.0
  Kqq      =   0.25806496642329246            +-    2.4305660709191077E-004
  Kgq      =   -7.9948300400462496E-002       +-    1.4001241934844203E-004
  K_nlo    =    1.1781166660228302            +-    2.8049953979077303E-004
  Kqq2     =    5.7867398698950134E-002       +-    2.1078688455653631E-004
  Kgq2     =   -4.1572377357626138E-002       +-    1.4762679668247516E-004
  Kqqs     =    2.0302288897092696E-003       +-    3.5992964820252239E-006
  Kgg      =    1.6949734425659075E-003       +-    2.8346848148224342E-006
  Kgghhz   =   0.24800839063829799            +-    1.1714467452654009E-003
  K_nnlo   =    1.1981368896964293            +-    3.8069116616462194E-004
  K_nnlo2  =    1.4461452803347272            +-    1.2317521020841333E-003
  sig_LO   = (  0.29044868023079318            +-    1.7186045382757898E-004 ) fb
  sig_NLO  = (  0.34218243080423305            +-    1.9019330690772979E-004 ) fb
  sig_NNLO = (  0.34799727834815525            +-    2.0435756948564975E-004 ) fb
  sig_HHZ  = (  0.42003098809521189            +-    3.9689896179467919E-004 ) fb

  pp ---> HHZ + X
  ===============

  PDFSET = PDF4LHC21_40                                NSET =  37
  Sqrt(S)  = 13.6 TeV
  LOOP     = 3
  alphaS(MZ) =   0.11800
          kl =   1.00000
          kv =   1.00000
         k2v =   1.00000
         kth =   1.00000
         kbh =   1.00000
        cHsq =   0.00000
       chdup =   0.00000
         cHw =   0.00000
          cH =   0.00000
         cHb =   0.00000
        cHwb =   0.00000
      cHq1st =   0.00000
      cHq3st =   0.00000
      cHq1rd =   0.00000
      cHq3rd =   0.00000
       cHdst =   0.00000
       cHust =   0.00000
       cHdrd =   0.00000
       cHurd =   0.00000
         cth =  -6.00000
         cbh =   0.00000
 --------------

  mH       = 125.0000      GeV
  fact_scale 1.0
  ren_scale  1.0
  Kqq      =   0.25790472891432503            +-    2.4284867801809768E-004
  Kgq      =   -7.9615558475576886E-002       +-    1.3935178248162495E-004
  K_nlo    =    1.1782891704387481            +-    2.7998999927844527E-004
  Kqq2     =    5.7804795473593205E-002       +-    2.1056584328396481E-004
  Kgq2     =   -4.1402685681022774E-002       +-    1.4698347274529129E-004
  Kqqs     =    2.0282849678096727E-003       +-    3.5947046428075135E-006
  Kgg      =    1.6804999902807153E-003       +-    2.8070125852989012E-006
  Kgghhz   =   0.24585561908740378            +-    1.1602223254213730E-003
  K_nnlo   =    1.1984000651894089            +-    3.7994383339543734E-004
  K_nnlo2  =    1.4442556842768126            +-    1.2208493604623782E-003
  sig_LO   = (  0.29148310151054585            +-    1.7227339186329631E-004 ) fb
  sig_NLO  = (  0.34345138187577445            +-    1.9062711708613423E-004 ) fb
  sig_NNLO = (  0.34931336785184924            +-    2.0480006199477234E-004 ) fb
  sig_HHZ  = (  0.42097612622724107            +-    3.9536349875421640E-004 ) fb

  pp ---> HHZ + X
  ===============

  PDFSET = PDF4LHC21_40                                NSET =  38
  Sqrt(S)  = 13.6 TeV
  LOOP     = 3
  alphaS(MZ) =   0.11800
          kl =   1.00000
          kv =   1.00000
         k2v =   1.00000
         kth =   1.00000
         kbh =   1.00000
        cHsq =   0.00000
       chdup =   0.00000
         cHw =   0.00000
          cH =   0.00000
         cHb =   0.00000
        cHwb =   0.00000
      cHq1st =   0.00000
      cHq3st =   0.00000
      cHq1rd =   0.00000
      cHq3rd =   0.00000
       cHdst =   0.00000
       cHust =   0.00000
       cHdrd =   0.00000
       cHurd =   0.00000
         cth =  -6.00000
         cbh =   0.00000
 --------------

  mH       = 125.0000      GeV
  fact_scale 1.0
  ren_scale  1.0
  Kqq      =   0.25793999427904324            +-    2.4293999165384193E-004
  Kgq      =   -7.9639989183992899E-002       +-    1.3939474376025696E-004
  K_nlo    =    1.1783000050950503            +-    2.8009058201367015E-004
  Kqq2     =    5.7819135947814682E-002       +-    2.1073904610403711E-004
  Kgq2     =   -4.1413769096831907E-002       +-    1.4701338469802011E-004
  Kqqs     =    2.0299897092186741E-003       +-    3.5975789098809013E-006
  Kgg      =    1.6791743683329712E-003       +-    2.8042803006989171E-006
  Kgghhz   =   0.24566165948957877            +-    1.1591459327489550E-003
  K_nnlo   =    1.1984145360235845            +-    3.8012553390686841E-004
  K_nnlo2  =    1.4440761955131634            +-    1.2198830742888543E-003
  sig_LO   = (  0.29168067737890702            +-    1.7250853370175318E-004 ) fb
  sig_NLO  = (  0.34368734364169384            +-    1.9087586477991425E-004 ) fb
  sig_NNLO = (  0.34955436364808773            +-    2.0506711196901139E-004 ) fb
  sig_HHZ  = (  0.42120912289403445            +-    3.9542944857088051E-004 ) fb

  pp ---> HHZ + X
  ===============

  PDFSET = PDF4LHC21_40                                NSET =  39
  Sqrt(S)  = 13.6 TeV
  LOOP     = 3
  alphaS(MZ) =   0.11800
          kl =   1.00000
          kv =   1.00000
         k2v =   1.00000
         kth =   1.00000
         kbh =   1.00000
        cHsq =   0.00000
       chdup =   0.00000
         cHw =   0.00000
          cH =   0.00000
         cHb =   0.00000
        cHwb =   0.00000
      cHq1st =   0.00000
      cHq3st =   0.00000
      cHq1rd =   0.00000
      cHq3rd =   0.00000
       cHdst =   0.00000
       cHust =   0.00000
       cHdrd =   0.00000
       cHurd =   0.00000
         cth =  -6.00000
         cbh =   0.00000
 --------------

  mH       = 125.0000      GeV
  fact_scale 1.0
  ren_scale  1.0
  Kqq      =   0.25794932488788785            +-    2.4304637292277910E-004
  Kgq      =   -7.9839716128736207E-002       +-    1.3990106401706723E-004
  K_nlo    =    1.1781096087591516            +-    2.8043510319506392E-004
  Kqq2     =    5.7817946926828068E-002       +-    2.1083610386497822E-004
  Kgq2     =   -4.1510687097336414E-002       +-    1.4756210682098081E-004
  Kqqs     =    2.0278791455544437E-003       +-    3.5985716480986639E-006
  Kgg      =    1.6907859760385913E-003       +-    2.8264988129752647E-006
  Kgghhz   =   0.24733852440700568            +-    1.1673905787584265E-003
  K_nnlo   =    1.1981355337102362            +-    3.8064579858430441E-004
  K_nnlo2  =    1.4454740581172418            +-    1.2278810965862356E-003
  sig_LO   = (  0.29061592936781971            +-    1.7197840684817411E-004 ) fb
  sig_NLO  = (  0.34237741884669937            +-    1.9031196612519788E-004 ) fb
  sig_NNLO = (  0.34819727163780906            +-    2.0448408282009226E-004 ) fb
  sig_HHZ  = (  0.42007778677681618            +-    3.9612201019156032E-004 ) fb

  pp ---> HHZ + X
  ===============

  PDFSET = PDF4LHC21_40                                NSET =  40
  Sqrt(S)  = 13.6 TeV
  LOOP     = 3
  alphaS(MZ) =   0.11800
          kl =   1.00000
          kv =   1.00000
         k2v =   1.00000
         kth =   1.00000
         kbh =   1.00000
        cHsq =   0.00000
       chdup =   0.00000
         cHw =   0.00000
          cH =   0.00000
         cHb =   0.00000
        cHwb =   0.00000
      cHq1st =   0.00000
      cHq3st =   0.00000
      cHq1rd =   0.00000
      cHq3rd =   0.00000
       cHdst =   0.00000
       cHust =   0.00000
       cHdrd =   0.00000
       cHurd =   0.00000
         cth =  -6.00000
         cbh =   0.00000
 --------------

  mH       = 125.0000      GeV
  fact_scale 1.0
  ren_scale  1.0
  Kqq      =   0.25806854142357671            +-    2.4298349733097168E-004
  Kgq      =   -7.9769052717922340E-002       +-    1.3960023944201741E-004
  K_nlo    =    1.1782994887056546            +-    2.8023063149388026E-004
  Kqq2     =    5.7869703783269506E-002       +-    2.1069950468472482E-004
  Kgq2     =   -4.1484218752206044E-002       +-    1.4724624515750499E-004
  Kqqs     =    2.0323139834336188E-003       +-    3.6002695313456921E-006
  Kgg      =    1.6840841202605877E-003       +-    2.8125750692661437E-006
  Kgghhz   =   0.24638853179245265            +-    1.1628091635431555E-003
  K_nnlo   =    1.1984013718404123            +-    3.8029701199726764E-004
  K_nnlo2  =    1.4447899036328649            +-    1.2234177406568792E-003
  sig_LO   = (  0.29080475926880511            +-    1.7202203759893007E-004 ) fb
  sig_NLO  = (  0.34265509915960396            +-    1.9034860885867576E-004 ) fb
  sig_NNLO = (  0.34850082244545683            +-    2.0450479682258309E-004 ) fb
  sig_HHZ  = (  0.42015178011995535            +-    3.9518088420114483E-004 ) fb

  pp ---> HHZ + X
  ===============

  PDFSET = PDF4LHC21_40                                NSET =  41
  Sqrt(S)  = 13.6 TeV
  LOOP     = 3
  alphaS(MZ) =   0.11700
          kl =   1.00000
          kv =   1.00000
         k2v =   1.00000
         kth =   1.00000
         kbh =   1.00000
        cHsq =   0.00000
       chdup =   0.00000
         cHw =   0.00000
          cH =   0.00000
         cHb =   0.00000
        cHwb =   0.00000
      cHq1st =   0.00000
      cHq3st =   0.00000
      cHq1rd =   0.00000
      cHq3rd =   0.00000
       cHdst =   0.00000
       cHust =   0.00000
       cHdrd =   0.00000
       cHurd =   0.00000
         cth =  -6.00000
         cbh =   0.00000
 --------------

  mH       = 125.0000      GeV
  fact_scale 1.0
  ren_scale  1.0
  Kqq      =   0.25607284445021428            +-    2.4128662728238070E-004
  Kgq      =   -7.8262445905212863E-002       +-    1.3700673292063920E-004
  K_nlo    =    1.1778103985450015            +-    2.7747086580557224E-004
  Kqq2     =    5.6992060808098488E-002       +-    2.0790425355910372E-004
  Kgq2     =   -4.0430058885575486E-002       +-    1.4354270765320562E-004
  Kqqs     =    1.9989899107485790E-003       +-    3.5450731017054517E-006
  Kgg      =    1.6238279071206924E-003       +-    2.7101313485400537E-006
  Kgghhz   =   0.23775038707456941            +-    1.1192033828588243E-003
  K_nnlo   =    1.1979952182853939            +-    3.7528480024442556E-004
  K_nnlo2  =    1.4357456053599633            +-    1.1804469041414504E-003
  sig_LO   = (  0.29188150097791460            +-    1.7265652966652549E-004 ) fb
  sig_NLO  = (  0.34378106699471078            +-    1.9070771520305577E-004 ) fb
  sig_NNLO = (  0.34967264247750512            +-    2.0447249696811112E-004 ) fb
  sig_HHZ  = (  0.41906758231491065            +-    3.8538993627999936E-004 ) fb

  pp ---> HHZ + X
  ===============

  PDFSET = PDF4LHC21_40                                NSET =  42
  Sqrt(S)  = 13.6 TeV
  LOOP     = 3
  alphaS(MZ) =   0.11900
          kl =   1.00000
          kv =   1.00000
         k2v =   1.00000
         kth =   1.00000
         kbh =   1.00000
        cHsq =   0.00000
       chdup =   0.00000
         cHw =   0.00000
          cH =   0.00000
         cHb =   0.00000
        cHwb =   0.00000
      cHq1st =   0.00000
      cHq3st =   0.00000
      cHq1rd =   0.00000
      cHq3rd =   0.00000
       cHdst =   0.00000
       cHust =   0.00000
       cHdrd =   0.00000
       cHurd =   0.00000
         cth =  -6.00000
         cbh =   0.00000
 --------------

  mH       = 125.0000      GeV
  fact_scale 1.0
  ren_scale  1.0
  Kqq      =   0.25983962554612683            +-    2.4457035449007894E-004
  Kgq      =   -7.8921045444510313E-002       +-    1.3823377643353273E-004
  K_nlo    =    1.1809185801016164            +-    2.8093279488603456E-004
  Kqq2     =    5.8665123423498867E-002       +-    2.1357920455850182E-004
  Kgq2     =   -4.1315585286516930E-002       +-    1.4677331370130506E-004
  Kqqs     =    2.0609990542364729E-003       +-    3.6512837626031496E-006
  Kgg      =    1.6548946397177109E-003       +-    2.7730445477483886E-006
  Kgghhz   =   0.24226363915272264            +-    1.1408525779926558E-003
  K_nnlo   =    1.2019840119325524            +-    3.8223388013932215E-004
  K_nnlo2  =    1.4442476510852751            +-    1.2031821740031102E-003
  sig_LO   = (  0.29229054808377575            +-    1.7283924064198165E-004 ) fb
  sig_NLO  = (  0.34517133902021568            +-    1.9135336997009211E-004 ) fb
  sig_NNLO = (  0.35132856563570142            +-    2.0580454346999708E-004 ) fb
  sig_HHZ  = (  0.42213993750442080            +-    3.9185630702719739E-004 ) fb

