  pp ---> HHW- + X
  ===============

  PDFSET = PDF4LHC21_40                                NSET =   0
  Sqrt(S)  = 14.0 TeV
  LOOP     = 3
  alphaS(MZ) =   0.11800
          kl =   1.00000
          kv =   1.00000
         k2v =   1.00000
         kth =   1.00000
         kbh =   1.00000
        cHsq =   0.00000
       chdup =   0.00000
         cHw =   0.00000
          cH =   0.00000
         cHb =   0.00000
        cHwb =   0.00000
      cHq1st =   0.00000
      cHq3st =  -0.11429
      cHq1rd =   0.00000
      cHq3rd =   0.00000
       cHdst =   0.00000
       cHust =   0.00000
       cHdrd =   0.00000
       cHurd =   0.00000
         cth =   0.00000
         cbh =   0.00000
 --------------

  mH       = 125.0000      GeV
  fact_scale 0.5
  ren_scale  0.5
  Kqq      =   0.20859960810717701            +-   -2.6302753736089302E-004
  Kgq      =   -3.7406172514453918E-002       +-   -1.5462169874153758E-004
  K_nlo    =    1.1711934355927232            +-    3.0510875951348033E-004
  Kqq2     =    2.6437507060379530E-002       +-   -2.1065429739678963E-004
  Kgq2     =   -2.2586601376256028E-002       +-   -1.5748404572345169E-004
  Kqqs     =    1.1681286343373548E-003       +-   -3.2455277127749172E-006
  Kgg      =    4.3963117425225749E-004       +-   -2.2541254453982935E-006
  K_nnlo   =    1.1766521010854363            +-    4.0284417251919388E-004
  sig_LO   = (  -1.3210790255896003            +-    9.1719522528666355E-004 ) fb
  sig_NLO  = (  -1.5472390826697711            +-    1.0018556530038722E-003 ) fb
  sig_NNLO = (  -1.5544504111599040            +-    1.0604113348423605E-003 ) fb

  mH       = 125.0000      GeV
  fact_scale 1.0
  ren_scale  0.5
  Kqq      =   0.29124726537248458            +-   -3.1657889329602849E-004
  Kgq      =   -9.6178351206171700E-002       +-   -1.4829596925234020E-004
  K_nlo    =    1.1950689141663129            +-    3.4959103274687873E-004
  Kqq2     =    4.8825288758296330E-002       +-   -3.1902945254768089E-004
  Kgq2     =   -4.6154147729670358E-002       +-   -1.9934732417041556E-004
  Kqqs     =    2.5210043968068498E-003       +-   -4.4055477209140264E-006
  Kgg      =    1.6156682460179261E-003       +-   -2.6776506192758023E-006
  K_nnlo   =    1.2018767278377638            +-    5.1357532659520070E-004
  sig_LO   = (  -1.2820121663963122            +-    8.8837654492916849E-004 ) fb
  sig_NLO  = (  -1.5320928876432434            +-    9.9502671303639554E-004 ) fb
  sig_NNLO = (  -1.5408205875966023            +-    1.1057650621972151E-003 ) fb

  mH       = 125.0000      GeV
  fact_scale 0.5
  ren_scale  1.0
  Kqq      =   0.19237254536010132            +-   -2.4283632864859620E-004
  Kgq      =   -3.4491765466231776E-002       +-   -1.4235770028929714E-004
  K_nlo    =    1.1578807798938695            +-    2.8148747279974355E-004
  Kqq2     =    3.6659375179522294E-002       +-   -1.5371838254564225E-004
  Kgq2     =   -2.1673428778884545E-002       +-   -1.2914448018342070E-004
  Kqqs     =    9.9069929578598712E-004       +-   -2.7643010768974081E-006
  Kgg      =    3.7261230480954650E-004       +-   -1.9085710772024598E-006
  K_nnlo   =    1.1742300378951029            +-    3.4576598913351961E-004
  sig_LO   = (  -1.3210790255896003            +-    9.1719522528666355E-004 ) fb
  sig_NLO  = (  -1.5296520124511197            +-    9.8971323774074194E-004 ) fb
  sig_NNLO = (  -1.5512506742805019            +-    1.0246457353690541E-003 ) fb

  mH       = 125.0000      GeV
  fact_scale 1.0
  ren_scale  1.0
  Kqq      =   0.26859345079832392            +-   -2.9213682185333617E-004
  Kgq      =   -8.8595321705692467E-002       +-   -1.3659132657120544E-004
  K_nlo    =    1.1799981290926314            +-    3.2249203583507234E-004
  Kqq2     =    6.1342022292620806E-002       +-   -2.3035223099742409E-004
  Kgq2     =   -4.5821768809133308E-002       +-   -1.5466869969151548E-004
  Kqqs     =    2.1422552820007201E-003       +-   -3.7422378245697850E-006
  Kgg      =    1.3678995762199224E-003       +-   -2.2648434582818644E-006
  K_nnlo   =    1.1990285374343395            +-    4.2544659362442962E-004
  sig_LO   = (  -1.2820121663963122            +-    8.8837654492916849E-004 ) fb
  sig_NLO  = (  -1.5127719578216396            +-    9.7986961143112228E-004 ) fb
  sig_NNLO = (  -1.5371691728471992            +-    1.0424510883105594E-003 ) fb

  mH       = 125.0000      GeV
  fact_scale 1.5
  ren_scale  1.0
  Kqq      =   0.31407946937507158            +-   -3.3814387077915007E-004
  Kgq      =  -0.11919725801259179            +-   -1.7584163257151550E-004
  K_nlo    =    1.1948822113624800            +-    3.8113194184025351E-004
  Kqq2     =    7.6029434658867814E-002       +-   -2.9907272537941560E-004
  Kgq2     =   -6.2935676529688983E-002       +-   -1.9440466731716606E-004
  Kqqs     =    3.7656519347002378E-003       +-   -4.8697500761968167E-006
  Kgg      =    2.2457267297936565E-003       +-   -3.0359054899563819E-006
  K_nnlo   =    1.2139873481561529            +-    5.2204612633314335E-004
  sig_LO   = (  -1.2595653456591465            +-    8.7164293400957633E-004 ) fb
  sig_NLO  = (  -1.5050322255767470            +-    9.9509776941897744E-004 ) fb
  sig_NNLO = (  -1.5290963938061348            +-    1.0918493474875487E-003 ) fb

  mH       = 125.0000      GeV
  fact_scale 2.0
  ren_scale  1.0
  Kqq      =   0.34669883207453378            +-   -3.7297669308205959E-004
  Kgq      =  -0.14031634149583760            +-   -1.8023018175856423E-004
  K_nlo    =    1.2063824905786960            +-    4.1423970355236833E-004
  Kqq2     =    8.6564361095281303E-002       +-   -3.5865653194953537E-004
  Kgq2     =   -7.6382647907746959E-002       +-   -2.3017607241825083E-004
  Kqqs     =    5.3185960477976687E-003       +-   -5.6476638567014597E-006
  Kgg      =    2.9837939480122991E-003       +-   -3.3734365483663055E-006
  K_nnlo   =    1.2248665937620404            +-    5.9435119281809983E-004
  sig_LO   = (  -1.2438789988246488            +-    8.6017376235825063E-004 ) fb
  sig_NLO  = (  -1.5005938445806148            +-    1.0026943507077800E-003 ) fb
  sig_NNLO = (  -1.5235858323424847            +-    1.1342243255956490E-003 ) fb

  mH       = 125.0000      GeV
  fact_scale 1.0
  ren_scale  1.5
  Kqq      =   0.25693488726636154            +-   -2.7953564709736134E-004
  Kgq      =   -8.4699570147099446E-002       +-   -1.3058089131332158E-004
  K_nlo    =    1.1722353171192621            +-    3.0853127422405987E-004
  Kqq2     =    6.6856236395206714E-002       +-   -2.2218374842288059E-004
  Kgq2     =   -4.5472236894631070E-002       +-   -1.4373758962098044E-004
  Kqqs     =    1.9594951940979945E-003       +-   -3.4225298907806896E-006
  Kgg      =    1.2488307577665939E-003       +-   -2.0667289634884151E-006
  K_nnlo   =    1.1968276425717024            +-    4.0648941559046179E-004
  sig_LO   = (  -1.2820121663963122            +-    8.8837654492916849E-004 ) fb
  sig_NLO  = (  -1.5028199384263332            +-    9.7245331375782080E-004 ) fb
  sig_NNLO = (  -1.5343475988563393            +-    1.0299434456088245E-003 ) fb

  mH       = 125.0000      GeV
  fact_scale 1.5
  ren_scale  1.5
  Kqq      =   0.30044327903201762            +-   -3.2354001522255784E-004
  Kgq      =  -0.11394422404504866            +-   -1.6812928670863886E-004
  K_nlo    =    1.1864990549869689            +-    3.6461705733463522E-004
  Kqq2     =    8.2103175723333172E-002       +-   -2.7505742960201498E-004
  Kgq2     =   -6.2393249008301045E-002       +-   -1.8896325404297356E-004
  Kqqs     =    3.4436803574382086E-003       +-   -4.4526087128252894E-006
  Kgg      =    2.0498726764695443E-003       +-   -2.7720827351617912E-006
  K_nnlo   =    1.2117025347359089            +-    4.9430436941644111E-004
  sig_LO   = (  -1.2595653456591465            +-    8.7164293400957633E-004 ) fb
  sig_NLO  = (  -1.4944730923189122            +-    9.8523106048365350E-004 ) fb
  sig_NNLO = (  -1.5262185220006990            +-    1.0711689597588847E-003 ) fb

  mH       = 125.0000      GeV
  fact_scale 2.0
  ren_scale  1.5
  Kqq      =   0.33164227547999647            +-   -3.5689315752171860E-004
  Kgq      =  -0.13412530744356027            +-   -1.7230166227568444E-004
  K_nlo    =    1.1975169680364364            +-    3.9630870380145104E-004
  Kqq2     =    9.3023921853137556E-002       +-   -3.1655516862762092E-004
  Kgq2     =   -7.5552814501003582E-002       +-   -2.2308179432428549E-004
  Kqqs     =    4.8631097115541602E-003       +-   -5.1644097791135270E-006
  Kgg      =    2.7233233037141247E-003       +-   -3.0804704382801893E-006
  K_nnlo   =    1.2225745084038384            +-    5.5413844017454549E-004
  sig_LO   = (  -1.2438789988246488            +-    8.6017376235825063E-004 ) fb
  sig_NLO  = (  -1.4895662072766911            +-    9.9141743767282992E-004 ) fb
  sig_NNLO = (  -1.5207347555019035            +-    1.1022737546769598E-003 ) fb

  mH       = 125.0000      GeV
  fact_scale 1.0
  ren_scale  2.0
  Kqq      =   0.24926948057986009            +-   -2.7124519185761588E-004
  Kgq      =   -8.2140842851905885E-002       +-   -1.2663479812477139E-004
  K_nlo    =    1.1671286377279542            +-    2.9934983915475292E-004
  Kqq2     =    7.0061240083013829E-002       +-   -2.2442446644020556E-004
  Kgq2     =   -4.5176956859226708E-002       +-   -1.4041636871823865E-004
  Kqqs     =    1.8438289407803317E-003       +-   -3.2202943970565058E-006
  Kgg      =    1.1736490731135323E-003       +-   -1.9417416415938638E-006
  K_nnlo   =    1.1950303989656352            +-    3.9963428856839867E-004
  sig_LO   = (  -1.2820121663963122            +-    8.8837654492916849E-004 ) fb
  sig_NLO  = (  -1.4962731133167910            +-    9.6772537567029187E-004 ) fb
  sig_NNLO = (  -1.5320435106873831            +-    1.0255247842080059E-003 ) fb

  mH       = 125.0000      GeV
  fact_scale 1.5
  ren_scale  2.0
  Kqq      =   0.29147815996627274            +-   -3.1393924728692412E-004
  Kgq      =  -0.11049426543073490            +-   -1.6306019499145912E-004
  K_nlo    =    1.1809838945355380            +-    3.5376048136801994E-004
  Kqq2     =    8.5630818634443606E-002       +-   -2.7737500729238740E-004
  Kgq2     =   -6.1931461655291217E-002       +-   -1.8521356653601354E-004
  Kqqs     =    3.2399543971727836E-003       +-   -4.1886490980919615E-006
  Kgg      =    1.9262381144866433E-003       +-   -2.6055197460799617E-006
  K_nnlo   =    1.2098494440263499            +-    4.8622193655941689E-004
  sig_LO   = (  -1.2595653456591465            +-    8.7164293400957633E-004 ) fb
  sig_NLO  = (  -1.4875263873385398            +-    9.7893150947748076E-004 ) fb
  sig_NNLO = (  -1.5238844331605754            +-    1.0652839194302374E-003 ) fb

  mH       = 125.0000      GeV
  fact_scale 2.0
  ren_scale  2.0
  Kqq      =   0.32174355551419942            +-   -3.4631756809829596E-004
  Kgq      =  -0.13005996239179010            +-   -1.6709546825263897E-004
  K_nlo    =    1.1916835931224092            +-    3.8452146036871150E-004
  Kqq2     =    9.6810114213713758E-002       +-   -3.1643132747131254E-004
  Kgq2     =   -7.4881772635097876E-002       +-   -2.1704601224425645E-004
  Kqqs     =    4.5749624223783321E-003       +-   -4.8586413885218445E-006
  Kgg      =    2.5589113246786131E-003       +-   -2.8954810436049005E-006
  K_nnlo   =    1.2207458084480820            +-    5.4325546488470189E-004
  sig_LO   = (  -1.2438789988246488            +-    8.6017376235825063E-004 ) fb
  sig_NLO  = (  -1.4823101947288626            +-    9.8420934768057053E-004 ) fb
  sig_NNLO = (  -1.5184600740317868            +-    1.0938596533219519E-003 ) fb

  pp ---> HHW- + X
  ===============

  PDFSET = PDF4LHC21_40                                NSET =   1
  Sqrt(S)  = 14.0 TeV
  LOOP     = 3
  alphaS(MZ) =   0.11800
          kl =   1.00000
          kv =   1.00000
         k2v =   1.00000
         kth =   1.00000
         kbh =   1.00000
        cHsq =   0.00000
       chdup =   0.00000
         cHw =   0.00000
          cH =   0.00000
         cHb =   0.00000
        cHwb =   0.00000
      cHq1st =   0.00000
      cHq3st =  -0.11429
      cHq1rd =   0.00000
      cHq3rd =   0.00000
       cHdst =   0.00000
       cHust =   0.00000
       cHdrd =   0.00000
       cHurd =   0.00000
         cth =   0.00000
         cbh =   0.00000
 --------------

  mH       = 125.0000      GeV
  fact_scale 1.0
  ren_scale  1.0
  Kqq      =   0.26889670439159785            +-   -2.8861036747294185E-004
  Kgq      =   -8.9096440670946103E-002       +-   -1.3628414630504005E-004
  K_nlo    =    1.1798002637206517            +-    3.1916972404499785E-004
  Kqq2     =    6.1471301019170782E-002       +-   -2.2800956429763734E-004
  Kgq2     =   -4.6088214634421795E-002       +-   -1.5380938876936301E-004
  Kqqs     =    2.1546173874833784E-003       +-   -3.7253208335118470E-006
  Kgg      =    1.3743840484809909E-003       +-   -2.2759592131426764E-006
  K_nnlo   =    1.1987123515413651            +-    4.2134790878490906E-004
  sig_LO   = (  -1.2758566170114014            +-    8.6560823608822885E-004 ) fb
  sig_NLO  = (  -1.5052559732197899            +-    9.5660938490269866E-004 ) fb
  sig_NNLO = (  -1.5293850856073474            +-    1.0189550313951465E-003 ) fb

  pp ---> HHW- + X
  ===============

  PDFSET = PDF4LHC21_40                                NSET =   2
  Sqrt(S)  = 14.0 TeV
  LOOP     = 3
  alphaS(MZ) =   0.11800
          kl =   1.00000
          kv =   1.00000
         k2v =   1.00000
         kth =   1.00000
         kbh =   1.00000
        cHsq =   0.00000
       chdup =   0.00000
         cHw =   0.00000
          cH =   0.00000
         cHb =   0.00000
        cHwb =   0.00000
      cHq1st =   0.00000
      cHq3st =  -0.11429
      cHq1rd =   0.00000
      cHq3rd =   0.00000
       cHdst =   0.00000
       cHust =   0.00000
       cHdrd =   0.00000
       cHurd =   0.00000
         cth =   0.00000
         cbh =   0.00000
 --------------

  mH       = 125.0000      GeV
  fact_scale 1.0
  ren_scale  1.0
  Kqq      =   0.26857619703658409            +-   -2.9374685560188568E-004
  Kgq      =   -8.9682306386962882E-002       +-   -1.3777679771079265E-004
  K_nlo    =    1.1788938906496211            +-    3.2445286431689234E-004
  Kqq2     =    6.1328191978288239E-002       +-   -2.3205886436165231E-004
  Kgq2     =   -4.6398512169504642E-002       +-   -1.5577360822545408E-004
  Kqqs     =    2.1766088166231060E-003       +-   -3.8007957117448997E-006
  Kgg      =    1.3615517353710346E-003       +-   -2.2468836174771034E-006
  K_nnlo   =    1.1973617310103988            +-    4.2825913795956029E-004
  sig_LO   = (  -1.2795671574846164            +-    8.9175629479134873E-004 ) fb
  sig_NLO  = (  -1.5084739046345159            +-    9.8365973537564927E-004 ) fb
  sig_NNLO = (  -1.5321047466298361            +-    1.0466701031289275E-003 ) fb

  pp ---> HHW- + X
  ===============

  PDFSET = PDF4LHC21_40                                NSET =   3
  Sqrt(S)  = 14.0 TeV
  LOOP     = 3
  alphaS(MZ) =   0.11800
          kl =   1.00000
          kv =   1.00000
         k2v =   1.00000
         kth =   1.00000
         kbh =   1.00000
        cHsq =   0.00000
       chdup =   0.00000
         cHw =   0.00000
          cH =   0.00000
         cHb =   0.00000
        cHwb =   0.00000
      cHq1st =   0.00000
      cHq3st =  -0.11429
      cHq1rd =   0.00000
      cHq3rd =   0.00000
       cHdst =   0.00000
       cHust =   0.00000
       cHdrd =   0.00000
       cHurd =   0.00000
         cth =   0.00000
         cbh =   0.00000
 --------------

  mH       = 125.0000      GeV
  fact_scale 1.0
  ren_scale  1.0
  Kqq      =   0.26899427478875371            +-   -2.9654989819246751E-004
  Kgq      =   -8.9341579165974377E-002       +-   -1.3706249756135737E-004
  K_nlo    =    1.1796526956227793            +-    3.2669247061375620E-004
  Kqq2     =    6.1474993877508169E-002       +-   -2.3396455649228021E-004
  Kgq2     =   -4.6209223086882877E-002       +-   -1.5489204204342051E-004
  Kqqs     =    2.1557770750381651E-003       +-   -3.7653655489767941E-006
  Kgg      =    1.3749699737972726E-003       +-   -2.2767327327366077E-006
  K_nnlo   =    1.1984492134622400            +-    4.3067190554804457E-004
  sig_LO   = (  -1.2707095810577449            +-    8.9762468842636352E-004 ) fb
  sig_NLO  = (  -1.4989959826484613            +-    9.8897120182968269E-004 ) fb
  sig_NNLO = (  -1.5228808979575870            +-    1.0512955831496020E-003 ) fb

  pp ---> HHW- + X
  ===============

  PDFSET = PDF4LHC21_40                                NSET =   4
  Sqrt(S)  = 14.0 TeV
  LOOP     = 3
  alphaS(MZ) =   0.11800
          kl =   1.00000
          kv =   1.00000
         k2v =   1.00000
         kth =   1.00000
         kbh =   1.00000
        cHsq =   0.00000
       chdup =   0.00000
         cHw =   0.00000
          cH =   0.00000
         cHb =   0.00000
        cHwb =   0.00000
      cHq1st =   0.00000
      cHq3st =  -0.11429
      cHq1rd =   0.00000
      cHq3rd =   0.00000
       cHdst =   0.00000
       cHust =   0.00000
       cHdrd =   0.00000
       cHurd =   0.00000
         cth =   0.00000
         cbh =   0.00000
 --------------

  mH       = 125.0000      GeV
  fact_scale 1.0
  ren_scale  1.0
  Kqq      =   0.26909328402595795            +-   -2.9117912525966410E-004
  Kgq      =   -8.9983904526211148E-002       +-   -1.3888636373165651E-004
  K_nlo    =    1.1791093794997467            +-    3.2260611435244865E-004
  Kqq2     =    6.1550094384476513E-002       +-   -2.2974097831612330E-004
  Kgq2     =   -4.6533133961521485E-002       +-   -1.5735673528338579E-004
  Kqqs     =    2.1669639671527126E-003       +-   -3.7846987501100693E-006
  Kgg      =    1.3989123241531401E-003       +-   -2.3214709499945354E-006
  K_nnlo   =    1.1976922162140073            +-    4.2618831218873296E-004
  sig_LO   = (  -1.2588228240249295            +-    8.6822099135564791E-004 ) fb
  sig_NLO  = (  -1.4842897989361536            +-    9.5850305155830340E-004 ) fb
  sig_NNLO = (  -1.5076822979271938            +-    1.0206053064335215E-003 ) fb

  pp ---> HHW- + X
  ===============

  PDFSET = PDF4LHC21_40                                NSET =   5
  Sqrt(S)  = 14.0 TeV
  LOOP     = 3
  alphaS(MZ) =   0.11800
          kl =   1.00000
          kv =   1.00000
         k2v =   1.00000
         kth =   1.00000
         kbh =   1.00000
        cHsq =   0.00000
       chdup =   0.00000
         cHw =   0.00000
          cH =   0.00000
         cHb =   0.00000
        cHwb =   0.00000
      cHq1st =   0.00000
      cHq3st =  -0.11429
      cHq1rd =   0.00000
      cHq3rd =   0.00000
       cHdst =   0.00000
       cHust =   0.00000
       cHdrd =   0.00000
       cHurd =   0.00000
         cth =   0.00000
         cbh =   0.00000
 --------------

  mH       = 125.0000      GeV
  fact_scale 1.0
  ren_scale  1.0
  Kqq      =   0.26899907562269659            +-   -2.9458761235913146E-004
  Kgq      =   -8.8828369375397995E-002       +-   -1.3674302998391118E-004
  K_nlo    =    1.1801707062472986            +-    3.2477764332637606E-004
  Kqq2     =    6.1484357770702325E-002       +-   -2.3207648773599637E-004
  Kgq2     =   -4.5954262351432268E-002       +-   -1.5488363700756277E-004
  Kqqs     =    2.1495805558838801E-003       +-   -3.7536335071780282E-006
  Kgg      =    1.3661817638402074E-003       +-   -2.2686881485008711E-006
  K_nnlo   =    1.1992165639862928            +-    4.2819176952344921E-004
  sig_LO   = (  -1.2728538455348144            +-    8.8810686563348042E-004 ) fb
  sig_NLO  = (  -1.5021848218344118            +-    9.7960644877093193E-004 ) fb
  sig_NNLO = (  -1.5264274150989996            +-    1.0420108658472350E-003 ) fb

  pp ---> HHW- + X
  ===============

  PDFSET = PDF4LHC21_40                                NSET =   6
  Sqrt(S)  = 14.0 TeV
  LOOP     = 3
  alphaS(MZ) =   0.11800
          kl =   1.00000
          kv =   1.00000
         k2v =   1.00000
         kth =   1.00000
         kbh =   1.00000
        cHsq =   0.00000
       chdup =   0.00000
         cHw =   0.00000
          cH =   0.00000
         cHb =   0.00000
        cHwb =   0.00000
      cHq1st =   0.00000
      cHq3st =  -0.11429
      cHq1rd =   0.00000
      cHq3rd =   0.00000
       cHdst =   0.00000
       cHust =   0.00000
       cHdrd =   0.00000
       cHurd =   0.00000
         cth =   0.00000
         cbh =   0.00000
 --------------

  mH       = 125.0000      GeV
  fact_scale 1.0
  ren_scale  1.0
  Kqq      =   0.26863729768521033            +-   -2.9317159183901888E-004
  Kgq      =   -8.8996268881547769E-002       +-   -1.3672952330202244E-004
  K_nlo    =    1.1796410288036625            +-    3.2348809066768221E-004
  Kqq2     =    6.1351380692835675E-002       +-   -2.3199671039911740E-004
  Kgq2     =   -4.6015774768620565E-002       +-   -1.5452539119948229E-004
  Kqqs     =    2.1461269428898438E-003       +-   -3.7445744912078945E-006
  Kgg      =    1.3720143392289008E-003       +-   -2.2742440249665592E-006
  K_nnlo   =    1.1984947760099962            +-    4.2704134341910372E-004
  sig_LO   = (  -1.2831577773959217            +-    8.9618008624480004E-004 ) fb
  sig_NLO  = (  -1.5136655606447462            +-    9.8764130622085579E-004 ) fb
  sig_NNLO = (  -1.5378578930056102            +-    1.0504287058012874E-003 ) fb

  pp ---> HHW- + X
  ===============

  PDFSET = PDF4LHC21_40                                NSET =   7
  Sqrt(S)  = 14.0 TeV
  LOOP     = 3
  alphaS(MZ) =   0.11800
          kl =   1.00000
          kv =   1.00000
         k2v =   1.00000
         kth =   1.00000
         kbh =   1.00000
        cHsq =   0.00000
       chdup =   0.00000
         cHw =   0.00000
          cH =   0.00000
         cHb =   0.00000
        cHwb =   0.00000
      cHq1st =   0.00000
      cHq3st =  -0.11429
      cHq1rd =   0.00000
      cHq3rd =   0.00000
       cHdst =   0.00000
       cHust =   0.00000
       cHdrd =   0.00000
       cHurd =   0.00000
         cth =   0.00000
         cbh =   0.00000
 --------------

  mH       = 125.0000      GeV
  fact_scale 1.0
  ren_scale  1.0
  Kqq      =   0.26927195355658273            +-   -2.9909170337046352E-004
  Kgq      =   -8.9074700417538746E-002       +-   -1.3725516579646296E-004
  K_nlo    =    1.1801972531390441            +-    3.2908179463905302E-004
  Kqq2     =    6.1648749472084242E-002       +-   -2.2905539444736879E-004
  Kgq2     =   -4.6079593975324448E-002       +-   -1.5544898258160037E-004
  Kqqs     =    2.1543648584709937E-003       +-   -3.7827385003228213E-006
  Kgg      =    1.3697014893336286E-003       +-   -2.2683702724461457E-006
  K_nnlo   =    1.1992904749836086            +-    4.3005237133192164E-004
  sig_LO   = (  -1.2708746996225329            +-    9.1128511326600960E-004 ) fb
  sig_NLO  = (  -1.4998828295784208            +-    1.0026714170267655E-003 ) fb
  sig_NNLO = (  -1.5241479221549581            +-    1.0626144440935585E-003 ) fb

  pp ---> HHW- + X
  ===============

  PDFSET = PDF4LHC21_40                                NSET =   8
  Sqrt(S)  = 14.0 TeV
  LOOP     = 3
  alphaS(MZ) =   0.11800
          kl =   1.00000
          kv =   1.00000
         k2v =   1.00000
         kth =   1.00000
         kbh =   1.00000
        cHsq =   0.00000
       chdup =   0.00000
         cHw =   0.00000
          cH =   0.00000
         cHb =   0.00000
        cHwb =   0.00000
      cHq1st =   0.00000
      cHq3st =  -0.11429
      cHq1rd =   0.00000
      cHq3rd =   0.00000
       cHdst =   0.00000
       cHust =   0.00000
       cHdrd =   0.00000
       cHurd =   0.00000
         cth =   0.00000
         cbh =   0.00000
 --------------

  mH       = 125.0000      GeV
  fact_scale 1.0
  ren_scale  1.0
  Kqq      =   0.26838273987585276            +-   -2.9258059063975425E-004
  Kgq      =   -8.8708367135384797E-002       +-   -1.3727940778727560E-004
  K_nlo    =    1.1796743727404679            +-    3.2318576364303637E-004
  Kqq2     =    6.1251546881858535E-002       +-   -2.3063863808302470E-004
  Kgq2     =   -4.5851614582288452E-002       +-   -1.5529714611397141E-004
  Kqqs     =    2.1482253521306477E-003       +-   -3.7568912100637749E-006
  Kgg      =    1.3692115125515541E-003       +-   -2.2754837807977556E-006
  K_nnlo   =    1.1985917419047203            +-    4.2635632380377581E-004
  sig_LO   = (  -1.2869880162113210            +-    8.9397274082178644E-004 ) fb
  sig_NLO  = (  -1.5182267807485892            +-    9.8599705263828974E-004 ) fb
  sig_NNLO = (  -1.5425732081612273            +-    1.0489403885036426E-003 ) fb

  pp ---> HHW- + X
  ===============

  PDFSET = PDF4LHC21_40                                NSET =   9
  Sqrt(S)  = 14.0 TeV
  LOOP     = 3
  alphaS(MZ) =   0.11800
          kl =   1.00000
          kv =   1.00000
         k2v =   1.00000
         kth =   1.00000
         kbh =   1.00000
        cHsq =   0.00000
       chdup =   0.00000
         cHw =   0.00000
          cH =   0.00000
         cHb =   0.00000
        cHwb =   0.00000
      cHq1st =   0.00000
      cHq3st =  -0.11429
      cHq1rd =   0.00000
      cHq3rd =   0.00000
       cHdst =   0.00000
       cHust =   0.00000
       cHdrd =   0.00000
       cHurd =   0.00000
         cth =   0.00000
         cbh =   0.00000
 --------------

  mH       = 125.0000      GeV
  fact_scale 1.0
  ren_scale  1.0
  Kqq      =   0.26868275906376438            +-   -2.9040204110336197E-004
  Kgq      =   -8.9028336203436448E-002       +-   -1.3669713544039704E-004
  K_nlo    =    1.1796544228603278            +-    3.2096643487226038E-004
  Kqq2     =    6.1385357470464183E-002       +-   -2.2856180133584231E-004
  Kgq2     =   -4.6026795723738016E-002       +-   -1.5441132567435101E-004
  Kqqs     =    2.1517581298990973E-003       +-   -3.7469854310887276E-006
  Kgg      =    1.3686042946982097E-003       +-   -2.2653659766826744E-006
  K_nnlo   =    1.1985333470316515            +-    4.2322804564895461E-004
  sig_LO   = (  -1.2855053054005960            +-    8.8237901284522649E-004 ) fb
  sig_NLO  = (  -1.5164520191262296            +-    9.7408153068224979E-004 ) fb
  sig_NNLO = (  -1.5407209763087213            +-    1.0366272576234131E-003 ) fb

  pp ---> HHW- + X
  ===============

  PDFSET = PDF4LHC21_40                                NSET =  10
  Sqrt(S)  = 14.0 TeV
  LOOP     = 3
  alphaS(MZ) =   0.11800
          kl =   1.00000
          kv =   1.00000
         k2v =   1.00000
         kth =   1.00000
         kbh =   1.00000
        cHsq =   0.00000
       chdup =   0.00000
         cHw =   0.00000
          cH =   0.00000
         cHb =   0.00000
        cHwb =   0.00000
      cHq1st =   0.00000
      cHq3st =  -0.11429
      cHq1rd =   0.00000
      cHq3rd =   0.00000
       cHdst =   0.00000
       cHust =   0.00000
       cHdrd =   0.00000
       cHurd =   0.00000
         cth =   0.00000
         cbh =   0.00000
 --------------

  mH       = 125.0000      GeV
  fact_scale 1.0
  ren_scale  1.0
  Kqq      =   0.26851140182383210            +-   -2.9159419769572980E-004
  Kgq      =   -8.8232608588938624E-002       +-   -1.3647196323621276E-004
  K_nlo    =    1.1802787932348935            +-    3.2194995399807490E-004
  Kqq2     =    6.1310781735341199E-002       +-   -2.3000417584868844E-004
  Kgq2     =   -4.5632060494546489E-002       +-   -1.5472435103634362E-004
  Kqqs     =    2.1390378572203684E-003       +-   -3.7423946560008932E-006
  Kgg      =    1.3621470377494474E-003       +-   -2.2621286314723167E-006
  K_nnlo   =    1.1994586993706580            +-    4.2486755740409418E-004
  sig_LO   = (  -1.2817100683326292            +-    8.8627735620330327E-004 ) fb
  sig_NLO  = (  -1.5127752127286485            +-    9.7763218239251795E-004 ) fb
  sig_NNLO = (  -1.5373582915325323            +-    1.0402066653892948E-003 ) fb

  pp ---> HHW- + X
  ===============

  PDFSET = PDF4LHC21_40                                NSET =  11
  Sqrt(S)  = 14.0 TeV
  LOOP     = 3
  alphaS(MZ) =   0.11800
          kl =   1.00000
          kv =   1.00000
         k2v =   1.00000
         kth =   1.00000
         kbh =   1.00000
        cHsq =   0.00000
       chdup =   0.00000
         cHw =   0.00000
          cH =   0.00000
         cHb =   0.00000
        cHwb =   0.00000
      cHq1st =   0.00000
      cHq3st =  -0.11429
      cHq1rd =   0.00000
      cHq3rd =   0.00000
       cHdst =   0.00000
       cHust =   0.00000
       cHdrd =   0.00000
       cHurd =   0.00000
         cth =   0.00000
         cbh =   0.00000
 --------------

  mH       = 125.0000      GeV
  fact_scale 1.0
  ren_scale  1.0
  Kqq      =   0.26858505876308719            +-   -2.9278205902971374E-004
  Kgq      =   -8.8697480125612641E-002       +-   -1.3678162968242791E-004
  K_nlo    =    1.1798875786374745            +-    3.2315715729078264E-004
  Kqq2     =    6.1334519763814085E-002       +-   -2.3113897429879093E-004
  Kgq2     =   -4.5874251226268078E-002       +-   -1.5493099550586853E-004
  Kqqs     =    2.1426035455477822E-003       +-   -3.7473640969965712E-006
  Kgg      =    1.3711441665859056E-003       +-   -2.2707175730739674E-006
  K_nnlo   =    1.1988615948871544            +-    4.2647225702566909E-004
  sig_LO   = (  -1.2794198642837544            +-    8.8995845085820444E-004 ) fb
  sig_NLO  = (  -1.5095716057304454            +-    9.8131034590911059E-004 ) fb
  sig_NNLO = (  -1.5338473390255283            +-    1.0439089348570011E-003 ) fb

  pp ---> HHW- + X
  ===============

  PDFSET = PDF4LHC21_40                                NSET =  12
  Sqrt(S)  = 14.0 TeV
  LOOP     = 3
  alphaS(MZ) =   0.11800
          kl =   1.00000
          kv =   1.00000
         k2v =   1.00000
         kth =   1.00000
         kbh =   1.00000
        cHsq =   0.00000
       chdup =   0.00000
         cHw =   0.00000
          cH =   0.00000
         cHb =   0.00000
        cHwb =   0.00000
      cHq1st =   0.00000
      cHq3st =  -0.11429
      cHq1rd =   0.00000
      cHq3rd =   0.00000
       cHdst =   0.00000
       cHust =   0.00000
       cHdrd =   0.00000
       cHurd =   0.00000
         cth =   0.00000
         cbh =   0.00000
 --------------

  mH       = 125.0000      GeV
  fact_scale 1.0
  ren_scale  1.0
  Kqq      =   0.26796956372882036            +-   -2.9061782484981693E-004
  Kgq      =   -8.7889522883984356E-002       +-   -1.3555662286164285E-004
  K_nlo    =    1.1800800408448360            +-    3.2067790401287796E-004
  Kqq2     =    6.1114028549956019E-002       +-   -2.2964551770574863E-004
  Kgq2     =   -4.5448851284385937E-002       +-   -1.5354093891367012E-004
  Kqqs     =    2.1294538879479694E-003       +-   -3.7245208800161254E-006
  Kgg      =    1.3557506090633483E-003       +-   -2.2434064597102683E-006
  K_nnlo   =    1.1992304226074173            +-    4.2327899401606783E-004
  sig_LO   = (  -1.3000376418993820            +-    8.9806675985057850E-004 ) fb
  sig_NLO  = (  -1.5341484735524469            +-    9.9011310828920219E-004 ) fb
  sig_NNLO = (  -1.5590446907005460            +-    1.0532475827417574E-003 ) fb

  pp ---> HHW- + X
  ===============

  PDFSET = PDF4LHC21_40                                NSET =  13
  Sqrt(S)  = 14.0 TeV
  LOOP     = 3
  alphaS(MZ) =   0.11800
          kl =   1.00000
          kv =   1.00000
         k2v =   1.00000
         kth =   1.00000
         kbh =   1.00000
        cHsq =   0.00000
       chdup =   0.00000
         cHw =   0.00000
          cH =   0.00000
         cHb =   0.00000
        cHwb =   0.00000
      cHq1st =   0.00000
      cHq3st =  -0.11429
      cHq1rd =   0.00000
      cHq3rd =   0.00000
       cHdst =   0.00000
       cHust =   0.00000
       cHdrd =   0.00000
       cHurd =   0.00000
         cth =   0.00000
         cbh =   0.00000
 --------------

  mH       = 125.0000      GeV
  fact_scale 1.0
  ren_scale  1.0
  Kqq      =   0.26854877511598757            +-   -2.9081800481662120E-004
  Kgq      =   -8.8055101722288712E-002       +-   -1.3554559706447318E-004
  K_nlo    =    1.1804936733936988            +-    3.2085467241273706E-004
  Kqq2     =    6.1328580381778880E-002       +-   -2.2913773364828183E-004
  Kgq2     =   -4.5542867767267584E-002       +-   -1.5339587486031857E-004
  Kqqs     =    2.1330508945440864E-003       +-   -3.7203300198327659E-006
  Kgg      =    1.3602167727671535E-003       +-   -2.2521144706186260E-006
  K_nnlo   =    1.1997726536755213            +-    4.2308513220126693E-004
  sig_LO   = (  -1.2830410628152802            +-    8.8350425647384218E-004 ) fb
  sig_NLO  = (  -1.5146218573577657            +-    9.7470597078879633E-004 ) fb
  sig_NNLO = (  -1.5393575807085500            +-    1.0369427454382087E-003 ) fb

  pp ---> HHW- + X
  ===============

  PDFSET = PDF4LHC21_40                                NSET =  14
  Sqrt(S)  = 14.0 TeV
  LOOP     = 3
  alphaS(MZ) =   0.11800
          kl =   1.00000
          kv =   1.00000
         k2v =   1.00000
         kth =   1.00000
         kbh =   1.00000
        cHsq =   0.00000
       chdup =   0.00000
         cHw =   0.00000
          cH =   0.00000
         cHb =   0.00000
        cHwb =   0.00000
      cHq1st =   0.00000
      cHq3st =  -0.11429
      cHq1rd =   0.00000
      cHq3rd =   0.00000
       cHdst =   0.00000
       cHust =   0.00000
       cHdrd =   0.00000
       cHurd =   0.00000
         cth =   0.00000
         cbh =   0.00000
 --------------

  mH       = 125.0000      GeV
  fact_scale 1.0
  ren_scale  1.0
  Kqq      =   0.26890208733352777            +-   -2.9674098960487654E-004
  Kgq      =   -8.8937412111481429E-002       +-   -1.3700361800245617E-004
  K_nlo    =    1.1799646752220463            +-    3.2684125543976908E-004
  Kqq2     =    6.1442524617750703E-002       +-   -2.3460860485675171E-004
  Kgq2     =   -4.6004055604350669E-002       +-   -1.5516699249134178E-004
  Kqqs     =    2.1489891594421435E-003       +-   -3.7731754409723654E-006
  Kgg      =    1.3692994105353351E-003       +-   -2.2665913308283098E-006
  K_nnlo   =    1.1989214328054241            +-    4.3123378065528835E-004
  sig_LO   = (  -1.2757349352547220            +-    9.0366597545645856E-004 ) fb
  sig_NLO  = (  -1.5053221585472563            +-    9.9522368255852331E-004 ) fb
  sig_NNLO = (  -1.5295059564555256            +-    1.0579537863091074E-003 ) fb

  pp ---> HHW- + X
  ===============

  PDFSET = PDF4LHC21_40                                NSET =  15
  Sqrt(S)  = 14.0 TeV
  LOOP     = 3
  alphaS(MZ) =   0.11800
          kl =   1.00000
          kv =   1.00000
         k2v =   1.00000
         kth =   1.00000
         kbh =   1.00000
        cHsq =   0.00000
       chdup =   0.00000
         cHw =   0.00000
          cH =   0.00000
         cHb =   0.00000
        cHwb =   0.00000
      cHq1st =   0.00000
      cHq3st =  -0.11429
      cHq1rd =   0.00000
      cHq3rd =   0.00000
       cHdst =   0.00000
       cHust =   0.00000
       cHdrd =   0.00000
       cHurd =   0.00000
         cth =   0.00000
         cbh =   0.00000
 --------------

  mH       = 125.0000      GeV
  fact_scale 1.0
  ren_scale  1.0
  Kqq      =   0.26876912988272056            +-   -2.9275418878756137E-004
  Kgq      =   -8.8417725733707805E-002       +-   -1.3604082032385946E-004
  K_nlo    =    1.1803514041490129            +-    3.2281902026840323E-004
  Kqq2     =    6.1409342118010295E-002       +-   -2.3094986610363167E-004
  Kgq2     =   -4.5739314425688266E-002       +-   -1.5393543099182357E-004
  Kqqs     =    2.1428742981227894E-003       +-   -3.7410455950572842E-006
  Kgg      =    1.3610625463539472E-003       +-   -2.2506202010489255E-006
  K_nnlo   =    1.1995253686858116            +-    4.2575243760712545E-004
  sig_LO   = (  -1.2772473544456295            +-    8.8755017287897695E-004 ) fb
  sig_NLO  = (  -1.5076007082655107            +-    9.7864849514185366E-004 ) fb
  sig_NNLO = (  -1.5320906037443716            +-    1.0408910370117007E-003 ) fb

  pp ---> HHW- + X
  ===============

  PDFSET = PDF4LHC21_40                                NSET =  16
  Sqrt(S)  = 14.0 TeV
  LOOP     = 3
  alphaS(MZ) =   0.11800
          kl =   1.00000
          kv =   1.00000
         k2v =   1.00000
         kth =   1.00000
         kbh =   1.00000
        cHsq =   0.00000
       chdup =   0.00000
         cHw =   0.00000
          cH =   0.00000
         cHb =   0.00000
        cHwb =   0.00000
      cHq1st =   0.00000
      cHq3st =  -0.11429
      cHq1rd =   0.00000
      cHq3rd =   0.00000
       cHdst =   0.00000
       cHust =   0.00000
       cHdrd =   0.00000
       cHurd =   0.00000
         cth =   0.00000
         cbh =   0.00000
 --------------

  mH       = 125.0000      GeV
  fact_scale 1.0
  ren_scale  1.0
  Kqq      =   0.26852425103859018            +-   -2.9223222660855382E-004
  Kgq      =   -8.8046764862011476E-002       +-   -1.3595409792380704E-004
  K_nlo    =    1.1804774861765785            +-    3.2230915440128175E-004
  Kqq2     =    6.1311800444372504E-002       +-   -2.3045889504603881E-004
  Kgq2     =   -4.5536763704563860E-002       +-   -1.5400710098144489E-004
  Kqqs     =    2.1258741844538704E-003       +-   -3.7172989710431802E-006
  Kgg      =    1.3725943175831104E-003       +-   -2.2760711044258004E-006
  K_nnlo   =    1.1997509914184241            +-    4.2512548651043246E-004
  sig_LO   = (  -1.2823197840150919            +-    8.8919591010600625E-004 ) fb
  sig_NLO  = (  -1.5137496351086290            +-    9.8055549121253542E-004 ) fb
  sig_NNLO = (  -1.5384644321875662            +-    1.0430026002513379E-003 ) fb

  pp ---> HHW- + X
  ===============

  PDFSET = PDF4LHC21_40                                NSET =  17
  Sqrt(S)  = 14.0 TeV
  LOOP     = 3
  alphaS(MZ) =   0.11800
          kl =   1.00000
          kv =   1.00000
         k2v =   1.00000
         kth =   1.00000
         kbh =   1.00000
        cHsq =   0.00000
       chdup =   0.00000
         cHw =   0.00000
          cH =   0.00000
         cHb =   0.00000
        cHwb =   0.00000
      cHq1st =   0.00000
      cHq3st =  -0.11429
      cHq1rd =   0.00000
      cHq3rd =   0.00000
       cHdst =   0.00000
       cHust =   0.00000
       cHdrd =   0.00000
       cHurd =   0.00000
         cth =   0.00000
         cbh =   0.00000
 --------------

  mH       = 125.0000      GeV
  fact_scale 1.0
  ren_scale  1.0
  Kqq      =   0.26869179096491513            +-   -2.9197200816910151E-004
  Kgq      =   -8.8299733611155992E-002       +-   -1.3576781111367288E-004
  K_nlo    =    1.1803920573537592            +-    3.2199464605625952E-004
  Kqq2     =    6.1374071523797188E-002       +-   -2.3029939463857499E-004
  Kgq2     =   -4.5664619831324492E-002       +-   -1.5350444881314135E-004
  Kqqs     =    2.1415889624232147E-003       +-   -3.7338667789049843E-006
  Kgg      =    1.3542448216977844E-003       +-   -2.2412531218231379E-006
  K_nnlo   =    1.1995973428303530            +-    4.2461858654785118E-004
  sig_LO   = (  -1.2920683777145170            +-    8.9456126495906488E-004 ) fb
  sig_NLO  = (  -1.5251472506121728            +-    9.8657406689153944E-004 ) fb
  sig_NNLO = (  -1.5499617926614595            +-    1.0494005858961068E-003 ) fb

  pp ---> HHW- + X
  ===============

  PDFSET = PDF4LHC21_40                                NSET =  18
  Sqrt(S)  = 14.0 TeV
  LOOP     = 3
  alphaS(MZ) =   0.11800
          kl =   1.00000
          kv =   1.00000
         k2v =   1.00000
         kth =   1.00000
         kbh =   1.00000
        cHsq =   0.00000
       chdup =   0.00000
         cHw =   0.00000
          cH =   0.00000
         cHb =   0.00000
        cHwb =   0.00000
      cHq1st =   0.00000
      cHq3st =  -0.11429
      cHq1rd =   0.00000
      cHq3rd =   0.00000
       cHdst =   0.00000
       cHust =   0.00000
       cHdrd =   0.00000
       cHurd =   0.00000
         cth =   0.00000
         cbh =   0.00000
 --------------

  mH       = 125.0000      GeV
  fact_scale 1.0
  ren_scale  1.0
  Kqq      =   0.26883377124850177            +-   -2.9329142710629629E-004
  Kgq      =   -8.8668017651475112E-002       +-   -1.3627985286653643E-004
  K_nlo    =    1.1801657535970267            +-    3.2340695649811361E-004
  Kqq2     =    6.1428606248432611E-002       +-   -2.3128097103858642E-004
  Kgq2     =   -4.5865010439924428E-002       +-   -1.5407660192695693E-004
  Kqqs     =    2.1498876335050137E-003       +-   -3.7505232584054330E-006
  Kgg      =    1.3611924076491339E-003       +-   -2.2510010655804641E-006
  K_nnlo   =    1.1992404294466890            +-    4.2642898560931716E-004
  sig_LO   = (  -1.2806060613687034            +-    8.9211099845965436E-004 ) fb
  sig_NLO  = (  -1.5113274174761160            +-    9.8355883335117565E-004 ) fb
  sig_NNLO = (  -1.5357545629878366            +-    1.0459797507470811E-003 ) fb

  pp ---> HHW- + X
  ===============

  PDFSET = PDF4LHC21_40                                NSET =  19
  Sqrt(S)  = 14.0 TeV
  LOOP     = 3
  alphaS(MZ) =   0.11800
          kl =   1.00000
          kv =   1.00000
         k2v =   1.00000
         kth =   1.00000
         kbh =   1.00000
        cHsq =   0.00000
       chdup =   0.00000
         cHw =   0.00000
          cH =   0.00000
         cHb =   0.00000
        cHwb =   0.00000
      cHq1st =   0.00000
      cHq3st =  -0.11429
      cHq1rd =   0.00000
      cHq3rd =   0.00000
       cHdst =   0.00000
       cHust =   0.00000
       cHdrd =   0.00000
       cHurd =   0.00000
         cth =   0.00000
         cbh =   0.00000
 --------------

  mH       = 125.0000      GeV
  fact_scale 1.0
  ren_scale  1.0
  Kqq      =   0.26875043662035225            +-   -2.9161220762086734E-004
  Kgq      =   -8.8691548873025508E-002       +-   -1.3680029963495510E-004
  K_nlo    =    1.1800588877473266            +-    3.2210557526023874E-004
  Kqq2     =    6.1400008796409271E-002       +-   -2.3038712467040657E-004
  Kgq2     =   -4.5869802307035183E-002       +-   -1.5506729201897890E-004
  Kqqs     =    2.1413804213850376E-003       +-   -3.7429848189747534E-006
  Kgg      =    1.3770766867264015E-003       +-   -2.2830290164864148E-006
  K_nnlo   =    1.1991075513448122            +-    4.2531789997432660E-004
  sig_LO   = (  -1.2764388893477225            +-    8.8328571500555513E-004 ) fb
  sig_NLO  = (  -1.5062730560411066            +-    9.7428763733915682E-004 ) fb
  sig_NNLO = (  -1.5305875110470393            +-    1.0367862423226973E-003 ) fb

  pp ---> HHW- + X
  ===============

  PDFSET = PDF4LHC21_40                                NSET =  20
  Sqrt(S)  = 14.0 TeV
  LOOP     = 3
  alphaS(MZ) =   0.11800
          kl =   1.00000
          kv =   1.00000
         k2v =   1.00000
         kth =   1.00000
         kbh =   1.00000
        cHsq =   0.00000
       chdup =   0.00000
         cHw =   0.00000
          cH =   0.00000
         cHb =   0.00000
        cHwb =   0.00000
      cHq1st =   0.00000
      cHq3st =  -0.11429
      cHq1rd =   0.00000
      cHq3rd =   0.00000
       cHdst =   0.00000
       cHust =   0.00000
       cHdrd =   0.00000
       cHurd =   0.00000
         cth =   0.00000
         cbh =   0.00000
 --------------

  mH       = 125.0000      GeV
  fact_scale 1.0
  ren_scale  1.0
  Kqq      =   0.26865929736001221            +-   -2.9297025313350085E-004
  Kgq      =   -8.8854561619039360E-002       +-   -1.3694688164880809E-004
  K_nlo    =    1.1798047357409729            +-    3.2339761535057774E-004
  Kqq2     =    6.1361377076826568E-002       +-   -2.3101646464493441E-004
  Kgq2     =   -4.5949373073242504E-002       +-   -1.5499757855413302E-004
  Kqqs     =    2.1470389252971271E-003       +-   -3.7516529220558361E-006
  Kgg      =    1.3686979411361220E-003       +-   -2.2662095024005364E-006
  K_nnlo   =    1.1987324766109901            +-    4.2661233516423956E-004
  sig_LO   = (  -1.2843670040587927            +-    8.9324194919989210E-004 ) fb
  sig_NLO  = (  -1.5153022738180089            +-    9.8509193893940063E-004 ) fb
  sig_NNLO = (  -1.5396124396528339            +-    1.0479050364564481E-003 ) fb

  pp ---> HHW- + X
  ===============

  PDFSET = PDF4LHC21_40                                NSET =  21
  Sqrt(S)  = 14.0 TeV
  LOOP     = 3
  alphaS(MZ) =   0.11800
          kl =   1.00000
          kv =   1.00000
         k2v =   1.00000
         kth =   1.00000
         kbh =   1.00000
        cHsq =   0.00000
       chdup =   0.00000
         cHw =   0.00000
          cH =   0.00000
         cHb =   0.00000
        cHwb =   0.00000
      cHq1st =   0.00000
      cHq3st =  -0.11429
      cHq1rd =   0.00000
      cHq3rd =   0.00000
       cHdst =   0.00000
       cHust =   0.00000
       cHdrd =   0.00000
       cHurd =   0.00000
         cth =   0.00000
         cbh =   0.00000
 --------------

  mH       = 125.0000      GeV
  fact_scale 1.0
  ren_scale  1.0
  Kqq      =   0.26868234194671281            +-   -2.9261231049421751E-004
  Kgq      =   -8.9072751724804916E-002       +-   -1.3719598200049137E-004
  K_nlo    =    1.1796095902219079            +-    3.2317905521528389E-004
  Kqq2     =    6.1379073963866791E-002       +-   -2.3079076042589386E-004
  Kgq2     =   -4.6068847136378398E-002       +-   -1.5528434856347507E-004
  Kqqs     =    2.1524743478477200E-003       +-   -3.7587519101988187E-006
  Kgg      =    1.3755415488401665E-003       +-   -2.2783308830321663E-006
  K_nnlo   =    1.1984478329460844            +-    4.2642892109251180E-004
  sig_LO   = (  -1.2746642371911494            +-    8.8516669962299978E-004 ) fb
  sig_NLO  = (  -1.5036061585035727            +-    9.7632914076013376E-004 ) fb
  sig_NNLO = (  -1.5276185927956063            +-    1.0387351471510427E-003 ) fb

  pp ---> HHW- + X
  ===============

  PDFSET = PDF4LHC21_40                                NSET =  22
  Sqrt(S)  = 14.0 TeV
  LOOP     = 3
  alphaS(MZ) =   0.11800
          kl =   1.00000
          kv =   1.00000
         k2v =   1.00000
         kth =   1.00000
         kbh =   1.00000
        cHsq =   0.00000
       chdup =   0.00000
         cHw =   0.00000
          cH =   0.00000
         cHb =   0.00000
        cHwb =   0.00000
      cHq1st =   0.00000
      cHq3st =  -0.11429
      cHq1rd =   0.00000
      cHq3rd =   0.00000
       cHdst =   0.00000
       cHust =   0.00000
       cHdrd =   0.00000
       cHurd =   0.00000
         cth =   0.00000
         cbh =   0.00000
 --------------

  mH       = 125.0000      GeV
  fact_scale 1.0
  ren_scale  1.0
  Kqq      =   0.26859281006097435            +-   -2.9209121904125824E-004
  Kgq      =   -8.8741733741033849E-002       +-   -1.3701937054596679E-004
  K_nlo    =    1.1798510763199404            +-    3.2263228007411358E-004
  Kqq2     =    6.1342227069676819E-002       +-   -2.3042202989783048E-004
  Kgq2     =   -4.5889106523633753E-002       +-   -1.5505918539001929E-004
  Kqqs     =    2.1393402352036651E-003       +-   -3.7367757249071342E-006
  Kgg      =    1.3795333975949501E-003       +-   -2.2913868140342773E-006
  K_nnlo   =    1.1988230704987821            +-    4.2573285629397232E-004
  sig_LO   = (  -1.2787109001772690            +-    8.8611399918040313E-004 ) fb
  sig_NLO  = (  -1.5086884318761908            +-    9.7744480066769648E-004 ) fb
  sig_NNLO = (  -1.5329481276307753            +-    1.0399796480820196E-003 ) fb

  pp ---> HHW- + X
  ===============

  PDFSET = PDF4LHC21_40                                NSET =  23
  Sqrt(S)  = 14.0 TeV
  LOOP     = 3
  alphaS(MZ) =   0.11800
          kl =   1.00000
          kv =   1.00000
         k2v =   1.00000
         kth =   1.00000
         kbh =   1.00000
        cHsq =   0.00000
       chdup =   0.00000
         cHw =   0.00000
          cH =   0.00000
         cHb =   0.00000
        cHwb =   0.00000
      cHq1st =   0.00000
      cHq3st =  -0.11429
      cHq1rd =   0.00000
      cHq3rd =   0.00000
       cHdst =   0.00000
       cHust =   0.00000
       cHdrd =   0.00000
       cHurd =   0.00000
         cth =   0.00000
         cbh =   0.00000
 --------------

  mH       = 125.0000      GeV
  fact_scale 1.0
  ren_scale  1.0
  Kqq      =   0.26881894278789115            +-   -2.9104918851096567E-004
  Kgq      =   -8.9007442609036258E-002       +-   -1.3714712730294673E-004
  K_nlo    =    1.1798115001788547            +-    3.2174363188778470E-004
  Kqq2     =    6.1434233360932539E-002       +-   -2.2938501197080640E-004
  Kgq2     =   -4.6031511923770363E-002       +-   -1.5520897575398894E-004
  Kqqs     =    2.1520105792033357E-003       +-   -3.7566998303846567E-006
  Kgg      =    1.3723274663839280E-003       +-   -2.2722694625130375E-006
  K_nnlo   =    1.1987385596616043            +-    4.2455335416637270E-004
  sig_LO   = (  -1.2785653602922740            +-    8.8032036322719797E-004 ) fb
  sig_NLO  = (  -1.5084661158031458            +-    9.7169410561438426E-004 ) fb
  sig_NNLO = (  -1.5326655984299806            +-    1.0342227221840294E-003 ) fb

  pp ---> HHW- + X
  ===============

  PDFSET = PDF4LHC21_40                                NSET =  24
  Sqrt(S)  = 14.0 TeV
  LOOP     = 3
  alphaS(MZ) =   0.11800
          kl =   1.00000
          kv =   1.00000
         k2v =   1.00000
         kth =   1.00000
         kbh =   1.00000
        cHsq =   0.00000
       chdup =   0.00000
         cHw =   0.00000
          cH =   0.00000
         cHb =   0.00000
        cHwb =   0.00000
      cHq1st =   0.00000
      cHq3st =  -0.11429
      cHq1rd =   0.00000
      cHq3rd =   0.00000
       cHdst =   0.00000
       cHust =   0.00000
       cHdrd =   0.00000
       cHurd =   0.00000
         cth =   0.00000
         cbh =   0.00000
 --------------

  mH       = 125.0000      GeV
  fact_scale 1.0
  ren_scale  1.0
  Kqq      =   0.26834940896987786            +-   -2.8859962581193082E-004
  Kgq      =   -8.8529830521806407E-002       +-   -1.3634074430977881E-004
  K_nlo    =    1.1798195784480714            +-    3.1918418284390438E-004
  Kqq2     =    6.1264720410773348E-002       +-   -2.2718830366024297E-004
  Kgq2     =   -4.5773620949364650E-002       +-   -1.5444867090117797E-004
  Kqqs     =    2.1392939774682786E-003       +-   -3.7271449060230701E-006
  Kgg      =    1.3625487982573043E-003       +-   -2.2565705077104616E-006
  K_nnlo   =    1.1988125206852056            +-    4.2114895649935654E-004
  sig_LO   = (  -1.2888720561134612            +-    8.7812672411682479E-004 ) fb
  sig_NLO  = (  -1.5206364859172830            +-    9.6971453514266889E-004 ) fb
  sig_NNLO = (  -1.5451159584301024            +-    1.0323498025146603E-003 ) fb

  pp ---> HHW- + X
  ===============

  PDFSET = PDF4LHC21_40                                NSET =  25
  Sqrt(S)  = 14.0 TeV
  LOOP     = 3
  alphaS(MZ) =   0.11800
          kl =   1.00000
          kv =   1.00000
         k2v =   1.00000
         kth =   1.00000
         kbh =   1.00000
        cHsq =   0.00000
       chdup =   0.00000
         cHw =   0.00000
          cH =   0.00000
         cHb =   0.00000
        cHwb =   0.00000
      cHq1st =   0.00000
      cHq3st =  -0.11429
      cHq1rd =   0.00000
      cHq3rd =   0.00000
       cHdst =   0.00000
       cHust =   0.00000
       cHdrd =   0.00000
       cHurd =   0.00000
         cth =   0.00000
         cbh =   0.00000
 --------------

  mH       = 125.0000      GeV
  fact_scale 1.0
  ren_scale  1.0
  Kqq      =   0.26843780037467507            +-   -2.9220651100532344E-004
  Kgq      =   -8.8730713116311880E-002       +-   -1.3715761258750603E-004
  K_nlo    =    1.1797070872583630            +-    3.2279537754529355E-004
  Kqq2     =    6.1283573716865679E-002       +-   -2.3060004757473050E-004
  Kgq2     =   -4.5885379423250487E-002       +-   -1.5554320694959858E-004
  Kqqs     =    2.1412082859345403E-003       +-   -3.7493619115609870E-006
  Kgg      =    1.3723018696976334E-003       +-   -2.2743738459552631E-006
  K_nnlo   =    1.1986187917076103            +-    4.2612927313830161E-004
  sig_LO   = (  -1.2842592378413460            +-    8.9097787277835126E-004 ) fb
  sig_NLO  = (  -1.5150497247584598            +-    9.8269818074559140E-004 ) fb
  sig_NNLO = (  -1.5393372559007308            +-    1.0456268818183666E-003 ) fb

  pp ---> HHW- + X
  ===============

  PDFSET = PDF4LHC21_40                                NSET =  26
  Sqrt(S)  = 14.0 TeV
  LOOP     = 3
  alphaS(MZ) =   0.11800
          kl =   1.00000
          kv =   1.00000
         k2v =   1.00000
         kth =   1.00000
         kbh =   1.00000
        cHsq =   0.00000
       chdup =   0.00000
         cHw =   0.00000
          cH =   0.00000
         cHb =   0.00000
        cHwb =   0.00000
      cHq1st =   0.00000
      cHq3st =  -0.11429
      cHq1rd =   0.00000
      cHq3rd =   0.00000
       cHdst =   0.00000
       cHust =   0.00000
       cHdrd =   0.00000
       cHurd =   0.00000
         cth =   0.00000
         cbh =   0.00000
 --------------

  mH       = 125.0000      GeV
  fact_scale 1.0
  ren_scale  1.0
  Kqq      =   0.26863554415275726            +-   -2.8943576402386316E-004
  Kgq      =   -8.8959354623089404E-002       +-   -1.3599291084271775E-004
  K_nlo    =    1.1796761895296679            +-    3.1979232838758465E-004
  Kqq2     =    6.1389701035648711E-002       +-   -2.2557832315787640E-004
  Kgq2     =   -4.5987864875790388E-002       +-   -1.5252849623600601E-004
  Kqqs     =    2.1531934169581619E-003       +-   -3.7111593771191552E-006
  Kgg      =    1.3656041712572335E-003       +-   -2.2582706274599075E-006
  K_nnlo   =    1.1985968232777418            +-    4.2004348325910097E-004
  sig_LO   = (  -1.2840241975798117            +-    8.7287682326571317E-004 ) fb
  sig_NLO  = (  -1.5147327726648414            +-    9.6463652552741331E-004 ) fb
  sig_NNLO = (  -1.5390273242309134            +-    1.0260643510904158E-003 ) fb

  pp ---> HHW- + X
  ===============

  PDFSET = PDF4LHC21_40                                NSET =  27
  Sqrt(S)  = 14.0 TeV
  LOOP     = 3
  alphaS(MZ) =   0.11800
          kl =   1.00000
          kv =   1.00000
         k2v =   1.00000
         kth =   1.00000
         kbh =   1.00000
        cHsq =   0.00000
       chdup =   0.00000
         cHw =   0.00000
          cH =   0.00000
         cHb =   0.00000
        cHwb =   0.00000
      cHq1st =   0.00000
      cHq3st =  -0.11429
      cHq1rd =   0.00000
      cHq3rd =   0.00000
       cHdst =   0.00000
       cHust =   0.00000
       cHdrd =   0.00000
       cHurd =   0.00000
         cth =   0.00000
         cbh =   0.00000
 --------------

  mH       = 125.0000      GeV
  fact_scale 1.0
  ren_scale  1.0
  Kqq      =   0.26859412028152602            +-   -2.9078880003954757E-004
  Kgq      =   -8.8582694551160038E-002       +-   -1.3642281894076178E-004
  K_nlo    =    1.1800114257303660            +-    3.2119980036759651E-004
  Kqq2     =    6.1351214853964241E-002       +-   -2.2926519265604838E-004
  Kgq2     =   -4.5820859389537193E-002       +-   -1.5452376970860628E-004
  Kqqs     =    2.1421917122410017E-003       +-   -3.7358047053560595E-006
  Kgg      =    1.3710743597248926E-003       +-   -2.2711570496529225E-006
  K_nnlo   =    1.1990550472667589            +-    4.2382608475163250E-004
  sig_LO   = (  -1.2792258879697613            +-    8.8102397387378108E-004 ) fb
  sig_NLO  = (  -1.5095011638943916            +-    9.7212728145858282E-004 ) fb
  sig_NNLO = (  -1.5338622575644438            +-    1.0344809287663058E-003 ) fb

  pp ---> HHW- + X
  ===============

  PDFSET = PDF4LHC21_40                                NSET =  28
  Sqrt(S)  = 14.0 TeV
  LOOP     = 3
  alphaS(MZ) =   0.11800
          kl =   1.00000
          kv =   1.00000
         k2v =   1.00000
         kth =   1.00000
         kbh =   1.00000
        cHsq =   0.00000
       chdup =   0.00000
         cHw =   0.00000
          cH =   0.00000
         cHb =   0.00000
        cHwb =   0.00000
      cHq1st =   0.00000
      cHq3st =  -0.11429
      cHq1rd =   0.00000
      cHq3rd =   0.00000
       cHdst =   0.00000
       cHust =   0.00000
       cHdrd =   0.00000
       cHurd =   0.00000
         cth =   0.00000
         cbh =   0.00000
 --------------

  mH       = 125.0000      GeV
  fact_scale 1.0
  ren_scale  1.0
  Kqq      =   0.26872089533894639            +-   -2.9272779549511889E-004
  Kgq      =   -8.9019822999019435E-002       +-   -1.3723806588477388E-004
  K_nlo    =    1.1797010723399270            +-    3.2330148311324788E-004
  Kqq2     =    6.1388901406635221E-002       +-   -2.3105247396065060E-004
  Kgq2     =   -4.6039950154749390E-002       +-   -1.5534496086743756E-004
  Kqqs     =    2.1552737790646276E-003       +-   -3.7668419801721263E-006
  Kgg      =    1.3635197058399246E-003       +-   -2.2560171247445411E-006
  K_nnlo   =    1.1985688170767173            +-    4.2668539966260769E-004
  sig_LO   = (  -1.2809495381481872            +-    8.9013737197744943E-004 ) fb
  sig_NLO  = (  -1.5111375437667507            +-    9.8175892551279824E-004 ) fb
  sig_NNLO = (  -1.5353061726732402            +-    1.0445453890708051E-003 ) fb

  pp ---> HHW- + X
  ===============

  PDFSET = PDF4LHC21_40                                NSET =  29
  Sqrt(S)  = 14.0 TeV
  LOOP     = 3
  alphaS(MZ) =   0.11800
          kl =   1.00000
          kv =   1.00000
         k2v =   1.00000
         kth =   1.00000
         kbh =   1.00000
        cHsq =   0.00000
       chdup =   0.00000
         cHw =   0.00000
          cH =   0.00000
         cHb =   0.00000
        cHwb =   0.00000
      cHq1st =   0.00000
      cHq3st =  -0.11429
      cHq1rd =   0.00000
      cHq3rd =   0.00000
       cHdst =   0.00000
       cHust =   0.00000
       cHdrd =   0.00000
       cHurd =   0.00000
         cth =   0.00000
         cbh =   0.00000
 --------------

  mH       = 125.0000      GeV
  fact_scale 1.0
  ren_scale  1.0
  Kqq      =   0.26870694018785118            +-   -2.9287855476405674E-004
  Kgq      =   -8.8980056279491473E-002       +-   -1.3715235003593972E-004
  K_nlo    =    1.1797268839083597            +-    3.2340163104267657E-004
  Kqq2     =    6.1386972855842804E-002       +-   -2.3094166582895843E-004
  Kgq2     =   -4.6025826938535915E-002       +-   -1.5529683581953080E-004
  Kqqs     =    2.1562608000003920E-003       +-   -3.7659261897180835E-006
  Kgg      =    1.3664328080016505E-003       +-   -2.2608362247994641E-006
  K_nnlo   =    1.1986107234336685            +-    4.2668380420749261E-004
  sig_LO   = (  -1.2812841413913898            +-    8.9074383355077424E-004 ) fb
  sig_NLO  = (  -1.5115653475248625            +-    9.8240855098455978E-004 ) fb
  sig_NNLO = (  -1.5357609116372208            +-    1.0451358556882147E-003 ) fb

  pp ---> HHW- + X
  ===============

  PDFSET = PDF4LHC21_40                                NSET =  30
  Sqrt(S)  = 14.0 TeV
  LOOP     = 3
  alphaS(MZ) =   0.11800
          kl =   1.00000
          kv =   1.00000
         k2v =   1.00000
         kth =   1.00000
         kbh =   1.00000
        cHsq =   0.00000
       chdup =   0.00000
         cHw =   0.00000
          cH =   0.00000
         cHb =   0.00000
        cHwb =   0.00000
      cHq1st =   0.00000
      cHq3st =  -0.11429
      cHq1rd =   0.00000
      cHq3rd =   0.00000
       cHdst =   0.00000
       cHust =   0.00000
       cHdrd =   0.00000
       cHurd =   0.00000
         cth =   0.00000
         cbh =   0.00000
 --------------

  mH       = 125.0000      GeV
  fact_scale 1.0
  ren_scale  1.0
  Kqq      =   0.26884862949862276            +-   -2.9343435593190111E-004
  Kgq      =   -8.8923051103453193E-002       +-   -1.3682193251370416E-004
  K_nlo    =    1.1799255783951696            +-    3.2376528914933772E-004
  Kqq2     =    6.1431652142462961E-002       +-   -2.3172715527928218E-004
  Kgq2     =   -4.5997210725013594E-002       +-   -1.5494567960727535E-004
  Kqqs     =    2.1479820912786388E-003       +-   -3.7525014419980815E-006
  Kgg      =    1.3698823503394220E-003       +-   -2.2638653294713878E-006
  K_nnlo   =    1.1988778842542371            +-    4.2725730764264921E-004
  sig_LO   = (  -1.2780163195655263            +-    8.9144126306810786E-004 ) fb
  sig_NLO  = (  -1.5079641450618193            +-    9.8279153370871785E-004 ) fb
  sig_NNLO = (  -1.5321855012431049            +-    1.0453847070610667E-003 ) fb

  pp ---> HHW- + X
  ===============

  PDFSET = PDF4LHC21_40                                NSET =  31
  Sqrt(S)  = 14.0 TeV
  LOOP     = 3
  alphaS(MZ) =   0.11800
          kl =   1.00000
          kv =   1.00000
         k2v =   1.00000
         kth =   1.00000
         kbh =   1.00000
        cHsq =   0.00000
       chdup =   0.00000
         cHw =   0.00000
          cH =   0.00000
         cHb =   0.00000
        cHwb =   0.00000
      cHq1st =   0.00000
      cHq3st =  -0.11429
      cHq1rd =   0.00000
      cHq3rd =   0.00000
       cHdst =   0.00000
       cHust =   0.00000
       cHdrd =   0.00000
       cHurd =   0.00000
         cth =   0.00000
         cbh =   0.00000
 --------------

  mH       = 125.0000      GeV
  fact_scale 1.0
  ren_scale  1.0
  Kqq      =   0.26862453324290497            +-   -2.9256764654692790E-004
  Kgq      =   -8.8343322320047837E-002       +-   -1.3663654371438638E-004
  K_nlo    =    1.1802812109228571            +-    3.2290149099101657E-004
  Kqq2     =    6.1356464097545207E-002       +-   -2.3074947011675554E-004
  Kgq2     =   -4.5704303880457417E-002       +-   -1.5497261561915837E-004
  Kqqs     =    2.1379944573047872E-003       +-   -3.7425530054631522E-006
  Kgg      =    1.3649825402472654E-003       +-   -2.2607397839925479E-006
  K_nnlo   =    1.1994363481374970            +-    4.2608252731436670E-004
  sig_LO   = (  -1.2783608697146884            +-    8.8707268164234883E-004 ) fb
  sig_NLO  = (  -1.5088253153032494            +-    9.7841151566537411E-004 ) fb
  sig_NNLO = (  -1.5333124931724607            +-    1.0409525067196074E-003 ) fb

  pp ---> HHW- + X
  ===============

  PDFSET = PDF4LHC21_40                                NSET =  32
  Sqrt(S)  = 14.0 TeV
  LOOP     = 3
  alphaS(MZ) =   0.11800
          kl =   1.00000
          kv =   1.00000
         k2v =   1.00000
         kth =   1.00000
         kbh =   1.00000
        cHsq =   0.00000
       chdup =   0.00000
         cHw =   0.00000
          cH =   0.00000
         cHb =   0.00000
        cHwb =   0.00000
      cHq1st =   0.00000
      cHq3st =  -0.11429
      cHq1rd =   0.00000
      cHq3rd =   0.00000
       cHdst =   0.00000
       cHust =   0.00000
       cHdrd =   0.00000
       cHurd =   0.00000
         cth =   0.00000
         cbh =   0.00000
 --------------

  mH       = 125.0000      GeV
  fact_scale 1.0
  ren_scale  1.0
  Kqq      =   0.26856595778095321            +-   -2.9226089107461137E-004
  Kgq      =   -8.8659127833530194E-002       +-   -1.3684084588875306E-004
  K_nlo    =    1.1799068299474229            +-    3.2271015719260423E-004
  Kqq2     =    6.1331196579641277E-002       +-   -2.3057575130436178E-004
  Kgq2     =   -4.5847578993155245E-002       +-   -1.5501994983042823E-004
  Kqqs     =    2.1463899549180746E-003       +-   -3.7566483763418450E-006
  Kgg      =    1.3651193594804093E-003       +-   -2.2608254596020661E-006
  K_nnlo   =    1.1989019568483075            +-    4.2586081203728639E-004
  sig_LO   = (  -1.2850831650871983            +-    8.9191687780312411E-004 ) fb
  sig_NLO  = (  -1.5162784035368371            +-    9.8361557289376798E-004 ) fb
  sig_NNLO = (  -1.5406887213358589            +-    1.0464303153313820E-003 ) fb

  pp ---> HHW- + X
  ===============

  PDFSET = PDF4LHC21_40                                NSET =  33
  Sqrt(S)  = 14.0 TeV
  LOOP     = 3
  alphaS(MZ) =   0.11800
          kl =   1.00000
          kv =   1.00000
         k2v =   1.00000
         kth =   1.00000
         kbh =   1.00000
        cHsq =   0.00000
       chdup =   0.00000
         cHw =   0.00000
          cH =   0.00000
         cHb =   0.00000
        cHwb =   0.00000
      cHq1st =   0.00000
      cHq3st =  -0.11429
      cHq1rd =   0.00000
      cHq3rd =   0.00000
       cHdst =   0.00000
       cHust =   0.00000
       cHdrd =   0.00000
       cHurd =   0.00000
         cth =   0.00000
         cbh =   0.00000
 --------------

  mH       = 125.0000      GeV
  fact_scale 1.0
  ren_scale  1.0
  Kqq      =   0.26869856996753444            +-   -2.9297723706053042E-004
  Kgq      =   -8.8751302115450861E-002       +-   -1.3671017699851034E-004
  K_nlo    =    1.1799472678520835            +-    3.2330377964166497E-004
  Kqq2     =    6.1375894291941603E-002       +-   -2.3130596054689878E-004
  Kgq2     =   -4.5901528347178588E-002       +-   -1.5476270595722968E-004
  Kqqs     =    2.1453977846602680E-003       +-   -3.7477777996522230E-006
  Kgg      =    1.3688191177447114E-003       +-   -2.2681498692050107E-006
  K_nnlo   =    1.1989358506992513            +-    4.2661278322687240E-004
  sig_LO   = (  -1.2792830167370339            +-    8.9038100984246331E-004 ) fb
  sig_NLO  = (  -1.5094865004084346            +-    9.8175396595604012E-004 ) fb
  sig_NNLO = (  -1.5337782719567208            +-    1.0443326434834374E-003 ) fb

  pp ---> HHW- + X
  ===============

  PDFSET = PDF4LHC21_40                                NSET =  34
  Sqrt(S)  = 14.0 TeV
  LOOP     = 3
  alphaS(MZ) =   0.11800
          kl =   1.00000
          kv =   1.00000
         k2v =   1.00000
         kth =   1.00000
         kbh =   1.00000
        cHsq =   0.00000
       chdup =   0.00000
         cHw =   0.00000
          cH =   0.00000
         cHb =   0.00000
        cHwb =   0.00000
      cHq1st =   0.00000
      cHq3st =  -0.11429
      cHq1rd =   0.00000
      cHq3rd =   0.00000
       cHdst =   0.00000
       cHust =   0.00000
       cHdrd =   0.00000
       cHurd =   0.00000
         cth =   0.00000
         cbh =   0.00000
 --------------

  mH       = 125.0000      GeV
  fact_scale 1.0
  ren_scale  1.0
  Kqq      =   0.26828591748455122            +-   -2.8934890335386099E-004
  Kgq      =   -8.8545615573277239E-002       +-   -1.3586863254759412E-004
  K_nlo    =    1.1797403019112738            +-    3.1966087214802365E-004
  Kqq2     =    6.1243892071380285E-002       +-   -2.2771579583471282E-004
  Kgq2     =   -4.5780344741401927E-002       +-   -1.5323671945354934E-004
  Kqqs     =    2.1389691810342524E-003       +-   -3.7217807692508845E-006
  Kgg      =    1.3679867032444857E-003       +-   -2.2642061792763914E-006
  K_nnlo   =    1.1987108051255309            +-    4.2135261637454461E-004
  sig_LO   = (  -1.2905083377517570            +-    8.8288043095103555E-004 ) fb
  sig_NLO  = (  -1.5224646959982742            +-    9.7450230790354915E-004 ) fb
  sig_NNLO = (  -1.5469462885676193            +-    1.0368952578022265E-003 ) fb

  pp ---> HHW- + X
  ===============

  PDFSET = PDF4LHC21_40                                NSET =  35
  Sqrt(S)  = 14.0 TeV
  LOOP     = 3
  alphaS(MZ) =   0.11800
          kl =   1.00000
          kv =   1.00000
         k2v =   1.00000
         kth =   1.00000
         kbh =   1.00000
        cHsq =   0.00000
       chdup =   0.00000
         cHw =   0.00000
          cH =   0.00000
         cHb =   0.00000
        cHwb =   0.00000
      cHq1st =   0.00000
      cHq3st =  -0.11429
      cHq1rd =   0.00000
      cHq3rd =   0.00000
       cHdst =   0.00000
       cHust =   0.00000
       cHdrd =   0.00000
       cHurd =   0.00000
         cth =   0.00000
         cbh =   0.00000
 --------------

  mH       = 125.0000      GeV
  fact_scale 1.0
  ren_scale  1.0
  Kqq      =   0.26862598059173165            +-   -2.9280572320027759E-004
  Kgq      =   -8.8665044815898778E-002       +-   -1.3679310068447941E-004
  K_nlo    =    1.1799609357758329            +-    3.2318345244413690E-004
  Kqq2     =    6.1351725674887170E-002       +-   -2.3080582962422812E-004
  Kgq2     =   -4.5858757542653568E-002       +-   -1.5494548237466926E-004
  Kqqs     =    2.1417927175029897E-003       +-   -3.7433142581758610E-006
  Kgg      =    1.3706565921472462E-003       +-   -2.2687925780909961E-006
  K_nnlo   =    1.1989663532177166            +-    4.2631694459868317E-004
  sig_LO   = (  -1.2803976362919620            +-    8.8989139119804224E-004 ) fb
  sig_NLO  = (  -1.5108191930842281            +-    9.8139690385047281E-004 ) fb
  sig_NNLO = (  -1.5351536846535581            +-    1.0439658023233128E-003 ) fb

  pp ---> HHW- + X
  ===============

  PDFSET = PDF4LHC21_40                                NSET =  36
  Sqrt(S)  = 14.0 TeV
  LOOP     = 3
  alphaS(MZ) =   0.11800
          kl =   1.00000
          kv =   1.00000
         k2v =   1.00000
         kth =   1.00000
         kbh =   1.00000
        cHsq =   0.00000
       chdup =   0.00000
         cHw =   0.00000
          cH =   0.00000
         cHb =   0.00000
        cHwb =   0.00000
      cHq1st =   0.00000
      cHq3st =  -0.11429
      cHq1rd =   0.00000
      cHq3rd =   0.00000
       cHdst =   0.00000
       cHust =   0.00000
       cHdrd =   0.00000
       cHurd =   0.00000
         cth =   0.00000
         cbh =   0.00000
 --------------

  mH       = 125.0000      GeV
  fact_scale 1.0
  ren_scale  1.0
  Kqq      =   0.26858716758326184            +-   -2.9205772075144434E-004
  Kgq      =   -8.8735616342496340E-002       +-   -1.3685873499520403E-004
  K_nlo    =    1.1798515512407655            +-    3.2253375884551394E-004
  Kqq2     =    6.1340344566494676E-002       +-   -2.3021305368490038E-004
  Kgq2     =   -4.5892574269510218E-002       +-   -1.5496774526918146E-004
  Kqqs     =    2.1385410054384235E-003       +-   -3.7341433882762740E-006
  Kgg      =    1.3760297657496982E-003       +-   -2.2821648675461208E-006
  K_nnlo   =    1.1988138923089380            +-    4.2551172705236194E-004
  sig_LO   = (  -1.2805495512498641            +-    8.8669360643078355E-004 ) fb
  sig_NLO  = (  -1.5108583744828183            +-    9.7816739476934986E-004 ) fb
  sig_NNLO = (  -1.5351405918283134            +-    1.0407350343720147E-003 ) fb

  pp ---> HHW- + X
  ===============

  PDFSET = PDF4LHC21_40                                NSET =  37
  Sqrt(S)  = 14.0 TeV
  LOOP     = 3
  alphaS(MZ) =   0.11800
          kl =   1.00000
          kv =   1.00000
         k2v =   1.00000
         kth =   1.00000
         kbh =   1.00000
        cHsq =   0.00000
       chdup =   0.00000
         cHw =   0.00000
          cH =   0.00000
         cHb =   0.00000
        cHwb =   0.00000
      cHq1st =   0.00000
      cHq3st =  -0.11429
      cHq1rd =   0.00000
      cHq3rd =   0.00000
       cHdst =   0.00000
       cHust =   0.00000
       cHdrd =   0.00000
       cHurd =   0.00000
         cth =   0.00000
         cbh =   0.00000
 --------------

  mH       = 125.0000      GeV
  fact_scale 1.0
  ren_scale  1.0
  Kqq      =   0.26839430771927830            +-   -2.9101352223339353E-004
  Kgq      =   -8.8057706798106886E-002       +-   -1.3574363726385929E-004
  K_nlo    =    1.1803366009211713            +-    3.2111556359091045E-004
  Kqq2     =    6.1263538435857301E-002       +-   -2.2927882695653656E-004
  Kgq2     =   -4.5541279859170308E-002       +-   -1.5367222755869383E-004
  Kqqs     =    2.1310348341339025E-003       +-   -3.7200059302867110E-006
  Kgg      =    1.3589126084690478E-003       +-   -2.2498473305889577E-006
  K_nnlo   =    1.1995488069404612            +-    4.2345960781502737E-004
  sig_LO   = (  -1.2903001300359687            +-    8.8959627765219267E-004 ) fb
  sig_NLO  = (  -1.5229884696548008            +-    9.8135386339730755E-004 ) fb
  sig_NNLO = (  -1.5477779815797685            +-    1.0439940397999746E-003 ) fb

  pp ---> HHW- + X
  ===============

  PDFSET = PDF4LHC21_40                                NSET =  38
  Sqrt(S)  = 14.0 TeV
  LOOP     = 3
  alphaS(MZ) =   0.11800
          kl =   1.00000
          kv =   1.00000
         k2v =   1.00000
         kth =   1.00000
         kbh =   1.00000
        cHsq =   0.00000
       chdup =   0.00000
         cHw =   0.00000
          cH =   0.00000
         cHb =   0.00000
        cHwb =   0.00000
      cHq1st =   0.00000
      cHq3st =  -0.11429
      cHq1rd =   0.00000
      cHq3rd =   0.00000
       cHdst =   0.00000
       cHust =   0.00000
       cHdrd =   0.00000
       cHurd =   0.00000
         cth =   0.00000
         cbh =   0.00000
 --------------

  mH       = 125.0000      GeV
  fact_scale 1.0
  ren_scale  1.0
  Kqq      =   0.26858686101134793            +-   -2.9232907547895509E-004
  Kgq      =   -8.8751923960542975E-002       +-   -1.3675089772282001E-004
  K_nlo    =    1.1798349370508050            +-    3.2273378564751754E-004
  Kqq2     =    6.1337713994743581E-002       +-   -2.3052666681975636E-004
  Kgq2     =   -4.5899875838331716E-002       +-   -1.5478684598476905E-004
  Kqqs     =    2.1458428144967069E-003       +-   -3.7479277786456965E-006
  Kgg      =    1.3657689432556388E-003       +-   -2.2608208676391783E-006
  K_nnlo   =    1.1987843869649690            +-    4.2576726797271164E-004
  sig_LO   = (  -1.2834876832597890            +-    8.9007583696074143E-004 ) fb
  sig_NLO  = (  -1.5143036099842966            +-    9.8174192772948173E-004 ) fb
  sig_NNLO = (  -1.5386249955536746            +-    1.0444430219656554E-003 ) fb

  pp ---> HHW- + X
  ===============

  PDFSET = PDF4LHC21_40                                NSET =  39
  Sqrt(S)  = 14.0 TeV
  LOOP     = 3
  alphaS(MZ) =   0.11800
          kl =   1.00000
          kv =   1.00000
         k2v =   1.00000
         kth =   1.00000
         kbh =   1.00000
        cHsq =   0.00000
       chdup =   0.00000
         cHw =   0.00000
          cH =   0.00000
         cHb =   0.00000
        cHwb =   0.00000
      cHq1st =   0.00000
      cHq3st =  -0.11429
      cHq1rd =   0.00000
      cHq3rd =   0.00000
       cHdst =   0.00000
       cHust =   0.00000
       cHdrd =   0.00000
       cHurd =   0.00000
         cth =   0.00000
         cbh =   0.00000
 --------------

  mH       = 125.0000      GeV
  fact_scale 1.0
  ren_scale  1.0
  Kqq      =   0.26854380694181945            +-   -2.9230852577077714E-004
  Kgq      =   -8.8561351918370515E-002       +-   -1.3668281386681661E-004
  K_nlo    =    1.1799824550234488            +-    3.2268632732862404E-004
  Kqq2     =    6.1316904912021901E-002       +-   -2.3050537167954854E-004
  Kgq2     =   -4.5786805322923986E-002       +-   -1.5472053006606058E-004
  Kqqs     =    2.1364967244388053E-003       +-   -3.7351253444534990E-006
  Kgg      =    1.3720391377375844E-003       +-   -2.2725176383013321E-006
  K_nnlo   =    1.1990210904747232            +-    4.2569560737649228E-004
  sig_LO   = (  -1.2830186340829497            +-    8.9001239924445361E-004 ) fb
  sig_NLO  = (  -1.5139394776860309            +-    9.8159486535635897E-004 ) fb
  sig_NNLO = (  -1.5383664017375280            +-    1.0442363883631010E-003 ) fb

  pp ---> HHW- + X
  ===============

  PDFSET = PDF4LHC21_40                                NSET =  40
  Sqrt(S)  = 14.0 TeV
  LOOP     = 3
  alphaS(MZ) =   0.11800
          kl =   1.00000
          kv =   1.00000
         k2v =   1.00000
         kth =   1.00000
         kbh =   1.00000
        cHsq =   0.00000
       chdup =   0.00000
         cHw =   0.00000
          cH =   0.00000
         cHb =   0.00000
        cHwb =   0.00000
      cHq1st =   0.00000
      cHq3st =  -0.11429
      cHq1rd =   0.00000
      cHq3rd =   0.00000
       cHdst =   0.00000
       cHust =   0.00000
       cHdrd =   0.00000
       cHurd =   0.00000
         cth =   0.00000
         cbh =   0.00000
 --------------

  mH       = 125.0000      GeV
  fact_scale 1.0
  ren_scale  1.0
  Kqq      =   0.26858848117078343            +-   -2.9127699076611545E-004
  Kgq      =   -8.8556031381967007E-002       +-   -1.3649191583374205E-004
  K_nlo    =    1.1800324497888164            +-    3.2167114952654522E-004
  Kqq2     =    6.1344523816614163E-002       +-   -2.2960328578267283E-004
  Kgq2     =   -4.5806236160361051E-002       +-   -1.5458213005643961E-004
  Kqqs     =    2.1412343546107601E-003       +-   -3.7361339491829412E-006
  Kgg      =    1.3661335381470368E-003       +-   -2.2615509699620960E-006
  K_nnlo   =    1.1990781053378272            +-    4.2438744741378812E-004
  sig_LO   = (  -1.2831104430502538            +-    8.8554320994862958E-004 ) fb
  sig_NLO  = (  -1.5141119594622046            +-    9.7700602010820383E-004 ) fb
  sig_NNLO = (  -1.5385496389918785            +-    1.0395701970530393E-003 ) fb

  pp ---> HHW- + X
  ===============

  PDFSET = PDF4LHC21_40                                NSET =  41
  Sqrt(S)  = 14.0 TeV
  LOOP     = 3
  alphaS(MZ) =   0.11700
          kl =   1.00000
          kv =   1.00000
         k2v =   1.00000
         kth =   1.00000
         kbh =   1.00000
        cHsq =   0.00000
       chdup =   0.00000
         cHw =   0.00000
          cH =   0.00000
         cHb =   0.00000
        cHwb =   0.00000
      cHq1st =   0.00000
      cHq3st =  -0.11429
      cHq1rd =   0.00000
      cHq3rd =   0.00000
       cHdst =   0.00000
       cHust =   0.00000
       cHdrd =   0.00000
       cHurd =   0.00000
         cth =   0.00000
         cbh =   0.00000
 --------------

  mH       = 125.0000      GeV
  fact_scale 1.0
  ren_scale  1.0
  Kqq      =   0.26656050405295367            +-   -2.8940278571231841E-004
  Kgq      =   -8.6363239180502385E-002       +-   -1.3314428875394431E-004
  K_nlo    =    1.1801972648724512            +-    3.1856141324059287E-004
  Kqq2     =    6.0440457818170999E-002       +-   -2.2670914569101723E-004
  Kgq2     =   -4.4383067345169711E-002       +-   -1.4976029005455522E-004
  Kqqs     =    2.1027915254847630E-003       +-   -3.6743835446062553E-006
  Kgg      =    1.3066544571003682E-003       +-   -2.1636230612838564E-006
  K_nnlo   =    1.1996641013280376            +-    4.1871796902235203E-004
  sig_LO   = (  -1.2919586895528328            +-    8.9182943668470469E-004 ) fb
  sig_NLO  = (  -1.5247661117384497            +-    9.8221592119983716E-004 ) fb
  sig_NNLO = (  -1.5499164602553483            +-    1.0430744469803041E-003 ) fb

  pp ---> HHW- + X
  ===============

  PDFSET = PDF4LHC21_40                                NSET =  42
  Sqrt(S)  = 14.0 TeV
  LOOP     = 3
  alphaS(MZ) =   0.11900
          kl =   1.00000
          kv =   1.00000
         k2v =   1.00000
         kth =   1.00000
         kbh =   1.00000
        cHsq =   0.00000
       chdup =   0.00000
         cHw =   0.00000
          cH =   0.00000
         cHb =   0.00000
        cHwb =   0.00000
      cHq1st =   0.00000
      cHq3st =  -0.11429
      cHq1rd =   0.00000
      cHq3rd =   0.00000
       cHdst =   0.00000
       cHust =   0.00000
       cHdrd =   0.00000
       cHurd =   0.00000
         cth =   0.00000
         cbh =   0.00000
 --------------

  mH       = 125.0000      GeV
  fact_scale 1.0
  ren_scale  1.0
  Kqq      =   0.27029721074605206            +-   -2.9381530557994888E-004
  Kgq      =   -8.7408243068985703E-002       +-   -1.3484985150297551E-004
  K_nlo    =    1.1828889676770662            +-    3.2328302807820469E-004
  Kqq2     =    6.2120914625050240E-002       +-   -2.3363042176658476E-004
  Kgq2     =   -4.5494333716991860E-002       +-   -1.5355892487031153E-004
  Kqqs     =    2.1685325370763642E-003       +-   -3.7843571045870616E-006
  Kgg      =    1.3388400390933681E-003       +-   -2.2233795171166829E-006
  K_nnlo   =    1.2030229211612944            +-    4.2742800376290707E-004
  sig_LO   = (  -1.2892054421577399            +-    8.9280850994933995E-004 ) fb
  sig_NLO  = (  -1.5249868945976250            +-    9.8529748607801139E-004 ) fb
  sig_NNLO = (  -1.5509436970016426            +-    1.0491686621806992E-003 ) fb

