  pp ---> HHW- + X
  ===============

  PDFSET = PDF4LHC21_40                                NSET =   0
  Sqrt(S)  = 14.0 TeV
  LOOP     = 3
  alphaS(MZ) =   0.11800
          kl =   1.00000
          kv =   1.00000
         k2v =   1.00000
         kth =   1.00000
         kbh =   1.00000
        cHsq =   0.00000
       chdup =   0.00000
         cHw =   0.30000
          cH =   0.00000
         cHb =   0.00000
        cHwb =   0.00000
      cHq1st =   0.00000
      cHq3st =   0.00000
      cHq1rd =   0.00000
      cHq3rd =   0.00000
       cHdst =   0.00000
       cHust =   0.00000
       cHdrd =   0.00000
       cHurd =   0.00000
         cth =   0.00000
         cbh =   0.00000
 --------------

  mH       = 125.0000      GeV
  fact_scale 0.5
  ren_scale  0.5
  Kqq      =   0.20909555234354707            +-    1.8188039176140434E-004
  Kgq      =   -3.7889110225908081E-002       +-    1.7524762020393084E-004
  K_nlo    =    1.1712064421176391            +-    2.5257118856754644E-004
  Kqq2     =    1.3551433908233440E-002       +-    1.0536753861514030E-004
  Kgq2     =   -1.3971055576021090E-002       +-    9.6271770601105117E-005
  Kqqs     =    8.0835397374304024E-004       +-    2.4441341749325965E-006
  Kgg      =    3.0599850435426704E-004       +-    1.7025844950890799E-006
  K_nnlo   =    1.1719011729279489            +-    2.9012350799053840E-004
  sig_LO   = (  0.32541244603914149            +-    1.7963097676728130E-004 ) fb
  sig_NLO  = (  0.38112515314630108            +-    1.9754101447029903E-004 ) fb
  sig_NNLO = (  0.38135122719862269            +-    2.0292978643805275E-004 ) fb

  mH       = 125.0000      GeV
  fact_scale 1.0
  ren_scale  0.5
  Kqq      =   0.28702657769032341            +-    2.2853699540826910E-004
  Kgq      =  -0.11099388274249014            +-    1.7287772116681641E-004
  K_nlo    =    1.1760326949478332            +-    2.8655865847339307E-004
  Kqq2     =    2.4666138506022096E-002       +-    1.5481270028566154E-004
  Kgq2     =   -2.9088871880538058E-002       +-    1.2866509639079745E-004
  Kqqs     =    1.4264677164647480E-003       +-    2.7461686409330778E-006
  Kgg      =    1.2029938154929640E-003       +-    2.0673326662541829E-006
  K_nnlo   =    1.1742394231052751            +-    3.5021330536063217E-004
  sig_LO   = (  0.32141387952530770            +-    1.7744854592139698E-004 ) fb
  sig_NLO  = (  0.37799323093178583            +-    1.9992778795176658E-004 ) fb
  sig_NNLO = (  0.37741684847182566            +-    2.1013926174623675E-004 ) fb

  mH       = 125.0000      GeV
  fact_scale 0.5
  ren_scale  1.0
  Kqq      =   0.19222079027231315            +-    1.6726995300813467E-004
  Kgq      =   -3.4833466974837204E-002       +-    1.6095725184163881E-004
  K_nlo    =    1.1573873232974761            +-    2.3213460340879022E-004
  Kqq2     =    1.9220985434309151E-002       +-    7.5297039143807574E-005
  Kgq2     =   -1.3202753098821665E-002       +-    8.1856868458820114E-005
  Kqqs     =    6.8100605986034894E-004       +-    2.0577822177041319E-006
  Kgg      =    2.5785965107828101E-004       +-    1.4335608358888686E-006
  K_nnlo   =    1.1643444213439020            +-    2.5741591769311913E-004
  sig_LO   = (  0.32541244603914149            +-    1.7963097676728130E-004 ) fb
  sig_NLO  = (  0.37662823988892630            +-    1.9486790969448938E-004 ) fb
  sig_NNLO = (  0.37889216618154797            +-    1.9820213950741828E-004 ) fb

  mH       = 125.0000      GeV
  fact_scale 1.0
  ren_scale  1.0
  Kqq      =   0.26386002146320853            +-    2.1012321412573843E-004
  Kgq      =  -0.10197033085012910            +-    1.5871347652377896E-004
  K_nlo    =    1.1618896906130793            +-    2.6332818448619407E-004
  Kqq2     =    3.1500676424854664E-002       +-    1.1232498774469534E-004
  Kgq2     =   -2.8769643903720617E-002       +-    9.8781477999629951E-005
  Kqqs     =    1.2031961384130949E-003       +-    2.3155768757797154E-006
  Kgg      =    1.0132102245417282E-003       +-    1.7404307595984023E-006
  K_nnlo   =    1.1668371294971682            +-    3.0286103580343408E-004
  sig_LO   = (  0.32141387952530770            +-    1.7744854592139698E-004 ) fb
  sig_NLO  = (  0.37344747304040932            +-    1.9659975749882744E-004 ) fb
  sig_NNLO = (  0.37503764856585864            +-    2.0239513398105991E-004 ) fb

  mH       = 125.0000      GeV
  fact_scale 1.5
  ren_scale  1.0
  Kqq      =   0.30667912140802112            +-    2.4801570781628868E-004
  Kgq      =  -0.13971239749833811            +-    1.6167589018179973E-004
  K_nlo    =    1.1669667239096830            +-    2.9605892114525456E-004
  Kqq2     =    3.8702099657263463E-002       +-    1.4347827940394816E-004
  Kgq2     =   -3.9650471490072121E-002       +-    1.1443356791394969E-004
  Kqqs     =    2.1405858192803289E-003       +-    2.7661598304596099E-006
  Kgg      =    1.6988969121296399E-003       +-    2.0126322631688330E-006
  K_nnlo   =    1.1698578348082844            +-    3.4834414771136950E-004
  sig_LO   = (  0.31873190395033657            +-    1.7595072347894946E-004 ) fb
  sig_NLO  = (  0.37194952575842000            +-    1.9965748873933210E-004 ) fb
  sig_NNLO = (  0.37287101503966275            +-    2.0805278474563386E-004 ) fb

  mH       = 125.0000      GeV
  fact_scale 2.0
  ren_scale  1.0
  Kqq      =   0.33747825650429958            +-    2.7784592065834847E-004
  Kgq      =  -0.16570115502767405            +-    1.7968846619217195E-004
  K_nlo    =    1.1717771014766254            +-    3.3088714164950650E-004
  Kqq2     =    4.3828534432721389E-002       +-    1.7071600692628155E-004
  Kgq2     =   -4.8145881116455028E-002       +-    1.3087788852723752E-004
  Kqqs     =    3.0769582785247201E-003       +-    3.2786735258363354E-006
  Kgg      =    2.2795928914692777E-003       +-    2.3265423470266642E-006
  K_nnlo   =    1.1728163059628856            +-    3.9468397450943506E-004
  sig_LO   = (  0.31671286491396222            +-    1.7478651497760577E-004 ) fb
  sig_NLO  = (  0.37111688284924071            +-    2.0379541803352600E-004 ) fb
  sig_NNLO = (  0.37144601227931567            +-    2.1488531568227709E-004 ) fb

  mH       = 125.0000      GeV
  fact_scale 1.0
  ren_scale  1.5
  Kqq      =   0.25199494778367015            +-    2.0069065318225837E-004
  Kgq      =   -9.7353208577183326E-002       +-    1.5147450070490665E-004
  K_nlo    =    1.1546417392064867            +-    2.5143838736064604E-004
  Kqq2     =    3.4431215479591853E-002       +-    1.0301612943931287E-004
  Kgq2     =   -2.8493939256676093E-002       +-    8.7741330492333437E-005
  Kqqs     =    1.0963594667970531E-003       +-    2.1096166866149737E-006
  Kgg      =    9.2254701101443233E-004       +-    1.5843603914600342E-006
  K_nnlo   =    1.1625979219072138            +-    2.8555049872160771E-004
  sig_LO   = (  0.32141387952530770            +-    1.7744854592139698E-004 ) fb
  sig_NLO  = (  0.37111788086020547            +-    1.9498507113582133E-004 ) fb
  sig_NNLO = (  0.37367510840825835            +-    1.9977871587793222E-004 ) fb

  mH       = 125.0000      GeV
  fact_scale 1.5
  ren_scale  1.5
  Kqq      =   0.29288807375618880            +-    2.3685614664264399E-004
  Kgq      =  -0.13337825038387280            +-    1.5439962110717282E-004
  K_nlo    =    1.1595098233723160            +-    2.8273676308616149E-004
  Kqq2     =    4.1917022958894636E-002       +-    1.2676140510576068E-004
  Kgq2     =   -3.9296106627530830E-002       +-    1.0528284745350037E-004
  Kqqs     =    1.9504196485935076E-003       +-    2.5203047262602371E-006
  Kgg      =    1.5467231954145804E-003       +-    1.8332672873216609E-006
  K_nnlo   =    1.1656278825476878            +-    3.2726552185893945E-004
  sig_LO   = (  0.31873190395033657            +-    1.7595072347894946E-004 ) fb
  sig_NLO  = (  0.36957277365257679            +-    1.9768604316346990E-004 ) fb
  sig_NNLO = (  0.37152279430202390            +-    2.0454638947844470E-004 ) fb

  mH       = 125.0000      GeV
  fact_scale 2.0
  ren_scale  1.5
  Kqq      =   0.32230013845312228            +-    2.6530566653512329E-004
  Kgq      =  -0.15818323313919092            +-    1.7154333539874911E-004
  K_nlo    =    1.1641169053139313            +-    3.1593387380174002E-004
  Kqq2     =    4.7258208392222868E-002       +-    1.4723822820981086E-004
  Kgq2     =   -4.7653266765302259E-002       +-    1.2299977893986692E-004
  Kqqs     =    2.8034317690194088E-003       +-    2.9872489021721583E-006
  Kgg      =    2.0753022712275758E-003       +-    2.1186917971662920E-006
  K_nnlo   =    1.1686005809810989            +-    3.6964262009666737E-004
  sig_LO   = (  0.31671286491396222            +-    1.7478651497760577E-004 ) fb
  sig_NLO  = (  0.36869080017675093            +-    2.0140107724592524E-004 ) fb
  sig_NNLO = (  0.37011083794264460            +-    2.1037073211022466E-004 ) fb

  mH       = 125.0000      GeV
  fact_scale 1.0
  ren_scale  2.0
  Kqq      =   0.24421525020354604            +-    1.9450514602109995E-004
  Kgq      =   -9.4327485089293811E-002       +-    1.4673367108200384E-004
  K_nlo    =    1.1498877651142521            +-    2.4364527916192241E-004
  Kqq2     =    3.6126565046046048E-002       +-    1.0058112042960638E-004
  Kgq2     =   -2.8275314515119779E-002       +-    8.2475611852602626E-005
  Kqqs     =    1.0290612205865670E-003       +-    1.9799072686828195E-006
  Kgg      =    8.6548923131140590E-004       +-    1.4861695902187720E-006
  K_nnlo   =    1.1596335660970762            +-    2.7620271383183535E-004
  sig_LO   = (  0.32141387952530770            +-    1.7744854592139698E-004 ) fb
  sig_NLO  = (  0.36958988760405759            +-    1.9396029274477164E-004 ) fb
  sig_NNLO = (  0.37272232330702870            +-    1.9841636921243578E-004 ) fb

  mH       = 125.0000      GeV
  fact_scale 1.5
  ren_scale  2.0
  Kqq      =   0.28384564276912172            +-    2.2954032718948877E-004
  Kgq      =  -0.12922773615558711            +-    1.4962965948958371E-004
  K_nlo    =    1.1546179066135347            +-    2.7400327882203587E-004
  Kqq2     =    4.3784475176968124E-002       +-    1.2257152044598357E-004
  Kgq2     =   -3.9002642044187567E-002       +-    1.0140124771821766E-004
  Kqqs     =    1.8306369049071734E-003       +-    2.3654520928349478E-006
  Kgg      =    1.4509665853537389E-003       +-    1.7203356203158695E-006
  K_nnlo   =    1.1626813432365761            +-    3.1684750651808489E-004
  sig_LO   = (  0.31873190395033657            +-    1.7595072347894946E-004 ) fb
  sig_NLO  = (  0.36801356371008381            +-    1.9643271740461983E-004 ) fb
  sig_NNLO = (  0.37058363821732870            +-    2.0287315698694279E-004 ) fb

  mH       = 125.0000      GeV
  fact_scale 2.0
  ren_scale  2.0
  Kqq      =   0.31234837286122519            +-    2.5708669879952444E-004
  Kgq      =  -0.15325735531624146            +-    1.6620677042745123E-004
  K_nlo    =    1.1590910175449836            +-    3.0613438427520829E-004
  Kqq2     =    4.9249936828624434E-002       +-    1.4031101203957613E-004
  Kgq2     =   -4.7254343798941723E-002       +-    1.1922715311827552E-004
  Kqqs     =    2.6311570678945228E-003       +-    2.8037086497001535E-006
  Kgg      =    1.9467582858998056E-003       +-    1.9878706112594507E-006
  K_nnlo   =    1.1656645259284606            +-    3.5725672532169238E-004
  sig_LO   = (  0.31671286491396222            +-    1.7478651497760577E-004 ) fb
  sig_NLO  = (  0.36709903686271145            +-    1.9987728006011361E-004 ) fb
  sig_NNLO = (  0.36918095153537844            +-    2.0821323369583857E-004 ) fb

  pp ---> HHW- + X
  ===============

  PDFSET = PDF4LHC21_40                                NSET =   1
  Sqrt(S)  = 14.0 TeV
  LOOP     = 3
  alphaS(MZ) =   0.11800
          kl =   1.00000
          kv =   1.00000
         k2v =   1.00000
         kth =   1.00000
         kbh =   1.00000
        cHsq =   0.00000
       chdup =   0.00000
         cHw =   0.30000
          cH =   0.00000
         cHb =   0.00000
        cHwb =   0.00000
      cHq1st =   0.00000
      cHq3st =   0.00000
      cHq1rd =   0.00000
      cHq3rd =   0.00000
       cHdst =   0.00000
       cHust =   0.00000
       cHdrd =   0.00000
       cHurd =   0.00000
         cth =   0.00000
         cbh =   0.00000
 --------------

  mH       = 125.0000      GeV
  fact_scale 1.0
  ren_scale  1.0
  Kqq      =   0.26411396627321848            +-    2.0749233637922589E-004
  Kgq      =  -0.10231349385816235            +-    1.5805193564894185E-004
  K_nlo    =    1.1618004724150559            +-    2.6083229098117260E-004
  Kqq2     =    3.1566721103669509E-002       +-    1.1130679880186833E-004
  Kgq2     =   -2.8876317495110663E-002       +-    9.8418371088551996E-005
  Kqqs     =    1.2078230030684327E-003       +-    2.3062362783028699E-006
  Kgg      =    1.0158690297529262E-003       +-    1.7451535945156057E-006
  K_nnlo   =    1.1667145680564361            +-    3.0019531564061825E-004
  sig_LO   = (  0.32064325620194561            +-    1.7350725821096410E-004 ) fb
  sig_NLO  = (  0.37252348653212231            +-    1.9261213321314247E-004 ) fb
  sig_NNLO = (  0.37409915815986222            +-    1.9841852196235188E-004 ) fb

  pp ---> HHW- + X
  ===============

  PDFSET = PDF4LHC21_40                                NSET =   2
  Sqrt(S)  = 14.0 TeV
  LOOP     = 3
  alphaS(MZ) =   0.11800
          kl =   1.00000
          kv =   1.00000
         k2v =   1.00000
         kth =   1.00000
         kbh =   1.00000
        cHsq =   0.00000
       chdup =   0.00000
         cHw =   0.30000
          cH =   0.00000
         cHb =   0.00000
        cHwb =   0.00000
      cHq1st =   0.00000
      cHq3st =   0.00000
      cHq1rd =   0.00000
      cHq3rd =   0.00000
       cHdst =   0.00000
       cHust =   0.00000
       cHdrd =   0.00000
       cHurd =   0.00000
         cth =   0.00000
         cbh =   0.00000
 --------------

  mH       = 125.0000      GeV
  fact_scale 1.0
  ren_scale  1.0
  Kqq      =   0.26384929640079197            +-    2.1068120372487819E-004
  Kgq      =  -0.10338787767600890            +-    1.6028208686411468E-004
  K_nlo    =    1.1604614187247830            +-    2.6472045061248897E-004
  Kqq2     =    3.1503029567231090E-002       +-    1.1237004216659755E-004
  Kgq2     =   -2.9184218556826413E-002       +-    9.9798954430027736E-005
  Kqqs     =    1.2234230743291090E-003       +-    2.3534989656838774E-006
  Kgg      =    1.0117187641603060E-003       +-    1.7314741293934266E-006
  K_nnlo   =    1.1650153715736771            +-    3.0442127326185849E-004
  sig_LO   = (  0.32062556296247907            +-    1.7713923396668935E-004 ) fb
  sig_NLO  = (  0.37207359567487075            +-    1.9642369497247414E-004 ) fb
  sig_NNLO = (  0.37353370937075198            +-    2.0225007169118555E-004 ) fb

  pp ---> HHW- + X
  ===============

  PDFSET = PDF4LHC21_40                                NSET =   3
  Sqrt(S)  = 14.0 TeV
  LOOP     = 3
  alphaS(MZ) =   0.11800
          kl =   1.00000
          kv =   1.00000
         k2v =   1.00000
         kth =   1.00000
         kbh =   1.00000
        cHsq =   0.00000
       chdup =   0.00000
         cHw =   0.30000
          cH =   0.00000
         cHb =   0.00000
        cHwb =   0.00000
      cHq1st =   0.00000
      cHq3st =   0.00000
      cHq1rd =   0.00000
      cHq3rd =   0.00000
       cHdst =   0.00000
       cHust =   0.00000
       cHdrd =   0.00000
       cHurd =   0.00000
         cth =   0.00000
         cbh =   0.00000
 --------------

  mH       = 125.0000      GeV
  fact_scale 1.0
  ren_scale  1.0
  Kqq      =   0.26407810592854541            +-    2.1267578437686143E-004
  Kgq      =  -0.10248198513752414            +-    1.5881837997130753E-004
  K_nlo    =    1.1615961207910215            +-    2.6543222689986962E-004
  Kqq2     =    3.1554505546653330E-002       +-    1.1328358657317158E-004
  Kgq2     =   -2.8917609182102563E-002       +-    9.8884903122434622E-005
  Kqqs     =    1.2075506735406928E-003       +-    2.3230731219753564E-006
  Kgg      =    1.0160592996248123E-003       +-    1.7441620593105797E-006
  K_nnlo   =    1.1664566271287378            +-    3.0508048265901508E-004
  sig_LO   = (  0.31965196344717939            +-    1.7868709264633192E-004 ) fb
  sig_NLO  = (  0.37130648074347694            +-    1.9780775853999084E-004 ) fb
  sig_NNLO = (  0.37286015113767546            +-    2.0356606947968383E-004 ) fb

  pp ---> HHW- + X
  ===============

  PDFSET = PDF4LHC21_40                                NSET =   4
  Sqrt(S)  = 14.0 TeV
  LOOP     = 3
  alphaS(MZ) =   0.11800
          kl =   1.00000
          kv =   1.00000
         k2v =   1.00000
         kth =   1.00000
         kbh =   1.00000
        cHsq =   0.00000
       chdup =   0.00000
         cHw =   0.30000
          cH =   0.00000
         cHb =   0.00000
        cHwb =   0.00000
      cHq1st =   0.00000
      cHq3st =   0.00000
      cHq1rd =   0.00000
      cHq3rd =   0.00000
       cHdst =   0.00000
       cHust =   0.00000
       cHdrd =   0.00000
       cHurd =   0.00000
         cth =   0.00000
         cbh =   0.00000
 --------------

  mH       = 125.0000      GeV
  fact_scale 1.0
  ren_scale  1.0
  Kqq      =   0.26440038236315305            +-    2.0979872676820779E-004
  Kgq      =  -0.10310525721919249            +-    1.6067764749642049E-004
  K_nlo    =    1.1612951251439607            +-    2.6425898690213935E-004
  Kqq2     =    3.1636652107195476E-002       +-    1.1217878586390192E-004
  Kgq2     =   -2.9085597719087735E-002       +-    9.9998435286581221E-005
  Kqqs     =    1.2126194866705594E-003       +-    2.3330546602268647E-006
  Kgg      =    1.0305478043405507E-003       +-    1.7745797602949299E-006
  K_nnlo   =    1.1660893468230797            +-    3.0401508431915358E-004
  sig_LO   = (  0.31680628284563922            +-    1.7449136081897581E-004 ) fb
  sig_NLO  = (  0.36790559188361960            +-    1.9353576012761054E-004 ) fb
  sig_NNLO = (  0.36942443143291925            +-    1.9930780259369056E-004 ) fb

  pp ---> HHW- + X
  ===============

  PDFSET = PDF4LHC21_40                                NSET =   5
  Sqrt(S)  = 14.0 TeV
  LOOP     = 3
  alphaS(MZ) =   0.11800
          kl =   1.00000
          kv =   1.00000
         k2v =   1.00000
         kth =   1.00000
         kbh =   1.00000
        cHsq =   0.00000
       chdup =   0.00000
         cHw =   0.30000
          cH =   0.00000
         cHb =   0.00000
        cHwb =   0.00000
      cHq1st =   0.00000
      cHq3st =   0.00000
      cHq1rd =   0.00000
      cHq3rd =   0.00000
       cHdst =   0.00000
       cHust =   0.00000
       cHdrd =   0.00000
       cHurd =   0.00000
         cth =   0.00000
         cbh =   0.00000
 --------------

  mH       = 125.0000      GeV
  fact_scale 1.0
  ren_scale  1.0
  Kqq      =   0.26405702221129301            +-    2.1130425413680993E-004
  Kgq      =  -0.10201260000446785            +-    1.5855309614931751E-004
  K_nlo    =    1.1620444222068251            +-    2.6417526779554568E-004
  Kqq2     =    3.1550275293812526E-002       +-    1.1272326649753384E-004
  Kgq2     =   -2.8787946717167848E-002       +-    9.8671273220634950E-005
  Kqqs     =    1.2041438024419314E-003       +-    2.3173268734807189E-006
  Kgg      =    1.0107530148649882E-003       +-    1.7365491847021189E-006
  K_nnlo   =    1.1670216476007769            +-    3.0370958610260058E-004
  sig_LO   = (  0.32022217668597064            +-    1.7727580248293431E-004 ) fb
  sig_NLO  = (  0.37211239428486059            +-    1.9642552488771740E-004 ) fb
  sig_NNLO = (  0.37370621223436851            +-    2.0220078293363525E-004 ) fb

  pp ---> HHW- + X
  ===============

  PDFSET = PDF4LHC21_40                                NSET =   6
  Sqrt(S)  = 14.0 TeV
  LOOP     = 3
  alphaS(MZ) =   0.11800
          kl =   1.00000
          kv =   1.00000
         k2v =   1.00000
         kth =   1.00000
         kbh =   1.00000
        cHsq =   0.00000
       chdup =   0.00000
         cHw =   0.30000
          cH =   0.00000
         cHb =   0.00000
        cHwb =   0.00000
      cHq1st =   0.00000
      cHq3st =   0.00000
      cHq1rd =   0.00000
      cHq3rd =   0.00000
       cHdst =   0.00000
       cHust =   0.00000
       cHdrd =   0.00000
       cHurd =   0.00000
         cth =   0.00000
         cbh =   0.00000
 --------------

  mH       = 125.0000      GeV
  fact_scale 1.0
  ren_scale  1.0
  Kqq      =   0.26388445892483564            +-    2.1047708628925592E-004
  Kgq      =  -0.10229416188956425            +-    1.5870167583554706E-004
  K_nlo    =    1.1615902970352714            +-    2.6360353898577680E-004
  Kqq2     =    3.1506254326334436E-002       +-    1.1242958373313585E-004
  Kgq2     =   -2.8857438933824246E-002       +-    9.8819655691693653E-005
  Kqqs     =    1.2046654613958915E-003       +-    2.3153027736306765E-006
  Kgg      =    1.0155738513730132E-003       +-    1.7467369574554497E-006
  K_nnlo   =    1.1664593517405506            +-    3.0315173285368034E-004
  sig_LO   = (  0.32174010934393210            +-    1.7803394122628283E-004 ) fb
  sig_NLO  = (  0.37373018918097878            +-    1.9720327325784562E-004 ) fb
  sig_NNLO = (  0.37529675937425683            +-    2.0300091011268332E-004 ) fb

  pp ---> HHW- + X
  ===============

  PDFSET = PDF4LHC21_40                                NSET =   7
  Sqrt(S)  = 14.0 TeV
  LOOP     = 3
  alphaS(MZ) =   0.11800
          kl =   1.00000
          kv =   1.00000
         k2v =   1.00000
         kth =   1.00000
         kbh =   1.00000
        cHsq =   0.00000
       chdup =   0.00000
         cHw =   0.30000
          cH =   0.00000
         cHb =   0.00000
        cHwb =   0.00000
      cHq1st =   0.00000
      cHq3st =   0.00000
      cHq1rd =   0.00000
      cHq3rd =   0.00000
       cHdst =   0.00000
       cHust =   0.00000
       cHdrd =   0.00000
       cHurd =   0.00000
         cth =   0.00000
         cbh =   0.00000
 --------------

  mH       = 125.0000      GeV
  fact_scale 1.0
  ren_scale  1.0
  Kqq      =   0.26412862131188730            +-    2.1347994171764788E-004
  Kgq      =  -0.10210390723022585            +-    1.5878069305520537E-004
  K_nlo    =    1.1620247140816613            +-    2.6605449442334493E-004
  Kqq2     =    3.1564087618634454E-002       +-    1.1297424319217350E-004
  Kgq2     =   -2.8813730683954000E-002       +-    9.8822150942981933E-005
  Kqqs     =    1.2048123095464395E-003       +-    2.3258489012396913E-006
  Kgg      =    1.0112599481008698E-003       +-    1.7353725008112392E-006
  K_nnlo   =    1.1669911432739892            +-    3.0548717196558599E-004
  sig_LO   = (  0.32026243363243079            +-    1.8105452773803832E-004 ) fb
  sig_NLO  = (  0.37215286287282245            +-    2.0010252159276287E-004 ) fb
  sig_NNLO = (  0.37374342357242046            +-    2.0579756474742861E-004 ) fb

  pp ---> HHW- + X
  ===============

  PDFSET = PDF4LHC21_40                                NSET =   8
  Sqrt(S)  = 14.0 TeV
  LOOP     = 3
  alphaS(MZ) =   0.11800
          kl =   1.00000
          kv =   1.00000
         k2v =   1.00000
         kth =   1.00000
         kbh =   1.00000
        cHsq =   0.00000
       chdup =   0.00000
         cHw =   0.30000
          cH =   0.00000
         cHb =   0.00000
        cHwb =   0.00000
      cHq1st =   0.00000
      cHq3st =   0.00000
      cHq1rd =   0.00000
      cHq3rd =   0.00000
       cHdst =   0.00000
       cHust =   0.00000
       cHdrd =   0.00000
       cHurd =   0.00000
         cth =   0.00000
         cbh =   0.00000
 --------------

  mH       = 125.0000      GeV
  fact_scale 1.0
  ren_scale  1.0
  Kqq      =   0.26359954958270349            +-    2.1033499888303627E-004
  Kgq      =  -0.10202390332964406            +-    1.5941504530247690E-004
  K_nlo    =    1.1615756462530595            +-    2.6392038273675950E-004
  Kqq2     =    3.1432376433335102E-002       +-    1.1239251201773335E-004
  Kgq2     =   -2.8759089782977688E-002       +-    9.9101401036598771E-005
  Kqqs     =    1.2071078031986350E-003       +-    2.3266639920245681E-006
  Kgg      =    1.0113492894430593E-003       +-    1.7463143627143060E-006
  K_nnlo   =    1.1664673899960585            +-    3.0350551205567252E-004
  sig_LO   = (  0.32208837882010560            +-    1.7816713149610672E-004 ) fb
  sig_NLO  = (  0.37413001677856439            +-    1.9740692433185250E-004 ) fb
  sig_NNLO = (  0.37570559059035036            +-    2.0322323625155051E-004 ) fb

  pp ---> HHW- + X
  ===============

  PDFSET = PDF4LHC21_40                                NSET =   9
  Sqrt(S)  = 14.0 TeV
  LOOP     = 3
  alphaS(MZ) =   0.11800
          kl =   1.00000
          kv =   1.00000
         k2v =   1.00000
         kth =   1.00000
         kbh =   1.00000
        cHsq =   0.00000
       chdup =   0.00000
         cHw =   0.30000
          cH =   0.00000
         cHb =   0.00000
        cHwb =   0.00000
      cHq1st =   0.00000
      cHq3st =   0.00000
      cHq1rd =   0.00000
      cHq3rd =   0.00000
       cHdst =   0.00000
       cHust =   0.00000
       cHdrd =   0.00000
       cHurd =   0.00000
         cth =   0.00000
         cbh =   0.00000
 --------------

  mH       = 125.0000      GeV
  fact_scale 1.0
  ren_scale  1.0
  Kqq      =   0.26392023039258206            +-    2.0893519517762790E-004
  Kgq      =  -0.10222650124674790            +-    1.5848977337208273E-004
  K_nlo    =    1.1616937291458342            +-    2.6224592284237254E-004
  Kqq2     =    3.1514973994000148E-002       +-    1.1180235412455359E-004
  Kgq2     =   -2.8835662995494719E-002       +-    9.8701784395949509E-005
  Kqqs     =    1.2062915621105089E-003       +-    2.3147614486579843E-006
  Kgg      =    1.0125871467458428E-003       +-    1.7395571934417646E-006
  K_nnlo   =    1.1665919188531961            +-    3.0170037596592030E-004
  sig_LO   = (  0.32251408567335327            +-    1.7670475016882500E-004 ) fb
  sig_NLO  = (  0.37466259088793680            +-    1.9590305637592884E-004 ) fb
  sig_NNLO = (  0.37624232606286123            +-    2.0172349582192096E-004 ) fb

  pp ---> HHW- + X
  ===============

  PDFSET = PDF4LHC21_40                                NSET =  10
  Sqrt(S)  = 14.0 TeV
  LOOP     = 3
  alphaS(MZ) =   0.11800
          kl =   1.00000
          kv =   1.00000
         k2v =   1.00000
         kth =   1.00000
         kbh =   1.00000
        cHsq =   0.00000
       chdup =   0.00000
         cHw =   0.30000
          cH =   0.00000
         cHb =   0.00000
        cHwb =   0.00000
      cHq1st =   0.00000
      cHq3st =   0.00000
      cHq1rd =   0.00000
      cHq3rd =   0.00000
       cHdst =   0.00000
       cHust =   0.00000
       cHdrd =   0.00000
       cHurd =   0.00000
         cth =   0.00000
         cbh =   0.00000
 --------------

  mH       = 125.0000      GeV
  fact_scale 1.0
  ren_scale  1.0
  Kqq      =   0.26380205711098315            +-    2.0984630457721246E-004
  Kgq      =  -0.10156195248822618            +-    1.5844397338125854E-004
  K_nlo    =    1.1622401046227571            +-    2.6294479315162943E-004
  Kqq2     =    3.1486474182505664E-002       +-    1.1224156735794658E-004
  Kgq2     =   -2.8655330314885010E-002       +-    9.8615560351648929E-005
  Kqqs     =    1.2018166287478661E-003       +-    2.3152114149777593E-006
  Kgg      =    1.0077279052248696E-003       +-    1.7354078557248615E-006
  K_nnlo   =    1.1672807930243505            +-    3.0244261319515328E-004
  sig_LO   = (  0.32113710647192567            +-    1.7718229416277491E-004 ) fb
  sig_NLO  = (  0.37323842422418035            +-    1.9627507122095721E-004 ) fb
  sig_NNLO = (  0.37485717631209470            +-    2.0205676674516187E-004 ) fb

  pp ---> HHW- + X
  ===============

  PDFSET = PDF4LHC21_40                                NSET =  11
  Sqrt(S)  = 14.0 TeV
  LOOP     = 3
  alphaS(MZ) =   0.11800
          kl =   1.00000
          kv =   1.00000
         k2v =   1.00000
         kth =   1.00000
         kbh =   1.00000
        cHsq =   0.00000
       chdup =   0.00000
         cHw =   0.30000
          cH =   0.00000
         cHb =   0.00000
        cHwb =   0.00000
      cHq1st =   0.00000
      cHq3st =   0.00000
      cHq1rd =   0.00000
      cHq3rd =   0.00000
       cHdst =   0.00000
       cHust =   0.00000
       cHdrd =   0.00000
       cHurd =   0.00000
         cth =   0.00000
         cbh =   0.00000
 --------------

  mH       = 125.0000      GeV
  fact_scale 1.0
  ren_scale  1.0
  Kqq      =   0.26385363249205163            +-    2.1044280378237624E-004
  Kgq      =  -0.10208715029213876            +-    1.5889703471239273E-004
  K_nlo    =    1.1617664821999130            +-    2.6369384009524956E-004
  Kqq2     =    3.1498854099383682E-002       +-    1.1245190415052365E-004
  Kgq2     =   -2.8805024629297092E-002       +-    9.8903855083549931E-005
  Kqqs     =    1.2035999728294226E-003       +-    2.3177098845170129E-006
  Kgg      =    1.0155116323225862E-003       +-    1.7448842583238172E-006
  K_nnlo   =    1.1666794232751516            +-    3.0326599051299703E-004
  sig_LO   = (  0.32072355077751469            +-    1.7738421255123182E-004 ) fb
  sig_NLO  = (  0.37260587134545836            +-    1.9651392200666624E-004 ) fb
  sig_NNLO = (  0.37418156725186963            +-    2.0230064418155867E-004 ) fb

  pp ---> HHW- + X
  ===============

  PDFSET = PDF4LHC21_40                                NSET =  12
  Sqrt(S)  = 14.0 TeV
  LOOP     = 3
  alphaS(MZ) =   0.11800
          kl =   1.00000
          kv =   1.00000
         k2v =   1.00000
         kth =   1.00000
         kbh =   1.00000
        cHsq =   0.00000
       chdup =   0.00000
         cHw =   0.30000
          cH =   0.00000
         cHb =   0.00000
        cHwb =   0.00000
      cHq1st =   0.00000
      cHq3st =   0.00000
      cHq1rd =   0.00000
      cHq3rd =   0.00000
       cHdst =   0.00000
       cHust =   0.00000
       cHdrd =   0.00000
       cHurd =   0.00000
         cth =   0.00000
         cbh =   0.00000
 --------------

  mH       = 125.0000      GeV
  fact_scale 1.0
  ren_scale  1.0
  Kqq      =   0.26356850466818427            +-    2.0921974250959744E-004
  Kgq      =  -0.10162065193747652            +-    1.5824800258629586E-004
  K_nlo    =    1.1619478527307079            +-    2.6232676374768658E-004
  Kqq2     =    3.1425293105521813E-002       +-    1.1196849352543906E-004
  Kgq2     =   -2.8666665962167673E-002       +-    9.8512979875741373E-005
  Kqqs     =    1.2009832853063028E-003       +-    2.3125899905241774E-006
  Kgg      =    1.0087801966508724E-003       +-    1.7329626071142785E-006
  K_nnlo   =    1.1669162433560194            +-    3.0177049716059219E-004
  sig_LO   = (  0.32418532555442636            +-    1.7832628123116000E-004 ) fb
  sig_NLO  = (  0.37668644291477116            +-    1.9756641218872991E-004 ) fb
  sig_NNLO = (  0.37829712224711931            +-    2.0339834495559445E-004 ) fb

  pp ---> HHW- + X
  ===============

  PDFSET = PDF4LHC21_40                                NSET =  13
  Sqrt(S)  = 14.0 TeV
  LOOP     = 3
  alphaS(MZ) =   0.11800
          kl =   1.00000
          kv =   1.00000
         k2v =   1.00000
         kth =   1.00000
         kbh =   1.00000
        cHsq =   0.00000
       chdup =   0.00000
         cHw =   0.30000
          cH =   0.00000
         cHb =   0.00000
        cHwb =   0.00000
      cHq1st =   0.00000
      cHq3st =   0.00000
      cHq1rd =   0.00000
      cHq3rd =   0.00000
       cHdst =   0.00000
       cHust =   0.00000
       cHdrd =   0.00000
       cHurd =   0.00000
         cth =   0.00000
         cbh =   0.00000
 --------------

  mH       = 125.0000      GeV
  fact_scale 1.0
  ren_scale  1.0
  Kqq      =   0.26379724435167573            +-    2.0929091236629655E-004
  Kgq      =  -0.10136856104931542            +-    1.5757472537282141E-004
  K_nlo    =    1.1624286833023603            +-    2.6197801448869123E-004
  Kqq2     =    3.1482651936119745E-002       +-    1.1198747471770404E-004
  Kgq2     =   -2.8602373934789045E-002       +-    9.8075215480089825E-005
  Kqqs     =    1.1980502769768143E-003       +-    2.3033691204620387E-006
  Kgg      =    1.0083365042792285E-003       +-    1.7313409706605047E-006
  K_nnlo   =    1.1675153480849469            +-    3.0133158731107689E-004
  sig_LO   = (  0.32159884066108646            +-    1.7676552715867159E-004 ) fb
  sig_NLO  = (  0.37383571690123230            +-    1.9581731724214942E-004 ) fb
  sig_NNLO = (  0.37547158239814377            +-    2.0158668251661207E-004 ) fb

  pp ---> HHW- + X
  ===============

  PDFSET = PDF4LHC21_40                                NSET =  14
  Sqrt(S)  = 14.0 TeV
  LOOP     = 3
  alphaS(MZ) =   0.11800
          kl =   1.00000
          kv =   1.00000
         k2v =   1.00000
         kth =   1.00000
         kbh =   1.00000
        cHsq =   0.00000
       chdup =   0.00000
         cHw =   0.30000
          cH =   0.00000
         cHb =   0.00000
        cHwb =   0.00000
      cHq1st =   0.00000
      cHq3st =   0.00000
      cHq1rd =   0.00000
      cHq3rd =   0.00000
       cHdst =   0.00000
       cHust =   0.00000
       cHdrd =   0.00000
       cHurd =   0.00000
         cth =   0.00000
         cbh =   0.00000
 --------------

  mH       = 125.0000      GeV
  fact_scale 1.0
  ren_scale  1.0
  Kqq      =   0.26403533340429830            +-    2.1298772618349120E-004
  Kgq      =  -0.10216151970945102            +-    1.5886965944882027E-004
  K_nlo    =    1.1618738136948472            +-    2.6571289053826117E-004
  Kqq2     =    3.1542687012144265E-002       +-    1.1333361653959421E-004
  Kgq2     =   -2.8829060444796741E-002       +-    9.8902989071925486E-005
  Kqqs     =    1.2048783436070429E-003       +-    2.3258017958492540E-006
  Kgg      =    1.0127234016654412E-003       +-    1.7381996307903388E-006
  K_nnlo   =    1.1668050420074672            +-    3.0534911294361611E-004
  sig_LO   = (  0.32063130459480160            +-    1.7978194912549061E-004 ) fb
  sig_NLO  = (  0.37253311665951638            +-    1.9894694172735398E-004 ) fb
  sig_NNLO = (  0.37411422282664658            +-    2.0471159543322941E-004 ) fb

  pp ---> HHW- + X
  ===============

  PDFSET = PDF4LHC21_40                                NSET =  15
  Sqrt(S)  = 14.0 TeV
  LOOP     = 3
  alphaS(MZ) =   0.11800
          kl =   1.00000
          kv =   1.00000
         k2v =   1.00000
         kth =   1.00000
         kbh =   1.00000
        cHsq =   0.00000
       chdup =   0.00000
         cHw =   0.30000
          cH =   0.00000
         cHb =   0.00000
        cHwb =   0.00000
      cHq1st =   0.00000
      cHq3st =   0.00000
      cHq1rd =   0.00000
      cHq3rd =   0.00000
       cHdst =   0.00000
       cHust =   0.00000
       cHdrd =   0.00000
       cHurd =   0.00000
         cth =   0.00000
         cbh =   0.00000
 --------------

  mH       = 125.0000      GeV
  fact_scale 1.0
  ren_scale  1.0
  Kqq      =   0.26401011196768470            +-    2.1039993716695298E-004
  Kgq      =  -0.10167427985025046            +-    1.5785210569912249E-004
  K_nlo    =    1.1623358321174342            +-    2.6303121646204788E-004
  Kqq2     =    3.1541080468590138E-002       +-    1.1242191974784220E-004
  Kgq2     =   -2.8699350854757149E-002       +-    9.8288315841027341E-005
  Kqqs     =    1.2021243482364639E-003       +-    2.3123674748657677E-006
  Kgg      =    1.0077809407529374E-003       +-    1.7283243725745477E-006
  K_nnlo   =    1.1673874670202566            +-    3.0247815797613582E-004
  sig_LO   = (  0.32070150603005504            +-    1.7708676308381916E-004 ) fb
  sig_NLO  = (  0.37276285187275837            +-    1.9615148368871030E-004 ) fb
  sig_NNLO = (  0.37438291879400754            +-    2.0191515704017104E-004 ) fb

  pp ---> HHW- + X
  ===============

  PDFSET = PDF4LHC21_40                                NSET =  16
  Sqrt(S)  = 14.0 TeV
  LOOP     = 3
  alphaS(MZ) =   0.11800
          kl =   1.00000
          kv =   1.00000
         k2v =   1.00000
         kth =   1.00000
         kbh =   1.00000
        cHsq =   0.00000
       chdup =   0.00000
         cHw =   0.30000
          cH =   0.00000
         cHb =   0.00000
        cHwb =   0.00000
      cHq1st =   0.00000
      cHq3st =   0.00000
      cHq1rd =   0.00000
      cHq3rd =   0.00000
       cHdst =   0.00000
       cHust =   0.00000
       cHdrd =   0.00000
       cHurd =   0.00000
         cth =   0.00000
         cbh =   0.00000
 --------------

  mH       = 125.0000      GeV
  fact_scale 1.0
  ren_scale  1.0
  Kqq      =   0.26377198704375299            +-    2.1018633375145340E-004
  Kgq      =  -0.10135813908658922            +-    1.5793750285684652E-004
  K_nlo    =    1.1624138479571637            +-    2.6291167662265168E-004
  Kqq2     =    3.1478341170554015E-002       +-    1.1235375079080706E-004
  Kgq2     =   -2.8597615426511937E-002       +-    9.8298427074219047E-005
  Kqqs     =    1.1950212289743517E-003       +-    2.3007914812011792E-006
  Kgg      =    1.0162621868961338E-003       +-    1.7483164401931955E-006
  K_nnlo   =    1.1675058571170762            +-    3.0235218874414838E-004
  sig_LO   = (  0.32133512511210688            +-    1.7757539605043105E-004 ) fb
  sig_NLO  = (  0.37352439926536080            +-    1.9664780046690130E-004 ) fb
  sig_NNLO = (  0.37516064066583332            +-    2.0241636086514036E-004 ) fb

  pp ---> HHW- + X
  ===============

  PDFSET = PDF4LHC21_40                                NSET =  17
  Sqrt(S)  = 14.0 TeV
  LOOP     = 3
  alphaS(MZ) =   0.11800
          kl =   1.00000
          kv =   1.00000
         k2v =   1.00000
         kth =   1.00000
         kbh =   1.00000
        cHsq =   0.00000
       chdup =   0.00000
         cHw =   0.30000
          cH =   0.00000
         cHb =   0.00000
        cHwb =   0.00000
      cHq1st =   0.00000
      cHq3st =   0.00000
      cHq1rd =   0.00000
      cHq3rd =   0.00000
       cHdst =   0.00000
       cHust =   0.00000
       cHdrd =   0.00000
       cHurd =   0.00000
         cth =   0.00000
         cbh =   0.00000
 --------------

  mH       = 125.0000      GeV
  fact_scale 1.0
  ren_scale  1.0
  Kqq      =   0.26385003666625939            +-    2.0978272639036425E-004
  Kgq      =  -0.10149272850611088            +-    1.5756735427082568E-004
  K_nlo    =    1.1623573081601486            +-    2.6236665836893667E-004
  Kqq2     =    3.1495376306000571E-002       +-    1.1218336681533831E-004
  Kgq2     =   -2.8633533008251898E-002       +-    9.8079926331797558E-005
  Kqqs     =    1.2007892758540181E-003       +-    2.3083702584690255E-006
  Kgg      =    1.0026699793620052E-003       +-    1.7212861033888379E-006
  K_nnlo   =    1.1674226107131134            +-    3.0174382274051248E-004
  sig_LO   = (  0.32424818281840456            +-    1.7848944485346536E-004 ) fb
  sig_NLO  = (  0.37689224495662044            +-    1.9772635679359739E-004 ) fb
  sig_NNLO = (  0.37853466010484466            +-    2.0354637126655917E-004 ) fb

  pp ---> HHW- + X
  ===============

  PDFSET = PDF4LHC21_40                                NSET =  18
  Sqrt(S)  = 14.0 TeV
  LOOP     = 3
  alphaS(MZ) =   0.11800
          kl =   1.00000
          kv =   1.00000
         k2v =   1.00000
         kth =   1.00000
         kbh =   1.00000
        cHsq =   0.00000
       chdup =   0.00000
         cHw =   0.30000
          cH =   0.00000
         cHb =   0.00000
        cHwb =   0.00000
      cHq1st =   0.00000
      cHq3st =   0.00000
      cHq1rd =   0.00000
      cHq3rd =   0.00000
       cHdst =   0.00000
       cHust =   0.00000
       cHdrd =   0.00000
       cHurd =   0.00000
         cth =   0.00000
         cbh =   0.00000
 --------------

  mH       = 125.0000      GeV
  fact_scale 1.0
  ren_scale  1.0
  Kqq      =   0.26401422027993210            +-    2.1054415240714621E-004
  Kgq      =  -0.10188650079719017            +-    1.5805511687720259E-004
  K_nlo    =    1.1621277194827420            +-    2.6326841831847165E-004
  Kqq2     =    3.1539983141334958E-002       +-    1.1244804143398072E-004
  Kgq2     =   -2.8752777610324059E-002       +-    9.8395075816916082E-005
  Kqqs     =    1.2053151573153632E-003       +-    2.3176084575399527E-006
  Kgg      =    1.0076123363856441E-003       +-    1.7279987515000991E-006
  K_nnlo   =    1.1671278525074538            +-    3.0272887265656099E-004
  sig_LO   = (  0.32171454042810121            +-    1.7761779074334681E-004 ) fb
  sig_NLO  = (  0.37387338519214763            +-    1.9677832330946817E-004 ) fb
  sig_NNLO = (  0.37548200069027216            +-    2.0256686752678679E-004 ) fb

  pp ---> HHW- + X
  ===============

  PDFSET = PDF4LHC21_40                                NSET =  19
  Sqrt(S)  = 14.0 TeV
  LOOP     = 3
  alphaS(MZ) =   0.11800
          kl =   1.00000
          kv =   1.00000
         k2v =   1.00000
         kth =   1.00000
         kbh =   1.00000
        cHsq =   0.00000
       chdup =   0.00000
         cHw =   0.30000
          cH =   0.00000
         cHb =   0.00000
        cHwb =   0.00000
      cHq1st =   0.00000
      cHq3st =   0.00000
      cHq1rd =   0.00000
      cHq3rd =   0.00000
       cHdst =   0.00000
       cHust =   0.00000
       cHdrd =   0.00000
       cHurd =   0.00000
         cth =   0.00000
         cbh =   0.00000
 --------------

  mH       = 125.0000      GeV
  fact_scale 1.0
  ren_scale  1.0
  Kqq      =   0.26393953802830855            +-    2.1000218960469125E-004
  Kgq      =  -0.10191818685660574            +-    1.5871753269519219E-004
  K_nlo    =    1.1620213511717028            +-    2.6323406850864515E-004
  Kqq2     =    3.1520113487498266E-002       +-    1.1230880368808304E-004
  Kgq2     =   -2.8757043070581301E-002       +-    9.8828335844625666E-005
  Kqqs     =    1.2014401938804519E-003       +-    2.3121372244974089E-006
  Kgg      =    1.0179039173898420E-003       +-    1.7506543668224883E-006
  K_nnlo   =    1.1670037656998902            +-    3.0278852842295325E-004
  sig_LO   = (  0.32043920223073452            +-    1.7696519841279537E-004 ) fb
  sig_NLO  = (  0.37235719474454065            +-    1.9604002350373452E-004 ) fb
  sig_NNLO = (  0.37395375568113581            +-    2.0181821796270668E-004 ) fb

  pp ---> HHW- + X
  ===============

  PDFSET = PDF4LHC21_40                                NSET =  20
  Sqrt(S)  = 14.0 TeV
  LOOP     = 3
  alphaS(MZ) =   0.11800
          kl =   1.00000
          kv =   1.00000
         k2v =   1.00000
         kth =   1.00000
         kbh =   1.00000
        cHsq =   0.00000
       chdup =   0.00000
         cHw =   0.30000
          cH =   0.00000
         cHb =   0.00000
        cHwb =   0.00000
      cHq1st =   0.00000
      cHq3st =   0.00000
      cHq1rd =   0.00000
      cHq3rd =   0.00000
       cHdst =   0.00000
       cHust =   0.00000
       cHdrd =   0.00000
       cHurd =   0.00000
         cth =   0.00000
         cbh =   0.00000
 --------------

  mH       = 125.0000      GeV
  fact_scale 1.0
  ren_scale  1.0
  Kqq      =   0.26387658525356739            +-    2.1042051052729094E-004
  Kgq      =  -0.10216352386195113            +-    1.5896155092243714E-004
  K_nlo    =    1.1617130613916162            +-    2.6371493306643132E-004
  Kqq2     =    3.1503564979065632E-002       +-    1.1242606591211099E-004
  Kgq2     =   -2.8820390611173276E-002       +-    9.8938840733144067E-005
  Kqqs     =    1.2046425167369218E-003       +-    2.3193166356611726E-006
  Kgg      =    1.0132238673410364E-003       +-    1.7404549059211624E-006
  K_nnlo   =    1.1666141021435865            +-    3.0328615009139656E-004
  sig_LO   = (  0.32216313596057949            +-    1.7797706464322099E-004 ) fb
  sig_NLO  = (  0.37426112294428832            +-    1.9721538041795117E-004 ) fb
  sig_NNLO = (  0.37584005760241362            +-    2.0303352924888694E-004 ) fb

  pp ---> HHW- + X
  ===============

  PDFSET = PDF4LHC21_40                                NSET =  21
  Sqrt(S)  = 14.0 TeV
  LOOP     = 3
  alphaS(MZ) =   0.11800
          kl =   1.00000
          kv =   1.00000
         k2v =   1.00000
         kth =   1.00000
         kbh =   1.00000
        cHsq =   0.00000
       chdup =   0.00000
         cHw =   0.30000
          cH =   0.00000
         cHb =   0.00000
        cHwb =   0.00000
      cHq1st =   0.00000
      cHq3st =   0.00000
      cHq1rd =   0.00000
      cHq3rd =   0.00000
       cHdst =   0.00000
       cHust =   0.00000
       cHdrd =   0.00000
       cHurd =   0.00000
         cth =   0.00000
         cbh =   0.00000
 --------------

  mH       = 125.0000      GeV
  fact_scale 1.0
  ren_scale  1.0
  Kqq      =   0.26397802461706416            +-    2.1030424537427360E-004
  Kgq      =  -0.10246034612786631            +-    1.5932700397289053E-004
  K_nlo    =    1.1615176784891978            +-    2.6384269900344060E-004
  Kqq2     =    3.1533888250185979E-002       +-    1.1239507916711996E-004
  Kgq2     =   -2.8909810254506618E-002       +-    9.9173953837800743E-005
  Kqqs     =    1.2084821670487864E-003       +-    2.3250615931715236E-006
  Kgg      =    1.0184234180063978E-003       +-    1.7497116622851095E-006
  K_nnlo   =    1.1663686620699323            +-    3.0346262399270641E-004
  sig_LO   = (  0.31974702415546780            +-    1.7652127667322623E-004 ) fb
  sig_NLO  = (  0.37139182120088843            +-    1.9564473677245728E-004 ) fb
  sig_NNLO = (  0.37294290876505531            +-    2.0143194548842029E-004 ) fb

  pp ---> HHW- + X
  ===============

  PDFSET = PDF4LHC21_40                                NSET =  22
  Sqrt(S)  = 14.0 TeV
  LOOP     = 3
  alphaS(MZ) =   0.11800
          kl =   1.00000
          kv =   1.00000
         k2v =   1.00000
         kth =   1.00000
         kbh =   1.00000
        cHsq =   0.00000
       chdup =   0.00000
         cHw =   0.30000
          cH =   0.00000
         cHb =   0.00000
        cHwb =   0.00000
      cHq1st =   0.00000
      cHq3st =   0.00000
      cHq1rd =   0.00000
      cHq3rd =   0.00000
       cHdst =   0.00000
       cHust =   0.00000
       cHdrd =   0.00000
       cHurd =   0.00000
         cth =   0.00000
         cbh =   0.00000
 --------------

  mH       = 125.0000      GeV
  fact_scale 1.0
  ren_scale  1.0
  Kqq      =   0.26385991578424806            +-    2.1013918221454060E-004
  Kgq      =  -0.10205908556954713            +-    1.5896696193296850E-004
  K_nlo    =    1.1618008302147009            +-    2.6349377770261249E-004
  Kqq2     =    3.1500392870387903E-002       +-    1.1233444209674921E-004
  Kgq2     =   -2.8789175217713292E-002       +-    9.8907761369625542E-005
  Kqqs     =    1.2015509768409048E-003       +-    2.3122172707870408E-006
  Kgg      =    1.0198659745243985E-003       +-    1.7577503951562135E-006
  K_nnlo   =    1.1667334648187409            +-    3.0304979634293013E-004
  sig_LO   = (  0.32056497563798320            +-    1.7703385526536639E-004 ) fb
  sig_NLO  = (  0.37243265483396426            +-    1.9615208162025523E-004 ) fb
  sig_NNLO = (  0.37401388472563935            +-    2.0193700695086882E-004 ) fb

  pp ---> HHW- + X
  ===============

  PDFSET = PDF4LHC21_40                                NSET =  23
  Sqrt(S)  = 14.0 TeV
  LOOP     = 3
  alphaS(MZ) =   0.11800
          kl =   1.00000
          kv =   1.00000
         k2v =   1.00000
         kth =   1.00000
         kbh =   1.00000
        cHsq =   0.00000
       chdup =   0.00000
         cHw =   0.30000
          cH =   0.00000
         cHb =   0.00000
        cHwb =   0.00000
      cHq1st =   0.00000
      cHq3st =   0.00000
      cHq1rd =   0.00000
      cHq3rd =   0.00000
       cHdst =   0.00000
       cHust =   0.00000
       cHdrd =   0.00000
       cHurd =   0.00000
         cth =   0.00000
         cbh =   0.00000
 --------------

  mH       = 125.0000      GeV
  fact_scale 1.0
  ren_scale  1.0
  Kqq      =   0.26399282635965987            +-    2.0970465542130597E-004
  Kgq      =  -0.10221850097936051            +-    1.5900753661824544E-004
  K_nlo    =    1.1617743253802992            +-    2.6317188148959099E-004
  Kqq2     =    3.1533510760589363E-002       +-    1.1216212113423189E-004
  Kgq2     =   -2.8837577073812494E-002       +-    9.8960797812355298E-005
  Kqqs     =    1.2060054276771595E-003       +-    2.3199967047886501E-006
  Kgg      =    1.0144209397704308E-003       +-    1.7426886530675086E-006
  K_nnlo   =    1.1666906854345238            +-    3.0272337120911403E-004
  sig_LO   = (  0.32115610002935352            +-    1.7695212871040355E-004 ) fb
  sig_NLO  = (  0.37311091145337011            +-    1.9610089325962978E-004 ) fb
  sig_NNLO = (  0.37468983047472493            +-    2.0190113326034687E-004 ) fb

  pp ---> HHW- + X
  ===============

  PDFSET = PDF4LHC21_40                                NSET =  24
  Sqrt(S)  = 14.0 TeV
  LOOP     = 3
  alphaS(MZ) =   0.11800
          kl =   1.00000
          kv =   1.00000
         k2v =   1.00000
         kth =   1.00000
         kbh =   1.00000
        cHsq =   0.00000
       chdup =   0.00000
         cHw =   0.30000
          cH =   0.00000
         cHb =   0.00000
        cHwb =   0.00000
      cHq1st =   0.00000
      cHq3st =   0.00000
      cHq1rd =   0.00000
      cHq3rd =   0.00000
       cHdst =   0.00000
       cHust =   0.00000
       cHdrd =   0.00000
       cHurd =   0.00000
         cth =   0.00000
         cbh =   0.00000
 --------------

  mH       = 125.0000      GeV
  fact_scale 1.0
  ren_scale  1.0
  Kqq      =   0.26372515456070766            +-    2.0789265326711013E-004
  Kgq      =  -0.10196504764185628            +-    1.5866473060056744E-004
  K_nlo    =    1.1617601069188515            +-    2.6152218265185369E-004
  Kqq2     =    3.1466470469326623E-002       +-    1.1145054396580514E-004
  Kgq2     =   -2.8762064732538398E-002       +-    9.8803855656644940E-005
  Kqqs     =    1.2026575057463426E-003       +-    2.3096155588598932E-006
  Kgg      =    1.0111067139549302E-003       +-    1.7372245861441181E-006
  K_nnlo   =    1.1666782768753410            +-    3.0097446724792939E-004
  sig_LO   = (  0.32246872075752159            +-    1.7566952244344974E-004 ) fb
  sig_NLO  = (  0.37463129550524354            +-    1.9486351480046794E-004 ) fb
  sig_NNLO = (  0.37621725147958085            +-    2.0069734752210377E-004 ) fb

  pp ---> HHW- + X
  ===============

  PDFSET = PDF4LHC21_40                                NSET =  25
  Sqrt(S)  = 14.0 TeV
  LOOP     = 3
  alphaS(MZ) =   0.11800
          kl =   1.00000
          kv =   1.00000
         k2v =   1.00000
         kth =   1.00000
         kbh =   1.00000
        cHsq =   0.00000
       chdup =   0.00000
         cHw =   0.30000
          cH =   0.00000
         cHb =   0.00000
        cHwb =   0.00000
      cHq1st =   0.00000
      cHq3st =   0.00000
      cHq1rd =   0.00000
      cHq3rd =   0.00000
       cHdst =   0.00000
       cHust =   0.00000
       cHdrd =   0.00000
       cHurd =   0.00000
         cth =   0.00000
         cbh =   0.00000
 --------------

  mH       = 125.0000      GeV
  fact_scale 1.0
  ren_scale  1.0
  Kqq      =   0.26379666379415584            +-    2.1035181729589508E-004
  Kgq      =  -0.10223063055392380            +-    1.5945102541199400E-004
  K_nlo    =    1.1615660332402320            +-    2.6395552001165268E-004
  Kqq2     =    3.1484916550976356E-002       +-    1.1240990988765468E-004
  Kgq2     =   -2.8838851604597662E-002       +-    9.9240419128774051E-005
  Kqqs     =    1.2041327746610834E-003       +-    2.3201326175316717E-006
  Kgg      =    1.0172522494001262E-003       +-    1.7492022340422432E-006
  K_nnlo   =    1.1664334832106718            +-    3.0358789155407017E-004
  sig_LO   = (  0.32150286683764367            +-    1.7786988162299134E-004 ) fb
  sig_NLO  = (  0.37344680970796434            +-    1.9707696794666525E-004 ) fb
  sig_NNLO = (  0.37501170882764956            +-    2.0288989450004718E-004 ) fb

  pp ---> HHW- + X
  ===============

  PDFSET = PDF4LHC21_40                                NSET =  26
  Sqrt(S)  = 14.0 TeV
  LOOP     = 3
  alphaS(MZ) =   0.11800
          kl =   1.00000
          kv =   1.00000
         k2v =   1.00000
         kth =   1.00000
         kbh =   1.00000
        cHsq =   0.00000
       chdup =   0.00000
         cHw =   0.30000
          cH =   0.00000
         cHb =   0.00000
        cHwb =   0.00000
      cHq1st =   0.00000
      cHq3st =   0.00000
      cHq1rd =   0.00000
      cHq3rd =   0.00000
       cHdst =   0.00000
       cHust =   0.00000
       cHdrd =   0.00000
       cHurd =   0.00000
         cth =   0.00000
         cbh =   0.00000
 --------------

  mH       = 125.0000      GeV
  fact_scale 1.0
  ren_scale  1.0
  Kqq      =   0.26386943179888100            +-    2.0793270456863464E-004
  Kgq      =  -0.10219324947821552            +-    1.5741258919827988E-004
  K_nlo    =    1.1616761823206654            +-    2.6079634366174212E-004
  Kqq2     =    3.1503573317591668E-002       +-    1.1110334211368343E-004
  Kgq2     =   -2.8822605463562440E-002       +-    9.7971639609075299E-005
  Kqqs     =    1.2074202491156125E-003       +-    2.3036500523345735E-006
  Kgg      =    1.0111878428510513E-003       +-    1.7360761754261684E-006
  K_nnlo   =    1.1665757582666614            +-    2.9994240851854330E-004
  sig_LO   = (  0.32202190488682475            +-    1.7461994559773135E-004 ) fb
  sig_NLO  = (  0.37408517709255501            +-    1.9376564314254225E-004 ) fb
  sig_NNLO = (  0.37566294787182231            +-    1.9955293061829784E-004 ) fb

  pp ---> HHW- + X
  ===============

  PDFSET = PDF4LHC21_40                                NSET =  27
  Sqrt(S)  = 14.0 TeV
  LOOP     = 3
  alphaS(MZ) =   0.11800
          kl =   1.00000
          kv =   1.00000
         k2v =   1.00000
         kth =   1.00000
         kbh =   1.00000
        cHsq =   0.00000
       chdup =   0.00000
         cHw =   0.30000
          cH =   0.00000
         cHb =   0.00000
        cHwb =   0.00000
      cHq1st =   0.00000
      cHq3st =   0.00000
      cHq1rd =   0.00000
      cHq3rd =   0.00000
       cHdst =   0.00000
       cHust =   0.00000
       cHdrd =   0.00000
       cHurd =   0.00000
         cth =   0.00000
         cbh =   0.00000
 --------------

  mH       = 125.0000      GeV
  fact_scale 1.0
  ren_scale  1.0
  Kqq      =   0.26391919166657413            +-    2.0939870299477648E-004
  Kgq      =  -0.10200329670192201            +-    1.5860166516328060E-004
  K_nlo    =    1.1619158949646522            +-    2.6268289820325188E-004
  Kqq2     =    3.1517156056616202E-002       +-    1.1205802928731330E-004
  Kgq2     =   -2.8785792068078984E-002       +-    9.8732402704603675E-005
  Kqqs     =    1.2039287253806871E-003       +-    2.3133837419916705E-006
  Kgg      =    1.0156788897141534E-003       +-    1.7449460281484164E-006
  K_nnlo   =    1.1668668665682842            +-    3.0218502752621488E-004
  sig_LO   = (  0.32070478484290160            +-    1.7643643220843221E-004 ) fb
  sig_NLO  = (  0.37263198710018625            +-    1.9551677487267545E-004 ) fb
  sig_NNLO = (  0.37421978738309242            +-    2.0130023860826432E-004 ) fb

  pp ---> HHW- + X
  ===============

  PDFSET = PDF4LHC21_40                                NSET =  28
  Sqrt(S)  = 14.0 TeV
  LOOP     = 3
  alphaS(MZ) =   0.11800
          kl =   1.00000
          kv =   1.00000
         k2v =   1.00000
         kth =   1.00000
         kbh =   1.00000
        cHsq =   0.00000
       chdup =   0.00000
         cHw =   0.30000
          cH =   0.00000
         cHb =   0.00000
        cHwb =   0.00000
      cHq1st =   0.00000
      cHq3st =   0.00000
      cHq1rd =   0.00000
      cHq3rd =   0.00000
       cHdst =   0.00000
       cHust =   0.00000
       cHdrd =   0.00000
       cHurd =   0.00000
         cth =   0.00000
         cbh =   0.00000
 --------------

  mH       = 125.0000      GeV
  fact_scale 1.0
  ren_scale  1.0
  Kqq      =   0.26395254502883991            +-    2.1037968666147186E-004
  Kgq      =  -0.10235046897038069            +-    1.5924337820625025E-004
  K_nlo    =    1.1616020760584593            +-    2.6385235656009961E-004
  Kqq2     =    3.1524740169846341E-002       +-    1.1242118210642629E-004
  Kgq2     =   -2.8875870564148687E-002       +-    9.9107171199770084E-005
  Kqqs     =    1.2089042436293723E-003       +-    2.3278062883345373E-006
  Kgg      =    1.0097087565245932E-003       +-    1.7329876472310561E-006
  K_nnlo   =    1.1664695586643110            +-    3.0345879713734815E-004
  sig_LO   = (  0.32147006463960870            +-    1.7754721589987443E-004 ) fb
  sig_NLO  = (  0.37342029447601655            +-    1.9676776627815089E-004 ) fb
  sig_NNLO = (  0.37498504442395175            +-    2.0258229415429007E-004 ) fb

  pp ---> HHW- + X
  ===============

  PDFSET = PDF4LHC21_40                                NSET =  29
  Sqrt(S)  = 14.0 TeV
  LOOP     = 3
  alphaS(MZ) =   0.11800
          kl =   1.00000
          kv =   1.00000
         k2v =   1.00000
         kth =   1.00000
         kbh =   1.00000
        cHsq =   0.00000
       chdup =   0.00000
         cHw =   0.30000
          cH =   0.00000
         cHb =   0.00000
        cHwb =   0.00000
      cHq1st =   0.00000
      cHq3st =   0.00000
      cHq1rd =   0.00000
      cHq3rd =   0.00000
       cHdst =   0.00000
       cHust =   0.00000
       cHdrd =   0.00000
       cHurd =   0.00000
         cth =   0.00000
         cbh =   0.00000
 --------------

  mH       = 125.0000      GeV
  fact_scale 1.0
  ren_scale  1.0
  Kqq      =   0.26398902542194480            +-    2.1057454364521049E-004
  Kgq      =  -0.10238469752712807            +-    1.5924126177371695E-004
  K_nlo    =    1.1616043278948167            +-    2.6400647318328033E-004
  Kqq2     =    3.1534263375401862E-002       +-    1.1247837336359766E-004
  Kgq2     =   -2.8890598478812309E-002       +-    9.9133634314937328E-005
  Kqqs     =    1.2102924460168606E-003       +-    2.3290517378157931E-006
  Kgg      =    1.0115041232095071E-003       +-    1.7365127991567688E-006
  K_nnlo   =    1.1664697893606326            +-    3.0362266016946394E-004
  sig_LO   = (  0.32150061668532443            +-    1.7778691779094050E-004 ) fb
  sig_NLO  = (  0.37345650776252537            +-    1.9700889429538352E-004 ) fb
  sig_NNLO = (  0.37502075662424389            +-    2.0282221640563418E-004 ) fb

  pp ---> HHW- + X
  ===============

  PDFSET = PDF4LHC21_40                                NSET =  30
  Sqrt(S)  = 14.0 TeV
  LOOP     = 3
  alphaS(MZ) =   0.11800
          kl =   1.00000
          kv =   1.00000
         k2v =   1.00000
         kth =   1.00000
         kbh =   1.00000
        cHsq =   0.00000
       chdup =   0.00000
         cHw =   0.30000
          cH =   0.00000
         cHb =   0.00000
        cHwb =   0.00000
      cHq1st =   0.00000
      cHq3st =   0.00000
      cHq1rd =   0.00000
      cHq3rd =   0.00000
       cHdst =   0.00000
       cHust =   0.00000
       cHdrd =   0.00000
       cHurd =   0.00000
         cth =   0.00000
         cbh =   0.00000
 --------------

  mH       = 125.0000      GeV
  fact_scale 1.0
  ren_scale  1.0
  Kqq      =   0.26401628137587851            +-    2.1072366202578099E-004
  Kgq      =  -0.10220801357553753            +-    1.5876174262678691E-004
  K_nlo    =    1.1618082678003410            +-    2.6383660219812132E-004
  Kqq2     =    3.1539338196448760E-002       +-    1.1254176372512466E-004
  Kgq2     =   -2.8842761079888292E-002       +-    9.8848321001985084E-005
  Kqqs     =    1.2043332671699924E-003       +-    2.3173593824035471E-006
  Kgg      =    1.0145254875608511E-003       +-    1.7384749275690433E-006
  K_nnlo   =    1.1667237036716325            +-    3.0340531349385428E-004
  sig_LO   = (  0.32108063613166998            +-    1.7754650238963675E-004 ) fb
  sig_NLO  = (  0.37303413768836707            +-    1.9672067271252750E-004 ) fb
  sig_NNLO = (  0.37461238896478571            +-    2.0251652688726041E-004 ) fb

  pp ---> HHW- + X
  ===============

  PDFSET = PDF4LHC21_40                                NSET =  31
  Sqrt(S)  = 14.0 TeV
  LOOP     = 3
  alphaS(MZ) =   0.11800
          kl =   1.00000
          kv =   1.00000
         k2v =   1.00000
         kth =   1.00000
         kbh =   1.00000
        cHsq =   0.00000
       chdup =   0.00000
         cHw =   0.30000
          cH =   0.00000
         cHb =   0.00000
        cHwb =   0.00000
      cHq1st =   0.00000
      cHq3st =   0.00000
      cHq1rd =   0.00000
      cHq3rd =   0.00000
       cHdst =   0.00000
       cHust =   0.00000
       cHdrd =   0.00000
       cHurd =   0.00000
         cth =   0.00000
         cbh =   0.00000
 --------------

  mH       = 125.0000      GeV
  fact_scale 1.0
  ren_scale  1.0
  Kqq      =   0.26387588751511926            +-    2.1048524556691755E-004
  Kgq      =  -0.10178072908757979            +-    1.5872820142251486E-004
  K_nlo    =    1.1620951584275394            +-    2.6362602399647884E-004
  Kqq2     =    3.1506900223151127E-002       +-    1.1244959932718835E-004
  Kgq2     =   -2.8722446844352215E-002       +-    9.8774916607303757E-005
  Kqqs     =    1.2015514591908812E-003       +-    2.3151413314169860E-006
  Kgg      =    1.0117962979094225E-003       +-    1.7368873922160411E-006
  K_nnlo   =    1.1670929595634387            +-    3.0316407063670110E-004
  sig_LO   = (  0.32060746339889473            +-    1.7734567244759579E-004 ) fb
  sig_NLO  = (  0.37257638097159013            +-    1.9645660469124420E-004 ) fb
  sig_NNLO = (  0.37417871331634289            +-    2.0223421809009793E-004 ) fb

  pp ---> HHW- + X
  ===============

  PDFSET = PDF4LHC21_40                                NSET =  32
  Sqrt(S)  = 14.0 TeV
  LOOP     = 3
  alphaS(MZ) =   0.11800
          kl =   1.00000
          kv =   1.00000
         k2v =   1.00000
         kth =   1.00000
         kbh =   1.00000
        cHsq =   0.00000
       chdup =   0.00000
         cHw =   0.30000
          cH =   0.00000
         cHb =   0.00000
        cHwb =   0.00000
      cHq1st =   0.00000
      cHq3st =   0.00000
      cHq1rd =   0.00000
      cHq3rd =   0.00000
       cHdst =   0.00000
       cHust =   0.00000
       cHdrd =   0.00000
       cHurd =   0.00000
         cth =   0.00000
         cbh =   0.00000
 --------------

  mH       = 125.0000      GeV
  fact_scale 1.0
  ren_scale  1.0
  Kqq      =   0.26385203283842329            +-    2.1019807079433834E-004
  Kgq      =  -0.10201937192433529            +-    1.5893640194109899E-004
  K_nlo    =    1.1618326609140881            +-    2.6352231182130335E-004
  Kqq2     =    3.1497620189674259E-002       +-    1.1232340853313408E-004
  Kgq2     =   -2.8779196785711496E-002       +-    9.8936849867327760E-005
  Kqqs     =    1.2047074134550096E-003       +-    2.3220183026295823E-006
  Kgg      =    1.0114284131944487E-003       +-    1.7375843376041701E-006
  K_nnlo   =    1.1667672201447001            +-    3.0307996991247004E-004
  sig_LO   = (  0.32208081165535973            +-    1.7793763255599950E-004 ) fb
  sig_NLO  = (  0.37420400643491580            +-    1.9714372472529672E-004 ) fb
  sig_NNLO = (  0.37579333327707287            +-    2.0295499974045772E-004 ) fb

  pp ---> HHW- + X
  ===============

  PDFSET = PDF4LHC21_40                                NSET =  33
  Sqrt(S)  = 14.0 TeV
  LOOP     = 3
  alphaS(MZ) =   0.11800
          kl =   1.00000
          kv =   1.00000
         k2v =   1.00000
         kth =   1.00000
         kbh =   1.00000
        cHsq =   0.00000
       chdup =   0.00000
         cHw =   0.30000
          cH =   0.00000
         cHb =   0.00000
        cHwb =   0.00000
      cHq1st =   0.00000
      cHq3st =   0.00000
      cHq1rd =   0.00000
      cHq3rd =   0.00000
       cHdst =   0.00000
       cHust =   0.00000
       cHdrd =   0.00000
       cHurd =   0.00000
         cth =   0.00000
         cbh =   0.00000
 --------------

  mH       = 125.0000      GeV
  fact_scale 1.0
  ren_scale  1.0
  Kqq      =   0.26390395939238498            +-    2.1047958457510402E-004
  Kgq      =  -0.10204950480495679            +-    1.5870711260918531E-004
  K_nlo    =    1.1618544545874283            +-    2.6360880697665052E-004
  Kqq2     =    3.1511523402293198E-002       +-    1.1246267194960237E-004
  Kgq2     =   -2.8792887413310347E-002       +-    9.8784601552135004E-005
  Kqqs     =    1.2038850914666982E-003       +-    2.3167832996649015E-006
  Kgg      =    1.0131431861626450E-003       +-    1.7408573557561856E-006
  K_nnlo   =    1.1667901188540404            +-    3.0315713956742242E-004
  sig_LO   = (  0.32100551540145594            +-    1.7738347482298004E-004 ) fb
  sig_NLO  = (  0.37296168801631491            +-    1.9653351213447544E-004 ) fb
  sig_NNLO = (  0.37454606346806729            +-    2.0232431519936239E-004 ) fb

  pp ---> HHW- + X
  ===============

  PDFSET = PDF4LHC21_40                                NSET =  34
  Sqrt(S)  = 14.0 TeV
  LOOP     = 3
  alphaS(MZ) =   0.11800
          kl =   1.00000
          kv =   1.00000
         k2v =   1.00000
         kth =   1.00000
         kbh =   1.00000
        cHsq =   0.00000
       chdup =   0.00000
         cHw =   0.30000
          cH =   0.00000
         cHb =   0.00000
        cHwb =   0.00000
      cHq1st =   0.00000
      cHq3st =   0.00000
      cHq1rd =   0.00000
      cHq3rd =   0.00000
       cHdst =   0.00000
       cHust =   0.00000
       cHdrd =   0.00000
       cHurd =   0.00000
         cth =   0.00000
         cbh =   0.00000
 --------------

  mH       = 125.0000      GeV
  fact_scale 1.0
  ren_scale  1.0
  Kqq      =   0.26372374380663266            +-    2.0870161666450217E-004
  Kgq      =  -0.10202869131806695            +-    1.5806111872802397E-004
  K_nlo    =    1.1616950524885656            +-    2.6180084425366412E-004
  Kqq2     =    3.1466733652516655E-002       +-    1.1175457328659544E-004
  Kgq2     =   -2.8779411592891550E-002       +-    9.8388248068784705E-005
  Kqqs     =    1.2035694183963482E-003       +-    2.3080408348589116E-006
  Kgg      =    1.0144597813798377E-003       +-    1.7438502261292642E-006
  K_nnlo   =    1.1666004037479669            +-    3.0119326374696958E-004
  sig_LO   = (  0.32270168369674507            +-    1.7672660418326610E-004 ) fb
  sig_NLO  = (  0.37488094938023880            +-    1.9588202258633716E-004 ) fb
  sig_NNLO = (  0.37646391449077155            +-    2.0169103128536307E-004 ) fb

  pp ---> HHW- + X
  ===============

  PDFSET = PDF4LHC21_40                                NSET =  35
  Sqrt(S)  = 14.0 TeV
  LOOP     = 3
  alphaS(MZ) =   0.11800
          kl =   1.00000
          kv =   1.00000
         k2v =   1.00000
         kth =   1.00000
         kbh =   1.00000
        cHsq =   0.00000
       chdup =   0.00000
         cHw =   0.30000
          cH =   0.00000
         cHb =   0.00000
        cHwb =   0.00000
      cHq1st =   0.00000
      cHq3st =   0.00000
      cHq1rd =   0.00000
      cHq3rd =   0.00000
       cHdst =   0.00000
       cHust =   0.00000
       cHdrd =   0.00000
       cHurd =   0.00000
         cth =   0.00000
         cbh =   0.00000
 --------------

  mH       = 125.0000      GeV
  fact_scale 1.0
  ren_scale  1.0
  Kqq      =   0.26387370495576740            +-    2.1050815578469326E-004
  Kgq      =  -0.10203440709867957            +-    1.5891457340536959E-004
  K_nlo    =    1.1618392978570877            +-    2.6375656445382225E-004
  Kqq2     =    3.1504826548875875E-002       +-    1.1246571910536713E-004
  Kgq2     =   -2.8787157533401407E-002       +-    9.8904384676195574E-005
  Kqqs     =    1.2029021781714601E-003       +-    2.3157242990878842E-006
  Kgg      =    1.0148679567985629E-003       +-    1.7431362808807453E-006
  K_nnlo   =    1.1667747370075321            +-    3.0332580120667383E-004
  sig_LO   = (  0.32109942336332986            +-    1.7761424398060475E-004 ) fb
  sig_NLO  = (  0.37306592858276699            +-    1.9677288483760711E-004 ) fb
  sig_NNLO = (  0.37465069524801953            +-    2.0256638268572965E-004 ) fb

  pp ---> HHW- + X
  ===============

  PDFSET = PDF4LHC21_40                                NSET =  36
  Sqrt(S)  = 14.0 TeV
  LOOP     = 3
  alphaS(MZ) =   0.11800
          kl =   1.00000
          kv =   1.00000
         k2v =   1.00000
         kth =   1.00000
         kbh =   1.00000
        cHsq =   0.00000
       chdup =   0.00000
         cHw =   0.30000
          cH =   0.00000
         cHb =   0.00000
        cHwb =   0.00000
      cHq1st =   0.00000
      cHq3st =   0.00000
      cHq1rd =   0.00000
      cHq3rd =   0.00000
       cHdst =   0.00000
       cHust =   0.00000
       cHdrd =   0.00000
       cHurd =   0.00000
         cth =   0.00000
         cbh =   0.00000
 --------------

  mH       = 125.0000      GeV
  fact_scale 1.0
  ren_scale  1.0
  Kqq      =   0.26384721128913829            +-    2.1011863487245674E-004
  Kgq      =  -0.10213706413337460            +-    1.5909249080076610E-004
  K_nlo    =    1.1617101471557638            +-    2.6355314710672050E-004
  Kqq2     =    3.1496982467754446E-002       +-    1.1231892353536293E-004
  Kgq2     =   -2.8811736009395395E-002       +-    9.8970577239191148E-005
  Kqqs     =    1.2013068381259526E-003       +-    2.3113986507598682E-006
  Kgg      =    1.0193938843908526E-003       +-    1.7530626270807926E-006
  K_nnlo   =    1.1666160943366397            +-    3.0311613761948610E-004
  sig_LO   = (  0.32102906032889827            +-    1.7723769407384631E-004 ) fb
  sig_NLO  = (  0.37294271691596093            +-    1.9639692194748393E-004 ) fb
  sig_NNLO = (  0.37451766852946072            +-    2.0219361752943181E-004 ) fb

  pp ---> HHW- + X
  ===============

  PDFSET = PDF4LHC21_40                                NSET =  37
  Sqrt(S)  = 14.0 TeV
  LOOP     = 3
  alphaS(MZ) =   0.11800
          kl =   1.00000
          kv =   1.00000
         k2v =   1.00000
         kth =   1.00000
         kbh =   1.00000
        cHsq =   0.00000
       chdup =   0.00000
         cHw =   0.30000
          cH =   0.00000
         cHb =   0.00000
        cHwb =   0.00000
      cHq1st =   0.00000
      cHq3st =   0.00000
      cHq1rd =   0.00000
      cHq3rd =   0.00000
       cHdst =   0.00000
       cHust =   0.00000
       cHdrd =   0.00000
       cHurd =   0.00000
         cth =   0.00000
         cbh =   0.00000
 --------------

  mH       = 125.0000      GeV
  fact_scale 1.0
  ren_scale  1.0
  Kqq      =   0.26364143926968187            +-    2.0952271052433898E-004
  Kgq      =  -0.10148305884914888            +-    1.5794150209205756E-004
  K_nlo    =    1.1621583804205329            +-    2.6238384917628098E-004
  Kqq2     =    3.1444461386294906E-002       +-    1.1208750021499002E-004
  Kgq2     =   -2.8629798430437316E-002       +-    9.8290998848852800E-005
  Kqqs     =    1.1982584686302555E-003       +-    2.3051319077927809E-006
  Kgg      =    1.0081270926944211E-003       +-    1.7315516700594355E-006
  K_nnlo   =    1.1671794289377153            +-    3.0179185603990437E-004
  sig_LO   = (  0.32301541119642951            +-    1.7790809020542316E-004 ) fb
  sig_NLO  = (  0.37539506712691506            +-    1.9706479554171263E-004 ) fb
  sig_NNLO = (  0.37701694317832990            +-    2.0286524056117156E-004 ) fb

  pp ---> HHW- + X
  ===============

  PDFSET = PDF4LHC21_40                                NSET =  38
  Sqrt(S)  = 14.0 TeV
  LOOP     = 3
  alphaS(MZ) =   0.11800
          kl =   1.00000
          kv =   1.00000
         k2v =   1.00000
         kth =   1.00000
         kbh =   1.00000
        cHsq =   0.00000
       chdup =   0.00000
         cHw =   0.30000
          cH =   0.00000
         cHb =   0.00000
        cHwb =   0.00000
      cHq1st =   0.00000
      cHq3st =   0.00000
      cHq1rd =   0.00000
      cHq3rd =   0.00000
       cHdst =   0.00000
       cHust =   0.00000
       cHdrd =   0.00000
       cHurd =   0.00000
         cth =   0.00000
         cbh =   0.00000
 --------------

  mH       = 125.0000      GeV
  fact_scale 1.0
  ren_scale  1.0
  Kqq      =   0.26383997541206522            +-    2.1017896051339491E-004
  Kgq      =  -0.10214310625579735            +-    1.5892409456584632E-004
  K_nlo    =    1.1616968691562679            +-    2.6349964568489514E-004
  Kqq2     =    3.1495105112988787E-002       +-    1.1234420430201188E-004
  Kgq2     =   -2.8814554524794242E-002       +-    9.8888665645791910E-005
  Kqqs     =    1.2046514803947090E-003       +-    2.3186684820793803E-006
  Kgg      =    1.0119491150251008E-003       +-    1.7378486146798592E-006
  K_nnlo   =    1.1665940203398824            +-    3.0305222000648671E-004
  sig_LO   = (  0.32176442830530722            +-    1.7767260682597063E-004 ) fb
  sig_NLO  = (  0.37379272896813182            +-    1.9686548632698710E-004 ) fb
  sig_NNLO = (  0.37536845801905216            +-    2.0267223067967164E-004 ) fb

  pp ---> HHW- + X
  ===============

  PDFSET = PDF4LHC21_40                                NSET =  39
  Sqrt(S)  = 14.0 TeV
  LOOP     = 3
  alphaS(MZ) =   0.11800
          kl =   1.00000
          kv =   1.00000
         k2v =   1.00000
         kth =   1.00000
         kbh =   1.00000
        cHsq =   0.00000
       chdup =   0.00000
         cHw =   0.30000
          cH =   0.00000
         cHb =   0.00000
        cHwb =   0.00000
      cHq1st =   0.00000
      cHq3st =   0.00000
      cHq1rd =   0.00000
      cHq3rd =   0.00000
       cHdst =   0.00000
       cHust =   0.00000
       cHdrd =   0.00000
       cHurd =   0.00000
         cth =   0.00000
         cbh =   0.00000
 --------------

  mH       = 125.0000      GeV
  fact_scale 1.0
  ren_scale  1.0
  Kqq      =   0.26376558580160253            +-    2.1009589765827813E-004
  Kgq      =  -0.10184098361399929            +-    1.5874041456736119E-004
  K_nlo    =    1.1619246021876033            +-    2.6332262612592820E-004
  Kqq2     =    3.1472615240562593E-002       +-    1.1231787490819901E-004
  Kgq2     =   -2.8715818176849452E-002       +-    9.8767225490003715E-005
  Kqqs     =    1.1982038958954172E-003       +-    2.3093241359318744E-006
  Kgg      =    1.0158084065056410E-003       +-    1.7461235512133607E-006
  K_nnlo   =    1.1668954115537176            +-    3.0284890161624053E-004
  sig_LO   = (  0.32153439134966122            +-    1.7748450474506879E-004 ) fb
  sig_NLO  = (  0.37359871975858827            +-    1.9664510617197395E-004 ) fb
  sig_NNLO = (  0.37519700592263699            +-    2.0244233865779010E-004 ) fb

  pp ---> HHW- + X
  ===============

  PDFSET = PDF4LHC21_40                                NSET =  40
  Sqrt(S)  = 14.0 TeV
  LOOP     = 3
  alphaS(MZ) =   0.11800
          kl =   1.00000
          kv =   1.00000
         k2v =   1.00000
         kth =   1.00000
         kbh =   1.00000
        cHsq =   0.00000
       chdup =   0.00000
         cHw =   0.30000
          cH =   0.00000
         cHb =   0.00000
        cHwb =   0.00000
      cHq1st =   0.00000
      cHq3st =   0.00000
      cHq1rd =   0.00000
      cHq3rd =   0.00000
       cHdst =   0.00000
       cHust =   0.00000
       cHdrd =   0.00000
       cHurd =   0.00000
         cth =   0.00000
         cbh =   0.00000
 --------------

  mH       = 125.0000      GeV
  fact_scale 1.0
  ren_scale  1.0
  Kqq      =   0.26385785520908533            +-    2.0979676495861004E-004
  Kgq      =  -0.10196828313562038            +-    1.5867363909255762E-004
  K_nlo    =    1.1618895720734650            +-    2.6304373463356527E-004
  Kqq2     =    3.1500703381038914E-002       +-    1.1220920762356673E-004
  Kgq2     =   -2.8771845613098906E-002       +-    9.8758486069860772E-005
  Kqqs     =    1.2031239028127193E-003       +-    2.3132852138468000E-006
  Kgg      =    1.0120324536220769E-003       +-    1.7379549061527806E-006
  K_nnlo   =    1.1668335861978396            +-    3.0256325446430124E-004
  sig_LO   = (  0.32170909170653345            +-    1.7749720881990664E-004 ) fb
  sig_NLO  = (  0.37379043889504726            +-    1.9663775376663390E-004 ) fb
  sig_NNLO = (  0.37538097318838420            +-    2.0243472725933571E-004 ) fb

  pp ---> HHW- + X
  ===============

  PDFSET = PDF4LHC21_40                                NSET =  41
  Sqrt(S)  = 14.0 TeV
  LOOP     = 3
  alphaS(MZ) =   0.11700
          kl =   1.00000
          kv =   1.00000
         k2v =   1.00000
         kth =   1.00000
         kbh =   1.00000
        cHsq =   0.00000
       chdup =   0.00000
         cHw =   0.30000
          cH =   0.00000
         cHb =   0.00000
        cHwb =   0.00000
      cHq1st =   0.00000
      cHq3st =   0.00000
      cHq1rd =   0.00000
      cHq3rd =   0.00000
       cHdst =   0.00000
       cHust =   0.00000
       cHdrd =   0.00000
       cHurd =   0.00000
         cth =   0.00000
         cbh =   0.00000
 --------------

  mH       = 125.0000      GeV
  fact_scale 1.0
  ren_scale  1.0
  Kqq      =   0.26182728841511804            +-    2.0809348196523851E-004
  Kgq      =   -9.9876619611408327E-002       +-    1.5555781627530867E-004
  K_nlo    =    1.1619506688037098            +-    2.5980979858496433E-004
  Kqq2     =    3.1009628177131852E-002       +-    1.1060130200653776E-004
  Kgq2     =   -2.8002338854590161E-002       +-    9.6159935847230397E-005
  Kqqs     =    1.1821732436537627E-003       +-    2.2764368575352462E-006
  Kgg      =    9.7564974616473393E-004       +-    1.6742349947654449E-006
  K_nnlo   =    1.1671157811160700            +-    2.9830939967763107E-004
  sig_LO   = (  0.32309442748945294            +-    1.7782925082989002E-004 ) fb
  sig_NLO  = (  0.37541978610812154            +-    1.9664609371756127E-004 ) fb
  sig_NNLO = (  0.37708860511360226            +-    2.0226901037432603E-004 ) fb

  pp ---> HHW- + X
  ===============

  PDFSET = PDF4LHC21_40                                NSET =  42
  Sqrt(S)  = 14.0 TeV
  LOOP     = 3
  alphaS(MZ) =   0.11900
          kl =   1.00000
          kv =   1.00000
         k2v =   1.00000
         kth =   1.00000
         kbh =   1.00000
        cHsq =   0.00000
       chdup =   0.00000
         cHw =   0.30000
          cH =   0.00000
         cHb =   0.00000
        cHwb =   0.00000
      cHq1st =   0.00000
      cHq3st =   0.00000
      cHq1rd =   0.00000
      cHq3rd =   0.00000
       cHdst =   0.00000
       cHust =   0.00000
       cHdrd =   0.00000
       cHurd =   0.00000
         cth =   0.00000
         cbh =   0.00000
 --------------

  mH       = 125.0000      GeV
  fact_scale 1.0
  ren_scale  1.0
  Kqq      =   0.26561361966082214            +-    2.1138952132558942E-004
  Kgq      =  -0.10076019464340309            +-    1.5702901117587546E-004
  K_nlo    =    1.1648534250174190            +-    2.6333180604920292E-004
  Kqq2     =    3.1929007870822049E-002       +-    1.1378978958854863E-004
  Kgq2     =   -2.8631174954189192E-002       +-    9.8356669097159397E-005
  Kqqs     =    1.2192437503290904E-003       +-    2.3443009112549829E-006
  Kgg      =    9.9424286291287961E-004       +-    1.7127245160928411E-006
  K_nnlo   =    1.1703647445472938            +-    3.0327251741570625E-004
  sig_LO   = (  0.32346399604155901            +-    1.7843193923025997E-004 ) fb
  sig_NLO  = (  0.37678814365883090            +-    1.9772028134453279E-004 ) fb
  sig_NNLO = (  0.37857085709742611            +-    2.0362004715580864E-004 ) fb

