  pp ---> HHW- + X
  ===============

  PDFSET = PDF4LHC21_40                                NSET =   0
  Sqrt(S)  = 14.0 TeV
  LOOP     = 3
  alphaS(MZ) =   0.11800
          kl =   1.00000
          kv =   1.00000
         k2v =   1.00000
         kth =   1.00000
         kbh =   1.00000
        cHsq =   0.00000
       chdup =  -1.20000
         cHw =   0.00000
          cH =   0.00000
         cHb =   0.00000
        cHwb =   0.00000
      cHq1st =   0.00000
      cHq3st =   0.00000
      cHq1rd =   0.00000
      cHq3rd =   0.00000
       cHdst =   0.00000
       cHust =   0.00000
       cHdrd =   0.00000
       cHurd =   0.00000
         cth =   0.00000
         cbh =   0.00000
 --------------

  mH       = 125.0000      GeV
  fact_scale 0.5
  ren_scale  0.5
  Kqq      =   0.20974503356898516            +-    2.1362988217675378E-004
  Kgq      =   -3.7803864080631105E-002       +-    1.9979141219182375E-004
  K_nlo    =    1.1719411694883541            +-    2.9249672638246215E-004
  Kqq2     =    2.5968264771105892E-002       +-    2.0715718068086420E-004
  Kgq2     =   -2.6845888524259964E-002       +-    1.8764544657366621E-004
  Kqqs     =    1.5570869712521753E-003       +-    4.7657834128344907E-006
  Kgg      =    5.8873955012191494E-004       +-    3.3167265682056907E-006
  K_nnlo   =    1.1732093722565742            +-    4.0461458134698761E-004
  sig_LO   = (  0.15958942801951023            +-    9.7959892106422983E-005 ) fb
  sig_NLO  = (  0.18702942091116234            +-    1.0851315804934818E-004 ) fb
  sig_NNLO = (  0.18723181266555533            +-    1.1732736558382769E-004 ) fb

  mH       = 125.0000      GeV
  fact_scale 1.0
  ren_scale  0.5
  Kqq      =   0.28663232078164091            +-    2.8278092442362754E-004
  Kgq      =  -0.11431129642402232            +-    1.9921621490084918E-004
  K_nlo    =    1.1723210243576185            +-    3.4590772107211289E-004
  Kqq2     =    4.7037658015731044E-002       +-    3.0213991299564186E-004
  Kgq2     =   -5.5706455115446411E-002       +-    2.4966287452350829E-004
  Kqqs     =    2.7258741573600439E-003       +-    5.3226552887262066E-006
  Kgg      =    2.3097326608281766E-003       +-    4.0300952708562662E-006
  K_nnlo   =    1.1686878340760913            +-    5.2279709425825287E-004
  sig_LO   = (  0.15824440163372447            +-    9.6923286625657989E-005 ) fb
  sig_NLO  = (  0.18551323902210629            +-    1.1131202896664697E-004 ) fb
  sig_NNLO = (  0.18493830699998456            +-    1.2742970204159229E-004 ) fb

  mH       = 125.0000      GeV
  fact_scale 0.5
  ren_scale  1.0
  Kqq      =   0.19268058801337590            +-    1.9636625381305996E-004
  Kgq      =   -3.4730528280328375E-002       +-    1.8344731997351583E-004
  K_nlo    =    1.1579500597330477            +-    2.6872406822248091E-004
  Kqq2     =    3.6809602421735581E-002       +-    1.4916969586904139E-004
  Kgq2     =   -2.5361458942250725E-002       +-    1.5948098616899072E-004
  Kqqs     =    1.3116169145264572E-003       +-    4.0123742698496423E-006
  Kgg      =    4.9605564141497508E-004       +-    2.7925609708228110E-006
  K_nnlo   =    1.1712058757684738            +-    3.4629800100663855E-004
  sig_LO   = (  0.15958942801951023            +-    9.7959892106422983E-005 ) fb
  sig_NLO  = (  0.18479658770795476            +-    1.0693600103130051E-004 ) fb
  sig_NNLO = (  0.18691207580698027            +-    1.1247406786120068E-004 ) fb

  mH       = 125.0000      GeV
  fact_scale 1.0
  ren_scale  1.0
  Kqq      =   0.26331293611227879            +-    2.5989840041000945E-004
  Kgq      =  -0.10495609495741257            +-    1.8288257701390217E-004
  K_nlo    =    1.1583568411548661            +-    3.1779429748018994E-004
  Kqq2     =    6.0068211561234659E-002       +-    2.1985484516503517E-004
  Kgq2     =   -5.5075436446099718E-002       +-    1.9210907342609833E-004
  Kqqs     =    2.2988740357964750E-003       +-    4.4876317756382256E-006
  Kgg      =    1.9451166902170255E-003       +-    3.3930819599887632E-006
  K_nnlo   =    1.1675936069960149            +-    4.3158651089931436E-004
  sig_LO   = (  0.15824440163372447            +-    9.6923286625657989E-005 ) fb
  sig_NLO  = (  0.18330348520688303            +-    1.0919305817425690E-004 ) fb
  sig_NNLO = (  0.18476515169044638            +-    1.1856849278721417E-004 ) fb

  mH       = 125.0000      GeV
  fact_scale 1.5
  ren_scale  1.0
  Kqq      =   0.30564462354663757            +-    3.1290736123794452E-004
  Kgq      =  -0.14440508817864642            +-    1.8210977884226679E-004
  K_nlo    =    1.1612395353679910            +-    3.6204279894354042E-004
  Kqq2     =    7.3648306705239697E-002       +-    2.7910280150886973E-004
  Kgq2     =   -7.5760000106523742E-002       +-    2.2259384674148841E-004
  Kqqs     =    4.0825390581072252E-003       +-    5.3688701329787398E-006
  Kgg      =    3.2569377418502190E-003       +-    3.9265467269341553E-006
  K_nnlo   =    1.1664673187666645            +-    5.0849348591682983E-004
  sig_LO   = (  0.15724678696055294            +-    9.6220707452745891E-005 ) fb
  sig_NLO  = (  0.18260118582818199            +-    1.1180097073470127E-004 ) fb
  sig_NNLO = (  0.18342323797054910            +-    1.2510739755327446E-004 ) fb

  mH       = 125.0000      GeV
  fact_scale 2.0
  ren_scale  1.0
  Kqq      =   0.33611301761849466            +-    3.5405156949346132E-004
  Kgq      =  -0.17153731433739042            +-    2.0197840602339498E-004
  K_nlo    =    1.1645757032811044            +-    4.0761230398570484E-004
  Kqq2     =    8.3302452463216131E-002       +-    3.2891429390688394E-004
  Kgq2     =   -9.1874598959547277E-002       +-    2.5429384067693898E-004
  Kqqs     =    5.8629056059282163E-003       +-    6.3816586817244044E-006
  Kgg      =    4.3656497014511698E-003       +-    4.5170759261128981E-006
  K_nnlo   =    1.1662321120921528            +-    5.8228763514733806E-004
  sig_LO   = (  0.15646531758229362            +-    9.5683309984064945E-005 ) fb
  sig_NLO  = (  0.18221570726250091            +-    1.1499054567401153E-004 ) fb
  sig_NNLO = (  0.18247487779316768            +-    1.3212089399669040E-004 ) fb

  mH       = 125.0000      GeV
  fact_scale 1.0
  ren_scale  1.5
  Kqq      =   0.25138151344231341            +-    2.4818730709464184E-004
  Kgq      =  -0.10017343319023075            +-    1.7453456480923831E-004
  K_nlo    =    1.1512080802520828            +-    3.0341267889796608E-004
  Kqq2     =    6.5641081090195799E-002       +-    2.0210962737794106E-004
  Kgq2     =   -5.4541633455342305E-002       +-    1.7092672194672602E-004
  Kqqs     =    2.0945875308421291E-003       +-    4.0882322786828971E-006
  Kgg      =    1.7709571607551807E-003       +-    3.0889160794046109E-006
  K_nnlo   =    1.1661730725785335            +-    4.0267822702010335E-004
  sig_LO   = (  0.15824440163372447            +-    9.6923286625657989E-005 ) fb
  sig_NLO  = (  0.18217223381539949            +-    1.0816379255323402E-004 ) fb
  sig_NNLO = (  0.18454036007155195            +-    1.1599380423852467E-004 ) fb

  mH       = 125.0000      GeV
  fact_scale 1.5
  ren_scale  1.5
  Kqq      =   0.29179427972865196            +-    2.9881859141363677E-004
  Kgq      =  -0.13781849571913068            +-    1.7386061270082301E-004
  K_nlo    =    1.1539757840095213            +-    3.4571673841909300E-004
  Kqq2     =    7.9761130977829942E-002       +-    2.4874109658536863E-004
  Kgq2     =   -7.5076444479115836E-002       +-    2.0478729791526535E-004
  Kqqs     =    3.7195623304056269E-003       +-    4.8915051773502000E-006
  Kgg      =    2.9650346237923781E-003       +-    3.5766386505264886E-006
  K_nnlo   =    1.1653450674624333            +-    4.7261691982831023E-004
  sig_LO   = (  0.15724678696055294            +-    9.6220707452745891E-005 ) fb
  sig_NLO  = (  0.18145898426578225            +-    1.1051580702398477E-004 ) fb
  sig_NNLO = (  0.18324676755879646            +-    1.2157925059672505E-004 ) fb

  mH       = 125.0000      GeV
  fact_scale 2.0
  ren_scale  1.5
  Kqq      =   0.32088009803622208            +-    3.3804496085438934E-004
  Kgq      =  -0.16370911378148106            +-    1.9284618298829172E-004
  K_nlo    =    1.1571709842547411            +-    3.8918382013156626E-004
  Kqq2     =    8.9805417600606049E-002       +-    2.8778608248833338E-004
  Kgq2     =   -9.0929374015146849E-002       +-    2.3880044178658686E-004
  Kqqs     =    5.3413439200100101E-003       +-    5.8144001241752560E-006
  Kgg      =    3.9741778796357529E-003       +-    4.1135188386895869E-006
  K_nnlo   =    1.1653625496398461            +-    5.3977889400169253E-004
  sig_LO   = (  0.15646531758229362            +-    9.5683309984064945E-005 ) fb
  sig_NLO  = (  0.18105712554843334            +-    1.1341669646096674E-004 ) fb
  sig_NNLO = (  0.18233882142790991            +-    1.2762533425228709E-004 ) fb

  mH       = 125.0000      GeV
  fact_scale 1.0
  ren_scale  2.0
  Kqq      =   0.24356289602095274            +-    2.4050990733185919E-004
  Kgq      =   -9.7040806063560248E-002       +-    1.6906750934615104E-004
  K_nlo    =    1.1465220899573927            +-    2.9398781988594419E-004
  Kqq2     =    6.8871828940091168E-002       +-    1.9683724484150533E-004
  Kgq2     =   -5.4117725073926856E-002       +-    1.6081306942067200E-004
  Kqqs     =    1.9659174322305541E-003       +-    3.8367009042106714E-006
  Kgg      =    1.6613603155310091E-003       +-    2.8975481086050232E-006
  K_nnlo   =    1.1649034715713187            +-    3.8866141891555562E-004
  sig_LO   = (  0.15824440163372447            +-    9.6923286625657989E-005 ) fb
  sig_NLO  = (  0.18143070208515480            +-    1.0751006068793977E-004 ) fb
  sig_NNLO = (  0.18433945281985167            +-    1.1479025753293354E-004 ) fb

  mH       = 125.0000      GeV
  fact_scale 1.5
  ren_scale  2.0
  Kqq      =   0.28271841056942609            +-    2.8958240897755601E-004
  Kgq      =  -0.13350454048303345            +-    1.6845478422455678E-004
  K_nlo    =    1.1492138700863925            +-    3.3501490402277105E-004
  Kqq2     =    8.3310929840381853E-002       +-    2.4019249269225954E-004
  Kgq2     =   -7.4510974803170538E-002       +-    1.9708449907465493E-004
  Kqqs     =    3.4909503704590207E-003       +-    4.5908355818743408E-006
  Kgg      =    2.7813664010529855E-003       +-    3.3563382078097882E-006
  K_nnlo   =    1.1642861418951158            +-    4.5694864045767804E-004
  sig_LO   = (  0.15724678696055294            +-    9.6220707452745891E-005 ) fb
  sig_NLO  = (  0.18071018860158755            +-    1.0969780653809541E-004 ) fb
  sig_NNLO = (  0.18308025491570540            +-    1.2008904837398382E-004 ) fb

  mH       = 125.0000      GeV
  fact_scale 2.0
  ren_scale  2.0
  Kqq      =   0.31089837229244471            +-    3.2755568305172146E-004
  Kgq      =  -0.15858226314191273            +-    1.8686184682024850E-004
  K_nlo    =    1.1523161091505321            +-    3.7710751158861024E-004
  Kqq2     =    9.3590135964474214E-002       +-    2.7455983038715071E-004
  Kgq2     =   -9.0165643917269944E-002       +-    2.3132581021484763E-004
  Kqqs     =    5.0128769053611327E-003       +-    5.4571050035065946E-006
  Kgg      =    3.7278740343073594E-003       +-    3.8595188041680235E-006
  K_nnlo   =    1.1644813521374049            +-    5.2072015719650182E-004
  sig_LO   = (  0.15646531758229362            +-    9.5683309984064945E-005 ) fb
  sig_NLO  = (  0.18029750597343092            +-    1.1241350862782840E-004 ) fb
  sig_NNLO = (  0.18220094458083774            +-    1.2567184867525680E-004 ) fb

  pp ---> HHW- + X
  ===============

  PDFSET = PDF4LHC21_40                                NSET =   1
  Sqrt(S)  = 14.0 TeV
  LOOP     = 3
  alphaS(MZ) =   0.11800
          kl =   1.00000
          kv =   1.00000
         k2v =   1.00000
         kth =   1.00000
         kbh =   1.00000
        cHsq =   0.00000
       chdup =  -1.20000
         cHw =   0.00000
          cH =   0.00000
         cHb =   0.00000
        cHwb =   0.00000
      cHq1st =   0.00000
      cHq3st =   0.00000
      cHq1rd =   0.00000
      cHq3rd =   0.00000
       cHdst =   0.00000
       cHust =   0.00000
       cHdrd =   0.00000
       cHurd =   0.00000
         cth =   0.00000
         cbh =   0.00000
 --------------

  mH       = 125.0000      GeV
  fact_scale 1.0
  ren_scale  1.0
  Kqq      =   0.26355527927460604            +-    2.5733739012112470E-004
  Kgq      =  -0.10527427338814724            +-    1.8225448756825337E-004
  K_nlo    =    1.1582810058864588            +-    3.1533986521389671E-004
  Kqq2     =    6.0162006070448922E-002       +-    2.1815958149306534E-004
  Kgq2     =   -5.5255435143368038E-002       +-    1.9139549456156864E-004
  Kqqs     =    2.3067042402469913E-003       +-    4.4671697000241811E-006
  Kgg      =    1.9493719871014196E-003       +-    3.4014638615623325E-006
  K_nnlo   =    1.1674436530408878            +-    4.2859840700864226E-004
  sig_LO   = (  0.15793500265428906            +-    9.4991727321759012E-005 ) fb
  sig_NLO  = (  0.18293311373909049            +-    1.0725570956272337E-004 ) fb
  sig_NNLO = (  0.18438021644174560            +-    1.1664243587352248E-004 ) fb

  pp ---> HHW- + X
  ===============

  PDFSET = PDF4LHC21_40                                NSET =   2
  Sqrt(S)  = 14.0 TeV
  LOOP     = 3
  alphaS(MZ) =   0.11800
          kl =   1.00000
          kv =   1.00000
         k2v =   1.00000
         kth =   1.00000
         kbh =   1.00000
        cHsq =   0.00000
       chdup =  -1.20000
         cHw =   0.00000
          cH =   0.00000
         cHb =   0.00000
        cHwb =   0.00000
      cHq1st =   0.00000
      cHq3st =   0.00000
      cHq1rd =   0.00000
      cHq3rd =   0.00000
       cHdst =   0.00000
       cHust =   0.00000
       cHdrd =   0.00000
       cHurd =   0.00000
         cth =   0.00000
         cbh =   0.00000
 --------------

  mH       = 125.0000      GeV
  fact_scale 1.0
  ren_scale  1.0
  Kqq      =   0.26331841296491421            +-    2.6082385684344101E-004
  Kgq      =  -0.10645636422483036            +-    1.8484318747094086E-004
  K_nlo    =    1.1568620487400838            +-    3.1968122912223859E-004
  Kqq2     =    6.0067890888797063E-002       +-    2.2220251303418034E-004
  Kgq2     =   -5.5876655770886602E-002       +-    1.9415514087112556E-004
  Kqqs     =    2.3378614325864819E-003       +-    4.5613311992383975E-006
  Kgg      =    1.9425889000927357E-003       +-    3.3767141861927913E-006
  K_nnlo   =    1.1653337341906735            +-    4.3508444205636826E-004
  sig_LO   = (  0.15783680874987630            +-    9.6977546046474818E-005 ) fb
  sig_NLO  = (  0.18259541393697870            +-    1.0931880082415655E-004 ) fb
  sig_NNLO = (  0.18393255773323253            +-    1.1882985609913116E-004 ) fb

  pp ---> HHW- + X
  ===============

  PDFSET = PDF4LHC21_40                                NSET =   3
  Sqrt(S)  = 14.0 TeV
  LOOP     = 3
  alphaS(MZ) =   0.11800
          kl =   1.00000
          kv =   1.00000
         k2v =   1.00000
         kth =   1.00000
         kbh =   1.00000
        cHsq =   0.00000
       chdup =  -1.20000
         cHw =   0.00000
          cH =   0.00000
         cHb =   0.00000
        cHwb =   0.00000
      cHq1st =   0.00000
      cHq3st =   0.00000
      cHq1rd =   0.00000
      cHq3rd =   0.00000
       cHdst =   0.00000
       cHust =   0.00000
       cHdrd =   0.00000
       cHurd =   0.00000
         cth =   0.00000
         cbh =   0.00000
 --------------

  mH       = 125.0000      GeV
  fact_scale 1.0
  ren_scale  1.0
  Kqq      =   0.26350743084390793            +-    2.6261653031545813E-004
  Kgq      =  -0.10543379661157401            +-    1.8304195136525041E-004
  K_nlo    =    1.1580736342323339            +-    3.2011216464628245E-004
  Kqq2     =    6.0144339197706363E-002       +-    2.2237114737928208E-004
  Kgq2     =   -5.5331102416823770E-002       +-    1.9225619201588217E-004
  Kqqs     =    2.3060716523221891E-003       +-    4.4998420342773054E-006
  Kgg      =    1.9496531297604066E-003       +-    3.3985895935688574E-006
  K_nnlo   =    1.1671425957952992            +-    4.3464349471643282E-004
  sig_LO   = (  0.15745515949716526            +-    9.7833067860924559E-005 ) fb
  sig_NLO  = (  0.18234466878751396            +-    1.1005363702185693E-004 ) fb
  sig_NNLO = (  0.18377262357688429            +-    1.1939394072222916E-004 ) fb

  pp ---> HHW- + X
  ===============

  PDFSET = PDF4LHC21_40                                NSET =   4
  Sqrt(S)  = 14.0 TeV
  LOOP     = 3
  alphaS(MZ) =   0.11800
          kl =   1.00000
          kv =   1.00000
         k2v =   1.00000
         kth =   1.00000
         kbh =   1.00000
        cHsq =   0.00000
       chdup =  -1.20000
         cHw =   0.00000
          cH =   0.00000
         cHb =   0.00000
        cHwb =   0.00000
      cHq1st =   0.00000
      cHq3st =   0.00000
      cHq1rd =   0.00000
      cHq3rd =   0.00000
       cHdst =   0.00000
       cHust =   0.00000
       cHdrd =   0.00000
       cHurd =   0.00000
         cth =   0.00000
         cbh =   0.00000
 --------------

  mH       = 125.0000      GeV
  fact_scale 1.0
  ren_scale  1.0
  Kqq      =   0.26384037473750255            +-    2.5928208367536352E-004
  Kgq      =  -0.10601990853198454            +-    1.8493810690808275E-004
  K_nlo    =    1.1578204662055178            +-    3.1847967329451913E-004
  Kqq2     =    6.0275953856645796E-002       +-    2.1950988888449097E-004
  Kgq2     =   -5.5632542662829652E-002       +-    1.9429131529043043E-004
  Kqqs     =    2.3149080483470040E-003       +-    4.5176489790637228E-006
  Kgg      =    1.9766578868149445E-003       +-    3.4562402164727607E-006
  K_nnlo   =    1.1667554433344960            +-    4.3289186128395011E-004
  sig_LO   = (  0.15610870866249046            +-    9.5220133024125948E-005 ) fb
  sig_NLO  = (  0.18074585784234609            +-    1.0741833465781956E-004 ) fb
  sig_NNLO = (  0.18214068558387975            +-    1.1676337363754532E-004 ) fb

  pp ---> HHW- + X
  ===============

  PDFSET = PDF4LHC21_40                                NSET =   5
  Sqrt(S)  = 14.0 TeV
  LOOP     = 3
  alphaS(MZ) =   0.11800
          kl =   1.00000
          kv =   1.00000
         k2v =   1.00000
         kth =   1.00000
         kbh =   1.00000
        cHsq =   0.00000
       chdup =  -1.20000
         cHw =   0.00000
          cH =   0.00000
         cHb =   0.00000
        cHwb =   0.00000
      cHq1st =   0.00000
      cHq3st =   0.00000
      cHq1rd =   0.00000
      cHq3rd =   0.00000
       cHdst =   0.00000
       cHust =   0.00000
       cHdrd =   0.00000
       cHurd =   0.00000
         cth =   0.00000
         cbh =   0.00000
 --------------

  mH       = 125.0000      GeV
  fact_scale 1.0
  ren_scale  1.0
  Kqq      =   0.26348078424372778            +-    2.6128305726396377E-004
  Kgq      =  -0.10497002143786537            +-    1.8266065741736389E-004
  K_nlo    =    1.1585107628058624            +-    3.1880048899170048E-004
  Kqq2     =    6.0136032090420739E-002       +-    2.2145131635342773E-004
  Kgq2     =   -5.5084334444527761E-002       +-    1.9181264208808856E-004
  Kqqs     =    2.2995792806130171E-003       +-    4.4887527458311775E-006
  Kgg      =    1.9395209847004576E-003       +-    3.3837183087811501E-006
  K_nnlo   =    1.1678015607170689            +-    4.3301053729861218E-004
  sig_LO   = (  0.15773536225374393            +-    9.7198389945258077E-005 ) fb
  sig_NLO  = (  0.18273811484604391            +-    1.0943591699718017E-004 ) fb
  sig_NNLO = (  0.18420360222019441            +-    1.1879631186238937E-004 ) fb

  pp ---> HHW- + X
  ===============

  PDFSET = PDF4LHC21_40                                NSET =   6
  Sqrt(S)  = 14.0 TeV
  LOOP     = 3
  alphaS(MZ) =   0.11800
          kl =   1.00000
          kv =   1.00000
         k2v =   1.00000
         kth =   1.00000
         kbh =   1.00000
        cHsq =   0.00000
       chdup =  -1.20000
         cHw =   0.00000
          cH =   0.00000
         cHb =   0.00000
        cHwb =   0.00000
      cHq1st =   0.00000
      cHq3st =   0.00000
      cHq1rd =   0.00000
      cHq3rd =   0.00000
       cHdst =   0.00000
       cHust =   0.00000
       cHdrd =   0.00000
       cHurd =   0.00000
         cth =   0.00000
         cbh =   0.00000
 --------------

  mH       = 125.0000      GeV
  fact_scale 1.0
  ren_scale  1.0
  Kqq      =   0.26333701804372345            +-    2.6020076381650097E-004
  Kgq      =  -0.10526977056603917            +-    1.8294810450821659E-004
  K_nlo    =    1.1580672474776841            +-    3.1807930840254268E-004
  Kqq2     =    6.0075074010142601E-002       +-    2.2082347491605311E-004
  Kgq2     =   -5.5240895131971474E-002       +-    1.9221888375283073E-004
  Kqqs     =    2.3016018745891731E-003       +-    4.4871002120806385E-006
  Kgg      =    1.9495984979200057E-003       +-    3.4057562192753003E-006
  K_nnlo   =    1.1671526267283645            +-    4.3233931815503808E-004
  sig_LO   = (  0.15840820423698648            +-    9.7282611555481936E-005 ) fb
  sig_NLO  = (  0.18344735305860979            +-    1.0955680261541939E-004 ) fb
  sig_NNLO = (  0.18488655167052204            +-    1.1897164250682250E-004 ) fb

  pp ---> HHW- + X
  ===============

  PDFSET = PDF4LHC21_40                                NSET =   7
  Sqrt(S)  = 14.0 TeV
  LOOP     = 3
  alphaS(MZ) =   0.11800
          kl =   1.00000
          kv =   1.00000
         k2v =   1.00000
         kth =   1.00000
         kbh =   1.00000
        cHsq =   0.00000
       chdup =  -1.20000
         cHw =   0.00000
          cH =   0.00000
         cHb =   0.00000
        cHwb =   0.00000
      cHq1st =   0.00000
      cHq3st =   0.00000
      cHq1rd =   0.00000
      cHq3rd =   0.00000
       cHdst =   0.00000
       cHust =   0.00000
       cHdrd =   0.00000
       cHurd =   0.00000
         cth =   0.00000
         cbh =   0.00000
 --------------

  mH       = 125.0000      GeV
  fact_scale 1.0
  ren_scale  1.0
  Kqq      =   0.26353912895702392            +-    2.6326343284387935E-004
  Kgq      =  -0.10504324565632978            +-    1.8287145239973855E-004
  K_nlo    =    1.1584958833006942            +-    3.2054578951459274E-004
  Kqq2     =    6.0141566927506718E-002       +-    2.2132086811005907E-004
  Kgq2     =   -5.5124224801661410E-002       +-    1.9206707669348501E-004
  Kqqs     =    2.3004594010558035E-003       +-    4.5046560316783935E-006
  Kgg      =    1.9401538880736179E-003       +-    3.3813721982593713E-006
  K_nnlo   =    1.1677538387156690            +-    4.3434320230666866E-004
  sig_LO   = (  0.15778171917090827            +-    9.8434686104977736E-005 ) fb
  sig_NLO  = (  0.18278947211960342            +-    1.1066772829082766E-004 ) fb
  sig_NNLO = (  0.18425020824098576            +-    1.1994141306460324E-004 ) fb

  pp ---> HHW- + X
  ===============

  PDFSET = PDF4LHC21_40                                NSET =   8
  Sqrt(S)  = 14.0 TeV
  LOOP     = 3
  alphaS(MZ) =   0.11800
          kl =   1.00000
          kv =   1.00000
         k2v =   1.00000
         kth =   1.00000
         kbh =   1.00000
        cHsq =   0.00000
       chdup =  -1.20000
         cHw =   0.00000
          cH =   0.00000
         cHb =   0.00000
        cHwb =   0.00000
      cHq1st =   0.00000
      cHq3st =   0.00000
      cHq1rd =   0.00000
      cHq3rd =   0.00000
       cHdst =   0.00000
       cHust =   0.00000
       cHdrd =   0.00000
       cHurd =   0.00000
         cth =   0.00000
         cbh =   0.00000
 --------------

  mH       = 125.0000      GeV
  fact_scale 1.0
  ren_scale  1.0
  Kqq      =   0.26304920798520626            +-    2.6021213327445544E-004
  Kgq      =  -0.10500006103943499            +-    1.8366451220543052E-004
  K_nlo    =    1.1580491469457712            +-    3.1850118892541313E-004
  Kqq2     =    5.9961180058056361E-002       +-    2.2007025903454961E-004
  Kgq2     =   -5.5075247723684752E-002       +-    1.9279406092609841E-004
  Kqqs     =    2.3072424715791422E-003       +-    4.5109233980836316E-006
  Kgg      =    1.9421654385781541E-003       +-    3.4060105238089925E-006
  K_nnlo   =    1.1671844871903001            +-    4.3252216766820551E-004
  sig_LO   = (  0.15851081431065370            +-    9.7307677919276822E-005 ) fb
  sig_NLO  = (  0.18356331329413206            +-    1.0962485368610510E-004 ) fb
  sig_NNLO = (  0.18501136351529723            +-    1.1903436954464341E-004 ) fb

  pp ---> HHW- + X
  ===============

  PDFSET = PDF4LHC21_40                                NSET =   9
  Sqrt(S)  = 14.0 TeV
  LOOP     = 3
  alphaS(MZ) =   0.11800
          kl =   1.00000
          kv =   1.00000
         k2v =   1.00000
         kth =   1.00000
         kbh =   1.00000
        cHsq =   0.00000
       chdup =  -1.20000
         cHw =   0.00000
          cH =   0.00000
         cHb =   0.00000
        cHwb =   0.00000
      cHq1st =   0.00000
      cHq3st =   0.00000
      cHq1rd =   0.00000
      cHq3rd =   0.00000
       cHdst =   0.00000
       cHust =   0.00000
       cHdrd =   0.00000
       cHurd =   0.00000
         cth =   0.00000
         cbh =   0.00000
 --------------

  mH       = 125.0000      GeV
  fact_scale 1.0
  ren_scale  1.0
  Kqq      =   0.26336587895940722            +-    2.5863908678998537E-004
  Kgq      =  -0.10518305102914804            +-    1.8271346934384584E-004
  K_nlo    =    1.1581828279302593            +-    3.1666763190326552E-004
  Kqq2     =    6.0084363252480295E-002       +-    2.1890258695858730E-004
  Kgq2     =   -5.5193220889880948E-002       +-    1.9198158784527268E-004
  Kqqs     =    2.3044842300445432E-003       +-    4.4854223179117630E-006
  Kgg      =    1.9436835201007939E-003       +-    3.3914184432702348E-006
  K_nnlo   =    1.1673221380430041            +-    4.3021539079442922E-004
  sig_LO   = (  0.15880433048719775            +-    9.6546264704086186E-005 ) fb
  sig_NLO  = (  0.18392444857123416            +-    1.0885808839795422E-004 ) fb
  sig_NNLO = (  0.18537581059480346            +-    1.1827431165267585E-004 ) fb

  pp ---> HHW- + X
  ===============

  PDFSET = PDF4LHC21_40                                NSET =  10
  Sqrt(S)  = 14.0 TeV
  LOOP     = 3
  alphaS(MZ) =   0.11800
          kl =   1.00000
          kv =   1.00000
         k2v =   1.00000
         kth =   1.00000
         kbh =   1.00000
        cHsq =   0.00000
       chdup =  -1.20000
         cHw =   0.00000
          cH =   0.00000
         cHb =   0.00000
        cHwb =   0.00000
      cHq1st =   0.00000
      cHq3st =   0.00000
      cHq1rd =   0.00000
      cHq3rd =   0.00000
       cHdst =   0.00000
       cHust =   0.00000
       cHdrd =   0.00000
       cHurd =   0.00000
         cth =   0.00000
         cbh =   0.00000
 --------------

  mH       = 125.0000      GeV
  fact_scale 1.0
  ren_scale  1.0
  Kqq      =   0.26325881935689194            +-    2.5956002379428126E-004
  Kgq      =  -0.10453833794145560            +-    1.8253103710683428E-004
  K_nlo    =    1.1587204814154364            +-    3.1731527769614931E-004
  Kqq2     =    6.0045725275616822E-002       +-    2.1971050433881051E-004
  Kgq2     =   -5.4861270503272858E-002       +-    1.9178835503034432E-004
  Kqqs     =    2.2964592364318804E-003       +-    4.4874334265803806E-006
  Kgg      =    1.9347378272091197E-003       +-    3.3824502837377750E-006
  K_nnlo   =    1.1681361332514213            +-    4.3101745014572691E-004
  sig_LO   = (  0.15809234790851942            +-    9.6696647224213863E-005 ) fb
  sig_NLO  = (  0.18318484147665626            +-    1.0893475375628498E-004 ) fb
  sig_NNLO = (  0.18467338398249628            +-    1.1829360758134285E-004 ) fb

  pp ---> HHW- + X
  ===============

  PDFSET = PDF4LHC21_40                                NSET =  11
  Sqrt(S)  = 14.0 TeV
  LOOP     = 3
  alphaS(MZ) =   0.11800
          kl =   1.00000
          kv =   1.00000
         k2v =   1.00000
         kth =   1.00000
         kbh =   1.00000
        cHsq =   0.00000
       chdup =  -1.20000
         cHw =   0.00000
          cH =   0.00000
         cHb =   0.00000
        cHwb =   0.00000
      cHq1st =   0.00000
      cHq3st =   0.00000
      cHq1rd =   0.00000
      cHq3rd =   0.00000
       cHdst =   0.00000
       cHust =   0.00000
       cHdrd =   0.00000
       cHurd =   0.00000
         cth =   0.00000
         cbh =   0.00000
 --------------

  mH       = 125.0000      GeV
  fact_scale 1.0
  ren_scale  1.0
  Kqq      =   0.26330860875170065            +-    2.6024554973785776E-004
  Kgq      =  -0.10507744336075500            +-    1.8309357988935201E-004
  K_nlo    =    1.1582311653909456            +-    3.1819963097882173E-004
  Kqq2     =    6.0065430668534425E-002       +-    2.2041263227413113E-004
  Kgq2     =   -5.5144185375682657E-002       +-    1.9234483363269347E-004
  Kqqs     =    2.2996998251652752E-003       +-    4.4919099170944836E-006
  Kgg      =    1.9495662092503053E-003       +-    3.4020392160421765E-006
  K_nnlo   =    1.1674016767182129            +-    4.3227424139287895E-004
  sig_LO   = (  0.15790143350296040            +-    9.6908502359708954E-005 ) fb
  sig_NLO  = (  0.18288636134303471            +-    1.0915921967292376E-004 ) fb
  sig_NNLO = (  0.18433439822756534            +-    1.1853369976501027E-004 ) fb

  pp ---> HHW- + X
  ===============

  PDFSET = PDF4LHC21_40                                NSET =  12
  Sqrt(S)  = 14.0 TeV
  LOOP     = 3
  alphaS(MZ) =   0.11800
          kl =   1.00000
          kv =   1.00000
         k2v =   1.00000
         kth =   1.00000
         kbh =   1.00000
        cHsq =   0.00000
       chdup =  -1.20000
         cHw =   0.00000
          cH =   0.00000
         cHb =   0.00000
        cHwb =   0.00000
      cHq1st =   0.00000
      cHq3st =   0.00000
      cHq1rd =   0.00000
      cHq3rd =   0.00000
       cHdst =   0.00000
       cHust =   0.00000
       cHdrd =   0.00000
       cHurd =   0.00000
         cth =   0.00000
         cbh =   0.00000
 --------------

  mH       = 125.0000      GeV
  fact_scale 1.0
  ren_scale  1.0
  Kqq      =   0.26306577191741271            +-    2.5869499666294387E-004
  Kgq      =  -0.10465762818232693            +-    1.8245210006903270E-004
  K_nlo    =    1.1584081437350857            +-    3.1656258483598606E-004
  Kqq2     =    5.9962355998771866E-002       +-    2.1927497473899393E-004
  Kgq2     =   -5.4917076417185282E-002       +-    1.9172779079183034E-004
  Kqqs     =    2.2962726879974193E-003       +-    4.4850002847286355E-006
  Kgg      =    1.9379859601140238E-003       +-    3.3812285479958183E-006
  K_nnlo   =    1.1676876819647837            +-    4.3021445624338443E-004
  sig_LO   = (  0.15949316487072790            +-    9.7344492762448733E-005 ) fb
  sig_NLO  = (  0.18475818105633390            +-    1.0965923035496835E-004 ) fb
  sig_NNLO = (  0.18623820397712737            +-    1.1909719610928029E-004 ) fb

  pp ---> HHW- + X
  ===============

  PDFSET = PDF4LHC21_40                                NSET =  13
  Sqrt(S)  = 14.0 TeV
  LOOP     = 3
  alphaS(MZ) =   0.11800
          kl =   1.00000
          kv =   1.00000
         k2v =   1.00000
         kth =   1.00000
         kbh =   1.00000
        cHsq =   0.00000
       chdup =  -1.20000
         cHw =   0.00000
          cH =   0.00000
         cHb =   0.00000
        cHwb =   0.00000
      cHq1st =   0.00000
      cHq3st =   0.00000
      cHq1rd =   0.00000
      cHq3rd =   0.00000
       cHdst =   0.00000
       cHust =   0.00000
       cHdrd =   0.00000
       cHurd =   0.00000
         cth =   0.00000
         cbh =   0.00000
 --------------

  mH       = 125.0000      GeV
  fact_scale 1.0
  ren_scale  1.0
  Kqq      =   0.26324215061022532            +-    2.5895746941833421E-004
  Kgq      =  -0.10434340059575352            +-    1.8161638482512555E-004
  K_nlo    =    1.1588987500144718            +-    3.1629650994675169E-004
  Kqq2     =    6.0031087160270800E-002       +-    2.1930245658443196E-004
  Kgq2     =   -5.4758417686664618E-002       +-    1.9075287395630880E-004
  Kqqs     =    2.2891647249347986E-003       +-    4.4642631100572264E-006
  Kgg      =    1.9358891741994213E-003       +-    3.3754092690741153E-006
  K_nnlo   =    1.1683964733872121            +-    4.2959868671110161E-004
  sig_LO   = (  0.15832664837736954            +-    9.6536795675301063E-005 ) fb
  sig_NLO  = (  0.18348455489851437            +-    1.0875281909247327E-004 ) fb
  sig_NNLO = (  0.18498829760733576            +-    1.1809172009371227E-004 ) fb

  pp ---> HHW- + X
  ===============

  PDFSET = PDF4LHC21_40                                NSET =  14
  Sqrt(S)  = 14.0 TeV
  LOOP     = 3
  alphaS(MZ) =   0.11800
          kl =   1.00000
          kv =   1.00000
         k2v =   1.00000
         kth =   1.00000
         kbh =   1.00000
        cHsq =   0.00000
       chdup =  -1.20000
         cHw =   0.00000
          cH =   0.00000
         cHb =   0.00000
        cHwb =   0.00000
      cHq1st =   0.00000
      cHq3st =   0.00000
      cHq1rd =   0.00000
      cHq3rd =   0.00000
       cHdst =   0.00000
       cHust =   0.00000
       cHdrd =   0.00000
       cHurd =   0.00000
         cth =   0.00000
         cbh =   0.00000
 --------------

  mH       = 125.0000      GeV
  fact_scale 1.0
  ren_scale  1.0
  Kqq      =   0.26347176711645515            +-    2.6283006546442850E-004
  Kgq      =  -0.10512311203509898            +-    1.8301848146746506E-004
  K_nlo    =    1.1583486550813562            +-    3.2027395752807098E-004
  Kqq2     =    6.0124957353739052E-002       +-    2.2320508478872406E-004
  Kgq2     =   -5.5168573905072585E-002       +-    1.9227540421801900E-004
  Kqqs     =    2.3012220076518799E-003       +-    4.5057890527358520E-006
  Kgg      =    1.9434742254960664E-003       +-    3.3876029737597988E-006
  K_nnlo   =    1.1675497347631705            +-    4.3519826148817771E-004
  sig_LO   = (  0.15791950924746820            +-    9.8325758084657255E-005 ) fb
  sig_NLO  = (  0.18292585114791257            +-    1.1057141961686359E-004 ) fb
  sig_NNLO = (  0.18437888113581152            +-    1.1996357133833572E-004 ) fb

  pp ---> HHW- + X
  ===============

  PDFSET = PDF4LHC21_40                                NSET =  15
  Sqrt(S)  = 14.0 TeV
  LOOP     = 3
  alphaS(MZ) =   0.11800
          kl =   1.00000
          kv =   1.00000
         k2v =   1.00000
         kth =   1.00000
         kbh =   1.00000
        cHsq =   0.00000
       chdup =  -1.20000
         cHw =   0.00000
          cH =   0.00000
         cHb =   0.00000
        cHwb =   0.00000
      cHq1st =   0.00000
      cHq3st =   0.00000
      cHq1rd =   0.00000
      cHq3rd =   0.00000
       cHdst =   0.00000
       cHust =   0.00000
       cHdrd =   0.00000
       cHurd =   0.00000
         cth =   0.00000
         cbh =   0.00000
 --------------

  mH       = 125.0000      GeV
  fact_scale 1.0
  ren_scale  1.0
  Kqq      =   0.26345970510921957            +-    2.6021819065182272E-004
  Kgq      =  -0.10463992928940100            +-    1.8191137311575990E-004
  K_nlo    =    1.1588197758198187            +-    3.1749843214568722E-004
  Kqq2     =    6.0128757850145043E-002       +-    2.2040083588871249E-004
  Kgq2     =   -5.4926235112530475E-002       +-    1.9111424218008939E-004
  Kqqs     =    2.2962070947236722E-003       +-    4.4800996254115186E-006
  Kgg      =    1.9341972534054179E-003       +-    3.3687534186785882E-006
  K_nnlo   =    1.1682527029055623            +-    4.3120512083199116E-004
  sig_LO   = (  0.15793821317731951            +-    9.6838570512570098E-005 ) fb
  sig_NLO  = (  0.18302192478752410            +-    1.0905156261637239E-004 ) fb
  sig_NNLO = (  0.18451174443647839            +-    1.1838847799836792E-004 ) fb

  pp ---> HHW- + X
  ===============

  PDFSET = PDF4LHC21_40                                NSET =  16
  Sqrt(S)  = 14.0 TeV
  LOOP     = 3
  alphaS(MZ) =   0.11800
          kl =   1.00000
          kv =   1.00000
         k2v =   1.00000
         kth =   1.00000
         kbh =   1.00000
        cHsq =   0.00000
       chdup =  -1.20000
         cHw =   0.00000
          cH =   0.00000
         cHb =   0.00000
        cHwb =   0.00000
      cHq1st =   0.00000
      cHq3st =   0.00000
      cHq1rd =   0.00000
      cHq3rd =   0.00000
       cHdst =   0.00000
       cHust =   0.00000
       cHdrd =   0.00000
       cHurd =   0.00000
         cth =   0.00000
         cbh =   0.00000
 --------------

  mH       = 125.0000      GeV
  fact_scale 1.0
  ren_scale  1.0
  Kqq      =   0.26322336696852078            +-    2.5996420566498136E-004
  Kgq      =  -0.10433418768675393            +-    1.8198444038261798E-004
  K_nlo    =    1.1588891792817670            +-    3.1733219938795897E-004
  Kqq2     =    6.0032240773635448E-002       +-    2.1994030216018797E-004
  Kgq2     =   -5.4752238743873888E-002       +-    1.9118674198305782E-004
  Kqqs     =    2.2835490537524770E-003       +-    4.4595530173462863E-006
  Kgg      =    1.9511738743937875E-003       +-    3.4086020220183884E-006
  K_nnlo   =    1.1684039042396748            +-    4.3087972541495787E-004
  sig_LO   = (  0.15818689341606096            +-    9.6959607848684165E-005 ) fb
  sig_NLO  = (  0.18332107908407122            +-    1.0918325950969347E-004 ) fb
  sig_NNLO = (  0.18482618386687094            +-    1.1851956137943000E-004 ) fb

  pp ---> HHW- + X
  ===============

  PDFSET = PDF4LHC21_40                                NSET =  17
  Sqrt(S)  = 14.0 TeV
  LOOP     = 3
  alphaS(MZ) =   0.11800
          kl =   1.00000
          kv =   1.00000
         k2v =   1.00000
         kth =   1.00000
         kbh =   1.00000
        cHsq =   0.00000
       chdup =  -1.20000
         cHw =   0.00000
          cH =   0.00000
         cHb =   0.00000
        cHwb =   0.00000
      cHq1st =   0.00000
      cHq3st =   0.00000
      cHq1rd =   0.00000
      cHq3rd =   0.00000
       cHdst =   0.00000
       cHust =   0.00000
       cHdrd =   0.00000
       cHurd =   0.00000
         cth =   0.00000
         cbh =   0.00000
 --------------

  mH       = 125.0000      GeV
  fact_scale 1.0
  ren_scale  1.0
  Kqq      =   0.26328245546376461            +-    2.5957865597300459E-004
  Kgq      =  -0.10444932035151681            +-    1.8160687934750747E-004
  K_nlo    =    1.1588331351122478            +-    3.1679983785206018E-004
  Kqq2     =    6.0052492042971008E-002       +-    2.1961605082238475E-004
  Kgq2     =   -5.4808958551205600E-002       +-    1.9075138651677073E-004
  Kqqs     =    2.2940012263761847E-003       +-    4.4733316723395803E-006
  Kgg      =    1.9247157108640306E-003       +-    3.3556534785937404E-006
  K_nnlo   =    1.1682953855412532            +-    4.3012871283663629E-004
  sig_LO   = (  0.15965531286853801            +-    9.7585322403735851E-005 ) fb
  sig_NLO  = (  0.18501386674877471            +-    1.0991409306644496E-004 ) fb
  sig_NNLO = (  0.18652456530145806            +-    1.1932637862641465E-004 ) fb

  pp ---> HHW- + X
  ===============

  PDFSET = PDF4LHC21_40                                NSET =  18
  Sqrt(S)  = 14.0 TeV
  LOOP     = 3
  alphaS(MZ) =   0.11800
          kl =   1.00000
          kv =   1.00000
         k2v =   1.00000
         kth =   1.00000
         kbh =   1.00000
        cHsq =   0.00000
       chdup =  -1.20000
         cHw =   0.00000
          cH =   0.00000
         cHb =   0.00000
        cHwb =   0.00000
      cHq1st =   0.00000
      cHq3st =   0.00000
      cHq1rd =   0.00000
      cHq3rd =   0.00000
       cHdst =   0.00000
       cHust =   0.00000
       cHdrd =   0.00000
       cHurd =   0.00000
         cth =   0.00000
         cbh =   0.00000
 --------------

  mH       = 125.0000      GeV
  fact_scale 1.0
  ren_scale  1.0
  Kqq      =   0.26345334279071764            +-    2.6045677229742805E-004
  Kgq      =  -0.10484642122482800            +-    1.8215791517548142E-004
  K_nlo    =    1.1586069215658898            +-    3.1783523451101541E-004
  Kqq2     =    6.0122150022738810E-002       +-    2.2067038791829063E-004
  Kgq2     =   -5.5024940431996260E-002       +-    1.9132313150850921E-004
  Kqqs     =    2.3021711798851966E-003       +-    4.4897290305003034E-006
  Kgg      =    1.9337716555435154E-003       +-    3.3681045919824526E-006
  K_nnlo   =    1.1679400739920611            +-    4.3168356332644076E-004
  sig_LO   = (  0.15844560163199808            +-    9.7224359623878151E-005 ) fb
  sig_NLO  = (  0.18357617074250460            +-    1.0949276189774901E-004 ) fb
  sig_NNLO = (  0.18505496769379245            +-    1.1887351267496063E-004 ) fb

  pp ---> HHW- + X
  ===============

  PDFSET = PDF4LHC21_40                                NSET =  19
  Sqrt(S)  = 14.0 TeV
  LOOP     = 3
  alphaS(MZ) =   0.11800
          kl =   1.00000
          kv =   1.00000
         k2v =   1.00000
         kth =   1.00000
         kbh =   1.00000
        cHsq =   0.00000
       chdup =  -1.20000
         cHw =   0.00000
          cH =   0.00000
         cHb =   0.00000
        cHwb =   0.00000
      cHq1st =   0.00000
      cHq3st =   0.00000
      cHq1rd =   0.00000
      cHq3rd =   0.00000
       cHdst =   0.00000
       cHust =   0.00000
       cHdrd =   0.00000
       cHurd =   0.00000
         cth =   0.00000
         cbh =   0.00000
 --------------

  mH       = 125.0000      GeV
  fact_scale 1.0
  ren_scale  1.0
  Kqq      =   0.26337804001164655            +-    2.5954182305130204E-004
  Kgq      =  -0.10487859237562243            +-    1.8282090150319568E-004
  K_nlo    =    1.1584994476360242            +-    3.1746722655926949E-004
  Kqq2     =    6.0095863286780890E-002       +-    2.1980360016646226E-004
  Kgq2     =   -5.5040829109012750E-002       +-    1.9215114882514963E-004
  Kqqs     =    2.2950882291084096E-003       +-    4.4801365958976165E-006
  Kgg      =    1.9537296581132136E-003       +-    3.4120202270458553E-006
  K_nnlo   =    1.1678032997010139            +-    4.3133842871479123E-004
  sig_LO   = (  0.15779478161272864            +-    9.6548870975954524E-005 ) fb
  sig_NLO  = (  0.18280516733819319            +-    1.0877113871735988E-004 ) fb
  sig_NNLO = (  0.18427326664294541            +-    1.1812810876172912E-004 ) fb

  pp ---> HHW- + X
  ===============

  PDFSET = PDF4LHC21_40                                NSET =  20
  Sqrt(S)  = 14.0 TeV
  LOOP     = 3
  alphaS(MZ) =   0.11800
          kl =   1.00000
          kv =   1.00000
         k2v =   1.00000
         kth =   1.00000
         kbh =   1.00000
        cHsq =   0.00000
       chdup =  -1.20000
         cHw =   0.00000
          cH =   0.00000
         cHb =   0.00000
        cHwb =   0.00000
      cHq1st =   0.00000
      cHq3st =   0.00000
      cHq1rd =   0.00000
      cHq3rd =   0.00000
       cHdst =   0.00000
       cHust =   0.00000
       cHdrd =   0.00000
       cHurd =   0.00000
         cth =   0.00000
         cbh =   0.00000
 --------------

  mH       = 125.0000      GeV
  fact_scale 1.0
  ren_scale  1.0
  Kqq      =   0.26332342900458983            +-    2.6033915517839791E-004
  Kgq      =  -0.10513991067873184            +-    1.8317109700164311E-004
  K_nlo    =    1.1581835183258580            +-    3.1832079180566777E-004
  Kqq2     =    6.0068014148022431E-002       +-    2.2062447575388883E-004
  Kgq2     =   -5.5168723742395856E-002       +-    1.9241177974856546E-004
  Kqqs     =    2.3014966180465394E-003       +-    4.4945727673214110E-006
  Kgg      =    1.9450341346152705E-003       +-    3.3931420070238908E-006
  K_nnlo   =    1.1673293394841464            +-    4.3250120621856838E-004
  sig_LO   = (  0.15862190868523510            +-    9.7304916519584634E-005 ) fb
  sig_NLO  = (  0.18371328028462855            +-    1.0962552002838664E-004 ) fb
  sig_NNLO = (  0.18516400789325005            +-    1.1905787872528360E-004 ) fb

  pp ---> HHW- + X
  ===============

  PDFSET = PDF4LHC21_40                                NSET =  21
  Sqrt(S)  = 14.0 TeV
  LOOP     = 3
  alphaS(MZ) =   0.11800
          kl =   1.00000
          kv =   1.00000
         k2v =   1.00000
         kth =   1.00000
         kbh =   1.00000
        cHsq =   0.00000
       chdup =  -1.20000
         cHw =   0.00000
          cH =   0.00000
         cHb =   0.00000
        cHwb =   0.00000
      cHq1st =   0.00000
      cHq3st =   0.00000
      cHq1rd =   0.00000
      cHq3rd =   0.00000
       cHdst =   0.00000
       cHust =   0.00000
       cHdrd =   0.00000
       cHurd =   0.00000
         cth =   0.00000
         cbh =   0.00000
 --------------

  mH       = 125.0000      GeV
  fact_scale 1.0
  ren_scale  1.0
  Kqq      =   0.26344103571051197            +-    2.6011247597827741E-004
  Kgq      =  -0.10544833229180788            +-    1.8359177890469718E-004
  K_nlo    =    1.1579927034187041            +-    3.1837782812397782E-004
  Kqq2     =    6.0124885820621171E-002       +-    2.2018091279260566E-004
  Kgq2     =   -5.5336676423163741E-002       +-    1.9285626131222941E-004
  Kqqs     =    2.3086933601375896E-003       +-    4.5053811342726790E-006
  Kgg      =    1.9548781623251613E-003       +-    3.4107413951083014E-006
  K_nnlo   =    1.1670444843386241            +-    4.3251536960261481E-004
  sig_LO   = (  0.15744398174956481            +-    9.6514976287414984E-005 ) fb
  sig_NLO  = (  0.18231898206318367            +-    1.0875579979872794E-004 ) fb
  sig_NNLO = (  0.18374413049314064            +-    1.1811999894940690E-004 ) fb

  pp ---> HHW- + X
  ===============

  PDFSET = PDF4LHC21_40                                NSET =  22
  Sqrt(S)  = 14.0 TeV
  LOOP     = 3
  alphaS(MZ) =   0.11800
          kl =   1.00000
          kv =   1.00000
         k2v =   1.00000
         kth =   1.00000
         kbh =   1.00000
        cHsq =   0.00000
       chdup =  -1.20000
         cHw =   0.00000
          cH =   0.00000
         cHb =   0.00000
        cHwb =   0.00000
      cHq1st =   0.00000
      cHq3st =   0.00000
      cHq1rd =   0.00000
      cHq3rd =   0.00000
       cHdst =   0.00000
       cHust =   0.00000
       cHdrd =   0.00000
       cHurd =   0.00000
         cth =   0.00000
         cbh =   0.00000
 --------------

  mH       = 125.0000      GeV
  fact_scale 1.0
  ren_scale  1.0
  Kqq      =   0.26331251427994118            +-    2.5986071630246769E-004
  Kgq      =  -0.10503352112947113            +-    1.8316593722164052E-004
  K_nlo    =    1.1582789931504702            +-    3.1792664631250011E-004
  Kqq2     =    6.0068150493028612E-002       +-    2.1987223694203777E-004
  Kgq2     =   -5.5112425553403434E-002       +-    1.9235322445898954E-004
  Kqqs     =    2.2957551581571397E-003       +-    4.4811606529208548E-006
  Kgg      =    1.9578533135541118E-003       +-    3.4263500715444535E-006
  K_nnlo   =    1.1674883265618066            +-    4.3180173303124849E-004
  sig_LO   = (  0.15782477058422920            +-    9.6690737451700330E-005 ) fb
  sig_NLO  = (  0.18280511636650493            +-    1.0893484260574292E-004 ) fb
  sig_NNLO = (  0.18425857729938278            +-    1.1829364394780846E-004 ) fb

  pp ---> HHW- + X
  ===============

  PDFSET = PDF4LHC21_40                                NSET =  23
  Sqrt(S)  = 14.0 TeV
  LOOP     = 3
  alphaS(MZ) =   0.11800
          kl =   1.00000
          kv =   1.00000
         k2v =   1.00000
         kth =   1.00000
         kbh =   1.00000
        cHsq =   0.00000
       chdup =  -1.20000
         cHw =   0.00000
          cH =   0.00000
         cHb =   0.00000
        cHwb =   0.00000
      cHq1st =   0.00000
      cHq3st =   0.00000
      cHq1rd =   0.00000
      cHq3rd =   0.00000
       cHdst =   0.00000
       cHust =   0.00000
       cHdrd =   0.00000
       cHurd =   0.00000
         cth =   0.00000
         cbh =   0.00000
 --------------

  mH       = 125.0000      GeV
  fact_scale 1.0
  ren_scale  1.0
  Kqq      =   0.26342576951906682            +-    2.5922152433487388E-004
  Kgq      =  -0.10517488061938024            +-    1.8318141914159256E-004
  K_nlo    =    1.1582508888996867            +-    3.1741334407554990E-004
  Kqq2     =    6.0110546203754979E-002       +-    2.1959608873669319E-004
  Kgq2     =   -5.5188572569984877E-002       +-    1.9241035561409420E-004
  Kqqs     =    2.3035491464724017E-003       +-    4.4947991802566600E-006
  Kgg      =    1.9468576171813327E-003       +-    3.3965834443285618E-006
  K_nnlo   =    1.1674232692971107            +-    4.3130865761306528E-004
  sig_LO   = (  0.15816444779575892            +-    9.6551892288515215E-005 ) fb
  sig_NLO  = (  0.18319411225176582            +-    1.0882398608842651E-004 ) fb
  sig_NNLO = (  0.18464485673229702            +-    1.1821980335703611E-004 ) fb

  pp ---> HHW- + X
  ===============

  PDFSET = PDF4LHC21_40                                NSET =  24
  Sqrt(S)  = 14.0 TeV
  LOOP     = 3
  alphaS(MZ) =   0.11800
          kl =   1.00000
          kv =   1.00000
         k2v =   1.00000
         kth =   1.00000
         kbh =   1.00000
        cHsq =   0.00000
       chdup =  -1.20000
         cHw =   0.00000
          cH =   0.00000
         cHb =   0.00000
        cHwb =   0.00000
      cHq1st =   0.00000
      cHq3st =   0.00000
      cHq1rd =   0.00000
      cHq3rd =   0.00000
       cHdst =   0.00000
       cHust =   0.00000
       cHdrd =   0.00000
       cHurd =   0.00000
         cth =   0.00000
         cbh =   0.00000
 --------------

  mH       = 125.0000      GeV
  fact_scale 1.0
  ren_scale  1.0
  Kqq      =   0.26319172976128002            +-    2.5758888763326187E-004
  Kgq      =  -0.10495880013358978            +-    1.8287207797087229E-004
  K_nlo    =    1.1582329296276903            +-    3.1590225059901995E-004
  Kqq2     =    6.0012311817203200E-002       +-    2.1855410570049256E-004
  Kgq2     =   -5.5076022036457339E-002       +-    1.9223269705758960E-004
  Kqqs     =    2.2984895017099426E-003       +-    4.4775405865901350E-006
  Kgg      =    1.9416660908979323E-003       +-    3.3875658485729981E-006
  K_nnlo   =    1.1674093750010441            +-    4.2958708411937400E-004
  sig_LO   = (  0.15871514175812590            +-    9.5969111375170224E-005 ) fb
  sig_NLO  = (  0.18382910361478833            +-    1.0827712852107150E-004 ) fb
  sig_NNLO = (  0.18528554444305587            +-    1.1772362569465377E-004 ) fb

  pp ---> HHW- + X
  ===============

  PDFSET = PDF4LHC21_40                                NSET =  25
  Sqrt(S)  = 14.0 TeV
  LOOP     = 3
  alphaS(MZ) =   0.11800
          kl =   1.00000
          kv =   1.00000
         k2v =   1.00000
         kth =   1.00000
         kbh =   1.00000
        cHsq =   0.00000
       chdup =  -1.20000
         cHw =   0.00000
          cH =   0.00000
         cHb =   0.00000
        cHwb =   0.00000
      cHq1st =   0.00000
      cHq3st =   0.00000
      cHq1rd =   0.00000
      cHq3rd =   0.00000
       cHdst =   0.00000
       cHust =   0.00000
       cHdrd =   0.00000
       cHurd =   0.00000
         cth =   0.00000
         cbh =   0.00000
 --------------

  mH       = 125.0000      GeV
  fact_scale 1.0
  ren_scale  1.0
  Kqq      =   0.26326578825867797            +-    2.6014801340436180E-004
  Kgq      =  -0.10523486983009429            +-    1.8371755102665219E-004
  K_nlo    =    1.1580309184285837            +-    3.1847939875832875E-004
  Kqq2     =    6.0047914558370663E-002       +-    2.2043288361700477E-004
  Kgq2     =   -5.5218404103996810E-002       +-    1.9301204266827538E-004
  Kqqs     =    2.3011299500385551E-003       +-    4.4974132358053210E-006
  Kgg      =    1.9532542944779140E-003       +-    3.4109741392081261E-006
  K_nnlo   =    1.1671148131274740            +-    4.3278781602367996E-004
  sig_LO   = (  0.15825535348809813            +-    9.7076374355080182E-005 ) fb
  sig_NLO  = (  0.18326459234606246            +-    1.0938048408127097E-004 ) fb
  sig_NNLO = (  0.18470216731268399            +-    1.1880588371845236E-004 ) fb

  pp ---> HHW- + X
  ===============

  PDFSET = PDF4LHC21_40                                NSET =  26
  Sqrt(S)  = 14.0 TeV
  LOOP     = 3
  alphaS(MZ) =   0.11800
          kl =   1.00000
          kv =   1.00000
         k2v =   1.00000
         kth =   1.00000
         kbh =   1.00000
        cHsq =   0.00000
       chdup =  -1.20000
         cHw =   0.00000
          cH =   0.00000
         cHb =   0.00000
        cHwb =   0.00000
      cHq1st =   0.00000
      cHq3st =   0.00000
      cHq1rd =   0.00000
      cHq3rd =   0.00000
       cHdst =   0.00000
       cHust =   0.00000
       cHdrd =   0.00000
       cHurd =   0.00000
         cth =   0.00000
         cbh =   0.00000
 --------------

  mH       = 125.0000      GeV
  fact_scale 1.0
  ren_scale  1.0
  Kqq      =   0.26331578037593550            +-    2.5784853689790729E-004
  Kgq      =  -0.10516129465702373            +-    1.8166994235338879E-004
  K_nlo    =    1.1581544857189117            +-    3.1542009437427262E-004
  Kqq2     =    6.0061675020213270E-002       +-    2.1795139842857936E-004
  Kgq2     =   -5.5172476963628383E-002       +-    1.9061816904254188E-004
  Kqqs     =    2.3068827598392819E-003       +-    4.4641156848826370E-006
  Kgg      =    1.9411712495679351E-003       +-    3.3845211652179801E-006
  K_nnlo   =    1.1672917377849037            +-    4.2820476140924138E-004
  sig_LO   = (  0.15854900280701534            +-    9.5706931978740446E-005 ) fb
  sig_NLO  = (  0.18362423880720513            +-    1.0798505018128975E-004 ) fb
  sig_NNLO = (  0.18507294101066452            +-    1.1734165573846873E-004 ) fb

  pp ---> HHW- + X
  ===============

  PDFSET = PDF4LHC21_40                                NSET =  27
  Sqrt(S)  = 14.0 TeV
  LOOP     = 3
  alphaS(MZ) =   0.11800
          kl =   1.00000
          kv =   1.00000
         k2v =   1.00000
         kth =   1.00000
         kbh =   1.00000
        cHsq =   0.00000
       chdup =  -1.20000
         cHw =   0.00000
          cH =   0.00000
         cHb =   0.00000
        cHwb =   0.00000
      cHq1st =   0.00000
      cHq3st =   0.00000
      cHq1rd =   0.00000
      cHq3rd =   0.00000
       cHdst =   0.00000
       cHust =   0.00000
       cHdrd =   0.00000
       cHurd =   0.00000
         cth =   0.00000
         cbh =   0.00000
 --------------

  mH       = 125.0000      GeV
  fact_scale 1.0
  ren_scale  1.0
  Kqq      =   0.26337750686888917            +-    2.5902602007042241E-004
  Kgq      =  -0.10499399141072392            +-    1.8275400753417576E-004
  K_nlo    =    1.1583835154581654            +-    3.1700710771735772E-004
  Kqq2     =    6.0091215829285456E-002       +-    2.1958750580076305E-004
  Kgq2     =   -5.5104161316778845E-002       +-    1.9199955659702819E-004
  Kqqs     =    2.3001587433926535E-003       +-    4.4830673066783295E-006
  Kgg      =    1.9497462016148195E-003       +-    3.4015316289727016E-006
  K_nnlo   =    1.1676204749156796            +-    4.3082209447807936E-004
  sig_LO   = (  0.15790450011692922            +-    9.6287009145617906E-005 ) fb
  sig_NLO  = (  0.18291396995211273            +-    1.0852131702926151E-004 ) fb
  sig_NNLO = (  0.18437252741785182            +-    1.1789443842802000E-004 ) fb

  pp ---> HHW- + X
  ===============

  PDFSET = PDF4LHC21_40                                NSET =  28
  Sqrt(S)  = 14.0 TeV
  LOOP     = 3
  alphaS(MZ) =   0.11800
          kl =   1.00000
          kv =   1.00000
         k2v =   1.00000
         kth =   1.00000
         kbh =   1.00000
        cHsq =   0.00000
       chdup =  -1.20000
         cHw =   0.00000
          cH =   0.00000
         cHb =   0.00000
        cHwb =   0.00000
      cHq1st =   0.00000
      cHq3st =   0.00000
      cHq1rd =   0.00000
      cHq3rd =   0.00000
       cHdst =   0.00000
       cHust =   0.00000
       cHdrd =   0.00000
       cHurd =   0.00000
         cth =   0.00000
         cbh =   0.00000
 --------------

  mH       = 125.0000      GeV
  fact_scale 1.0
  ren_scale  1.0
  Kqq      =   0.26340075653198802            +-    2.6021461430219628E-004
  Kgq      =  -0.10532869487183764            +-    1.8348845585178963E-004
  K_nlo    =    1.1580720616601503            +-    3.1840172569776523E-004
  Kqq2     =    6.0102663887126304E-002       +-    2.2059217579090498E-004
  Kgq2     =   -5.5268583852430837E-002       +-    1.9272139933649042E-004
  Kqqs     =    2.3093793403967931E-003       +-    4.5105279256498570E-006
  Kgg      =    1.9380885294853652E-003       +-    3.3784962372975052E-006
  K_nnlo   =    1.1671536095647277            +-    4.3268217412864254E-004
  sig_LO   = (  0.15829915211914453            +-    9.7058077547270002E-005 ) fb
  sig_NLO  = (  0.18332182545367146            +-    1.0936500776884536E-004 ) fb
  sig_NNLO = (  0.18475942678689550            +-    1.1879222104770260E-004 ) fb

  pp ---> HHW- + X
  ===============

  PDFSET = PDF4LHC21_40                                NSET =  29
  Sqrt(S)  = 14.0 TeV
  LOOP     = 3
  alphaS(MZ) =   0.11800
          kl =   1.00000
          kv =   1.00000
         k2v =   1.00000
         kth =   1.00000
         kbh =   1.00000
        cHsq =   0.00000
       chdup =  -1.20000
         cHw =   0.00000
          cH =   0.00000
         cHb =   0.00000
        cHwb =   0.00000
      cHq1st =   0.00000
      cHq3st =   0.00000
      cHq1rd =   0.00000
      cHq3rd =   0.00000
       cHdst =   0.00000
       cHust =   0.00000
       cHdrd =   0.00000
       cHurd =   0.00000
         cth =   0.00000
         cbh =   0.00000
 --------------

  mH       = 125.0000      GeV
  fact_scale 1.0
  ren_scale  1.0
  Kqq      =   0.26344464244488497            +-    2.6043745057537223E-004
  Kgq      =  -0.10537452598614129            +-    1.8347414209554454E-004
  K_nlo    =    1.1580701164587437            +-    3.1857562128935029E-004
  Kqq2     =    6.0119751811637187E-002       +-    2.2058443660587790E-004
  Kgq2     =   -5.5297325450813374E-002       +-    1.9275311581280836E-004
  Kqqs     =    2.3119863915398841E-003       +-    4.5128904327823802E-006
  Kgg      =    1.9414818416898223E-003       +-    3.3850913495114523E-006
  K_nnlo   =    1.1671460110527974            +-    4.3282041175489498E-004
  sig_LO   = (  0.15831727870077081            +-    9.7168680588460781E-005 ) fb
  sig_NLO  = (  0.18334250938243302            +-    1.0947851454858843E-004 ) fb
  sig_NNLO = (  0.18477938031633862            +-    1.1889973561977976E-004 ) fb

  pp ---> HHW- + X
  ===============

  PDFSET = PDF4LHC21_40                                NSET =  30
  Sqrt(S)  = 14.0 TeV
  LOOP     = 3
  alphaS(MZ) =   0.11800
          kl =   1.00000
          kv =   1.00000
         k2v =   1.00000
         kth =   1.00000
         kbh =   1.00000
        cHsq =   0.00000
       chdup =  -1.20000
         cHw =   0.00000
          cH =   0.00000
         cHb =   0.00000
        cHwb =   0.00000
      cHq1st =   0.00000
      cHq3st =   0.00000
      cHq1rd =   0.00000
      cHq3rd =   0.00000
       cHdst =   0.00000
       cHust =   0.00000
       cHdrd =   0.00000
       cHurd =   0.00000
         cth =   0.00000
         cbh =   0.00000
 --------------

  mH       = 125.0000      GeV
  fact_scale 1.0
  ren_scale  1.0
  Kqq      =   0.26345339427306030            +-    2.6054513004659583E-004
  Kgq      =  -0.10518064514684081            +-    1.8291869515553449E-004
  K_nlo    =    1.1582727491262195            +-    3.1834417511303846E-004
  Kqq2     =    6.0121335549931765E-002       +-    2.2102764569475027E-004
  Kgq2     =   -5.5197949378031068E-002       +-    1.9218489116612703E-004
  Kqqs     =    2.3002998517264307E-003       +-    4.4896162885413294E-006
  Kgg      =    1.9470664835732354E-003       +-    3.3883892108713191E-006
  K_nnlo   =    1.1674435016334199            +-    4.3262328210368393E-004
  sig_LO   = (  0.15813259741276656            +-    9.7140796020550170E-005 ) fb
  sig_NLO  = (  0.18316067833175484            +-    1.0940982306041969E-004 ) fb
  sig_NNLO = (  0.18461087324594805            +-    1.1881293934269023E-004 ) fb

  pp ---> HHW- + X
  ===============

  PDFSET = PDF4LHC21_40                                NSET =  31
  Sqrt(S)  = 14.0 TeV
  LOOP     = 3
  alphaS(MZ) =   0.11800
          kl =   1.00000
          kv =   1.00000
         k2v =   1.00000
         kth =   1.00000
         kbh =   1.00000
        cHsq =   0.00000
       chdup =  -1.20000
         cHw =   0.00000
          cH =   0.00000
         cHb =   0.00000
        cHwb =   0.00000
      cHq1st =   0.00000
      cHq3st =   0.00000
      cHq1rd =   0.00000
      cHq3rd =   0.00000
       cHdst =   0.00000
       cHust =   0.00000
       cHdrd =   0.00000
       cHurd =   0.00000
         cth =   0.00000
         cbh =   0.00000
 --------------

  mH       = 125.0000      GeV
  fact_scale 1.0
  ren_scale  1.0
  Kqq      =   0.26332848508934675            +-    2.6027616659309851E-004
  Kgq      =  -0.10477651356224484            +-    1.8285048131660788E-004
  K_nlo    =    1.1585519715271018            +-    3.1808486511324856E-004
  Kqq2     =    6.0077873292386487E-002       +-    2.2011157730855669E-004
  Kgq2     =   -5.4983364457637379E-002       +-    1.9208130584685748E-004
  Kqqs     =    2.2956399319066286E-003       +-    4.4866198161129428E-006
  Kgg      =    1.9423425338471294E-003       +-    3.3857389146918658E-006
  K_nnlo   =    1.1678844628276048            +-    4.3191886844705114E-004
  sig_LO   = (  0.15785522489713907            +-    9.6875535989926863E-005 ) fb
  sig_NLO  = (  0.18288348202043453            +-    1.0911484746535764E-004 ) fb
  sig_NNLO = (  0.18435666453352600            +-    1.1846295000370249E-004 ) fb

  pp ---> HHW- + X
  ===============

  PDFSET = PDF4LHC21_40                                NSET =  32
  Sqrt(S)  = 14.0 TeV
  LOOP     = 3
  alphaS(MZ) =   0.11800
          kl =   1.00000
          kv =   1.00000
         k2v =   1.00000
         kth =   1.00000
         kbh =   1.00000
        cHsq =   0.00000
       chdup =  -1.20000
         cHw =   0.00000
          cH =   0.00000
         cHb =   0.00000
        cHwb =   0.00000
      cHq1st =   0.00000
      cHq3st =   0.00000
      cHq1rd =   0.00000
      cHq3rd =   0.00000
       cHdst =   0.00000
       cHust =   0.00000
       cHdrd =   0.00000
       cHurd =   0.00000
         cth =   0.00000
         cbh =   0.00000
 --------------

  mH       = 125.0000      GeV
  fact_scale 1.0
  ren_scale  1.0
  Kqq      =   0.26330737833977663            +-    2.5996518194821411E-004
  Kgq      =  -0.10499990397556615            +-    1.8311977722583226E-004
  K_nlo    =    1.1583074743642103            +-    3.1798545349843679E-004
  Kqq2     =    6.0062731439817087E-002       +-    2.2020795221148950E-004
  Kgq2     =   -5.5095089675556638E-002       +-    1.9241131895750125E-004
  Kqqs     =    2.3018264076634129E-003       +-    4.5002646722990489E-006
  Kgg      =    1.9417735355010414E-003       +-    3.3876814359272108E-006
  K_nnlo   =    1.1675187160716352            +-    4.3204182122148950E-004
  sig_LO   = (  0.15856634207016482            +-    9.7192350991705630E-005 ) fb
  sig_NLO  = (  0.18366857920246407            +-    1.0949296789081288E-004 ) fb
  sig_NNLO = (  0.18512917210593458            +-    1.1891005861809474E-004 ) fb

  pp ---> HHW- + X
  ===============

  PDFSET = PDF4LHC21_40                                NSET =  33
  Sqrt(S)  = 14.0 TeV
  LOOP     = 3
  alphaS(MZ) =   0.11800
          kl =   1.00000
          kv =   1.00000
         k2v =   1.00000
         kth =   1.00000
         kbh =   1.00000
        cHsq =   0.00000
       chdup =  -1.20000
         cHw =   0.00000
          cH =   0.00000
         cHb =   0.00000
        cHwb =   0.00000
      cHq1st =   0.00000
      cHq3st =   0.00000
      cHq1rd =   0.00000
      cHq3rd =   0.00000
       cHdst =   0.00000
       cHust =   0.00000
       cHdrd =   0.00000
       cHurd =   0.00000
         cth =   0.00000
         cbh =   0.00000
 --------------

  mH       = 125.0000      GeV
  fact_scale 1.0
  ren_scale  1.0
  Kqq      =   0.26334932336877670            +-    2.6030652371498688E-004
  Kgq      =  -0.10502462140792197            +-    1.8287429339013022E-004
  K_nlo    =    1.1583247019608547            +-    3.1812339346788134E-004
  Kqq2     =    6.0082180189555412E-002       +-    2.2060356966486643E-004
  Kgq2     =   -5.5113475388159611E-002       +-    1.9210133149190383E-004
  Kqqs     =    2.2999311262571552E-003       +-    4.4894596520315661E-006
  Kgg      =    1.9447743883199060E-003       +-    3.3934917227692898E-006
  K_nnlo   =    1.1675381122768276            +-    4.3220715058337952E-004
  sig_LO   = (  0.15806117357159427            +-    9.7000136905299339E-005 ) fb
  sig_NLO  = (  0.18308616176889989            +-    1.0925841988365045E-004 ) fb
  sig_NNLO = (  0.18454244421603919            +-    1.1864227297322164E-004 ) fb

  pp ---> HHW- + X
  ===============

  PDFSET = PDF4LHC21_40                                NSET =  34
  Sqrt(S)  = 14.0 TeV
  LOOP     = 3
  alphaS(MZ) =   0.11800
          kl =   1.00000
          kv =   1.00000
         k2v =   1.00000
         kth =   1.00000
         kbh =   1.00000
        cHsq =   0.00000
       chdup =  -1.20000
         cHw =   0.00000
          cH =   0.00000
         cHb =   0.00000
        cHwb =   0.00000
      cHq1st =   0.00000
      cHq3st =   0.00000
      cHq1rd =   0.00000
      cHq3rd =   0.00000
       cHdst =   0.00000
       cHust =   0.00000
       cHdrd =   0.00000
       cHurd =   0.00000
         cth =   0.00000
         cbh =   0.00000
 --------------

  mH       = 125.0000      GeV
  fact_scale 1.0
  ren_scale  1.0
  Kqq      =   0.26319610143110600            +-    2.5832256933377962E-004
  Kgq      =  -0.10503071465232791            +-    1.8233611390900466E-004
  K_nlo    =    1.1581653867787780            +-    3.1619141079833730E-004
  Kqq2     =    6.0015382591038620E-002       +-    2.1912123351088336E-004
  Kgq2     =   -5.5111527990381999E-002       +-    1.9146423211910429E-004
  Kqqs     =    2.3003562551250968E-003       +-    4.4745796811005180E-006
  Kgg      =    1.9481440478381496E-003       +-    3.4009518491808931E-006
  K_nnlo   =    1.1673177416823979            +-    4.2974558026317755E-004
  sig_LO   = (  0.15882301447409183            +-    9.6520361379390365E-005 ) fb
  sig_NLO  = (  0.18394331798775804            +-    1.0880291904469594E-004 ) fb
  sig_NNLO = (  0.18539692258308768            +-    1.1821471505350732E-004 ) fb

  pp ---> HHW- + X
  ===============

  PDFSET = PDF4LHC21_40                                NSET =  35
  Sqrt(S)  = 14.0 TeV
  LOOP     = 3
  alphaS(MZ) =   0.11800
          kl =   1.00000
          kv =   1.00000
         k2v =   1.00000
         kth =   1.00000
         kbh =   1.00000
        cHsq =   0.00000
       chdup =  -1.20000
         cHw =   0.00000
          cH =   0.00000
         cHb =   0.00000
        cHwb =   0.00000
      cHq1st =   0.00000
      cHq3st =   0.00000
      cHq1rd =   0.00000
      cHq3rd =   0.00000
       cHdst =   0.00000
       cHust =   0.00000
       cHdrd =   0.00000
       cHurd =   0.00000
         cth =   0.00000
         cbh =   0.00000
 --------------

  mH       = 125.0000      GeV
  fact_scale 1.0
  ren_scale  1.0
  Kqq      =   0.26332598654936723            +-    2.6034983502851026E-004
  Kgq      =  -0.10501944528462502            +-    1.8308903138991922E-004
  K_nlo    =    1.1583065412647422            +-    3.1828231181558195E-004
  Kqq2     =    6.0075056374023869E-002       +-    2.2022928558639598E-004
  Kgq2     =   -5.5107203645706343E-002       +-    1.9233481369091673E-004
  Kqqs     =    2.2982363451378410E-003       +-    4.4877843354790675E-006
  Kgg      =    1.9482260103832545E-003       +-    3.3981867838786594E-006
  K_nnlo   =    1.1675208563485808            +-    4.3223713015397606E-004
  sig_LO   = (  0.15809519310074149            +-    9.7039860329428795E-005 ) fb
  sig_NLO  = (  0.18312269631110140            +-    1.0931023075142987E-004 ) fb
  sig_NNLO = (  0.18457943523357193            +-    1.1868594595010306E-004 ) fb

  pp ---> HHW- + X
  ===============

  PDFSET = PDF4LHC21_40                                NSET =  36
  Sqrt(S)  = 14.0 TeV
  LOOP     = 3
  alphaS(MZ) =   0.11800
          kl =   1.00000
          kv =   1.00000
         k2v =   1.00000
         kth =   1.00000
         kbh =   1.00000
        cHsq =   0.00000
       chdup =  -1.20000
         cHw =   0.00000
          cH =   0.00000
         cHb =   0.00000
        cHwb =   0.00000
      cHq1st =   0.00000
      cHq3st =   0.00000
      cHq1rd =   0.00000
      cHq3rd =   0.00000
       cHdst =   0.00000
       cHust =   0.00000
       cHdrd =   0.00000
       cHurd =   0.00000
         cth =   0.00000
         cbh =   0.00000
 --------------

  mH       = 125.0000      GeV
  fact_scale 1.0
  ren_scale  1.0
  Kqq      =   0.26329876225506205            +-    2.5987926929742829E-004
  Kgq      =  -0.10512511765976558            +-    1.8329709070692354E-004
  K_nlo    =    1.1581736445952964            +-    3.1801738643065953E-004
  Kqq2     =    6.0061591235856290E-002       +-    2.1986160443035531E-004
  Kgq2     =   -5.5157127257268047E-002       +-    1.9247342698119926E-004
  Kqqs     =    2.2953029402694842E-003       +-    4.4796102028198828E-006
  Kgg      =    1.9570214101673855E-003       +-    3.4175797290474721E-006
  K_nnlo   =    1.1673304329243215            +-    4.3191660077790259E-004
  sig_LO   = (  0.15805172384755234            +-    9.6809034318937314E-005 ) fb
  sig_NLO  = (  0.18305134104308904            +-    1.0907968652255372E-004 ) fb
  sig_NNLO = (  0.18449858722339860            +-    1.1845725662738744E-004 ) fb

  pp ---> HHW- + X
  ===============

  PDFSET = PDF4LHC21_40                                NSET =  37
  Sqrt(S)  = 14.0 TeV
  LOOP     = 3
  alphaS(MZ) =   0.11800
          kl =   1.00000
          kv =   1.00000
         k2v =   1.00000
         kth =   1.00000
         kbh =   1.00000
        cHsq =   0.00000
       chdup =  -1.20000
         cHw =   0.00000
          cH =   0.00000
         cHb =   0.00000
        cHwb =   0.00000
      cHq1st =   0.00000
      cHq3st =   0.00000
      cHq1rd =   0.00000
      cHq3rd =   0.00000
       cHdst =   0.00000
       cHust =   0.00000
       cHdrd =   0.00000
       cHurd =   0.00000
         cth =   0.00000
         cbh =   0.00000
 --------------

  mH       = 125.0000      GeV
  fact_scale 1.0
  ren_scale  1.0
  Kqq      =   0.26308940227382582            +-    2.5927549623573984E-004
  Kgq      =  -0.10448366618318450            +-    1.8205562491078624E-004
  K_nlo    =    1.1586057360906412            +-    3.1680914366530842E-004
  Kqq2     =    5.9974260007995182E-002       +-    2.1954838360232335E-004
  Kgq2     =   -5.4824856694338883E-002       +-    1.9121674135805204E-004
  Kqqs     =    2.2901545688981738E-003       +-    4.4687623816315216E-006
  Kgg      =    1.9359770482520939E-003       +-    3.3768533637728178E-006
  K_nnlo   =    1.1679812710214479            +-    4.3030772872886561E-004
  sig_LO   = (  0.15898229026688726            +-    9.7080503683780650E-005 ) fb
  sig_NLO  = (  0.18419779344004292            +-    1.0936847461665942E-004 ) fb
  sig_NNLO = (  0.18568833745581975            +-    1.1876334152265834E-004 ) fb

  pp ---> HHW- + X
  ===============

  PDFSET = PDF4LHC21_40                                NSET =  38
  Sqrt(S)  = 14.0 TeV
  LOOP     = 3
  alphaS(MZ) =   0.11800
          kl =   1.00000
          kv =   1.00000
         k2v =   1.00000
         kth =   1.00000
         kbh =   1.00000
        cHsq =   0.00000
       chdup =  -1.20000
         cHw =   0.00000
          cH =   0.00000
         cHb =   0.00000
        cHwb =   0.00000
      cHq1st =   0.00000
      cHq3st =   0.00000
      cHq1rd =   0.00000
      cHq3rd =   0.00000
       cHdst =   0.00000
       cHust =   0.00000
       cHdrd =   0.00000
       cHurd =   0.00000
         cth =   0.00000
         cbh =   0.00000
 --------------

  mH       = 125.0000      GeV
  fact_scale 1.0
  ren_scale  1.0
  Kqq      =   0.26329119581388694            +-    2.5999564196401564E-004
  Kgq      =  -0.10513174837168934            +-    1.8313432897365428E-004
  K_nlo    =    1.1581594474421977            +-    3.1801873575138814E-004
  Kqq2     =    6.0059032144027712E-002       +-    2.1996442766114219E-004
  Kgq2     =   -5.5162644589888760E-002       +-    1.9232114830761374E-004
  Kqqs     =    2.3016855586898903E-003       +-    4.4936992810013596E-006
  Kgg      =    1.9427490095706584E-003       +-    3.3883360473198289E-006
  K_nnlo   =    1.1673002695645973            +-    4.3190203051845204E-004
  sig_LO   = (  0.15841315446065957            +-    9.7062103974272456E-005 ) fb
  sig_NLO  = (  0.18346769143773298            +-    1.0935735132248866E-004 ) fb
  sig_NNLO = (  0.18491571790450606            +-    1.1875271169878112E-004 ) fb

  pp ---> HHW- + X
  ===============

  PDFSET = PDF4LHC21_40                                NSET =  39
  Sqrt(S)  = 14.0 TeV
  LOOP     = 3
  alphaS(MZ) =   0.11800
          kl =   1.00000
          kv =   1.00000
         k2v =   1.00000
         kth =   1.00000
         kbh =   1.00000
        cHsq =   0.00000
       chdup =  -1.20000
         cHw =   0.00000
          cH =   0.00000
         cHb =   0.00000
        cHwb =   0.00000
      cHq1st =   0.00000
      cHq3st =   0.00000
      cHq1rd =   0.00000
      cHq3rd =   0.00000
       cHdst =   0.00000
       cHust =   0.00000
       cHdrd =   0.00000
       cHurd =   0.00000
         cth =   0.00000
         cbh =   0.00000
 --------------

  mH       = 125.0000      GeV
  fact_scale 1.0
  ren_scale  1.0
  Kqq      =   0.26320898052141456            +-    2.5992540312897691E-004
  Kgq      =  -0.10480526975743819            +-    1.8289868670744270E-004
  K_nlo    =    1.1584037107639764            +-    3.1782565156240683E-004
  Kqq2     =    6.0020506330857558E-002       +-    2.2001183187334879E-004
  Kgq2     =   -5.4976981027861853E-002       +-    1.9209642682679878E-004
  Kqqs     =    2.2895224600195819E-003       +-    4.4759192966439097E-006
  Kgg      =    1.9503039784050334E-003       +-    3.4044200298045387E-006
  K_nnlo   =    1.1676870625053970            +-    4.3168392613606571E-004
  sig_LO   = (  0.15828491407870879            +-    9.6963807091565197E-005 ) fb
  sig_NLO  = (  0.18335783182673343            +-    1.0923724059724255E-004 ) fb
  sig_NNLO = (  0.18482724635948658            +-    1.1862056900514905E-004 ) fb

  pp ---> HHW- + X
  ===============

  PDFSET = PDF4LHC21_40                                NSET =  40
  Sqrt(S)  = 14.0 TeV
  LOOP     = 3
  alphaS(MZ) =   0.11800
          kl =   1.00000
          kv =   1.00000
         k2v =   1.00000
         kth =   1.00000
         kbh =   1.00000
        cHsq =   0.00000
       chdup =  -1.20000
         cHw =   0.00000
          cH =   0.00000
         cHb =   0.00000
        cHwb =   0.00000
      cHq1st =   0.00000
      cHq3st =   0.00000
      cHq1rd =   0.00000
      cHq3rd =   0.00000
       cHdst =   0.00000
       cHust =   0.00000
       cHdrd =   0.00000
       cHurd =   0.00000
         cth =   0.00000
         cbh =   0.00000
 --------------

  mH       = 125.0000      GeV
  fact_scale 1.0
  ren_scale  1.0
  Kqq      =   0.26330805973906501            +-    2.5942017797816195E-004
  Kgq      =  -0.10496072465389594            +-    1.8283282229827988E-004
  K_nlo    =    1.1583473350851692            +-    3.1737465187342171E-004
  Kqq2     =    6.0063576571114732E-002       +-    2.1983115214429364E-004
  Kgq2     =   -5.5079674014199269E-002       +-    1.9205466853136437E-004
  Kqqs     =    2.2987030249588714E-003       +-    4.4830875478999540E-006
  Kgg      =    1.9428316311285733E-003       +-    3.3879296452723173E-006
  K_nnlo   =    1.1675727722981721            +-    4.3124120507066446E-004
  sig_LO   = (  0.15839237821819116            +-    9.6836420761960219E-005 ) fb
  sig_NLO  = (  0.18347338920684392            +-    1.0910700127712596E-004 ) fb
  sig_NNLO = (  0.18493462814711406            +-    1.1850278112370268E-004 ) fb

  pp ---> HHW- + X
  ===============

  PDFSET = PDF4LHC21_40                                NSET =  41
  Sqrt(S)  = 14.0 TeV
  LOOP     = 3
  alphaS(MZ) =   0.11700
          kl =   1.00000
          kv =   1.00000
         k2v =   1.00000
         kth =   1.00000
         kbh =   1.00000
        cHsq =   0.00000
       chdup =  -1.20000
         cHw =   0.00000
          cH =   0.00000
         cHb =   0.00000
        cHwb =   0.00000
      cHq1st =   0.00000
      cHq3st =   0.00000
      cHq1rd =   0.00000
      cHq3rd =   0.00000
       cHdst =   0.00000
       cHust =   0.00000
       cHdrd =   0.00000
       cHurd =   0.00000
         cth =   0.00000
         cbh =   0.00000
 --------------

  mH       = 125.0000      GeV
  fact_scale 1.0
  ren_scale  1.0
  Kqq      =   0.26127772688704898            +-    2.5760366324582780E-004
  Kgq      =  -0.10290127611266446            +-    1.7935079799133899E-004
  K_nlo    =    1.1583764507743846            +-    3.1388908241256172E-004
  Kqq2     =    5.9155905071399485E-002       +-    2.1655250197127949E-004
  Kgq2     =   -5.3635667731239095E-002       +-    1.8711323901956343E-004
  Kqqs     =    2.2597757417078660E-003       +-    4.4138031210582968E-006
  Kgg      =    1.8741711924597719E-003       +-    3.2651013471469545E-006
  K_nnlo   =    1.1680306350487124            +-    4.2480919120119312E-004
  sig_LO   = (  0.15899256770754266            +-    9.7114317313031325E-005 ) fb
  sig_NLO  = (  0.18417324628056930            +-    1.0918700735951831E-004 ) fb
  sig_NNLO = (  0.18570818982746651            +-    1.1829220347330466E-004 ) fb

  pp ---> HHW- + X
  ===============

  PDFSET = PDF4LHC21_40                                NSET =  42
  Sqrt(S)  = 14.0 TeV
  LOOP     = 3
  alphaS(MZ) =   0.11900
          kl =   1.00000
          kv =   1.00000
         k2v =   1.00000
         kth =   1.00000
         kbh =   1.00000
        cHsq =   0.00000
       chdup =  -1.20000
         cHw =   0.00000
          cH =   0.00000
         cHb =   0.00000
        cHwb =   0.00000
      cHq1st =   0.00000
      cHq3st =   0.00000
      cHq1rd =   0.00000
      cHq3rd =   0.00000
       cHdst =   0.00000
       cHust =   0.00000
       cHdrd =   0.00000
       cHurd =   0.00000
         cth =   0.00000
         cbh =   0.00000
 --------------

  mH       = 125.0000      GeV
  fact_scale 1.0
  ren_scale  1.0
  Kqq      =   0.26507831807740034            +-    2.6144347699569417E-004
  Kgq      =  -0.10374902931405403            +-    1.8089493602008487E-004
  K_nlo    =    1.1613292887633464            +-    3.1792399963090026E-004
  Kqq2     =    6.0878219724631366E-002       +-    2.2283027080721013E-004
  Kgq2     =   -5.4805850360109341E-002       +-    1.9125970562764596E-004
  Kqqs     =    2.3292289529655073E-003       +-    4.5426305380399477E-006
  Kgg      =    1.9085610597380327E-003       +-    3.3383991490794685E-006
  K_nnlo   =    1.1716394481405719            +-    4.3282912855673289E-004
  sig_LO   = (  0.15927891914476905            +-    9.7479520751834998E-005 ) fb
  sig_NLO  = (  0.18497527388538917            +-    1.0984773037096387E-004 ) fb
  sig_NNLO = (  0.18661746492720396            +-    1.1939454424724124E-004 ) fb

