  pp ---> HHW- + X
  ===============

  PDFSET = PDF4LHC21_40                                NSET =   0
  Sqrt(S)  = 14.0 TeV
  LOOP     = 3
  alphaS(MZ) =   0.11800
          kl =   1.00000
          kv =   1.00000
         k2v =   1.00000
         kth =   1.00000
         kbh =   1.00000
        cHsq =   0.00000
       chdup =   0.00000
         cHw =  -0.60000
          cH =   0.00000
         cHb =   0.00000
        cHwb =   0.00000
      cHq1st =   0.00000
      cHq3st =   0.00000
      cHq1rd =   0.00000
      cHq3rd =   0.00000
       cHdst =   0.00000
       cHust =   0.00000
       cHdrd =   0.00000
       cHurd =   0.00000
         cth =   0.00000
         cbh =   0.00000
 --------------

  mH       = 125.0000      GeV
  fact_scale 0.5
  ren_scale  0.5
  Kqq      =   0.20771074149585106            +-   -2.4351366849677410E-004
  Kgq      =   -3.7808116717714349E-002       +-   -1.7352881474821626E-004
  K_nlo    =    1.1699026247781366            +-    2.9901698328469166E-004
  Kqq2     =   -3.1367688283666553E-002       +-   -2.4389567398390362E-004
  Kgq2     =    3.2338992262372315E-002       +-   -2.2284157611523065E-004
  Kqqs     =   -1.8711079316727664E-003       +-   -5.6574705999312587E-006
  Kgg      =   -7.0829889772927254E-004       +-   -3.9409954754758553E-006
  K_nnlo   =    1.1682945219274403            +-    4.4564802540254469E-004
  sig_LO   = ( -0.14058432408333491            +-    9.4054805768378796E-005 ) fb
  sig_NLO  = ( -0.16446996974775371            +-    1.0302147497135137E-004 ) fb
  sig_NNLO = ( -0.16424389569543210            +-    1.1301092925514591E-004 ) fb

  mH       = 125.0000      GeV
  fact_scale 1.0
  ren_scale  0.5
  Kqq      =   0.28866554297191793            +-   -2.9325887908612428E-004
  Kgq      =   -9.9864984634821782E-002       +-   -1.6796832636344148E-004
  K_nlo    =    1.1888005583370962            +-    3.3795580898127148E-004
  Kqq2     =   -5.7826429154081753E-002       +-   -3.6293745950689664E-004
  Kgq2     =    6.8194930007443949E-002       +-   -3.0163793490533815E-004
  Kqqs     =   -3.3441608351706398E-003       +-   -6.4380213514696358E-006
  Kgg      =   -2.8202564672787566E-003       +-   -4.8465821244731868E-006
  K_nnlo   =    1.1930046418880091            +-    5.8050676963208121E-004
  sig_LO   = ( -0.13710061966656173            +-    9.1712172097585496E-005 ) fb
  sig_NLO  = ( -0.16298529320797045            +-    1.0275192217418371E-004 ) fb
  sig_NNLO = ( -0.16356167566793059            +-    1.2143041811035802E-004 ) fb

  mH       = 125.0000      GeV
  fact_scale 0.5
  ren_scale  1.0
  Kqq      =   0.19139120659695241            +-   -2.2441252619373307E-004
  Kgq      =   -3.4832818870649804E-002       +-   -1.5966110065796397E-004
  K_nlo    =    1.1565583877263026            +-    2.7541359620753187E-004
  Kqq2     =   -4.4491076272156711E-002       +-   -1.7429108008348694E-004
  Kgq2     =    3.0560592074203446E-002       +-   -1.8947520617233971E-004
  Kqqs     =   -1.5763339842589457E-003       +-   -4.7631764725205904E-006
  Kgg      =   -5.9687123965857501E-004       +-   -3.3182827544554983E-006
  K_nnlo   =    1.1404546983044317            +-    3.7704718826326157E-004
  sig_LO   = ( -0.14058432408333491            +-    9.4054805768378796E-005 ) fb
  sig_NLO  = ( -0.16259397920141383            +-    1.0171260794542949E-004 ) fb
  sig_NNLO = ( -0.16033005290879215            +-    1.0796314413576090E-004 ) fb

  mH       = 125.0000      GeV
  fact_scale 1.0
  ren_scale  1.0
  Kqq      =   0.26598320888031135            +-   -2.7023201450632526E-004
  Kgq      =   -9.1944938991766534E-002       +-   -1.5449216458893951E-004
  K_nlo    =    1.1740382698885448            +-    3.1127667850888339E-004
  Kqq2     =   -7.3849079909398263E-002       +-   -2.6333075785112950E-004
  Kgq2     =    6.7446543145798468E-002       +-   -2.3157982907971147E-004
  Kqqs     =   -2.8207307860297170E-003       +-   -5.4285571341219208E-006
  Kgg      =   -2.3753344794260767E-003       +-   -4.0802047711250102E-006
  K_nnlo   =    1.1624396678594890            +-    4.6894732449827888E-004
  sig_LO   = ( -0.13710061966656173            +-    9.1712172097585496E-005 ) fb
  sig_NLO  = ( -0.16096137431397753            +-    1.0115524076759408E-004 ) fb
  sig_NNLO = ( -0.15937119878852815            +-    1.1200316221144547E-004 ) fb

  mH       = 125.0000      GeV
  fact_scale 1.5
  ren_scale  1.0
  Kqq      =   0.31056166173156824            +-   -3.1466318674446811E-004
  Kgq      =  -0.12406810112240968            +-   -1.7418308537865058E-004
  K_nlo    =    1.1864935606091587            +-    3.5965631973345095E-004
  Kqq2     =   -9.1343601907872662E-002       +-   -3.3863338042025625E-004
  Kgq2     =    9.3581922307124060E-002       +-   -2.7008287315149825E-004
  Kqqs     =   -5.0521501587132553E-003       +-   -6.5286122614701812E-006
  Kgg      =   -4.0096884819777398E-003       +-   -4.7501577914864397E-006
  K_nnlo   =    1.1796700423677191            +-    5.6305877118284302E-004
  sig_LO   = ( -0.13504606401526278            +-    9.0340765735654320E-005 ) fb
  sig_NLO  = ( -0.16023128533972150            +-    1.0256956373249057E-004 ) fb
  sig_NNLO = ( -0.15930979605847875            +-    1.1808202164169606E-004 ) fb

  mH       = 125.0000      GeV
  fact_scale 2.0
  ren_scale  1.0
  Kqq      =   0.34251848182428757            +-   -3.4858704888303811E-004
  Kgq      =  -0.14615597594315341            +-   -1.8571709693657518E-004
  K_nlo    =    1.1963625058811342            +-    3.9497312660931105E-004
  Kqq2     =  -0.10390800903232768            +-   -4.0473085899983048E-004
  Kgq2     =   0.11414350752698336            +-   -3.1028326635232568E-004
  Kqqs     =   -7.2948049195627647E-003       +-   -7.7730282964312686E-006
  Kgg      =   -5.4044234383520571E-003       +-   -5.5157304787370908E-006
  K_nnlo   =    1.1938987760178752            +-    6.4511811910700125E-004
  sig_LO   = ( -0.13358990162970769            +-    8.9359713579821733E-005 ) fb
  sig_NLO  = ( -0.15982194947413131            +-    1.0377496108534083E-004 ) fb
  sig_NNLO = ( -0.15949282004405635            +-    1.2414656270987232E-004 ) fb

  mH       = 125.0000      GeV
  fact_scale 1.0
  ren_scale  1.5
  Kqq      =   0.25432421104945779            +-   -2.5839667615655347E-004
  Kgq      =   -8.7878769364805404E-002       +-   -1.4758502191500138E-004
  K_nlo    =    1.1664454416846526            +-    2.9757382435692526E-004
  Kqq2     =   -8.0719332786258438E-002       +-   -2.4150739724808405E-004
  Kgq2     =    6.6800190850489702E-002       +-   -2.0569769485244158E-004
  Kqqs     =   -2.5702666438311064E-003       +-   -4.9457112973328159E-006
  Kgg      =   -2.1627868245656465E-003       +-   -3.7143188792574448E-006
  K_nnlo   =    1.1477932462804867            +-    4.3500092156285327E-004
  sig_LO   = ( -0.13710061966656173            +-    9.1712172097585496E-005 ) fb
  sig_NLO  = ( -0.15992039286220214            +-    1.0037710427805596E-004 ) fb
  sig_NNLO = ( -0.15736316531414929            +-    1.0939799091044586E-004 ) fb

  mH       = 125.0000      GeV
  fact_scale 1.5
  ren_scale  1.5
  Kqq      =   0.29694568229268076            +-   -3.0086750036473962E-004
  Kgq      =  -0.11857273358230434            +-   -1.6649160558673446E-004
  K_nlo    =    1.1783729487103765            +-    3.4386146557381994E-004
  Kqq2     =   -9.8931373032156558E-002       +-   -2.9917868611270830E-004
  Kgq2     =    9.2745560372739080E-002       +-   -2.4848560131581794E-004
  Kqqs     =   -4.6033253366650918E-003       +-   -5.9483519922888594E-006
  Kgg      =   -3.6505323761447826E-003       +-   -4.3268256442621110E-006
  K_nnlo   =    1.1639332783381491            +-    5.1917992266994060E-004
  sig_LO   = ( -0.13504606401526278            +-    9.0340765735654320E-005 ) fb
  sig_NLO  = ( -0.15913462866539546            +-    1.0157687577485252E-004 ) fb
  sig_NNLO = ( -0.15718460801594836            +-    1.1435609069576543E-004 ) fb

  mH       = 125.0000      GeV
  fact_scale 2.0
  ren_scale  1.5
  Kqq      =   0.32750059551840827            +-   -3.3328766754839577E-004
  Kgq      =  -0.13967760585719013            +-   -1.7747521691381345E-004
  K_nlo    =    1.1878229896612180            +-    3.7759518264730960E-004
  Kqq2     =  -0.11203902681273879            +-   -3.4907010569139383E-004
  Kgq2     =   0.11297562507068974            +-   -2.9160596644354700E-004
  Kqqs     =   -6.6463325170942932E-003       +-   -7.0821233227679785E-006
  Kgg      =   -4.9200944073213805E-003       +-   -5.0229616218313548E-006
  K_nnlo   =    1.1771931609947535            +-    5.9121695419325066E-004
  sig_LO   = ( -0.13358990162970769            +-    8.9359713579821733E-005 ) fb
  sig_NLO  = ( -0.15868115634234742            +-    1.0261405802801359E-004 ) fb
  sig_NNLO = ( -0.15726111857645372            +-    1.1926062182358978E-004 ) fb

  mH       = 125.0000      GeV
  fact_scale 1.0
  ren_scale  2.0
  Kqq      =   0.24666425158657460            +-   -2.5062134936304243E-004
  Kgq      =   -8.5209092853145138E-002       +-   -1.4305428900230225E-004
  K_nlo    =    1.1614551587334296            +-    2.8857510349735018E-004
  Kqq2     =   -8.4693850790851344E-002       +-   -2.3579884761211389E-004
  Kgq2     =    6.6287654681690969E-002       +-   -1.9335292893817493E-004
  Kqqs     =   -2.4124949980692655E-003       +-   -4.6416250916691419E-006
  Kgg      =   -2.0290225689696311E-003       +-   -3.4841238120330349E-006
  K_nnlo   =    1.1386074450572305            +-    4.1987584572693320E-004
  sig_LO   = ( -0.13710061966656173            +-    9.1712172097585496E-005 ) fb
  sig_NLO  = ( -0.15923622197727799            +-    9.9882024407945043E-005 ) fb
  sig_NNLO = ( -0.15610378627430690            +-    1.0828148137903108E-004 ) fb

  mH       = 125.0000      GeV
  fact_scale 1.5
  ren_scale  2.0
  Kqq      =   0.28800012181645462            +-   -2.9180472127023261E-004
  Kgq      =  -0.11496514705652736            +-   -1.6144179254976422E-004
  K_nlo    =    1.1730349747599271            +-    3.3348680294320381E-004
  Kqq2     =  -0.10333888098392902            +-   -2.8928983874287949E-004
  Kgq2     =    9.2052933556303923E-002       +-   -2.3932435931279329E-004
  Kqqs     =   -4.3206174900208127E-003       +-   -5.5828731829413482E-006
  Kgg      =   -3.4245303311161140E-003       +-   -4.0602875151910326E-006
  K_nnlo   =    1.1540038795111651            +-    5.0222092937802013E-004
  sig_LO   = ( -0.13504606401526278            +-    9.0340765735654320E-005 ) fb
  sig_NLO  = ( -0.15841375629357130            +-    1.0094405612985324E-004 ) fb
  sig_NNLO = ( -0.15584368178632643            +-    1.1296640131841175E-004 ) fb

  mH       = 125.0000      GeV
  fact_scale 2.0
  ren_scale  2.0
  Kqq      =   0.31763399350308558            +-   -3.2323781775208456E-004
  Kgq      =  -0.13542494386263951            +-   -1.7206596470001611E-004
  K_nlo    =    1.1822090496404460            +-    3.6618217192167758E-004
  Kqq2     =  -0.11676098566986748            +-   -3.3264716913414830E-004
  Kgq2     =   0.11202986469498238            +-   -2.8266188371252945E-004
  Kqqs     =   -6.2379063300858151E-003       +-   -6.6469889415138657E-006
  Kgg      =   -4.6153443224424880E-003       +-   -4.7128127851712041E-006
  K_nnlo   =    1.1666246780130325            +-    5.6983125198298127E-004
  sig_LO   = ( -0.13358990162970769            +-    8.9359713579821733E-005 ) fb
  sig_NLO  = ( -0.15793119064721742            +-    1.0187321850033973E-004 ) fb
  sig_NNLO = ( -0.15584927597455045            +-    1.1738814356427464E-004 ) fb

  pp ---> HHW- + X
  ===============

  PDFSET = PDF4LHC21_40                                NSET =   1
  Sqrt(S)  = 14.0 TeV
  LOOP     = 3
  alphaS(MZ) =   0.11800
          kl =   1.00000
          kv =   1.00000
         k2v =   1.00000
         kth =   1.00000
         kbh =   1.00000
        cHsq =   0.00000
       chdup =   0.00000
         cHw =  -0.60000
          cH =   0.00000
         cHb =   0.00000
        cHwb =   0.00000
      cHq1st =   0.00000
      cHq3st =   0.00000
      cHq1rd =   0.00000
      cHq3rd =   0.00000
       cHdst =   0.00000
       cHust =   0.00000
       cHdrd =   0.00000
       cHurd =   0.00000
         cth =   0.00000
         cbh =   0.00000
 --------------

  mH       = 125.0000      GeV
  fact_scale 1.0
  ren_scale  1.0
  Kqq      =   0.26627220781987870            +-   -2.6802757536210605E-004
  Kgq      =   -9.2360729562509986E-002       +-   -1.5410248949827493E-004
  K_nlo    =    1.1739114782573687            +-    3.0917043588295337E-004
  Kqq2     =   -7.4112518452360845E-002       +-   -2.6132670393561220E-004
  Kgq2     =    6.7795974316250465E-002       +-   -2.3106718367729695E-004
  Kqqs     =   -2.8357333759219411E-003       +-   -5.4145940013819352E-006
  Kgg      =   -2.3850627996961538E-003       +-   -4.0972810432537030E-006
  K_nnlo   =    1.1623741379456403            +-    4.6617180687661856E-004
  sig_LO   = ( -0.13657147879552109            +-    8.9885201065528048E-005 ) fb
  sig_NLO  = ( -0.16032282656064506            +-    9.9308630190428804E-005 ) fb
  sig_NNLO = ( -0.15874715493290514            +-    1.1014844541393370E-004 ) fb

  pp ---> HHW- + X
  ===============

  PDFSET = PDF4LHC21_40                                NSET =   2
  Sqrt(S)  = 14.0 TeV
  LOOP     = 3
  alphaS(MZ) =   0.11800
          kl =   1.00000
          kv =   1.00000
         k2v =   1.00000
         kth =   1.00000
         kbh =   1.00000
        cHsq =   0.00000
       chdup =   0.00000
         cHw =  -0.60000
          cH =   0.00000
         cHb =   0.00000
        cHwb =   0.00000
      cHq1st =   0.00000
      cHq3st =   0.00000
      cHq1rd =   0.00000
      cHq3rd =   0.00000
       cHdst =   0.00000
       cHust =   0.00000
       cHdrd =   0.00000
       cHurd =   0.00000
         cth =   0.00000
         cbh =   0.00000
 --------------

  mH       = 125.0000      GeV
  fact_scale 1.0
  ren_scale  1.0
  Kqq      =   0.26592324813362223            +-   -2.7080154415606454E-004
  Kgq      =   -9.3096965051133337E-002       +-   -1.5573856314922074E-004
  K_nlo    =    1.1728262830824889            +-    3.1239074309123309E-004
  Kqq2     =   -7.3823982999288676E-002       +-   -2.6332718460719709E-004
  Kgq2     =    6.8390097212356588E-002       +-   -2.3386818399373114E-004
  Kqqs     =   -2.8669612250295075E-003       +-   -5.5151733029580206E-006
  Kgg      =   -2.3708547994102163E-003       +-   -4.0575245761445478E-006
  K_nnlo   =    1.1621545812711171            +-    4.7081885120396253E-004
  sig_LO   = ( -0.13682107331047710            +-    9.1758928567300943E-005 ) fb
  sig_NLO  = ( -0.16046735085808359            +-    1.0122523640334850E-004 ) fb
  sig_NNLO = ( -0.15900723716220233            +-    1.1211321080659462E-004 ) fb

  pp ---> HHW- + X
  ===============

  PDFSET = PDF4LHC21_40                                NSET =   3
  Sqrt(S)  = 14.0 TeV
  LOOP     = 3
  alphaS(MZ) =   0.11800
          kl =   1.00000
          kv =   1.00000
         k2v =   1.00000
         kth =   1.00000
         kbh =   1.00000
        cHsq =   0.00000
       chdup =   0.00000
         cHw =  -0.60000
          cH =   0.00000
         cHb =   0.00000
        cHwb =   0.00000
      cHq1st =   0.00000
      cHq3st =   0.00000
      cHq1rd =   0.00000
      cHq3rd =   0.00000
       cHdst =   0.00000
       cHust =   0.00000
       cHdrd =   0.00000
       cHurd =   0.00000
         cth =   0.00000
         cbh =   0.00000
 --------------

  mH       = 125.0000      GeV
  fact_scale 1.0
  ren_scale  1.0
  Kqq      =   0.26629573486523889            +-   -2.7293432534778464E-004
  Kgq      =   -9.2557368312785909E-002       +-   -1.5488213019006959E-004
  K_nlo    =    1.1737383665524530            +-    3.1381781371563983E-004
  Kqq2     =   -7.4102499196312718E-002       +-   -2.6603480984934021E-004
  Kgq2     =    6.7910020266608570E-002       +-   -2.3222098800831437E-004
  Kqqs     =   -2.8358081125136369E-003       +-   -5.4554974375889806E-006
  Kgg      =   -2.3861103867570893E-003       +-   -4.0959845625598548E-006
  K_nnlo   =    1.1623239691234781            +-    4.7247144577236056E-004
  sig_LO   = ( -0.13611497267955228            +-    9.2361239176333394E-005 ) fb
  sig_NLO  = ( -0.15976336569622945            +-    1.0176048164465549E-004 ) fb
  sig_NNLO = ( -0.15820969530203102            +-    1.1254523947881764E-004 ) fb

  pp ---> HHW- + X
  ===============

  PDFSET = PDF4LHC21_40                                NSET =   4
  Sqrt(S)  = 14.0 TeV
  LOOP     = 3
  alphaS(MZ) =   0.11800
          kl =   1.00000
          kv =   1.00000
         k2v =   1.00000
         kth =   1.00000
         kbh =   1.00000
        cHsq =   0.00000
       chdup =   0.00000
         cHw =  -0.60000
          cH =   0.00000
         cHb =   0.00000
        cHwb =   0.00000
      cHq1st =   0.00000
      cHq3st =   0.00000
      cHq1rd =   0.00000
      cHq3rd =   0.00000
       cHdst =   0.00000
       cHust =   0.00000
       cHdrd =   0.00000
       cHurd =   0.00000
         cth =   0.00000
         cbh =   0.00000
 --------------

  mH       = 125.0000      GeV
  fact_scale 1.0
  ren_scale  1.0
  Kqq      =   0.26655599405110864            +-   -2.7004971167547600E-004
  Kgq      =   -9.3274193355047080E-002       +-   -1.5702564127900324E-004
  K_nlo    =    1.1732818006960615            +-    3.1238421662287922E-004
  Kqq2     =   -7.4375885774245129E-002       +-   -2.6372564756336656E-004
  Kgq2     =    6.8378508772061183E-002       +-   -2.3509036845230602E-004
  Kqqs     =   -2.8507962259293690E-003       +-   -5.4848726194589120E-006
  Kgg      =   -2.4227565394980282E-003       +-   -4.1719313757274580E-006
  K_nnlo   =    1.1620108709284500            +-    4.7164614506630222E-004
  sig_LO   = ( -0.13475725433621544            +-    8.9878272521352580E-005 ) fb
  sig_NLO  = ( -0.15810823402445198            +-    9.9248075037761902E-005 ) fb
  sig_NNLO = ( -0.15658939447515235            +-    1.1008038029210629E-004 ) fb

  pp ---> HHW- + X
  ===============

  PDFSET = PDF4LHC21_40                                NSET =   5
  Sqrt(S)  = 14.0 TeV
  LOOP     = 3
  alphaS(MZ) =   0.11800
          kl =   1.00000
          kv =   1.00000
         k2v =   1.00000
         kth =   1.00000
         kbh =   1.00000
        cHsq =   0.00000
       chdup =   0.00000
         cHw =  -0.60000
          cH =   0.00000
         cHb =   0.00000
        cHwb =   0.00000
      cHq1st =   0.00000
      cHq3st =   0.00000
      cHq1rd =   0.00000
      cHq3rd =   0.00000
       cHdst =   0.00000
       cHust =   0.00000
       cHdrd =   0.00000
       cHurd =   0.00000
         cth =   0.00000
         cbh =   0.00000
 --------------

  mH       = 125.0000      GeV
  fact_scale 1.0
  ren_scale  1.0
  Kqq      =   0.26628152853478110            +-   -2.7157536607792061E-004
  Kgq      =   -9.2064457369817845E-002       +-   -1.5428823775369318E-004
  K_nlo    =    1.1742170711649631            +-    3.1234282410437536E-004
  Kqq2     =   -7.4090508992123202E-002       +-   -2.6471161066841551E-004
  Kgq2     =    6.7603645459517872E-002       +-   -2.3171287057680340E-004
  Kqqs     =   -2.8277289624832479E-003       +-   -5.4418519635225904E-006
  Kgg      =   -2.3735832616128246E-003       +-   -4.0779933546148502E-006
  K_nnlo   =    1.1625288954082620            +-    4.7049694448072582E-004
  sig_LO   = ( -0.13636156596927065            +-    9.1729917719348582E-005 ) fb
  sig_NLO  = ( -0.16011807861190491            +-    1.0113564406090320E-004 ) fb
  sig_NNLO = ( -0.15852426066239703            +-    1.1194011028748139E-004 ) fb

  pp ---> HHW- + X
  ===============

  PDFSET = PDF4LHC21_40                                NSET =   6
  Sqrt(S)  = 14.0 TeV
  LOOP     = 3
  alphaS(MZ) =   0.11800
          kl =   1.00000
          kv =   1.00000
         k2v =   1.00000
         kth =   1.00000
         kbh =   1.00000
        cHsq =   0.00000
       chdup =   0.00000
         cHw =  -0.60000
          cH =   0.00000
         cHb =   0.00000
        cHwb =   0.00000
      cHq1st =   0.00000
      cHq3st =   0.00000
      cHq1rd =   0.00000
      cHq3rd =   0.00000
       cHdst =   0.00000
       cHust =   0.00000
       cHdrd =   0.00000
       cHurd =   0.00000
         cth =   0.00000
         cbh =   0.00000
 --------------

  mH       = 125.0000      GeV
  fact_scale 1.0
  ren_scale  1.0
  Kqq      =   0.26600176297831862            +-   -2.7068789222442399E-004
  Kgq      =   -9.2303237654868378E-002       +-   -1.5478695257321461E-004
  K_nlo    =    1.1736985253234502            +-    3.1181875454148675E-004
  Kqq2     =   -7.3866591270139850E-002       +-   -2.6359179425990885E-004
  Kgq2     =    6.7656428617289557E-002       +-   -2.3168324107423449E-004
  Kqqs     =   -2.8243449802856199E-003       +-   -5.4282404336287191E-006
  Kgg      =   -2.3810186322691285E-003       +-   -4.0952346653586067E-006
  K_nnlo   =    1.1622829990580452            +-    4.6950498466022015E-004
  sig_LO   = ( -0.13723153509143082            +-    9.2122493906308128E-005 ) fb
  sig_NLO  = ( -0.16106845036468567            +-    1.0157585794928555E-004 ) fb
  sig_NNLO = ( -0.15950188017140760            +-    1.1241838568980900E-004 ) fb

  pp ---> HHW- + X
  ===============

  PDFSET = PDF4LHC21_40                                NSET =   7
  Sqrt(S)  = 14.0 TeV
  LOOP     = 3
  alphaS(MZ) =   0.11800
          kl =   1.00000
          kv =   1.00000
         k2v =   1.00000
         kth =   1.00000
         kbh =   1.00000
        cHsq =   0.00000
       chdup =   0.00000
         cHw =  -0.60000
          cH =   0.00000
         cHb =   0.00000
        cHwb =   0.00000
      cHq1st =   0.00000
      cHq3st =   0.00000
      cHq1rd =   0.00000
      cHq3rd =   0.00000
       cHdst =   0.00000
       cHust =   0.00000
       cHdrd =   0.00000
       cHurd =   0.00000
         cth =   0.00000
         cbh =   0.00000
 --------------

  mH       = 125.0000      GeV
  fact_scale 1.0
  ren_scale  1.0
  Kqq      =   0.26641986456354522            +-   -2.7388838627774082E-004
  Kgq      =   -9.2214784627981009E-002       +-   -1.5467256482742519E-004
  K_nlo    =    1.1742050799355641            +-    3.1454483058559237E-004
  Kqq2     =   -7.4169195655963721E-002       +-   -2.6546652793023930E-004
  Kgq2     =    6.7706415420503305E-002       +-   -2.3221198524699514E-004
  Kqqs     =   -2.8310642460233210E-003       +-   -5.4652725688295371E-006
  Kgg      =   -2.3762555045453906E-003       +-   -4.0777729457530959E-006
  K_nnlo   =    1.1625349799495348            +-    4.7263075590597674E-004
  sig_LO   = ( -0.13629366513587546            +-    9.3107306175153551E-005 ) fb
  sig_NLO  = ( -0.16003671396558164            +-    1.0250291446318301E-004 ) fb
  sig_NNLO = ( -0.15844615326598360            +-    1.1321866445792650E-004 ) fb

  pp ---> HHW- + X
  ===============

  PDFSET = PDF4LHC21_40                                NSET =   8
  Sqrt(S)  = 14.0 TeV
  LOOP     = 3
  alphaS(MZ) =   0.11800
          kl =   1.00000
          kv =   1.00000
         k2v =   1.00000
         kth =   1.00000
         kbh =   1.00000
        cHsq =   0.00000
       chdup =   0.00000
         cHw =  -0.60000
          cH =   0.00000
         cHb =   0.00000
        cHwb =   0.00000
      cHq1st =   0.00000
      cHq3st =   0.00000
      cHq1rd =   0.00000
      cHq3rd =   0.00000
       cHdst =   0.00000
       cHust =   0.00000
       cHdrd =   0.00000
       cHurd =   0.00000
         cth =   0.00000
         cbh =   0.00000
 --------------

  mH       = 125.0000      GeV
  fact_scale 1.0
  ren_scale  1.0
  Kqq      =   0.26573760876592251            +-   -2.7035585037609247E-004
  Kgq      =   -9.2040675939386821E-002       +-   -1.5534121248819135E-004
  K_nlo    =    1.1736969328265356            +-    3.1180631508980302E-004
  Kqq2     =   -7.3589037509691549E-002       +-   -2.6313176797888919E-004
  Kgq2     =    6.7330376412127302E-002       +-   -2.3201480593147307E-004
  Kqqs     =   -2.8260638070501912E-003       +-   -5.4471530062220566E-006
  Kgg      =   -2.3677567286097966E-003       +-   -4.0884466185384368E-006
  K_nnlo   =    1.1622444511933117            +-    4.6940255910318855E-004
  sig_LO   = ( -0.13757488221724443            +-    9.2176685109712282E-005 ) fb
  sig_NLO  = ( -0.16147121729235170            +-    1.0166941336243805E-004 ) fb
  sig_NNLO = ( -0.15989564348056570            +-    1.1254714386360086E-004 ) fb

  pp ---> HHW- + X
  ===============

  PDFSET = PDF4LHC21_40                                NSET =   9
  Sqrt(S)  = 14.0 TeV
  LOOP     = 3
  alphaS(MZ) =   0.11800
          kl =   1.00000
          kv =   1.00000
         k2v =   1.00000
         kth =   1.00000
         kbh =   1.00000
        cHsq =   0.00000
       chdup =   0.00000
         cHw =  -0.60000
          cH =   0.00000
         cHb =   0.00000
        cHwb =   0.00000
      cHq1st =   0.00000
      cHq3st =   0.00000
      cHq1rd =   0.00000
      cHq3rd =   0.00000
       cHdst =   0.00000
       cHust =   0.00000
       cHdrd =   0.00000
       cHurd =   0.00000
         cth =   0.00000
         cbh =   0.00000
 --------------

  mH       = 125.0000      GeV
  fact_scale 1.0
  ren_scale  1.0
  Kqq      =   0.26606161994673361            +-   -2.6920135079273378E-004
  Kgq      =   -9.2295918483652525E-002       +-   -1.5471715883709014E-004
  K_nlo    =    1.1737657014630811            +-    3.1049439046020440E-004
  Kqq2     =   -7.3910501273633814E-002       +-   -2.6220450121555754E-004
  Kgq2     =    6.7626846430536125E-002       +-   -2.3148038652024918E-004
  Kqqs     =   -2.8290556119359772E-003       +-   -5.4286949128298741E-006
  Kgg      =   -2.3747702794700738E-003       +-   -4.0796969778846705E-006
  K_nnlo   =    1.1622782207285773            +-    4.6774699460756032E-004
  sig_LO   = ( -0.13751798252679812            +-    9.1394399659437719E-005 ) fb
  sig_NLO  = ( -0.16141389122435493            +-    1.0087667470634176E-004 ) fb
  sig_NNLO = ( -0.15983415604943049            +-    1.1176074789028257E-004 ) fb

  pp ---> HHW- + X
  ===============

  PDFSET = PDF4LHC21_40                                NSET =  10
  Sqrt(S)  = 14.0 TeV
  LOOP     = 3
  alphaS(MZ) =   0.11800
          kl =   1.00000
          kv =   1.00000
         k2v =   1.00000
         kth =   1.00000
         kbh =   1.00000
        cHsq =   0.00000
       chdup =   0.00000
         cHw =  -0.60000
          cH =   0.00000
         cHb =   0.00000
        cHwb =   0.00000
      cHq1st =   0.00000
      cHq3st =   0.00000
      cHq1rd =   0.00000
      cHq3rd =   0.00000
       cHdst =   0.00000
       cHust =   0.00000
       cHdrd =   0.00000
       cHurd =   0.00000
         cth =   0.00000
         cbh =   0.00000
 --------------

  mH       = 125.0000      GeV
  fact_scale 1.0
  ren_scale  1.0
  Kqq      =   0.26591383368122440            +-   -2.6994068309853123E-004
  Kgq      =   -9.1570813394161218E-002       +-   -1.5435363156171461E-004
  K_nlo    =    1.1743430202870631            +-    3.1095500634013146E-004
  Kqq2     =   -7.3791184991635006E-002       +-   -2.6304749819410194E-004
  Kgq2     =    6.7156162611466300E-002       +-   -2.3111381143479869E-004
  Kqqs     =   -2.8165577594975915E-003       +-   -5.4258915376524188E-006
  Kgg      =   -2.3616946071719092E-003       +-   -4.0670734162061446E-006
  K_nnlo   =    1.1625297455402248            +-    4.6834450727561446E-004
  sig_LO   = ( -0.13702822651674590            +-    9.1560432964111745E-005 ) fb
  sig_NLO  = ( -0.16091814139225522            +-    1.0098956385906959E-004 ) fb
  sig_NNLO = ( -0.15929938930434093            +-    1.1181200925286169E-004 ) fb

  pp ---> HHW- + X
  ===============

  PDFSET = PDF4LHC21_40                                NSET =  11
  Sqrt(S)  = 14.0 TeV
  LOOP     = 3
  alphaS(MZ) =   0.11800
          kl =   1.00000
          kv =   1.00000
         k2v =   1.00000
         kth =   1.00000
         kbh =   1.00000
        cHsq =   0.00000
       chdup =   0.00000
         cHw =  -0.60000
          cH =   0.00000
         cHb =   0.00000
        cHwb =   0.00000
      cHq1st =   0.00000
      cHq3st =   0.00000
      cHq1rd =   0.00000
      cHq3rd =   0.00000
       cHdst =   0.00000
       cHust =   0.00000
       cHdrd =   0.00000
       cHurd =   0.00000
         cth =   0.00000
         cbh =   0.00000
 --------------

  mH       = 125.0000      GeV
  fact_scale 1.0
  ren_scale  1.0
  Kqq      =   0.26597270907005344            +-   -2.7053383167535970E-004
  Kgq      =   -9.2048239334343182E-002       +-   -1.5472951197550121E-004
  K_nlo    =    1.1739244697357103            +-    3.1165650315231452E-004
  Kqq2     =   -7.3840036893942348E-002       +-   -2.6361126424059996E-004
  Kgq2     =    6.7525125664804189E-002       +-   -2.3185174563113232E-004
  Kqqs     =   -2.8214952238853515E-003       +-   -5.4332066443502683E-006
  Kgg      =   -2.3805760095379023E-003       +-   -4.0903811168423069E-006
  K_nnlo   =    1.1624074872731489            +-    4.6949138170575668E-004
  sig_LO   = ( -0.13681499572769018            +-    9.1703603677035077E-005 ) fb
  sig_NLO  = ( -0.16061047131152215            +-    1.0113189108619277E-004 ) fb
  sig_NNLO = ( -0.15903477540511093            +-    1.1196199573293193E-004 ) fb

  pp ---> HHW- + X
  ===============

  PDFSET = PDF4LHC21_40                                NSET =  12
  Sqrt(S)  = 14.0 TeV
  LOOP     = 3
  alphaS(MZ) =   0.11800
          kl =   1.00000
          kv =   1.00000
         k2v =   1.00000
         kth =   1.00000
         kbh =   1.00000
        cHsq =   0.00000
       chdup =   0.00000
         cHw =  -0.60000
          cH =   0.00000
         cHb =   0.00000
        cHwb =   0.00000
      cHq1st =   0.00000
      cHq3st =   0.00000
      cHq1rd =   0.00000
      cHq3rd =   0.00000
       cHdst =   0.00000
       cHust =   0.00000
       cHdrd =   0.00000
       cHurd =   0.00000
         cth =   0.00000
         cbh =   0.00000
 --------------

  mH       = 125.0000      GeV
  fact_scale 1.0
  ren_scale  1.0
  Kqq      =   0.26552771921135626            +-   -2.6910651167568497E-004
  Kgq      =   -9.1448128809897930E-002       +-   -1.5387091617252146E-004
  K_nlo    =    1.1740795904014585            +-    3.0999124740874011E-004
  Kqq2     =   -7.3487175186138939E-002       +-   -2.6183521252777742E-004
  Kgq2     =    6.7036202223812527E-002       +-   -2.3036986754357833E-004
  Kqqs     =   -2.8084660590618682E-003       +-   -5.4079274677473111E-006
  Kgg      =   -2.3590044740923787E-003       +-   -4.0524849290159196E-006
  K_nnlo   =    1.1624611469059776            +-    4.6665640055091413E-004
  sig_LO   = ( -0.13863124892543749            +-    9.2477661958877404E-005 ) fb
  sig_NLO  = ( -0.16276411995522028            +-    1.0197511146555170E-004 ) fb
  sig_NNLO = ( -0.16115344062287218            +-    1.1285974864387905E-004 ) fb

  pp ---> HHW- + X
  ===============

  PDFSET = PDF4LHC21_40                                NSET =  13
  Sqrt(S)  = 14.0 TeV
  LOOP     = 3
  alphaS(MZ) =   0.11800
          kl =   1.00000
          kv =   1.00000
         k2v =   1.00000
         kth =   1.00000
         kbh =   1.00000
        cHsq =   0.00000
       chdup =   0.00000
         cHw =  -0.60000
          cH =   0.00000
         cHb =   0.00000
        cHwb =   0.00000
      cHq1st =   0.00000
      cHq3st =   0.00000
      cHq1rd =   0.00000
      cHq3rd =   0.00000
       cHdst =   0.00000
       cHust =   0.00000
       cHdrd =   0.00000
       cHurd =   0.00000
         cth =   0.00000
         cbh =   0.00000
 --------------

  mH       = 125.0000      GeV
  fact_scale 1.0
  ren_scale  1.0
  Kqq      =   0.26594306184455785            +-   -2.6946088582196012E-004
  Kgq      =   -9.1384065191932443E-002       +-   -1.5336489162613758E-004
  K_nlo    =    1.1745589966526255            +-    3.1004831715629802E-004
  Kqq2     =   -7.3793500607889029E-002       +-   -2.6249211154209351E-004
  Kgq2     =    6.7042296901372977E-002       +-   -2.2988258701439176E-004
  Kqqs     =   -2.8081599994103468E-003       +-   -5.3989629252292795E-006
  Kgg      =   -2.3634819770731444E-003       +-   -4.0581622930030026E-006
  K_nnlo   =    1.1626361509696261            +-    4.6682297382152579E-004
  sig_LO   = ( -0.13720428330662782            +-    9.1398585400291117E-005 ) fb
  sig_NLO  = ( -0.16115452533707531            +-    1.0081343842536850E-004 ) fb
  sig_NNLO = ( -0.15951865984016383            +-    1.1160698097917676E-004 ) fb

  pp ---> HHW- + X
  ===============

  PDFSET = PDF4LHC21_40                                NSET =  14
  Sqrt(S)  = 14.0 TeV
  LOOP     = 3
  alphaS(MZ) =   0.11800
          kl =   1.00000
          kv =   1.00000
         k2v =   1.00000
         kth =   1.00000
         kbh =   1.00000
        cHsq =   0.00000
       chdup =   0.00000
         cHw =  -0.60000
          cH =   0.00000
         cHb =   0.00000
        cHwb =   0.00000
      cHq1st =   0.00000
      cHq3st =   0.00000
      cHq1rd =   0.00000
      cHq3rd =   0.00000
       cHdst =   0.00000
       cHust =   0.00000
       cHdrd =   0.00000
       cHurd =   0.00000
         cth =   0.00000
         cbh =   0.00000
 --------------

  mH       = 125.0000      GeV
  fact_scale 1.0
  ren_scale  1.0
  Kqq      =   0.26622336535934321            +-   -2.7308950964674268E-004
  Kgq      =   -9.2205936746240030E-002       +-   -1.5477754934470177E-004
  K_nlo    =    1.1740174286131033            +-    3.1390121067025202E-004
  Kqq2     =   -7.4045522692771842E-002       +-   -2.6604730510452313E-004
  Kgq2     =    6.7675364770116778E-002       +-   -2.3217183491338789E-004
  Kqqs     =   -2.8284161935613031E-003       +-   -5.4597507684472401E-006
  Kgg      =   -2.3773381636969767E-003       +-   -4.0803721051634103E-006
  K_nnlo   =    1.1624415163331900            +-    4.7250963784419128E-004
  sig_LO   = ( -0.13658588013609343            +-    9.2817605512381151E-005 ) fb
  sig_NLO  = ( -0.16035420378223394            +-    1.0224151964672386E-004 ) fb
  sig_NNLO = ( -0.15877309761510378            +-    1.1304990058298347E-004 ) fb

  pp ---> HHW- + X
  ===============

  PDFSET = PDF4LHC21_40                                NSET =  15
  Sqrt(S)  = 14.0 TeV
  LOOP     = 3
  alphaS(MZ) =   0.11800
          kl =   1.00000
          kv =   1.00000
         k2v =   1.00000
         kth =   1.00000
         kbh =   1.00000
        cHsq =   0.00000
       chdup =   0.00000
         cHw =  -0.60000
          cH =   0.00000
         cHb =   0.00000
        cHwb =   0.00000
      cHq1st =   0.00000
      cHq3st =   0.00000
      cHq1rd =   0.00000
      cHq3rd =   0.00000
       cHdst =   0.00000
       cHust =   0.00000
       cHdrd =   0.00000
       cHurd =   0.00000
         cth =   0.00000
         cbh =   0.00000
 --------------

  mH       = 125.0000      GeV
  fact_scale 1.0
  ren_scale  1.0
  Kqq      =   0.26614358021813178            +-   -2.7059236419820642E-004
  Kgq      =   -9.1708059833578201E-002       +-   -1.5373252967717044E-004
  K_nlo    =    1.1744355203845536            +-    3.1121362155811381E-004
  Kqq2     =   -7.4013340480454881E-002       +-   -2.6380585890358209E-004
  Kgq2     =    6.7345024166070425E-002       +-   -2.3064037368145411E-004
  Kqqs     =   -2.8208684472452810E-003       +-   -5.4261312133426689E-006
  Kgg      =   -2.3648281158896636E-003       +-   -4.0556334262364743E-006
  K_nnlo   =    1.1625815075070343            +-    4.6870920885931687E-004
  sig_LO   = ( -0.13666822686868468            +-    9.1532003526730195E-005 ) fb
  sig_NLO  = ( -0.16050802014255794            +-    1.0093148634379504E-004 ) fb
  sig_NNLO = ( -0.15888795322130883            +-    1.1172059355750949E-004 ) fb

  pp ---> HHW- + X
  ===============

  PDFSET = PDF4LHC21_40                                NSET =  16
  Sqrt(S)  = 14.0 TeV
  LOOP     = 3
  alphaS(MZ) =   0.11800
          kl =   1.00000
          kv =   1.00000
         k2v =   1.00000
         kth =   1.00000
         kbh =   1.00000
        cHsq =   0.00000
       chdup =   0.00000
         cHw =  -0.60000
          cH =   0.00000
         cHb =   0.00000
        cHwb =   0.00000
      cHq1st =   0.00000
      cHq3st =   0.00000
      cHq1rd =   0.00000
      cHq3rd =   0.00000
       cHdst =   0.00000
       cHust =   0.00000
       cHdrd =   0.00000
       cHurd =   0.00000
         cth =   0.00000
         cbh =   0.00000
 --------------

  mH       = 125.0000      GeV
  fact_scale 1.0
  ren_scale  1.0
  Kqq      =   0.26590233626703319            +-   -2.7026617438497864E-004
  Kgq      =   -9.1371107582822547E-002       +-   -1.5375386525320176E-004
  K_nlo    =    1.1745312286842107            +-    3.1094059898474402E-004
  Kqq2     =   -7.3768322860603516E-002       +-   -2.6329684013619742E-004
  Kgq2     =    6.7017449121483663E-002       +-   -2.3035871127426562E-004
  Kqqs     =   -2.8004878454878143E-003       +-   -5.3918193433567010E-006
  Kgg      =   -2.3815726727082027E-003       +-   -4.0971146136288852E-006
  K_nnlo   =    1.1625982944268949            +-    4.6810284772326135E-004
  sig_LO   = ( -0.13711978673387459            +-    9.1787568966936249E-005 ) fb
  sig_NLO  = ( -0.16105147158945465            +-    1.0120669728377761E-004 ) fb
  sig_NNLO = ( -0.15941523018898215            +-    1.1200366642439302E-004 ) fb

  pp ---> HHW- + X
  ===============

  PDFSET = PDF4LHC21_40                                NSET =  17
  Sqrt(S)  = 14.0 TeV
  LOOP     = 3
  alphaS(MZ) =   0.11800
          kl =   1.00000
          kv =   1.00000
         k2v =   1.00000
         kth =   1.00000
         kbh =   1.00000
        cHsq =   0.00000
       chdup =   0.00000
         cHw =  -0.60000
          cH =   0.00000
         cHb =   0.00000
        cHwb =   0.00000
      cHq1st =   0.00000
      cHq3st =   0.00000
      cHq1rd =   0.00000
      cHq3rd =   0.00000
       cHdst =   0.00000
       cHust =   0.00000
       cHdrd =   0.00000
       cHurd =   0.00000
         cth =   0.00000
         cbh =   0.00000
 --------------

  mH       = 125.0000      GeV
  fact_scale 1.0
  ren_scale  1.0
  Kqq      =   0.26603836507114920            +-   -2.7001320500470201E-004
  Kgq      =   -9.1564424526852553E-002       +-   -1.5350561548554183E-004
  K_nlo    =    1.1744739405442968            +-    3.1059797948876979E-004
  Kqq2     =   -7.3862446540383181E-002       +-   -2.6309061538469150E-004
  Kgq2     =    6.7150897977407531E-002       +-   -2.3001545512529387E-004
  Kqqs     =   -2.8160715665789585E-003       +-   -5.4135525530804506E-006
  Kgg      =   -2.3514454003892376E-003       +-   -4.0367322986402865E-006
  K_nnlo   =    1.1625948750143529            +-    4.6759008556789770E-004
  sig_LO   = ( -0.13826130886172433            +-    9.2333726653009410E-005 ) fb
  sig_NLO  = ( -0.16238430424364145            +-    1.0183161101630009E-004 ) fb
  sig_NNLO = ( -0.16074188909541720            +-    1.1271685804301863E-004 ) fb

  pp ---> HHW- + X
  ===============

  PDFSET = PDF4LHC21_40                                NSET =  18
  Sqrt(S)  = 14.0 TeV
  LOOP     = 3
  alphaS(MZ) =   0.11800
          kl =   1.00000
          kv =   1.00000
         k2v =   1.00000
         kth =   1.00000
         kbh =   1.00000
        cHsq =   0.00000
       chdup =   0.00000
         cHw =  -0.60000
          cH =   0.00000
         cHb =   0.00000
        cHwb =   0.00000
      cHq1st =   0.00000
      cHq3st =   0.00000
      cHq1rd =   0.00000
      cHq3rd =   0.00000
       cHdst =   0.00000
       cHust =   0.00000
       cHdrd =   0.00000
       cHurd =   0.00000
         cth =   0.00000
         cbh =   0.00000
 --------------

  mH       = 125.0000      GeV
  fact_scale 1.0
  ren_scale  1.0
  Kqq      =   0.26618071721795306            +-   -2.7078857587095498E-004
  Kgq      =   -9.1936810387860377E-002       +-   -1.5393903349546927E-004
  K_nlo    =    1.1742439068300927            +-    3.1148624184021217E-004
  Kqq2     =   -7.4024757920991793E-002       +-   -2.6391704169718082E-004
  Kgq2     =    6.7483149646042087E-002       +-   -2.3093454537771068E-004
  Kqqs     =   -2.8288906287283278E-003       +-   -5.4394577275533936E-006
  Kgg      =   -2.3648794910546438E-003       +-   -4.0556359429352818E-006
  K_nnlo   =    1.1625085284353600            +-    4.6909773383167395E-004
  sig_LO   = ( -0.13707402045481334            +-    9.1865503020440638E-005 ) fb
  sig_NLO  = ( -0.16095833330376805            +-    1.0130289433738112E-004 ) fb
  sig_NNLO = ( -0.15934971780564347            +-    1.1213341917671021E-004 ) fb

  pp ---> HHW- + X
  ===============

  PDFSET = PDF4LHC21_40                                NSET =  19
  Sqrt(S)  = 14.0 TeV
  LOOP     = 3
  alphaS(MZ) =   0.11800
          kl =   1.00000
          kv =   1.00000
         k2v =   1.00000
         kth =   1.00000
         kbh =   1.00000
        cHsq =   0.00000
       chdup =   0.00000
         cHw =  -0.60000
          cH =   0.00000
         cHb =   0.00000
        cHwb =   0.00000
      cHq1st =   0.00000
      cHq3st =   0.00000
      cHq1rd =   0.00000
      cHq3rd =   0.00000
       cHdst =   0.00000
       cHust =   0.00000
       cHdrd =   0.00000
       cHurd =   0.00000
         cth =   0.00000
         cbh =   0.00000
 --------------

  mH       = 125.0000      GeV
  fact_scale 1.0
  ren_scale  1.0
  Kqq      =   0.26611241718174722            +-   -2.7020881534210923E-004
  Kgq      =   -9.1972864433482154E-002       +-   -1.5476069690310609E-004
  K_nlo    =    1.1741395527482652            +-    3.1138991183807024E-004
  Kqq2     =   -7.3943649452196322E-002       +-   -2.6346741465892707E-004
  Kgq2     =    6.7461708630464273E-002       +-   -2.3184332202792898E-004
  Kqqs     =   -2.8184820010026556E-003       +-   -5.4240878441450110E-006
  Kgg      =   -2.3879206676506739E-003       +-   -4.1068942490839090E-006
  K_nnlo   =    1.1624512092578798            +-    4.6922954836608528E-004
  sig_LO   = ( -0.13659428625694042            +-    9.1368823912629389E-005 ) fb
  sig_NLO  = ( -0.16038075417369249            +-    1.0078397778911866E-004 ) fb
  sig_NNLO = ( -0.15878419323709733            +-    1.1160785127084642E-004 ) fb

  pp ---> HHW- + X
  ===============

  PDFSET = PDF4LHC21_40                                NSET =  20
  Sqrt(S)  = 14.0 TeV
  LOOP     = 3
  alphaS(MZ) =   0.11800
          kl =   1.00000
          kv =   1.00000
         k2v =   1.00000
         kth =   1.00000
         kbh =   1.00000
        cHsq =   0.00000
       chdup =   0.00000
         cHw =  -0.60000
          cH =   0.00000
         cHb =   0.00000
        cHwb =   0.00000
      cHq1st =   0.00000
      cHq3st =   0.00000
      cHq1rd =   0.00000
      cHq3rd =   0.00000
       cHdst =   0.00000
       cHust =   0.00000
       cHdrd =   0.00000
       cHurd =   0.00000
         cth =   0.00000
         cbh =   0.00000
 --------------

  mH       = 125.0000      GeV
  fact_scale 1.0
  ren_scale  1.0
  Kqq      =   0.26602233414268500            +-   -2.7057519268214010E-004
  Kgq      =   -9.2168060517322375E-002       +-   -1.5486845324989455E-004
  K_nlo    =    1.1738542736253628            +-    3.1176140349150347E-004
  Kqq2     =   -7.3870011711363787E-002       +-   -2.6361825435022596E-004
  Kgq2     =    6.7578465909752153E-002       +-   -2.3199321500670602E-004
  Kqqs     =   -2.8246630779245356E-003       +-   -5.4383669642626297E-006
  Kgg      =   -2.3758218790937468E-003       +-   -4.0810436650242877E-006
  K_nnlo   =    1.1623622428667331            +-    4.6963479353156313E-004
  sig_LO   = ( -0.13739387679063220            +-    9.2042237117284341E-005 ) fb
  sig_NLO  = ( -0.16128038944064013            +-    1.0152110228747483E-004 ) fb
  sig_NNLO = ( -0.15970145478251477            +-    1.1240659204657596E-004 ) fb

  pp ---> HHW- + X
  ===============

  PDFSET = PDF4LHC21_40                                NSET =  21
  Sqrt(S)  = 14.0 TeV
  LOOP     = 3
  alphaS(MZ) =   0.11800
          kl =   1.00000
          kv =   1.00000
         k2v =   1.00000
         kth =   1.00000
         kbh =   1.00000
        cHsq =   0.00000
       chdup =   0.00000
         cHw =  -0.60000
          cH =   0.00000
         cHb =   0.00000
        cHwb =   0.00000
      cHq1st =   0.00000
      cHq3st =   0.00000
      cHq1rd =   0.00000
      cHq3rd =   0.00000
       cHdst =   0.00000
       cHust =   0.00000
       cHdrd =   0.00000
       cHurd =   0.00000
         cth =   0.00000
         cbh =   0.00000
 --------------

  mH       = 125.0000      GeV
  fact_scale 1.0
  ren_scale  1.0
  Kqq      =   0.26606897984285144            +-   -2.7047277633398891E-004
  Kgq      =   -9.2422079096508569E-002       +-   -1.5516732416806940E-004
  K_nlo    =    1.1736469007463430            +-    3.1182113659483494E-004
  Kqq2     =   -7.3957943210132077E-002       +-   -2.6360557937510706E-004
  Kgq2     =    6.7803567008768231E-002       +-   -2.3259743890977571E-004
  Kqqs     =   -2.8343112898715985E-003       +-   -5.4530786658326083E-006
  Kgg      =   -2.3885573740606357E-003       +-   -4.1036828293011004E-006
  K_nnlo   =    1.1622696558810468            +-    4.6996645366671302E-004
  sig_LO   = ( -0.13633244098473940            +-    9.1289729518555536E-005 ) fb
  sig_NLO  = ( -0.16000614683292308            +-    1.0070267356835012E-004 ) fb
  sig_NNLO = ( -0.15845505926875614            +-    1.1153023850193945E-004 ) fb

  pp ---> HHW- + X
  ===============

  PDFSET = PDF4LHC21_40                                NSET =  22
  Sqrt(S)  = 14.0 TeV
  LOOP     = 3
  alphaS(MZ) =   0.11800
          kl =   1.00000
          kv =   1.00000
         k2v =   1.00000
         kth =   1.00000
         kbh =   1.00000
        cHsq =   0.00000
       chdup =   0.00000
         cHw =  -0.60000
          cH =   0.00000
         cHb =   0.00000
        cHwb =   0.00000
      cHq1st =   0.00000
      cHq3st =   0.00000
      cHq1rd =   0.00000
      cHq3rd =   0.00000
       cHdst =   0.00000
       cHust =   0.00000
       cHdrd =   0.00000
       cHurd =   0.00000
         cth =   0.00000
         cbh =   0.00000
 --------------

  mH       = 125.0000      GeV
  fact_scale 1.0
  ren_scale  1.0
  Kqq      =   0.26598429044958111            +-   -2.7024701744611128E-004
  Kgq      =   -9.2070033109825131E-002       +-   -1.5486834864523270E-004
  K_nlo    =    1.1739142573397559            +-    3.1147657351817028E-004
  Kqq2     =   -7.3845789024164499E-002       +-   -2.6334355718534292E-004
  Kgq2     =    6.7489931571789355E-002       +-   -2.3186763761984261E-004
  Kqqs     =   -2.8167737558912418E-003       +-   -5.4204882288017837E-006
  Kgg      =   -2.3908529616610218E-003       +-   -4.1206617762494305E-006
  K_nnlo   =    1.1623507731698286            +-    4.6922963235836840E-004
  sig_LO   = ( -0.13674337841767067            +-    9.1499126751537420E-005 ) fb
  sig_NLO  = ( -0.16052500152130908            +-    1.0092670230490293E-004 ) fb
  sig_NNLO = ( -0.15894377162963394            +-    1.1175470858294281E-004 ) fb

  pp ---> HHW- + X
  ===============

  PDFSET = PDF4LHC21_40                                NSET =  23
  Sqrt(S)  = 14.0 TeV
  LOOP     = 3
  alphaS(MZ) =   0.11800
          kl =   1.00000
          kv =   1.00000
         k2v =   1.00000
         kth =   1.00000
         kbh =   1.00000
        cHsq =   0.00000
       chdup =   0.00000
         cHw =  -0.60000
          cH =   0.00000
         cHb =   0.00000
        cHwb =   0.00000
      cHq1st =   0.00000
      cHq3st =   0.00000
      cHq1rd =   0.00000
      cHq3rd =   0.00000
       cHdst =   0.00000
       cHust =   0.00000
       cHdrd =   0.00000
       cHurd =   0.00000
         cth =   0.00000
         cbh =   0.00000
 --------------

  mH       = 125.0000      GeV
  fact_scale 1.0
  ren_scale  1.0
  Kqq      =   0.26618196966534496            +-   -2.6989083432162335E-004
  Kgq      =   -9.2279115573609696E-002       +-   -1.5499210954226551E-004
  K_nlo    =    1.1739028540917351            +-    3.1122920247172108E-004
  Kqq2     =   -7.3999973765663765E-002       +-   -2.6321186005738719E-004
  Kgq2     =    6.7673401897085414E-002       +-   -2.3223219569626439E-004
  Kqqs     =   -2.8301438012064200E-003       +-   -5.4443571663879578E-006
  Kgg      =   -2.3805507575823397E-003       +-   -4.0895831608413439E-006
  K_nnlo   =    1.1623655876643681            +-    4.6917188553806784E-004
  sig_LO   = ( -0.13685382332937499            +-    9.1338071960558740E-005 ) fb
  sig_NLO  = ( -0.16065309379971940            +-    1.0078094589604496E-004 ) fb
  sig_NNLO = ( -0.15907417477836455            +-    1.1164813625981035E-004 ) fb

  pp ---> HHW- + X
  ===============

  PDFSET = PDF4LHC21_40                                NSET =  24
  Sqrt(S)  = 14.0 TeV
  LOOP     = 3
  alphaS(MZ) =   0.11800
          kl =   1.00000
          kv =   1.00000
         k2v =   1.00000
         kth =   1.00000
         kbh =   1.00000
        cHsq =   0.00000
       chdup =   0.00000
         cHw =  -0.60000
          cH =   0.00000
         cHb =   0.00000
        cHwb =   0.00000
      cHq1st =   0.00000
      cHq3st =   0.00000
      cHq1rd =   0.00000
      cHq3rd =   0.00000
       cHdst =   0.00000
       cHust =   0.00000
       cHdrd =   0.00000
       cHurd =   0.00000
         cth =   0.00000
         cbh =   0.00000
 --------------

  mH       = 125.0000      GeV
  fact_scale 1.0
  ren_scale  1.0
  Kqq      =   0.26579491534066857            +-   -2.6807746232516386E-004
  Kgq      =   -9.1924482030551577E-002       +-   -1.5467556100968264E-004
  K_nlo    =    1.1738704333101171            +-    3.0949968494387795E-004
  Kqq2     =   -7.3691272458131910E-002       +-   -2.6100583505217354E-004
  Kgq2     =    6.7357829367294494E-002       +-   -2.3138857769908536E-004
  Kqqs     =   -2.8165015207588240E-003       +-   -5.4088846598602072E-006
  Kgg      =   -2.3679090546533002E-003       +-   -4.0684032364959176E-006
  K_nnlo   =    1.1623525796438674            +-    4.6636957741624422E-004
  sig_LO   = ( -0.13769544398576009            +-    9.1059585817045084E-005 ) fb
  sig_NLO  = ( -0.16163661049639311            +-    1.0053870395253433E-004 ) fb
  sig_NNLO = ( -0.16005065452205589            +-    1.1142561148349712E-004 ) fb

  pp ---> HHW- + X
  ===============

  PDFSET = PDF4LHC21_40                                NSET =  25
  Sqrt(S)  = 14.0 TeV
  LOOP     = 3
  alphaS(MZ) =   0.11800
          kl =   1.00000
          kv =   1.00000
         k2v =   1.00000
         kth =   1.00000
         kbh =   1.00000
        cHsq =   0.00000
       chdup =   0.00000
         cHw =  -0.60000
          cH =   0.00000
         cHb =   0.00000
        cHwb =   0.00000
      cHq1st =   0.00000
      cHq3st =   0.00000
      cHq1rd =   0.00000
      cHq3rd =   0.00000
       cHdst =   0.00000
       cHust =   0.00000
       cHdrd =   0.00000
       cHurd =   0.00000
         cth =   0.00000
         cbh =   0.00000
 --------------

  mH       = 125.0000      GeV
  fact_scale 1.0
  ren_scale  1.0
  Kqq      =   0.26586607779817911            +-   -2.7032258929581742E-004
  Kgq      =   -9.2146410562658848E-002       +-   -1.5521339388944468E-004
  K_nlo    =    1.1737196672355203            +-    3.1171381093284125E-004
  Kqq2     =   -7.3759669350307450E-002       +-   -2.6334253646780433E-004
  Kgq2     =    6.7560736753222994E-002       +-   -2.3249038914468102E-004
  Kqqs     =   -2.8209201434302540E-003       +-   -5.4353713925499548E-006
  Kgg      =   -2.3831154019457942E-003       +-   -4.0978535928745865E-006
  K_nnlo   =    1.1623166990930598            +-    4.6969448384078427E-004
  sig_LO   = ( -0.13723612134441707            +-    9.1882943191182463E-005 ) fb
  sig_NLO  = ( -0.16107673467706268            +-    1.0135317595106874E-004 ) fb
  sig_NNLO = ( -0.15951183555737744            +-    1.1223833690213717E-004 ) fb

  pp ---> HHW- + X
  ===============

  PDFSET = PDF4LHC21_40                                NSET =  26
  Sqrt(S)  = 14.0 TeV
  LOOP     = 3
  alphaS(MZ) =   0.11800
          kl =   1.00000
          kv =   1.00000
         k2v =   1.00000
         kth =   1.00000
         kbh =   1.00000
        cHsq =   0.00000
       chdup =   0.00000
         cHw =  -0.60000
          cH =   0.00000
         cHb =   0.00000
        cHwb =   0.00000
      cHq1st =   0.00000
      cHq3st =   0.00000
      cHq1rd =   0.00000
      cHq3rd =   0.00000
       cHdst =   0.00000
       cHust =   0.00000
       cHdrd =   0.00000
       cHurd =   0.00000
         cth =   0.00000
         cbh =   0.00000
 --------------

  mH       = 125.0000      GeV
  fact_scale 1.0
  ren_scale  1.0
  Kqq      =   0.26599128126039134            +-   -2.6832663706114759E-004
  Kgq      =   -9.2225380352201000E-002       +-   -1.5340847694219083E-004
  K_nlo    =    1.1737659009081902            +-    3.0908468896771241E-004
  Kqq2     =   -7.3860079283981528E-002       +-   -2.6048161503792571E-004
  Kgq2     =    6.7574554265591572E-002       +-   -2.2969435867350514E-004
  Kqqs     =   -2.8307949206182736E-003       +-   -5.4009040115131602E-006
  Kgg      =   -2.3707283453547738E-003       +-   -4.0702279283476114E-006
  K_nnlo   =    1.1622788526238275            +-    4.6496155932829192E-004
  sig_LO   = ( -0.13735215002230286            +-    9.0625499286968046E-005 ) fb
  sig_NLO  = ( -0.16121927011260526            +-    1.0007635208466017E-004 ) fb
  sig_NNLO = ( -0.15964149933333802            +-    1.1086714527974924E-004 ) fb

  pp ---> HHW- + X
  ===============

  PDFSET = PDF4LHC21_40                                NSET =  27
  Sqrt(S)  = 14.0 TeV
  LOOP     = 3
  alphaS(MZ) =   0.11800
          kl =   1.00000
          kv =   1.00000
         k2v =   1.00000
         kth =   1.00000
         kbh =   1.00000
        cHsq =   0.00000
       chdup =   0.00000
         cHw =  -0.60000
          cH =   0.00000
         cHb =   0.00000
        cHwb =   0.00000
      cHq1st =   0.00000
      cHq3st =   0.00000
      cHq1rd =   0.00000
      cHq3rd =   0.00000
       cHdst =   0.00000
       cHust =   0.00000
       cHdrd =   0.00000
       cHurd =   0.00000
         cth =   0.00000
         cbh =   0.00000
 --------------

  mH       = 125.0000      GeV
  fact_scale 1.0
  ren_scale  1.0
  Kqq      =   0.26602160126161994            +-   -2.6952463330317020E-004
  Kgq      =   -9.1958799487479134E-002       +-   -1.5438595448163397E-004
  K_nlo    =    1.1740628017741408            +-    3.1060996587104785E-004
  Kqq2     =   -7.3900415443322209E-002       +-   -2.6275006866788709E-004
  Kgq2     =    6.7496000872501280E-002       +-   -2.3150456736898122E-004
  Kqqs     =   -2.8229334147395271E-003       +-   -5.4243479108935395E-006
  Kgg      =   -2.3815312451432777E-003       +-   -4.0914934131334113E-006
  K_nnlo   =    1.1624539225434369            +-    4.6814172860865566E-004
  sig_LO   = ( -0.13677464045854162            +-    9.1161089977849787E-005 ) fb
  sig_NLO  = ( -0.16058201758840612            +-    1.0057433937354564E-004 ) fb
  sig_NNLO = ( -0.15899421730550001            +-    1.1140096295614693E-004 ) fb

  pp ---> HHW- + X
  ===============

  PDFSET = PDF4LHC21_40                                NSET =  28
  Sqrt(S)  = 14.0 TeV
  LOOP     = 3
  alphaS(MZ) =   0.11800
          kl =   1.00000
          kv =   1.00000
         k2v =   1.00000
         kth =   1.00000
         kbh =   1.00000
        cHsq =   0.00000
       chdup =   0.00000
         cHw =  -0.60000
          cH =   0.00000
         cHb =   0.00000
        cHwb =   0.00000
      cHq1st =   0.00000
      cHq3st =   0.00000
      cHq1rd =   0.00000
      cHq3rd =   0.00000
       cHdst =   0.00000
       cHust =   0.00000
       cHdrd =   0.00000
       cHurd =   0.00000
         cth =   0.00000
         cbh =   0.00000
 --------------

  mH       = 125.0000      GeV
  fact_scale 1.0
  ren_scale  1.0
  Kqq      =   0.26609201406377009            +-   -2.7053298555516740E-004
  Kgq      =   -9.2342454470646304E-002       +-   -1.5507342320916336E-004
  K_nlo    =    1.1737495595931238            +-    3.1182665514545207E-004
  Kqq2     =   -7.3947973576683174E-002       +-   -2.6370775965402731E-004
  Kgq2     =    6.7734487325730064E-002       +-   -2.3247691932288926E-004
  Kqqs     =   -2.8357416614063951E-003       +-   -5.4603640497582671E-006
  Kgg      =   -2.3684863394701273E-003       +-   -4.0650905941086174E-006
  K_nnlo   =    1.1623318453412941            +-    4.6996755623755808E-004
  sig_LO   = ( -0.13704581437432176            +-    9.1777546427255019E-005 ) fb
  sig_NLO  = ( -0.16085746426594116            +-    1.0123911673639320E-004 ) fb
  sig_NNLO = ( -0.15929271431800585            +-    1.1212221375038643E-004 ) fb

  pp ---> HHW- + X
  ===============

  PDFSET = PDF4LHC21_40                                NSET =  29
  Sqrt(S)  = 14.0 TeV
  LOOP     = 3
  alphaS(MZ) =   0.11800
          kl =   1.00000
          kv =   1.00000
         k2v =   1.00000
         kth =   1.00000
         kbh =   1.00000
        cHsq =   0.00000
       chdup =   0.00000
         cHw =  -0.60000
          cH =   0.00000
         cHb =   0.00000
        cHwb =   0.00000
      cHq1st =   0.00000
      cHq3st =   0.00000
      cHq1rd =   0.00000
      cHq3rd =   0.00000
       cHdst =   0.00000
       cHust =   0.00000
       cHdrd =   0.00000
       cHurd =   0.00000
         cth =   0.00000
         cbh =   0.00000
 --------------

  mH       = 125.0000      GeV
  fact_scale 1.0
  ren_scale  1.0
  Kqq      =   0.26610444665328042            +-   -2.7068346693293841E-004
  Kgq      =   -9.2336995497948604E-002       +-   -1.5498383011498281E-004
  K_nlo    =    1.1737674511553320            +-    3.1191269109791768E-004
  Kqq2     =   -7.3973728511552886E-002       +-   -2.6385409912920864E-004
  Kgq2     =    6.7772164612382016E-002       +-   -2.3254973372541270E-004
  Kqqs     =   -2.8391291007949090E-003       +-   -5.4635378315809579E-006
  Kgg      =   -2.3728073336567318E-003       +-   -4.0735477100714927E-006
  K_nnlo   =    1.1623539508217096            +-    4.7014288805380746E-004
  sig_LO   = ( -0.13705250939630259            +-    9.1838823731406379E-005 ) fb
  sig_NLO  = ( -0.16086777462854027            +-    1.0130052666559728E-004 ) fb
  sig_NNLO = ( -0.15930352576682175            +-    1.1218798393291362E-004 ) fb

  pp ---> HHW- + X
  ===============

  PDFSET = PDF4LHC21_40                                NSET =  30
  Sqrt(S)  = 14.0 TeV
  LOOP     = 3
  alphaS(MZ) =   0.11800
          kl =   1.00000
          kv =   1.00000
         k2v =   1.00000
         kth =   1.00000
         kbh =   1.00000
        cHsq =   0.00000
       chdup =   0.00000
         cHw =  -0.60000
          cH =   0.00000
         cHb =   0.00000
        cHwb =   0.00000
      cHq1st =   0.00000
      cHq3st =   0.00000
      cHq1rd =   0.00000
      cHq3rd =   0.00000
       cHdst =   0.00000
       cHust =   0.00000
       cHdrd =   0.00000
       cHurd =   0.00000
         cth =   0.00000
         cbh =   0.00000
 --------------

  mH       = 125.0000      GeV
  fact_scale 1.0
  ren_scale  1.0
  Kqq      =   0.26619250084064583            +-   -2.7095559678528430E-004
  Kgq      =   -9.2216302327526783E-002       +-   -1.5460033552979743E-004
  K_nlo    =    1.1739761985131190            +-    3.1195864978422299E-004
  Kqq2     =   -7.4022968535016387E-002       +-   -2.6413602540455850E-004
  Kgq2     =    6.7694089919742337E-002       +-   -2.3199745377323804E-004
  Kqqs     =   -2.8265755922372423E-003       +-   -5.4388528884000951E-006
  Kgg      =   -2.3810958801965248E-003       +-   -4.0802084704760223E-006
  K_nnlo   =    1.1624396484254111            +-    4.7005859940105660E-004
  sig_LO   = ( -0.13680444018530880            +-    9.1816891219951167E-005 ) fb
  sig_NLO  = ( -0.16060515662846420            +-    1.0125065864710587E-004 ) fb
  sig_NNLO = ( -0.15902690535204556            +-    1.1209646054395233E-004 ) fb

  pp ---> HHW- + X
  ===============

  PDFSET = PDF4LHC21_40                                NSET =  31
  Sqrt(S)  = 14.0 TeV
  LOOP     = 3
  alphaS(MZ) =   0.11800
          kl =   1.00000
          kv =   1.00000
         k2v =   1.00000
         kth =   1.00000
         kbh =   1.00000
        cHsq =   0.00000
       chdup =   0.00000
         cHw =  -0.60000
          cH =   0.00000
         cHb =   0.00000
        cHwb =   0.00000
      cHq1st =   0.00000
      cHq3st =   0.00000
      cHq1rd =   0.00000
      cHq3rd =   0.00000
       cHdst =   0.00000
       cHust =   0.00000
       cHdrd =   0.00000
       cHurd =   0.00000
         cth =   0.00000
         cbh =   0.00000
 --------------

  mH       = 125.0000      GeV
  fact_scale 1.0
  ren_scale  1.0
  Kqq      =   0.26600560433682130            +-   -2.7050941394072793E-004
  Kgq      =   -9.1715740147445088E-002       +-   -1.5426073717754205E-004
  K_nlo    =    1.1742898641893762            +-    3.1140282282778812E-004
  Kqq2     =   -7.3876307913018247E-002       +-   -2.6366799544712700E-004
  Kgq2     =    6.7347416345626243E-002       +-   -2.3160406455986348E-004
  Kqqs     =   -2.8173569898601739E-003       +-   -5.4284646426829763E-006
  Kgg      =   -2.3724255423478347E-003       +-   -4.0725944757747499E-006
  K_nnlo   =    1.1625711900897762            +-    4.6923238045025342E-004
  sig_LO   = ( -0.13673324568412179            +-    9.1590442468071374E-005 ) fb
  sig_NLO  = ( -0.16056446450457998            +-    1.0100391328607111E-004 ) fb
  sig_NNLO = ( -0.15896213215982721            +-    1.1182697321666933E-004 ) fb

  pp ---> HHW- + X
  ===============

  PDFSET = PDF4LHC21_40                                NSET =  32
  Sqrt(S)  = 14.0 TeV
  LOOP     = 3
  alphaS(MZ) =   0.11800
          kl =   1.00000
          kv =   1.00000
         k2v =   1.00000
         kth =   1.00000
         kbh =   1.00000
        cHsq =   0.00000
       chdup =   0.00000
         cHw =  -0.60000
          cH =   0.00000
         cHb =   0.00000
        cHwb =   0.00000
      cHq1st =   0.00000
      cHq3st =   0.00000
      cHq1rd =   0.00000
      cHq3rd =   0.00000
       cHdst =   0.00000
       cHust =   0.00000
       cHdrd =   0.00000
       cHurd =   0.00000
         cth =   0.00000
         cbh =   0.00000
 --------------

  mH       = 125.0000      GeV
  fact_scale 1.0
  ren_scale  1.0
  Kqq      =   0.26596358678276594            +-   -2.7029929806798950E-004
  Kgq      =   -9.2010881564885308E-002       +-   -1.5482069964757819E-004
  K_nlo    =    1.1739527052178806            +-    3.1149824971484744E-004
  Kqq2     =   -7.3831218149162325E-002       +-   -2.6328890972486730E-004
  Kgq2     =    6.7459164954313047E-002       +-   -2.3191047773000466E-004
  Kqqs     =   -2.8238646384423798E-003       +-   -5.4428696141302128E-006
  Kgg      =   -2.3708137747276807E-003       +-   -4.0729416225635149E-006
  K_nnlo   =    1.1623859736098614            +-    4.6923436886440767E-004
  sig_LO   = ( -0.13740500739682882            +-    9.1984116407325571E-005 ) fb
  sig_NLO  = ( -0.16130698014399009            +-    1.0145461628658805E-004 ) fb
  sig_NNLO = ( -0.15971765330183307            +-    1.1233041835115028E-004 ) fb

  pp ---> HHW- + X
  ===============

  PDFSET = PDF4LHC21_40                                NSET =  33
  Sqrt(S)  = 14.0 TeV
  LOOP     = 3
  alphaS(MZ) =   0.11800
          kl =   1.00000
          kv =   1.00000
         k2v =   1.00000
         kth =   1.00000
         kbh =   1.00000
        cHsq =   0.00000
       chdup =   0.00000
         cHw =  -0.60000
          cH =   0.00000
         cHb =   0.00000
        cHwb =   0.00000
      cHq1st =   0.00000
      cHq3st =   0.00000
      cHq1rd =   0.00000
      cHq3rd =   0.00000
       cHdst =   0.00000
       cHust =   0.00000
       cHdrd =   0.00000
       cHurd =   0.00000
         cth =   0.00000
         cbh =   0.00000
 --------------

  mH       = 125.0000      GeV
  fact_scale 1.0
  ren_scale  1.0
  Kqq      =   0.26605466006056316            +-   -2.7065398769153022E-004
  Kgq      =   -9.2057110915748960E-002       +-   -1.5459316241652697E-004
  K_nlo    =    1.1739975491448142            +-    3.1169316148942002E-004
  Kqq2     =   -7.3903795870308556E-002       +-   -2.6375806223916294E-004
  Kgq2     =    6.7527794411717010E-002       +-   -2.3167896185264929E-004
  Kqqs     =   -2.8234648295228991E-003       +-   -5.4335386413503130E-006
  Kgg      =   -2.3761189283571489E-003       +-   -4.0828228142650680E-006
  K_nnlo   =    1.1624219639283426            +-    4.6951280756210356E-004
  sig_LO   = ( -0.13687216863108517            +-    9.1757582804098759E-005 ) fb
  sig_NLO  = ( -0.16068759051902970            +-    1.0119046593555128E-004 ) fb
  sig_NNLO = ( -0.15910321506727729            +-    1.1202329010180386E-004 ) fb

  pp ---> HHW- + X
  ===============

  PDFSET = PDF4LHC21_40                                NSET =  34
  Sqrt(S)  = 14.0 TeV
  LOOP     = 3
  alphaS(MZ) =   0.11800
          kl =   1.00000
          kv =   1.00000
         k2v =   1.00000
         kth =   1.00000
         kbh =   1.00000
        cHsq =   0.00000
       chdup =   0.00000
         cHw =  -0.60000
          cH =   0.00000
         cHb =   0.00000
        cHwb =   0.00000
      cHq1st =   0.00000
      cHq3st =   0.00000
      cHq1rd =   0.00000
      cHq3rd =   0.00000
       cHdst =   0.00000
       cHust =   0.00000
       cHdrd =   0.00000
       cHurd =   0.00000
         cth =   0.00000
         cbh =   0.00000
 --------------

  mH       = 125.0000      GeV
  fact_scale 1.0
  ren_scale  1.0
  Kqq      =   0.26576937495283837            +-   -2.6869439124648263E-004
  Kgq      =   -9.1961944494109327E-002       +-   -1.5395059645654147E-004
  K_nlo    =    1.1738074304587289            +-    3.0967315356136827E-004
  Kqq2     =   -7.3679826413111868E-002       +-   -2.6167500102029805E-004
  Kgq2     =    6.7387421708644937E-002       +-   -2.3037755106235713E-004
  Kqqs     =   -2.8181757535701698E-003       +-   -5.4043120568117064E-006
  Kgg      =   -2.3753727164869515E-003       +-   -4.0832513272757165E-006
  K_nnlo   =    1.1623214772842050            +-    4.6635926468690831E-004
  sig_LO   = ( -0.13781747900938468            +-    9.1500660698822612E-005 ) fb
  sig_NLO  = ( -0.16177118090830567            +-    1.0096442175009182E-004 ) fb
  sig_NNLO = ( -0.16018821579777293            +-    1.1181824443161956E-004 ) fb

  pp ---> HHW- + X
  ===============

  PDFSET = PDF4LHC21_40                                NSET =  35
  Sqrt(S)  = 14.0 TeV
  LOOP     = 3
  alphaS(MZ) =   0.11800
          kl =   1.00000
          kv =   1.00000
         k2v =   1.00000
         kth =   1.00000
         kbh =   1.00000
        cHsq =   0.00000
       chdup =   0.00000
         cHw =  -0.60000
          cH =   0.00000
         cHb =   0.00000
        cHwb =   0.00000
      cHq1st =   0.00000
      cHq3st =   0.00000
      cHq1rd =   0.00000
      cHq3rd =   0.00000
       cHdst =   0.00000
       cHust =   0.00000
       cHdrd =   0.00000
       cHurd =   0.00000
         cth =   0.00000
         cbh =   0.00000
 --------------

  mH       = 125.0000      GeV
  fact_scale 1.0
  ren_scale  1.0
  Kqq      =   0.26600208632417605            +-   -2.7060828927321604E-004
  Kgq      =   -9.2009176117661767E-002       +-   -1.5467193839585036E-004
  K_nlo    =    1.1739929102065143            +-    3.1169256447741308E-004
  Kqq2     =   -7.3867878151830019E-002       +-   -2.6369305738741243E-004
  Kgq2     =    6.7495888025789000E-002       +-   -2.3189643734774408E-004
  Kqqs     =   -2.8203878979587908E-003       +-   -5.4295693421095599E-006
  Kgg      =   -2.3795129440465938E-003       +-   -4.0870492715893839E-006
  K_nnlo   =    1.1624210192384679            +-    4.6958324620283555E-004
  sig_LO   = ( -0.13694967137424333            +-    9.1785902110428746E-005 ) fb
  sig_NLO  = ( -0.16077794324847369            +-    1.0122629602976825E-004 ) fb
  sig_NNLO = ( -0.15919317658322116            +-    1.1207289679031931E-004 ) fb

  pp ---> HHW- + X
  ===============

  PDFSET = PDF4LHC21_40                                NSET =  36
  Sqrt(S)  = 14.0 TeV
  LOOP     = 3
  alphaS(MZ) =   0.11800
          kl =   1.00000
          kv =   1.00000
         k2v =   1.00000
         kth =   1.00000
         kbh =   1.00000
        cHsq =   0.00000
       chdup =   0.00000
         cHw =  -0.60000
          cH =   0.00000
         cHb =   0.00000
        cHwb =   0.00000
      cHq1st =   0.00000
      cHq3st =   0.00000
      cHq1rd =   0.00000
      cHq3rd =   0.00000
       cHdst =   0.00000
       cHust =   0.00000
       cHdrd =   0.00000
       cHurd =   0.00000
         cth =   0.00000
         cbh =   0.00000
 --------------

  mH       = 125.0000      GeV
  fact_scale 1.0
  ren_scale  1.0
  Kqq      =   0.26597602727528241            +-   -2.7021876179671275E-004
  Kgq      =   -9.2101586893701376E-002       +-   -1.5479592413590509E-004
  K_nlo    =    1.1738744403815811            +-    3.1141605185994745E-004
  Kqq2     =   -7.3835766948434897E-002       +-   -2.6329994851241351E-004
  Kgq2     =    6.7540966108338915E-002       +-   -2.3200852599979176E-004
  Kqqs     =   -2.8161241104361829E-003       +-   -5.4184203924027463E-006
  Kgg      =   -2.3896806417439942E-003       +-   -4.1095595018241334E-006
  K_nnlo   =    1.1623738347893049            +-    4.6923450868208849E-004
  sig_LO   = ( -0.13694510266116125            +-    9.1599684370664185E-005 ) fb
  sig_NLO  = ( -0.16075635574936883            +-    1.0104088543108774E-004 ) fb
  sig_NNLO = ( -0.15918140413586904            +-    1.1189177158258896E-004 ) fb

  pp ---> HHW- + X
  ===============

  PDFSET = PDF4LHC21_40                                NSET =  37
  Sqrt(S)  = 14.0 TeV
  LOOP     = 3
  alphaS(MZ) =   0.11800
          kl =   1.00000
          kv =   1.00000
         k2v =   1.00000
         kth =   1.00000
         kbh =   1.00000
        cHsq =   0.00000
       chdup =   0.00000
         cHw =  -0.60000
          cH =   0.00000
         cHb =   0.00000
        cHwb =   0.00000
      cHq1st =   0.00000
      cHq3st =   0.00000
      cHq1rd =   0.00000
      cHq3rd =   0.00000
       cHdst =   0.00000
       cHust =   0.00000
       cHdrd =   0.00000
       cHurd =   0.00000
         cth =   0.00000
         cbh =   0.00000
 --------------

  mH       = 125.0000      GeV
  fact_scale 1.0
  ren_scale  1.0
  Kqq      =   0.26577804185245446            +-   -2.6953526232217776E-004
  Kgq      =   -9.1422612464213612E-002       +-   -1.5359832600454575E-004
  K_nlo    =    1.1743554293882408            +-    3.1022846965822449E-004
  Kqq2     =   -7.3639812838199759E-002       +-   -2.6249781912089285E-004
  Kgq2     =    6.7048151091298080E-002       +-   -2.3018777997145065E-004
  Kqqs     =   -2.8062026020321388E-003       +-   -5.3983905200935702E-006
  Kgg      =   -2.3609337590845950E-003       +-   -4.0551224375057950E-006
  K_nnlo   =    1.1625966312802223            +-    4.6709614547337517E-004
  sig_LO   = ( -0.13792872677258428            +-    9.1994268887307819E-005 ) fb
  sig_NLO  = ( -0.16197734915399156            +-    1.0145875904138543E-004 ) fb
  sig_NNLO = ( -0.16035547310257670            +-    1.1231051585787911E-004 ) fb

  pp ---> HHW- + X
  ===============

  PDFSET = PDF4LHC21_40                                NSET =  38
  Sqrt(S)  = 14.0 TeV
  LOOP     = 3
  alphaS(MZ) =   0.11800
          kl =   1.00000
          kv =   1.00000
         k2v =   1.00000
         kth =   1.00000
         kbh =   1.00000
        cHsq =   0.00000
       chdup =   0.00000
         cHw =  -0.60000
          cH =   0.00000
         cHb =   0.00000
        cHwb =   0.00000
      cHq1st =   0.00000
      cHq3st =   0.00000
      cHq1rd =   0.00000
      cHq3rd =   0.00000
       cHdst =   0.00000
       cHust =   0.00000
       cHdrd =   0.00000
       cHurd =   0.00000
         cth =   0.00000
         cbh =   0.00000
 --------------

  mH       = 125.0000      GeV
  fact_scale 1.0
  ren_scale  1.0
  Kqq      =   0.26597037208738877            +-   -2.7028158102508453E-004
  Kgq      =   -9.2108330813038958E-002       +-   -1.5468228750201800E-004
  K_nlo    =    1.1738620412743497            +-    3.1141410229512130E-004
  Kqq2     =   -7.3830346891524748E-002       +-   -2.6335557684642219E-004
  Kgq2     =    6.7546640929068175E-002       +-   -2.3181330756244560E-004
  Kqqs     =   -2.8239256977190025E-003       +-   -5.4353874274820785E-006
  Kgg      =   -2.3721957406029649E-003       +-   -4.0738383188902428E-006
  K_nnlo   =    1.1623822138735713            +-    4.6916782937725425E-004
  sig_LO   = ( -0.13726069181261988            +-    9.1840820076184737E-005 ) fb
  sig_NLO  = ( -0.16112511587789141            +-    1.0130085883637742E-004 ) fb
  sig_NNLO = ( -0.15954938682697109            +-    1.1216896800318957E-004 ) fb

  pp ---> HHW- + X
  ===============

  PDFSET = PDF4LHC21_40                                NSET =  39
  Sqrt(S)  = 14.0 TeV
  LOOP     = 3
  alphaS(MZ) =   0.11800
          kl =   1.00000
          kv =   1.00000
         k2v =   1.00000
         kth =   1.00000
         kbh =   1.00000
        cHsq =   0.00000
       chdup =   0.00000
         cHw =  -0.60000
          cH =   0.00000
         cHb =   0.00000
        cHwb =   0.00000
      cHq1st =   0.00000
      cHq3st =   0.00000
      cHq1rd =   0.00000
      cHq3rd =   0.00000
       cHdst =   0.00000
       cHust =   0.00000
       cHdrd =   0.00000
       cHurd =   0.00000
         cth =   0.00000
         cbh =   0.00000
 --------------

  mH       = 125.0000      GeV
  fact_scale 1.0
  ren_scale  1.0
  Kqq      =   0.26592038639166077            +-   -2.7022444596851522E-004
  Kgq      =   -9.1888890140760335E-002       +-   -1.5465533282560132E-004
  K_nlo    =    1.1740314962509004            +-    3.1135112521137373E-004
  Kqq2     =   -7.3755121997639353E-002       +-   -2.6321354304529454E-004
  Kgq2     =    6.7294651451968182E-002       +-   -2.3145800594273597E-004
  Kqqs     =   -2.8079545930430132E-003       +-   -5.4118312722302976E-006
  Kgg      =   -2.3805162798003288E-003       +-   -4.0919877346802451E-006
  K_nnlo   =    1.1623825548323858            +-    4.6887069988342533E-004
  sig_LO   = ( -0.13720441254073520            +-    9.1796544811772654E-005 ) fb
  sig_NLO  = ( -0.16108230174742516            +-    1.0124967698512306E-004 ) fb
  sig_NNLO = ( -0.15948401558337644            +-    1.1209415591118132E-004 ) fb

  pp ---> HHW- + X
  ===============

  PDFSET = PDF4LHC21_40                                NSET =  40
  Sqrt(S)  = 14.0 TeV
  LOOP     = 3
  alphaS(MZ) =   0.11800
          kl =   1.00000
          kv =   1.00000
         k2v =   1.00000
         kth =   1.00000
         kbh =   1.00000
        cHsq =   0.00000
       chdup =   0.00000
         cHw =  -0.60000
          cH =   0.00000
         cHb =   0.00000
        cHwb =   0.00000
      cHq1st =   0.00000
      cHq3st =   0.00000
      cHq1rd =   0.00000
      cHq3rd =   0.00000
       cHdst =   0.00000
       cHust =   0.00000
       cHdrd =   0.00000
       cHurd =   0.00000
         cth =   0.00000
         cbh =   0.00000
 --------------

  mH       = 125.0000      GeV
  fact_scale 1.0
  ren_scale  1.0
  Kqq      =   0.26598983889310474            +-   -2.6990217509765261E-004
  Kgq      =   -9.1919922267590298E-002       +-   -1.5436738299844314E-004
  K_nlo    =    1.1740699166255144            +-    3.1092840503278555E-004
  Kqq2     =   -7.3853286211396182E-002       +-   -2.6307408523345617E-004
  Kgq2     =    6.7455488951822143E-002       +-   -2.3153891674405715E-004
  Kqqs     =   -2.8207196794114652E-003       +-   -5.4234888954782440E-006
  Kgg      =   -2.3727064614551389E-003       +-   -4.0746290504694215E-006
  K_nnlo   =    1.1624786932250739            +-    4.6855174119659552E-004
  sig_LO   = ( -0.13721884553415020            +-    9.1641150063474436E-005 ) fb
  sig_NLO  = ( -0.16110451853572907            +-    1.0108621476072904E-004 ) fb
  sig_NNLO = ( -0.15951398424239219            +-    1.1194568061710341E-004 ) fb

  pp ---> HHW- + X
  ===============

  PDFSET = PDF4LHC21_40                                NSET =  41
  Sqrt(S)  = 14.0 TeV
  LOOP     = 3
  alphaS(MZ) =   0.11700
          kl =   1.00000
          kv =   1.00000
         k2v =   1.00000
         kth =   1.00000
         kbh =   1.00000
        cHsq =   0.00000
       chdup =   0.00000
         cHw =  -0.60000
          cH =   0.00000
         cHb =   0.00000
        cHwb =   0.00000
      cHq1st =   0.00000
      cHq3st =   0.00000
      cHq1rd =   0.00000
      cHq3rd =   0.00000
       cHdst =   0.00000
       cHust =   0.00000
       cHdrd =   0.00000
       cHurd =   0.00000
         cth =   0.00000
         cbh =   0.00000
 --------------

  mH       = 125.0000      GeV
  fact_scale 1.0
  ren_scale  1.0
  Kqq      =   0.26395331339587313            +-   -2.6775690445123175E-004
  Kgq      =   -8.9750633292405679E-002       +-   -1.5092217843337770E-004
  K_nlo    =    1.1742026801034675            +-    3.0736178003190693E-004
  Kqq2     =   -7.2577813127659929E-002       +-   -2.5886155689625658E-004
  Kgq2     =    6.5539273960873140E-002       +-   -2.2506164261056180E-004
  Kqqs     =   -2.7668680279660861E-003       +-   -5.3279841957263985E-006
  Kgg      =   -2.2835012580838475E-003       +-   -3.9185350397553243E-006
  K_nnlo   =    1.1621137716506309            +-    4.6062680639553336E-004
  sig_LO   = ( -0.13804546638692941            +-    9.2070618240715815E-005 ) fb
  sig_NLO  = ( -0.16209335660766563            +-    1.0137699532187287E-004 ) fb
  sig_NNLO = ( -0.16042453760218492            +-    1.1189442150493634E-004 ) fb

  pp ---> HHW- + X
  ===============

  PDFSET = PDF4LHC21_40                                NSET =  42
  Sqrt(S)  = 14.0 TeV
  LOOP     = 3
  alphaS(MZ) =   0.11900
          kl =   1.00000
          kv =   1.00000
         k2v =   1.00000
         kth =   1.00000
         kbh =   1.00000
        cHsq =   0.00000
       chdup =   0.00000
         cHw =  -0.60000
          cH =   0.00000
         cHb =   0.00000
        cHwb =   0.00000
      cHq1st =   0.00000
      cHq3st =   0.00000
      cHq1rd =   0.00000
      cHq3rd =   0.00000
       cHdst =   0.00000
       cHust =   0.00000
       cHdrd =   0.00000
       cHurd =   0.00000
         cth =   0.00000
         cbh =   0.00000
 --------------

  mH       = 125.0000      GeV
  fact_scale 1.0
  ren_scale  1.0
  Kqq      =   0.26769876405533427            +-   -2.7184834630569722E-004
  Kgq      =   -9.0725326752545743E-002       +-   -1.5279507637375162E-004
  K_nlo    =    1.1769734373027885            +-    3.1184588942810017E-004
  Kqq2     =   -7.4892250139761737E-002       +-   -2.6690379543562788E-004
  Kgq2     =    6.7156897738245069E-002       +-   -2.3070407620368646E-004
  Kqqs     =   -2.8598416931843273E-003       +-   -5.4987605928407869E-006
  Kgg      =   -2.3320826469208781E-003       +-   -4.0173435203085436E-006
  K_nnlo   =    1.1640461605611665            +-    4.7091001365989266E-004
  sig_LO   = ( -0.13790324708183946            +-    9.2204082242071416E-005 ) fb
  sig_NLO  = ( -0.16230845873312832            +-    1.0173979077357753E-004 ) fb
  sig_NNLO = ( -0.16052574529453315            +-    1.1277765281927026E-004 ) fb

