  pp ---> HHW- + X
  ===============

  PDFSET = PDF4LHC21_40                                NSET =   0
  Sqrt(S)  = 14.0 TeV
  LOOP     = 3
  alphaS(MZ) =   0.11800
          kl =   1.00000
          kv =   1.00000
         k2v =   1.00000
         kth =   1.00000
         kbh =   1.00000
        cHsq =   0.00000
       chdup =   0.00000
         cHw =   0.00000
          cH =   0.00000
         cHb =   0.00000
        cHwb =   0.00000
      cHq1st =   0.00000
      cHq3st =   0.03000
      cHq1rd =   0.00000
      cHq3rd =   0.00000
       cHdst =   0.00000
       cHust =   0.00000
       cHdrd =   0.00000
       cHurd =   0.00000
         cth =   0.00000
         cbh =   0.00000
 --------------

  mH       = 125.0000      GeV
  fact_scale 0.5
  ren_scale  0.5
  Kqq      =   0.20905365884913638            +-    2.4355823755813007E-004
  Kgq      =   -3.7507297477859594E-002       +-    1.7383142520616666E-004
  K_nlo    =    1.1715463613712767            +-    2.9922897498676435E-004
  Kqq2     =    2.6240834797626650E-002       +-    2.1079193409107578E-004
  Kgq2     =   -2.4255033546915404E-002       +-    1.6842464108975040E-004
  Kqqs     =    1.3149844950164945E-003       +-    3.5311324075166904E-006
  Kgg      =    4.9534841495896135E-004       +-    2.5837844626731150E-006
  K_nnlo   =    1.1753424955319633            +-    4.0293575606283229E-004
  sig_LO   = (  0.56143298669318564            +-    3.7744704134056513E-004 ) fb
  sig_NLO  = (  0.65774477271421006            +-    4.1314557577442631E-004 ) fb
  sig_NNLO = (  0.65987604765393248            +-    4.4004818160405223E-004 ) fb

  mH       = 125.0000      GeV
  fact_scale 1.0
  ren_scale  0.5
  Kqq      =   0.28953784667763177            +-    3.0774134154859317E-004
  Kgq      =  -0.10292027269448042            +-    1.7012325309951777E-004
  K_nlo    =    1.1866175739831513            +-    3.5163426247066773E-004
  Kqq2     =    4.8204321767664413E-002       +-    3.1853117332305441E-004
  Kgq2     =   -4.9866074086110018E-002       +-    2.2052713784099519E-004
  Kqqs     =    2.5974865144929912E-003       +-    4.7128546305393213E-006
  Kgg      =    1.8778453921229398E-003       +-    3.1561794433713020E-006
  K_nnlo   =    1.1894311535713216            +-    5.2323336467931865E-004
  sig_LO   = (  0.54928804886917204            +-    3.6746699971552564E-004 ) fb
  sig_NLO  = (  0.65179485196707565            +-    4.1513652951712549E-004 ) fb
  sig_NNLO = (  0.65334031760939981            +-    4.6651271074885190E-004 ) fb

  mH       = 125.0000      GeV
  fact_scale 0.5
  ren_scale  1.0
  Kqq      =   0.19251445555264898            +-    2.2464801639488462E-004
  Kgq      =   -3.4538982750989641E-002       +-    1.5988133116796074E-004
  K_nlo    =    1.1579754728016594            +-    2.7573315238867358E-004
  Kqq2     =    3.6698068878473711E-002       +-    1.5815730221690387E-004
  Kgq2     =   -2.3103354422296128E-002       +-    1.3991950964852110E-004
  Kqqs     =    1.1118711270179564E-003       +-    2.9779044876357298E-006
  Kgg      =    4.1874656456445406E-004       +-    2.1833100796207787E-006
  K_nnlo   =    1.1731008049494194            +-    3.4732349115636907E-004
  sig_LO   = (  0.56143298669318564            +-    3.7744704134056513E-004 ) fb
  sig_NLO  = (  0.65012562821248931            +-    4.0795964240315503E-004 ) fb
  sig_NNLO = (  0.65861748861493252            +-    4.2484211933799379E-004 ) fb

  mH       = 125.0000      GeV
  fact_scale 1.0
  ren_scale  1.0
  Kqq      =   0.26662694873592202            +-    2.8354135068993618E-004
  Kgq      =   -9.4679194585418555E-002       +-    1.5646761551890671E-004
  K_nlo    =    1.1719477541505035            +-    3.2384844025754668E-004
  Kqq2     =    6.0905500343980602E-002       +-    2.3461235698918296E-004
  Kgq2     =   -4.9383425844910275E-002       +-    1.7282254697435035E-004
  Kqqs     =    2.2006115189162358E-003       +-    3.9884276818164243E-006
  Kgg      =    1.5859946004033979E-003       +-    2.6654344258108699E-006
  K_nnlo   =    1.1872564347688934            +-    4.3567351898872453E-004
  sig_LO   = (  0.54928804886917204            +-    3.6746699971552564E-004 ) fb
  sig_NLO  = (  0.64373689525393818            +-    4.0825905082788748E-004 ) fb
  sig_NNLO = (  0.65214577056157497            +-    4.3852182964583498E-004 ) fb

  mH       = 125.0000      GeV
  fact_scale 1.5
  ren_scale  1.0
  Kqq      =   0.31093194925132112            +-    3.3063523965117398E-004
  Kgq      =  -0.12875046182988639            +-    1.8455372929500658E-004
  K_nlo    =    1.1821814874214347            +-    3.7865517386651910E-004
  Kqq2     =    7.5209246936305527E-002       +-    3.0240610542496744E-004
  Kgq2     =   -6.7866961774374832E-002       +-    2.0937422824906035E-004
  Kqqs     =    3.8881087570691551E-003       +-    5.0829085044454737E-006
  Kgg      =    2.6312921578797934E-003       +-    3.4454831616322661E-006
  K_nnlo   =    1.1960431734983143            +-    5.2792468029270198E-004
  sig_LO   = (  0.54200761914104512            +-    3.6196612778945141E-004 ) fb
  sig_NLO  = (  0.64075137338991128            +-    4.1610151167188172E-004 ) fb
  sig_NNLO = (  0.64826451285772135            +-    4.6140559045223693E-004 ) fb

  mH       = 125.0000      GeV
  fact_scale 2.0
  ren_scale  1.0
  Kqq      =   0.34271891396471760            +-    3.6543684945864943E-004
  Kgq      =  -0.15222598073322360            +-    1.9306760068961450E-004
  K_nlo    =    1.1904929332314940            +-    4.1330278172098969E-004
  Kqq2     =    8.5374217195418961E-002       +-    3.5858979703004893E-004
  Kgq2     =   -8.2353886905755694E-002       +-    2.4447844400950973E-004
  Kqqs     =    5.5307924772299358E-003       +-    5.9316344733210400E-006
  Kgg      =    3.5141039492494956E-003       +-    3.8720703643178273E-006
  K_nnlo   =    1.2025581599476367            +-    5.9935441828195613E-004
  sig_LO   = (  0.53680456528532283            +-    3.5808932953836298E-004 ) fb
  sig_NLO  = (  0.63906204149858103            +-    4.2124942594614501E-004 ) fb
  sig_NNLO = (  0.64553871028100884            +-    4.8139603505925952E-004 ) fb

  mH       = 125.0000      GeV
  fact_scale 1.0
  ren_scale  1.5
  Kqq      =   0.25486288017144793            +-    2.7111622845616865E-004
  Kgq      =   -9.0454080733018291E-002       +-    1.4947297113156771E-004
  K_nlo    =    1.1644087994384296            +-    3.0959033969294955E-004
  Kqq2     =    6.6430629627168031E-002       +-    2.1926118038888983E-004
  Kgq2     =   -4.8959609808199342E-002       +-    1.5604140338387255E-004
  Kqqs     =    2.0097711348877100E-003       +-    3.6405542284739775E-006
  Kgg      =    1.4461372993142491E-003       +-    2.4303838756233677E-006
  K_nnlo   =    1.1853357276916001            +-    4.1023130503120672E-004
  sig_LO   = (  0.54928804886917204            +-    3.6746699971552564E-004 ) fb
  sig_NLO  = (  0.63959583752963001            +-    4.0490795480295358E-004 ) fb
  sig_NNLO = (  0.65109074911863918            +-    4.3105443636980270E-004 ) fb

  mH       = 125.0000      GeV
  fact_scale 1.5
  ren_scale  1.5
  Kqq      =   0.29720855764802734            +-    3.1612788468352807E-004
  Kgq      =  -0.12299318944547444            +-    1.7636841985127575E-004
  K_nlo    =    1.1742153682025527            +-    3.6199814777884969E-004
  Kqq2     =    8.1245768076746119E-002       +-    2.7279949558685536E-004
  Kgq2     =   -6.7263062518119365E-002       +-    1.9829723143339900E-004
  Kqqs     =    3.5504370595247684E-003       +-    4.6418259578335247E-006
  Kgg      =    2.3988545862600702E-003       +-    3.1429057875518021E-006
  K_nnlo   =    1.1941473654069643            +-    4.9478827814220081E-004
  sig_LO   = (  0.54200761914104512            +-    3.6196612778945141E-004 ) fb
  sig_NLO  = (  0.63643367607829138            +-    4.1172342130662084E-004 ) fb
  sig_NNLO = (  0.64723697042778050            +-    4.5048802716536721E-004 ) fb

  mH       = 125.0000      GeV
  fact_scale 2.0
  ren_scale  1.5
  Kqq      =   0.32759132933346191            +-    3.4946267060593101E-004
  Kgq      =  -0.14541147120662726            +-    1.8445145463628299E-004
  K_nlo    =    1.1821798581268346            +-    3.9515376407731485E-004
  Kqq2     =    9.1842966214592134E-002       +-    3.1529222252601969E-004
  Kgq2     =   -8.1475285885051693E-002       +-    2.3356825211687994E-004
  Kqqs     =    5.0496740025861818E-003       +-    5.4156119858523651E-006
  Kgg      =    3.2034105566246499E-003       +-    3.5315308366027178E-006
  K_nnlo   =    1.2008006230155859            +-    5.5691257106482424E-004
  sig_LO   = (  0.53680456528532283            +-    3.5808932953836298E-004 ) fb
  sig_NLO  = (  0.63459954483084002            +-    4.1620068296401209E-004 ) fb
  sig_NNLO = (  0.64459525643222637            +-    4.6647721280324830E-004 ) fb

  mH       = 125.0000      GeV
  fact_scale 1.0
  ren_scale  2.0
  Kqq      =   0.24713837967449076            +-    2.6295783225412632E-004
  Kgq      =   -8.7682180977340304E-002       +-    1.4488547027876759E-004
  K_nlo    =    1.1594561986971506            +-    3.0023094617592116E-004
  Kqq2     =    6.9654076290630515E-002       +-    2.1736840074628388E-004
  Kgq2     =   -4.8608673997267877E-002       +-    1.4894542625226411E-004
  Kqqs     =    1.8892261996707510E-003       +-    3.4210070587993419E-006
  Kgg      =    1.3579653038863074E-003       +-    2.2822052070829646E-006
  K_nnlo   =    1.1837487924940702            +-    3.9948628817026771E-004
  sig_LO   = (  0.54928804886917204            +-    3.6746699971552564E-004 ) fb
  sig_NLO  = (  0.63687543313162487            +-    4.0277584673302036E-004 ) fb
  sig_NNLO = (  0.65021906458030621            +-    4.2799866422929593E-004 ) fb

  mH       = 125.0000      GeV
  fact_scale 1.5
  ren_scale  2.0
  Kqq      =   0.28819769795398731            +-    3.0660192695315772E-004
  Kgq      =  -0.11921666261100183            +-    1.7099752728925050E-004
  K_nlo    =    1.1689810353429855            +-    3.5106252427513168E-004
  Kqq2     =    8.4772526497794820E-002       +-    2.6777346132516564E-004
  Kgq2     =   -6.6760196966108853E-002       +-    1.9268443902039161E-004
  Kqqs     =    3.3371839723865594E-003       +-    4.3633629682065828E-006
  Kgg      =    2.2523481328474222E-003       +-    2.9521086804140613E-006
  K_nnlo   =    1.1925828969799053            +-    4.8177024551454372E-004
  sig_LO   = (  0.54200761914104512            +-    3.6196612778945141E-004 ) fb
  sig_NLO  = (  0.63359662778728543            +-    4.0893203492264001E-004 ) fb
  sig_NNLO = (  0.64638901662040893            +-    4.4632362010744390E-004 ) fb

  mH       = 125.0000      GeV
  fact_scale 2.0
  ren_scale  2.0
  Kqq      =   0.31765823584814656            +-    3.3893818376391814E-004
  Kgq      =  -0.14094191022439342            +-    1.7879818437298664E-004
  K_nlo    =    1.1767163256237532            +-    3.8320736311853409E-004
  Kqq2     =    9.5610666392675986E-002       +-    3.0563509779642906E-004
  Kgq2     =   -8.0768373921276573E-002       +-    2.2655917636752517E-004
  Kqqs     =    4.7458784452768573E-003       +-    5.0898197310451999E-006
  Kgg      =    3.0075953029819144E-003       +-    3.3166846717685671E-006
  K_nnlo   =    1.1993120918434115            +-    5.4002468759467906E-004
  sig_LO   = (  0.53680456528532283            +-    3.5808932953836298E-004 ) fb
  sig_NLO  = (  0.63166669564060118            +-    4.1296916088323003E-004 ) fb
  sig_NNLO = (  0.64379620610343358            +-    4.6071993313049389E-004 ) fb

  pp ---> HHW- + X
  ===============

  PDFSET = PDF4LHC21_40                                NSET =   1
  Sqrt(S)  = 14.0 TeV
  LOOP     = 3
  alphaS(MZ) =   0.11800
          kl =   1.00000
          kv =   1.00000
         k2v =   1.00000
         kth =   1.00000
         kbh =   1.00000
        cHsq =   0.00000
       chdup =   0.00000
         cHw =   0.00000
          cH =   0.00000
         cHb =   0.00000
        cHwb =   0.00000
      cHq1st =   0.00000
      cHq3st =   0.03000
      cHq1rd =   0.00000
      cHq3rd =   0.00000
       cHdst =   0.00000
       cHust =   0.00000
       cHdrd =   0.00000
       cHurd =   0.00000
         cth =   0.00000
         cbh =   0.00000
 --------------

  mH       = 125.0000      GeV
  fact_scale 1.0
  ren_scale  1.0
  Kqq      =   0.26690143209230610            +-    2.8036304143675740E-004
  Kgq      =   -9.5130556371328584E-002       +-    1.5635024533263255E-004
  K_nlo    =    1.1717708757209777            +-    3.2101220260177544E-004
  Kqq2     =    6.1020902530809162E-002       +-    2.3210219498874529E-004
  Kgq2     =   -4.9614956855156982E-002       +-    1.7187423561599354E-004
  Kqqs     =    2.2112485268943739E-003       +-    3.9676160326558039E-006
  Kgg      =    1.5919811914661712E-003       +-    2.6750357590731549E-006
  K_nnlo   =    1.1869800511149904            +-    4.3183783275636448E-004
  sig_LO   = (  0.54725486459834383            +-    3.5841140648823825E-004 ) fb
  sig_NLO  = (  0.64125731193296631            +-    3.9914986396231929E-004 ) fb
  sig_NNLO = (  0.64958060715386912            +-    4.2931155303799857E-004 ) fb

  pp ---> HHW- + X
  ===============

  PDFSET = PDF4LHC21_40                                NSET =   2
  Sqrt(S)  = 14.0 TeV
  LOOP     = 3
  alphaS(MZ) =   0.11800
          kl =   1.00000
          kv =   1.00000
         k2v =   1.00000
         kth =   1.00000
         kbh =   1.00000
        cHsq =   0.00000
       chdup =   0.00000
         cHw =   0.00000
          cH =   0.00000
         cHb =   0.00000
        cHwb =   0.00000
      cHq1st =   0.00000
      cHq3st =   0.03000
      cHq1rd =   0.00000
      cHq3rd =   0.00000
       cHdst =   0.00000
       cHust =   0.00000
       cHdrd =   0.00000
       cHurd =   0.00000
         cth =   0.00000
         cbh =   0.00000
 --------------

  mH       = 125.0000      GeV
  fact_scale 1.0
  ren_scale  1.0
  Kqq      =   0.26662284822317622            +-    2.8477628058166650E-004
  Kgq      =   -9.5925838914522568E-002       +-    1.5806114970542943E-004
  K_nlo    =    1.1706970093086537            +-    3.2570056344460049E-004
  Kqq2     =    6.0896929830785949E-002       +-    2.3626929942335414E-004
  Kgq2     =   -5.0042577516045614E-002       +-    1.7435012137161576E-004
  Kqqs     =    2.2367990698803379E-003       +-    4.0525495415968404E-006
  Kgg      =    1.5810057951031922E-003       +-    2.6478020342034457E-006
  K_nnlo   =    1.1853691664883776            +-    4.3854924206276918E-004
  sig_LO   = (  0.54808305556993508            +-    3.7035209299778830E-004 ) fb
  sig_NLO  = (  0.64163919400847169            +-    4.1112873365018826E-004 ) fb
  sig_NNLO = (  0.64968075474733711            +-    4.4151362327304476E-004 ) fb

  pp ---> HHW- + X
  ===============

  PDFSET = PDF4LHC21_40                                NSET =   3
  Sqrt(S)  = 14.0 TeV
  LOOP     = 3
  alphaS(MZ) =   0.11800
          kl =   1.00000
          kv =   1.00000
         k2v =   1.00000
         kth =   1.00000
         kbh =   1.00000
        cHsq =   0.00000
       chdup =   0.00000
         cHw =   0.00000
          cH =   0.00000
         cHb =   0.00000
        cHwb =   0.00000
      cHq1st =   0.00000
      cHq3st =   0.03000
      cHq1rd =   0.00000
      cHq3rd =   0.00000
       cHdst =   0.00000
       cHust =   0.00000
       cHdrd =   0.00000
       cHurd =   0.00000
         cth =   0.00000
         cbh =   0.00000
 --------------

  mH       = 125.0000      GeV
  fact_scale 1.0
  ren_scale  1.0
  Kqq      =   0.26695021387770707            +-    2.8714043538415393E-004
  Kgq      =   -9.5345607301049379E-002       +-    1.5697506219212689E-004
  K_nlo    =    1.1716046065766577            +-    3.2724730676175713E-004
  Kqq2     =    6.1021914356601689E-002       +-    2.3807511190174923E-004
  Kgq2     =   -4.9726724569589459E-002       +-    1.7298121595545567E-004
  Kqqs     =    2.2118863576940113E-003       +-    4.0060548016619346E-006
  Kgg      =    1.5926432608240029E-003       +-    2.6765679818606369E-006
  K_nnlo   =    1.1867043259821881            +-    4.4013210772961953E-004
  sig_LO   = (  0.54522967259665067            +-    3.7282818163398581E-004 ) fb
  sig_NLO  = (  0.63879359605651886            +-    4.1332349669602990E-004 ) fb
  sig_NNLO = (  0.64702641112429748            +-    4.4338237960403319E-004 ) fb

  pp ---> HHW- + X
  ===============

  PDFSET = PDF4LHC21_40                                NSET =   4
  Sqrt(S)  = 14.0 TeV
  LOOP     = 3
  alphaS(MZ) =   0.11800
          kl =   1.00000
          kv =   1.00000
         k2v =   1.00000
         kth =   1.00000
         kbh =   1.00000
        cHsq =   0.00000
       chdup =   0.00000
         cHw =   0.00000
          cH =   0.00000
         cHb =   0.00000
        cHwb =   0.00000
      cHq1st =   0.00000
      cHq3st =   0.03000
      cHq1rd =   0.00000
      cHq3rd =   0.00000
       cHdst =   0.00000
       cHust =   0.00000
       cHdrd =   0.00000
       cHurd =   0.00000
         cth =   0.00000
         cbh =   0.00000
 --------------

  mH       = 125.0000      GeV
  fact_scale 1.0
  ren_scale  1.0
  Kqq      =   0.26712829206093108            +-    2.8273801677938321E-004
  Kgq      =   -9.5958743686523573E-002       +-    1.5874456524890009E-004
  K_nlo    =    1.1711695483744076            +-    3.2425394851628417E-004
  Kqq2     =    6.1117796262906497E-002       +-    2.3391331837868632E-004
  Kgq2     =   -5.0047093102539034E-002       +-    1.7533366598075309E-004
  Kqqs     =    2.2221252467978883E-003       +-    4.0260871308448095E-006
  Kgg      =    1.6178295098330038E-003       +-    2.7251581604035600E-006
  K_nnlo   =    1.1860802062914062            +-    4.3660232928165231E-004
  sig_LO   = (  0.54031961793801730            +-    3.5952259595424302E-004 ) fb
  sig_NLO  = (  0.63280588291830009            +-    3.9993975379064940E-004 ) fb
  sig_NNLO = (  0.64086240390721716            +-    4.3000880622750848E-004 ) fb

  pp ---> HHW- + X
  ===============

  PDFSET = PDF4LHC21_40                                NSET =   5
  Sqrt(S)  = 14.0 TeV
  LOOP     = 3
  alphaS(MZ) =   0.11800
          kl =   1.00000
          kv =   1.00000
         k2v =   1.00000
         kth =   1.00000
         kbh =   1.00000
        cHsq =   0.00000
       chdup =   0.00000
         cHw =   0.00000
          cH =   0.00000
         cHb =   0.00000
        cHwb =   0.00000
      cHq1st =   0.00000
      cHq3st =   0.03000
      cHq1rd =   0.00000
      cHq3rd =   0.00000
       cHdst =   0.00000
       cHust =   0.00000
       cHdrd =   0.00000
       cHurd =   0.00000
         cth =   0.00000
         cbh =   0.00000
 --------------

  mH       = 125.0000      GeV
  fact_scale 1.0
  ren_scale  1.0
  Kqq      =   0.26693760511778758            +-    2.8553110569348440E-004
  Kgq      =   -9.4840923654071055E-002       +-    1.5645293762068675E-004
  K_nlo    =    1.1720966814637166            +-    3.2558491059735286E-004
  Kqq2     =    6.1019205152894745E-002       +-    2.3633856324540455E-004
  Kgq2     =   -4.9477251279235940E-002       +-    1.7300092762133278E-004
  Kqqs     =    2.2055228342119110E-003       +-    3.9948176743101545E-006
  Kgg      =    1.5833211791439262E-003       +-    2.6672927343044177E-006
  K_nnlo   =    1.1874274793507313            +-    4.3796557451723469E-004
  sig_LO   = (  0.54618281050240480            +-    3.6998571147692873E-004 ) fb
  sig_NLO  = (  0.64017905966239463            +-    4.1050278659506933E-004 ) fb
  sig_NNLO = (  0.64855247793956849            +-    4.4057973260496516E-004 ) fb

  pp ---> HHW- + X
  ===============

  PDFSET = PDF4LHC21_40                                NSET =   6
  Sqrt(S)  = 14.0 TeV
  LOOP     = 3
  alphaS(MZ) =   0.11800
          kl =   1.00000
          kv =   1.00000
         k2v =   1.00000
         kth =   1.00000
         kbh =   1.00000
        cHsq =   0.00000
       chdup =   0.00000
         cHw =   0.00000
          cH =   0.00000
         cHb =   0.00000
        cHwb =   0.00000
      cHq1st =   0.00000
      cHq3st =   0.03000
      cHq1rd =   0.00000
      cHq3rd =   0.00000
       cHdst =   0.00000
       cHust =   0.00000
       cHdrd =   0.00000
       cHurd =   0.00000
         cth =   0.00000
         cbh =   0.00000
 --------------

  mH       = 125.0000      GeV
  fact_scale 1.0
  ren_scale  1.0
  Kqq      =   0.26666615163325069            +-    2.8441840682123261E-004
  Kgq      =   -9.5057665540201119E-002       +-    1.5670899073356849E-004
  K_nlo    =    1.1716084860930496            +-    3.2473302560020258E-004
  Kqq2     =    6.0912885792997438E-002       +-    2.3620677233297604E-004
  Kgq2     =   -4.9565107156633204E-002       +-    1.7262473866896935E-004
  Kqqs     =    2.2041500973235860E-003       +-    3.9895334979114121E-006
  Kgg      =    1.5903183222256249E-003       +-    2.6752540733291563E-006
  K_nnlo   =    1.1867507331489631            +-    4.3711274400758668E-004
  sig_LO   = (  0.54979586955666127            +-    3.7035088452670620E-004 ) fb
  sig_NLO  = (  0.64414550639149171            +-    4.1113889846026747E-004 ) fb
  sig_NNLO = (  0.65247065127863946            +-    4.4149158182989559E-004 ) fb

  pp ---> HHW- + X
  ===============

  PDFSET = PDF4LHC21_40                                NSET =   7
  Sqrt(S)  = 14.0 TeV
  LOOP     = 3
  alphaS(MZ) =   0.11800
          kl =   1.00000
          kv =   1.00000
         k2v =   1.00000
         kth =   1.00000
         kbh =   1.00000
        cHsq =   0.00000
       chdup =   0.00000
         cHw =   0.00000
          cH =   0.00000
         cHb =   0.00000
        cHwb =   0.00000
      cHq1st =   0.00000
      cHq3st =   0.03000
      cHq1rd =   0.00000
      cHq3rd =   0.00000
       cHdst =   0.00000
       cHust =   0.00000
       cHdrd =   0.00000
       cHurd =   0.00000
         cth =   0.00000
         cbh =   0.00000
 --------------

  mH       = 125.0000      GeV
  fact_scale 1.0
  ren_scale  1.0
  Kqq      =   0.26706085349152409            +-    2.8838361623067605E-004
  Kgq      =   -9.5012881665714796E-002       +-    1.5688266437077276E-004
  K_nlo    =    1.1720479718258092            +-    3.2829450268067901E-004
  Kqq2     =    6.1117566762109533E-002       +-    2.3370744854975327E-004
  Kgq2     =   -4.9566344675415826E-002       +-    1.7339607751982260E-004
  Kqqs     =    2.2085274155047262E-003       +-    4.0187945366793179E-006
  Kgg      =    1.5857075285653319E-003       +-    2.6648946425951232E-006
  K_nnlo   =    1.1873934288565731            +-    4.3873215527270675E-004
  sig_LO   = (  0.54581107661308093            +-    3.8193069607360820E-004 ) fb
  sig_NLO  = (  0.63971676534442290            +-    4.2187552344283551E-004 ) fb
  sig_NNLO = (  0.64809248576750378            +-    4.5079316828693832E-004 ) fb

  pp ---> HHW- + X
  ===============

  PDFSET = PDF4LHC21_40                                NSET =   8
  Sqrt(S)  = 14.0 TeV
  LOOP     = 3
  alphaS(MZ) =   0.11800
          kl =   1.00000
          kv =   1.00000
         k2v =   1.00000
         kth =   1.00000
         kbh =   1.00000
        cHsq =   0.00000
       chdup =   0.00000
         cHw =   0.00000
          cH =   0.00000
         cHb =   0.00000
        cHwb =   0.00000
      cHq1st =   0.00000
      cHq3st =   0.03000
      cHq1rd =   0.00000
      cHq3rd =   0.00000
       cHdst =   0.00000
       cHust =   0.00000
       cHdrd =   0.00000
       cHurd =   0.00000
         cth =   0.00000
         cbh =   0.00000
 --------------

  mH       = 125.0000      GeV
  fact_scale 1.0
  ren_scale  1.0
  Kqq      =   0.26639888673793566            +-    2.8393757252086020E-004
  Kgq      =   -9.4759267418469253E-002       +-    1.5724037929000523E-004
  K_nlo    =    1.1716396193194665            +-    3.2456907118255039E-004
  Kqq2     =    6.0807008989391467E-002       +-    2.3490379247745094E-004
  Kgq2     =   -4.9398620850289648E-002       +-    1.7345761672166033E-004
  Kqqs     =    2.2074386885620203E-003       +-    4.0066214677861770E-006
  Kgg      =    1.5854577729588139E-003       +-    2.6745310701130859E-006
  K_nnlo   =    1.1868409039200891            +-    4.3661839702351335E-004
  sig_LO   = (  0.55095986121009100            +-    3.6965625264090906E-004 ) fb
  sig_NLO  = (  0.64552640204849709            +-    4.1063847578317567E-004 ) fb
  sig_NNLO = (  0.65390169970227130            +-    4.4103795677735621E-004 ) fb

  pp ---> HHW- + X
  ===============

  PDFSET = PDF4LHC21_40                                NSET =   9
  Sqrt(S)  = 14.0 TeV
  LOOP     = 3
  alphaS(MZ) =   0.11800
          kl =   1.00000
          kv =   1.00000
         k2v =   1.00000
         kth =   1.00000
         kbh =   1.00000
        cHsq =   0.00000
       chdup =   0.00000
         cHw =   0.00000
          cH =   0.00000
         cHb =   0.00000
        cHwb =   0.00000
      cHq1st =   0.00000
      cHq3st =   0.03000
      cHq1rd =   0.00000
      cHq3rd =   0.00000
       cHdst =   0.00000
       cHust =   0.00000
       cHdrd =   0.00000
       cHurd =   0.00000
         cth =   0.00000
         cbh =   0.00000
 --------------

  mH       = 125.0000      GeV
  fact_scale 1.0
  ren_scale  1.0
  Kqq      =   0.26669588745894685            +-    2.8197400133478595E-004
  Kgq      =   -9.5045401342181049E-002       +-    1.5666219366485532E-004
  K_nlo    =    1.1716504861167658            +-    3.2257151199793592E-004
  Kqq2     =    6.0938914963410307E-002       +-    2.3293780463151811E-004
  Kgq2     =   -4.9552773674693983E-002       +-    1.7241622754852814E-004
  Kqqs     =    2.2086922238458771E-003       +-    3.9906889078640400E-006
  Kgg      =    1.5859776602246097E-003       +-    2.6643837438001516E-006
  K_nnlo   =    1.1868312972895525            +-    4.3366205879687608E-004
  sig_LO   = (  0.55096554466436976            +-    3.6500785395047450E-004 ) fb
  sig_NLO  = (  0.64553904823959751            +-    4.0597683363773681E-004 ) fb
  sig_NNLO = (  0.65390315213585903            +-    4.3625639412347609E-004 ) fb

  pp ---> HHW- + X
  ===============

  PDFSET = PDF4LHC21_40                                NSET =  10
  Sqrt(S)  = 14.0 TeV
  LOOP     = 3
  alphaS(MZ) =   0.11800
          kl =   1.00000
          kv =   1.00000
         k2v =   1.00000
         kth =   1.00000
         kbh =   1.00000
        cHsq =   0.00000
       chdup =   0.00000
         cHw =   0.00000
          cH =   0.00000
         cHb =   0.00000
        cHwb =   0.00000
      cHq1st =   0.00000
      cHq3st =   0.03000
      cHq1rd =   0.00000
      cHq3rd =   0.00000
       cHdst =   0.00000
       cHust =   0.00000
       cHdrd =   0.00000
       cHurd =   0.00000
         cth =   0.00000
         cbh =   0.00000
 --------------

  mH       = 125.0000      GeV
  fact_scale 1.0
  ren_scale  1.0
  Kqq      =   0.26655378536329544            +-    2.8310275222160323E-004
  Kgq      =   -9.4291628744583869E-002       +-    1.5621660235153241E-004
  K_nlo    =    1.1722621566187115            +-    3.2334315388717180E-004
  Kqq2     =    6.0878011142401316E-002       +-    2.3432886267561945E-004
  Kgq2     =   -4.9184782103569101E-002       +-    1.7267473714772504E-004
  Kqqs     =    2.1976696715418631E-003       +-    3.9887722868762728E-006
  Kgg      =    1.5784293609311989E-003       +-    2.6598381247620791E-006
  K_nnlo   =    1.1877314846900164            +-    4.3508661314822707E-004
  sig_LO   = (  0.54901038223630005            +-    3.6658310401222420E-004 ) fb
  sig_NLO  = (  0.64358409468638822            +-    4.0730342279370751E-004 ) fb
  sig_NNLO = (  0.65207691640375431            +-    4.3753931048766729E-004 ) fb

  pp ---> HHW- + X
  ===============

  PDFSET = PDF4LHC21_40                                NSET =  11
  Sqrt(S)  = 14.0 TeV
  LOOP     = 3
  alphaS(MZ) =   0.11800
          kl =   1.00000
          kv =   1.00000
         k2v =   1.00000
         kth =   1.00000
         kbh =   1.00000
        cHsq =   0.00000
       chdup =   0.00000
         cHw =   0.00000
          cH =   0.00000
         cHb =   0.00000
        cHwb =   0.00000
      cHq1st =   0.00000
      cHq3st =   0.03000
      cHq1rd =   0.00000
      cHq3rd =   0.00000
       cHdst =   0.00000
       cHust =   0.00000
       cHdrd =   0.00000
       cHurd =   0.00000
         cth =   0.00000
         cbh =   0.00000
 --------------

  mH       = 125.0000      GeV
  fact_scale 1.0
  ren_scale  1.0
  Kqq      =   0.26662313937883891            +-    2.8409529714524628E-004
  Kgq      =   -9.4789637246661951E-002       +-    1.5668890186844810E-004
  K_nlo    =    1.1718335021321771            +-    3.2444036405599401E-004
  Kqq2     =    6.0900572116041017E-002       +-    2.3534722121429269E-004
  Kgq2     =   -4.9442927934189994E-002       +-    1.7303896948131061E-004
  Kqqs     =    2.2011680786391810E-003       +-    3.9935977698357751E-006
  Kgg      =    1.5896958559066213E-003       +-    2.6719765232304532E-006
  K_nnlo   =    1.1870820102485737            +-    4.3659527895170491E-004
  sig_LO   = (  0.54814044009416385            +-    3.6805155143518277E-004 ) fb
  sig_NLO  = (  0.64232933157581673            +-    4.0876474059554766E-004 ) fb
  sig_NNLO = (  0.65068765552551788            +-    4.3901465422255140E-004 ) fb

  pp ---> HHW- + X
  ===============

  PDFSET = PDF4LHC21_40                                NSET =  12
  Sqrt(S)  = 14.0 TeV
  LOOP     = 3
  alphaS(MZ) =   0.11800
          kl =   1.00000
          kv =   1.00000
         k2v =   1.00000
         kth =   1.00000
         kbh =   1.00000
        cHsq =   0.00000
       chdup =   0.00000
         cHw =   0.00000
          cH =   0.00000
         cHb =   0.00000
        cHwb =   0.00000
      cHq1st =   0.00000
      cHq3st =   0.03000
      cHq1rd =   0.00000
      cHq3rd =   0.00000
       cHdst =   0.00000
       cHust =   0.00000
       cHdrd =   0.00000
       cHurd =   0.00000
         cth =   0.00000
         cbh =   0.00000
 --------------

  mH       = 125.0000      GeV
  fact_scale 1.0
  ren_scale  1.0
  Kqq      =   0.26613793452595519            +-    2.8241011635185196E-004
  Kgq      =   -9.4103836037221500E-002       +-    1.5564427116581436E-004
  K_nlo    =    1.1720340984887336            +-    3.2246025020861733E-004
  Kqq2     =    6.0722848984323043E-002       +-    2.3425087778312267E-004
  Kgq2     =   -4.9076356367583493E-002       +-    1.7176372111825272E-004
  Kqqs     =    2.1914306008858197E-003       +-    3.9779396442164498E-006
  Kgg      =    1.5748742926367345E-003       +-    2.6451238866261233E-006
  K_nnlo   =    1.1874468959989957            +-    4.3402728403102160E-004
  sig_LO   = (  0.55574552749644268            +-    3.7349194062306234E-004 ) fb
  sig_NLO  = (  0.65135270830843894            +-    4.1425953635749465E-004 ) fb
  sig_NNLO = (  0.65991830159097553            +-    4.4460980335192979E-004 ) fb

  pp ---> HHW- + X
  ===============

  PDFSET = PDF4LHC21_40                                NSET =  13
  Sqrt(S)  = 14.0 TeV
  LOOP     = 3
  alphaS(MZ) =   0.11800
          kl =   1.00000
          kv =   1.00000
         k2v =   1.00000
         kth =   1.00000
         kbh =   1.00000
        cHsq =   0.00000
       chdup =   0.00000
         cHw =   0.00000
          cH =   0.00000
         cHb =   0.00000
        cHwb =   0.00000
      cHq1st =   0.00000
      cHq3st =   0.03000
      cHq1rd =   0.00000
      cHq3rd =   0.00000
       cHdst =   0.00000
       cHust =   0.00000
       cHdrd =   0.00000
       cHurd =   0.00000
         cth =   0.00000
         cbh =   0.00000
 --------------

  mH       = 125.0000      GeV
  fact_scale 1.0
  ren_scale  1.0
  Kqq      =   0.26656896644353628            +-    2.8237091192231007E-004
  Kgq      =   -9.4111104390948622E-002       +-    1.5534013784466771E-004
  K_nlo    =    1.1724578620525876            +-    3.2227921174881474E-004
  Kqq2     =    6.0884466879197408E-002       +-    2.3340653361083295E-004
  Kgq2     =   -4.9087165959712874E-002       +-    1.7148395587582299E-004
  Kqqs     =    2.1911973870997140E-003       +-    3.9665326404125490E-006
  Kgg      =    1.5776642461508038E-003       +-    2.6515583450331073E-006
  K_nnlo   =    1.1880240246053226            +-    4.3332667991173590E-004
  sig_LO   = (  0.54967731745459902            +-    3.6553053569947499E-004 ) fb
  sig_NLO  = (  0.64447349244162067            +-    4.0619520380718465E-004 ) fb
  sig_NNLO = (  0.65302985891667031            +-    4.3628772128084554E-004 ) fb

  pp ---> HHW- + X
  ===============

  PDFSET = PDF4LHC21_40                                NSET =  14
  Sqrt(S)  = 14.0 TeV
  LOOP     = 3
  alphaS(MZ) =   0.11800
          kl =   1.00000
          kv =   1.00000
         k2v =   1.00000
         kth =   1.00000
         kbh =   1.00000
        cHsq =   0.00000
       chdup =   0.00000
         cHw =   0.00000
          cH =   0.00000
         cHb =   0.00000
        cHwb =   0.00000
      cHq1st =   0.00000
      cHq3st =   0.03000
      cHq1rd =   0.00000
      cHq3rd =   0.00000
       cHdst =   0.00000
       cHust =   0.00000
       cHdrd =   0.00000
       cHurd =   0.00000
         cth =   0.00000
         cbh =   0.00000
 --------------

  mH       = 125.0000      GeV
  fact_scale 1.0
  ren_scale  1.0
  Kqq      =   0.26688347852492056            +-    2.8773099197428113E-004
  Kgq      =   -9.4967065596936351E-002       +-    1.5681461482078653E-004
  K_nlo    =    1.1719164129279842            +-    3.2768879621356521E-004
  Kqq2     =    6.0992038891564772E-002       +-    2.3875393530897580E-004
  Kgq2     =   -4.9539248662874187E-002       +-    1.7321475935533652E-004
  Kqqs     =    2.2058062117401673E-003       +-    4.0137432067659275E-006
  Kgg      =    1.5866355930877227E-003       +-    2.6655855137034793E-006
  K_nnlo   =    1.1871616449615028            +-    4.4091944516952978E-004
  sig_LO   = (  0.54718065364835300            +-    3.7518949415022671E-004 ) fb
  sig_NLO  = (  0.64124998884716755            +-    4.1583341458058715E-004 ) fb
  sig_NNLO = (  0.64959188487628905            +-    4.4606590763869797E-004 ) fb

  pp ---> HHW- + X
  ===============

  PDFSET = PDF4LHC21_40                                NSET =  15
  Sqrt(S)  = 14.0 TeV
  LOOP     = 3
  alphaS(MZ) =   0.11800
          kl =   1.00000
          kv =   1.00000
         k2v =   1.00000
         kth =   1.00000
         kbh =   1.00000
        cHsq =   0.00000
       chdup =   0.00000
         cHw =   0.00000
          cH =   0.00000
         cHb =   0.00000
        cHwb =   0.00000
      cHq1st =   0.00000
      cHq3st =   0.03000
      cHq1rd =   0.00000
      cHq3rd =   0.00000
       cHdst =   0.00000
       cHust =   0.00000
       cHdrd =   0.00000
       cHurd =   0.00000
         cth =   0.00000
         cbh =   0.00000
 --------------

  mH       = 125.0000      GeV
  fact_scale 1.0
  ren_scale  1.0
  Kqq      =   0.26679456631517756            +-    2.8405874879383245E-004
  Kgq      =   -9.4460002996230294E-002       +-    1.5580838909695231E-004
  K_nlo    =    1.1723345633189473            +-    3.2398399170222112E-004
  Kqq2     =    6.0970852666045273E-002       +-    2.3519364438406981E-004
  Kgq2     =   -4.9278161352000589E-002       +-    1.7197689772860465E-004
  Kqqs     =    2.2000799336960976E-003       +-    3.9854547502179388E-006
  Kgg      =    1.5778524079371836E-003       +-    2.6480773515109093E-006
  K_nnlo   =    1.1878051869746253            +-    4.3575294233492648E-004
  sig_LO   = (  0.54761158403782439            +-    3.6732091306640891E-004 ) fb
  sig_NLO  = (  0.64198398724137984            +-    4.0792350061009264E-004 ) fb
  sig_NNLO = (  0.65045587996751875            +-    4.3802484020537291E-004 ) fb

  pp ---> HHW- + X
  ===============

  PDFSET = PDF4LHC21_40                                NSET =  16
  Sqrt(S)  = 14.0 TeV
  LOOP     = 3
  alphaS(MZ) =   0.11800
          kl =   1.00000
          kv =   1.00000
         k2v =   1.00000
         kth =   1.00000
         kbh =   1.00000
        cHsq =   0.00000
       chdup =   0.00000
         cHw =   0.00000
          cH =   0.00000
         cHb =   0.00000
        cHwb =   0.00000
      cHq1st =   0.00000
      cHq3st =   0.03000
      cHq1rd =   0.00000
      cHq3rd =   0.00000
       cHdst =   0.00000
       cHust =   0.00000
       cHdrd =   0.00000
       cHurd =   0.00000
         cth =   0.00000
         cbh =   0.00000
 --------------

  mH       = 125.0000      GeV
  fact_scale 1.0
  ren_scale  1.0
  Kqq      =   0.26655013229919733            +-    2.8362856262932981E-004
  Kgq      =   -9.4100691056827432E-002       +-    1.5569294659135060E-004
  K_nlo    =    1.1724494412423700            +-    3.2355131765683914E-004
  Kqq2     =    6.0872747961131540E-002       +-    2.3473091731208366E-004
  Kgq2     =   -4.9083280974838543E-002       +-    1.7202851973587360E-004
  Kqqs     =    2.1846153186332435E-003       +-    3.9626423198755931E-006
  Kgg      =    1.5911377730025362E-003       +-    2.6779739554519947E-006
  K_nnlo   =    1.1880146613202989            +-    4.3520195815371313E-004
  sig_LO   = (  0.54929438450059520            +-    3.6777918160946118E-004 ) fb
  sig_NLO  = (  0.64401989418529437            +-    4.0846991845783204E-004 ) fb
  sig_NNLO = (  0.65256978216761663            +-    4.3864374769390777E-004 ) fb

  pp ---> HHW- + X
  ===============

  PDFSET = PDF4LHC21_40                                NSET =  17
  Sqrt(S)  = 14.0 TeV
  LOOP     = 3
  alphaS(MZ) =   0.11800
          kl =   1.00000
          kv =   1.00000
         k2v =   1.00000
         kth =   1.00000
         kbh =   1.00000
        cHsq =   0.00000
       chdup =   0.00000
         cHw =   0.00000
          cH =   0.00000
         cHb =   0.00000
        cHwb =   0.00000
      cHq1st =   0.00000
      cHq3st =   0.03000
      cHq1rd =   0.00000
      cHq3rd =   0.00000
       cHdst =   0.00000
       cHust =   0.00000
       cHdrd =   0.00000
       cHurd =   0.00000
         cth =   0.00000
         cbh =   0.00000
 --------------

  mH       = 125.0000      GeV
  fact_scale 1.0
  ren_scale  1.0
  Kqq      =   0.26667896001928659            +-    2.8333765050980584E-004
  Kgq      =   -9.4314396907069331E-002       +-    1.5559324511333245E-004
  K_nlo    =    1.1723645631122173            +-    3.2324832887629045E-004
  Kqq2     =    6.0918614645421129E-002       +-    2.3456637539485275E-004
  Kgq2     =   -4.9184867453220066E-002       +-    1.7150687270702625E-004
  Kqqs     =    2.1984445532722530E-003       +-    3.9787096197978796E-006
  Kgg      =    1.5699351006659033E-003       +-    2.6372349647934117E-006
  K_nnlo   =    1.1878666899583565            +-    4.3468179063705411E-004
  sig_LO   = (  0.55381696167647554            +-    3.7011401182001637E-004 ) fb
  sig_NLO  = (  0.64927538031997678            +-    4.1113585102582910E-004 ) fb
  sig_NNLO = (  0.65786072110942895            +-    4.4151705747487501E-004 ) fb

  pp ---> HHW- + X
  ===============

  PDFSET = PDF4LHC21_40                                NSET =  18
  Sqrt(S)  = 14.0 TeV
  LOOP     = 3
  alphaS(MZ) =   0.11800
          kl =   1.00000
          kv =   1.00000
         k2v =   1.00000
         kth =   1.00000
         kbh =   1.00000
        cHsq =   0.00000
       chdup =   0.00000
         cHw =   0.00000
          cH =   0.00000
         cHb =   0.00000
        cHwb =   0.00000
      cHq1st =   0.00000
      cHq3st =   0.03000
      cHq1rd =   0.00000
      cHq3rd =   0.00000
       cHdst =   0.00000
       cHust =   0.00000
       cHdrd =   0.00000
       cHurd =   0.00000
         cth =   0.00000
         cbh =   0.00000
 --------------

  mH       = 125.0000      GeV
  fact_scale 1.0
  ren_scale  1.0
  Kqq      =   0.26683239567256251            +-    2.8446048549879421E-004
  Kgq      =   -9.4697910946986472E-002       +-    1.5609555402035686E-004
  K_nlo    =    1.1721344847255759            +-    3.2447432840693554E-004
  Kqq2     =    6.0980198585254712E-002       +-    2.3551944870073285E-004
  Kgq2     =   -4.9394284472375122E-002       +-    1.7217876089685243E-004
  Kqqs     =    2.2067387137412508E-003       +-    3.9945452060204392E-006
  Kgg      =    1.5778568386747632E-003       +-    2.6482632470936017E-006
  K_nnlo   =    1.1875049943908715            +-    4.3637311547004508E-004
  sig_LO   = (  0.54916835087950511            +-    3.6956712959906955E-004 ) fb
  sig_NLO  = (  0.64369916198574306            +-    4.1028271607045671E-004 ) fb
  sig_NNLO = (  0.65214015943081094            +-    4.4046372976442553E-004 ) fb

  pp ---> HHW- + X
  ===============

  PDFSET = PDF4LHC21_40                                NSET =  19
  Sqrt(S)  = 14.0 TeV
  LOOP     = 3
  alphaS(MZ) =   0.11800
          kl =   1.00000
          kv =   1.00000
         k2v =   1.00000
         kth =   1.00000
         kbh =   1.00000
        cHsq =   0.00000
       chdup =   0.00000
         cHw =   0.00000
          cH =   0.00000
         cHb =   0.00000
        cHwb =   0.00000
      cHq1st =   0.00000
      cHq3st =   0.03000
      cHq1rd =   0.00000
      cHq3rd =   0.00000
       cHdst =   0.00000
       cHust =   0.00000
       cHdrd =   0.00000
       cHurd =   0.00000
         cth =   0.00000
         cbh =   0.00000
 --------------

  mH       = 125.0000      GeV
  fact_scale 1.0
  ren_scale  1.0
  Kqq      =   0.26674422776042384            +-    2.8310117798663152E-004
  Kgq      =   -9.4713917741160517E-002       +-    1.5654390644362825E-004
  K_nlo    =    1.1720303100192635            +-    3.2350003341893158E-004
  Kqq2     =    6.0951010969207714E-002       +-    2.3483664470085348E-004
  Kgq2     =   -4.9403335907424788E-002       +-    1.7298346893263546E-004
  Kqqs     =    2.1986456215150681E-003       +-    3.9860014313799530E-006
  Kgg      =    1.5951558360185114E-003       +-    2.6843204398202121E-006
  K_nnlo   =    1.1873717865385800            +-    4.3559946696937934E-004
  sig_LO   = (  0.54722197189991417            +-    3.6534712521777931E-004 ) fb
  sig_NLO  = (  0.64136073737520904            +-    4.0597640580675588E-004 ) fb
  sig_NNLO = (  0.64975593040796553            +-    4.3623226355087665E-004 ) fb

  pp ---> HHW- + X
  ===============

  PDFSET = PDF4LHC21_40                                NSET =  20
  Sqrt(S)  = 14.0 TeV
  LOOP     = 3
  alphaS(MZ) =   0.11800
          kl =   1.00000
          kv =   1.00000
         k2v =   1.00000
         kth =   1.00000
         kbh =   1.00000
        cHsq =   0.00000
       chdup =   0.00000
         cHw =   0.00000
          cH =   0.00000
         cHb =   0.00000
        cHwb =   0.00000
      cHq1st =   0.00000
      cHq3st =   0.03000
      cHq1rd =   0.00000
      cHq3rd =   0.00000
       cHdst =   0.00000
       cHust =   0.00000
       cHdrd =   0.00000
       cHurd =   0.00000
         cth =   0.00000
         cbh =   0.00000
 --------------

  mH       = 125.0000      GeV
  fact_scale 1.0
  ren_scale  1.0
  Kqq      =   0.26667618214406708            +-    2.8422287552156523E-004
  Kgq      =   -9.4915246282900947E-002       +-    1.5686713707462838E-004
  K_nlo    =    1.1717609358611660            +-    3.2463817037393710E-004
  Kqq2     =    6.0917818990166170E-002       +-    2.3525047467444246E-004
  Kgq2     =   -4.9499615912876931E-002       +-    1.7311792587955329E-004
  Kqqs     =    2.2046520218342303E-003       +-    3.9980316030013765E-006
  Kgg      =    1.5865509377065155E-003       +-    2.6659402453618511E-006
  K_nnlo   =    1.1869703418979960            +-    4.3672146186467280E-004
  sig_LO   = (  0.55040398393771139            +-    3.6958834537168846E-004 ) fb
  sig_NLO  = (  0.64494188732056690            +-    4.1051535052396188E-004 ) fb
  sig_NNLO = (  0.65331320499656431            +-    4.4087961614044702E-004 ) fb

  pp ---> HHW- + X
  ===============

  PDFSET = PDF4LHC21_40                                NSET =  21
  Sqrt(S)  = 14.0 TeV
  LOOP     = 3
  alphaS(MZ) =   0.11800
          kl =   1.00000
          kv =   1.00000
         k2v =   1.00000
         kth =   1.00000
         kbh =   1.00000
        cHsq =   0.00000
       chdup =   0.00000
         cHw =   0.00000
          cH =   0.00000
         cHb =   0.00000
        cHwb =   0.00000
      cHq1st =   0.00000
      cHq3st =   0.03000
      cHq1rd =   0.00000
      cHq3rd =   0.00000
       cHdst =   0.00000
       cHust =   0.00000
       cHdrd =   0.00000
       cHurd =   0.00000
         cth =   0.00000
         cbh =   0.00000
 --------------

  mH       = 125.0000      GeV
  fact_scale 1.0
  ren_scale  1.0
  Kqq      =   0.26673287078187485            +-    2.8393802352914415E-004
  Kgq      =   -9.5166480540298262E-002       +-    1.5715543539875294E-004
  K_nlo    =    1.1715663902415765            +-    3.2452832246355389E-004
  Kqq2     =    6.0949963843371792E-002       +-    2.3506113313704095E-004
  Kgq2     =   -4.9637410538840479E-002       +-    1.7350105737250963E-004
  Kqqs     =    2.2107278295203639E-003       +-    4.0054412588013780E-006
  Kgg      =    1.5945483864163292E-003       +-    2.6807839573526841E-006
  K_nnlo   =    1.1866842197620444            +-    4.3669006797082151E-004
  sig_LO   = (  0.54627423272256337            +-    3.6613769710847652E-004 ) fb
  sig_NLO  = (  0.63999653091276043            +-    4.0679912663120471E-004 ) fb
  sig_NNLO = (  0.64825501163448462            +-    4.3699442065183304E-004 ) fb

  pp ---> HHW- + X
  ===============

  PDFSET = PDF4LHC21_40                                NSET =  22
  Sqrt(S)  = 14.0 TeV
  LOOP     = 3
  alphaS(MZ) =   0.11800
          kl =   1.00000
          kv =   1.00000
         k2v =   1.00000
         kth =   1.00000
         kbh =   1.00000
        cHsq =   0.00000
       chdup =   0.00000
         cHw =   0.00000
          cH =   0.00000
         cHb =   0.00000
        cHwb =   0.00000
      cHq1st =   0.00000
      cHq3st =   0.03000
      cHq1rd =   0.00000
      cHq3rd =   0.00000
       cHdst =   0.00000
       cHust =   0.00000
       cHdrd =   0.00000
       cHurd =   0.00000
         cth =   0.00000
         cbh =   0.00000
 --------------

  mH       = 125.0000      GeV
  fact_scale 1.0
  ren_scale  1.0
  Kqq      =   0.26662562057232991            +-    2.8351294245786764E-004
  Kgq      =   -9.4800341842598085E-002       +-    1.5692059988970988E-004
  K_nlo    =    1.1718252787297319            +-    3.2404268732817379E-004
  Kqq2     =    6.0905601146120043E-002       +-    2.3470840173582695E-004
  Kgq2     =   -4.9439251907469124E-002       +-    1.7318541979275824E-004
  Kqqs     =    2.1976115963373111E-003       +-    3.9825317716555355E-006
  Kgg      =    1.5980822929667694E-003       +-    2.6947881246170916E-006
  K_nnlo   =    1.1870873218576870            +-    4.3601377171758427E-004
  sig_LO   = (  0.54785836397232857            +-    3.6655794341972656E-004 ) fb
  sig_NLO  = (  0.64199428006628889            +-    4.0728546257473114E-004 ) fb
  sig_NNLO = (  0.65035571804524539            +-    4.3752190141501686E-004 ) fb

  pp ---> HHW- + X
  ===============

  PDFSET = PDF4LHC21_40                                NSET =  23
  Sqrt(S)  = 14.0 TeV
  LOOP     = 3
  alphaS(MZ) =   0.11800
          kl =   1.00000
          kv =   1.00000
         k2v =   1.00000
         kth =   1.00000
         kbh =   1.00000
        cHsq =   0.00000
       chdup =   0.00000
         cHw =   0.00000
          cH =   0.00000
         cHb =   0.00000
        cHwb =   0.00000
      cHq1st =   0.00000
      cHq3st =   0.03000
      cHq1rd =   0.00000
      cHq3rd =   0.00000
       cHdst =   0.00000
       cHust =   0.00000
       cHdrd =   0.00000
       cHurd =   0.00000
         cth =   0.00000
         cbh =   0.00000
 --------------

  mH       = 125.0000      GeV
  fact_scale 1.0
  ren_scale  1.0
  Kqq      =   0.26679626662835249            +-    2.8262522151217216E-004
  Kgq      =   -9.5024321207342125E-002       +-    1.5702661326535760E-004
  K_nlo    =    1.1717719454210105            +-    3.2331775872721956E-004
  Kqq2     =    6.0979425046720430E-002       +-    2.3379694751143846E-004
  Kgq2     =   -4.9558969282073657E-002       +-    1.7326356913324539E-004
  Kqqs     =    2.2084388454247181E-003       +-    4.0008392365997030E-006
  Kgg      =    1.5896335201366217E-003       +-    2.6715069660337138E-006
  K_nnlo   =    1.1869904735512185            +-    4.3501585468453497E-004
  sig_LO   = (  0.54828894538758088            +-    3.6420066503393424E-004 ) fb
  sig_NLO  = (  0.64246960418963972            +-    4.0505225329476628E-004 ) fb
  sig_NNLO = (  0.65081375492850269            +-    4.3535185296215582E-004 ) fb

  pp ---> HHW- + X
  ===============

  PDFSET = PDF4LHC21_40                                NSET =  24
  Sqrt(S)  = 14.0 TeV
  LOOP     = 3
  alphaS(MZ) =   0.11800
          kl =   1.00000
          kv =   1.00000
         k2v =   1.00000
         kth =   1.00000
         kbh =   1.00000
        cHsq =   0.00000
       chdup =   0.00000
         cHw =   0.00000
          cH =   0.00000
         cHb =   0.00000
        cHwb =   0.00000
      cHq1st =   0.00000
      cHq3st =   0.03000
      cHq1rd =   0.00000
      cHq3rd =   0.00000
       cHdst =   0.00000
       cHust =   0.00000
       cHdrd =   0.00000
       cHurd =   0.00000
         cth =   0.00000
         cbh =   0.00000
 --------------

  mH       = 125.0000      GeV
  fact_scale 1.0
  ren_scale  1.0
  Kqq      =   0.26640808903424051            +-    2.8044803020343132E-004
  Kgq      =   -9.4627129003849259E-002       +-    1.5632342148186050E-004
  K_nlo    =    1.1717809600303914            +-    3.2107337128572364E-004
  Kqq2     =    6.0836455705393096E-002       +-    2.3154628783356770E-004
  Kgq2     =   -4.9344243407275647E-002       +-    1.7245204412563378E-004
  Kqqs     =    2.1984341652268031E-003       +-    3.9768209089565151E-006
  Kgg      =    1.5809292679882128E-003       +-    2.6579435822816528E-006
  K_nnlo   =    1.1870525357617239            +-    4.3181521563050970E-004
  sig_LO   = (  0.55177544633880693            +-    3.6481392228995645E-004 ) fb
  sig_NLO  = (  0.64655996223208478            +-    4.0555518268006247E-004 ) fb
  sig_NNLO = (  0.65498644274753770            +-    4.3572861279618795E-004 ) fb

  pp ---> HHW- + X
  ===============

  PDFSET = PDF4LHC21_40                                NSET =  25
  Sqrt(S)  = 14.0 TeV
  LOOP     = 3
  alphaS(MZ) =   0.11800
          kl =   1.00000
          kv =   1.00000
         k2v =   1.00000
         kth =   1.00000
         kbh =   1.00000
        cHsq =   0.00000
       chdup =   0.00000
         cHw =   0.00000
          cH =   0.00000
         cHb =   0.00000
        cHwb =   0.00000
      cHq1st =   0.00000
      cHq3st =   0.03000
      cHq1rd =   0.00000
      cHq3rd =   0.00000
       cHdst =   0.00000
       cHust =   0.00000
       cHdrd =   0.00000
       cHurd =   0.00000
         cth =   0.00000
         cbh =   0.00000
 --------------

  mH       = 125.0000      GeV
  fact_scale 1.0
  ren_scale  1.0
  Kqq      =   0.26651325345219273            +-    2.8369461553374721E-004
  Kgq      =   -9.4861592456072438E-002       +-    1.5712072029939748E-004
  K_nlo    =    1.1716516609961203            +-    3.2429855940204567E-004
  Kqq2     =    6.0863009066425083E-002       +-    2.3482483990288930E-004
  Kgq2     =   -4.9476950115024697E-002       +-    1.7363531747993630E-004
  Kqqs     =    2.2007648113867712E-003       +-    3.9967232347631026E-006
  Kgg      =    1.5915876703231485E-003       +-    2.6769459594526050E-006
  K_nnlo   =    1.1868300724292307            +-    4.3644544261373970E-004
  sig_LO   = (  0.54989981014715883            +-    3.6850785733596363E-004 ) fb
  sig_NLO  = (  0.64429102594036980            +-    4.0939008529476104E-004 ) fb
  sig_NNLO = (  0.65263763150577259            +-    4.3977113208546565E-004 ) fb

  pp ---> HHW- + X
  ===============

  PDFSET = PDF4LHC21_40                                NSET =  26
  Sqrt(S)  = 14.0 TeV
  LOOP     = 3
  alphaS(MZ) =   0.11800
          kl =   1.00000
          kv =   1.00000
         k2v =   1.00000
         kth =   1.00000
         kbh =   1.00000
        cHsq =   0.00000
       chdup =   0.00000
         cHw =   0.00000
          cH =   0.00000
         cHb =   0.00000
        cHwb =   0.00000
      cHq1st =   0.00000
      cHq3st =   0.03000
      cHq1rd =   0.00000
      cHq3rd =   0.00000
       cHdst =   0.00000
       cHust =   0.00000
       cHdrd =   0.00000
       cHurd =   0.00000
         cth =   0.00000
         cbh =   0.00000
 --------------

  mH       = 125.0000      GeV
  fact_scale 1.0
  ren_scale  1.0
  Kqq      =   0.26663410940605692            +-    2.8073861074296883E-004
  Kgq      =   -9.4995225906127106E-002       +-    1.5585898963312091E-004
  K_nlo    =    1.1716388834999298            +-    3.2110152944411438E-004
  Kqq2     =    6.0934751497902472E-002       +-    2.3001612213477781E-004
  Kgq2     =   -4.9512959149212804E-002       +-    1.7085617868503212E-004
  Kqqs     =    2.2105003740064307E-003       +-    3.9632058022494174E-006
  Kgg      =    1.5830915758739993E-003       +-    2.6581643743152101E-006
  K_nnlo   =    1.1868542677985001            +-    4.3038147646732428E-004
  sig_LO   = (  0.55023950912916031            +-    3.6140050304747450E-004 ) fb
  sig_NLO  = (  0.64468200413363885            +-    4.0227741301654884E-004 ) fb
  sig_NNLO = (  0.65305410972129563            +-    4.3207715698238559E-004 ) fb

  pp ---> HHW- + X
  ===============

  PDFSET = PDF4LHC21_40                                NSET =  27
  Sqrt(S)  = 14.0 TeV
  LOOP     = 3
  alphaS(MZ) =   0.11800
          kl =   1.00000
          kv =   1.00000
         k2v =   1.00000
         kth =   1.00000
         kbh =   1.00000
        cHsq =   0.00000
       chdup =   0.00000
         cHw =   0.00000
          cH =   0.00000
         cHb =   0.00000
        cHwb =   0.00000
      cHq1st =   0.00000
      cHq3st =   0.03000
      cHq1rd =   0.00000
      cHq3rd =   0.00000
       cHdst =   0.00000
       cHust =   0.00000
       cHdrd =   0.00000
       cHurd =   0.00000
         cth =   0.00000
         cbh =   0.00000
 --------------

  mH       = 125.0000      GeV
  fact_scale 1.0
  ren_scale  1.0
  Kqq      =   0.26664530605366132            +-    2.8239688261115292E-004
  Kgq      =   -9.4684434586873520E-002       +-    1.5629066335995134E-004
  K_nlo    =    1.1719608714667877            +-    3.2276116675026276E-004
  Kqq2     =    6.0922788379014110E-002       +-    2.3355415146566292E-004
  Kgq2     =   -4.9392912080187000E-002       +-    1.7265682282270988E-004
  Kqqs     =    2.2010063341844342E-003       +-    3.9817358991472595E-006
  Kgg      =    1.5896992757446324E-003       +-    2.6726699358473808E-006
  K_nnlo   =    1.1872814533755440            +-    4.3422999468188043E-004
  sig_LO   = (  0.54810744105469189            +-    3.6431690754081274E-004 ) fb
  sig_NLO  = (  0.64236047427588772            +-    4.0499775039244126E-004 ) fb
  sig_NNLO = (  0.65075779922136479            +-    4.3517013013315254E-004 ) fb

  pp ---> HHW- + X
  ===============

  PDFSET = PDF4LHC21_40                                NSET =  28
  Sqrt(S)  = 14.0 TeV
  LOOP     = 3
  alphaS(MZ) =   0.11800
          kl =   1.00000
          kv =   1.00000
         k2v =   1.00000
         kth =   1.00000
         kbh =   1.00000
        cHsq =   0.00000
       chdup =   0.00000
         cHw =   0.00000
          cH =   0.00000
         cHb =   0.00000
        cHwb =   0.00000
      cHq1st =   0.00000
      cHq3st =   0.03000
      cHq1rd =   0.00000
      cHq3rd =   0.00000
       cHdst =   0.00000
       cHust =   0.00000
       cHdrd =   0.00000
       cHurd =   0.00000
         cth =   0.00000
         cbh =   0.00000
 --------------

  mH       = 125.0000      GeV
  fact_scale 1.0
  ren_scale  1.0
  Kqq      =   0.26674259039368498            +-    2.8403128268004432E-004
  Kgq      =   -9.5090831786002680E-002       +-    1.5720119726218018E-004
  K_nlo    =    1.1716517586076822            +-    3.2463207783817996E-004
  Kqq2     =    6.0948644537132841E-002       +-    2.3526790620381305E-004
  Kgq2     =   -4.9596174822868093E-002       +-    1.7350047318687924E-004
  Kqqs     =    2.2127652758736831E-003       +-    4.0133379006051907E-006
  Kgg      =    1.5807726009428149E-003       +-    2.6545517994114472E-006
  K_nnlo   =    1.1867977661987634            +-    4.3687817681075752E-004
  sig_LO   = (  0.54907059538070369            +-    3.6834449016751275E-004 ) fb
  sig_NLO  = (  0.64331952867756859            +-    4.0920566268982933E-004 ) fb
  sig_NNLO = (  0.65163575608324409            +-    4.3956639963445748E-004 ) fb

  pp ---> HHW- + X
  ===============

  PDFSET = PDF4LHC21_40                                NSET =  29
  Sqrt(S)  = 14.0 TeV
  LOOP     = 3
  alphaS(MZ) =   0.11800
          kl =   1.00000
          kv =   1.00000
         k2v =   1.00000
         kth =   1.00000
         kbh =   1.00000
        cHsq =   0.00000
       chdup =   0.00000
         cHw =   0.00000
          cH =   0.00000
         cHb =   0.00000
        cHwb =   0.00000
      cHq1st =   0.00000
      cHq3st =   0.03000
      cHq1rd =   0.00000
      cHq3rd =   0.00000
       cHdst =   0.00000
       cHust =   0.00000
       cHdrd =   0.00000
       cHurd =   0.00000
         cth =   0.00000
         cbh =   0.00000
 --------------

  mH       = 125.0000      GeV
  fact_scale 1.0
  ren_scale  1.0
  Kqq      =   0.26674934028582331            +-    2.8421245181035339E-004
  Kgq      =   -9.5081013647878895E-002       +-    1.5703374304190231E-004
  K_nlo    =    1.1716683266379446            +-    3.2470958442553348E-004
  Kqq2     =    6.0954379523963119E-002       +-    2.3513864781769033E-004
  Kgq2     =   -4.9596514250456317E-002       +-    1.7351893543701309E-004
  Kqqs     =    2.2143217540697984E-003       +-    4.0121450469703781E-006
  Kgg      =    1.5838544641426499E-003       +-    2.6597970835923979E-006
  K_nnlo   =    1.1868243681296637            +-    4.3687354085471074E-004
  sig_LO   = (  0.54918535142852098            +-    3.6863789734918080E-004 ) fb
  sig_NLO  = (  0.64346308172232658            +-    4.0950454391731341E-004 ) fb
  sig_NNLO = (  0.65178655769522176            +-    4.3983825277668252E-004 ) fb

  pp ---> HHW- + X
  ===============

  PDFSET = PDF4LHC21_40                                NSET =  30
  Sqrt(S)  = 14.0 TeV
  LOOP     = 3
  alphaS(MZ) =   0.11800
          kl =   1.00000
          kv =   1.00000
         k2v =   1.00000
         kth =   1.00000
         kbh =   1.00000
        cHsq =   0.00000
       chdup =   0.00000
         cHw =   0.00000
          cH =   0.00000
         cHb =   0.00000
        cHwb =   0.00000
      cHq1st =   0.00000
      cHq3st =   0.03000
      cHq1rd =   0.00000
      cHq3rd =   0.00000
       cHdst =   0.00000
       cHust =   0.00000
       cHdrd =   0.00000
       cHurd =   0.00000
         cth =   0.00000
         cbh =   0.00000
 --------------

  mH       = 125.0000      GeV
  fact_scale 1.0
  ren_scale  1.0
  Kqq      =   0.26684327769802291            +-    2.8469218243555540E-004
  Kgq      =   -9.4980151856488754E-002       +-    1.5667371067642959E-004
  K_nlo    =    1.1718631258415342            +-    3.2495582831677464E-004
  Kqq2     =    6.0981793231943061E-002       +-    2.3602630771042248E-004
  Kgq2     =   -4.9544275970308603E-002       +-    1.7302416548171376E-004
  Kqqs     =    2.2048311170023145E-003       +-    3.9958942019851626E-006
  Kgg      =    1.5882879274890190E-003       +-    2.6641840258147498E-006
  K_nnlo   =    1.1870937621476598            +-    4.3733869617962746E-004
  sig_LO   = (  0.54806915047724802            +-    3.6901379938847188E-004 ) fb
  sig_NLO  = (  0.64226202785558206            +-    4.0974403723856805E-004 ) fb
  sig_NNLO = (  0.65060946975710843            +-    4.4002655145597967E-004 ) fb

  pp ---> HHW- + X
  ===============

  PDFSET = PDF4LHC21_40                                NSET =  31
  Sqrt(S)  = 14.0 TeV
  LOOP     = 3
  alphaS(MZ) =   0.11800
          kl =   1.00000
          kv =   1.00000
         k2v =   1.00000
         kth =   1.00000
         kbh =   1.00000
        cHsq =   0.00000
       chdup =   0.00000
         cHw =   0.00000
          cH =   0.00000
         cHb =   0.00000
        cHwb =   0.00000
      cHq1st =   0.00000
      cHq3st =   0.03000
      cHq1rd =   0.00000
      cHq3rd =   0.00000
       cHdst =   0.00000
       cHust =   0.00000
       cHdrd =   0.00000
       cHurd =   0.00000
         cth =   0.00000
         cbh =   0.00000
 --------------

  mH       = 125.0000      GeV
  fact_scale 1.0
  ren_scale  1.0
  Kqq      =   0.26664883615946933            +-    2.8396582081414567E-004
  Kgq      =   -9.4450027457914226E-002       +-    1.5630026352742463E-004
  K_nlo    =    1.1721988087015549            +-    3.2413941409429659E-004
  Kqq2     =    6.0918184198862434E-002       +-    2.3489251811176755E-004
  Kgq2     =   -4.9278406800952024E-002       +-    1.7308105025751609E-004
  Kqqs     =    2.1967032572374127E-003       +-    3.9866418839200257E-006
  Kgg      =    1.5831524450247089E-003       +-    2.6612544748037090E-006
  K_nnlo   =    1.1876184418017275            +-    4.3614318793421046E-004
  sig_LO   = (  0.54780942358949813            +-    3.6709419825694742E-004 ) fb
  sig_NLO  = (  0.64214155372709525            +-    4.0778432647668229E-004 ) fb
  sig_NNLO = (  0.65058857404766235            +-    4.3799830684293760E-004 ) fb

  pp ---> HHW- + X
  ===============

  PDFSET = PDF4LHC21_40                                NSET =  32
  Sqrt(S)  = 14.0 TeV
  LOOP     = 3
  alphaS(MZ) =   0.11800
          kl =   1.00000
          kv =   1.00000
         k2v =   1.00000
         kth =   1.00000
         kbh =   1.00000
        cHsq =   0.00000
       chdup =   0.00000
         cHw =   0.00000
          cH =   0.00000
         cHb =   0.00000
        cHwb =   0.00000
      cHq1st =   0.00000
      cHq3st =   0.03000
      cHq1rd =   0.00000
      cHq3rd =   0.00000
       cHdst =   0.00000
       cHust =   0.00000
       cHdrd =   0.00000
       cHurd =   0.00000
         cth =   0.00000
         cbh =   0.00000
 --------------

  mH       = 125.0000      GeV
  fact_scale 1.0
  ren_scale  1.0
  Kqq      =   0.26660876866991939            +-    2.8364320735208904E-004
  Kgq      =   -9.4734161090097649E-002       +-    1.5665452276414309E-004
  K_nlo    =    1.1718746075798219            +-    3.2402794413359103E-004
  Kqq2     =    6.0897770237335509E-002       +-    2.3476941506163189E-004
  Kgq2     =   -4.9407115642873686E-002       +-    1.7310550883033754E-004
  Kqqs     =    2.2043515247087081E-003       +-    4.0042848765505525E-006
  Kgg      =    1.5829602209364601E-003       +-    2.6609931655231319E-006
  K_nnlo   =    1.1871525739199289            +-    4.3600392108011140E-004
  sig_LO   = (  0.55052671409278153            +-    3.6876000535372071E-004 ) fb
  sig_NLO  = (  0.64514827703968713            +-    4.0964072134780209E-004 ) fb
  sig_NNLO = (  0.65355920564692638            +-    4.3999910163763180E-004 ) fb

  pp ---> HHW- + X
  ===============

  PDFSET = PDF4LHC21_40                                NSET =  33
  Sqrt(S)  = 14.0 TeV
  LOOP     = 3
  alphaS(MZ) =   0.11800
          kl =   1.00000
          kv =   1.00000
         k2v =   1.00000
         kth =   1.00000
         kbh =   1.00000
        cHsq =   0.00000
       chdup =   0.00000
         cHw =   0.00000
          cH =   0.00000
         cHb =   0.00000
        cHwb =   0.00000
      cHq1st =   0.00000
      cHq3st =   0.03000
      cHq1rd =   0.00000
      cHq3rd =   0.00000
       cHdst =   0.00000
       cHust =   0.00000
       cHdrd =   0.00000
       cHurd =   0.00000
         cth =   0.00000
         cbh =   0.00000
 --------------

  mH       = 125.0000      GeV
  fact_scale 1.0
  ren_scale  1.0
  Kqq      =   0.26671091736164315            +-    2.8424964565000583E-004
  Kgq      =   -9.4808607140201312E-002       +-    1.5660099996195714E-004
  K_nlo    =    1.1719023102214419            +-    3.2453310191910901E-004
  Kqq2     =    6.0931923767189734E-002       +-    2.3557656642978796E-004
  Kgq2     =   -4.9450376876021024E-002       +-    1.7285041907992192E-004
  Kqqs     =    2.2030382180697923E-003       +-    3.9929268937640207E-006
  Kgg      =    1.5865882182537492E-003       +-    2.6681008936653271E-006
  K_nnlo   =    1.1871734835489340            +-    4.3671315814359135E-004
  sig_LO   = (  0.54831244501223786            +-    3.6840067307716758E-004 ) fb
  sig_NLO  = (  0.64256862103300882            +-    4.0912549496651210E-004 ) fb
  sig_NNLO = (  0.65094199541841180            +-    4.3938351952600653E-004 ) fb

  pp ---> HHW- + X
  ===============

  PDFSET = PDF4LHC21_40                                NSET =  34
  Sqrt(S)  = 14.0 TeV
  LOOP     = 3
  alphaS(MZ) =   0.11800
          kl =   1.00000
          kv =   1.00000
         k2v =   1.00000
         kth =   1.00000
         kbh =   1.00000
        cHsq =   0.00000
       chdup =   0.00000
         cHw =   0.00000
          cH =   0.00000
         cHb =   0.00000
        cHwb =   0.00000
      cHq1st =   0.00000
      cHq3st =   0.03000
      cHq1rd =   0.00000
      cHq3rd =   0.00000
       cHdst =   0.00000
       cHust =   0.00000
       cHdrd =   0.00000
       cHurd =   0.00000
         cth =   0.00000
         cbh =   0.00000
 --------------

  mH       = 125.0000      GeV
  fact_scale 1.0
  ren_scale  1.0
  Kqq      =   0.26636816352208253            +-    2.8121699749966266E-004
  Kgq      =   -9.4668271241611215E-002       +-    1.5600305605310323E-004
  K_nlo    =    1.1716998922804713            +-    3.2158972803967629E-004
  Kqq2     =    6.0825996499883614E-002       +-    2.3197283665203226E-004
  Kgq2     =   -4.9355882108211575E-002       +-    1.7150021110202393E-004
  Kqqs     =    2.1988788099835390E-003       +-    3.9691099532894242E-006
  Kgg      =    1.5866792235280864E-003       +-    2.6660644469403965E-006
  K_nnlo   =    1.1869555647056551            +-    4.3204922667043242E-004
  sig_LO   = (  0.55235843910418059            +-    3.6882940296777237E-004 ) fb
  sig_NLO  = (  0.64719832359857765            +-    4.0937579337901273E-004 ) fb
  sig_NNLO = (  0.65562492300683672            +-    4.3930292420101035E-004 ) fb

  pp ---> HHW- + X
  ===============

  PDFSET = PDF4LHC21_40                                NSET =  35
  Sqrt(S)  = 14.0 TeV
  LOOP     = 3
  alphaS(MZ) =   0.11800
          kl =   1.00000
          kv =   1.00000
         k2v =   1.00000
         kth =   1.00000
         kbh =   1.00000
        cHsq =   0.00000
       chdup =   0.00000
         cHw =   0.00000
          cH =   0.00000
         cHb =   0.00000
        cHwb =   0.00000
      cHq1st =   0.00000
      cHq3st =   0.03000
      cHq1rd =   0.00000
      cHq3rd =   0.00000
       cHdst =   0.00000
       cHust =   0.00000
       cHdrd =   0.00000
       cHurd =   0.00000
         cth =   0.00000
         cbh =   0.00000
 --------------

  mH       = 125.0000      GeV
  fact_scale 1.0
  ren_scale  1.0
  Kqq      =   0.26665384895537259            +-    2.8412335574939924E-004
  Kgq      =   -9.4746878629861586E-002       +-    1.5662338604071829E-004
  K_nlo    =    1.1719069703255109            +-    3.2443330029015136E-004
  Kqq2     =    6.0913741625980268E-002       +-    2.3507248490342646E-004
  Kgq2     =   -4.9419673903068395E-002       +-    1.7310697705752518E-004
  Kqqs     =    2.2000905564824331E-003       +-    3.9886689938895558E-006
  Kgg      =    1.5889357809091803E-003       +-    2.6698320058697184E-006
  K_nnlo   =    1.1871900643858144            +-    4.3646890208250588E-004
  sig_LO   = (  0.54865970682518383            +-    3.6816894627181648E-004 ) fb
  sig_NLO  = (  0.64297813476518428            +-    4.0894206397125215E-004 ) fb
  sig_NNLO = (  0.65136335267169210            +-    4.3919886471143512E-004 ) fb

  pp ---> HHW- + X
  ===============

  PDFSET = PDF4LHC21_40                                NSET =  36
  Sqrt(S)  = 14.0 TeV
  LOOP     = 3
  alphaS(MZ) =   0.11800
          kl =   1.00000
          kv =   1.00000
         k2v =   1.00000
         kth =   1.00000
         kbh =   1.00000
        cHsq =   0.00000
       chdup =   0.00000
         cHw =   0.00000
          cH =   0.00000
         cHb =   0.00000
        cHwb =   0.00000
      cHq1st =   0.00000
      cHq3st =   0.03000
      cHq1rd =   0.00000
      cHq3rd =   0.00000
       cHdst =   0.00000
       cHust =   0.00000
       cHdrd =   0.00000
       cHurd =   0.00000
         cth =   0.00000
         cbh =   0.00000
 --------------

  mH       = 125.0000      GeV
  fact_scale 1.0
  ren_scale  1.0
  Kqq      =   0.26661656014468293            +-    2.8348682908609134E-004
  Kgq      =   -9.4827759163487721E-002       +-    1.5677033047652335E-004
  K_nlo    =    1.1717888009811954            +-    3.2394709256760603E-004
  Kqq2     =    6.0901911217954852E-002       +-    2.3449529084579369E-004
  Kgq2     =   -4.9458799082527170E-002       +-    1.7320271191471420E-004
  Kqqs     =    2.1969213176065367E-003       +-    3.9795389470158511E-006
  Kgg      =    1.5955303663971370E-003       +-    2.6858054751508860E-006
  K_nnlo   =    1.1870243648006265            +-    4.3583481952197341E-004
  sig_LO   = (  0.54864788349113691            +-    3.6684589041948047E-004 ) fb
  sig_NLO  = (  0.64289944555694978            +-    4.0763327431956757E-004 ) fb
  sig_NNLO = (  0.65125840540027491            +-    4.3789748868315419E-004 ) fb

  pp ---> HHW- + X
  ===============

  PDFSET = PDF4LHC21_40                                NSET =  37
  Sqrt(S)  = 14.0 TeV
  LOOP     = 3
  alphaS(MZ) =   0.11800
          kl =   1.00000
          kv =   1.00000
         k2v =   1.00000
         kth =   1.00000
         kbh =   1.00000
        cHsq =   0.00000
       chdup =   0.00000
         cHw =   0.00000
          cH =   0.00000
         cHb =   0.00000
        cHwb =   0.00000
      cHq1st =   0.00000
      cHq3st =   0.03000
      cHq1rd =   0.00000
      cHq3rd =   0.00000
       cHdst =   0.00000
       cHust =   0.00000
       cHdrd =   0.00000
       cHurd =   0.00000
         cth =   0.00000
         cbh =   0.00000
 --------------

  mH       = 125.0000      GeV
  fact_scale 1.0
  ren_scale  1.0
  Kqq      =   0.26641381093637706            +-    2.8256809684627608E-004
  Kgq      =   -9.4158780158186267E-002       +-    1.5562103151041956E-004
  K_nlo    =    1.1722550307781909            +-    3.2258740645551166E-004
  Kqq2     =    6.0822076361448332E-002       +-    2.3351193533296304E-004
  Kgq2     =   -4.9109113223586694E-002       +-    1.7182114932987391E-004
  Kqqs     =    2.1902445904218170E-003       +-    3.9676736427365223E-006
  Kgg      =    1.5766797218829869E-003       +-    2.6496736875023314E-006
  K_nnlo   =    1.1877349182283574            +-    4.3374615768726265E-004
  sig_LO   = (  0.55247412229518711            +-    3.6776927480858246E-004 ) fb
  sig_NLO  = (  0.64764056923529856            +-    4.0867717525125007E-004 ) fb
  sig_NNLO = (  0.65619280646755762            +-    4.3895155441503410E-004 ) fb

  pp ---> HHW- + X
  ===============

  PDFSET = PDF4LHC21_40                                NSET =  38
  Sqrt(S)  = 14.0 TeV
  LOOP     = 3
  alphaS(MZ) =   0.11800
          kl =   1.00000
          kv =   1.00000
         k2v =   1.00000
         kth =   1.00000
         kbh =   1.00000
        cHsq =   0.00000
       chdup =   0.00000
         cHw =   0.00000
          cH =   0.00000
         cHb =   0.00000
        cHwb =   0.00000
      cHq1st =   0.00000
      cHq3st =   0.03000
      cHq1rd =   0.00000
      cHq3rd =   0.00000
       cHdst =   0.00000
       cHust =   0.00000
       cHdrd =   0.00000
       cHurd =   0.00000
         cth =   0.00000
         cbh =   0.00000
 --------------

  mH       = 125.0000      GeV
  fact_scale 1.0
  ren_scale  1.0
  Kqq      =   0.26661579636740734            +-    2.8369573150009573E-004
  Kgq      =   -9.4843581437763849E-002       +-    1.5669248432416538E-004
  K_nlo    =    1.1717722149296435            +-    3.2409227500058253E-004
  Kqq2     =    6.0899331445583904E-002       +-    2.3474654399273571E-004
  Kgq2     =   -4.9464610327418043E-002       +-    1.7299014234608596E-004
  Kqqs     =    2.2039175422777007E-003       +-    3.9944827353632113E-006
  Kgg      =    1.5837623308509545E-003       +-    2.6610833818791452E-006
  K_nnlo   =    1.1869946159209379            +-    4.3599354265584503E-004
  sig_LO   = (  0.54990065864496973            +-    3.6818468068552435E-004 ) fb
  sig_NLO  = (  0.64435831277168598            +-    4.0904989012406200E-004 ) fb
  sig_NNLO = (  0.65272912110295667            +-    4.3936491148415050E-004 ) fb

  pp ---> HHW- + X
  ===============

  PDFSET = PDF4LHC21_40                                NSET =  39
  Sqrt(S)  = 14.0 TeV
  LOOP     = 3
  alphaS(MZ) =   0.11800
          kl =   1.00000
          kv =   1.00000
         k2v =   1.00000
         kth =   1.00000
         kbh =   1.00000
        cHsq =   0.00000
       chdup =   0.00000
         cHw =   0.00000
          cH =   0.00000
         cHb =   0.00000
        cHwb =   0.00000
      cHq1st =   0.00000
      cHq3st =   0.03000
      cHq1rd =   0.00000
      cHq3rd =   0.00000
       cHdst =   0.00000
       cHust =   0.00000
       cHdrd =   0.00000
       cHurd =   0.00000
         cth =   0.00000
         cbh =   0.00000
 --------------

  mH       = 125.0000      GeV
  fact_scale 1.0
  ren_scale  1.0
  Kqq      =   0.26655925045356949            +-    2.8365538599853214E-004
  Kgq      =   -9.4601038614915409E-002       +-    1.5657134291445718E-004
  K_nlo    =    1.1719582118386540            +-    3.2399840034792271E-004
  Kqq2     =    6.0871367832163070E-002       +-    2.3476965424257013E-004
  Kgq2     =   -4.9323851151428039E-002       +-    1.7280099731070543E-004
  Kqqs     =    2.1935316267256326E-003       +-    3.9813425867106238E-006
  Kgg      =    1.5904799532523799E-003       +-    2.6739678714653186E-006
  K_nnlo   =    1.1872897400993672            +-    4.3586114743772875E-004
  sig_LO   = (  0.54960650482998918            +-    3.6805196572946210E-004 ) fb
  sig_NLO  = (  0.64411585661544668            +-    4.0886642600397805E-004 ) fb
  sig_NNLO = (  0.65254216427651934            +-    4.3914401800856050E-004 ) fb

  pp ---> HHW- + X
  ===============

  PDFSET = PDF4LHC21_40                                NSET =  40
  Sqrt(S)  = 14.0 TeV
  LOOP     = 3
  alphaS(MZ) =   0.11800
          kl =   1.00000
          kv =   1.00000
         k2v =   1.00000
         kth =   1.00000
         kbh =   1.00000
        cHsq =   0.00000
       chdup =   0.00000
         cHw =   0.00000
          cH =   0.00000
         cHb =   0.00000
        cHwb =   0.00000
      cHq1st =   0.00000
      cHq3st =   0.03000
      cHq1rd =   0.00000
      cHq3rd =   0.00000
       cHdst =   0.00000
       cHust =   0.00000
       cHdrd =   0.00000
       cHurd =   0.00000
         cth =   0.00000
         cbh =   0.00000
 --------------

  mH       = 125.0000      GeV
  fact_scale 1.0
  ren_scale  1.0
  Kqq      =   0.26661661982022417            +-    2.8282581930282594E-004
  Kgq      =   -9.4654162964435851E-002       +-    1.5633621457581274E-004
  K_nlo    =    1.1719624568557885            +-    3.2315856178076008E-004
  Kqq2     =    6.0906774537748697E-002       +-    2.3394813263455489E-004
  Kgq2     =   -4.9374435069313508E-002       +-    1.7277623722733367E-004
  Kqqs     =    2.1998495160741611E-003       +-    3.9814754951952221E-006
  Kgg      =    1.5840182233424656E-003       +-    2.6618802037532077E-006
  K_nnlo   =    1.1872786640636404            +-    4.3478471766976635E-004
  sig_LO   = (  0.54978371118652836            +-    3.6633751153078637E-004 ) fb
  sig_NLO  = (  0.64432586890145693            +-    4.0714720508001060E-004 ) fb
  sig_NNLO = (  0.65274647014149156            +-    4.3742670856336893E-004 ) fb

  pp ---> HHW- + X
  ===============

  PDFSET = PDF4LHC21_40                                NSET =  41
  Sqrt(S)  = 14.0 TeV
  LOOP     = 3
  alphaS(MZ) =   0.11700
          kl =   1.00000
          kv =   1.00000
         k2v =   1.00000
         kth =   1.00000
         kbh =   1.00000
        cHsq =   0.00000
       chdup =   0.00000
         cHw =   0.00000
          cH =   0.00000
         cHb =   0.00000
        cHwb =   0.00000
      cHq1st =   0.00000
      cHq3st =   0.03000
      cHq1rd =   0.00000
      cHq3rd =   0.00000
       cHdst =   0.00000
       cHust =   0.00000
       cHdrd =   0.00000
       cHurd =   0.00000
         cth =   0.00000
         cbh =   0.00000
 --------------

  mH       = 125.0000      GeV
  fact_scale 1.0
  ren_scale  1.0
  Kqq      =   0.26459312155368314            +-    2.8097533807104597E-004
  Kgq      =   -9.2502122359484990E-002       +-    1.5290572434207704E-004
  K_nlo    =    1.1720909991941981            +-    3.1988638786405686E-004
  Kqq2     =    5.9998579240274290E-002       +-    2.3083486476784635E-004
  Kgq2     =   -4.7934303355587050E-002       +-    1.6778682288675321E-004
  Kqqs     =    2.1612524102489297E-003       +-    3.9205846362179602E-006
  Kgg      =    1.5206344352759801E-003       +-    2.5543936251338313E-006
  K_nnlo   =    1.1878371619244104            +-    4.2870310213271874E-004
  sig_LO   = (  0.55292078675531231            +-    3.6873934600060163E-004 ) fb
  sig_NLO  = (  0.64807347742327626            +-    4.0896497488930009E-004 ) fb
  sig_NNLO = (  0.65677985810844230            +-    4.3835616202718745E-004 ) fb

  pp ---> HHW- + X
  ===============

  PDFSET = PDF4LHC21_40                                NSET =  42
  Sqrt(S)  = 14.0 TeV
  LOOP     = 3
  alphaS(MZ) =   0.11900
          kl =   1.00000
          kv =   1.00000
         k2v =   1.00000
         kth =   1.00000
         kbh =   1.00000
        cHsq =   0.00000
       chdup =   0.00000
         cHw =   0.00000
          cH =   0.00000
         cHb =   0.00000
        cHwb =   0.00000
      cHq1st =   0.00000
      cHq3st =   0.03000
      cHq1rd =   0.00000
      cHq3rd =   0.00000
       cHdst =   0.00000
       cHust =   0.00000
       cHdrd =   0.00000
       cHurd =   0.00000
         cth =   0.00000
         cbh =   0.00000
 --------------

  mH       = 125.0000      GeV
  fact_scale 1.0
  ren_scale  1.0
  Kqq      =   0.26835413888383053            +-    2.8521534520519696E-004
  Kgq      =   -9.3487762562416102E-002       +-    1.5461418979472824E-004
  K_nlo    =    1.1748663763214144            +-    3.2442771279038402E-004
  Kqq2     =    6.1696837541371272E-002       +-    2.3806979695837948E-004
  Kgq2     =   -4.9076893731817256E-002       +-    1.7180117607708874E-004
  Kqqs     =    2.2284403789851388E-003       +-    4.0342446024814248E-006
  Kgg      =    1.5541980240625689E-003       +-    2.6164828553695931E-006
  K_nnlo   =    1.1912689585340162            +-    4.3757209036194243E-004
  sig_LO   = (  0.55256028792791545            +-    3.6941663264656861E-004 ) fb
  sig_NLO  = (  0.64918450317698750            +-    4.1061527098131917E-004 ) fb
  sig_NNLO = (  0.65824791872714405            +-    4.4150720885847592E-004 ) fb

