  pp ---> HHW- + X
  ===============

  PDFSET = PDF4LHC21_40                                NSET =   0
  Sqrt(S)  = 14.0 TeV
  LOOP     = 3
  alphaS(MZ) =   0.11800
          kl =   1.00000
          kv =   1.00000
         k2v =   1.00000
         kth =   1.00000
         kbh =   1.00000
        cHsq =   0.00000
       chdup =   0.00000
         cHw =   0.00000
          cH =   0.00000
         cHb =   0.00000
        cHwb =   0.00000
      cHq1st =   0.00000
      cHq3st =  -0.02000
      cHq1rd =   0.00000
      cHq3rd =   0.00000
       cHdst =   0.00000
       cHust =   0.00000
       cHdrd =   0.00000
       cHurd =   0.00000
         cth =   0.00000
         cbh =   0.00000
 --------------

  mH       = 125.0000      GeV
  fact_scale 0.5
  ren_scale  0.5
  Kqq      =   0.20576910373232321            +-   -5.9829883504971930E-004
  Kgq      =   -3.6884873150071759E-002       +-   -2.9984720584572502E-004
  K_nlo    =    1.1688842305822515            +-    6.6923078446477627E-004
  Kqq2     =    2.6972146939760352E-002       +-   -4.4940740753795702E-004
  Kgq2     =   -1.6157779791651138E-002       +-   -2.4060424440651833E-004
  Kqqs     =    5.7979167303469261E-004       +-   -6.3565970581021034E-006
  Kgg      =    2.1729592631181642E-004       +-   -3.6713644334035131E-006
  K_nnlo   =    1.1804956853297073            +-    8.4129730089589649E-004
  sig_LO   = (  -9.1112383308512679E-002       +-    1.3181026855599943E-004 ) fb
  sig_NLO  = ( -0.10649982806008601            +-    1.4523058681109537E-004 ) fb
  sig_NNLO = ( -0.10755777537580563            +-    1.5247809125915808E-004 ) fb

  mH       = 125.0000      GeV
  fact_scale 1.0
  ren_scale  0.5
  Kqq      =   0.29722736954178081            +-   -8.5792491743180732E-004
  Kgq      =   -6.6976323986528558E-002       +-   -3.4408712727668011E-004
  K_nlo    =    1.2302510455552522            +-    9.2435443154013799E-004
  Kqq2     =    5.1260741113386826E-002       +-   -7.0018184052944219E-004
  Kgq2     =   -3.1065182271730066E-002       +-   -3.6198983392623119E-004
  Kqqs     =    2.1832208773739743E-003       +-   -8.6424801643843915E-006
  Kgg      =    5.1584057951199768E-004       +-   -5.1296837211766402E-006
  K_nnlo   =    1.2531456658537949            +-    1.2148347092915564E-003
  sig_LO   = (  -8.5518763787303123E-002       +-    1.3117686480866472E-004 ) fb
  sig_NLO  = ( -0.10520954856392233            +-    1.5315422539149967E-004 ) fb
  sig_NNLO = ( -0.10716746818923339            +-    1.6733422697070354E-004 ) fb

  mH       = 125.0000      GeV
  fact_scale 0.5
  ren_scale  1.0
  Kqq      =   0.19088490096941585            +-   -5.5105367907404084E-004
  Kgq      =   -3.4199328296000350E-002       +-   -2.7607484005506209E-004
  K_nlo    =    1.1566855726734155            +-    6.1634201100725248E-004
  Kqq2     =    3.6267562726002220E-002       +-   -3.6530116018800051E-004
  Kgq2     =   -1.6391919373017951E-002       +-   -2.1212604326570738E-004
  Kqqs     =    5.0549352622718312E-004       +-   -5.4230572695400255E-006
  Kgg      =    1.8853049811508215E-004       +-   -3.1061769414009072E-006
  K_nnlo   =    1.1772552400507421            +-    7.4723418570356380E-004
  sig_LO   = (  -9.1112383308512679E-002       +-    1.3181026855599943E-004 ) fb
  sig_NLO  = ( -0.10538837926484673            +-    1.4327416719274116E-004 ) fb
  sig_NNLO = ( -0.10726253068345833            +-    1.4835479356837742E-004 ) fb

  mH       = 125.0000      GeV
  fact_scale 1.0
  ren_scale  1.0
  Kqq      =   0.27574331836457477            +-   -7.9110745345981970E-004
  Kgq      =   -6.2239915361619755E-002       +-   -3.1754468006225131E-004
  K_nlo    =    1.2135034030029550            +-    8.5245857773590290E-004
  Kqq2     =    6.3327134790690368E-002       +-   -5.5669769992575883E-004
  Kgq2     =   -3.1170459268561983E-002       +-   -3.0396624360764206E-004
  Kqqs     =    1.8827680812659145E-003       +-   -7.3230335382986489E-006
  Kgg      =    4.5306141802686908E-004       +-   -4.3361780876394293E-006
  K_nnlo   =    1.2479959080243761            +-    1.0625751090495674E-003
  sig_LO   = (  -8.5518763787303123E-002       +-    1.3117686480866472E-004 ) fb
  sig_NLO  = ( -0.10377731087649822            +-    1.5007316671849524E-004 ) fb
  sig_NNLO = ( -0.10672706726585750            +-    1.5957677371188474E-004 ) fb

  mH       = 125.0000      GeV
  fact_scale 1.5
  ren_scale  1.0
  Kqq      =   0.32637091133377172            +-   -9.5538220545622219E-004
  Kgq      =   -7.7236797006411395E-002       +-   -3.4043073714081715E-004
  K_nlo    =    1.2491341143273604            +-    1.0142229761214421E-003
  Kqq2     =    7.9792563938075808E-002       +-   -7.1389951527326366E-004
  Kgq2     =   -4.2095180040175977E-002       +-   -3.7549712877258426E-004
  Kqqs     =    3.2235592053031421E-003       +-   -9.5875893983391979E-006
  Kgg      =    5.8633641851909830E-004       +-   -5.9809842933258558E-006
  K_nnlo   =    1.2906413938490826            +-    1.2959269080314983E-003
  sig_LO   = (  -8.2472489393305884E-002       +-    1.2946495009771836E-004 ) fb
  sig_NLO  = ( -0.10301919999467976            +-    1.5413546610105075E-004 ) fb
  sig_NNLO = ( -0.10644240866477996            +-    1.6788135155572221E-004 ) fb

  mH       = 125.0000      GeV
  fact_scale 2.0
  ren_scale  1.0
  Kqq      =   0.36274560562833436            +-   -1.0790732491376286E-003
  Kgq      =   -8.7321383004744263E-002       +-   -3.4118981747094043E-004
  K_nlo    =    1.2754242226235901            +-    1.1317285754765991E-003
  Kqq2     =    9.1867879338502351E-002       +-   -8.4574549112540517E-004
  Kgq2     =   -5.0789828011407384E-002       +-   -4.3745950700728545E-004
  Kqqs     =    4.3870229019509549E-003       +-   -1.2278105049021421E-005
  Kgg      =    6.6845061110362692E-004       +-   -6.8639602109003995E-006
  K_nnlo   =    1.3215577474637397            +-    1.4790752821927874E-003
  sig_LO   = (  -8.0411145745705667E-002       +-    1.2790658821026856E-004 ) fb
  sig_NLO  = ( -0.10255832305298884            +-    1.5697690581816543E-004 ) fb
  sig_NNLO = ( -0.10626797264267325            +-    1.7465802160129509E-004 ) fb

  mH       = 125.0000      GeV
  fact_scale 1.0
  ren_scale  1.5
  Kqq      =   0.26457164221909024            +-   -7.5653514673925141E-004
  Kgq      =   -5.9768855820851334E-002       +-   -3.0386767276768491E-004
  K_nlo    =    1.2048027863982389            +-    8.1527970096466253E-004
  Kqq2     =    6.8806947232558938E-002       +-   -5.1573735773502373E-004
  Kgq2     =   -3.1118733928013363E-002       +-   -2.7717614896597835E-004
  Kqqs     =    1.7350223893672872E-003       +-   -6.6884091716818697E-006
  Kgg      =    4.2124010884292363E-004       +-   -3.9559851215569941E-006
  K_nnlo   =    1.2446472622009945            +-    1.0037694033789202E-003
  sig_LO   = (  -8.5518763787303123E-002       +-    1.3117686480866472E-004 ) fb
  sig_NLO  = ( -0.10303324490027561            +-    1.4855466000291507E-004 ) fb
  sig_NNLO = ( -0.10644069521468040            +-    1.5676755878411700E-004 ) fb

  mH       = 125.0000      GeV
  fact_scale 1.5
  ren_scale  1.5
  Kqq      =   0.31316027161804921            +-   -9.1380257060220992E-004
  Kgq      =   -7.4196108748968301E-002       +-   -3.2612557140475963E-004
  K_nlo    =    1.2389641628690811            +-    9.7025410401775051E-004
  Kqq2     =    8.5971513632005017E-002       +-   -6.5801418874749599E-004
  Kgq2     =   -4.1736635597660561E-002       +-   -3.4608667404653951E-004
  Kqqs     =    2.9708819709636245E-003       +-   -8.7742234858985420E-006
  Kgg      =    5.4801515019534141E-004       +-   -5.4487539886998582E-006
  K_nnlo   =    1.2867179380245846            +-    1.2223986096305569E-003
  sig_LO   = (  -8.2472489393305884E-002       +-    1.2946495009771836E-004 ) fb
  sig_NLO  = ( -0.10218045878090638            +-    1.5219808501940578E-004 ) fb
  sig_NNLO = ( -0.10611883149590895            +-    1.6408743885704884E-004 ) fb

  mH       = 125.0000      GeV
  fact_scale 2.0
  ren_scale  1.5
  Kqq      =   0.34805847004941620            +-   -1.0319443553063756E-003
  Kgq      =   -8.3902093164803029E-002       +-   -3.2711507333021782E-004
  K_nlo    =    1.2641563768846131            +-    1.0825495017081320E-003
  Kqq2     =    9.8501606797484223E-002       +-   -7.7556215667227177E-004
  Kgq2     =   -5.0090170490323660E-002       +-   -4.0661331536740207E-004
  Kqqs     =    4.0439679497726025E-003       +-   -1.1235092944410311E-005
  Kgg      =    6.2738046526905427E-004       +-   -6.2576804326910616E-006
  K_nnlo   =    1.3172391616068153            +-    1.3924474340608368E-003
  sig_LO   = (  -8.0411145745705667E-002       +-    1.2790658821026856E-004 ) fb
  sig_NLO  = ( -0.10165226266703185            +-    1.5471791000109769E-004 ) fb
  sig_NNLO = ( -0.10592071020591678            +-    1.6999115880278386E-004 ) fb

  mH       = 125.0000      GeV
  fact_scale 1.0
  ren_scale  2.0
  Kqq      =   0.25718464163973381            +-   -7.3378197362208722E-004
  Kgq      =   -5.8131633442429366E-002       +-   -2.9486017326669107E-004
  K_nlo    =    1.1990530081973045            +-    7.9080876739676359E-004
  Kqq2     =    7.1962729223278607E-002       +-   -4.9847624926208328E-004
  Kgq2     =   -3.1034998426531176E-002       +-   -2.6213904561408791E-004
  Kqqs     =    1.6405386261982306E-003       +-   -6.2875179444125154E-006
  Kgg      =    4.0056576228647659E-004       +-   -3.7164339464476050E-006
  K_nnlo   =    1.2420218433825365            +-    9.7088995342861986E-004
  sig_LO   = (  -8.5518763787303123E-002       +-    1.3117686480866472E-004 ) fb
  sig_NLO  = ( -0.10254153097648051            +-    1.4758404352528123E-004 ) fb
  sig_NNLO = ( -0.10621617264290194            +-    1.5524572762586744E-004 ) fb

  mH       = 125.0000      GeV
  fact_scale 1.5
  ren_scale  2.0
  Kqq      =   0.30442336569888578            +-   -8.8647254622224161E-004
  Kgq      =   -7.2180269941644351E-002       +-   -3.1668789686535077E-004
  K_nlo    =    1.2322430957572414            +-    9.4134202032350781E-004
  Kqq2     =    8.9507288903265633E-002       +-   -6.3480653048936426E-004
  Kgq2     =   -4.1425211635919147E-002       +-   -3.3095635962880073E-004
  Kqqs     =    2.8092579088577264E-003       +-   -8.2590637384360312E-006
  Kgg      =    5.2283550732205354E-004       +-   -5.1135514966361114E-006
  K_nnlo   =    1.2836572664407677            +-    1.1826794167906110E-003
  sig_LO   = (  -8.2472489393305884E-002       +-    1.2946495009771836E-004 ) fb
  sig_NLO  = ( -0.10162615564481350            +-    1.5095806883735341E-004 ) fb
  sig_NNLO = ( -0.10586641029117624            +-    1.6209545132533728E-004 ) fb

  mH       = 125.0000      GeV
  fact_scale 2.0
  ren_scale  2.0
  Kqq      =   0.33834632833444694            +-   -1.0009952077238622E-003
  Kgq      =   -8.1634279499445725E-002       +-   -3.1782041308995256E-004
  K_nlo    =    1.2567120488350012            +-    1.0502386494805865E-003
  Kqq2     =   0.10227242185135919            +-   -7.4541164949714744E-004
  Kgq2     =   -4.9560215767423706E-002       +-   -3.9020209887109472E-004
  Kqqs     =    3.8244724766881674E-003       +-   -1.0574732193649648E-005
  Kgg      =    6.0013198301170996E-004       +-   -5.8756868186832335E-006
  K_nnlo   =    1.3138488593786366            +-    1.3457502646066358E-003
  sig_LO   = (  -8.0411145745705667E-002       +-    1.2790658821026856E-004 ) fb
  sig_NLO  = ( -0.10105365571925566            +-    1.5327116054516973E-004 ) fb
  sig_NNLO = ( -0.10564809211932469            +-    1.6754169056342987E-004 ) fb

  pp ---> HHW- + X
  ===============

  PDFSET = PDF4LHC21_40                                NSET =   1
  Sqrt(S)  = 14.0 TeV
  LOOP     = 3
  alphaS(MZ) =   0.11800
          kl =   1.00000
          kv =   1.00000
         k2v =   1.00000
         kth =   1.00000
         kbh =   1.00000
        cHsq =   0.00000
       chdup =   0.00000
         cHw =   0.00000
          cH =   0.00000
         cHb =   0.00000
        cHwb =   0.00000
      cHq1st =   0.00000
      cHq3st =  -0.02000
      cHq1rd =   0.00000
      cHq3rd =   0.00000
       cHdst =   0.00000
       cHust =   0.00000
       cHdrd =   0.00000
       cHurd =   0.00000
         cth =   0.00000
         cbh =   0.00000
 --------------

  mH       = 125.0000      GeV
  fact_scale 1.0
  ren_scale  1.0
  Kqq      =   0.27619522018796594            +-   -7.8982134618816062E-004
  Kgq      =   -6.2845169138782950E-002       +-   -3.1962339907958567E-004
  K_nlo    =    1.2133500510491830            +-    8.5204276661072966E-004
  Kqq2     =    6.3538572426108206E-002       +-   -5.5696127619927040E-004
  Kgq2     =   -3.1463209129923633E-002       +-   -3.0494714074380178E-004
  Kqqs     =    1.9014144617082629E-003       +-   -7.3255953931438037E-006
  Kgg      =    4.5642280467848959E-004       +-   -4.3789646988423145E-006
  K_nnlo   =    1.2477832516117542            +-    1.0626609702283716E-003
  sig_LO   = (  -8.4715879738002334E-002       +-    1.2902317108475677E-004 ) fb
  sig_NLO  = ( -0.10279001700478158            +-    1.4784165585173033E-004 ) fb
  sig_NNLO = ( -0.10570705588263489            +-    1.5732560464643946E-004 ) fb

  pp ---> HHW- + X
  ===============

  PDFSET = PDF4LHC21_40                                NSET =   2
  Sqrt(S)  = 14.0 TeV
  LOOP     = 3
  alphaS(MZ) =   0.11800
          kl =   1.00000
          kv =   1.00000
         k2v =   1.00000
         kth =   1.00000
         kbh =   1.00000
        cHsq =   0.00000
       chdup =   0.00000
         cHw =   0.00000
          cH =   0.00000
         cHb =   0.00000
        cHwb =   0.00000
      cHq1st =   0.00000
      cHq3st =  -0.02000
      cHq1rd =   0.00000
      cHq3rd =   0.00000
       cHdst =   0.00000
       cHust =   0.00000
       cHdrd =   0.00000
       cHurd =   0.00000
         cth =   0.00000
         cbh =   0.00000
 --------------

  mH       = 125.0000      GeV
  fact_scale 1.0
  ren_scale  1.0
  Kqq      =   0.27568402648774892            +-   -7.9311887184942099E-004
  Kgq      =   -6.2713310747935402E-002       +-   -3.2032492653590879E-004
  K_nlo    =    1.2129707157398135            +-    8.5536284899680648E-004
  Kqq2     =    6.3265612956110884E-002       +-   -5.5978549999330558E-004
  Kgq2     =   -3.1407921281818144E-002       +-   -3.0619784055891758E-004
  Kqqs     =    1.9103222776071383E-003       +-   -7.4299393384373070E-006
  Kgg      =    4.4228381226258940E-004       +-   -4.3051937503073208E-006
  K_nnlo   =    1.2471810135039760            +-    1.0671627175372243E-003
  sig_LO   = (  -8.5445149565023054E-002       +-    1.3151889148659132E-004 ) fb
  sig_NLO  = ( -0.10364246422438143            +-    1.5046219085548945E-004 ) fb
  sig_NNLO = ( -0.10656556823350428            +-    1.6003661589410721E-004 ) fb

  pp ---> HHW- + X
  ===============

  PDFSET = PDF4LHC21_40                                NSET =   3
  Sqrt(S)  = 14.0 TeV
  LOOP     = 3
  alphaS(MZ) =   0.11800
          kl =   1.00000
          kv =   1.00000
         k2v =   1.00000
         kth =   1.00000
         kbh =   1.00000
        cHsq =   0.00000
       chdup =   0.00000
         cHw =   0.00000
          cH =   0.00000
         cHb =   0.00000
        cHwb =   0.00000
      cHq1st =   0.00000
      cHq3st =  -0.02000
      cHq1rd =   0.00000
      cHq3rd =   0.00000
       cHdst =   0.00000
       cHust =   0.00000
       cHdrd =   0.00000
       cHurd =   0.00000
         cth =   0.00000
         cbh =   0.00000
 --------------

  mH       = 125.0000      GeV
  fact_scale 1.0
  ren_scale  1.0
  Kqq      =   0.27658630068653023            +-   -8.0284365059978783E-004
  Kgq      =   -6.3162886474857655E-002       +-   -3.2147005958184973E-004
  K_nlo    =    1.2134234142116727            +-    8.6481265399851329E-004
  Kqq2     =    6.3570717546075156E-002       +-   -5.6496740875978924E-004
  Kgq2     =   -3.1622025067360914E-002       +-   -3.0711895790311826E-004
  Kqqs     =    1.9041632895999265E-003       +-   -7.4122720658581239E-006
  Kgg      =    4.5496294428218543E-004       +-   -4.3893013304812079E-006
  K_nnlo   =    1.2477312329242691            +-    1.0777223026009755E-003
  sig_LO   = (  -8.4231400065301484E-002       +-    1.3204973209681066E-004 ) fb
  sig_NLO  = ( -0.10220835305106743            +-    1.5080926873947494E-004 ) fb
  sig_NNLO = ( -0.10509814865441595            +-    1.6024290199288699E-004 ) fb

  pp ---> HHW- + X
  ===============

  PDFSET = PDF4LHC21_40                                NSET =   4
  Sqrt(S)  = 14.0 TeV
  LOOP     = 3
  alphaS(MZ) =   0.11800
          kl =   1.00000
          kv =   1.00000
         k2v =   1.00000
         kth =   1.00000
         kbh =   1.00000
        cHsq =   0.00000
       chdup =   0.00000
         cHw =   0.00000
          cH =   0.00000
         cHb =   0.00000
        cHwb =   0.00000
      cHq1st =   0.00000
      cHq3st =  -0.02000
      cHq1rd =   0.00000
      cHq3rd =   0.00000
       cHdst =   0.00000
       cHust =   0.00000
       cHdrd =   0.00000
       cHurd =   0.00000
         cth =   0.00000
         cbh =   0.00000
 --------------

  mH       = 125.0000      GeV
  fact_scale 1.0
  ren_scale  1.0
  Kqq      =   0.27629467087544290            +-   -7.9575970963514529E-004
  Kgq      =   -6.3831933251713005E-002       +-   -3.2532991032226019E-004
  K_nlo    =    1.2124627376237298            +-    8.5969358845399129E-004
  Kqq2     =    6.3575595146212430E-002       +-   -5.6118456281502511E-004
  Kgq2     =   -3.1960119119313180E-002       +-   -3.1143431471482216E-004
  Kqqs     =    1.9183893657616366E-003       +-   -7.4620560577605960E-006
  Kgg      =    4.7213347840864014E-004       +-   -4.4731176648364697E-006
  K_nnlo   =    1.2464687364947995            +-    1.0728784660971320E-003
  sig_LO   = (  -8.3340117429973673E-002       +-    1.2884606582697642E-004 ) fb
  sig_NLO  = ( -0.10104678693302901            +-    1.4742657907484516E-004 ) fb
  sig_NNLO = ( -0.10388085087226751            +-    1.5683156382775162E-004 ) fb

  pp ---> HHW- + X
  ===============

  PDFSET = PDF4LHC21_40                                NSET =   5
  Sqrt(S)  = 14.0 TeV
  LOOP     = 3
  alphaS(MZ) =   0.11800
          kl =   1.00000
          kv =   1.00000
         k2v =   1.00000
         kth =   1.00000
         kbh =   1.00000
        cHsq =   0.00000
       chdup =   0.00000
         cHw =   0.00000
          cH =   0.00000
         cHb =   0.00000
        cHwb =   0.00000
      cHq1st =   0.00000
      cHq3st =  -0.02000
      cHq1rd =   0.00000
      cHq3rd =   0.00000
       cHdst =   0.00000
       cHust =   0.00000
       cHdrd =   0.00000
       cHurd =   0.00000
         cth =   0.00000
         cbh =   0.00000
 --------------

  mH       = 125.0000      GeV
  fact_scale 1.0
  ren_scale  1.0
  Kqq      =   0.27662346528581566            +-   -7.9918014212296642E-004
  Kgq      =   -6.2559522909816187E-002       +-   -3.1975833430406865E-004
  K_nlo    =    1.2140639423759996            +-    8.6077540155408570E-004
  Kqq2     =    6.3618594264871944E-002       +-   -5.6176077381299991E-004
  Kgq2     =   -3.1345380922336914E-002       +-   -3.0620494703097141E-004
  Kqqs     =    1.8981958004781730E-003       +-   -7.3926933234126456E-006
  Kgg      =    4.4800081514625550E-004       +-   -4.3743898091565154E-006
  K_nnlo   =    1.2486833523341589            +-    1.0725412419588323E-003
  sig_LO   = (  -8.4362822175604646E-002       +-    1.3124467167222861E-004 ) fb
  sig_NLO  = ( -0.10242186048047996            +-    1.4999485572678858E-004 ) fb
  sig_NNLO = ( -0.10534245160660453            +-    1.5941225123502502E-004 ) fb

  pp ---> HHW- + X
  ===============

  PDFSET = PDF4LHC21_40                                NSET =   6
  Sqrt(S)  = 14.0 TeV
  LOOP     = 3
  alphaS(MZ) =   0.11800
          kl =   1.00000
          kv =   1.00000
         k2v =   1.00000
         kth =   1.00000
         kbh =   1.00000
        cHsq =   0.00000
       chdup =   0.00000
         cHw =   0.00000
          cH =   0.00000
         cHb =   0.00000
        cHwb =   0.00000
      cHq1st =   0.00000
      cHq3st =  -0.02000
      cHq1rd =   0.00000
      cHq3rd =   0.00000
       cHdst =   0.00000
       cHust =   0.00000
       cHdrd =   0.00000
       cHurd =   0.00000
         cth =   0.00000
         cbh =   0.00000
 --------------

  mH       = 125.0000      GeV
  fact_scale 1.0
  ren_scale  1.0
  Kqq      =   0.27581982505913072            +-   -7.9284894741685175E-004
  Kgq      =   -6.2772480194926539E-002       +-   -3.1903226739235377E-004
  K_nlo    =    1.2130473448642041            +-    8.5462918336405764E-004
  Kqq2     =    6.3334099550006961E-002       +-   -5.6063923097028764E-004
  Kgq2     =   -3.1411022287617996E-002       +-   -3.0472140689681858E-004
  Kqqs     =    1.8888363423493618E-003       +-   -7.3234071203560457E-006
  Kgg      =    4.5633077577362672E-004       +-   -4.3538868390418156E-006
  K_nnlo   =    1.2473155892447159            +-    1.0665997903638016E-003
  sig_LO   = (  -8.5574072926828934E-002       +-    1.3199252282925495E-004 ) fb
  sig_NLO  = ( -0.10380540195310561            +-    1.5089937930553798E-004 ) fb
  sig_NNLO = ( -0.10673787519679796            +-    1.6047691182772796E-004 ) fb

  pp ---> HHW- + X
  ===============

  PDFSET = PDF4LHC21_40                                NSET =   7
  Sqrt(S)  = 14.0 TeV
  LOOP     = 3
  alphaS(MZ) =   0.11800
          kl =   1.00000
          kv =   1.00000
         k2v =   1.00000
         kth =   1.00000
         kbh =   1.00000
        cHsq =   0.00000
       chdup =   0.00000
         cHw =   0.00000
          cH =   0.00000
         cHb =   0.00000
        cHwb =   0.00000
      cHq1st =   0.00000
      cHq3st =  -0.02000
      cHq1rd =   0.00000
      cHq3rd =   0.00000
       cHdst =   0.00000
       cHust =   0.00000
       cHdrd =   0.00000
       cHurd =   0.00000
         cth =   0.00000
         cbh =   0.00000
 --------------

  mH       = 125.0000      GeV
  fact_scale 1.0
  ren_scale  1.0
  Kqq      =   0.27724042245088198            +-   -8.1108055804479532E-004
  Kgq      =   -6.2953915818573597E-002       +-   -3.2185036445928251E-004
  K_nlo    =    1.2142865066323083            +-    8.7260490987664605E-004
  Kqq2     =    6.3920160851608260E-002       +-   -5.6419273852756152E-004
  Kgq2     =   -3.1543453175146452E-002       +-   -3.0810989336139890E-004
  Kqqs     =    1.9081401146174293E-003       +-   -7.4662126581381466E-006
  Kgg      =    4.5180743875148261E-004       +-   -4.3879671330197802E-006
  K_nnlo   =    1.2490231618621390            +-    1.0838632201169336E-003
  sig_LO   = (  -8.3983993038013474E-002       +-    1.3375231794059624E-004 ) fb
  sig_NLO  = ( -0.10198062951916149            +-    1.5251344535374651E-004 ) fb
  sig_NNLO = ( -0.10489795253014747            +-    1.6178883341663933E-004 ) fb

  pp ---> HHW- + X
  ===============

  PDFSET = PDF4LHC21_40                                NSET =   8
  Sqrt(S)  = 14.0 TeV
  LOOP     = 3
  alphaS(MZ) =   0.11800
          kl =   1.00000
          kv =   1.00000
         k2v =   1.00000
         kth =   1.00000
         kbh =   1.00000
        cHsq =   0.00000
       chdup =   0.00000
         cHw =   0.00000
          cH =   0.00000
         cHb =   0.00000
        cHwb =   0.00000
      cHq1st =   0.00000
      cHq3st =  -0.02000
      cHq1rd =   0.00000
      cHq3rd =   0.00000
       cHdst =   0.00000
       cHust =   0.00000
       cHdrd =   0.00000
       cHurd =   0.00000
         cth =   0.00000
         cbh =   0.00000
 --------------

  mH       = 125.0000      GeV
  fact_scale 1.0
  ren_scale  1.0
  Kqq      =   0.27556883422410827            +-   -7.8877410554089927E-004
  Kgq      =   -6.2618684941107644E-002       +-   -3.1822014274681217E-004
  K_nlo    =    1.2129501492830006            +-    8.5054608859346783E-004
  Kqq2     =    6.3242003076748127E-002       +-   -5.5451315518308434E-004
  Kgq2     =   -3.1331446213911159E-002       +-   -3.0457643183008675E-004
  Kqqs     =    1.8862717633593038E-003       +-   -7.3232126045379201E-006
  Kgg      =    4.6640508808584659E-004       +-   -4.3268715742287637E-006
  K_nnlo   =    1.2472133829972827            +-    1.0600719985829100E-003
  sig_LO   = (  -8.6152464111779126E-002       +-    1.3161554511644427E-004 ) fb
  sig_NLO  = ( -0.10449864420548086            +-    1.5063903175206812E-004 ) fb
  sig_NNLO = ( -0.10745050621840405            +-    1.6019806951073247E-004 ) fb

  pp ---> HHW- + X
  ===============

  PDFSET = PDF4LHC21_40                                NSET =   9
  Sqrt(S)  = 14.0 TeV
  LOOP     = 3
  alphaS(MZ) =   0.11800
          kl =   1.00000
          kv =   1.00000
         k2v =   1.00000
         kth =   1.00000
         kbh =   1.00000
        cHsq =   0.00000
       chdup =   0.00000
         cHw =   0.00000
          cH =   0.00000
         cHb =   0.00000
        cHwb =   0.00000
      cHq1st =   0.00000
      cHq3st =  -0.02000
      cHq1rd =   0.00000
      cHq3rd =   0.00000
       cHdst =   0.00000
       cHust =   0.00000
       cHdrd =   0.00000
       cHurd =   0.00000
         cth =   0.00000
         cbh =   0.00000
 --------------

  mH       = 125.0000      GeV
  fact_scale 1.0
  ren_scale  1.0
  Kqq      =   0.27589391290924670            +-   -7.8958214175858582E-004
  Kgq      =   -6.2946659604546221E-002       +-   -3.1963835071063888E-004
  K_nlo    =    1.2129472533047005            +-    8.5182664540920110E-004
  Kqq2     =    6.3408702152104771E-002       +-   -5.5490552066563199E-004
  Kgq2     =   -3.1492737905497226E-002       +-   -3.0503882655132000E-004
  Kqqs     =    1.8987611781696762E-003       +-   -7.3342701127218197E-006
  Kgg      =    4.5538325003748222E-004       +-   -4.3430876976864344E-006
  K_nnlo   =    1.2472173619795155            +-    1.0614377562188618E-003
  sig_LO   = (  -8.5640449544345271E-002       +-    1.3080425853599241E-004 ) fb
  sig_NLO  = ( -0.10387734804659339            +-    1.4977174543201019E-004 ) fb
  sig_NNLO = ( -0.10681225555943807            +-    1.5928882213179390E-004 ) fb

  pp ---> HHW- + X
  ===============

  PDFSET = PDF4LHC21_40                                NSET =  10
  Sqrt(S)  = 14.0 TeV
  LOOP     = 3
  alphaS(MZ) =   0.11800
          kl =   1.00000
          kv =   1.00000
         k2v =   1.00000
         kth =   1.00000
         kbh =   1.00000
        cHsq =   0.00000
       chdup =   0.00000
         cHw =   0.00000
          cH =   0.00000
         cHb =   0.00000
        cHwb =   0.00000
      cHq1st =   0.00000
      cHq3st =  -0.02000
      cHq1rd =   0.00000
      cHq3rd =   0.00000
       cHdst =   0.00000
       cHust =   0.00000
       cHdrd =   0.00000
       cHurd =   0.00000
         cth =   0.00000
         cbh =   0.00000
 --------------

  mH       = 125.0000      GeV
  fact_scale 1.0
  ren_scale  1.0
  Kqq      =   0.27559117523156890            +-   -7.8903798765804240E-004
  Kgq      =   -6.2016153842441725E-002       +-   -3.1665258069777763E-004
  K_nlo    =    1.2135750213891272            +-    8.5020574147086044E-004
  Kqq2     =    6.3277169057848984E-002       +-   -5.5530032352936356E-004
  Kgq2     =   -3.1047857360862029E-002       +-   -3.0338293957077875E-004
  Kqqs     =    1.8787587383723506E-003       +-   -7.3137588985658569E-006
  Kgg      =    4.5632056941445306E-004       +-   -4.3218711351722417E-006
  K_nnlo   =    1.2481394123939009            +-    1.0598686851699005E-003
  sig_LO   = (  -8.5599483111375788E-002       +-    1.3093978922009347E-004 ) fb
  sig_NLO  = ( -0.10388139454778610            +-    1.4980569136891278E-004 ) fb
  sig_NNLO = ( -0.10684008855185421            +-    1.5929881033590237E-004 ) fb

  pp ---> HHW- + X
  ===============

  PDFSET = PDF4LHC21_40                                NSET =  11
  Sqrt(S)  = 14.0 TeV
  LOOP     = 3
  alphaS(MZ) =   0.11800
          kl =   1.00000
          kv =   1.00000
         k2v =   1.00000
         kth =   1.00000
         kbh =   1.00000
        cHsq =   0.00000
       chdup =   0.00000
         cHw =   0.00000
          cH =   0.00000
         cHb =   0.00000
        cHwb =   0.00000
      cHq1st =   0.00000
      cHq3st =  -0.02000
      cHq1rd =   0.00000
      cHq3rd =   0.00000
       cHdst =   0.00000
       cHust =   0.00000
       cHdrd =   0.00000
       cHurd =   0.00000
         cth =   0.00000
         cbh =   0.00000
 --------------

  mH       = 125.0000      GeV
  fact_scale 1.0
  ren_scale  1.0
  Kqq      =   0.27572906414830622            +-   -7.9190324837036285E-004
  Kgq      =   -6.2320368721163089E-002       +-   -3.1795057270996420E-004
  K_nlo    =    1.2134086954271432            +-    8.5334830020697113E-004
  Kqq2     =    6.3312221316898940E-002       +-   -5.5814005141193866E-004
  Kgq2     =   -3.1206402189144899E-002       +-   -3.0426536937640638E-004
  Kqqs     =    1.8825257188174254E-003       +-   -7.3311538241054738E-006
  Kgg      =    4.5478092138956502E-004       +-   -4.3458566317840739E-006
  K_nnlo   =    1.2478518211951042            +-    1.0641304834202740E-003
  sig_LO   = (  -8.5365412026630394E-002       +-    1.3122294658019954E-004 ) fb
  sig_NLO  = ( -0.10358313324183414            +-    1.5008685473277361E-004 ) fb
  sig_NNLO = ( -0.10652338486450119            +-    1.5959748085024180E-004 ) fb

  pp ---> HHW- + X
  ===============

  PDFSET = PDF4LHC21_40                                NSET =  12
  Sqrt(S)  = 14.0 TeV
  LOOP     = 3
  alphaS(MZ) =   0.11800
          kl =   1.00000
          kv =   1.00000
         k2v =   1.00000
         kth =   1.00000
         kbh =   1.00000
        cHsq =   0.00000
       chdup =   0.00000
         cHw =   0.00000
          cH =   0.00000
         cHb =   0.00000
        cHwb =   0.00000
      cHq1st =   0.00000
      cHq3st =  -0.02000
      cHq1rd =   0.00000
      cHq3rd =   0.00000
       cHdst =   0.00000
       cHust =   0.00000
       cHdrd =   0.00000
       cHurd =   0.00000
         cth =   0.00000
         cbh =   0.00000
 --------------

  mH       = 125.0000      GeV
  fact_scale 1.0
  ren_scale  1.0
  Kqq      =   0.27440785354165925            +-   -7.7985398412523535E-004
  Kgq      =   -6.1307495177429991E-002       +-   -3.1234828174775045E-004
  K_nlo    =    1.2131003583642292            +-    8.4007957103287244E-004
  Kqq2     =    6.2856628828549532E-002       +-   -5.5023438161761287E-004
  Kgq2     =   -3.0695330401682597E-002       +-   -2.9898751310951209E-004
  Kqqs     =    1.8582430362851889E-003       +-   -7.2164096942751822E-006
  Kgg      =    4.4746831501967839E-004       +-   -4.2523772470572021E-006
  K_nnlo   =    1.2475673681424011            +-    1.0478335996986494E-003
  sig_LO   = (  -8.7563753403223268E-002       +-    1.3234896944184769E-004 ) fb
  sig_NLO  = ( -0.10622362063316715            +-    1.5141796417003422E-004 ) fb
  sig_NNLO = ( -0.10924168137792947            +-    1.6104261484247868E-004 ) fb

  pp ---> HHW- + X
  ===============

  PDFSET = PDF4LHC21_40                                NSET =  13
  Sqrt(S)  = 14.0 TeV
  LOOP     = 3
  alphaS(MZ) =   0.11800
          kl =   1.00000
          kv =   1.00000
         k2v =   1.00000
         kth =   1.00000
         kbh =   1.00000
        cHsq =   0.00000
       chdup =   0.00000
         cHw =   0.00000
          cH =   0.00000
         cHb =   0.00000
        cHwb =   0.00000
      cHq1st =   0.00000
      cHq3st =  -0.02000
      cHq1rd =   0.00000
      cHq3rd =   0.00000
       cHdst =   0.00000
       cHust =   0.00000
       cHdrd =   0.00000
       cHurd =   0.00000
         cth =   0.00000
         cbh =   0.00000
 --------------

  mH       = 125.0000      GeV
  fact_scale 1.0
  ren_scale  1.0
  Kqq      =   0.27572528027755550            +-   -7.8857927367667537E-004
  Kgq      =   -6.1837282540930100E-002       +-   -3.1522125557928790E-004
  K_nlo    =    1.2138879977366253            +-    8.4924773231455592E-004
  Kqq2     =    6.3339316701451986E-002       +-   -5.5430459566043670E-004
  Kgq2     =   -3.0961139383310934E-002       +-   -3.0153517681844998E-004
  Kqqs     =    1.8747142040379623E-003       +-   -7.2783344107079310E-006
  Kgg      =    4.4840010086225578E-004       +-   -4.3119297136145511E-006
  K_nnlo   =    1.2485892893596666            +-    1.0580502470867244E-003
  sig_LO   = (  -8.5626498234931223E-002       +-    1.3070670230308533E-004 ) fb
  sig_NLO  = ( -0.10394097849559936            +-    1.4957327792499550E-004 ) fb
  sig_NNLO = ( -0.10691232858150954            +-    1.5903484954849799E-004 ) fb

  pp ---> HHW- + X
  ===============

  PDFSET = PDF4LHC21_40                                NSET =  14
  Sqrt(S)  = 14.0 TeV
  LOOP     = 3
  alphaS(MZ) =   0.11800
          kl =   1.00000
          kv =   1.00000
         k2v =   1.00000
         kth =   1.00000
         kbh =   1.00000
        cHsq =   0.00000
       chdup =   0.00000
         cHw =   0.00000
          cH =   0.00000
         cHb =   0.00000
        cHwb =   0.00000
      cHq1st =   0.00000
      cHq3st =  -0.02000
      cHq1rd =   0.00000
      cHq3rd =   0.00000
       cHdst =   0.00000
       cHust =   0.00000
       cHdrd =   0.00000
       cHurd =   0.00000
         cth =   0.00000
         cbh =   0.00000
 --------------

  mH       = 125.0000      GeV
  fact_scale 1.0
  ren_scale  1.0
  Kqq      =   0.27635194879777697            +-   -8.0151495620555346E-004
  Kgq      =   -6.2669268450587651E-002       +-   -3.1996872074339775E-004
  K_nlo    =    1.2136826803471894            +-    8.6302155666898419E-004
  Kqq2     =    6.3503318281104906E-002       +-   -5.6608920738434058E-004
  Kgq2     =   -3.1391531660750885E-002       +-   -3.0627266162994171E-004
  Kqqs     =    1.8948263646160935E-003       +-   -7.4125199538925013E-006
  Kgg      =    4.5250741561757643E-004       +-   -4.3627334288585580E-006
  K_nnlo   =    1.2481418007477771            +-    1.0766336982229912E-003
  sig_LO   = (  -8.4704654135083449E-002       +-    1.3278896466453275E-004 ) fb
  sig_NLO  = ( -0.10280457166854973            +-    1.5158101177055634E-004 ) fb
  sig_NNLO = ( -0.10572341954388070            +-    1.6108879099605529E-004 ) fb

  pp ---> HHW- + X
  ===============

  PDFSET = PDF4LHC21_40                                NSET =  15
  Sqrt(S)  = 14.0 TeV
  LOOP     = 3
  alphaS(MZ) =   0.11800
          kl =   1.00000
          kv =   1.00000
         k2v =   1.00000
         kth =   1.00000
         kbh =   1.00000
        cHsq =   0.00000
       chdup =   0.00000
         cHw =   0.00000
          cH =   0.00000
         cHb =   0.00000
        cHwb =   0.00000
      cHq1st =   0.00000
      cHq3st =  -0.02000
      cHq1rd =   0.00000
      cHq3rd =   0.00000
       cHdst =   0.00000
       cHust =   0.00000
       cHdrd =   0.00000
       cHurd =   0.00000
         cth =   0.00000
         cbh =   0.00000
 --------------

  mH       = 125.0000      GeV
  fact_scale 1.0
  ren_scale  1.0
  Kqq      =   0.27601060836607821            +-   -7.9448333752778016E-004
  Kgq      =   -6.2163884068939683E-002       +-   -3.1742979156504532E-004
  K_nlo    =    1.2138467242971387            +-    8.5554979176101064E-004
  Kqq2     =    6.3421544418770556E-002       +-   -5.5956248027302273E-004
  Kgq2     =   -3.1127976530452777E-002       +-   -3.0361490421906671E-004
  Kqqs     =    1.8876511922206161E-003       +-   -7.3437100638961832E-006
  Kgg      =    4.4851438389252905E-004       +-   -4.3260950307178061E-006
  K_nnlo   =    1.2484764577615695            +-    1.0664568771175306E-003
  sig_LO   = (  -8.4953942742789751E-002       +-    1.3106647620771906E-004 ) fb
  sig_NLO  = ( -0.10312106511446201            +-    1.4987041733555275E-004 ) fb
  sig_NNLO = ( -0.10606299750839734            +-    1.5933213678066959E-004 ) fb

  pp ---> HHW- + X
  ===============

  PDFSET = PDF4LHC21_40                                NSET =  16
  Sqrt(S)  = 14.0 TeV
  LOOP     = 3
  alphaS(MZ) =   0.11800
          kl =   1.00000
          kv =   1.00000
         k2v =   1.00000
         kth =   1.00000
         kbh =   1.00000
        cHsq =   0.00000
       chdup =   0.00000
         cHw =   0.00000
          cH =   0.00000
         cHb =   0.00000
        cHwb =   0.00000
      cHq1st =   0.00000
      cHq3st =  -0.02000
      cHq1rd =   0.00000
      cHq3rd =   0.00000
       cHdst =   0.00000
       cHust =   0.00000
       cHdrd =   0.00000
       cHurd =   0.00000
         cth =   0.00000
         cbh =   0.00000
 --------------

  mH       = 125.0000      GeV
  fact_scale 1.0
  ren_scale  1.0
  Kqq      =   0.27569089176617773            +-   -7.9036582117187780E-004
  Kgq      =   -6.1852604225385077E-002       +-   -3.1568991101609472E-004
  K_nlo    =    1.2138382875407927            +-    8.5108063730415491E-004
  Kqq2     =    6.3302226825176194E-002       +-   -5.5605035298815508E-004
  Kgq2     =   -3.0968597505547056E-002       +-   -3.0231980669032468E-004
  Kqqs     =    1.8651834130071140E-003       +-   -7.2674992505499903E-006
  Kgg      =    4.5700809492842543E-004       +-   -4.3501106096274912E-006
  K_nnlo   =    1.2484941083683572            +-    1.0606598190641739E-003
  sig_LO   = (  -8.5622525039835307E-002       +-    1.3120798006662914E-004 ) fb
  sig_NLO  = ( -0.10393189916927233            +-    1.5008602461587885E-004 ) fb
  sig_NNLO = ( -0.10689921805585652            +-    1.5957176266888078E-004 ) fb

  pp ---> HHW- + X
  ===============

  PDFSET = PDF4LHC21_40                                NSET =  17
  Sqrt(S)  = 14.0 TeV
  LOOP     = 3
  alphaS(MZ) =   0.11800
          kl =   1.00000
          kv =   1.00000
         k2v =   1.00000
         kth =   1.00000
         kbh =   1.00000
        cHsq =   0.00000
       chdup =   0.00000
         cHw =   0.00000
          cH =   0.00000
         cHb =   0.00000
        cHwb =   0.00000
      cHq1st =   0.00000
      cHq3st =  -0.02000
      cHq1rd =   0.00000
      cHq3rd =   0.00000
       cHdst =   0.00000
       cHust =   0.00000
       cHdrd =   0.00000
       cHurd =   0.00000
         cth =   0.00000
         cbh =   0.00000
 --------------

  mH       = 125.0000      GeV
  fact_scale 1.0
  ren_scale  1.0
  Kqq      =   0.27606939863373176            +-   -7.9210621919480857E-004
  Kgq      =   -6.2214628892164003E-002       +-   -3.1679145982532579E-004
  K_nlo    =    1.2138547697415678            +-    8.5310555707096124E-004
  Kqq2     =    6.3450813440667858E-002       +-   -5.5741470844409549E-004
  Kgq2     =   -3.1149807617800299E-002       +-   -3.0278894674294588E-004
  Kqqs     =    1.8883729134663053E-003       +-   -7.3186909158307802E-006
  Kgg      =    4.4762032736951472E-004       +-   -4.3007983247168650E-006
  K_nnlo   =    1.2484917688052712            +-    1.0631337898250742E-003
  sig_LO   = (  -8.6039470412736088E-002       +-    1.3214426361144981E-004 ) fb
  sig_NLO  = ( -0.10443942154653819            +-    1.5116142548739260E-004 ) fb
  sig_NNLO = ( -0.10741957060266566            +-    1.6071445457716099E-004 ) fb

  pp ---> HHW- + X
  ===============

  PDFSET = PDF4LHC21_40                                NSET =  18
  Sqrt(S)  = 14.0 TeV
  LOOP     = 3
  alphaS(MZ) =   0.11800
          kl =   1.00000
          kv =   1.00000
         k2v =   1.00000
         kth =   1.00000
         kbh =   1.00000
        cHsq =   0.00000
       chdup =   0.00000
         cHw =   0.00000
          cH =   0.00000
         cHb =   0.00000
        cHwb =   0.00000
      cHq1st =   0.00000
      cHq3st =  -0.02000
      cHq1rd =   0.00000
      cHq3rd =   0.00000
       cHdst =   0.00000
       cHust =   0.00000
       cHdrd =   0.00000
       cHurd =   0.00000
         cth =   0.00000
         cbh =   0.00000
 --------------

  mH       = 125.0000      GeV
  fact_scale 1.0
  ren_scale  1.0
  Kqq      =   0.27620694965853226            +-   -7.9612166421352620E-004
  Kgq      =   -6.2448945551154079E-002       +-   -3.1850159376742298E-004
  K_nlo    =    1.2137580041073781            +-    8.5746893206838874E-004
  Kqq2     =    6.3486400582263375E-002       +-   -5.6033496845614655E-004
  Kgq2     =   -3.1272153714852473E-002       +-   -3.0442975583736497E-004
  Kqqs     =    1.8960869305684671E-003       +-   -7.3665988605941220E-006
  Kgg      =    4.4813593807875151E-004       +-   -4.3308412482159492E-006
  K_nnlo   =    1.2483164738434362            +-    1.0686340559523365E-003
  sig_LO   = (  -8.5094721240356247E-002       +-    1.3157863511283185E-004 ) fb
  sig_NLO  = ( -0.10328439901276852            +-    1.5045592714063035E-004 ) fb
  sig_NNLO = ( -0.10622514236145168            +-    1.5994415506670993E-004 ) fb

  pp ---> HHW- + X
  ===============

  PDFSET = PDF4LHC21_40                                NSET =  19
  Sqrt(S)  = 14.0 TeV
  LOOP     = 3
  alphaS(MZ) =   0.11800
          kl =   1.00000
          kv =   1.00000
         k2v =   1.00000
         kth =   1.00000
         kbh =   1.00000
        cHsq =   0.00000
       chdup =   0.00000
         cHw =   0.00000
          cH =   0.00000
         cHb =   0.00000
        cHwb =   0.00000
      cHq1st =   0.00000
      cHq3st =  -0.02000
      cHq1rd =   0.00000
      cHq3rd =   0.00000
       cHdst =   0.00000
       cHust =   0.00000
       cHdrd =   0.00000
       cHurd =   0.00000
         cth =   0.00000
         cbh =   0.00000
 --------------

  mH       = 125.0000      GeV
  fact_scale 1.0
  ren_scale  1.0
  Kqq      =   0.27606621145663984            +-   -7.9181891738634225E-004
  Kgq      =   -6.2511013245282937E-002       +-   -3.1882583348031207E-004
  K_nlo    =    1.2135551982113570            +-    8.5359657334439603E-004
  Kqq2     =    6.3457638676591807E-002       +-   -5.5817462411602355E-004
  Kgq2     =   -3.1300332726684213E-002       +-   -3.0527102438991150E-004
  Kqqs     =    1.8856390714966781E-003       +-   -7.3413682390394017E-006
  Kgg      =    4.5955095454542082E-004       +-   -4.3799039660659495E-006
  K_nnlo   =    1.2480576941873067            +-    1.0646358525856613E-003
  sig_LO   = (  -8.4939979150767675E-002       +-    1.3063833780167368E-004 ) fb
  sig_NLO  = ( -0.10307935323437839            +-    1.4940975275848584E-004 ) fb
  sig_NNLO = ( -0.10600999452322499            +-    1.5888356369383222E-004 ) fb

  pp ---> HHW- + X
  ===============

  PDFSET = PDF4LHC21_40                                NSET =  20
  Sqrt(S)  = 14.0 TeV
  LOOP     = 3
  alphaS(MZ) =   0.11800
          kl =   1.00000
          kv =   1.00000
         k2v =   1.00000
         kth =   1.00000
         kbh =   1.00000
        cHsq =   0.00000
       chdup =   0.00000
         cHw =   0.00000
          cH =   0.00000
         cHb =   0.00000
        cHwb =   0.00000
      cHq1st =   0.00000
      cHq3st =  -0.02000
      cHq1rd =   0.00000
      cHq3rd =   0.00000
       cHdst =   0.00000
       cHust =   0.00000
       cHdrd =   0.00000
       cHurd =   0.00000
         cth =   0.00000
         cbh =   0.00000
 --------------

  mH       = 125.0000      GeV
  fact_scale 1.0
  ren_scale  1.0
  Kqq      =   0.27591334256820421            +-   -7.9310835462733807E-004
  Kgq      =   -6.2585206489871828E-002       +-   -3.1896266626795715E-004
  K_nlo    =    1.2133281360783323            +-    8.5484387150663226E-004
  Kqq2     =    6.3379673110648405E-002       +-   -5.5833199992143332E-004
  Kgq2     =   -3.1335440098136817E-002       +-   -3.0514942201409712E-004
  Kqqs     =    1.8907434450977374E-003       +-   -7.3475721574777133E-006
  Kgg      =    4.5402657838290240E-004       +-   -4.3421470898219442E-006
  K_nnlo   =    1.2477171391143247            +-    1.0656836667614889E-003
  sig_LO   = (  -8.5598704918504520E-002       +-    1.3173078352583074E-004 ) fb
  sig_NLO  = ( -0.10385931708948827            +-    1.5068962994659721E-004 ) fb
  sig_NNLO = ( -0.10680297121280771            +-    1.6023200687257749E-004 ) fb

  pp ---> HHW- + X
  ===============

  PDFSET = PDF4LHC21_40                                NSET =  21
  Sqrt(S)  = 14.0 TeV
  LOOP     = 3
  alphaS(MZ) =   0.11800
          kl =   1.00000
          kv =   1.00000
         k2v =   1.00000
         kth =   1.00000
         kbh =   1.00000
        cHsq =   0.00000
       chdup =   0.00000
         cHw =   0.00000
          cH =   0.00000
         cHb =   0.00000
        cHwb =   0.00000
      cHq1st =   0.00000
      cHq3st =  -0.02000
      cHq1rd =   0.00000
      cHq3rd =   0.00000
       cHdst =   0.00000
       cHust =   0.00000
       cHdrd =   0.00000
       cHurd =   0.00000
         cth =   0.00000
         cbh =   0.00000
 --------------

  mH       = 125.0000      GeV
  fact_scale 1.0
  ren_scale  1.0
  Kqq      =   0.27578887666748486            +-   -7.9291525527281932E-004
  Kgq      =   -6.2648076730794769E-002       +-   -3.1950091112381427E-004
  K_nlo    =    1.2131407999366899            +-    8.5486574048402925E-004
  Kqq2     =    6.3340147999439392E-002       +-   -5.5836251715926514E-004
  Kgq2     =   -3.1370447293458947E-002       +-   -3.0572321510801022E-004
  Kqqs     =    1.8932277742080162E-003       +-   -7.3632050369709404E-006
  Kgg      =    4.5571275818293434E-004       +-   -4.3673260522864349E-006
  K_nnlo   =    1.2474594411750615            +-    1.0658818458923957E-003
  sig_LO   = (  -8.4934895574049138E-002       +-    1.3069285087869578E-004 ) fb
  sig_NLO  = ( -0.10303798715924121            +-    1.4950763565079470E-004 ) fb
  sig_NNLO = ( -0.10595283736906554            +-    1.5898554700889041E-004 ) fb

  pp ---> HHW- + X
  ===============

  PDFSET = PDF4LHC21_40                                NSET =  22
  Sqrt(S)  = 14.0 TeV
  LOOP     = 3
  alphaS(MZ) =   0.11800
          kl =   1.00000
          kv =   1.00000
         k2v =   1.00000
         kth =   1.00000
         kbh =   1.00000
        cHsq =   0.00000
       chdup =   0.00000
         cHw =   0.00000
          cH =   0.00000
         cHb =   0.00000
        cHwb =   0.00000
      cHq1st =   0.00000
      cHq3st =  -0.02000
      cHq1rd =   0.00000
      cHq3rd =   0.00000
       cHdst =   0.00000
       cHust =   0.00000
       cHdrd =   0.00000
       cHurd =   0.00000
         cth =   0.00000
         cbh =   0.00000
 --------------

  mH       = 125.0000      GeV
  fact_scale 1.0
  ren_scale  1.0
  Kqq      =   0.27574027008035817            +-   -7.9089446586737375E-004
  Kgq      =   -6.2504521029852197E-002       +-   -3.1863772478435409E-004
  K_nlo    =    1.2132357490505059            +-    8.5266878434441830E-004
  Kqq2     =    6.3326288483932680E-002       +-   -5.5671461975105379E-004
  Kgq2     =   -3.1291486207832182E-002       +-   -3.0494226231162532E-004
  Kqqs     =    1.8802483065476151E-003       +-   -7.3116156824275097E-006
  Kgg      =    4.6308208653387612E-004       +-   -4.3823884600659269E-006
  K_nnlo   =    1.2476138817196880            +-    1.0630323005610804E-003
  sig_LO   = (  -8.5309381580015067E-002       +-    1.3084952436086191E-004 ) fb
  sig_NLO  = ( -0.10350039146226502            +-    1.4970905017939497E-004 ) fb
  sig_NNLO = ( -0.10643316870014864            +-    1.5920321150207642E-004 ) fb

  pp ---> HHW- + X
  ===============

  PDFSET = PDF4LHC21_40                                NSET =  23
  Sqrt(S)  = 14.0 TeV
  LOOP     = 3
  alphaS(MZ) =   0.11800
          kl =   1.00000
          kv =   1.00000
         k2v =   1.00000
         kth =   1.00000
         kbh =   1.00000
        cHsq =   0.00000
       chdup =   0.00000
         cHw =   0.00000
          cH =   0.00000
         cHb =   0.00000
        cHwb =   0.00000
      cHq1st =   0.00000
      cHq3st =  -0.02000
      cHq1rd =   0.00000
      cHq3rd =   0.00000
       cHdst =   0.00000
       cHust =   0.00000
       cHdrd =   0.00000
       cHurd =   0.00000
         cth =   0.00000
         cbh =   0.00000
 --------------

  mH       = 125.0000      GeV
  fact_scale 1.0
  ren_scale  1.0
  Kqq      =   0.27616826445734893            +-   -7.9162552872492247E-004
  Kgq      =   -6.2811664256912508E-002       +-   -3.2018636537295626E-004
  K_nlo    =    1.2133566002004363            +-    8.5392639395896253E-004
  Kqq2     =    6.3510691636142411E-002       +-   -5.5731128223013640E-004
  Kgq2     =   -3.1453240894688532E-002       +-   -3.0634536400673829E-004
  Kqqs     =    1.8992223485299099E-003       +-   -7.3774966329741384E-006
  Kgg      =    4.5661806729251086E-004       +-   -4.3653434106563693E-006
  K_nnlo   =    1.2477698913577124            +-    1.0647568348354658E-003
  sig_LO   = (  -8.4991421934856357E-002       +-    1.3049708201802126E-004 ) fb
  sig_NLO  = ( -0.10312490276507810            +-    1.4932121393254144E-004 ) fb
  sig_NNLO = ( -0.10604973731399324            +-    1.5880449983877903E-004 ) fb

  pp ---> HHW- + X
  ===============

  PDFSET = PDF4LHC21_40                                NSET =  24
  Sqrt(S)  = 14.0 TeV
  LOOP     = 3
  alphaS(MZ) =   0.11800
          kl =   1.00000
          kv =   1.00000
         k2v =   1.00000
         kth =   1.00000
         kbh =   1.00000
        cHsq =   0.00000
       chdup =   0.00000
         cHw =   0.00000
          cH =   0.00000
         cHb =   0.00000
        cHwb =   0.00000
      cHq1st =   0.00000
      cHq3st =  -0.02000
      cHq1rd =   0.00000
      cHq3rd =   0.00000
       cHdst =   0.00000
       cHust =   0.00000
       cHdrd =   0.00000
       cHurd =   0.00000
         cth =   0.00000
         cbh =   0.00000
 --------------

  mH       = 125.0000      GeV
  fact_scale 1.0
  ren_scale  1.0
  Kqq      =   0.27522259695300855            +-   -7.8194906085184872E-004
  Kgq      =   -6.2223956566655685E-002       +-   -3.1639467229525013E-004
  K_nlo    =    1.2129986403863531            +-    8.4353418568775679E-004
  Kqq2     =    6.3191037423965660E-002       +-   -5.4950691418170446E-004
  Kgq2     =   -3.1140688923333191E-002       +-   -3.0269066787218647E-004
  Kqqs     =    1.8775822213830385E-003       +-   -7.2657615807556660E-006
  Kgg      =    4.5021363773222009E-004       +-   -4.3039418372586547E-006
  K_nnlo   =    1.2473767847461008            +-    1.0512852737392469E-003
  sig_LO   = (  -8.6305986347000013E-002       +-    1.3032939874868288E-004 ) fb
  sig_NLO  = ( -0.10468904409611415            +-    1.4928459615699325E-004 ) fb
  sig_NNLO = ( -0.10765608375386174            +-    1.5880203575552071E-004 ) fb

  pp ---> HHW- + X
  ===============

  PDFSET = PDF4LHC21_40                                NSET =  25
  Sqrt(S)  = 14.0 TeV
  LOOP     = 3
  alphaS(MZ) =   0.11800
          kl =   1.00000
          kv =   1.00000
         k2v =   1.00000
         kth =   1.00000
         kbh =   1.00000
        cHsq =   0.00000
       chdup =   0.00000
         cHw =   0.00000
          cH =   0.00000
         cHb =   0.00000
        cHwb =   0.00000
      cHq1st =   0.00000
      cHq3st =  -0.02000
      cHq1rd =   0.00000
      cHq3rd =   0.00000
       cHdst =   0.00000
       cHust =   0.00000
       cHdrd =   0.00000
       cHurd =   0.00000
         cth =   0.00000
         cbh =   0.00000
 --------------

  mH       = 125.0000      GeV
  fact_scale 1.0
  ren_scale  1.0
  Kqq      =   0.27537542889515343            +-   -7.8848994784522621E-004
  Kgq      =   -6.2259047409915530E-002       +-   -3.1777668425338890E-004
  K_nlo    =    1.2131163814852379            +-    8.5011670899238633E-004
  Kqq2     =    6.3191482919430719E-002       +-   -5.5574821874053622E-004
  Kgq2     =   -3.1176378201905258E-002       +-   -3.0419641762285255E-004
  Kqqs     =    1.8776541716367869E-003       +-   -7.3158096700034314E-006
  Kgg      =    4.5555325996256735E-004       +-   -4.3393906724260385E-006
  K_nnlo   =    1.2474646936343627            +-    1.0602652090012372E-003
  sig_LO   = (  -8.5901939601453342E-002       +-    1.3141157544328922E-004 ) fb
  sig_NLO  = ( -0.10420905013187853            +-    1.5033927398968989E-004 ) fb
  sig_NNLO = ( -0.10715963676752452            +-    1.5988857645849990E-004 ) fb

  pp ---> HHW- + X
  ===============

  PDFSET = PDF4LHC21_40                                NSET =  26
  Sqrt(S)  = 14.0 TeV
  LOOP     = 3
  alphaS(MZ) =   0.11800
          kl =   1.00000
          kv =   1.00000
         k2v =   1.00000
         kth =   1.00000
         kbh =   1.00000
        cHsq =   0.00000
       chdup =   0.00000
         cHw =   0.00000
          cH =   0.00000
         cHb =   0.00000
        cHwb =   0.00000
      cHq1st =   0.00000
      cHq3st =  -0.02000
      cHq1rd =   0.00000
      cHq3rd =   0.00000
       cHdst =   0.00000
       cHust =   0.00000
       cHdrd =   0.00000
       cHurd =   0.00000
         cth =   0.00000
         cbh =   0.00000
 --------------

  mH       = 125.0000      GeV
  fact_scale 1.0
  ren_scale  1.0
  Kqq      =   0.27584596100232062            +-   -7.8778169961627050E-004
  Kgq      =   -6.2833766430133955E-002       +-   -3.1870981331079103E-004
  K_nlo    =    1.2130121945721868            +-    8.4980936176939068E-004
  Kqq2     =    6.3431955882941704E-002       +-   -5.4872827518424134E-004
  Kgq2     =   -3.1425331974999665E-002       +-   -3.0235755025149981E-004
  Kqqs     =    1.8989967718549181E-003       +-   -7.2605026592262330E-006
  Kgg      =    4.5260392427251279E-004       +-   -4.3280165383481360E-006
  K_nnlo   =    1.2473704191762562            +-    1.0558267879523045E-003
  sig_LO   = (  -8.5605038992965982E-002       +-    1.2980496386561581E-004 ) fb
  sig_NLO  = ( -0.10383995621529528            +-    1.4880052031142408E-004 ) fb
  sig_NNLO = ( -0.10678119337225572            +-    1.5817273145299969E-004 ) fb

  pp ---> HHW- + X
  ===============

  PDFSET = PDF4LHC21_40                                NSET =  27
  Sqrt(S)  = 14.0 TeV
  LOOP     = 3
  alphaS(MZ) =   0.11800
          kl =   1.00000
          kv =   1.00000
         k2v =   1.00000
         kth =   1.00000
         kbh =   1.00000
        cHsq =   0.00000
       chdup =   0.00000
         cHw =   0.00000
          cH =   0.00000
         cHb =   0.00000
        cHwb =   0.00000
      cHq1st =   0.00000
      cHq3st =  -0.02000
      cHq1rd =   0.00000
      cHq3rd =   0.00000
       cHdst =   0.00000
       cHust =   0.00000
       cHdrd =   0.00000
       cHurd =   0.00000
         cth =   0.00000
         cbh =   0.00000
 --------------

  mH       = 125.0000      GeV
  fact_scale 1.0
  ren_scale  1.0
  Kqq      =   0.27562625023391962            +-   -7.8868528839879065E-004
  Kgq      =   -6.2139450886433314E-002       +-   -3.1714896584441725E-004
  K_nlo    =    1.2134867993474865            +-    8.5006349802403995E-004
  Kqq2     =    6.3307962808779150E-002       +-   -5.5497089971289935E-004
  Kgq2     =   -3.1124526573016533E-002       +-   -3.0352869387341392E-004
  Kqqs     =    1.8804721763415757E-003       +-   -7.3115588164934730E-006
  Kgg      =    4.5381842840723041E-004       +-   -4.3483348550750694E-006
  K_nnlo   =    1.2480045261879982            +-    1.0596238413294839E-003
  sig_LO   = (  -8.5331924131008277E-002       +-    1.3045596178696560E-004 ) fb
  sig_NLO  = ( -0.10354916349589977            +-    1.4926638836137401E-004 ) fb
  sig_NNLO = ( -0.10649462754382917            +-    1.5872771519460463E-004 ) fb

  pp ---> HHW- + X
  ===============

  PDFSET = PDF4LHC21_40                                NSET =  28
  Sqrt(S)  = 14.0 TeV
  LOOP     = 3
  alphaS(MZ) =   0.11800
          kl =   1.00000
          kv =   1.00000
         k2v =   1.00000
         kth =   1.00000
         kbh =   1.00000
        cHsq =   0.00000
       chdup =   0.00000
         cHw =   0.00000
          cH =   0.00000
         cHb =   0.00000
        cHwb =   0.00000
      cHq1st =   0.00000
      cHq3st =  -0.02000
      cHq1rd =   0.00000
      cHq3rd =   0.00000
       cHdst =   0.00000
       cHust =   0.00000
       cHdrd =   0.00000
       cHurd =   0.00000
         cth =   0.00000
         cbh =   0.00000
 --------------

  mH       = 125.0000      GeV
  fact_scale 1.0
  ren_scale  1.0
  Kqq      =   0.27596382968846001            +-   -7.9350588785968010E-004
  Kgq      =   -6.2667287724510315E-002       +-   -3.1976088212458463E-004
  K_nlo    =    1.2132965419639499            +-    8.5551073389237588E-004
  Kqq2     =    6.3404835521800235E-002       +-   -5.5924147748858386E-004
  Kgq2     =   -3.1384951199505073E-002       +-   -3.0596610398059824E-004
  Kqqs     =    1.8991465189322752E-003       +-   -7.3858055614679220E-006
  Kgg      =    4.5011893802939825E-004       +-   -4.3297451215311717E-006
  K_nnlo   =    1.2476656917432067            +-    1.0669293320320523E-003
  sig_LO   = (  -8.5284867192707711E-002       +-    1.3138669730499157E-004 ) fb
  sig_NLO  = ( -0.10347583444676697            +-    1.5028617729073934E-004 ) fb
  sig_NNLO = ( -0.10640700282121718            +-    1.5981920060201350E-004 ) fb

  pp ---> HHW- + X
  ===============

  PDFSET = PDF4LHC21_40                                NSET =  29
  Sqrt(S)  = 14.0 TeV
  LOOP     = 3
  alphaS(MZ) =   0.11800
          kl =   1.00000
          kv =   1.00000
         k2v =   1.00000
         kth =   1.00000
         kbh =   1.00000
        cHsq =   0.00000
       chdup =   0.00000
         cHw =   0.00000
          cH =   0.00000
         cHb =   0.00000
        cHwb =   0.00000
      cHq1st =   0.00000
      cHq3st =  -0.02000
      cHq1rd =   0.00000
      cHq3rd =   0.00000
       cHdst =   0.00000
       cHust =   0.00000
       cHdrd =   0.00000
       cHurd =   0.00000
         cth =   0.00000
         cbh =   0.00000
 --------------

  mH       = 125.0000      GeV
  fact_scale 1.0
  ren_scale  1.0
  Kqq      =   0.27585709709323769            +-   -7.9374849042221124E-004
  Kgq      =   -6.2498375039125788E-002       +-   -3.1928169349857533E-004
  K_nlo    =    1.2133587220541120            +-    8.5555681626111625E-004
  Kqq2     =    6.3364782219602678E-002       +-   -5.5901974807499215E-004
  Kgq2     =   -3.1309056353268867E-002       +-   -3.0562557291753748E-004
  Kqqs     =    1.8974505383473773E-003       +-   -7.3816846734866100E-006
  Kgg      =    4.5267303304335251E-004       +-   -4.3369625094959162E-006
  K_nnlo   =    1.2477645714918364            +-    1.0667524707833049E-003
  sig_LO   = (  -8.5328081452163085E-002       +-    1.3145680815891233E-004 ) fb
  sig_NLO  = ( -0.10353357186612577            +-    1.5036732886292996E-004 ) fb
  sig_NNLO = ( -0.10646935698937877            +-    1.5989449764422907E-004 ) fb

  pp ---> HHW- + X
  ===============

  PDFSET = PDF4LHC21_40                                NSET =  30
  Sqrt(S)  = 14.0 TeV
  LOOP     = 3
  alphaS(MZ) =   0.11800
          kl =   1.00000
          kv =   1.00000
         k2v =   1.00000
         kth =   1.00000
         kbh =   1.00000
        cHsq =   0.00000
       chdup =   0.00000
         cHw =   0.00000
          cH =   0.00000
         cHb =   0.00000
        cHwb =   0.00000
      cHq1st =   0.00000
      cHq3st =  -0.02000
      cHq1rd =   0.00000
      cHq3rd =   0.00000
       cHdst =   0.00000
       cHust =   0.00000
       cHdrd =   0.00000
       cHurd =   0.00000
         cth =   0.00000
         cbh =   0.00000
 --------------

  mH       = 125.0000      GeV
  fact_scale 1.0
  ren_scale  1.0
  Kqq      =   0.27624333695230013            +-   -7.9615271008985395E-004
  Kgq      =   -6.2565656249693985E-002       +-   -3.1945643868322438E-004
  K_nlo    =    1.2136776807026062            +-    8.5785287433194960E-004
  Kqq2     =    6.3496481028260748E-002       +-   -5.6113624710218664E-004
  Kgq2     =   -3.1345603668113869E-002       +-   -3.0565724143265146E-004
  Kqqs     =    1.8939583371144696E-003       +-   -7.3720517413846202E-006
  Kgg      =    4.4936074026939379E-004       +-   -4.3578565157282147E-006
  K_nnlo   =    1.2481718771401369            +-    1.0697126385679574E-003
  sig_LO   = (  -8.4916958657295483E-002       +-    1.3144962329201529E-004 ) fb
  sig_NLO  = ( -0.10306181743550547            +-    1.5028499802642204E-004 ) fb
  sig_NNLO = ( -0.10599095968830789            +-    1.5978209382398731E-004 ) fb

  pp ---> HHW- + X
  ===============

  PDFSET = PDF4LHC21_40                                NSET =  31
  Sqrt(S)  = 14.0 TeV
  LOOP     = 3
  alphaS(MZ) =   0.11800
          kl =   1.00000
          kv =   1.00000
         k2v =   1.00000
         kth =   1.00000
         kbh =   1.00000
        cHsq =   0.00000
       chdup =   0.00000
         cHw =   0.00000
          cH =   0.00000
         cHb =   0.00000
        cHwb =   0.00000
      cHq1st =   0.00000
      cHq3st =  -0.02000
      cHq1rd =   0.00000
      cHq3rd =   0.00000
       cHdst =   0.00000
       cHust =   0.00000
       cHdrd =   0.00000
       cHurd =   0.00000
         cth =   0.00000
         cbh =   0.00000
 --------------

  mH       = 125.0000      GeV
  fact_scale 1.0
  ren_scale  1.0
  Kqq      =   0.27580367314415893            +-   -7.9215139663409259E-004
  Kgq      =   -6.1840093351583712E-002       +-   -3.1692001146853445E-004
  K_nlo    =    1.2139635797925752            +-    8.5319524662210789E-004
  Kqq2     =    6.3347853533393506E-002       +-   -5.5793709183168418E-004
  Kgq2     =   -3.0992320351955267E-002       +-   -3.0378471390561960E-004
  Kqqs     =    1.8765548349362630E-003       +-   -7.3268061028351425E-006
  Kgg      =    4.4884079122107861E-004       +-   -4.3331351471091256E-006
  K_nnlo   =    1.2486445086001707            +-    1.0637638543637151E-003
  sig_LO   = (  -8.5223710421461776E-002       +-    1.3096204950505913E-004 ) fb
  sig_NLO  = ( -0.10345848058644354            +-    1.4979372791706967E-004 ) fb
  sig_NNLO = ( -0.10641411802028941            +-    1.5927935751095749E-004 ) fb

  pp ---> HHW- + X
  ===============

  PDFSET = PDF4LHC21_40                                NSET =  32
  Sqrt(S)  = 14.0 TeV
  LOOP     = 3
  alphaS(MZ) =   0.11800
          kl =   1.00000
          kv =   1.00000
         k2v =   1.00000
         kth =   1.00000
         kbh =   1.00000
        cHsq =   0.00000
       chdup =   0.00000
         cHw =   0.00000
          cH =   0.00000
         cHb =   0.00000
        cHwb =   0.00000
      cHq1st =   0.00000
      cHq3st =  -0.02000
      cHq1rd =   0.00000
      cHq3rd =   0.00000
       cHdst =   0.00000
       cHust =   0.00000
       cHdrd =   0.00000
       cHurd =   0.00000
         cth =   0.00000
         cbh =   0.00000
 --------------

  mH       = 125.0000      GeV
  fact_scale 1.0
  ren_scale  1.0
  Kqq      =   0.27567456596140050            +-   -7.9084354997401582E-004
  Kgq      =   -6.2360656224851700E-002       +-   -3.1799203421563192E-004
  K_nlo    =    1.2133139097365486            +-    8.5238046338480754E-004
  Kqq2     =    6.3301508672389914E-002       +-   -5.5705953110449854E-004
  Kgq2     =   -3.1221645472800010E-002       +-   -3.0439302356868745E-004
  Kqqs     =    1.8891915032947539E-003       +-   -7.3440247740205996E-006
  Kgg      =    4.5200401199906834E-004       +-   -4.3262190926252573E-006
  K_nnlo   =    1.2477349684514323            +-    1.0628243219005056E-003
  sig_LO   = (  -8.5772813715495874E-002       +-    1.3158039699440722E-004 ) fb
  sig_NLO  = ( -0.10406934795825297            +-    1.5052783640310115E-004 ) fb
  sig_NNLO = ( -0.10702173901529484            +-    1.6007438165512920E-004 ) fb

  pp ---> HHW- + X
  ===============

  PDFSET = PDF4LHC21_40                                NSET =  33
  Sqrt(S)  = 14.0 TeV
  LOOP     = 3
  alphaS(MZ) =   0.11800
          kl =   1.00000
          kv =   1.00000
         k2v =   1.00000
         kth =   1.00000
         kbh =   1.00000
        cHsq =   0.00000
       chdup =   0.00000
         cHw =   0.00000
          cH =   0.00000
         cHb =   0.00000
        cHwb =   0.00000
      cHq1st =   0.00000
      cHq3st =  -0.02000
      cHq1rd =   0.00000
      cHq3rd =   0.00000
       cHdst =   0.00000
       cHust =   0.00000
       cHdrd =   0.00000
       cHurd =   0.00000
         cth =   0.00000
         cbh =   0.00000
 --------------

  mH       = 125.0000      GeV
  fact_scale 1.0
  ren_scale  1.0
  Kqq      =   0.27598275879774709            +-   -7.9355454593838502E-004
  Kgq      =   -6.2469963669412432E-002       +-   -3.1852058961492040E-004
  K_nlo    =    1.2135127951283347            +-    8.5509308463354618E-004
  Kqq2     =    6.3405518273128209E-002       +-   -5.5916373736094032E-004
  Kgq2     =   -3.1283073234646352E-002       +-   -3.0475555702933713E-004
  Kqqs     =    1.8887195025334329E-003       +-   -7.3454327327811869E-006
  Kgg      =    4.5364126715051711E-004       +-   -4.3494622135893660E-006
  K_nnlo   =    1.2479776009365005            +-    1.0662068707860629E-003
  sig_LO   = (  -8.5201404453534732E-002       +-    1.3133076871855279E-004 ) fb
  sig_NLO  = ( -0.10339299446726867            +-    1.5018535559238605E-004 ) fb
  sig_NNLO = ( -0.10632944432634274            +-    1.5968750242010426E-004 ) fb

  pp ---> HHW- + X
  ===============

  PDFSET = PDF4LHC21_40                                NSET =  34
  Sqrt(S)  = 14.0 TeV
  LOOP     = 3
  alphaS(MZ) =   0.11800
          kl =   1.00000
          kv =   1.00000
         k2v =   1.00000
         kth =   1.00000
         kbh =   1.00000
        cHsq =   0.00000
       chdup =   0.00000
         cHw =   0.00000
          cH =   0.00000
         cHb =   0.00000
        cHwb =   0.00000
      cHq1st =   0.00000
      cHq3st =  -0.02000
      cHq1rd =   0.00000
      cHq3rd =   0.00000
       cHdst =   0.00000
       cHust =   0.00000
       cHdrd =   0.00000
       cHurd =   0.00000
         cth =   0.00000
         cbh =   0.00000
 --------------

  mH       = 125.0000      GeV
  fact_scale 1.0
  ren_scale  1.0
  Kqq      =   0.27504804492529883            +-   -7.8194096547688329E-004
  Kgq      =   -6.2195089533354356E-002       +-   -3.1572745623986926E-004
  K_nlo    =    1.2128529553919445            +-    8.4327664506650424E-004
  Kqq2     =    6.3125944706541634E-002       +-   -5.4953028921441750E-004
  Kgq2     =   -3.1121128811376547E-002       +-   -3.0119038839513626E-004
  Kqqs     =    1.8744336596217238E-003       +-   -7.2435765984301932E-006
  Kgg      =    4.5562897937894673E-004       +-   -4.3120238634684137E-006
  K_nnlo   =    1.2471878339261100            +-    1.0506596746292539E-003
  sig_LO   = (  -8.6495405001994000E-002       +-    1.3084812452370491E-004 ) fb
  sig_NLO  = ( -0.10490620758449160            +-    1.4980457391803266E-004 ) fb
  sig_NNLO = ( -0.10787601680899853            +-    1.5931071327670760E-004 ) fb

  pp ---> HHW- + X
  ===============

  PDFSET = PDF4LHC21_40                                NSET =  35
  Sqrt(S)  = 14.0 TeV
  LOOP     = 3
  alphaS(MZ) =   0.11800
          kl =   1.00000
          kv =   1.00000
         k2v =   1.00000
         kth =   1.00000
         kbh =   1.00000
        cHsq =   0.00000
       chdup =   0.00000
         cHw =   0.00000
          cH =   0.00000
         cHb =   0.00000
        cHwb =   0.00000
      cHq1st =   0.00000
      cHq3st =  -0.02000
      cHq1rd =   0.00000
      cHq3rd =   0.00000
       cHdst =   0.00000
       cHust =   0.00000
       cHdrd =   0.00000
       cHurd =   0.00000
         cth =   0.00000
         cbh =   0.00000
 --------------

  mH       = 125.0000      GeV
  fact_scale 1.0
  ren_scale  1.0
  Kqq      =   0.27581730280465888            +-   -7.9255535646667661E-004
  Kgq      =   -6.2298757449056906E-002       +-   -3.1800273147369689E-004
  K_nlo    =    1.2135185453556019            +-    8.5397290957544615E-004
  Kqq2     =    6.3343995373025597E-002       +-   -5.5761723424465226E-004
  Kgq2     =   -3.1202667680008737E-002       +-   -3.0453340637677799E-004
  Kqqs     =    1.8823390645215825E-003       +-   -7.3281962062521613E-006
  Kgg      =    4.5453869848936985E-004       +-   -4.3458033588113141E-006
  K_nnlo   =    1.2479967508116296            +-    1.0644340723038337E-003
  sig_LO   = (  -8.5366895219906785E-002       +-    1.3127936240552387E-004 ) fb
  sig_NLO  = ( -0.10359431050878537            +-    1.5016267549474430E-004 ) fb
  sig_NNLO = ( -0.10653760786132052            +-    1.5965951640014930E-004 ) fb

  pp ---> HHW- + X
  ===============

  PDFSET = PDF4LHC21_40                                NSET =  36
  Sqrt(S)  = 14.0 TeV
  LOOP     = 3
  alphaS(MZ) =   0.11800
          kl =   1.00000
          kv =   1.00000
         k2v =   1.00000
         kth =   1.00000
         kbh =   1.00000
        cHsq =   0.00000
       chdup =   0.00000
         cHw =   0.00000
          cH =   0.00000
         cHb =   0.00000
        cHwb =   0.00000
      cHq1st =   0.00000
      cHq3st =  -0.02000
      cHq1rd =   0.00000
      cHq3rd =   0.00000
       cHdst =   0.00000
       cHust =   0.00000
       cHdrd =   0.00000
       cHurd =   0.00000
         cth =   0.00000
         cbh =   0.00000
 --------------

  mH       = 125.0000      GeV
  fact_scale 1.0
  ren_scale  1.0
  Kqq      =   0.27574391955331551            +-   -7.9078123227257254E-004
  Kgq      =   -6.2338341066038423E-002       +-   -3.1797028801717423E-004
  K_nlo    =    1.2134055784872770            +-    8.5231453195182185E-004
  Kqq2     =    6.3330990639053772E-002       +-   -5.5621338604958017E-004
  Kgq2     =   -3.1223329001142251E-002       +-   -3.0439761923128315E-004
  Kqqs     =    1.8787834948094128E-003       +-   -7.3056337874515963E-006
  Kgg      =    4.5524186656774725E-004       +-   -4.3661116599183943E-006
  K_nnlo   =    1.2478472654865658            +-    1.0623293924234278E-003
  sig_LO   = (  -8.5432699112749866E-002       +-    1.3096434063173648E-004 ) fb
  sig_NLO  = ( -0.10366451368863573            +-    1.4984578761430720E-004 ) fb
  sig_NNLO = ( -0.10660695997098148            +-    1.5933804535760859E-004 ) fb

  pp ---> HHW- + X
  ===============

  PDFSET = PDF4LHC21_40                                NSET =  37
  Sqrt(S)  = 14.0 TeV
  LOOP     = 3
  alphaS(MZ) =   0.11800
          kl =   1.00000
          kv =   1.00000
         k2v =   1.00000
         kth =   1.00000
         kbh =   1.00000
        cHsq =   0.00000
       chdup =   0.00000
         cHw =   0.00000
          cH =   0.00000
         cHb =   0.00000
        cHwb =   0.00000
      cHq1st =   0.00000
      cHq3st =  -0.02000
      cHq1rd =   0.00000
      cHq3rd =   0.00000
       cHdst =   0.00000
       cHust =   0.00000
       cHdrd =   0.00000
       cHurd =   0.00000
         cth =   0.00000
         cbh =   0.00000
 --------------

  mH       = 125.0000      GeV
  fact_scale 1.0
  ren_scale  1.0
  Kqq      =   0.27552651573736298            +-   -7.8650031243295796E-004
  Kgq      =   -6.1719547496042110E-002       +-   -3.1473464408603765E-004
  K_nlo    =    1.2138069682413208            +-    8.4713672901433400E-004
  Kqq2     =    6.3252837547592228E-002       +-   -5.5279380708309468E-004
  Kgq2     =   -3.0908805230747211E-002       +-   -3.0119005281344541E-004
  Kqqs     =    1.8687622807814701E-003       +-   -7.2591457173570543E-006
  Kgg      =    4.4849633773728437E-004       +-   -4.2952731876518609E-006
  K_nnlo   =    1.2484682591766847            +-    1.0554658797311239E-003
  sig_LO   = (  -8.6321378372550592E-002       +-    1.3140431803346114E-004 ) fb
  sig_NLO  = ( -0.10477749057679757            +-    1.5038120944351567E-004 ) fb
  sig_NNLO = ( -0.10776950098651014            +-    1.5989994933785759E-004 ) fb

  pp ---> HHW- + X
  ===============

  PDFSET = PDF4LHC21_40                                NSET =  38
  Sqrt(S)  = 14.0 TeV
  LOOP     = 3
  alphaS(MZ) =   0.11800
          kl =   1.00000
          kv =   1.00000
         k2v =   1.00000
         kth =   1.00000
         kbh =   1.00000
        cHsq =   0.00000
       chdup =   0.00000
         cHw =   0.00000
          cH =   0.00000
         cHb =   0.00000
        cHwb =   0.00000
      cHq1st =   0.00000
      cHq3st =  -0.02000
      cHq1rd =   0.00000
      cHq3rd =   0.00000
       cHdst =   0.00000
       cHust =   0.00000
       cHdrd =   0.00000
       cHurd =   0.00000
         cth =   0.00000
         cbh =   0.00000
 --------------

  mH       = 125.0000      GeV
  fact_scale 1.0
  ren_scale  1.0
  Kqq      =   0.27575955523433687            +-   -7.9127140376751657E-004
  Kgq      =   -6.2371243345483732E-002       +-   -3.1795171077030965E-004
  K_nlo    =    1.2133883118888531            +-    8.5276240817825852E-004
  Kqq2     =    6.3330260270272429E-002       +-   -5.5698183672325059E-004
  Kgq2     =   -3.1238185506269191E-002       +-   -3.0419664902944598E-004
  Kqqs     =    1.8876365215335000E-003       +-   -7.3325156874350009E-006
  Kgg      =    4.5149502379015257E-004       +-   -4.3284403396689805E-006
  K_nnlo   =    1.2478195181981799            +-    1.0630336747744229E-003
  sig_LO   = (  -8.5628535416029938E-002       +-    1.3136881077928343E-004 ) fb
  sig_NLO  = ( -0.10390066403797144            +-    1.5029903893332703E-004 ) fb
  sig_NNLO = ( -0.10684895780684628            +-    1.5982334046115318E-004 ) fb

  pp ---> HHW- + X
  ===============

  PDFSET = PDF4LHC21_40                                NSET =  39
  Sqrt(S)  = 14.0 TeV
  LOOP     = 3
  alphaS(MZ) =   0.11800
          kl =   1.00000
          kv =   1.00000
         k2v =   1.00000
         kth =   1.00000
         kbh =   1.00000
        cHsq =   0.00000
       chdup =   0.00000
         cHw =   0.00000
          cH =   0.00000
         cHb =   0.00000
        cHwb =   0.00000
      cHq1st =   0.00000
      cHq3st =  -0.02000
      cHq1rd =   0.00000
      cHq3rd =   0.00000
       cHdst =   0.00000
       cHust =   0.00000
       cHdrd =   0.00000
       cHurd =   0.00000
         cth =   0.00000
         cbh =   0.00000
 --------------

  mH       = 125.0000      GeV
  fact_scale 1.0
  ren_scale  1.0
  Kqq      =   0.27577061338465431            +-   -7.9062871060109775E-004
  Kgq      =   -6.2432086713326805E-002       +-   -3.1771878099391861E-004
  K_nlo    =    1.2133385266713275            +-    8.5207921100271893E-004
  Kqq2     =    6.3333014313985470E-002       +-   -5.5630801622509954E-004
  Kgq2     =   -3.1259019395188721E-002       +-   -3.0406363489484664E-004
  Kqqs     =    1.8831769339738278E-003       +-   -7.2998191698229217E-006
  Kgg      =    4.5686122187899313E-004       +-   -4.3448736939054120E-006
  K_nnlo   =    1.2477525597459769            +-    1.0620943696734845E-003
  sig_LO   = (  -8.5657383202236329E-002       +-    1.3126883797034947E-004 ) fb
  sig_NLO  = ( -0.10393140313312275            +-    1.5019517907271279E-004 ) fb
  sig_NNLO = ( -0.10687921915173246            +-    1.5971280860286333E-004 ) fb

  pp ---> HHW- + X
  ===============

  PDFSET = PDF4LHC21_40                                NSET =  40
  Sqrt(S)  = 14.0 TeV
  LOOP     = 3
  alphaS(MZ) =   0.11800
          kl =   1.00000
          kv =   1.00000
         k2v =   1.00000
         kth =   1.00000
         kbh =   1.00000
        cHsq =   0.00000
       chdup =   0.00000
         cHw =   0.00000
          cH =   0.00000
         cHb =   0.00000
        cHwb =   0.00000
      cHq1st =   0.00000
      cHq3st =  -0.02000
      cHq1rd =   0.00000
      cHq3rd =   0.00000
       cHdst =   0.00000
       cHust =   0.00000
       cHdrd =   0.00000
       cHurd =   0.00000
         cth =   0.00000
         cbh =   0.00000
 --------------

  mH       = 125.0000      GeV
  fact_scale 1.0
  ren_scale  1.0
  Kqq      =   0.27572893357549744            +-   -7.8955460894363416E-004
  Kgq      =   -6.2122193414842715E-002       +-   -3.1717277941782819E-004
  K_nlo    =    1.2136067401606545            +-    8.5087898816915523E-004
  Kqq2     =    6.3336120810500024E-002       +-   -5.5517495307932615E-004
  Kgq2     =   -3.1119197235779536E-002       +-   -3.0368156908357414E-004
  Kqqs     =    1.8801962055040812E-003       +-   -7.3121233759102602E-006
  Kgg      =    4.5189140810103127E-004       +-   -4.3312027697708952E-006
  K_nnlo   =    1.2481557513489803            +-    1.0604286882677006E-003
  sig_LO   = (  -8.5582923824323268E-002       +-    1.3099820921953586E-004 ) fb
  sig_NLO  = ( -0.10386401319585459            +-    1.4987790651314312E-004 ) fb
  sig_NNLO = ( -0.10682081858859076            +-    1.5936413021157248E-004 ) fb

  pp ---> HHW- + X
  ===============

  PDFSET = PDF4LHC21_40                                NSET =  41
  Sqrt(S)  = 14.0 TeV
  LOOP     = 3
  alphaS(MZ) =   0.11700
          kl =   1.00000
          kv =   1.00000
         k2v =   1.00000
         kth =   1.00000
         kbh =   1.00000
        cHsq =   0.00000
       chdup =   0.00000
         cHw =   0.00000
          cH =   0.00000
         cHb =   0.00000
        cHwb =   0.00000
      cHq1st =   0.00000
      cHq3st =  -0.02000
      cHq1rd =   0.00000
      cHq3rd =   0.00000
       cHdst =   0.00000
       cHust =   0.00000
       cHdrd =   0.00000
       cHurd =   0.00000
         cth =   0.00000
         cbh =   0.00000
 --------------

  mH       = 125.0000      GeV
  fact_scale 1.0
  ren_scale  1.0
  Kqq      =   0.27364791154479767            +-   -7.8033465937063279E-004
  Kgq      =   -5.9937743474516456E-002       +-   -3.0755606798051592E-004
  K_nlo    =    1.2137101680702811            +-    8.3875676782170722E-004
  Kqq2     =    6.2410934533943738E-002       +-   -5.4531580400884246E-004
  Kgq2     =   -2.9837423542896726E-002       +-   -2.9269201726799405E-004
  Kqqs     =    1.8449576323139201E-003       +-   -7.1534491304907888E-006
  Kgg      =    4.1422543756497872E-004       +-   -4.1290189838052858E-006
  K_nnlo   =    1.2485428621312069            +-    1.0424102260018205E-003
  sig_LO   = (  -8.6599133019641436E-002       +-    1.3151596587473958E-004 ) fb
  sig_NLO  = ( -0.10510624829200965            +-    1.5024107614550829E-004 ) fb
  sig_NNLO = ( -0.10812272939842425            +-    1.5951630354020492E-004 ) fb

  pp ---> HHW- + X
  ===============

  PDFSET = PDF4LHC21_40                                NSET =  42
  Sqrt(S)  = 14.0 TeV
  LOOP     = 3
  alphaS(MZ) =   0.11900
          kl =   1.00000
          kv =   1.00000
         k2v =   1.00000
         kth =   1.00000
         kbh =   1.00000
        cHsq =   0.00000
       chdup =   0.00000
         cHw =   0.00000
          cH =   0.00000
         cHb =   0.00000
        cHwb =   0.00000
      cHq1st =   0.00000
      cHq3st =  -0.02000
      cHq1rd =   0.00000
      cHq3rd =   0.00000
       cHdst =   0.00000
       cHust =   0.00000
       cHdrd =   0.00000
       cHurd =   0.00000
         cth =   0.00000
         cbh =   0.00000
 --------------

  mH       = 125.0000      GeV
  fact_scale 1.0
  ren_scale  1.0
  Kqq      =   0.27735776517972160            +-   -7.9700516926774581E-004
  Kgq      =   -6.1029060325774091E-002       +-   -3.1338859194893464E-004
  K_nlo    =    1.2163287048539475            +-    8.5640507320031915E-004
  Kqq2     =    6.4069490004277446E-002       +-   -5.6580497832291838E-004
  Kgq2     =   -3.0715435956701929E-002       +-   -3.0195950335978254E-004
  Kqqs     =    1.9017789717058662E-003       +-   -7.4189911509333294E-006
  Kgg      =    4.3403159115703758E-004       +-   -4.2582670581254846E-006
  K_nnlo   =    1.2520185694643862            +-    1.0699615127823827E-003
  sig_LO   = (  -8.5871271149276146E-002       +-    1.3196206961993090E-004 ) fb
  sig_NLO  = ( -0.10444769202116121            +-    1.5107020396988761E-004 ) fb
  sig_NNLO = ( -0.10751242606240512            +-    1.6079717106956028E-004 ) fb

