  pp ---> HHW+ + X
  ===============

  PDFSET = PDF4LHC21_40                                NSET =   0
  Sqrt(S)  = 13.6 TeV
  LOOP     = 3
  alphaS(MZ) =   0.11800
          kl =   6.00000
          kv =   1.00000
         k2v =   1.00000
         kth =   1.00000
         kbh =   1.00000
 --------------

  mH       = 125.0000      GeV
  fact_scale 0.5
  ren_scale  0.5
  Kqq      =   0.20386068035709376            +-    1.9437862445883104E-004
  Kgq      =   -2.0514345947628937E-002       +-    1.2945012701374553E-004
  K_nlo    =    1.1833463344094648            +-    2.3353882981290739E-004
  Kqq2     =    2.3624258779435341E-002       +-    1.7902368608623361E-004
  Kgq2     =   -1.6994178609306246E-002       +-    1.2556852072890561E-004
  Kqqs     =    1.4229604741502326E-003       +-    3.9878117631740388E-006
  Kgg      =    3.2120629581614793E-004       +-    1.7380807526529211E-006
  K_nnlo   =    1.1917205813495604            +-    3.1996287624612213E-004
  sig_LO   = (   1.9195501196937899            +-    1.1214382909428818E-003 ) fb
  sig_NLO  = (   2.2714925978548957            +-    1.2077198789827845E-003 ) fb
  sig_NNLO = (   2.2875673845711013            +-    1.2786112705500589E-003 ) fb

  mH       = 125.0000      GeV
  fact_scale 1.0
  ren_scale  0.5
  Kqq      =   0.27328448779589964            +-    2.5188980611729074E-004
  Kgq      =   -7.5148288776727371E-002       +-    1.3333395497562372E-004
  K_nlo    =    1.1981361990191721            +-    2.8500248766501668E-004
  Kqq2     =    4.2141515319940079E-002       +-    2.6636825420770519E-004
  Kgq2     =   -3.5927344529657047E-002       +-    1.7040102417701801E-004
  Kqqs     =    2.0577193017347691E-003       +-    3.9573066730270874E-006
  Kgg      =    1.2593679076544552E-003       +-    2.0631552985796783E-006
  K_nnlo   =    1.2076674570188444            +-    4.2571691386574689E-004
  sig_LO   = (   1.9017810972633158            +-    1.1081983571110392E-003 ) fb
  sig_NLO  = (   2.2785927752415800            +-    1.2336454026349423E-003 ) fb
  sig_NNLO = (   2.2967191415384969            +-    1.3724389814221325E-003 ) fb

  mH       = 125.0000      GeV
  fact_scale 1.5
  ren_scale  0.5
  Kqq      =   0.31504371473166864            +-    2.9960386032722413E-004
  Kgq      =  -0.10567564169208961            +-    1.2197572773567970E-004
  K_nlo    =    1.2093680730395791            +-    3.2348191801030159E-004
  Kqq2     =    5.2656109871595365E-002       +-    3.3106497350452011E-004
  Kgq2     =   -4.9285318515006248E-002       +-    1.8911191213993615E-004
  Kqqs     =    3.6685406862247039E-003       +-    4.9131356191967998E-006
  Kgg      =    2.1056647133428103E-003       +-    2.3176382920447191E-006
  K_nnlo   =    1.2185130697957358            +-    5.0003739222508189E-004
  sig_LO   = (   1.8891761636558950            +-    1.0989207973787288E-003 ) fb
  sig_NLO  = (   2.2847093366728344            +-    1.2574130752749588E-003 ) fb
  sig_NNLO = (   2.3019858465612755            +-    1.4491400969479785E-003 ) fb

  mH       = 125.0000      GeV
  fact_scale 2.0
  ren_scale  0.5
  Kqq      =   0.34507540849109419            +-    3.3657100438239394E-004
  Kgq      =  -0.12684191358502231            +-    1.4272342649494964E-004
  K_nlo    =    1.2182334949060720            +-    3.6558175209032618E-004
  Kqq2     =    5.9970452763553554E-002       +-    3.8300688910910239E-004
  Kgq2     =   -5.9791178055112033E-002       +-    2.0792416038142072E-004
  Kqqs     =    5.3284086667810615E-003       +-    5.7744699069903893E-006
  Kgg      =    2.8210581705011024E-003       +-    2.7388801695766394E-006
  K_nnlo   =    1.2265622364517956            +-    5.6887397286576030E-004
  sig_LO   = (   1.8794791731446598            +-    1.0921469646245348E-003 ) fb
  sig_NLO  = (   2.2896444817031929            +-    1.2903084601285889E-003 ) fb
  sig_NNLO = (   2.3052981779768849            +-    1.5283799827691610E-003 ) fb

  mH       = 125.0000      GeV
  fact_scale 0.5
  ren_scale  1.0
  Kqq      =   0.18728112380124845            +-    1.7872380211629216E-004
  Kgq      =   -1.8852406527147782E-002       +-    1.1887752042696252E-004
  K_nlo    =    1.1684287172741006            +-    2.1464869509448792E-004
  Kqq2     =    3.4534402559989949E-002       +-    1.3200540235603386E-004
  Kgq2     =   -1.5767677901931093E-002       +-    1.0820547330631081E-004
  Kqqs     =    1.1983669817764578E-003       +-    3.3620513312473511E-006
  Kgg      =    2.7053640114365750E-004       +-    1.4626291760441462E-006
  K_nnlo   =    1.1886643453150796            +-    2.7426511933464697E-004
  sig_LO   = (   1.9195501196937899            +-    1.1214382909428818E-003 ) fb
  sig_NLO  = (   2.2428574840971613            +-    1.1947349824119955E-003 ) fb
  sig_NNLO = (   2.2817007863253012            +-    1.2388663823351754E-003 ) fb

  mH       = 125.0000      GeV
  fact_scale 1.0
  ren_scale  1.0
  Kqq      =   0.25105910662310882            +-    2.3157494963631491E-004
  Kgq      =   -6.9001239993988384E-002       +-    1.2241911540499277E-004
  K_nlo    =    1.1820578666291204            +-    2.6194159103816011E-004
  Kqq2     =    5.5159597849113534E-002       +-    2.0079988784341187E-004
  Kgq2     =   -3.5654580938737197E-002       +-    1.3285203700408402E-004
  Kqqs     =    1.7352545557516295E-003       +-    3.3395222153985194E-006
  Kgg      =    1.0601757347986367E-003       +-    1.7355826960099582E-006
  K_nnlo   =    1.2043583138300469            +-    3.5580587469234660E-004
  sig_LO   = (   1.9017810972633158            +-    1.1081983571110392E-003 ) fb
  sig_NLO  = (   2.2480153066266628            +-    1.2150154595980561E-003 ) fb
  sig_NNLO = (   2.2904258755739035            +-    1.2984525280931756E-003 ) fb

  mH       = 125.0000      GeV
  fact_scale 1.5
  ren_scale  1.0
  Kqq      =   0.28941985502582607            +-    2.7542616674839575E-004
  Kgq      =   -9.7022116499220767E-002       +-    1.1203402526692877E-004
  K_nlo    =    1.1923977385266054            +-    2.9734020270933082E-004
  Kqq2     =    6.6987781813670863E-002       +-    2.5345264136736209E-004
  Kgq2     =   -4.9121638316456960E-002       +-    1.4752974556768176E-004
  Kqqs     =    3.0934895380256397E-003       +-    4.1425106018912671E-006
  Kgg      =    1.7723142216060587E-003       +-    1.9516854547835413E-006
  K_nnlo   =    1.2151296857834508            +-    4.1765468135863710E-004
  sig_LO   = (   1.8891761636558950            +-    1.0989207973787288E-003 ) fb
  sig_NLO  = (   2.2526493852216571            +-    1.2341658280985793E-003 ) fb
  sig_NNLO = (   2.2955940381327729            +-    1.3528431680729382E-003 ) fb

  mH       = 125.0000      GeV
  fact_scale 2.0
  ren_scale  1.0
  Kqq      =   0.31700897669049954            +-    3.0927363188549943E-004
  Kgq      =  -0.11644797752806028            +-    1.3107303751788452E-004
  K_nlo    =    1.2005609991624393            +-    3.3590224849472530E-004
  Kqq2     =    7.5291207799074264E-002       +-    2.9775565760614242E-004
  Kgq2     =   -5.9523645431172750E-002       +-    1.6595572299865673E-004
  Kqqs     =    4.4927237884949652E-003       +-    4.8682112598573156E-006
  Kgg      =    2.3742370152272075E-003       +-    2.3054686545559698E-006
  K_nnlo   =    1.2231955223340627            +-    4.7860115842199242E-004
  sig_LO   = (   1.8794791731446598            +-    1.0921469646245348E-003 ) fb
  sig_NLO  = (   2.2564293940155480            +-    1.2614878323810982E-003 ) fb
  sig_NNLO = (   2.2989705089106751            +-    1.4148932323539371E-003 ) fb

  mH       = 125.0000      GeV
  fact_scale 0.5
  ren_scale  1.5
  Kqq      =   0.17879816746777416            +-    1.7069476328543281E-004
  Kgq      =   -1.8001628898771074E-002       +-    1.1347161678489205E-004
  K_nlo    =    1.1607965385690031            +-    2.0496953439193673E-004
  Kqq2     =    3.9295634655336073E-002       +-    1.1550415098512994E-004
  Kgq2     =   -1.5162771136078374E-002       +-    1.0078706821936090E-004
  Kqqs     =    1.0910867519749888E-003       +-    3.0627845741056981E-006
  Kgg      =    2.4633019800921971E-004       +-    1.3311719294035502E-006
  K_nnlo   =    1.1862668190382448            +-    2.5597442198772548E-004
  sig_LO   = (   1.9195501196937899            +-    1.1214382909428818E-003 ) fb
  sig_NLO  = (   2.2282071345502668            +-    1.1884553788674092E-003 ) fb
  sig_NNLO = (   2.2770986144736343            +-    1.2243587285272739E-003 ) fb

  mH       = 125.0000      GeV
  fact_scale 1.0
  ren_scale  1.5
  Kqq      =   0.23968752443393507            +-    2.2116720241981635E-004
  Kgq      =   -6.5858547917530194E-002       +-    1.1683981807458549E-004
  K_nlo    =    1.1738289765164049            +-    2.5013291369571948E-004
  Kqq2     =    6.0732732572480137E-002       +-    1.7711766650343975E-004
  Kgq2     =   -3.5357548240583805E-002       +-    1.1746505947351963E-004
  Kqqs     =    1.5809929051597942E-003       +-    3.0437448619023922E-006
  Kgg      =    9.6506890514074255E-004       +-    1.5792914197293811E-006
  K_nnlo   =    1.2017502226586019            +-    3.2824829175918680E-004
  sig_LO   = (   1.9017810972633158            +-    1.1081983571110392E-003 ) fb
  sig_NLO  = (   2.2323657589588435            +-    1.2059818533832662E-003 ) fb
  sig_NNLO = (   2.2854658570841102            +-    1.2719275322303353E-003 ) fb

  mH       = 125.0000      GeV
  fact_scale 1.5
  ren_scale  1.5
  Kqq      =   0.27630961912225299            +-    2.6304278802719570E-004
  Kgq      =   -9.2598650457606374E-002       +-    1.0694903236050110E-004
  K_nlo    =    1.1837109686646465            +-    2.8395352411260497E-004
  Kqq2     =    7.3142808004561494E-002       +-    2.2138670869484409E-004
  Kgq2     =   -4.8810395196519689E-002       +-    1.3281439042939181E-004
  Kqqs     =    2.8184093074589932E-003       +-    3.7739424917122121E-006
  Kgg      =    1.6131840682913571E-003       +-    1.7769102211837314E-006
  K_nnlo   =    1.2124749748484387            +-    3.8379518105325305E-004
  sig_LO   = (   1.8891761636558950            +-    1.0989207973787288E-003 ) fb
  sig_NLO  = (   2.2362385466592807            +-    1.2228625813265081E-003 ) fb
  sig_NNLO = (   2.2905788215129514            +-    1.3165614867511463E-003 ) fb

  mH       = 125.0000      GeV
  fact_scale 2.0
  ren_scale  1.5
  Kqq      =   0.30264921625801949            +-    2.9530466568485075E-004
  Kgq      =  -0.11113534463017918            +-    1.2511582559327468E-004
  K_nlo    =    1.1915138716278402            +-    3.2071609780166664E-004
  Kqq2     =    8.1872579439882395E-002       +-    2.5892933651346697E-004
  Kgq2     =   -5.9119728740240643E-002       +-    1.5284075299224945E-004
  Kqqs     =    4.0930086780553007E-003       +-    4.4346705869858539E-006
  Kgg      =    2.1609618878532218E-003       +-    2.0985785727944207E-006
  K_nnlo   =    1.2205206928933905            +-    4.3964483712072804E-004
  sig_LO   = (   1.8794791731446598            +-    1.0921469646245348E-003 ) fb
  sig_NLO  = (   2.2394255062374859            +-    1.2474485111658995E-003 ) fb
  sig_NNLO = (   2.2939432226852170            +-    1.3695116504193257E-003 ) fb

  mH       = 125.0000      GeV
  fact_scale 0.5
  ren_scale  2.0
  Kqq      =   0.17323916817907362            +-    1.6542924109038770E-004
  Kgq      =   -1.7443942872051726E-002       +-    1.0993035919470547E-004
  K_nlo    =    1.1557952253070221            +-    1.9862406118196905E-004
  Kqq2     =    4.2059227758163384E-002       +-    1.1458255078853123E-004
  Kgq2     =   -1.4759929842234974E-002       +-    9.6438835352748617E-005
  Kqqs     =    1.0235757034458412E-003       +-    2.8743271376715606E-006
  Kgg      =    2.3109624112345930E-004       +-    1.2484867230282445E-006
  K_nnlo   =    1.1843491951675196            +-    2.4877891402892531E-004
  sig_LO   = (   1.9195501196937899            +-    1.1214382909428818E-003 ) fb
  sig_NLO  = (   2.2186068630796045            +-    1.1844786908446214E-003 ) fb
  sig_NNLO = (   2.2734176393430556            +-    1.2188813415405916E-003 ) fb

  mH       = 125.0000      GeV
  fact_scale 1.0
  ren_scale  2.0
  Kqq      =   0.23223567316223517            +-    2.1434413795625649E-004
  Kgq      =   -6.3800011835380699E-002       +-    1.1318552831079513E-004
  K_nlo    =    1.1684356613268545            +-    2.4239301412211641E-004
  Kqq2     =    6.3947645967560168E-002       +-    1.7191153072313535E-004
  Kgq2     =   -3.5106871923415849E-002       +-    1.0931608177991544E-004
  Kqqs     =    1.4838347641293566E-003       +-    2.8573724201620927E-006
  Kgg      =    9.0523290986477246E-004       +-    1.4810088292509348E-006
  K_nnlo   =    1.1996655030449928            +-    3.1665171938707204E-004
  sig_LO   = (   1.9017810972633158            +-    1.1081983571110392E-003 ) fb
  sig_NLO  = (   2.2221088540797735            +-    1.2002519453220937E-003 ) fb
  sig_NNLO = (   2.2815011767298543            +-    1.2612498379953613E-003 ) fb

  mH       = 125.0000      GeV
  fact_scale 1.5
  ren_scale  2.0
  Kqq      =   0.26771846744553834            +-    2.5492594692199885E-004
  Kgq      =   -8.9701417399067812E-002       +-    1.0361751484726251E-004
  K_nlo    =    1.1780170500464706            +-    2.7517962823799376E-004
  Kqq2     =    7.6666575005012116E-002       +-    2.0878426200364241E-004
  Kgq2     =   -4.8525165074082929E-002       +-    1.2659615730478051E-004
  Kqqs     =    2.6451614160676582E-003       +-    3.5418389420301774E-006
  Kgg      =    1.5130786812568356E-003       +-    1.6669291570121074E-006
  K_nnlo   =    1.2103167000747244            +-    3.6790842091184668E-004
  sig_LO   = (   1.8891761636558950            +-    1.0989207973787288E-003 ) fb
  sig_NLO  = (   2.2254817313280255            +-    1.2156826246613156E-003 ) fb
  sig_NNLO = (   2.2865014602558302            +-    1.3002741362930321E-003 ) fb

  mH       = 125.0000      GeV
  fact_scale 2.0
  ren_scale  2.0
  Kqq      =   0.29323927629690466            +-    2.8614760489695430E-004
  Kgq      =  -0.10765591717995744            +-    1.2121336953775903E-004
  K_nlo    =    1.1855833591169473            +-    3.1076218036138307E-004
  Kqq2     =    8.5651207118523046E-002       +-    2.4143809667929783E-004
  Kgq2     =   -5.8756096818706700E-002       +-    1.4740663083567503E-004
  Kqqs     =    3.8412864229176204E-003       +-    4.1615933192965150E-006
  Kgg      =    2.0268027516888729E-003       +-    1.9684285416295028E-006
  K_nnlo   =    1.2183465585913704            +-    4.2025634516957200E-004
  sig_LO   = (   1.8794791731446598            +-    1.0921469646245348E-003 ) fb
  sig_NLO  = (   2.2282792314871882            +-    1.2385168464211919E-003 ) fb
  sig_NNLO = (   2.2898569825449502            +-    1.3478385018750592E-003 ) fb

  pp ---> HHW+ + X
  ===============

  PDFSET = PDF4LHC21_40                                NSET =   1
  Sqrt(S)  = 13.6 TeV
  LOOP     = 3
  alphaS(MZ) =   0.11800
          kl =   6.00000
          kv =   1.00000
         k2v =   1.00000
         kth =   1.00000
         kbh =   1.00000
 --------------

  mH       = 125.0000      GeV
  fact_scale 1.0
  ren_scale  1.0
  Kqq      =   0.25115884821578943            +-    2.3224372808954032E-004
  Kgq      =   -6.9014815693143536E-002       +-    1.2253249982046400E-004
  K_nlo    =    1.1821440325226458            +-    2.6258591498627709E-004
  Kqq2     =    5.5195322309168404E-002       +-    2.0125634159338926E-004
  Kgq2     =   -3.5664461356811283E-002       +-    1.3299305408307700E-004
  Kqqs     =    1.7357362899468145E-003       +-    3.3409581127952517E-006
  Kgg      =    1.0599771314412601E-003       +-    1.7342831491272981E-006
  K_nnlo   =    1.2044706068963908            +-    3.5659052140267608E-004
  sig_LO   = (   1.9025201802503027            +-    1.1130539213106245E-003 ) fb
  sig_NLO  = (   2.2490528778368040            +-    1.2200263172074922E-003 ) fb
  sig_NNLO = (   2.2915296361387139            +-    1.3035120359261585E-003 ) fb

  pp ---> HHW+ + X
  ===============

  PDFSET = PDF4LHC21_40                                NSET =   2
  Sqrt(S)  = 13.6 TeV
  LOOP     = 3
  alphaS(MZ) =   0.11800
          kl =   6.00000
          kv =   1.00000
         k2v =   1.00000
         kth =   1.00000
         kbh =   1.00000
 --------------

  mH       = 125.0000      GeV
  fact_scale 1.0
  ren_scale  1.0
  Kqq      =   0.25106930508729980            +-    2.3135721306771545E-004
  Kgq      =   -6.8945138145208168E-002       +-    1.2221431954218193E-004
  K_nlo    =    1.1821241669420917            +-    2.6165339657573496E-004
  Kqq2     =    5.5169168684763736E-002       +-    2.0064195715006143E-004
  Kgq2     =   -3.5627326350883448E-002       +-    1.3259859948489257E-004
  Kqqs     =    1.7426902719565333E-003       +-    3.3503983833289972E-006
  Kgg      =    1.0580727671646141E-003       +-    1.7244501249768019E-006
  K_nnlo   =    1.2044667723150930            +-    3.5541002010571035E-004
  sig_LO   = (   1.8980082122309425            +-    1.1043433435898972E-003 ) fb
  sig_NLO  = (   2.2436813767327517            +-    1.2108699097727071E-003 ) fb
  sig_NNLO = (   2.2860878252133436            +-    1.2940712651276713E-003 ) fb

  pp ---> HHW+ + X
  ===============

  PDFSET = PDF4LHC21_40                                NSET =   3
  Sqrt(S)  = 13.6 TeV
  LOOP     = 3
  alphaS(MZ) =   0.11800
          kl =   6.00000
          kv =   1.00000
         k2v =   1.00000
         kth =   1.00000
         kbh =   1.00000
 --------------

  mH       = 125.0000      GeV
  fact_scale 1.0
  ren_scale  1.0
  Kqq      =   0.25097323732610072            +-    2.3075163286681122E-004
  Kgq      =   -6.8784307763638169E-002       +-    1.2210866018905753E-004
  K_nlo    =    1.1821889295624626            +-    2.6106865182144398E-004
  Kqq2     =    5.5132792715682881E-002       +-    2.0055922538824260E-004
  Kgq2     =   -3.5542853821400683E-002       +-    1.3250959714028400E-004
  Kqqs     =    1.7327646813774949E-003       +-    3.3300977792962047E-006
  Kgg      =    1.0559359247863174E-003       +-    1.7275150620254847E-006
  K_nnlo   =    1.2045675690629085            +-    3.5489957881911866E-004
  sig_LO   = (   1.9042899334812826            +-    1.1003285126669905E-003 ) fb
  sig_NLO  = (   2.2512304780388104            +-    1.2074275802660954E-003 ) fb
  sig_NNLO = (   2.2938458959645160            +-    1.2913060505615182E-003 ) fb

  pp ---> HHW+ + X
  ===============

  PDFSET = PDF4LHC21_40                                NSET =   4
  Sqrt(S)  = 13.6 TeV
  LOOP     = 3
  alphaS(MZ) =   0.11800
          kl =   6.00000
          kv =   1.00000
         k2v =   1.00000
         kth =   1.00000
         kbh =   1.00000
 --------------

  mH       = 125.0000      GeV
  fact_scale 1.0
  ren_scale  1.0
  Kqq      =   0.25149433642424224            +-    2.3171131044274048E-004
  Kgq      =   -6.9685166918372662E-002       +-    1.2374604117096591E-004
  K_nlo    =    1.1818091695058697            +-    2.6268462858069640E-004
  Kqq2     =    5.5331376625604556E-002       +-    2.0085257628639174E-004
  Kgq2     =   -3.6006689251175776E-002       +-    1.3427699683636845E-004
  Kqqs     =    1.7492588489795102E-003       +-    3.3673029565885656E-006
  Kgg      =    1.0758009466053356E-003       +-    1.7661278021185001E-006
  K_nnlo   =    1.2039589166758835            +-    3.5691699498548429E-004
  sig_LO   = (   1.8789477152137628            +-    1.0940816326533262E-003 ) fb
  sig_NLO  = (   2.2205576388617283            +-    1.2002610706524940E-003 ) fb
  sig_NNLO = (   2.2621758556993878            +-    1.2832603136443625E-003 ) fb

  pp ---> HHW+ + X
  ===============

  PDFSET = PDF4LHC21_40                                NSET =   5
  Sqrt(S)  = 13.6 TeV
  LOOP     = 3
  alphaS(MZ) =   0.11800
          kl =   6.00000
          kv =   1.00000
         k2v =   1.00000
         kth =   1.00000
         kbh =   1.00000
 --------------

  mH       = 125.0000      GeV
  fact_scale 1.0
  ren_scale  1.0
  Kqq      =   0.25109792498649719            +-    2.3153547698531043E-004
  Kgq      =   -6.8839675198603470E-002       +-    1.2211931327875259E-004
  K_nlo    =    1.1822582497878937            +-    2.6176669722959283E-004
  Kqq2     =    5.5173584895769026E-002       +-    2.0080486721443087E-004
  Kgq2     =   -3.5571154124130797E-002       +-    1.3249978623859995E-004
  Kqqs     =    1.7326197016805836E-003       +-    3.3360974028123853E-006
  Kgg      =    1.0538721332125059E-003       +-    1.7254691272021620E-006
  K_nnlo   =    1.2046471723944250            +-    3.5554844763879817E-004
  sig_LO   = (   1.9014422798255939            +-    1.1079533170514951E-003 ) fb
  sig_NLO  = (   2.2479958218193095            +-    1.2146192621066917E-003 ) fb
  sig_NNLO = (   2.2905670658631117            +-    1.2979255426047742E-003 ) fb

  pp ---> HHW+ + X
  ===============

  PDFSET = PDF4LHC21_40                                NSET =   6
  Sqrt(S)  = 13.6 TeV
  LOOP     = 3
  alphaS(MZ) =   0.11800
          kl =   6.00000
          kv =   1.00000
         k2v =   1.00000
         kth =   1.00000
         kbh =   1.00000
 --------------

  mH       = 125.0000      GeV
  fact_scale 1.0
  ren_scale  1.0
  Kqq      =   0.25115782971570055            +-    2.3096665803316998E-004
  Kgq      =   -6.8930323930473880E-002       +-    1.2229664946850378E-004
  K_nlo    =    1.1822275057852267            +-    2.6134664259223493E-004
  Kqq2     =    5.5202481549160035E-002       +-    2.0054560493086001E-004
  Kgq2     =   -3.5620889131182824E-002       +-    1.3272854161969718E-004
  Kqqs     =    1.7323646758084469E-003       +-    3.3270857775597366E-006
  Kgg      =    1.0647532123174723E-003       +-    1.7446966480485933E-006
  K_nnlo   =    1.2046062160913300            +-    3.5517824606523215E-004
  sig_LO   = (   1.8999466518312511            +-    1.1014498681702338E-003 ) fb
  sig_NLO  = (   2.2461691913194528            +-    1.2082004924262081E-003 ) fb
  sig_NNLO = (   2.2886875470378354            +-    1.2917327377609798E-003 ) fb

  pp ---> HHW+ + X
  ===============

  PDFSET = PDF4LHC21_40                                NSET =   7
  Sqrt(S)  = 13.6 TeV
  LOOP     = 3
  alphaS(MZ) =   0.11800
          kl =   6.00000
          kv =   1.00000
         k2v =   1.00000
         kth =   1.00000
         kbh =   1.00000
 --------------

  mH       = 125.0000      GeV
  fact_scale 1.0
  ren_scale  1.0
  Kqq      =   0.25111170445092934            +-    2.3103493284720993E-004
  Kgq      =   -6.8772102673012037E-002       +-    1.2214487189971064E-004
  K_nlo    =    1.1823396017779175            +-    2.6133600962575276E-004
  Kqq2     =    5.5180468082188509E-002       +-    2.0056286202908992E-004
  Kgq2     =   -3.5537343882227637E-002       +-    1.3254233456751622E-004
  Kqqs     =    1.7313100282039568E-003       +-    3.3321084616176750E-006
  Kgg      =    1.0536334384195348E-003       +-    1.7225268582780759E-006
  K_nnlo   =    1.2047676694445018            +-    3.5511056313575938E-004
  sig_LO   = (   1.9030583308257689            +-    1.1046895385653400E-003 ) fb
  sig_NLO  = (   2.2500612290286877            +-    1.2114799770852112E-003 ) fb
  sig_NNLO = (   2.2927431500459052            +-    1.2950055468585072E-003 ) fb

  pp ---> HHW+ + X
  ===============

  PDFSET = PDF4LHC21_40                                NSET =   8
  Sqrt(S)  = 13.6 TeV
  LOOP     = 3
  alphaS(MZ) =   0.11800
          kl =   6.00000
          kv =   1.00000
         k2v =   1.00000
         kth =   1.00000
         kbh =   1.00000
 --------------

  mH       = 125.0000      GeV
  fact_scale 1.0
  ren_scale  1.0
  Kqq      =   0.25091881009137706            +-    2.3159792133570911E-004
  Kgq      =   -6.8619930460768239E-002       +-    1.2210964971217896E-004
  K_nlo    =    1.1822988796306089            +-    2.6181742440076894E-004
  Kqq2     =    5.5101012894964288E-002       +-    2.0079496115262609E-004
  Kgq2     =   -3.5450708676306925E-002       +-    1.3259027150243089E-004
  Kqqs     =    1.7351622676978725E-003       +-    3.3406878303686166E-006
  Kgg      =    1.0608822001850851E-003       +-    1.7461694249945164E-006
  K_nnlo   =    1.2047452283171491            +-    3.5561407388356563E-004
  sig_LO   = (   1.9010415940063405            +-    1.1078408280847231E-003 ) fb
  sig_NLO  = (   2.2475993467248832            +-    1.2145131889426692E-003 ) fb
  sig_NNLO = (   2.2902707892115659            +-    1.2978202968681918E-003 ) fb

  pp ---> HHW+ + X
  ===============

  PDFSET = PDF4LHC21_40                                NSET =   9
  Sqrt(S)  = 13.6 TeV
  LOOP     = 3
  alphaS(MZ) =   0.11800
          kl =   6.00000
          kv =   1.00000
         k2v =   1.00000
         kth =   1.00000
         kbh =   1.00000
 --------------

  mH       = 125.0000      GeV
  fact_scale 1.0
  ren_scale  1.0
  Kqq      =   0.25113454124200135            +-    2.3112747110967601E-004
  Kgq      =   -6.8936936031670643E-002       +-    1.2228259841163465E-004
  K_nlo    =    1.1821976052103307            +-    2.6148220164258837E-004
  Kqq2     =    5.5190241973644853E-002       +-    2.0067730689787088E-004
  Kgq2     =   -3.5622048604156582E-002       +-    1.3272825080118365E-004
  Kqqs     =    1.7361717880803353E-003       +-    3.3344547678714579E-006
  Kgg      =    1.0594906026812486E-003       +-    1.7339436253025877E-006
  K_nnlo   =    1.2045614609705806            +-    3.5535227168188204E-004
  sig_LO   = (   1.9083135336138775            +-    1.1079878258429046E-003 ) fb
  sig_NLO  = (   2.2560036894287898            +-    1.2151658596508217E-003 ) fb
  sig_NNLO = (   2.2986809380398632            +-    1.2990337063620869E-003 ) fb

  pp ---> HHW+ + X
  ===============

  PDFSET = PDF4LHC21_40                                NSET =  10
  Sqrt(S)  = 13.6 TeV
  LOOP     = 3
  alphaS(MZ) =   0.11800
          kl =   6.00000
          kv =   1.00000
         k2v =   1.00000
         kth =   1.00000
         kbh =   1.00000
 --------------

  mH       = 125.0000      GeV
  fact_scale 1.0
  ren_scale  1.0
  Kqq      =   0.25107980117114309            +-    2.3172513322317748E-004
  Kgq      =   -6.8846860753012273E-002       +-    1.2216414771185717E-004
  K_nlo    =    1.1822329404181309            +-    2.6195537091929189E-004
  Kqq2     =    5.5165742193823281E-002       +-    2.0081768329478406E-004
  Kgq2     =   -3.5580322561841446E-002       +-    1.3243228790568406E-004
  Kqqs     =    1.7352746642490644E-003       +-    3.3407001588228158E-006
  Kgg      =    1.0548077032023261E-003       +-    1.7325625327913979E-006
  K_nnlo   =    1.2046084424175643            +-    3.5566955338876453E-004
  sig_LO   = (   1.8994466380481347            +-    1.1080453883606221E-003 ) fb
  sig_NLO  = (   2.2455883840669797            +-    1.2146360504160718E-003 ) fb
  sig_NNLO = (   2.2880894561144425            +-    1.2977544525929828E-003 ) fb

  pp ---> HHW+ + X
  ===============

  PDFSET = PDF4LHC21_40                                NSET =  11
  Sqrt(S)  = 13.6 TeV
  LOOP     = 3
  alphaS(MZ) =   0.11800
          kl =   6.00000
          kv =   1.00000
         k2v =   1.00000
         kth =   1.00000
         kbh =   1.00000
 --------------

  mH       = 125.0000      GeV
  fact_scale 1.0
  ren_scale  1.0
  Kqq      =   0.25087299724948575            +-    2.3141016916691914E-004
  Kgq      =   -6.8912384170224869E-002       +-    1.2227350108901625E-004
  K_nlo    =    1.1819606130792610            +-    2.6172786527694716E-004
  Kqq2     =    5.5083236639416701E-002       +-    2.0073973845537743E-004
  Kgq2     =   -3.5610110689091250E-002       +-    1.3268590877874879E-004
  Kqqs     =    1.7336587743613391E-003       +-    3.3352413284664245E-006
  Kgg      =    1.0576716224286425E-003       +-    1.7317597483783037E-006
  K_nnlo   =    1.2042250694263765            +-    3.5555251549180297E-004
  sig_LO   = (   1.9064956465432676            +-    1.1098008754372860E-003 ) fb
  sig_NLO  = (   2.2534027632212226            +-    1.2168163596316646E-003 ) fb
  sig_NNLO = (   2.2958498523196504            +-    1.3004427110670346E-003 ) fb

  pp ---> HHW+ + X
  ===============

  PDFSET = PDF4LHC21_40                                NSET =  12
  Sqrt(S)  = 13.6 TeV
  LOOP     = 3
  alphaS(MZ) =   0.11800
          kl =   6.00000
          kv =   1.00000
         k2v =   1.00000
         kth =   1.00000
         kbh =   1.00000
 --------------

  mH       = 125.0000      GeV
  fact_scale 1.0
  ren_scale  1.0
  Kqq      =   0.25090739335259116            +-    2.3131465771378718E-004
  Kgq      =   -6.8933965051941437E-002       +-    1.2226029111511654E-004
  K_nlo    =    1.1819734283006498            +-    2.6163724822127215E-004
  Kqq2     =    5.5100114044788609E-002       +-    2.0079359760287208E-004
  Kgq2     =   -3.5618899130755839E-002       +-    1.3273176572082279E-004
  Kqqs     =    1.7341564668365932E-003       +-    3.3318734138524915E-006
  Kgg      =    1.0590833912934609E-003       +-    1.7335880231143919E-006
  K_nnlo   =    1.2042478830728127            +-    3.5553332731876335E-004
  sig_LO   = (   1.9117393732292987            +-    1.1105947944635350E-003 ) fb
  sig_NLO  = (   2.2596251409931694            +-    1.2180324542576265E-003 ) fb
  sig_NNLO = (   2.3022080931983284            +-    1.3020734608578035E-003 ) fb

  pp ---> HHW+ + X
  ===============

  PDFSET = PDF4LHC21_40                                NSET =  13
  Sqrt(S)  = 13.6 TeV
  LOOP     = 3
  alphaS(MZ) =   0.11800
          kl =   6.00000
          kv =   1.00000
         k2v =   1.00000
         kth =   1.00000
         kbh =   1.00000
 --------------

  mH       = 125.0000      GeV
  fact_scale 1.0
  ren_scale  1.0
  Kqq      =   0.25110920423257066            +-    2.3159839356205522E-004
  Kgq      =   -6.8967456182446249E-002       +-    1.2234663204624988E-004
  K_nlo    =    1.1821417480501244            +-    2.6192845258502385E-004
  Kqq2     =    5.5175314615909327E-002       +-    2.0080543079056313E-004
  Kgq2     =   -3.5637953222636388E-002       +-    1.3275168869768497E-004
  Kqqs     =    1.7325071484005727E-003       +-    3.3343762218583169E-006
  Kgg      =    1.0563806857329593E-003       +-    1.7287001548475672E-006
  K_nnlo   =    1.2044679972775310            +-    3.5576179197557189E-004
  sig_LO   = (   1.9005198220846535            +-    1.1079691735046545E-003 ) fb
  sig_NLO  = (   2.2466838246830640            +-    1.2146607528818762E-003 ) fb
  sig_NNLO = (   2.2891153038925522            +-    1.2979794402730007E-003 ) fb

  pp ---> HHW+ + X
  ===============

  PDFSET = PDF4LHC21_40                                NSET =  14
  Sqrt(S)  = 13.6 TeV
  LOOP     = 3
  alphaS(MZ) =   0.11800
          kl =   6.00000
          kv =   1.00000
         k2v =   1.00000
         kth =   1.00000
         kbh =   1.00000
 --------------

  mH       = 125.0000      GeV
  fact_scale 1.0
  ren_scale  1.0
  Kqq      =   0.25108022312015593            +-    2.3076525648824196E-004
  Kgq      =   -6.8807360463901721E-002       +-    1.2210178674882139E-004
  K_nlo    =    1.1822728626562542            +-    2.6107747878616178E-004
  Kqq2     =    5.5170434157725726E-002       +-    2.0043222172206425E-004
  Kgq2     =   -3.5556053261101665E-002       +-    1.3248645720046539E-004
  Kqqs     =    1.7332818262053695E-003       +-    3.3305185007436626E-006
  Kgg      =    1.0546452669991623E-003       +-    1.7248606809332195E-006
  K_nnlo   =    1.2046751706460828            +-    3.5482566743848259E-004
  sig_LO   = (   1.9061644092925278            +-    1.1044165265171211E-003 ) fb
  sig_NLO  = (   2.2536064528677451            +-    1.2113620242134363E-003 ) fb
  sig_NNLO = (   2.2963089350439660            +-    1.2950650108335840E-003 ) fb

  pp ---> HHW+ + X
  ===============

  PDFSET = PDF4LHC21_40                                NSET =  15
  Sqrt(S)  = 13.6 TeV
  LOOP     = 3
  alphaS(MZ) =   0.11800
          kl =   6.00000
          kv =   1.00000
         k2v =   1.00000
         kth =   1.00000
         kbh =   1.00000
 --------------

  mH       = 125.0000      GeV
  fact_scale 1.0
  ren_scale  1.0
  Kqq      =   0.25110705836070513            +-    2.3138763800484337E-004
  Kgq      =   -6.8822191332181440E-002       +-    1.2199986797024568E-004
  K_nlo    =    1.1822848670285238            +-    2.6158021103710774E-004
  Kqq2     =    5.5180481242078742E-002       +-    2.0073200466724265E-004
  Kgq2     =   -3.5572756495624053E-002       +-    1.3232110529065203E-004
  Kqqs     =    1.7319797135382008E-003       +-    3.3314981626888403E-006
  Kgg      =    1.0514036695060730E-003       +-    1.7180254340642159E-006
  K_nnlo   =    1.2046759751580227            +-    3.5530334912675345E-004
  sig_LO   = (   1.9030701494685929            +-    1.1063506991988306E-003 ) fb
  sig_NLO  = (   2.2499710386104281            +-    1.2131867856198066E-003 ) fb
  sig_NNLO = (   2.2925828881052008            +-    1.2966163460726896E-003 ) fb

  pp ---> HHW+ + X
  ===============

  PDFSET = PDF4LHC21_40                                NSET =  16
  Sqrt(S)  = 13.6 TeV
  LOOP     = 3
  alphaS(MZ) =   0.11800
          kl =   6.00000
          kv =   1.00000
         k2v =   1.00000
         kth =   1.00000
         kbh =   1.00000
 --------------

  mH       = 125.0000      GeV
  fact_scale 1.0
  ren_scale  1.0
  Kqq      =   0.25088465221340550            +-    2.3159606232522846E-004
  Kgq      =   -6.9016424580429836E-002       +-    1.2248305172680003E-004
  K_nlo    =    1.1818682276329757            +-    2.6199014112149538E-004
  Kqq2     =    5.5087938804613108E-002       +-    2.0080809667811809E-004
  Kgq2     =   -3.5660996494469070E-002       +-    1.3292410412966515E-004
  Kqqs     =    1.7287391437945502E-003       +-    3.3269320052381427E-006
  Kgg      =    1.0603545892686177E-003       +-    1.7389195432779660E-006
  K_nnlo   =    1.2040842636761830            +-    3.5587306095399948E-004
  sig_LO   = (   1.9067525873627171            +-    1.1113977178352265E-003 ) fb
  sig_NLO  = (   2.2535303009609651            +-    1.2185054242041461E-003 ) fb
  sig_NNLO = (   2.2958907851672938            +-    1.3021716906210037E-003 ) fb

  pp ---> HHW+ + X
  ===============

  PDFSET = PDF4LHC21_40                                NSET =  17
  Sqrt(S)  = 13.6 TeV
  LOOP     = 3
  alphaS(MZ) =   0.11800
          kl =   6.00000
          kv =   1.00000
         k2v =   1.00000
         kth =   1.00000
         kbh =   1.00000
 --------------

  mH       = 125.0000      GeV
  fact_scale 1.0
  ren_scale  1.0
  Kqq      =   0.25134701181782904            +-    2.3140875828080916E-004
  Kgq      =   -6.8578809478346353E-002       +-    1.2166037448738562E-004
  K_nlo    =    1.1827682023394825            +-    2.6144073923066555E-004
  Kqq2     =    5.5269583226844193E-002       +-    2.0063964871184335E-004
  Kgq2     =   -3.5436582576894082E-002       +-    1.3201579688557866E-004
  Kqqs     =    1.7267509061311777E-003       +-    3.3208641323328036E-006
  Kgg      =    1.0529824528831484E-003       +-    1.7223584857236216E-006
  K_nnlo   =    1.2053809363484469            +-    3.5503477864761628E-004
  sig_LO   = (   1.9115381373402549            +-    1.1116397895108074E-003 ) fb
  sig_NLO  = (   2.2609065264052961            +-    1.2188096758153767E-003 ) fb
  sig_NNLO = (   2.3041316298529626            +-    1.3024307417106788E-003 ) fb

  pp ---> HHW+ + X
  ===============

  PDFSET = PDF4LHC21_40                                NSET =  18
  Sqrt(S)  = 13.6 TeV
  LOOP     = 3
  alphaS(MZ) =   0.11800
          kl =   6.00000
          kv =   1.00000
         k2v =   1.00000
         kth =   1.00000
         kbh =   1.00000
 --------------

  mH       = 125.0000      GeV
  fact_scale 1.0
  ren_scale  1.0
  Kqq      =   0.25099110326079421            +-    2.3129413745214781E-004
  Kgq      =   -6.8668802034184850E-002       +-    1.2175881442219027E-004
  K_nlo    =    1.1823223012266093            +-    2.6138513138514673E-004
  Kqq2     =    5.5130018016311122E-002       +-    2.0070322158157521E-004
  Kgq2     =   -3.5483475279913829E-002       +-    1.3214456556961035E-004
  Kqqs     =    1.7319743852875450E-003       +-    3.3316118113538694E-006
  Kgg      =    1.0487546158656515E-003       +-    1.7134040342629633E-006
  K_nnlo   =    1.2047495729641597            +-    3.5507772622720297E-004
  sig_LO   = (   1.9136134946855483            +-    1.1128576202110020E-003 ) fb
  sig_NLO  = (   2.2625079106949113            +-    1.2200992720816108E-003 ) fb
  sig_NNLO = (   2.3054250405408676            +-    1.3038969401491759E-003 ) fb

  pp ---> HHW+ + X
  ===============

  PDFSET = PDF4LHC21_40                                NSET =  19
  Sqrt(S)  = 13.6 TeV
  LOOP     = 3
  alphaS(MZ) =   0.11800
          kl =   6.00000
          kv =   1.00000
         k2v =   1.00000
         kth =   1.00000
         kbh =   1.00000
 --------------

  mH       = 125.0000      GeV
  fact_scale 1.0
  ren_scale  1.0
  Kqq      =   0.25133646180585734            +-    2.3131746173800973E-004
  Kgq      =   -6.9420649429302303E-002       +-    1.2318998278004674E-004
  K_nlo    =    1.1819158123765550            +-    2.6207544708015633E-004
  Kqq2     =    5.5266691415258445E-002       +-    2.0064514955913813E-004
  Kgq2     =   -3.5870030667114930E-002       +-    1.3368855431804193E-004
  Kqqs     =    1.7416917434607351E-003       +-    3.3512254746606053E-006
  Kgg      =    1.0679163784959715E-003       +-    1.7507557426878293E-006
  K_nnlo   =    1.2041220812466551            +-    3.5613051177535091E-004
  sig_LO   = (   1.8910107633232343            +-    1.0956347064545284E-003 ) fb
  sig_NLO  = (   2.2350155225459902            +-    1.2025067032880351E-003 ) fb
  sig_NNLO = (   2.2770078159925995            +-    1.2860582314492860E-003 ) fb

  pp ---> HHW+ + X
  ===============

  PDFSET = PDF4LHC21_40                                NSET =  20
  Sqrt(S)  = 13.6 TeV
  LOOP     = 3
  alphaS(MZ) =   0.11800
          kl =   6.00000
          kv =   1.00000
         k2v =   1.00000
         kth =   1.00000
         kbh =   1.00000
 --------------

  mH       = 125.0000      GeV
  fact_scale 1.0
  ren_scale  1.0
  Kqq      =   0.25099593621754640            +-    2.3151668518612187E-004
  Kgq      =   -6.8880295955134202E-002       +-    1.2219978298045640E-004
  K_nlo    =    1.1821156402624122            +-    2.6178762858477579E-004
  Kqq2     =    5.5135476103095014E-002       +-    2.0074569018107365E-004
  Kgq2     =   -3.5593104897815690E-002       +-    1.3261006895143169E-004
  Kqqs     =    1.7331450254220433E-003       +-    3.3346623647816190E-006
  Kgg      =    1.0594731293997780E-003       +-    1.7342176678464384E-006
  K_nnlo   =    1.2044506296225135            +-    3.5557158558808681E-004
  sig_LO   = (   1.9074942144387277            +-    1.1102186655935539E-003 ) fb
  sig_NLO  = (   2.2548787445980834            +-    1.2173513396044496E-003 ) fb
  sig_NNLO = (   2.2974826075820265            +-    1.3010032878132643E-003 ) fb

  pp ---> HHW+ + X
  ===============

  PDFSET = PDF4LHC21_40                                NSET =  21
  Sqrt(S)  = 13.6 TeV
  LOOP     = 3
  alphaS(MZ) =   0.11800
          kl =   6.00000
          kv =   1.00000
         k2v =   1.00000
         kth =   1.00000
         kbh =   1.00000
 --------------

  mH       = 125.0000      GeV
  fact_scale 1.0
  ren_scale  1.0
  Kqq      =   0.25138336184569421            +-    2.3183585816463100E-004
  Kgq      =   -6.9536694301660873E-002       +-    1.2339710381093573E-004
  K_nlo    =    1.1818466675440333            +-    2.6263036831230646E-004
  Kqq2     =    5.5297468000337496E-002       +-    2.0074897615344063E-004
  Kgq2     =   -3.5929988674694852E-002       +-    1.3391221615271425E-004
  Kqqs     =    1.7484637688397070E-003       +-    3.3640650855335545E-006
  Kgg      =    1.0688213004148566E-003       +-    1.7500048963378166E-006
  K_nnlo   =    1.2040314319389305            +-    3.5668154265742520E-004
  sig_LO   = (   1.8862756774086364            +-    1.0985582456602791E-003 ) fb
  sig_NLO  = (   2.2292886234147611            +-    1.2050911653943583E-003 ) fb
  sig_NNLO = (   2.2711352049018969            +-    1.2882118150038583E-003 ) fb

  pp ---> HHW+ + X
  ===============

  PDFSET = PDF4LHC21_40                                NSET =  22
  Sqrt(S)  = 13.6 TeV
  LOOP     = 3
  alphaS(MZ) =   0.11800
          kl =   6.00000
          kv =   1.00000
         k2v =   1.00000
         kth =   1.00000
         kbh =   1.00000
 --------------

  mH       = 125.0000      GeV
  fact_scale 1.0
  ren_scale  1.0
  Kqq      =   0.25108931503736215            +-    2.3150360515777343E-004
  Kgq      =   -6.9159936848703321E-002       +-    1.2282601888879635E-004
  K_nlo    =    1.1819293781886588            +-    2.6206897969259393E-004
  Kqq2     =    5.5171270511166597E-002       +-    2.0083856551341792E-004
  Kgq2     =   -3.5736090288443066E-002       +-    1.3329049072356087E-004
  Kqqs     =    1.7355452706144464E-003       +-    3.3395799316517693E-006
  Kgg      =    1.0669218301697231E-003       +-    1.7530686919337351E-006
  K_nnlo   =    1.2041670255121666            +-    3.5608546793697001E-004
  sig_LO   = (   1.8971670392785671            +-    1.1044907456387982E-003 ) fb
  sig_NLO  = (   2.2423174590545356            +-    1.2112375247207078E-003 ) fb
  sig_NNLO = (   2.2845059905877960            +-    1.2947094234432577E-003 ) fb

  pp ---> HHW+ + X
  ===============

  PDFSET = PDF4LHC21_40                                NSET =  23
  Sqrt(S)  = 13.6 TeV
  LOOP     = 3
  alphaS(MZ) =   0.11800
          kl =   6.00000
          kv =   1.00000
         k2v =   1.00000
         kth =   1.00000
         kbh =   1.00000
 --------------

  mH       = 125.0000      GeV
  fact_scale 1.0
  ren_scale  1.0
  Kqq      =   0.25109336770360430            +-    2.3154890212092192E-004
  Kgq      =   -6.9011061214977271E-002       +-    1.2245022596391885E-004
  K_nlo    =    1.1820823064886270            +-    2.6193310579615374E-004
  Kqq2     =    5.5173582348990370E-002       +-    2.0082837891577396E-004
  Kgq2     =   -3.5658972415213368E-002       +-    1.3290333605807180E-004
  Kqqs     =    1.7362603058418942E-003       +-    3.3409482965175599E-006
  Kgg      =    1.0610132555096165E-003       +-    1.7369738039583115E-006
  K_nnlo   =    1.2043941899837554            +-    3.5583488507851105E-004
  sig_LO   = (   1.9010189552669863            +-    1.1069430621545079E-003 ) fb
  sig_NLO  = (   2.2471608713205993            +-    1.2137821000534085E-003 ) fb
  sig_NNLO = (   2.2895761847725469            +-    1.2972686711120829E-003 ) fb

  pp ---> HHW+ + X
  ===============

  PDFSET = PDF4LHC21_40                                NSET =  24
  Sqrt(S)  = 13.6 TeV
  LOOP     = 3
  alphaS(MZ) =   0.11800
          kl =   6.00000
          kv =   1.00000
         k2v =   1.00000
         kth =   1.00000
         kbh =   1.00000
 --------------

  mH       = 125.0000      GeV
  fact_scale 1.0
  ren_scale  1.0
  Kqq      =   0.25096266243895710            +-    2.3230817996651676E-004
  Kgq      =   -6.8873782137826758E-002       +-    1.2216823096935410E-004
  K_nlo    =    1.1820888803011305            +-    2.6247317412935172E-004
  Kqq2     =    5.5116814540314293E-002       +-    2.0114668887688522E-004
  Kgq2     =   -3.5588580221303664E-002       +-    1.3257945822682562E-004
  Kqqs     =    1.7332101812029862E-003       +-    3.3364933207211131E-006
  Kgg      =    1.0595498123155361E-003       +-    1.7352512376712257E-006
  K_nnlo   =    1.2044098746136598            +-    3.5629147283078094E-004
  sig_LO   = (   1.9051867156981313            +-    1.1141639741674397E-003 ) fb
  sig_NLO  = (   2.2521000315241921            +-    1.2212378022153014E-003 ) fb
  sig_NNLO = (   2.2946256933695963            +-    1.3046582767753910E-003 ) fb

  pp ---> HHW+ + X
  ===============

  PDFSET = PDF4LHC21_40                                NSET =  25
  Sqrt(S)  = 13.6 TeV
  LOOP     = 3
  alphaS(MZ) =   0.11800
          kl =   6.00000
          kv =   1.00000
         k2v =   1.00000
         kth =   1.00000
         kbh =   1.00000
 --------------

  mH       = 125.0000      GeV
  fact_scale 1.0
  ren_scale  1.0
  Kqq      =   0.25106431871204982            +-    2.3159798308260423E-004
  Kgq      =   -6.9072388998450626E-002       +-    1.2257281066449573E-004
  K_nlo    =    1.1819919297135992            +-    2.6203381400522445E-004
  Kqq2     =    5.5162852467608256E-002       +-    2.0082054034833616E-004
  Kgq2     =   -3.5692671639516588E-002       +-    1.3308755136613173E-004
  Kqqs     =    1.7344791447599299E-003       +-    3.3377177901550314E-006
  Kgg      =    1.0668532049688561E-003       +-    1.7484235500259380E-006
  K_nnlo   =    1.2042634428914198            +-    3.5597345797336072E-004
  sig_LO   = (   1.8979695775704157            +-    1.1039964449440264E-003 ) fb
  sig_NLO  = (   2.2433847235301601            +-    1.2108457683965056E-003 ) fb
  sig_NNLO = (   2.2856553779881223            +-    1.2943259692808874E-003 ) fb

  pp ---> HHW+ + X
  ===============

  PDFSET = PDF4LHC21_40                                NSET =  26
  Sqrt(S)  = 13.6 TeV
  LOOP     = 3
  alphaS(MZ) =   0.11800
          kl =   6.00000
          kv =   1.00000
         k2v =   1.00000
         kth =   1.00000
         kbh =   1.00000
 --------------

  mH       = 125.0000      GeV
  fact_scale 1.0
  ren_scale  1.0
  Kqq      =   0.25101471743869530            +-    2.3144026582523202E-004
  Kgq      =   -6.8895592509744100E-002       +-    1.2227561022647488E-004
  K_nlo    =    1.1821191249289511            +-    2.6175546126396460E-004
  Kqq2     =    5.5143454414259774E-002       +-    2.0077081406004061E-004
  Kgq2     =   -3.5599543408004169E-002       +-    1.3270177691942153E-004
  Kqqs     =    1.7352866213831070E-003       +-    3.3330282296786863E-006
  Kgg      =    1.0586649528675244E-003       +-    1.7320778263293842E-006
  K_nnlo   =    1.2044569875094573            +-    3.5559627676367823E-004
  sig_LO   = (   1.9042673708829434            +-    1.1079142839279272E-003 ) fb
  sig_NLO  = (   2.2510708780988997            +-    1.2148781172126228E-003 ) fb
  sig_NNLO = (   2.2936081409462248            +-    1.2984632098028460E-003 ) fb

  pp ---> HHW+ + X
  ===============

  PDFSET = PDF4LHC21_40                                NSET =  27
  Sqrt(S)  = 13.6 TeV
  LOOP     = 3
  alphaS(MZ) =   0.11800
          kl =   6.00000
          kv =   1.00000
         k2v =   1.00000
         kth =   1.00000
         kbh =   1.00000
 --------------

  mH       = 125.0000      GeV
  fact_scale 1.0
  ren_scale  1.0
  Kqq      =   0.25108018055765652            +-    2.3174421058222652E-004
  Kgq      =   -6.9073807368685611E-002       +-    1.2256438734354133E-004
  K_nlo    =    1.1820063731889709            +-    2.6215912759863422E-004
  Kqq2     =    5.5166877654537858E-002       +-    2.0089736064915790E-004
  Kgq2     =   -3.5691481722545361E-002       +-    1.3298205439107779E-004
  Kqqs     =    1.7360596752340385E-003       +-    3.3413513555309115E-006
  Kgg      =    1.0604504023797080E-003       +-    1.7364741653997892E-006
  K_nnlo   =    1.2042782791985771            +-    3.5606960620158891E-004
  sig_LO   = (   1.9017240700419142            +-    1.1092023096109444E-003 ) fb
  sig_NLO  = (   2.2478499708364117            +-    1.2160946413677523E-003 ) fb
  sig_NNLO = (   2.2902049905805910            +-    1.2995601792697153E-003 ) fb

  pp ---> HHW+ + X
  ===============

  PDFSET = PDF4LHC21_40                                NSET =  28
  Sqrt(S)  = 13.6 TeV
  LOOP     = 3
  alphaS(MZ) =   0.11800
          kl =   6.00000
          kv =   1.00000
         k2v =   1.00000
         kth =   1.00000
         kbh =   1.00000
 --------------

  mH       = 125.0000      GeV
  fact_scale 1.0
  ren_scale  1.0
  Kqq      =   0.25105439763702431            +-    2.3162103082956657E-004
  Kgq      =   -6.8782096794657438E-002       +-    1.2202895885162832E-004
  K_nlo    =    1.1822723008423668            +-    2.6180024583824101E-004
  Kqq2     =    5.5159527742614081E-002       +-    2.0079756851014896E-004
  Kgq2     =   -3.5542331295171835E-002       +-    1.3241899477371780E-004
  Kqqs     =    1.7357839415517847E-003       +-    3.3406502502488424E-006
  Kgg      =    1.0554242111593514E-003       +-    1.7256695991739702E-006
  K_nnlo   =    1.2046807054425199            +-    3.5553897155880576E-004
  sig_LO   = (   1.9040394380269960            +-    1.1095725046462838E-003 ) fb
  sig_NLO  = (   2.2510930872907839            +-    1.2164010245530163E-003 ) fb
  sig_NNLO = (   2.2937595733927414            +-    1.2997793225807072E-003 ) fb

  pp ---> HHW+ + X
  ===============

  PDFSET = PDF4LHC21_40                                NSET =  29
  Sqrt(S)  = 13.6 TeV
  LOOP     = 3
  alphaS(MZ) =   0.11800
          kl =   6.00000
          kv =   1.00000
         k2v =   1.00000
         kth =   1.00000
         kbh =   1.00000
 --------------

  mH       = 125.0000      GeV
  fact_scale 1.0
  ren_scale  1.0
  Kqq      =   0.25105724107597888            +-    2.3151960782251339E-004
  Kgq      =   -6.8829975636271856E-002       +-    1.2208571821420173E-004
  K_nlo    =    1.1822272654397070            +-    2.6173698897589520E-004
  Kqq2     =    5.5159268251637091E-002       +-    2.0072628860414956E-004
  Kgq2     =   -3.5567705268338835E-002       +-    1.3246651752236356E-004
  Kqqs     =    1.7367139076264421E-003       +-    3.3419880066839874E-006
  Kgg      =    1.0561858994467559E-003       +-    1.7276632670204974E-006
  K_nnlo   =    1.2046117282300786            +-    3.5546986694186597E-004
  sig_LO   = (   1.9062261042728834            +-    1.1095737539138012E-003 ) fb
  sig_NLO  = (   2.2535924745643170            +-    1.2165874162463697E-003 ) fb
  sig_NNLO = (   2.2962623218654485            +-    1.3001168119900802E-003 ) fb

  pp ---> HHW+ + X
  ===============

  PDFSET = PDF4LHC21_40                                NSET =  30
  Sqrt(S)  = 13.6 TeV
  LOOP     = 3
  alphaS(MZ) =   0.11800
          kl =   6.00000
          kv =   1.00000
         k2v =   1.00000
         kth =   1.00000
         kbh =   1.00000
 --------------

  mH       = 125.0000      GeV
  fact_scale 1.0
  ren_scale  1.0
  Kqq      =   0.25103042032198836            +-    2.3136148276250659E-004
  Kgq      =   -6.8958773292209272E-002       +-    1.2227360590097875E-004
  K_nlo    =    1.1820716470297792            +-    2.6168486850808455E-004
  Kqq2     =    5.5148931528480410E-002       +-    2.0072133986172300E-004
  Kgq2     =   -3.5630766869044060E-002       +-    1.3273302983047219E-004
  Kqqs     =    1.7326265005492331E-003       +-    3.3329018184906145E-006
  Kgg      =    1.0587225864038205E-003       +-    1.7282944120529267E-006
  K_nnlo   =    1.2043811607761685            +-    3.5552802860824102E-004
  sig_LO   = (   1.9048890776770466            +-    1.1079994389193086E-003 ) fb
  sig_NLO  = (   2.2517153694587435            +-    1.2149673711219454E-003 ) fb
  sig_NNLO = (   2.2942125185225271            +-    1.2985833626540807E-003 ) fb

  pp ---> HHW+ + X
  ===============

  PDFSET = PDF4LHC21_40                                NSET =  31
  Sqrt(S)  = 13.6 TeV
  LOOP     = 3
  alphaS(MZ) =   0.11800
          kl =   6.00000
          kv =   1.00000
         k2v =   1.00000
         kth =   1.00000
         kbh =   1.00000
 --------------

  mH       = 125.0000      GeV
  fact_scale 1.0
  ren_scale  1.0
  Kqq      =   0.25109021800120268            +-    2.3235076864165527E-004
  Kgq      =   -6.9000836658750231E-002       +-    1.2254599847479631E-004
  K_nlo    =    1.1820893813424524            +-    2.6268688857754741E-004
  Kqq2     =    5.5167339656732414E-002       +-    2.0136253179432772E-004
  Kgq2     =   -3.5654342941001581E-002       +-    1.3299731715663577E-004
  Kqqs     =    1.7343342816308499E-003       +-    3.3447848681431252E-006
  Kgg      =    1.0581517851852801E-003       +-    1.7314036369396123E-006
  K_nnlo   =    1.2043948641249995            +-    3.5672642508847779E-004
  sig_LO   = (   1.8980016949840901            +-    1.1125163432022629E-003 ) fb
  sig_NLO  = (   2.2436076494106691            +-    1.2191287010027672E-003 ) fb
  sig_NNLO = (   2.2859434935393819            +-    1.3023489636587704E-003 ) fb

  pp ---> HHW+ + X
  ===============

  PDFSET = PDF4LHC21_40                                NSET =  32
  Sqrt(S)  = 13.6 TeV
  LOOP     = 3
  alphaS(MZ) =   0.11800
          kl =   6.00000
          kv =   1.00000
         k2v =   1.00000
         kth =   1.00000
         kbh =   1.00000
 --------------

  mH       = 125.0000      GeV
  fact_scale 1.0
  ren_scale  1.0
  Kqq      =   0.25103019658420928            +-    2.3154531771130520E-004
  Kgq      =   -6.8980171893703882E-002       +-    1.2239779678143803E-004
  K_nlo    =    1.1820500246905052            +-    2.6190543104521422E-004
  Kqq2     =    5.5149741404387415E-002       +-    2.0077866366593919E-004
  Kgq2     =   -3.5643649507479939E-002       +-    1.3281456256209305E-004
  Kqqs     =    1.7354868331118248E-003       +-    3.3391244548457382E-006
  Kgg      =    1.0595993471651892E-003       +-    1.7348140226566840E-006
  K_nnlo   =    1.2043512027676897            +-    3.5575327680126582E-004
  sig_LO   = (   1.9034000226510419            +-    1.1088822971024813E-003 ) fb
  sig_NLO  = (   2.2499140437705725            +-    1.2157849192672727E-003 ) fb
  sig_NNLO = (   2.2923621066278304            +-    1.2992842665272830E-003 ) fb

  pp ---> HHW+ + X
  ===============

  PDFSET = PDF4LHC21_40                                NSET =  33
  Sqrt(S)  = 13.6 TeV
  LOOP     = 3
  alphaS(MZ) =   0.11800
          kl =   6.00000
          kv =   1.00000
         k2v =   1.00000
         kth =   1.00000
         kbh =   1.00000
 --------------

  mH       = 125.0000      GeV
  fact_scale 1.0
  ren_scale  1.0
  Kqq      =   0.25102829320375269            +-    2.3141905512832426E-004
  Kgq      =   -6.8922116710371475E-002       +-    1.2229017839643654E-004
  K_nlo    =    1.1821061764933811            +-    2.6174351340332896E-004
  Kqq2     =    5.5148486212389623E-002       +-    2.0074648745136927E-004
  Kgq2     =   -3.5614369267557552E-002       +-    1.3267940364085034E-004
  Kqqs     =    1.7342666219138051E-003       +-    3.3358785914178694E-006
  Kgg      =    1.0585246115557053E-003       +-    1.7334670834866062E-006
  K_nnlo   =    1.2044330846716829            +-    3.5556543164005596E-004
  sig_LO   = (   1.9021981145143119            +-    1.1069899705926857E-003 ) fb
  sig_NLO  = (   2.2486001400814319            +-    1.2138036386270517E-003 ) fb
  sig_NNLO = (   2.2910703427211310            +-    1.2972602244233178E-003 ) fb

  pp ---> HHW+ + X
  ===============

  PDFSET = PDF4LHC21_40                                NSET =  34
  Sqrt(S)  = 13.6 TeV
  LOOP     = 3
  alphaS(MZ) =   0.11800
          kl =   6.00000
          kv =   1.00000
         k2v =   1.00000
         kth =   1.00000
         kbh =   1.00000
 --------------

  mH       = 125.0000      GeV
  fact_scale 1.0
  ren_scale  1.0
  Kqq      =   0.25097113974209972            +-    2.3095319627866601E-004
  Kgq      =   -6.8995090439165574E-002       +-    1.2243751390036023E-004
  K_nlo    =    1.1819760493029341            +-    2.6140069564068287E-004
  Kqq2     =    5.5126046126401360E-002       +-    2.0063230147150362E-004
  Kgq2     =   -3.5651066696821776E-002       +-    1.3289441770929808E-004
  Kqqs     =    1.7357651487251015E-003       +-    3.3317770211957192E-006
  Kgg      =    1.0624986886709948E-003       +-    1.7406286747502316E-006
  K_nnlo   =    1.2042492925699098            +-    3.5532900368500877E-004
  sig_LO   = (   1.9075658825862256            +-    1.1050272317643531E-003 ) fb
  sig_NLO  = (   2.2546971856843321            +-    1.2123225989058087E-003 ) fb
  sig_NNLO = (   2.2971848646349580            +-    1.2963472924883343E-003 ) fb

  pp ---> HHW+ + X
  ===============

  PDFSET = PDF4LHC21_40                                NSET =  35
  Sqrt(S)  = 13.6 TeV
  LOOP     = 3
  alphaS(MZ) =   0.11800
          kl =   6.00000
          kv =   1.00000
         k2v =   1.00000
         kth =   1.00000
         kbh =   1.00000
 --------------

  mH       = 125.0000      GeV
  fact_scale 1.0
  ren_scale  1.0
  Kqq      =   0.25099296650643793            +-    2.3152869924553942E-004
  Kgq      =   -6.8928638922657215E-002       +-    1.2226638323077719E-004
  K_nlo    =    1.1820643275837805            +-    2.6182934717610768E-004
  Kqq2     =    5.5132538682640134E-002       +-    2.0075940951260452E-004
  Kgq2     =   -3.5616852099063345E-002       +-    1.3269760561245735E-004
  Kqqs     =    1.7336210141885909E-003       +-    3.3363108104984570E-006
  Kgg      =    1.0593737568793751E-003       +-    1.7341825949493353E-006
  K_nnlo   =    1.2043730089384252            +-    3.5564271459555095E-004
  sig_LO   = (   1.9044752501668796            +-    1.1090939072805155E-003 ) fb
  sig_NLO  = (   2.2512122559884649            +-    1.2160339780845962E-003 ) fb
  sig_NNLO = (   2.2936985874922451            +-    1.2995544827232339E-003 ) fb

  pp ---> HHW+ + X
  ===============

  PDFSET = PDF4LHC21_40                                NSET =  36
  Sqrt(S)  = 13.6 TeV
  LOOP     = 3
  alphaS(MZ) =   0.11800
          kl =   6.00000
          kv =   1.00000
         k2v =   1.00000
         kth =   1.00000
         kbh =   1.00000
 --------------

  mH       = 125.0000      GeV
  fact_scale 1.0
  ren_scale  1.0
  Kqq      =   0.25108824242353128            +-    2.3155790169696538E-004
  Kgq      =   -6.9163382089706640E-002       +-    1.2272487693297074E-004
  K_nlo    =    1.1819248603338246            +-    2.6206956568154623E-004
  Kqq2     =    5.5168872652386743E-002       +-    2.0081422432962476E-004
  Kgq2     =   -3.5736706450772558E-002       +-    1.3320142043759915E-004
  Kqqs     =    1.7346609511688059E-003       +-    3.3390044422589845E-006
  Kgg      =    1.0663884274339805E-003       +-    1.7483109026859673E-006
  K_nnlo   =    1.2041580759140416            +-    3.5603880953892524E-004
  sig_LO   = (   1.9000397834001452            +-    1.1071716055495054E-003 ) fb
  sig_NLO  = (   2.2457042556239268            +-    1.2139916794771776E-003 ) fb
  sig_NNLO = (   2.2879482497392511            +-    1.2974840447739281E-003 ) fb

  pp ---> HHW+ + X
  ===============

  PDFSET = PDF4LHC21_40                                NSET =  37
  Sqrt(S)  = 13.6 TeV
  LOOP     = 3
  alphaS(MZ) =   0.11800
          kl =   6.00000
          kv =   1.00000
         k2v =   1.00000
         kth =   1.00000
         kbh =   1.00000
 --------------

  mH       = 125.0000      GeV
  fact_scale 1.0
  ren_scale  1.0
  Kqq      =   0.25100569409134299            +-    2.3163479186042883E-004
  Kgq      =   -6.9005321474993969E-002       +-    1.2239399875726124E-004
  K_nlo    =    1.1820003726163490            +-    2.6198276228030091E-004
  Kqq2     =    5.5139431597302314E-002       +-    2.0089002168909804E-004
  Kgq2     =   -3.5657066020885225E-002       +-    1.3285012220871532E-004
  Kqqs     =    1.7349920807044812E-003       +-    3.3385157268499556E-006
  Kgg      =    1.0596476101403544E-003       +-    1.7345649003198905E-006
  K_nnlo   =    1.2042773778836109            +-    3.5588632724478945E-004
  sig_LO   = (   1.9026166539375524            +-    1.1083555859876569E-003 ) fb
  sig_NLO  = (   2.2488935939002581            +-    1.2152807352543800E-003 ) fb
  sig_NNLO = (   2.2912781951216052            +-    1.2988214546287883E-003 ) fb

  pp ---> HHW+ + X
  ===============

  PDFSET = PDF4LHC21_40                                NSET =  38
  Sqrt(S)  = 13.6 TeV
  LOOP     = 3
  alphaS(MZ) =   0.11800
          kl =   6.00000
          kv =   1.00000
         k2v =   1.00000
         kth =   1.00000
         kbh =   1.00000
 --------------

  mH       = 125.0000      GeV
  fact_scale 1.0
  ren_scale  1.0
  Kqq      =   0.25077528105358693            +-    2.3162008561971169E-004
  Kgq      =   -6.8644561681933586E-002       +-    1.2180306344839483E-004
  K_nlo    =    1.1821307193716535            +-    2.6169419238473036E-004
  Kqq2     =    5.5048492661913168E-002       +-    2.0079779499401992E-004
  Kgq2     =   -3.5469416066872317E-002       +-    1.3218268829007278E-004
  Kqqs     =    1.7286862760033594E-003       +-    3.3265153766636221E-006
  Kgg      =    1.0548217700609673E-003       +-    1.7261562703224941E-006
  K_nnlo   =    1.2044933040127588            +-    3.5537292131782922E-004
  sig_LO   = (   1.9111340547447122            +-    1.1114673761544540E-003 ) fb
  sig_NLO  = (   2.2592102749510312            +-    1.2188077899553385E-003 ) fb
  sig_NNLO = (   2.3019481720107584            +-    1.3025456699098433E-003 ) fb

  pp ---> HHW+ + X
  ===============

  PDFSET = PDF4LHC21_40                                NSET =  39
  Sqrt(S)  = 13.6 TeV
  LOOP     = 3
  alphaS(MZ) =   0.11800
          kl =   6.00000
          kv =   1.00000
         k2v =   1.00000
         kth =   1.00000
         kbh =   1.00000
 --------------

  mH       = 125.0000      GeV
  fact_scale 1.0
  ren_scale  1.0
  Kqq      =   0.25098853259579956            +-    2.3156650171931396E-004
  Kgq      =   -6.9123350829613003E-002       +-    1.2267068338327105E-004
  K_nlo    =    1.1818651817661865            +-    2.6205179121738465E-004
  Kqq2     =    5.5129616093572850E-002       +-    2.0080811382645181E-004
  Kgq2     =   -3.5715631820269073E-002       +-    1.3314725852221353E-004
  Kqqs     =    1.7329483646121157E-003       +-    3.3355247196811425E-006
  Kgg      =    1.0638447269848367E-003       +-    1.7430023545161018E-006
  K_nnlo   =    1.2040759591310870            +-    3.5600196079954620E-004
  sig_LO   = (   1.9008101351165414            +-    1.1077166773292017E-003 ) fb
  sig_NLO  = (   2.2465013158425209            +-    1.2145577414666823E-003 ) fb
  sig_NNLO = (   2.2887197865665412            +-    1.2980556548496489E-003 ) fb

  pp ---> HHW+ + X
  ===============

  PDFSET = PDF4LHC21_40                                NSET =  40
  Sqrt(S)  = 13.6 TeV
  LOOP     = 3
  alphaS(MZ) =   0.11800
          kl =   6.00000
          kv =   1.00000
         k2v =   1.00000
         kth =   1.00000
         kbh =   1.00000
 --------------

  mH       = 125.0000      GeV
  fact_scale 1.0
  ren_scale  1.0
  Kqq      =   0.25105943751162185            +-    2.3165430253866239E-004
  Kgq      =   -6.8945330089157791E-002       +-    1.2230637370313815E-004
  K_nlo    =    1.1821141074224639            +-    2.6195909018983442E-004
  Kqq2     =    5.5159197060478934E-002       +-    2.0085123380260444E-004
  Kgq2     =   -3.5626211640431775E-002       +-    1.3272362228386570E-004
  Kqqs     =    1.7344347941609635E-003       +-    3.3386054386047194E-006
  Kgg      =    1.0602594875616350E-003       +-    1.7355193318850432E-006
  K_nnlo   =    1.2044417871242339            +-    3.5579980505740942E-004
  sig_LO   = (   1.9011685443355035            +-    1.1084699818298858E-003 ) fb
  sig_NLO  = (   2.2473981568468289            +-    1.2152110804574112E-003 ) fb
  sig_NNLO = (   2.2898468391638320            +-    1.2985648029841261E-003 ) fb

  pp ---> HHW+ + X
  ===============

  PDFSET = PDF4LHC21_40                                NSET =  41
  Sqrt(S)  = 13.6 TeV
  LOOP     = 3
  alphaS(MZ) =   0.11700
          kl =   6.00000
          kv =   1.00000
         k2v =   1.00000
         kth =   1.00000
         kbh =   1.00000
 --------------

  mH       = 125.0000      GeV
  fact_scale 1.0
  ren_scale  1.0
  Kqq      =   0.24914986552866700            +-    2.3021247376408844E-004
  Kgq      =   -6.7749749696392705E-002       +-    1.2018761423424334E-004
  K_nlo    =    1.1814001158322742            +-    2.5969760432453050E-004
  Kqq2     =    5.4333671459997429E-002       +-    1.9827908174588693E-004
  Kgq2     =   -3.4777414988613919E-002       +-    1.2949698463435102E-004
  Kqqs     =    1.7069266763037451E-003       +-    3.2843057883104408E-006
  Kgg      =    1.0235986550285875E-003       +-    1.6746101084421940E-006
  K_nnlo   =    1.2036868976349899            +-    3.5148328546718731E-004
  sig_LO   = (   1.9073960510630255            +-    1.1124292874764234E-003 ) fb
  sig_NLO  = (   2.2533979156638808            +-    1.2177301682182614E-003 ) fb
  sig_NNLO = (   2.2959076352652841            +-    1.2988298531276539E-003 ) fb

  pp ---> HHW+ + X
  ===============

  PDFSET = PDF4LHC21_40                                NSET =  42
  Sqrt(S)  = 13.6 TeV
  LOOP     = 3
  alphaS(MZ) =   0.11900
          kl =   6.00000
          kv =   1.00000
         k2v =   1.00000
         kth =   1.00000
         kbh =   1.00000
 --------------

  mH       = 125.0000      GeV
  fact_scale 1.0
  ren_scale  1.0
  Kqq      =   0.25278955121270030            +-    2.3297034070520723E-004
  Kgq      =   -6.8261934368600494E-002       +-    1.2114854233572535E-004
  K_nlo    =    1.1845276168440999            +-    2.6258741203334819E-004
  Kqq2     =    5.5917891263014496E-002       +-    2.0332245659117478E-004
  Kgq2     =   -3.5510775496731400E-002       +-    1.3232635178762441E-004
  Kqqs     =    1.7604212182970721E-003       +-    3.3874480262410286E-006
  Kgg      =    1.0421446646951009E-003       +-    1.7114499552392479E-006
  K_nnlo   =    1.2077372984933752            +-    3.5751480746277272E-004
  sig_LO   = (   1.9115295605794822            +-    1.1128609486315657E-003 ) fb
  sig_NLO  = (   2.2642595549202635            +-    1.2208222101965668E-003 ) fb
  sig_NNLO = (   2.3086255474844921            +-    1.3059461010492862E-003 ) fb

