  pp ---> HHW+ + X
  ===============

  PDFSET = PDF4LHC21_40                                NSET =   0
  Sqrt(S)  = 13.6 TeV
  LOOP     = 3
  alphaS(MZ) =   0.11800
          kl =   1.00000
          kv =   1.00000
         k2v =   1.00000
         kth =   1.00000
         kbh =   1.00000
        cHsq =   0.00000
       chdup =   0.00000
         cHw =   0.20000
          cH =   0.00000
         cHb =   0.00000
        cHwb =   0.00000
      cHq1st =   0.00000
      cHq3st =   0.00000
      cHq1rd =   0.00000
      cHq3rd =   0.00000
       cHdst =   0.00000
       cHust =   0.00000
       cHdrd =   0.00000
       cHurd =   0.00000
         cth =   0.00000
         cbh =   0.00000
 --------------

  mH       = 125.0000      GeV
  fact_scale 0.5
  ren_scale  0.5
  Kqq      =   0.20340350526261647            +-    1.8522807972520331E-004
  Kgq      =   -2.0940770164859651E-002       +-    1.2350166425834804E-004
  K_nlo    =    1.1824627350977568            +-    2.2262547606522484E-004
  Kqq2     =    1.4614781676668239E-002       +-    1.1794473506209651E-004
  Kgq2     =   -1.0319192615683781E-002       +-    7.9013657726589376E-005
  Kqqs     =    8.4493666497835972E-004       +-    2.4913406344989672E-006
  Kgg      =    1.9054853761980075E-004       +-    1.0473318921930443E-006
  K_nnlo   =    1.1877938093613394            +-    2.6405212536868600E-004
  sig_LO   = (  0.48983427226485371            +-    2.7047211518761098E-004 ) fb
  sig_NLO  = (  0.57921077332691828            +-    2.9162814978881801E-004 ) fb
  sig_NNLO = (  0.58182211620921009            +-    2.9980737369340307E-004 ) fb

  mH       = 125.0000      GeV
  fact_scale 1.0
  ren_scale  0.5
  Kqq      =   0.27411966606977384            +-    2.2892176226770096E-004
  Kgq      =   -7.2344352133602532E-002       +-    1.2521052932937306E-004
  K_nlo    =    1.2017753139361713            +-    2.6092690527174768E-004
  Kqq2     =    2.6105734425663270E-002       +-    1.7710390273850010E-004
  Kgq2     =   -2.1799670610932138E-002       +-    1.0694986403176990E-004
  Kqqs     =    1.2519124008408935E-003       +-    2.5489419527330655E-006
  Kgg      =    7.4586294380335873E-004       +-    1.2658660887886555E-006
  K_nnlo   =    1.2080791530955466            +-    3.3300903170686966E-004
  sig_LO   = (  0.48289806542113284            +-    2.6670498475133087E-004 ) fb
  sig_NLO  = (  0.58033497417065172            +-    2.9497088929412909E-004 ) fb
  sig_NNLO = (  0.58337908590543996            +-    3.1143413034646856E-004 ) fb

  mH       = 125.0000      GeV
  fact_scale 0.5
  ren_scale  1.0
  Kqq      =   0.18703467583613764            +-    1.7041594073251729E-004
  Kgq      =   -1.9261103783826540E-002       +-    1.1347677038821123E-004
  K_nlo    =    1.1677735720523110            +-    2.0474025074100025E-004
  Kqq2     =    2.1182336088921176E-002       +-    8.6101701122742716E-005
  Kgq2     =   -9.6010061005144948E-003       +-    6.7320797789025542E-005
  Kqqs     =    7.1193026621541977E-004       +-    2.1013266752461761E-006
  Kgg      =    1.6056569773682068E-004       +-    8.8178473864149424E-007
  K_nnlo   =    1.1802273980046700            +-    2.3209772972347239E-004
  sig_LO   = (  0.48983427226485371            +-    2.7047211518761098E-004 ) fb
  sig_NLO  = (  0.57201551783637250            +-    2.8846664770771865E-004 ) fb
  sig_NNLO = (  0.57811582860865940            +-    2.9339469983290977E-004 ) fb

  mH       = 125.0000      GeV
  fact_scale 1.0
  ren_scale  1.0
  Kqq      =   0.25206176152278092            +-    2.1051298366131730E-004
  Kgq      =   -6.6476240245631757E-002       +-    1.1501138037094363E-004
  K_nlo    =    1.1855855212771491            +-    2.3988191658568162E-004
  Kqq2     =    3.3947502164219816E-002       +-    1.3122055403110765E-004
  Kgq2     =   -2.1605062562080283E-002       +-    8.2737075815099130E-005
  Kqqs     =    1.0564027406711023E-003       +-    2.1520895276206294E-006
  Kgg      =    6.2816626301854205E-004       +-    1.0656498457299386E-006
  K_nnlo   =    1.1996125298829783            +-    2.8568051826894465E-004
  sig_LO   = (  0.48289806542113284            +-    2.6670498475133087E-004 ) fb
  sig_NLO  = (  0.57251695461604069            +-    2.9077501627413136E-004 ) fb
  sig_NNLO = (  0.57929056993544126            +-    3.0027156402977770E-004 ) fb

  mH       = 125.0000      GeV
  fact_scale 1.5
  ren_scale  1.0
  Kqq      =   0.29105274679013360            +-    2.4797173339931723E-004
  Kgq      =   -9.2978795701554345E-002       +-    1.0848076335043300E-004
  K_nlo    =    1.1980739510885792            +-    2.7066225555506389E-004
  Kqq2     =    4.1336617729849527E-002       +-    1.6838991358445230E-004
  Kgq2     =   -2.9819019007652377E-002       +-    9.2963620065040150E-005
  Kqqs     =    1.8846573756930818E-003       +-    2.6050716575474834E-006
  Kgg      =    1.0509810234454111E-003       +-    1.2411776697422019E-006
  K_nnlo   =    1.2125271882099147            +-    3.3205990597342519E-004
  sig_LO   = (  0.47845742712358236            +-    2.6423100240182128E-004 ) fb
  sig_NLO  = (  0.57322738014162622            +-    2.9425901435844234E-004 ) fb
  sig_NNLO = (  0.58014263878830752            +-    3.0831765091080535E-004 ) fb

  mH       = 125.0000      GeV
  fact_scale 2.0
  ren_scale  1.0
  Kqq      =   0.31915820362384550            +-    2.7822052276179655E-004
  Kgq      =  -0.11130995642550660            +-    1.2379317237671430E-004
  K_nlo    =    1.2078482471983389            +-    3.0451832262269255E-004
  Kqq2     =    4.6550213132221886E-002       +-    1.9935885740061495E-004
  Kgq2     =   -3.6167770545745818E-002       +-    1.0482299612263851E-004
  Kqqs     =    2.7375274477645629E-003       +-    3.0799762986709805E-006
  Kgg      =    1.4085928718852747E-003       +-    1.4322822019838495E-006
  K_nnlo   =    1.2223768101044650            +-    3.7878062389653746E-004
  sig_LO   = (  0.47518278531106584            +-    2.6237396181779977E-004 ) fb
  sig_NLO  = (  0.57394869433679541            +-    2.9963098219980950E-004 ) fb
  sig_NNLO = (  0.58085241732509529            +-    3.1817684928029999E-004 ) fb

  mH       = 125.0000      GeV
  fact_scale 1.0
  ren_scale  1.5
  Kqq      =   0.24076012793792129            +-    2.0108403611076941E-004
  Kgq      =   -6.3472841378201986E-002       +-    1.0979283156012318E-004
  K_nlo    =    1.1772872865597193            +-    2.2910533699716993E-004
  Kqq2     =    3.7309856726282148E-002       +-    1.1577495892656701E-004
  Kgq2     =   -2.1420630469346540E-002       +-    7.3005448951326388E-005
  Kqqs     =    9.6280682749664680E-004       +-    1.9619661151825492E-006
  Kgg      =    5.7194348642574863E-004       +-    9.7006356585554638E-007
  K_nnlo   =    1.1947112631305774            +-    2.6688514845524605E-004
  sig_LO   = (  0.48289806542113284            +-    2.6670498475133087E-004 ) fb
  sig_NLO  = (  0.56850975312458329            +-    2.8874131466577702E-004 ) fb
  sig_NNLO = (  0.57692375770259374            +-    2.9621136160091788E-004 ) fb

  mH       = 125.0000      GeV
  fact_scale 1.5
  ren_scale  1.5
  Kqq      =   0.27800058536885830            +-    2.3683814254670180E-004
  Kgq      =   -8.8772194501074445E-002       +-    1.0358694001433350E-004
  K_nlo    =    1.1892283908677839            +-    2.5850059943161637E-004
  Kqq2     =    4.5031963306417080E-002       +-    1.4483642316733298E-004
  Kgq2     =   -2.9622320006227519E-002       +-    8.3621498465959716E-005
  Kqqs     =    1.7176331195017833E-003       +-    2.3740395059746652E-006
  Kgg      =    9.5682019996718001E-004       +-    1.1305229807997056E-006
  K_nnlo   =    1.2073124874874424            +-    3.0789546689402602E-004
  sig_LO   = (  0.47845742712358236            +-    2.6423100240182128E-004 ) fb
  sig_NLO  = (  0.56899515615691787            +-    2.9174499810173492E-004 ) fb
  sig_NNLO = (  0.57764762649741397            +-    3.0252222135189157E-004 ) fb

  mH       = 125.0000      GeV
  fact_scale 2.0
  ren_scale  1.5
  Kqq      =   0.30484355050218559            +-    2.6570508783464286E-004
  Kgq      =  -0.10627028242730015            +-    1.1818939368886630E-004
  K_nlo    =    1.1985732680748855            +-    2.9080565070465378E-004
  Kqq2     =    5.0501403207946639E-002       +-    1.7036900664053656E-004
  Kgq2     =   -3.5913393715616825E-002       +-    9.6430546304081301E-005
  Kqqs     =    2.4947699220599011E-003       +-    2.8066705022011531E-006
  Kgg      =    1.2823285602625192E-003       +-    1.3042893531814338E-006
  K_nnlo   =    1.2169383760495378            +-    3.5057374935378233E-004
  sig_LO   = (  0.47518278531106584            +-    2.6237396181779977E-004 ) fb
  sig_NLO  = (  0.56954138392321085            +-    2.9653907324984951E-004 ) fb
  sig_NNLO = (  0.57826816708314466            +-    3.1079123973514801E-004 ) fb

  mH       = 125.0000      GeV
  fact_scale 1.0
  ren_scale  2.0
  Kqq      =   0.23334826286406909            +-    1.9490094259931511E-004
  Kgq      =   -6.1504306543829164E-002       +-    1.0637363663224499E-004
  K_nlo    =    1.1718439563202399            +-    2.2203992432999616E-004
  Kqq2     =    3.9276646138474237E-002       +-    1.1322969976003348E-004
  Kgq2     =   -2.1270045716509471E-002       +-    6.8071849747563322E-005
  Kqqs     =    9.0383370993996927E-004       +-    1.8421296827486075E-006
  Kgg      =    5.3656141299888277E-004       +-    9.0992913987341442E-007
  K_nnlo   =    1.1912909518651436            +-    2.5838090301932192E-004
  sig_LO   = (  0.48289806542113284            +-    2.6670498475133087E-004 ) fb
  sig_NLO  = (  0.56588117948249039            +-    2.8745129247213840E-004 ) fb
  sig_NNLO = (  0.57527209600937779            +-    2.9444780622847887E-004 ) fb

  mH       = 125.0000      GeV
  fact_scale 1.5
  ren_scale  2.0
  Kqq      =   0.26944097156884234            +-    2.2953489068456055E-004
  Kgq      =   -8.6015329678718166E-002       +-    1.0037930066387178E-004
  K_nlo    =    1.1834256418901243            +-    2.5052399095364325E-004
  Kqq2     =    4.7195503198844718E-002       +-    1.3831302284612643E-004
  Kgq2     =   -2.9446232008357557E-002       +-    7.9584347825281817E-005
  Kqqs     =    1.6123977391227604E-003       +-    2.2284859895581772E-006
  Kgg      =    8.9757033942987775E-004       +-    1.0608589958041645E-006
  K_nnlo   =    1.2036848811591641            +-    2.9703959723000620E-004
  sig_LO   = (  0.47845742712358236            +-    2.6423100240182128E-004 ) fb
  sig_NLO  = (  0.56621878781082269            +-    2.9014764557482665E-004 ) fb
  sig_NNLO = (  0.57591197130696858            +-    3.0002724015245111E-004 ) fb

  mH       = 125.0000      GeV
  fact_scale 2.0
  ren_scale  2.0
  Kqq      =   0.29545582847837676            +-    2.5750054113739046E-004
  Kgq      =  -0.10296764220832429            +-    1.1451760909237426E-004
  K_nlo    =    1.1924881862700525            +-    2.8181698223897500E-004
  Kqq2     =    5.2801494562675334E-002       +-    1.5920006205064023E-004
  Kgq2     =   -3.5689184949509040E-002       +-    9.2855238079045347E-005
  Kqqs     =    2.3418277791944679E-003       +-    2.6344981221835873E-006
  Kgg      =    1.2028828779886095E-003       +-    1.2237330447750017E-006
  K_nnlo   =    1.2131452065404018            +-    3.3674323241432381E-004
  sig_LO   = (  0.47518278531106584            +-    2.6237396181779977E-004 ) fb
  sig_NLO  = (  0.56664985780234456            +-    2.9457292847966701E-004 ) fb
  sig_NNLO = (  0.57646571823063630            +-    3.0731866837047973E-004 ) fb

  pp ---> HHW+ + X
  ===============

  PDFSET = PDF4LHC21_40                                NSET =   1
  Sqrt(S)  = 13.6 TeV
  LOOP     = 3
  alphaS(MZ) =   0.11800
          kl =   1.00000
          kv =   1.00000
         k2v =   1.00000
         kth =   1.00000
         kbh =   1.00000
        cHsq =   0.00000
       chdup =   0.00000
         cHw =   0.20000
          cH =   0.00000
         cHb =   0.00000
        cHwb =   0.00000
      cHq1st =   0.00000
      cHq3st =   0.00000
      cHq1rd =   0.00000
      cHq3rd =   0.00000
       cHdst =   0.00000
       cHust =   0.00000
       cHdrd =   0.00000
       cHurd =   0.00000
         cth =   0.00000
         cbh =   0.00000
 --------------

  mH       = 125.0000      GeV
  fact_scale 1.0
  ren_scale  1.0
  Kqq      =   0.25216074740581984            +-    2.1121001472606334E-004
  Kgq      =   -6.6499610256357894E-002       +-    1.1511987139161224E-004
  K_nlo    =    1.1856611371494619            +-    2.4054574431863314E-004
  Kqq2     =    3.3976952304347691E-002       +-    1.3148898797493710E-004
  Kgq2     =   -2.1614550601243107E-002       +-    8.2816116564708652E-005
  Kqqs     =    1.0568724657346340E-003       +-    2.1535229127928160E-006
  Kgg      =    6.2816200247175656E-004       +-    1.0658419396076756E-006
  K_nnlo   =    1.1997085733207729            +-    2.8638416840201546E-004
  sig_LO   = (  0.48298335409600285            +-    2.6811270761520226E-004 ) fb
  sig_NLO  = (  0.57265459284172804            +-    2.9220219234516359E-004 ) fb
  sig_NNLO = (  0.57943927068019729            +-    3.0168942739958659E-004 ) fb

  pp ---> HHW+ + X
  ===============

  PDFSET = PDF4LHC21_40                                NSET =   2
  Sqrt(S)  = 13.6 TeV
  LOOP     = 3
  alphaS(MZ) =   0.11800
          kl =   1.00000
          kv =   1.00000
         k2v =   1.00000
         kth =   1.00000
         kbh =   1.00000
        cHsq =   0.00000
       chdup =   0.00000
         cHw =   0.20000
          cH =   0.00000
         cHb =   0.00000
        cHwb =   0.00000
      cHq1st =   0.00000
      cHq3st =   0.00000
      cHq1rd =   0.00000
      cHq3rd =   0.00000
       cHdst =   0.00000
       cHust =   0.00000
       cHdrd =   0.00000
       cHurd =   0.00000
         cth =   0.00000
         cbh =   0.00000
 --------------

  mH       = 125.0000      GeV
  fact_scale 1.0
  ren_scale  1.0
  Kqq      =   0.25205782394158693            +-    2.1018583271838231E-004
  Kgq      =   -6.6403580964661701E-002       +-    1.1476636140179104E-004
  K_nlo    =    1.1856542429769252            +-    2.3947735171603662E-004
  Kqq2     =    3.3949476483122853E-002       +-    1.3104253190607767E-004
  Kgq2     =   -2.1584304997565341E-002       +-    8.2548691349499780E-005
  Kqqs     =    1.0607520821859513E-003       +-    2.1587708324281384E-006
  Kgg      =    6.2674588336687233E-004       +-    1.0592747965532385E-006
  K_nnlo   =    1.1997069124280357            +-    2.8520451600807134E-004
  sig_LO   = (  0.48198560102924637            +-    2.6563408767620977E-004 ) fb
  sig_NLO  = (  0.57146827291410940            +-    2.8962789052446535E-004 ) fb
  sig_NNLO = (  0.57824145724556797            +-    2.9909521739014845E-004 ) fb

  pp ---> HHW+ + X
  ===============

  PDFSET = PDF4LHC21_40                                NSET =   3
  Sqrt(S)  = 13.6 TeV
  LOOP     = 3
  alphaS(MZ) =   0.11800
          kl =   1.00000
          kv =   1.00000
         k2v =   1.00000
         kth =   1.00000
         kbh =   1.00000
        cHsq =   0.00000
       chdup =   0.00000
         cHw =   0.20000
          cH =   0.00000
         cHb =   0.00000
        cHwb =   0.00000
      cHq1st =   0.00000
      cHq3st =   0.00000
      cHq1rd =   0.00000
      cHq3rd =   0.00000
       cHdst =   0.00000
       cHust =   0.00000
       cHdrd =   0.00000
       cHurd =   0.00000
         cth =   0.00000
         cbh =   0.00000
 --------------

  mH       = 125.0000      GeV
  fact_scale 1.0
  ren_scale  1.0
  Kqq      =   0.25191264920671985            +-    2.0902382341923944E-004
  Kgq      =   -6.6216810631938128E-002       +-    1.1463639625968326E-004
  K_nlo    =    1.1856958385747818            +-    2.3839560001016067E-004
  Kqq2     =    3.3909219054499576E-002       +-    1.3035191213292015E-004
  Kgq2     =   -2.1522611862762515E-002       +-    8.2438962425502451E-005
  Kqqs     =    1.0542194017745278E-003       +-    2.1447958184303606E-006
  Kgg      =    6.2521852621287436E-004       +-    1.0599135014857831E-006
  K_nnlo   =    1.1997618836945063            +-    2.8394715915543134E-004
  sig_LO   = (  0.48383856334010211            +-    2.6551068344586110E-004 ) fb
  sig_NLO  = (  0.57368537109436002            +-    2.8948296754704290E-004 ) fb
  sig_NNLO = (  0.58049106615696466            +-    2.9894890428082681E-004 ) fb

  pp ---> HHW+ + X
  ===============

  PDFSET = PDF4LHC21_40                                NSET =   4
  Sqrt(S)  = 13.6 TeV
  LOOP     = 3
  alphaS(MZ) =   0.11800
          kl =   1.00000
          kv =   1.00000
         k2v =   1.00000
         kth =   1.00000
         kbh =   1.00000
        cHsq =   0.00000
       chdup =   0.00000
         cHw =   0.20000
          cH =   0.00000
         cHb =   0.00000
        cHwb =   0.00000
      cHq1st =   0.00000
      cHq3st =   0.00000
      cHq1rd =   0.00000
      cHq3rd =   0.00000
       cHdst =   0.00000
       cHust =   0.00000
       cHdrd =   0.00000
       cHurd =   0.00000
         cth =   0.00000
         cbh =   0.00000
 --------------

  mH       = 125.0000      GeV
  fact_scale 1.0
  ren_scale  1.0
  Kqq      =   0.25249454223418172            +-    2.1082842569516047E-004
  Kgq      =   -6.7202242148616198E-002       +-    1.1638281741826380E-004
  K_nlo    =    1.1852923000855655            +-    2.4081857335204177E-004
  Kqq2     =    3.4070510288388575E-002       +-    1.3129634341115280E-004
  Kgq2     =   -2.1838075952855113E-002       +-    8.3733059213683957E-005
  Kqqs     =    1.0658071935151228E-003       +-    2.1722951411459264E-006
  Kgg      =    6.3802484752873768E-004       +-    1.0850903742437026E-006
  K_nnlo   =    1.1992285664621429            +-    2.8679162567452158E-004
  sig_LO   = (  0.47670471597232078            +-    2.6344574748786691E-004 ) fb
  sig_NLO  = (  0.56503442925646830            +-    2.8737180192299304E-004 ) fb
  sig_NNLO = (  0.57167791316122929            +-    2.9680739772778236E-004 ) fb

  pp ---> HHW+ + X
  ===============

  PDFSET = PDF4LHC21_40                                NSET =   5
  Sqrt(S)  = 13.6 TeV
  LOOP     = 3
  alphaS(MZ) =   0.11800
          kl =   1.00000
          kv =   1.00000
         k2v =   1.00000
         kth =   1.00000
         kbh =   1.00000
        cHsq =   0.00000
       chdup =   0.00000
         cHw =   0.20000
          cH =   0.00000
         cHb =   0.00000
        cHwb =   0.00000
      cHq1st =   0.00000
      cHq3st =   0.00000
      cHq1rd =   0.00000
      cHq3rd =   0.00000
       cHdst =   0.00000
       cHust =   0.00000
       cHdrd =   0.00000
       cHurd =   0.00000
         cth =   0.00000
         cbh =   0.00000
 --------------

  mH       = 125.0000      GeV
  fact_scale 1.0
  ren_scale  1.0
  Kqq      =   0.25211416217420296            +-    2.1054859131791669E-004
  Kgq      =   -6.6319474967164005E-002       +-    1.1472902567377831E-004
  K_nlo    =    1.1857946872070388            +-    2.3977793609507441E-004
  Kqq2     =    3.3961780533063694E-002       +-    1.3123798826318944E-004
  Kgq2     =   -2.1556639213564065E-002       +-    8.2496675786914605E-005
  Kqqs     =    1.0549798154867761E-003       +-    2.1497089567038778E-006
  Kgg      =    6.2446288395181192E-004       +-    1.0595945653334189E-006
  K_nnlo   =    1.1998792712259772            +-    2.8553163346031448E-004
  sig_LO   = (  0.48271708452784556            +-    2.6666038329966149E-004 ) fb
  sig_NLO  = (  0.57240335425719036            +-    2.9069682375870367E-004 ) fb
  sig_NNLO = (  0.57920222359159967            +-    3.0017518873681585E-004 ) fb

  pp ---> HHW+ + X
  ===============

  PDFSET = PDF4LHC21_40                                NSET =   6
  Sqrt(S)  = 13.6 TeV
  LOOP     = 3
  alphaS(MZ) =   0.11800
          kl =   1.00000
          kv =   1.00000
         k2v =   1.00000
         kth =   1.00000
         kbh =   1.00000
        cHsq =   0.00000
       chdup =   0.00000
         cHw =   0.20000
          cH =   0.00000
         cHb =   0.00000
        cHwb =   0.00000
      cHq1st =   0.00000
      cHq3st =   0.00000
      cHq1rd =   0.00000
      cHq3rd =   0.00000
       cHdst =   0.00000
       cHust =   0.00000
       cHdrd =   0.00000
       cHurd =   0.00000
         cth =   0.00000
         cbh =   0.00000
 --------------

  mH       = 125.0000      GeV
  fact_scale 1.0
  ren_scale  1.0
  Kqq      =   0.25215825385512280            +-    2.0978865778992423E-004
  Kgq      =   -6.6416859564585984E-002       +-    1.1490813573032304E-004
  K_nlo    =    1.1857413942905368            +-    2.3919690757682525E-004
  Kqq2     =    3.3976879022369219E-002       +-    1.3087027750411322E-004
  Kgq2     =   -2.1588289022255978E-002       +-    8.2675979529347638E-005
  Kqqs     =    1.0548115479577039E-003       +-    2.1444069464730634E-006
  Kgg      =    6.3102038310552553E-004       +-    1.0719780473511995E-006
  K_nnlo   =    1.1998158162217130            +-    2.8492675433792293E-004
  sig_LO   = (  0.48233839151486985            +-    2.6490821083807584E-004 ) fb
  sig_NLO  = (  0.57192859687469655            +-    2.8894201116375681E-004 ) fb
  sig_NNLO = (  0.57871723091048177            +-    2.9843537126375097E-004 ) fb

  pp ---> HHW+ + X
  ===============

  PDFSET = PDF4LHC21_40                                NSET =   7
  Sqrt(S)  = 13.6 TeV
  LOOP     = 3
  alphaS(MZ) =   0.11800
          kl =   1.00000
          kv =   1.00000
         k2v =   1.00000
         kth =   1.00000
         kbh =   1.00000
        cHsq =   0.00000
       chdup =   0.00000
         cHw =   0.20000
          cH =   0.00000
         cHb =   0.00000
        cHwb =   0.00000
      cHq1st =   0.00000
      cHq3st =   0.00000
      cHq1rd =   0.00000
      cHq3rd =   0.00000
       cHdst =   0.00000
       cHust =   0.00000
       cHdrd =   0.00000
       cHurd =   0.00000
         cth =   0.00000
         cbh =   0.00000
 --------------

  mH       = 125.0000      GeV
  fact_scale 1.0
  ren_scale  1.0
  Kqq      =   0.25213725747911503            +-    2.1009072894171197E-004
  Kgq      =   -6.6261464424931568E-002       +-    1.1476368881920830E-004
  K_nlo    =    1.1858757930541834            +-    2.3939260360055395E-004
  Kqq2     =    3.3968318219877308E-002       +-    1.3104956670026798E-004
  Kgq2     =   -2.1538600577595386E-002       +-    8.2506135073237967E-005
  Kqqs     =    1.0542827978270953E-003       +-    2.1480592391637521E-006
  Kgg      =    6.2439970239797202E-004       +-    1.0582034869796777E-006
  K_nnlo   =    1.1999841931966904            +-    2.8512419025543612E-004
  sig_LO   = (  0.48307604995438208            +-    2.6589604628987699E-004 ) fb
  sig_NLO  = (  0.57286819384513521            +-    2.8995591890806243E-004 ) fb
  sig_NNLO = (  0.57968362405715324            +-    2.9945299635713267E-004 ) fb

  pp ---> HHW+ + X
  ===============

  PDFSET = PDF4LHC21_40                                NSET =   8
  Sqrt(S)  = 13.6 TeV
  LOOP     = 3
  alphaS(MZ) =   0.11800
          kl =   1.00000
          kv =   1.00000
         k2v =   1.00000
         kth =   1.00000
         kbh =   1.00000
        cHsq =   0.00000
       chdup =   0.00000
         cHw =   0.20000
          cH =   0.00000
         cHb =   0.00000
        cHwb =   0.00000
      cHq1st =   0.00000
      cHq3st =   0.00000
      cHq1rd =   0.00000
      cHq3rd =   0.00000
       cHdst =   0.00000
       cHust =   0.00000
       cHdrd =   0.00000
       cHurd =   0.00000
         cth =   0.00000
         cbh =   0.00000
 --------------

  mH       = 125.0000      GeV
  fact_scale 1.0
  ren_scale  1.0
  Kqq      =   0.25192689944885649            +-    2.1052427699427817E-004
  Kgq      =   -6.6132531759184515E-002       +-    1.1475744647399008E-004
  K_nlo    =    1.1857943676896718            +-    2.3977018731525875E-004
  Kqq2     =    3.3906896064007708E-002       +-    1.3126544239333091E-004
  Kgq2     =   -2.1481586086797823E-002       +-    8.2586791857983940E-005
  Kqqs     =    1.0561788954038286E-003       +-    2.1530290083969791E-006
  Kgg      =    6.2863692961617540E-004       +-    1.0721070579826765E-006
  K_nnlo   =    1.1999044934919016            +-    2.8556386716242636E-004
  sig_LO   = (  0.48283567124304405            +-    2.6683641266994244E-004 ) fb
  sig_NLO  = (  0.57254381947966371            +-    2.9086813379447762E-004 ) fb
  sig_NNLO = (  0.57935669154270708            +-    3.0035426042459434E-004 ) fb

  pp ---> HHW+ + X
  ===============

  PDFSET = PDF4LHC21_40                                NSET =   9
  Sqrt(S)  = 13.6 TeV
  LOOP     = 3
  alphaS(MZ) =   0.11800
          kl =   1.00000
          kv =   1.00000
         k2v =   1.00000
         kth =   1.00000
         kbh =   1.00000
        cHsq =   0.00000
       chdup =   0.00000
         cHw =   0.20000
          cH =   0.00000
         cHb =   0.00000
        cHwb =   0.00000
      cHq1st =   0.00000
      cHq3st =   0.00000
      cHq1rd =   0.00000
      cHq3rd =   0.00000
       cHdst =   0.00000
       cHust =   0.00000
       cHdrd =   0.00000
       cHurd =   0.00000
         cth =   0.00000
         cbh =   0.00000
 --------------

  mH       = 125.0000      GeV
  fact_scale 1.0
  ren_scale  1.0
  Kqq      =   0.25214400804557530            +-    2.0997590354989432E-004
  Kgq      =   -6.6433642509814095E-002       +-    1.1490575163399487E-004
  K_nlo    =    1.1857103655357610            +-    2.3936000465860590E-004
  Kqq2     =    3.3969913292459956E-002       +-    1.3089572296142595E-004
  Kgq2     =   -2.1590474644333051E-002       +-    8.2686146546885250E-005
  Kqqs     =    1.0572026304401770E-003       +-    2.1506662189304535E-006
  Kgg      =    6.2790385963345000E-004       +-    1.0653948024273480E-006
  K_nnlo   =    1.1997749106739617            +-    2.8507834253377697E-004
  sig_LO   = (  0.48445758772672370            +-    2.6646219289735279E-004 ) fb
  sig_NLO  = (  0.57442638343002661            +-    2.9060070304058242E-004 ) fb
  sig_NNLO = (  0.58124005904015275            +-    3.0012667499026226E-004 ) fb

  pp ---> HHW+ + X
  ===============

  PDFSET = PDF4LHC21_40                                NSET =  10
  Sqrt(S)  = 13.6 TeV
  LOOP     = 3
  alphaS(MZ) =   0.11800
          kl =   1.00000
          kv =   1.00000
         k2v =   1.00000
         kth =   1.00000
         kbh =   1.00000
        cHsq =   0.00000
       chdup =   0.00000
         cHw =   0.20000
          cH =   0.00000
         cHb =   0.00000
        cHwb =   0.00000
      cHq1st =   0.00000
      cHq3st =   0.00000
      cHq1rd =   0.00000
      cHq3rd =   0.00000
       cHdst =   0.00000
       cHust =   0.00000
       cHdrd =   0.00000
       cHurd =   0.00000
         cth =   0.00000
         cbh =   0.00000
 --------------

  mH       = 125.0000      GeV
  fact_scale 1.0
  ren_scale  1.0
  Kqq      =   0.25208899013433234            +-    2.1075565849872912E-004
  Kgq      =   -6.6335964510393725E-002       +-    1.1481076715276877E-004
  K_nlo    =    1.1857530256239386            +-    2.3999887467119553E-004
  Kqq2     =    3.3954416730815659E-002       +-    1.3136110482804474E-004
  Kgq2     =   -2.1562185832617327E-002       +-    8.2593376163918821E-005
  Kqqs     =    1.0565277465810047E-003       +-    2.1538678710275250E-006
  Kgg      =    6.2510495515792511E-004       +-    1.0632614928413995E-006
  K_nnlo   =    1.1998268892238759            +-    2.8580174100772618E-004
  sig_LO   = (  0.48225471866889752            +-    2.6679115876208735E-004 ) fb
  sig_NLO  = (  0.57183499178306652            +-    2.9081507271372939E-004 ) fb
  sig_NNLO = (  0.57862217891403855            +-    3.0029056145294066E-004 ) fb

  pp ---> HHW+ + X
  ===============

  PDFSET = PDF4LHC21_40                                NSET =  11
  Sqrt(S)  = 13.6 TeV
  LOOP     = 3
  alphaS(MZ) =   0.11800
          kl =   1.00000
          kv =   1.00000
         k2v =   1.00000
         kth =   1.00000
         kbh =   1.00000
        cHsq =   0.00000
       chdup =   0.00000
         cHw =   0.20000
          cH =   0.00000
         cHb =   0.00000
        cHwb =   0.00000
      cHq1st =   0.00000
      cHq3st =   0.00000
      cHq1rd =   0.00000
      cHq3rd =   0.00000
       cHdst =   0.00000
       cHust =   0.00000
       cHdrd =   0.00000
       cHurd =   0.00000
         cth =   0.00000
         cbh =   0.00000
 --------------

  mH       = 125.0000      GeV
  fact_scale 1.0
  ren_scale  1.0
  Kqq      =   0.25187969448492087            +-    2.1023214037062271E-004
  Kgq      =   -6.6366784459160846E-002       +-    1.1483047959850396E-004
  K_nlo    =    1.1855129100257600            +-    2.3954872550200647E-004
  Kqq2     =    3.3893329029307591E-002       +-    1.3110429725895408E-004
  Kgq2     =   -2.1570070578514809E-002       +-    8.2613351763382789E-005
  Kqqs     =    1.0550445409637922E-003       +-    2.1489118216650008E-006
  Kgg      =    6.2645838892856610E-004       +-    1.0630959390876093E-006
  K_nnlo   =    1.1995176714064451            +-    2.8531148335454926E-004
  sig_LO   = (  0.48427437210090585            +-    2.6714175600164788E-004 ) fb
  sig_NLO  = (  0.57411352012024264            +-    2.9124287708926573E-004 ) fb
  sig_NNLO = (  0.58089566714429686            +-    3.0075804438697747E-004 ) fb

  pp ---> HHW+ + X
  ===============

  PDFSET = PDF4LHC21_40                                NSET =  12
  Sqrt(S)  = 13.6 TeV
  LOOP     = 3
  alphaS(MZ) =   0.11800
          kl =   1.00000
          kv =   1.00000
         k2v =   1.00000
         kth =   1.00000
         kbh =   1.00000
        cHsq =   0.00000
       chdup =   0.00000
         cHw =   0.20000
          cH =   0.00000
         cHb =   0.00000
        cHwb =   0.00000
      cHq1st =   0.00000
      cHq3st =   0.00000
      cHq1rd =   0.00000
      cHq3rd =   0.00000
       cHdst =   0.00000
       cHust =   0.00000
       cHdrd =   0.00000
       cHurd =   0.00000
         cth =   0.00000
         cbh =   0.00000
 --------------

  mH       = 125.0000      GeV
  fact_scale 1.0
  ren_scale  1.0
  Kqq      =   0.25189054854665671            +-    2.0993112707632852E-004
  Kgq      =   -6.6392308314622006E-002       +-    1.1481770210768413E-004
  K_nlo    =    1.1854982402320347            +-    2.3927846295232358E-004
  Kqq2     =    3.3899347747731026E-002       +-    1.3087751280273780E-004
  Kgq2     =   -2.1575269801675560E-002       +-    8.2626747895552988E-005
  Kqqs     =    1.0552813076138690E-003       +-    2.1472344178003485E-006
  Kgg      =    6.2726529442127361E-004       +-    1.0642450902588641E-006
  K_nnlo   =    1.1995048647801252            +-    2.8498426077822205E-004
  sig_LO   = (  0.48565066403693491            +-    2.6729112809149668E-004 ) fb
  sig_NLO  = (  0.57573800758330540            +-    2.9145895456002025E-004 ) fb
  sig_NNLO = (  0.58254033409600159            +-    3.0099814111559953E-004 ) fb

  pp ---> HHW+ + X
  ===============

  PDFSET = PDF4LHC21_40                                NSET =  13
  Sqrt(S)  = 13.6 TeV
  LOOP     = 3
  alphaS(MZ) =   0.11800
          kl =   1.00000
          kv =   1.00000
         k2v =   1.00000
         kth =   1.00000
         kbh =   1.00000
        cHsq =   0.00000
       chdup =   0.00000
         cHw =   0.20000
          cH =   0.00000
         cHb =   0.00000
        cHwb =   0.00000
      cHq1st =   0.00000
      cHq3st =   0.00000
      cHq1rd =   0.00000
      cHq3rd =   0.00000
       cHdst =   0.00000
       cHust =   0.00000
       cHdrd =   0.00000
       cHurd =   0.00000
         cth =   0.00000
         cbh =   0.00000
 --------------

  mH       = 125.0000      GeV
  fact_scale 1.0
  ren_scale  1.0
  Kqq      =   0.25212824287985197            +-    2.1062990407565041E-004
  Kgq      =   -6.6456763092214738E-002       +-    1.1496815709576385E-004
  K_nlo    =    1.1856714797876371            +-    2.3996381734943693E-004
  Kqq2     =    3.3963479670250978E-002       +-    1.3126032645674528E-004
  Kgq2     =   -2.1599469937253136E-002       +-    8.2697464657042631E-005
  Kqqs     =    1.0549525127093136E-003       +-    2.1495680080311172E-006
  Kgg      =    6.2603943371891593E-004       +-    1.0615765576191770E-006
  K_nnlo   =    1.1997164814670633            +-    2.8575605887987208E-004
  sig_LO   = (  0.48246506439008285            +-    2.6665100436882130E-004 ) fb
  sig_NLO  = (  0.57204506684122713            +-    2.9069986915690650E-004 ) fb
  sig_NNLO = (  0.57882128948085032            +-    3.0018353514472160E-004 ) fb

  pp ---> HHW+ + X
  ===============

  PDFSET = PDF4LHC21_40                                NSET =  14
  Sqrt(S)  = 13.6 TeV
  LOOP     = 3
  alphaS(MZ) =   0.11800
          kl =   1.00000
          kv =   1.00000
         k2v =   1.00000
         kth =   1.00000
         kbh =   1.00000
        cHsq =   0.00000
       chdup =   0.00000
         cHw =   0.20000
          cH =   0.00000
         cHb =   0.00000
        cHwb =   0.00000
      cHq1st =   0.00000
      cHq3st =   0.00000
      cHq1rd =   0.00000
      cHq3rd =   0.00000
       cHdst =   0.00000
       cHust =   0.00000
       cHdrd =   0.00000
       cHurd =   0.00000
         cth =   0.00000
         cbh =   0.00000
 --------------

  mH       = 125.0000      GeV
  fact_scale 1.0
  ren_scale  1.0
  Kqq      =   0.25209904969998509            +-    2.0973372182961109E-004
  Kgq      =   -6.6294516937304454E-002       +-    1.1471940155218161E-004
  K_nlo    =    1.1858045327626807            +-    2.3905809997779070E-004
  Kqq2     =    3.3957333151140225E-002       +-    1.3088345563398628E-004
  Kgq2     =   -2.1547747896016864E-002       +-    8.2518193493286957E-005
  Kqqs     =    1.0553860593595058E-003       +-    2.1471583919872909E-006
  Kgg      =    6.2495131734520188E-004       +-    1.0593379407560688E-006
  K_nnlo   =    1.1998944553945088            +-    2.8477050210145292E-004
  sig_LO   = (  0.48393019739230886            +-    2.6579928220467168E-004 ) fb
  sig_NLO  = (  0.57384662160853861            +-    2.8988418496489422E-004 ) fb
  sig_NNLO = (  0.58066516064900164            +-    2.9940038641460437E-004 ) fb

  pp ---> HHW+ + X
  ===============

  PDFSET = PDF4LHC21_40                                NSET =  15
  Sqrt(S)  = 13.6 TeV
  LOOP     = 3
  alphaS(MZ) =   0.11800
          kl =   1.00000
          kv =   1.00000
         k2v =   1.00000
         kth =   1.00000
         kbh =   1.00000
        cHsq =   0.00000
       chdup =   0.00000
         cHw =   0.20000
          cH =   0.00000
         cHb =   0.00000
        cHwb =   0.00000
      cHq1st =   0.00000
      cHq3st =   0.00000
      cHq1rd =   0.00000
      cHq3rd =   0.00000
       cHdst =   0.00000
       cHust =   0.00000
       cHdrd =   0.00000
       cHurd =   0.00000
         cth =   0.00000
         cbh =   0.00000
 --------------

  mH       = 125.0000      GeV
  fact_scale 1.0
  ren_scale  1.0
  Kqq      =   0.25210587522528854            +-    2.1024542668974367E-004
  Kgq      =   -6.6292889917741724E-002       +-    1.1459526102963032E-004
  K_nlo    =    1.1858129853075468            +-    2.3944772559872330E-004
  Kqq2     =    3.3961410763725275E-002       +-    1.3105544584736568E-004
  Kgq2     =   -2.1554768323220595E-002       +-    8.2431493898335842E-005
  Kqqs     =    1.0544785047152932E-003       +-    2.1473457715935735E-006
  Kgg      =    6.2297787477678913E-004       +-    1.0551667519060930E-006
  K_nnlo   =    1.1998970841275434            +-    2.8515157169074442E-004
  sig_LO   = (  0.48317491072532087            +-    2.6629580807059676E-004 ) fb
  sig_NLO  = (  0.57295508331290024            +-    2.9034259297865003E-004 ) fb
  sig_NNLO = (  0.57976016650289885            +-    2.9982704707203173E-004 ) fb

  pp ---> HHW+ + X
  ===============

  PDFSET = PDF4LHC21_40                                NSET =  16
  Sqrt(S)  = 13.6 TeV
  LOOP     = 3
  alphaS(MZ) =   0.11800
          kl =   1.00000
          kv =   1.00000
         k2v =   1.00000
         kth =   1.00000
         kbh =   1.00000
        cHsq =   0.00000
       chdup =   0.00000
         cHw =   0.20000
          cH =   0.00000
         cHb =   0.00000
        cHwb =   0.00000
      cHq1st =   0.00000
      cHq3st =   0.00000
      cHq1rd =   0.00000
      cHq3rd =   0.00000
       cHdst =   0.00000
       cHust =   0.00000
       cHdrd =   0.00000
       cHurd =   0.00000
         cth =   0.00000
         cbh =   0.00000
 --------------

  mH       = 125.0000      GeV
  fact_scale 1.0
  ren_scale  1.0
  Kqq      =   0.25189178260778294            +-    2.1046430763491569E-004
  Kgq      =   -6.6474168140197062E-002       +-    1.1505105628865772E-004
  K_nlo    =    1.1854176144675859            +-    2.3985822967198837E-004
  Kqq2     =    3.3896938022920410E-002       +-    1.3119805100562958E-004
  Kgq2     =   -2.1602656183606406E-002       +-    8.2768348189619638E-005
  Kqqs     =    1.0520856997825059E-003       +-    2.1435155550724040E-006
  Kgg      =    6.2810046617410521E-004       +-    1.0671755343409235E-006
  K_nnlo   =    1.1993920824728563            +-    2.8565929341376264E-004
  sig_LO   = (  0.48432242621310045            +-    2.6758908064612123E-004 ) fb
  sig_NLO  = (  0.57412433511468697            +-    2.9171747895440255E-004 ) fb
  sig_NNLO = (  0.58089248336403698            +-    3.0123905987024246E-004 ) fb

  pp ---> HHW+ + X
  ===============

  PDFSET = PDF4LHC21_40                                NSET =  17
  Sqrt(S)  = 13.6 TeV
  LOOP     = 3
  alphaS(MZ) =   0.11800
          kl =   1.00000
          kv =   1.00000
         k2v =   1.00000
         kth =   1.00000
         kbh =   1.00000
        cHsq =   0.00000
       chdup =   0.00000
         cHw =   0.20000
          cH =   0.00000
         cHb =   0.00000
        cHwb =   0.00000
      cHq1st =   0.00000
      cHq3st =   0.00000
      cHq1rd =   0.00000
      cHq3rd =   0.00000
       cHdst =   0.00000
       cHust =   0.00000
       cHdrd =   0.00000
       cHurd =   0.00000
         cth =   0.00000
         cbh =   0.00000
 --------------

  mH       = 125.0000      GeV
  fact_scale 1.0
  ren_scale  1.0
  Kqq      =   0.25235633960927628            +-    2.1039636980294986E-004
  Kgq      =   -6.6112298422270746E-002       +-    1.1436536098326548E-004
  K_nlo    =    1.1862440411870054            +-    2.3947039111149471E-004
  Kqq2     =    3.4029328867465798E-002       +-    1.3106621226274012E-004
  Kgq2     =   -2.1486940025069214E-002       +-    8.2270080757722636E-005
  Kqqs     =    1.0519326443741753E-003       +-    2.1419823466258512E-006
  Kgg      =    6.2430178368275710E-004       +-    1.0584642114784974E-006
  K_nnlo   =    1.2004626644574588            +-    2.8512890915993830E-004
  sig_LO   = (  0.48504732200010586            +-    2.6742169034014139E-004 ) fb
  sig_NLO  = (  0.57538449541634029            +-    2.9155826486032007E-004 ) fb
  sig_NNLO = (  0.58228120055620214            +-    3.0106731952511499E-004 ) fb

  pp ---> HHW+ + X
  ===============

  PDFSET = PDF4LHC21_40                                NSET =  18
  Sqrt(S)  = 13.6 TeV
  LOOP     = 3
  alphaS(MZ) =   0.11800
          kl =   1.00000
          kv =   1.00000
         k2v =   1.00000
         kth =   1.00000
         kbh =   1.00000
        cHsq =   0.00000
       chdup =   0.00000
         cHw =   0.20000
          cH =   0.00000
         cHb =   0.00000
        cHwb =   0.00000
      cHq1st =   0.00000
      cHq3st =   0.00000
      cHq1rd =   0.00000
      cHq3rd =   0.00000
       cHdst =   0.00000
       cHust =   0.00000
       cHdrd =   0.00000
       cHurd =   0.00000
         cth =   0.00000
         cbh =   0.00000
 --------------

  mH       = 125.0000      GeV
  fact_scale 1.0
  ren_scale  1.0
  Kqq      =   0.25199839898373672            +-    2.1011463790826347E-004
  Kgq      =   -6.6138116510620570E-002       +-    1.1435023455149176E-004
  K_nlo    =    1.1858602824731161            +-    2.3921567090243450E-004
  Kqq2     =    3.3928148282607158E-002       +-    1.3103243641764744E-004
  Kgq2     =   -2.1497831858019890E-002       +-    8.2245948187149290E-005
  Kqqs     =    1.0543025049494870E-003       +-    2.1466702585066714E-006
  Kgg      =    6.2128256402821337E-004       +-    1.0522438167662550E-006
  K_nnlo   =    1.1999661839666811            +-    2.8489252008836351E-004
  sig_LO   = (  0.48594564848769417            +-    2.6775284224092062E-004 ) fb
  sig_NLO  = (  0.57626364398219854            +-    2.9189839649473496E-004 ) fb
  sig_NNLO = (  0.58311834543099250            +-    3.0142635839784687E-004 ) fb

  pp ---> HHW+ + X
  ===============

  PDFSET = PDF4LHC21_40                                NSET =  19
  Sqrt(S)  = 13.6 TeV
  LOOP     = 3
  alphaS(MZ) =   0.11800
          kl =   1.00000
          kv =   1.00000
         k2v =   1.00000
         kth =   1.00000
         kbh =   1.00000
        cHsq =   0.00000
       chdup =   0.00000
         cHw =   0.20000
          cH =   0.00000
         cHb =   0.00000
        cHwb =   0.00000
      cHq1st =   0.00000
      cHq3st =   0.00000
      cHq1rd =   0.00000
      cHq3rd =   0.00000
       cHdst =   0.00000
       cHust =   0.00000
       cHdrd =   0.00000
       cHurd =   0.00000
         cth =   0.00000
         cbh =   0.00000
 --------------

  mH       = 125.0000      GeV
  fact_scale 1.0
  ren_scale  1.0
  Kqq      =   0.25235681348652056            +-    2.1051116620655869E-004
  Kgq      =   -6.6933616686344441E-002       +-    1.1582905711576827E-004
  K_nlo    =    1.1854231968001763            +-    2.4027343084488824E-004
  Kqq2     =    3.4030949155540259E-002       +-    1.3124455652071464E-004
  Kgq2     =   -2.1752215667087856E-002       +-    8.3330281160906314E-005
  Kqqs     =    1.0610875631839954E-003       +-    2.1616215383141033E-006
  Kgg      =    6.3324394221746098E-004       +-    1.0756288632545898E-006
  K_nnlo   =    1.1993962617940299            +-    2.8619262836378998E-004
  sig_LO   = (  0.47981342150887679            +-    2.6449736575721118E-004 ) fb
  sig_NLO  = (  0.56878195999268311            +-    2.8853043934044001E-004 ) fb
  sig_NNLO = (  0.57548642411635009            +-    2.9801909652296893E-004 ) fb

  pp ---> HHW+ + X
  ===============

  PDFSET = PDF4LHC21_40                                NSET =  20
  Sqrt(S)  = 13.6 TeV
  LOOP     = 3
  alphaS(MZ) =   0.11800
          kl =   1.00000
          kv =   1.00000
         k2v =   1.00000
         kth =   1.00000
         kbh =   1.00000
        cHsq =   0.00000
       chdup =   0.00000
         cHw =   0.20000
          cH =   0.00000
         cHb =   0.00000
        cHwb =   0.00000
      cHq1st =   0.00000
      cHq3st =   0.00000
      cHq1rd =   0.00000
      cHq3rd =   0.00000
       cHdst =   0.00000
       cHust =   0.00000
       cHdrd =   0.00000
       cHurd =   0.00000
         cth =   0.00000
         cbh =   0.00000
 --------------

  mH       = 125.0000      GeV
  fact_scale 1.0
  ren_scale  1.0
  Kqq      =   0.25198946889886098            +-    2.1034121698246220E-004
  Kgq      =   -6.6344869924364711E-002       +-    1.1477882443246470E-004
  K_nlo    =    1.1856445989744964            +-    2.3961971141740781E-004
  Kqq2     =    3.3927776436855621E-002       +-    1.3113812429809787E-004
  Kgq2     =   -2.1563246696534678E-002       +-    8.2566952798433151E-005
  Kqqs     =    1.0549111102313086E-003       +-    2.1486753711679725E-006
  Kgg      =    6.2762839062250415E-004       +-    1.0647632203254738E-006
  K_nnlo   =    1.1996916682156711            +-    2.8537320470774734E-004
  sig_LO   = (  0.48444406961792968            +-    2.6731372307630834E-004 ) fb
  sig_NLO  = (  0.57437849464772317            +-    2.9143050303493003E-004 ) fb
  sig_NNLO = (  0.58118351403712276            +-    3.0094676965407611E-004 ) fb

  pp ---> HHW+ + X
  ===============

  PDFSET = PDF4LHC21_40                                NSET =  21
  Sqrt(S)  = 13.6 TeV
  LOOP     = 3
  alphaS(MZ) =   0.11800
          kl =   1.00000
          kv =   1.00000
         k2v =   1.00000
         kth =   1.00000
         kbh =   1.00000
        cHsq =   0.00000
       chdup =   0.00000
         cHw =   0.20000
          cH =   0.00000
         cHb =   0.00000
        cHwb =   0.00000
      cHq1st =   0.00000
      cHq3st =   0.00000
      cHq1rd =   0.00000
      cHq3rd =   0.00000
       cHdst =   0.00000
       cHust =   0.00000
       cHdrd =   0.00000
       cHurd =   0.00000
         cth =   0.00000
         cbh =   0.00000
 --------------

  mH       = 125.0000      GeV
  fact_scale 1.0
  ren_scale  1.0
  Kqq      =   0.25233520136035653            +-    2.1068665737939381E-004
  Kgq      =   -6.7011412877698476E-002       +-    1.1595961389562825E-004
  K_nlo    =    1.1853237884826582            +-    2.4049012381494020E-004
  Kqq2     =    3.4033806817894953E-002       +-    1.3121556636252305E-004
  Kgq2     =   -2.1777789524602260E-002       +-    8.3415348348510072E-005
  Kqqs     =    1.0647168010573279E-003       +-    2.1685974858617882E-006
  Kgg      =    6.3345048779210188E-004       +-    1.0748260790074559E-006
  K_nnlo   =    1.1992779730648002            +-    2.8638610810341697E-004
  sig_LO   = (  0.47883442819859295            +-    2.6437676293538477E-004 ) fb
  sig_NLO  = (  0.56757383848828347            +-    2.8836736206196915E-004 ) fb
  sig_NNLO = (  0.57425558248365116            +-    2.9782566853605197E-004 ) fb

  pp ---> HHW+ + X
  ===============

  PDFSET = PDF4LHC21_40                                NSET =  22
  Sqrt(S)  = 13.6 TeV
  LOOP     = 3
  alphaS(MZ) =   0.11800
          kl =   1.00000
          kv =   1.00000
         k2v =   1.00000
         kth =   1.00000
         kbh =   1.00000
        cHsq =   0.00000
       chdup =   0.00000
         cHw =   0.20000
          cH =   0.00000
         cHb =   0.00000
        cHwb =   0.00000
      cHq1st =   0.00000
      cHq3st =   0.00000
      cHq1rd =   0.00000
      cHq3rd =   0.00000
       cHdst =   0.00000
       cHust =   0.00000
       cHdrd =   0.00000
       cHurd =   0.00000
         cth =   0.00000
         cbh =   0.00000
 --------------

  mH       = 125.0000      GeV
  fact_scale 1.0
  ren_scale  1.0
  Kqq      =   0.25209380207746490            +-    2.1043041471531813E-004
  Kgq      =   -6.6643494637800102E-002       +-    1.1541497151233005E-004
  K_nlo    =    1.1854503074396647            +-    2.4000328140767727E-004
  Kqq2     =    3.3955637025084445E-002       +-    1.3114418918291039E-004
  Kgq2     =   -2.1656887226786860E-002       +-    8.3051547936099395E-005
  Kqqs     =    1.0566514721801724E-003       +-    2.1525524566663463E-006
  Kgg      =    6.3227846092822680E-004       +-    1.0763534245987197E-006
  K_nnlo   =    1.1994379871710708            +-    2.8583863468091797E-004
  sig_LO   = (  0.48169859265634279            +-    2.6586822221878482E-004 ) fb
  sig_NLO  = (  0.57102974475771551            +-    2.8991620966527281E-004 ) fb
  sig_NNLO = (  0.57776759039886127            +-    2.9940593793349680E-004 ) fb

  pp ---> HHW+ + X
  ===============

  PDFSET = PDF4LHC21_40                                NSET =  23
  Sqrt(S)  = 13.6 TeV
  LOOP     = 3
  alphaS(MZ) =   0.11800
          kl =   1.00000
          kv =   1.00000
         k2v =   1.00000
         kth =   1.00000
         kbh =   1.00000
        cHsq =   0.00000
       chdup =   0.00000
         cHw =   0.20000
          cH =   0.00000
         cHb =   0.00000
        cHwb =   0.00000
      cHq1st =   0.00000
      cHq3st =   0.00000
      cHq1rd =   0.00000
      cHq3rd =   0.00000
       cHdst =   0.00000
       cHust =   0.00000
       cHdrd =   0.00000
       cHurd =   0.00000
         cth =   0.00000
         cbh =   0.00000
 --------------

  mH       = 125.0000      GeV
  fact_scale 1.0
  ren_scale  1.0
  Kqq      =   0.25209805505764132            +-    2.1048101582302260E-004
  Kgq      =   -6.6493544962553677E-002       +-    1.1504727317221811E-004
  K_nlo    =    1.1856045100950876            +-    2.3987107596843449E-004
  Kqq2     =    3.3957808022735084E-002       +-    1.3116965615721628E-004
  Kgq2     =   -2.1609811800284602E-002       +-    8.2770349884440846E-005
  Kqqs     =    1.0571132347916548E-003       +-    2.1534360354750893E-006
  Kgg      =    6.2872157568743994E-004       +-    1.0667216265276047E-006
  K_nnlo   =    1.1996383411280174            +-    2.8565769337519508E-004
  sig_LO   = (  0.48266364594934569            +-    2.6644171803391110E-004 ) fb
  sig_NLO  = (  0.57224819549648287            +-    2.9050906005161542E-004 ) fb
  sig_NNLO = (  0.57902181554947363            +-    3.0000190243253591E-004 ) fb

  pp ---> HHW+ + X
  ===============

  PDFSET = PDF4LHC21_40                                NSET =  24
  Sqrt(S)  = 13.6 TeV
  LOOP     = 3
  alphaS(MZ) =   0.11800
          kl =   1.00000
          kv =   1.00000
         k2v =   1.00000
         kth =   1.00000
         kbh =   1.00000
        cHsq =   0.00000
       chdup =   0.00000
         cHw =   0.20000
          cH =   0.00000
         cHb =   0.00000
        cHwb =   0.00000
      cHq1st =   0.00000
      cHq3st =   0.00000
      cHq1rd =   0.00000
      cHq3rd =   0.00000
       cHdst =   0.00000
       cHust =   0.00000
       cHdrd =   0.00000
       cHurd =   0.00000
         cth =   0.00000
         cbh =   0.00000
 --------------

  mH       = 125.0000      GeV
  fact_scale 1.0
  ren_scale  1.0
  Kqq      =   0.25193006427706793            +-    2.1101462625971643E-004
  Kgq      =   -6.6320866831128880E-002       +-    1.1472293885629479E-004
  K_nlo    =    1.1856091974459391            +-    2.4018435668326311E-004
  Kqq2     =    3.3911030899770614E-002       +-    1.3141248911436302E-004
  Kgq2     =   -2.1554810700503226E-002       +-    8.2527032667044042E-005
  Kqqs     =    1.0546413684191440E-003       +-    2.1497309680359786E-006
  Kgg      =    6.2750315126936678E-004       +-    1.0647580098319695E-006
  K_nnlo   =    1.1996475621648950            +-    2.8596194443363844E-004
  sig_LO   = (  0.48399556570938923            +-    2.6858906358224251E-004 ) fb
  sig_NLO  = (  0.57382959422810220            +-    2.9266656900548647E-004 ) fb
  sig_NNLO = (  0.58062410050188806            +-    3.0215201298630596E-004 ) fb

  pp ---> HHW+ + X
  ===============

  PDFSET = PDF4LHC21_40                                NSET =  25
  Sqrt(S)  = 13.6 TeV
  LOOP     = 3
  alphaS(MZ) =   0.11800
          kl =   1.00000
          kv =   1.00000
         k2v =   1.00000
         kth =   1.00000
         kbh =   1.00000
        cHsq =   0.00000
       chdup =   0.00000
         cHw =   0.20000
          cH =   0.00000
         cHb =   0.00000
        cHwb =   0.00000
      cHq1st =   0.00000
      cHq3st =   0.00000
      cHq1rd =   0.00000
      cHq3rd =   0.00000
       cHdst =   0.00000
       cHust =   0.00000
       cHdrd =   0.00000
       cHurd =   0.00000
         cth =   0.00000
         cbh =   0.00000
 --------------

  mH       = 125.0000      GeV
  fact_scale 1.0
  ren_scale  1.0
  Kqq      =   0.25204878864002334            +-    2.1047231270989751E-004
  Kgq      =   -6.6539856126470440E-002       +-    1.1514325656791448E-004
  K_nlo    =    1.1855089325135528            +-    2.3990949116389177E-004
  Kqq2     =    3.3946233896671216E-002       +-    1.3121549085054005E-004
  Kgq2     =   -2.1626005444936813E-002       +-    8.2845871739487098E-005
  Kqqs     =    1.0557834111106538E-003       +-    2.1504055650574809E-006
  Kgg      =    6.3208193157632177E-004       +-    1.0734502367759426E-006
  K_nnlo   =    1.1995170263079742            +-    2.8573288924001422E-004
  sig_LO   = (  0.48198434057672662            +-    2.6608922204302574E-004 ) fb
  sig_NLO  = (  0.57139674108536398            +-    2.9012820684847759E-004 ) fb
  sig_NNLO = (  0.57814842293560509            +-    2.9961631457041458E-004 ) fb

  pp ---> HHW+ + X
  ===============

  PDFSET = PDF4LHC21_40                                NSET =  26
  Sqrt(S)  = 13.6 TeV
  LOOP     = 3
  alphaS(MZ) =   0.11800
          kl =   1.00000
          kv =   1.00000
         k2v =   1.00000
         kth =   1.00000
         kbh =   1.00000
        cHsq =   0.00000
       chdup =   0.00000
         cHw =   0.20000
          cH =   0.00000
         cHb =   0.00000
        cHwb =   0.00000
      cHq1st =   0.00000
      cHq3st =   0.00000
      cHq1rd =   0.00000
      cHq3rd =   0.00000
       cHdst =   0.00000
       cHust =   0.00000
       cHdrd =   0.00000
       cHurd =   0.00000
         cth =   0.00000
         cbh =   0.00000
 --------------

  mH       = 125.0000      GeV
  fact_scale 1.0
  ren_scale  1.0
  Kqq      =   0.25200649405991327            +-    2.1018653395203204E-004
  Kgq      =   -6.6363038456967297E-002       +-    1.1485536492908371E-004
  K_nlo    =    1.1856434556029458            +-    2.3952063357414891E-004
  Kqq2     =    3.3932578019524491E-002       +-    1.3102447085548479E-004
  Kgq2     =   -2.1567904354999067E-002       +-    8.2628429391145032E-005
  Kqqs     =    1.0562484900465596E-003       +-    2.1475567497080896E-006
  Kgg      =    6.2715813853468074E-004       +-    1.0633886370288966E-006
  K_nnlo   =    1.1996915358960525            +-    2.8525558015533284E-004
  sig_LO   = (  0.48361536652633891            +-    2.6659816916845398E-004 ) fb
  sig_NLO  = (  0.57339539435097375            +-    2.9067598805791967E-004 ) fb
  sig_NNLO = (  0.58018926185091590            +-    3.0017642302481351E-004 ) fb

  pp ---> HHW+ + X
  ===============

  PDFSET = PDF4LHC21_40                                NSET =  27
  Sqrt(S)  = 13.6 TeV
  LOOP     = 3
  alphaS(MZ) =   0.11800
          kl =   1.00000
          kv =   1.00000
         k2v =   1.00000
         kth =   1.00000
         kbh =   1.00000
        cHsq =   0.00000
       chdup =   0.00000
         cHw =   0.20000
          cH =   0.00000
         cHb =   0.00000
        cHwb =   0.00000
      cHq1st =   0.00000
      cHq3st =   0.00000
      cHq1rd =   0.00000
      cHq3rd =   0.00000
       cHdst =   0.00000
       cHust =   0.00000
       cHdrd =   0.00000
       cHurd =   0.00000
         cth =   0.00000
         cbh =   0.00000
 --------------

  mH       = 125.0000      GeV
  fact_scale 1.0
  ren_scale  1.0
  Kqq      =   0.25208446755368108            +-    2.1069446301070135E-004
  Kgq      =   -6.6549615071899965E-002       +-    1.1515619046208425E-004
  K_nlo    =    1.1855348524817810            +-    2.4011060981370155E-004
  Kqq2     =    3.3953852782796251E-002       +-    1.3129533055722048E-004
  Kgq2     =   -2.1628557726121579E-002       +-    8.2831282987015664E-005
  Kqqs     =    1.0569375276292434E-003       +-    2.1534874253627688E-006
  Kgg      =    6.2836076093775498E-004       +-    1.0661503136304997E-006
  K_nnlo   =    1.1995454458270229            +-    2.8593419592118558E-004
  sig_LO   = (  0.48285534871543512            +-    2.6699216065510713E-004 ) fb
  sig_NLO  = (  0.57244184460939229            +-    2.9107833002083646E-004 ) fb
  sig_NNLO = (  0.57920693454481909            +-    3.0057730832645492E-004 ) fb

  pp ---> HHW+ + X
  ===============

  PDFSET = PDF4LHC21_40                                NSET =  28
  Sqrt(S)  = 13.6 TeV
  LOOP     = 3
  alphaS(MZ) =   0.11800
          kl =   1.00000
          kv =   1.00000
         k2v =   1.00000
         kth =   1.00000
         kbh =   1.00000
        cHsq =   0.00000
       chdup =   0.00000
         cHw =   0.20000
          cH =   0.00000
         cHb =   0.00000
        cHwb =   0.00000
      cHq1st =   0.00000
      cHq3st =   0.00000
      cHq1rd =   0.00000
      cHq3rd =   0.00000
       cHdst =   0.00000
       cHust =   0.00000
       cHdrd =   0.00000
       cHurd =   0.00000
         cth =   0.00000
         cbh =   0.00000
 --------------

  mH       = 125.0000      GeV
  fact_scale 1.0
  ren_scale  1.0
  Kqq      =   0.25205153791889867            +-    2.1051071422653568E-004
  Kgq      =   -6.6258191249592382E-002       +-    1.1462351819838995E-004
  K_nlo    =    1.1857933466693062            +-    2.3969420461985059E-004
  Kqq2     =    3.3945946961542087E-002       +-    1.3119468247721732E-004
  Kgq2     =   -2.1535180795799580E-002       +-    8.2450632080677686E-005
  Kqqs     =    1.0566718891347427E-003       +-    2.1530905003202738E-006
  Kgg      =    6.2529183971836129E-004       +-    1.0599086037328821E-006
  K_nnlo   =    1.1998860765639019            +-    2.8542813872163130E-004
  sig_LO   = (  0.48349216076920692            +-    2.6702061185242482E-004 ) fb
  sig_NLO  = (  0.57332178740689210            +-    2.9108514490326035E-004 ) fb
  sig_NNLO = (  0.58013551183476697            +-    3.0057383951169947E-004 ) fb

  pp ---> HHW+ + X
  ===============

  PDFSET = PDF4LHC21_40                                NSET =  29
  Sqrt(S)  = 13.6 TeV
  LOOP     = 3
  alphaS(MZ) =   0.11800
          kl =   1.00000
          kv =   1.00000
         k2v =   1.00000
         kth =   1.00000
         kbh =   1.00000
        cHsq =   0.00000
       chdup =   0.00000
         cHw =   0.20000
          cH =   0.00000
         cHb =   0.00000
        cHwb =   0.00000
      cHq1st =   0.00000
      cHq3st =   0.00000
      cHq1rd =   0.00000
      cHq3rd =   0.00000
       cHdst =   0.00000
       cHust =   0.00000
       cHdrd =   0.00000
       cHurd =   0.00000
         cth =   0.00000
         cbh =   0.00000
 --------------

  mH       = 125.0000      GeV
  fact_scale 1.0
  ren_scale  1.0
  Kqq      =   0.25205242419231561            +-    2.1040472249389037E-004
  Kgq      =   -6.6305678336829946E-002       +-    1.1468465098816767E-004
  K_nlo    =    1.1857467458554858            +-    2.3963037457719929E-004
  Kqq2     =    3.3945871453647289E-002       +-    1.3117190059856778E-004
  Kgq2     =   -2.1550835736923745E-002       +-    8.2503376693760162E-005
  Kqqs     =    1.0572399981862866E-003       +-    2.1533255469669926E-006
  Kgg      =    6.2575870463389032E-004       +-    1.0609919907933739E-006
  K_nnlo   =    1.1998247802750295            +-    2.8537931531110946E-004
  sig_LO   = (  0.48405059316940180            +-    2.6713393576254944E-004 ) fb
  sig_NLO  = (  0.57396141568003578            +-    2.9123009437825436E-004 ) fb
  sig_NNLO = (  0.58077589659147522            +-    3.0073685191422364E-004 ) fb

  pp ---> HHW+ + X
  ===============

  PDFSET = PDF4LHC21_40                                NSET =  30
  Sqrt(S)  = 13.6 TeV
  LOOP     = 3
  alphaS(MZ) =   0.11800
          kl =   1.00000
          kv =   1.00000
         k2v =   1.00000
         kth =   1.00000
         kbh =   1.00000
        cHsq =   0.00000
       chdup =   0.00000
         cHw =   0.20000
          cH =   0.00000
         cHb =   0.00000
        cHwb =   0.00000
      cHq1st =   0.00000
      cHq3st =   0.00000
      cHq1rd =   0.00000
      cHq3rd =   0.00000
       cHdst =   0.00000
       cHust =   0.00000
       cHdrd =   0.00000
       cHurd =   0.00000
         cth =   0.00000
         cbh =   0.00000
 --------------

  mH       = 125.0000      GeV
  fact_scale 1.0
  ren_scale  1.0
  Kqq      =   0.25203273555786315            +-    2.1017876706611347E-004
  Kgq      =   -6.6423057184144180E-002       +-    1.1484098935435138E-004
  K_nlo    =    1.1856096783737189            +-    2.3950692466256134E-004
  Kqq2     =    3.3938922252770259E-002       +-    1.3102994469777171E-004
  Kgq2     =   -2.1588153706571061E-002       +-    8.2597297176315981E-005
  Kqqs     =    1.0547146777624167E-003       +-    2.1476765385513223E-006
  Kgg      =    6.2718527191965481E-004       +-    1.0613604884133840E-006
  K_nnlo   =    1.1996423468696003            +-    2.8523756041281135E-004
  sig_LO   = (  0.48371635882839925            +-    2.6657699720039651E-004 ) fb
  sig_NLO  = (  0.57349879661464487            +-    2.9066356803972038E-004 ) fb
  sig_NNLO = (  0.58028662792411856            +-    3.0016685454385184E-004 ) fb

  pp ---> HHW+ + X
  ===============

  PDFSET = PDF4LHC21_40                                NSET =  31
  Sqrt(S)  = 13.6 TeV
  LOOP     = 3
  alphaS(MZ) =   0.11800
          kl =   1.00000
          kv =   1.00000
         k2v =   1.00000
         kth =   1.00000
         kbh =   1.00000
        cHsq =   0.00000
       chdup =   0.00000
         cHw =   0.20000
          cH =   0.00000
         cHb =   0.00000
        cHwb =   0.00000
      cHq1st =   0.00000
      cHq3st =   0.00000
      cHq1rd =   0.00000
      cHq3rd =   0.00000
       cHdst =   0.00000
       cHust =   0.00000
       cHdrd =   0.00000
       cHurd =   0.00000
         cth =   0.00000
         cbh =   0.00000
 --------------

  mH       = 125.0000      GeV
  fact_scale 1.0
  ren_scale  1.0
  Kqq      =   0.25211091079621034            +-    2.1155296634604143E-004
  Kgq      =   -6.6482687378586341E-002       +-    1.1515444841327095E-004
  K_nlo    =    1.1856282234176239            +-    2.4086345625514474E-004
  Kqq2     =    3.3960654292222330E-002       +-    1.3170928659018844E-004
  Kgq2     =   -2.1608787760228999E-002       +-    8.2815608078870486E-005
  Kqqs     =    1.0560037371480518E-003       +-    2.1560292317481597E-006
  Kgg      =    6.2705505281416044E-004       +-    1.0630399018098031E-006
  K_nnlo   =    1.1996631487395797            +-    2.8675206048191611E-004
  sig_LO   = (  0.48183664113920510            +-    2.6810878460526306E-004 ) fb
  sig_NLO  = (  0.57127912081139098            +-    2.9214980780365064E-004 ) fb
  sig_NNLO = (  0.57804166208716157            +-    3.0161667691911526E-004 ) fb

  pp ---> HHW+ + X
  ===============

  PDFSET = PDF4LHC21_40                                NSET =  32
  Sqrt(S)  = 13.6 TeV
  LOOP     = 3
  alphaS(MZ) =   0.11800
          kl =   1.00000
          kv =   1.00000
         k2v =   1.00000
         kth =   1.00000
         kbh =   1.00000
        cHsq =   0.00000
       chdup =   0.00000
         cHw =   0.20000
          cH =   0.00000
         cHb =   0.00000
        cHwb =   0.00000
      cHq1st =   0.00000
      cHq3st =   0.00000
      cHq1rd =   0.00000
      cHq3rd =   0.00000
       cHdst =   0.00000
       cHust =   0.00000
       cHdrd =   0.00000
       cHurd =   0.00000
         cth =   0.00000
         cbh =   0.00000
 --------------

  mH       = 125.0000      GeV
  fact_scale 1.0
  ren_scale  1.0
  Kqq      =   0.25202910035830928            +-    2.1043300565752363E-004
  Kgq      =   -6.6453812393185679E-002       +-    1.1498527280077037E-004
  K_nlo    =    1.1855752879651236            +-    2.3979921357487175E-004
  Kqq2     =    3.3938997109410944E-002       +-    1.3117607621419093E-004
  Kgq2     =   -2.1596708514878112E-002       +-    8.2720996358122344E-005
  Kqqs     =    1.0564660965915124E-003       +-    2.1522179245794791E-006
  Kgg      =    6.2777088710908046E-004       +-    1.0651175676931697E-006
  K_nnlo   =    1.1996018135433570            +-    2.8558598627731469E-004
  sig_LO   = (  0.48335178903364301            +-    2.6684576376014084E-004 ) fb
  sig_NLO  = (  0.57304993647201896            +-    2.9093157635077469E-004 ) fb
  sig_NNLO = (  0.57982968270418433            +-    3.0043516504970469E-004 ) fb

  pp ---> HHW+ + X
  ===============

  PDFSET = PDF4LHC21_40                                NSET =  33
  Sqrt(S)  = 13.6 TeV
  LOOP     = 3
  alphaS(MZ) =   0.11800
          kl =   1.00000
          kv =   1.00000
         k2v =   1.00000
         kth =   1.00000
         kbh =   1.00000
        cHsq =   0.00000
       chdup =   0.00000
         cHw =   0.20000
          cH =   0.00000
         cHb =   0.00000
        cHwb =   0.00000
      cHq1st =   0.00000
      cHq3st =   0.00000
      cHq1rd =   0.00000
      cHq3rd =   0.00000
       cHdst =   0.00000
       cHust =   0.00000
       cHdrd =   0.00000
       cHurd =   0.00000
         cth =   0.00000
         cbh =   0.00000
 --------------

  mH       = 125.0000      GeV
  fact_scale 1.0
  ren_scale  1.0
  Kqq      =   0.25202580250069817            +-    2.1024492545076103E-004
  Kgq      =   -6.6392770664471620E-002       +-    1.1487825925473021E-004
  K_nlo    =    1.1856330318362265            +-    2.3958285232293457E-004
  Kqq2     =    3.3937390167325915E-002       +-    1.3106610651539920E-004
  Kgq2     =   -2.1578003955205902E-002       +-    8.2638513202596024E-005
  Kqqs     =    1.0556892431282717E-003       +-    2.1498761045681521E-006
  Kgg      =    6.2711361114401994E-004       +-    1.0642128955913351E-006
  K_nnlo   =    1.1996752209026189            +-    2.8532988939994846E-004
  sig_LO   = (  0.48305561085474469            +-    2.6632771740908457E-004 ) fb
  sig_NLO  = (  0.57272668844321140            +-    2.9038648746095117E-004 ) fb
  sig_NNLO = (  0.57950984666041527            +-    2.9987933940221680E-004 ) fb

  pp ---> HHW+ + X
  ===============

  PDFSET = PDF4LHC21_40                                NSET =  34
  Sqrt(S)  = 13.6 TeV
  LOOP     = 3
  alphaS(MZ) =   0.11800
          kl =   1.00000
          kv =   1.00000
         k2v =   1.00000
         kth =   1.00000
         kbh =   1.00000
        cHsq =   0.00000
       chdup =   0.00000
         cHw =   0.20000
          cH =   0.00000
         cHb =   0.00000
        cHwb =   0.00000
      cHq1st =   0.00000
      cHq3st =   0.00000
      cHq1rd =   0.00000
      cHq3rd =   0.00000
       cHdst =   0.00000
       cHust =   0.00000
       cHdrd =   0.00000
       cHurd =   0.00000
         cth =   0.00000
         cbh =   0.00000
 --------------

  mH       = 125.0000      GeV
  fact_scale 1.0
  ren_scale  1.0
  Kqq      =   0.25193471574787102            +-    2.0943998816058673E-004
  Kgq      =   -6.6450407952445528E-002       +-    1.1499351311720948E-004
  K_nlo    =    1.1854843077954256            +-    2.3893224290527334E-004
  Kqq2     =    3.3911944053136092E-002       +-    1.3055424759321276E-004
  Kgq2     =   -2.1594485400944059E-002       +-    8.2757528248932099E-005
  Kqqs     =    1.0562487462568021E-003       +-    2.1469922469259806E-006
  Kgg      =    6.2930606893865659E-004       +-    1.0684100105964293E-006
  K_nnlo   =    1.1994873212628132            +-    2.8458318260555447E-004
  sig_LO   = (  0.48459471112545738            +-    2.6572362671880613E-004 ) fb
  sig_NLO  = (  0.57447942567988697            +-    2.8985389729541491E-004 ) fb
  sig_NNLO = (  0.58126521194600156            +-    2.9937856599576181E-004 ) fb

  pp ---> HHW+ + X
  ===============

  PDFSET = PDF4LHC21_40                                NSET =  35
  Sqrt(S)  = 13.6 TeV
  LOOP     = 3
  alphaS(MZ) =   0.11800
          kl =   1.00000
          kv =   1.00000
         k2v =   1.00000
         kth =   1.00000
         kbh =   1.00000
        cHsq =   0.00000
       chdup =   0.00000
         cHw =   0.20000
          cH =   0.00000
         cHb =   0.00000
        cHwb =   0.00000
      cHq1st =   0.00000
      cHq3st =   0.00000
      cHq1rd =   0.00000
      cHq3rd =   0.00000
       cHdst =   0.00000
       cHust =   0.00000
       cHdrd =   0.00000
       cHurd =   0.00000
         cth =   0.00000
         cbh =   0.00000
 --------------

  mH       = 125.0000      GeV
  fact_scale 1.0
  ren_scale  1.0
  Kqq      =   0.25199567572768217            +-    2.1044302139992130E-004
  Kgq      =   -6.6397434107018372E-002       +-    1.1485307262570237E-004
  K_nlo    =    1.1855982416206639            +-    2.3974464237494985E-004
  Kqq2     =    3.3928319363200496E-002       +-    1.3121261504321735E-004
  Kgq2     =   -2.1579472366985417E-002       +-    8.2626145570605244E-005
  Kqqs     =    1.0552686453277305E-003       +-    2.1495233743752066E-006
  Kgg      =    6.2761066788819095E-004       +-    1.0646105529181249E-006
  K_nnlo   =    1.1996299679300950            +-    2.8552946900835540E-004
  sig_LO   = (  0.48364809764688843            +-    2.6703269200273978E-004 ) fb
  sig_NLO  = (  0.57341233413333004            +-    2.9112082410244939E-004 ) fb
  sig_NNLO = (  0.58019875186958803            +-    3.0062751753143766E-004 ) fb

  pp ---> HHW+ + X
  ===============

  PDFSET = PDF4LHC21_40                                NSET =  36
  Sqrt(S)  = 13.6 TeV
  LOOP     = 3
  alphaS(MZ) =   0.11800
          kl =   1.00000
          kv =   1.00000
         k2v =   1.00000
         kth =   1.00000
         kbh =   1.00000
        cHsq =   0.00000
       chdup =   0.00000
         cHw =   0.20000
          cH =   0.00000
         cHb =   0.00000
        cHwb =   0.00000
      cHq1st =   0.00000
      cHq3st =   0.00000
      cHq1rd =   0.00000
      cHq3rd =   0.00000
       cHdst =   0.00000
       cHust =   0.00000
       cHdrd =   0.00000
       cHurd =   0.00000
         cth =   0.00000
         cbh =   0.00000
 --------------

  mH       = 125.0000      GeV
  fact_scale 1.0
  ren_scale  1.0
  Kqq      =   0.25209873585437037            +-    2.1055156415115671E-004
  Kgq      =   -6.6642159141435800E-002       +-    1.1532663378275704E-004
  K_nlo    =    1.1854565767129346            +-    2.4006706068546932E-004
  Kqq2     =    3.3956184632327427E-002       +-    1.3123597212498094E-004
  Kgq2     =   -2.1657437505489333E-002       +-    8.2947808804163513E-005
  Kqqs     =    1.0561643955310017E-003       +-    2.1516538636159421E-006
  Kgg      =    6.3191259008099957E-004       +-    1.0731976006783484E-006
  K_nnlo   =    1.1994434008253847            +-    2.8590416988669571E-004
  sig_LO   = (  0.48240716989223525            +-    2.6652646512034448E-004 ) fb
  sig_NLO  = (  0.57187275220222422            +-    2.9059994705938778E-004 ) fb
  sig_NNLO = (  0.57862009643809176            +-    3.0009814358097388E-004 ) fb

  pp ---> HHW+ + X
  ===============

  PDFSET = PDF4LHC21_40                                NSET =  37
  Sqrt(S)  = 13.6 TeV
  LOOP     = 3
  alphaS(MZ) =   0.11800
          kl =   1.00000
          kv =   1.00000
         k2v =   1.00000
         kth =   1.00000
         kbh =   1.00000
        cHsq =   0.00000
       chdup =   0.00000
         cHw =   0.20000
          cH =   0.00000
         cHb =   0.00000
        cHwb =   0.00000
      cHq1st =   0.00000
      cHq3st =   0.00000
      cHq1rd =   0.00000
      cHq3rd =   0.00000
       cHdst =   0.00000
       cHust =   0.00000
       cHdrd =   0.00000
       cHurd =   0.00000
         cth =   0.00000
         cbh =   0.00000
 --------------

  mH       = 125.0000      GeV
  fact_scale 1.0
  ren_scale  1.0
  Kqq      =   0.25200399895634207            +-    2.1053877774882446E-004
  Kgq      =   -6.6469683353769099E-002       +-    1.1496719226875175E-004
  K_nlo    =    1.1855343156025731            +-    2.3988337215015347E-004
  Kqq2     =    3.3932207798600775E-002       +-    1.3125254234629022E-004
  Kgq2     =   -2.1603678832676162E-002       +-    8.2714595544942403E-005
  Kqqs     =    1.0561124940479945E-003       +-    2.1512062259432168E-006
  Kgg      =    6.2776955038786086E-004       +-    1.0648803303632037E-006
  K_nnlo   =    1.1995467266129336            +-    2.8568991595959717E-004
  sig_LO   = (  0.48317200186463666            +-    2.6692322504403253E-004 ) fb
  sig_NLO  = (  0.57281698854891716            +-    2.9100165062399363E-004 ) fb
  sig_NNLO = (  0.57958739322774300            +-    3.0050344956386073E-004 ) fb

  pp ---> HHW+ + X
  ===============

  PDFSET = PDF4LHC21_40                                NSET =  38
  Sqrt(S)  = 13.6 TeV
  LOOP     = 3
  alphaS(MZ) =   0.11800
          kl =   1.00000
          kv =   1.00000
         k2v =   1.00000
         kth =   1.00000
         kbh =   1.00000
        cHsq =   0.00000
       chdup =   0.00000
         cHw =   0.20000
          cH =   0.00000
         cHb =   0.00000
        cHwb =   0.00000
      cHq1st =   0.00000
      cHq3st =   0.00000
      cHq1rd =   0.00000
      cHq3rd =   0.00000
       cHdst =   0.00000
       cHust =   0.00000
       cHdrd =   0.00000
       cHurd =   0.00000
         cth =   0.00000
         cbh =   0.00000
 --------------

  mH       = 125.0000      GeV
  fact_scale 1.0
  ren_scale  1.0
  Kqq      =   0.25175919545111791            +-    2.1035477115071219E-004
  Kgq      =   -6.6088021809207476E-002       +-    1.1435193531063319E-004
  K_nlo    =    1.1856711736419103            +-    2.3942743129214692E-004
  Kqq2     =    3.3864065471392812E-002       +-    1.3119319171843265E-004
  Kgq2     =   -2.1477829042321983E-002       +-    8.2260266753873360E-005
  Kqqs     =    1.0516902868405234E-003       +-    2.1424401728895075E-006
  Kgg      =    6.2454661175517746E-004       +-    1.0592485943476736E-006
  K_nnlo   =    1.1997336469695767            +-    2.8514840338378649E-004
  sig_LO   = (  0.48561361562175354            +-    2.6807903494178537E-004 ) fb
  sig_NLO  = (  0.57577806557073608            +-    2.9220694829460846E-004 ) fb
  sig_NNLO = (  0.58260699408796868            +-    3.0172976174796699E-004 ) fb

  pp ---> HHW+ + X
  ===============

  PDFSET = PDF4LHC21_40                                NSET =  39
  Sqrt(S)  = 13.6 TeV
  LOOP     = 3
  alphaS(MZ) =   0.11800
          kl =   1.00000
          kv =   1.00000
         k2v =   1.00000
         kth =   1.00000
         kbh =   1.00000
        cHsq =   0.00000
       chdup =   0.00000
         cHw =   0.20000
          cH =   0.00000
         cHb =   0.00000
        cHwb =   0.00000
      cHq1st =   0.00000
      cHq3st =   0.00000
      cHq1rd =   0.00000
      cHq3rd =   0.00000
       cHdst =   0.00000
       cHust =   0.00000
       cHdrd =   0.00000
       cHurd =   0.00000
         cth =   0.00000
         cbh =   0.00000
 --------------

  mH       = 125.0000      GeV
  fact_scale 1.0
  ren_scale  1.0
  Kqq      =   0.25199671139281182            +-    2.1050323159524118E-004
  Kgq      =   -6.6590964524991789E-002       +-    1.1524491684125115E-004
  K_nlo    =    1.1854057468678201            +-    2.3998541907746529E-004
  Kqq2     =    3.3927212154887337E-002       +-    1.3123329196787511E-004
  Kgq2     =   -2.1640364488765051E-002       +-    8.2910772139642783E-005
  Kqqs     =    1.0549571404731427E-003       +-    2.1499710714665529E-006
  Kgg      =    6.3030135259447781E-004       +-    1.0700396335259367E-006
  K_nnlo   =    1.1993778530270101            +-    2.8582362006616849E-004
  sig_LO   = (  0.48271112954283990            +-    2.6664372530064805E-004 ) fb
  sig_NLO  = (  0.57220854703713919            +-    2.9072086867510560E-004 ) fb
  sig_NNLO = (  0.57895303818333410            +-    3.0022435619974925E-004 ) fb

  pp ---> HHW+ + X
  ===============

  PDFSET = PDF4LHC21_40                                NSET =  40
  Sqrt(S)  = 13.6 TeV
  LOOP     = 3
  alphaS(MZ) =   0.11800
          kl =   1.00000
          kv =   1.00000
         k2v =   1.00000
         kth =   1.00000
         kbh =   1.00000
        cHsq =   0.00000
       chdup =   0.00000
         cHw =   0.20000
          cH =   0.00000
         cHb =   0.00000
        cHwb =   0.00000
      cHq1st =   0.00000
      cHq3st =   0.00000
      cHq1rd =   0.00000
      cHq3rd =   0.00000
       cHdst =   0.00000
       cHust =   0.00000
       cHdrd =   0.00000
       cHurd =   0.00000
         cth =   0.00000
         cbh =   0.00000
 --------------

  mH       = 125.0000      GeV
  fact_scale 1.0
  ren_scale  1.0
  Kqq      =   0.25206242077669827            +-    2.1061290860858233E-004
  Kgq      =   -6.6421130485903701E-002       +-    1.1490602379070561E-004
  K_nlo    =    1.1856412902907947            +-    2.3991913549351843E-004
  Kqq2     =    3.3947685177219099E-002       +-    1.3127007981624826E-004
  Kgq2     =   -2.1587823499030732E-002       +-    8.2662962956134715E-005
  Kqqs     =    1.0559048079998425E-003       +-    2.1512152332977523E-006
  Kgg      =    6.2821142800094799E-004       +-    1.0654264711549573E-006
  K_nnlo   =    1.1996852682049839            +-    2.8571306189279156E-004
  sig_LO   = (  0.48273934273443903            +-    2.6679917993161270E-004 ) fb
  sig_NLO  = (  0.57235569719379042            +-    2.9085340900363477E-004 ) fb
  sig_NNLO = (  0.57913527786146313            +-    3.0034162266067864E-004 ) fb

  pp ---> HHW+ + X
  ===============

  PDFSET = PDF4LHC21_40                                NSET =  41
  Sqrt(S)  = 13.6 TeV
  LOOP     = 3
  alphaS(MZ) =   0.11700
          kl =   1.00000
          kv =   1.00000
         k2v =   1.00000
         kth =   1.00000
         kbh =   1.00000
        cHsq =   0.00000
       chdup =   0.00000
         cHw =   0.20000
          cH =   0.00000
         cHb =   0.00000
        cHwb =   0.00000
      cHq1st =   0.00000
      cHq3st =   0.00000
      cHq1rd =   0.00000
      cHq3rd =   0.00000
       cHdst =   0.00000
       cHust =   0.00000
       cHdrd =   0.00000
       cHurd =   0.00000
         cth =   0.00000
         cbh =   0.00000
 --------------

  mH       = 125.0000      GeV
  fact_scale 1.0
  ren_scale  1.0
  Kqq      =   0.25015412454472746            +-    2.0914230302361168E-004
  Kgq      =   -6.5193933146620031E-002       +-    1.1281334227159485E-004
  K_nlo    =    1.1849601913981074            +-    2.3762860330462792E-004
  Kqq2     =    3.3428021727822929E-002       +-    1.2952754784938022E-004
  Kgq2     =   -2.1055960426299446E-002       +-    8.0628557730050811E-005
  Kqqs     =    1.0386510668345835E-003       +-    2.1165979140383012E-006
  Kgg      =    6.0588019374517002E-004       +-    1.0267428143181421E-006
  K_nnlo   =    1.1989767839602106            +-    2.8240261555011545E-004
  sig_LO   = (  0.48459967006958599            +-    2.6799339380301028E-004 ) fb
  sig_NLO  = (  0.57423131779711634            +-    2.9168660219882692E-004 ) fb
  sig_NNLO = (  0.58102375392821137            +-    3.0091358840536321E-004 ) fb

  pp ---> HHW+ + X
  ===============

  PDFSET = PDF4LHC21_40                                NSET =  42
  Sqrt(S)  = 13.6 TeV
  LOOP     = 3
  alphaS(MZ) =   0.11900
          kl =   1.00000
          kv =   1.00000
         k2v =   1.00000
         kth =   1.00000
         kbh =   1.00000
        cHsq =   0.00000
       chdup =   0.00000
         cHw =   0.20000
          cH =   0.00000
         cHb =   0.00000
        cHwb =   0.00000
      cHq1st =   0.00000
      cHq3st =   0.00000
      cHq1rd =   0.00000
      cHq3rd =   0.00000
       cHdst =   0.00000
       cHust =   0.00000
       cHdrd =   0.00000
       cHurd =   0.00000
         cth =   0.00000
         cbh =   0.00000
 --------------

  mH       = 125.0000      GeV
  fact_scale 1.0
  ren_scale  1.0
  Kqq      =   0.25378677276377359            +-    2.1186887511732302E-004
  Kgq      =   -6.5737291764759551E-002       +-    1.1381588869425021E-004
  K_nlo    =    1.1880494809990141            +-    2.4050462939981379E-004
  Kqq2     =    3.4422048267030103E-002       +-    1.3298067025182888E-004
  Kgq2     =   -2.1518781575759757E-002       +-    8.2437935392937705E-005
  Kqqs     =    1.0719900135330624E-003       +-    2.1826684074666276E-006
  Kgg      =    6.1751728664943991E-004       +-    1.0506973656904695E-006
  K_nnlo   =    1.2026422549904667            +-    2.8692894002095500E-004
  sig_LO   = (  0.48519614056370486            +-    2.6786059268719330E-004 ) fb
  sig_NLO  = (  0.57643702297943422            +-    2.9217512015028538E-004 ) fb
  sig_NNLO = (  0.58351738060020553            +-    3.0187848300687066E-004 ) fb

