  pp ---> HHW+ + X
  ===============

  PDFSET = PDF4LHC21_40                                NSET =   0
  Sqrt(S)  = 13.6 TeV
  LOOP     = 3
  alphaS(MZ) =   0.11800
          kl =   1.00000
          kv =   1.00000
         k2v =   1.00000
         kth =   1.00000
         kbh =   1.00000
        cHsq =   1.20000
       chdup =   0.00000
         cHw =   0.00000
          cH =   0.00000
         cHb =   0.00000
        cHwb =   0.00000
      cHq1st =   0.00000
      cHq3st =   0.00000
      cHq1rd =   0.00000
      cHq3rd =   0.00000
       cHdst =   0.00000
       cHust =   0.00000
       cHdrd =   0.00000
       cHurd =   0.00000
         cth =   0.00000
         cbh =   0.00000
 --------------

  mH       = 125.0000      GeV
  fact_scale 0.5
  ren_scale  0.5
  Kqq      =   0.20372257922551210            +-    1.9561022947689935E-004
  Kgq      =   -2.0817354555136100E-002       +-    1.2962391602086692E-004
  K_nlo    =    1.1829052246703762            +-    2.3466086482536874E-004
  Kqq2     =    2.3796844019410089E-002       +-    1.7990764001783952E-004
  Kgq2     =   -1.6733500790971096E-002       +-    1.2570159314783554E-004
  Kqqs     =    1.3626780442949865E-003       +-    3.9206585838171384E-006
  Kgg      =    3.0752492640380972E-004       +-    1.6523260067421194E-006
  K_nnlo   =    1.1916387708695140            +-    3.2132767182775575E-004
  sig_LO   = (  0.58178598559377970            +-    3.3609343207393065E-004 ) fb
  sig_NLO  = (  0.68819768199888609            +-    3.6276323059787673E-004 ) fb
  sig_NNLO = (  0.69327873678208041            +-    3.8458657072881427E-004 ) fb

  mH       = 125.0000      GeV
  fact_scale 1.0
  ren_scale  0.5
  Kqq      =   0.27374996289471398            +-    2.4661987376046633E-004
  Kgq      =   -7.3715171427047588E-002       +-    1.3223530753558112E-004
  K_nlo    =    1.2000347914676663            +-    2.7983484181327037E-004
  Kqq2     =    4.2434552384053831E-002       +-    2.7259946678926154E-004
  Kgq2     =   -3.5177470224251287E-002       +-    1.6890573602097234E-004
  Kqqs     =    2.0285555278316126E-003       +-    3.9935921761831435E-006
  Kgg      =    1.1976187053515429E-003       +-    1.9791041330163713E-006
  K_nnlo   =    1.2105180478606521            +-    4.2563719442604301E-004
  sig_LO   = (  0.57494337264997564            +-    3.3167898418229395E-004 ) fb
  sig_NLO  = (  0.68995205030373030            +-    3.6864112532231167E-004 ) fb
  sig_NNLO = (  0.69597932909066784            +-    4.1218624149756678E-004 ) fb

  mH       = 125.0000      GeV
  fact_scale 0.5
  ren_scale  1.0
  Kqq      =   0.18724513963431755            +-    1.7989281099109326E-004
  Kgq      =   -1.9139115562815473E-002       +-    1.1907874064402884E-004
  K_nlo    =    1.1681060240715020            +-    2.1573402587363240E-004
  Kqq2     =    3.4509386659825558E-002       +-    1.3119507128795492E-004
  Kgq2     =   -1.5573067244903984E-002       +-    1.0694530461043421E-004
  Kqqs     =    1.1483972834961445E-003       +-    3.3068671696736977E-006
  Kgg      =    2.5918878270487860E-004       +-    1.3912876988999231E-006
  K_nnlo   =    1.1884499295526247            +-    2.7423253979069328E-004
  sig_LO   = (  0.58178598559377970            +-    3.3609343207393065E-004 ) fb
  sig_NLO  = (  0.67958771449247013            +-    3.5876428815460204E-004 ) fb
  sig_NNLO = (  0.69142351359363174            +-    3.7203936610304806E-004 ) fb

  mH       = 125.0000      GeV
  fact_scale 1.0
  ren_scale  1.0
  Kqq      =   0.25160351787428309            +-    2.2678248881626901E-004
  Kgq      =   -6.7713184575916921E-002       +-    1.2145354341917240E-004
  K_nlo    =    1.1838903332983661            +-    2.5725718734910785E-004
  Kqq2     =    5.5226815443012653E-002       +-    2.0173083340501642E-004
  Kgq2     =   -3.4898247602958531E-002       +-    1.3014022718318375E-004
  Kqqs     =    1.7121708102470397E-003       +-    3.3722429261132544E-006
  Kgg      =    1.0088104019295113E-003       +-    1.6658986277837238E-006
  K_nnlo   =    1.2069398823505968            +-    3.5189091429154281E-004
  sig_LO   = (  0.57494337264997564            +-    3.3167898418229395E-004 ) fb
  sig_NLO  = (  0.68066990107426639            +-    3.6316362451999643E-004 ) fb
  sig_NNLO = (  0.69392208654441700            +-    3.8851416741473541E-004 ) fb

  mH       = 125.0000      GeV
  fact_scale 1.5
  ren_scale  1.0
  Kqq      =   0.29038760966441257            +-    2.6708778795980455E-004
  Kgq      =   -9.4931223908149218E-002       +-    1.1334466466780389E-004
  K_nlo    =    1.1954563857562635            +-    2.9014289494302357E-004
  Kqq2     =    6.7150626085597145E-002       +-    2.5901804261059140E-004
  Kgq2     =   -4.8101759954244205E-002       +-    1.4475306791251409E-004
  Kqqs     =    3.0506055766089130E-003       +-    4.0671109327899106E-006
  Kgg      =    1.6838573782829947E-003       +-    1.9201471360361030E-006
  K_nnlo   =    1.2192397148425083            +-    4.1502641471379763E-004
  sig_LO   = (  0.57038462222652531            +-    3.2874344502860874E-004 ) fb
  sig_NLO  = (  0.68186993897787362            +-    3.6804918253681272E-004 ) fb
  sig_NNLO = (  0.69543558415402051            +-    4.0510594790622151E-004 ) fb

  mH       = 125.0000      GeV
  fact_scale 2.0
  ren_scale  1.0
  Kqq      =   0.31820007459917177            +-    3.0496326143846750E-004
  Kgq      =  -0.11376586954628845            +-    1.2964664124182074E-004
  K_nlo    =    1.2044342050528833            +-    3.3137719054345379E-004
  Kqq2     =    7.5529662681278739E-002       +-    3.0693349381475239E-004
  Kgq2     =   -5.8293377075907274E-002       +-    1.6294677929936136E-004
  Kqqs     =    4.4250566102845426E-003       +-    4.7645614707770209E-006
  Kgg      =    2.2536466583632517E-003       +-    2.2245822240324618E-006
  K_nnlo   =    1.2283491939269027            +-    4.8020653341444467E-004
  sig_LO   = (  0.56696279546222828            +-    3.2660469747551900E-004 ) fb
  sig_NLO  = (  0.68286938384710938            +-    3.7678770357845153E-004 ) fb
  sig_NNLO = (  0.69642829279257146            +-    4.2520080127787747E-004 ) fb

  mH       = 125.0000      GeV
  fact_scale 1.0
  ren_scale  1.5
  Kqq      =   0.24026437503195455            +-    2.1661072313577473E-004
  Kgq      =   -6.4642485827381066E-002       +-    1.1593757670722002E-004
  K_nlo    =    1.1756218892045736            +-    2.4568623703851577E-004
  Kqq2     =    6.0725887252121212E-002       +-    1.7541779742183823E-004
  Kgq2     =   -3.4611321134582998E-002       +-    1.1440536659008811E-004
  Kqqs     =    1.5606668639115916E-003       +-    3.0744977618419611E-006
  Kgg      =    9.1860076711860301E-004       +-    1.5163235566861887E-006
  K_nnlo   =    1.2042157229531421            +-    3.2285208749627655E-004
  sig_LO   = (  0.57494337264997564            +-    3.3167898418229395E-004 ) fb
  sig_NLO  = (  0.67591601394041345            +-    3.6050535906000173E-004 ) fb
  sig_NNLO = (  0.69235584915280812            +-    3.8008729549759670E-004 ) fb

  mH       = 125.0000      GeV
  fact_scale 1.5
  ren_scale  1.5
  Kqq      =   0.27730080649196659            +-    2.5507775880908402E-004
  Kgq      =   -9.0621371560006367E-002       +-    1.0821801352262478E-004
  K_nlo    =    1.1866794349319603            +-    2.7708446634527932E-004
  Kqq2     =    7.3192251553159268E-002       +-    2.1933838274016020E-004
  Kgq2     =   -4.7799358027313506E-002       +-    1.3015634523889837E-004
  Kqqs     =    2.7805719974189607E-003       +-    3.7063546991780081E-006
  Kgg      =    1.5331341036037398E-003       +-    1.7488199812664243E-006
  K_nnlo   =    1.2163860345588289            +-    3.7661996398936096E-004
  sig_LO   = (  0.57038462222652531            +-    3.2874344502860874E-004 ) fb
  sig_NLO  = (  0.67686370119765271            +-    3.6476072396294639E-004 ) fb
  sig_NNLO = (  0.69380788880345867            +-    3.9270743196071417E-004 ) fb

  mH       = 125.0000      GeV
  fact_scale 2.0
  ren_scale  1.5
  Kqq      =   0.30386074558773657            +-    2.9126560763473883E-004
  Kgq      =  -0.10859753344439325            +-    1.2376914342949197E-004
  K_nlo    =    1.1952632121433435            +-    3.1647188667574219E-004
  Kqq2     =    8.1985514570693405E-002       +-    2.5894890883603968E-004
  Kgq2     =   -5.7897228901198972E-002       +-    1.5027865694511552E-004
  Kqqs     =    4.0331116692426706E-003       +-    4.3414763021478509E-006
  Kgg      =    2.0518162765389278E-003       +-    2.0258391473490673E-006
  K_nnlo   =    1.2254364257586194            +-    4.3567834421444465E-004
  sig_LO   = (  0.56696279546222828            +-    3.2660469747551900E-004 ) fb
  sig_NLO  = (  0.67766977206995227            +-    3.7264588907192422E-004 ) fb
  sig_NNLO = (  0.69477686160934815            +-    4.0949512097251549E-004 ) fb

  mH       = 125.0000      GeV
  fact_scale 1.0
  ren_scale  2.0
  Kqq      =   0.23283067466200277            +-    2.0993914388283422E-004
  Kgq      =   -6.2630376061821189E-002       +-    1.1232364644541791E-004
  K_nlo    =    1.1702002986001816            +-    2.3809881495936221E-004
  Kqq2     =    6.3937560588808673E-002       +-    1.7231716705204704E-004
  Kgq2     =   -3.4375538356621466E-002       +-    1.0641308463868010E-004
  Kqqs     =    1.4651923469813618E-003       +-    2.8868124199263558E-006
  Kgg      =    8.6182389253993687E-004       +-    1.4222328229130216E-006
  K_nnlo   =    1.2020893370718899            +-    3.1259934862434537E-004
  sig_LO   = (  0.57494337264997564            +-    3.3167898418229395E-004 ) fb
  sig_NLO  = (  0.67279890635319695            +-    3.5881852503231673E-004 ) fb
  sig_NNLO = (  0.69113329768268572            +-    3.7724357606442140E-004 ) fb

  mH       = 125.0000      GeV
  fact_scale 1.5
  ren_scale  2.0
  Kqq      =   0.26872141196022509            +-    2.4720845132031641E-004
  Kgq      =   -8.7797603526354753E-002       +-    1.0485835442561693E-004
  K_nlo    =    1.1809238084338702            +-    2.6852801138249534E-004
  Kqq2     =    7.6718209789472067E-002       +-    2.0948646452587726E-004
  Kgq2     =   -4.7522990155111404E-002       +-    1.2409621692174966E-004
  Kqqs     =    2.6104090930880925E-003       +-    3.4790732243150401E-006
  Kgg      =    1.4382819763731978E-003       +-    1.6409692245391244E-006
  K_nnlo   =    1.2141677191376923            +-    3.6250039931202168E-004
  sig_LO   = (  0.57038462222652531            +-    3.2874344502860874E-004 ) fb
  sig_NLO  = (  0.67358078035186275            +-    3.6267277209030036E-004 ) fb
  sig_NNLO = (  0.69254259579999466            +-    3.8836049555949803E-004 ) fb

  mH       = 125.0000      GeV
  fact_scale 2.0
  ren_scale  2.0
  Kqq      =   0.29446033388104620            +-    2.8228395140225866E-004
  Kgq      =  -0.10521145985834995            +-    1.1991799991923266E-004
  K_nlo    =    1.1892488740226963            +-    3.0669945536942485E-004
  Kqq2     =    8.5741792201436351E-002       +-    2.4100684720841189E-004
  Kgq2     =   -5.7541950472300811E-002       +-    1.4507257921684102E-004
  Kqqs     =    3.7861457629235944E-003       +-    4.0749842770174578E-006
  Kgg      =    1.9248098589988477E-003       +-    1.9007466579336201E-006
  K_nnlo   =    1.2231596713737543            +-    4.1619121554951498E-004
  sig_LO   = (  0.56696279546222828            +-    3.2660469747551900E-004 ) fb
  sig_NLO  = (  0.67425986611621525            +-    3.7000997281718957E-004 ) fb
  sig_NNLO = (  0.69348602657872416            +-    4.0292689035307963E-004 ) fb

  pp ---> HHW+ + X
  ===============

  PDFSET = PDF4LHC21_40                                NSET =   1
  Sqrt(S)  = 13.6 TeV
  LOOP     = 3
  alphaS(MZ) =   0.11800
          kl =   1.00000
          kv =   1.00000
         k2v =   1.00000
         kth =   1.00000
         kbh =   1.00000
        cHsq =   1.20000
       chdup =   0.00000
         cHw =   0.00000
          cH =   0.00000
         cHb =   0.00000
        cHwb =   0.00000
      cHq1st =   0.00000
      cHq3st =   0.00000
      cHq1rd =   0.00000
      cHq3rd =   0.00000
       cHdst =   0.00000
       cHust =   0.00000
       cHdrd =   0.00000
       cHurd =   0.00000
         cth =   0.00000
         cbh =   0.00000
 --------------

  mH       = 125.0000      GeV
  fact_scale 1.0
  ren_scale  1.0
  Kqq      =   0.25170320985112743            +-    2.2735073005719061E-004
  Kgq      =   -6.7731449125209758E-002       +-    1.2155296135706794E-004
  K_nlo    =    1.1839717607259177            +-    2.5780511413121815E-004
  Kqq2     =    5.5265293337046231E-002       +-    2.0223268444975035E-004
  Kgq2     =   -3.4909460972636780E-002       +-    1.3024631743844547E-004
  Kqqs     =    1.7127221002075387E-003       +-    3.3740214746696689E-006
  Kgg      =    1.0086857603642625E-003       +-    1.6646867039119471E-006
  K_nnlo   =    1.2070490009508990            +-    3.5261848213185410E-004
  sig_LO   = (  0.57510644491970919            +-    3.3318304376099756E-004 ) fb
  sig_NLO  = (  0.68090979019641107            +-    3.6468282705408729E-004 ) fb
  sig_NNLO = (  0.69418165978075808            +-    3.9004616017940963E-004 ) fb

  pp ---> HHW+ + X
  ===============

  PDFSET = PDF4LHC21_40                                NSET =   2
  Sqrt(S)  = 13.6 TeV
  LOOP     = 3
  alphaS(MZ) =   0.11800
          kl =   1.00000
          kv =   1.00000
         k2v =   1.00000
         kth =   1.00000
         kbh =   1.00000
        cHsq =   1.20000
       chdup =   0.00000
         cHw =   0.00000
          cH =   0.00000
         cHb =   0.00000
        cHwb =   0.00000
      cHq1st =   0.00000
      cHq3st =   0.00000
      cHq1rd =   0.00000
      cHq3rd =   0.00000
       cHdst =   0.00000
       cHust =   0.00000
       cHdrd =   0.00000
       cHurd =   0.00000
         cth =   0.00000
         cbh =   0.00000
 --------------

  mH       = 125.0000      GeV
  fact_scale 1.0
  ren_scale  1.0
  Kqq      =   0.25160831763935154            +-    2.2643763351542373E-004
  Kgq      =   -6.7649535867106314E-002       +-    1.2121301269419527E-004
  K_nlo    =    1.1839587817722452            +-    2.5683963151832410E-004
  Kqq2     =    5.5231544550184898E-002       +-    2.0152332486988691E-004
  Kgq2     =   -3.4866146727910483E-002       +-    1.2983684242528736E-004
  Kqqs     =    1.7192618053436372E-003       +-    3.3828792254210475E-006
  Kgg      =    1.0065154312599632E-003       +-    1.6542359975770264E-006
  K_nnlo   =    1.2070499568311233            +-    3.5135456849832032E-004
  sig_LO   = (  0.57382325272462509            +-    3.3039217400171038E-004 ) fb
  sig_NLO  = (  0.67938307924843433            +-    3.6177343183436337E-004 ) fb
  sig_NNLO = (  0.69263333242995351            +-    3.8705008302528126E-004 ) fb

  pp ---> HHW+ + X
  ===============

  PDFSET = PDF4LHC21_40                                NSET =   3
  Sqrt(S)  = 13.6 TeV
  LOOP     = 3
  alphaS(MZ) =   0.11800
          kl =   1.00000
          kv =   1.00000
         k2v =   1.00000
         kth =   1.00000
         kbh =   1.00000
        cHsq =   1.20000
       chdup =   0.00000
         cHw =   0.00000
          cH =   0.00000
         cHb =   0.00000
        cHwb =   0.00000
      cHq1st =   0.00000
      cHq3st =   0.00000
      cHq1rd =   0.00000
      cHq3rd =   0.00000
       cHdst =   0.00000
       cHust =   0.00000
       cHdrd =   0.00000
       cHurd =   0.00000
         cth =   0.00000
         cbh =   0.00000
 --------------

  mH       = 125.0000      GeV
  fact_scale 1.0
  ren_scale  1.0
  Kqq      =   0.25151138729286532            +-    2.2509670638861076E-004
  Kgq      =   -6.7482995224194861E-002       +-    1.2110662030253926E-004
  K_nlo    =    1.1840283920686705            +-    2.5560778686906988E-004
  Kqq2     =    5.5187223668147309E-002       +-    1.9948737039474451E-004
  Kgq2     =   -3.4779039430939955E-002       +-    1.2974339605636474E-004
  Kqqs     =    1.7093566102493846E-003       +-    3.3622771738068650E-006
  Kgg      =    1.0044836058061377E-003       +-    1.6576053940793063E-006
  K_nnlo   =    1.2071504165219331            +-    3.4925342237233486E-004
  sig_LO   = (  0.57581375053100115            +-    3.2908461015325441E-004 ) fb
  sig_NLO  = (  0.68177982917225177            +-    3.6049876919923637E-004 ) fb
  sig_NNLO = (  0.69509380879255445            +-    3.8566808359443588E-004 ) fb

  pp ---> HHW+ + X
  ===============

  PDFSET = PDF4LHC21_40                                NSET =   4
  Sqrt(S)  = 13.6 TeV
  LOOP     = 3
  alphaS(MZ) =   0.11800
          kl =   1.00000
          kv =   1.00000
         k2v =   1.00000
         kth =   1.00000
         kbh =   1.00000
        cHsq =   1.20000
       chdup =   0.00000
         cHw =   0.00000
          cH =   0.00000
         cHb =   0.00000
        cHwb =   0.00000
      cHq1st =   0.00000
      cHq3st =   0.00000
      cHq1rd =   0.00000
      cHq3rd =   0.00000
       cHdst =   0.00000
       cHust =   0.00000
       cHdrd =   0.00000
       cHurd =   0.00000
         cth =   0.00000
         cbh =   0.00000
 --------------

  mH       = 125.0000      GeV
  fact_scale 1.0
  ren_scale  1.0
  Kqq      =   0.25204047046847977            +-    2.2703775545245109E-004
  Kgq      =   -6.8419038110088704E-002       +-    1.2284215402841897E-004
  K_nlo    =    1.1836214323583911            +-    2.5814015031999345E-004
  Kqq2     =    5.5400037249741768E-002       +-    2.0184199008267532E-004
  Kgq2     =   -3.5260976737969324E-002       +-    1.3165754944686374E-004
  Kqqs     =    1.7267209888930900E-003       +-    3.4025479779821003E-006
  Kgg      =    1.0242821780256123E-003       +-    1.6960001933641779E-006
  K_nnlo   =    1.2065114960370824            +-    3.5316382918344758E-004
  sig_LO   = (  0.56779984253211280            +-    3.2762386166442631E-004 ) fb
  sig_NLO  = (  0.67206006291072828            +-    3.5891604500321863E-004 ) fb
  sig_NNLO = (  0.68505703746303914            +-    3.8412005731680668E-004 ) fb

  pp ---> HHW+ + X
  ===============

  PDFSET = PDF4LHC21_40                                NSET =   5
  Sqrt(S)  = 13.6 TeV
  LOOP     = 3
  alphaS(MZ) =   0.11800
          kl =   1.00000
          kv =   1.00000
         k2v =   1.00000
         kth =   1.00000
         kbh =   1.00000
        cHsq =   1.20000
       chdup =   0.00000
         cHw =   0.00000
          cH =   0.00000
         cHb =   0.00000
        cHwb =   0.00000
      cHq1st =   0.00000
      cHq3st =   0.00000
      cHq1rd =   0.00000
      cHq3rd =   0.00000
       cHdst =   0.00000
       cHust =   0.00000
       cHdrd =   0.00000
       cHurd =   0.00000
         cth =   0.00000
         cbh =   0.00000
 --------------

  mH       = 125.0000      GeV
  fact_scale 1.0
  ren_scale  1.0
  Kqq      =   0.25164927935650572            +-    2.2675699890784383E-004
  Kgq      =   -6.7553533188489986E-002       +-    1.2114396521911818E-004
  K_nlo    =    1.1840957461680157            +-    2.5708869454470922E-004
  Kqq2     =    5.5243647046191557E-002       +-    2.0172874324783714E-004
  Kgq2     =   -3.4815017415168507E-002       +-    1.2975895339135810E-004
  Kqqs     =    1.7096572038822946E-003       +-    3.3683225084068794E-006
  Kgg      =    1.0026832518326802E-003       +-    1.6562666425415152E-006
  K_nnlo   =    1.2072367162547537            +-    3.5162559280573857E-004
  sig_LO   = (  0.57479268683406182            +-    3.3159727670589381E-004 ) fb
  sig_NLO  = (  0.68060957540869704            +-    3.6303377972994914E-004 ) fb
  sig_NNLO = (  0.69391083578079993            +-    3.8833740664359802E-004 ) fb

  pp ---> HHW+ + X
  ===============

  PDFSET = PDF4LHC21_40                                NSET =   6
  Sqrt(S)  = 13.6 TeV
  LOOP     = 3
  alphaS(MZ) =   0.11800
          kl =   1.00000
          kv =   1.00000
         k2v =   1.00000
         kth =   1.00000
         kbh =   1.00000
        cHsq =   1.20000
       chdup =   0.00000
         cHw =   0.00000
          cH =   0.00000
         cHb =   0.00000
        cHwb =   0.00000
      cHq1st =   0.00000
      cHq3st =   0.00000
      cHq1rd =   0.00000
      cHq3rd =   0.00000
       cHdst =   0.00000
       cHust =   0.00000
       cHdrd =   0.00000
       cHurd =   0.00000
         cth =   0.00000
         cbh =   0.00000
 --------------

  mH       = 125.0000      GeV
  fact_scale 1.0
  ren_scale  1.0
  Kqq      =   0.25170168899744483            +-    2.2605310021497915E-004
  Kgq      =   -6.7648052914456552E-002       +-    1.2133367719526601E-004
  K_nlo    =    1.1840536360829883            +-    2.5655772320966764E-004
  Kqq2     =    5.5266831847467626E-002       +-    2.0124446816194384E-004
  Kgq2     =   -3.4867621224275815E-002       +-    1.3002963114662578E-004
  Kqqs     =    1.7094040688788120E-003       +-    3.3599783927641910E-006
  Kgg      =    1.0133131540282247E-003       +-    1.6749614571054110E-006
  K_nnlo   =    1.2071755639290871            +-    3.5105982571510835E-004
  sig_LO   = (  0.57433034127492699            +-    3.2958619368915216E-004 ) fb
  sig_NLO  = (  0.68003792889936088            +-    3.6102458766821985E-004 ) fb
  sig_NNLO = (  0.69331755361014502            +-    3.8636695155802369E-004 ) fb

  pp ---> HHW+ + X
  ===============

  PDFSET = PDF4LHC21_40                                NSET =   7
  Sqrt(S)  = 13.6 TeV
  LOOP     = 3
  alphaS(MZ) =   0.11800
          kl =   1.00000
          kv =   1.00000
         k2v =   1.00000
         kth =   1.00000
         kbh =   1.00000
        cHsq =   1.20000
       chdup =   0.00000
         cHw =   0.00000
          cH =   0.00000
         cHb =   0.00000
        cHwb =   0.00000
      cHq1st =   0.00000
      cHq3st =   0.00000
      cHq1rd =   0.00000
      cHq3rd =   0.00000
       cHdst =   0.00000
       cHust =   0.00000
       cHdrd =   0.00000
       cHurd =   0.00000
         cth =   0.00000
         cbh =   0.00000
 --------------

  mH       = 125.0000      GeV
  fact_scale 1.0
  ren_scale  1.0
  Kqq      =   0.25166040847441612            +-    2.2638290035594845E-004
  Kgq      =   -6.7489641332458800E-002       +-    1.2116634521409007E-004
  K_nlo    =    1.1841707671419572            +-    2.5676935328444343E-004
  Kqq2     =    5.5250893271734582E-002       +-    2.0139423305742999E-004
  Kgq2     =   -3.4783070364624954E-002       +-    1.2976978334027780E-004
  Kqqs     =    1.7084105476977850E-003       +-    3.3654840451439412E-006
  Kgg      =    1.0025282937482149E-003       +-    1.6529236727011891E-006
  K_nnlo   =    1.2073495288905129            +-    3.5120420442046290E-004
  sig_LO   = (  0.57526106273624156            +-    3.3066893688313487E-004 ) fb
  sig_NLO  = (  0.68120733396727273            +-    3.6216020754870244E-004 ) fb
  sig_NNLO = (  0.69454117308365693            +-    3.8750448377654524E-004 ) fb

  pp ---> HHW+ + X
  ===============

  PDFSET = PDF4LHC21_40                                NSET =   8
  Sqrt(S)  = 13.6 TeV
  LOOP     = 3
  alphaS(MZ) =   0.11800
          kl =   1.00000
          kv =   1.00000
         k2v =   1.00000
         kth =   1.00000
         kbh =   1.00000
        cHsq =   1.20000
       chdup =   0.00000
         cHw =   0.00000
          cH =   0.00000
         cHb =   0.00000
        cHwb =   0.00000
      cHq1st =   0.00000
      cHq3st =   0.00000
      cHq1rd =   0.00000
      cHq3rd =   0.00000
       cHdst =   0.00000
       cHust =   0.00000
       cHdrd =   0.00000
       cHurd =   0.00000
         cth =   0.00000
         cbh =   0.00000
 --------------

  mH       = 125.0000      GeV
  fact_scale 1.0
  ren_scale  1.0
  Kqq      =   0.25146399563424693            +-    2.2681205450374246E-004
  Kgq      =   -6.7350062792691484E-002       +-    1.2116806609411468E-004
  K_nlo    =    1.1841139328415553            +-    2.5714861133048413E-004
  Kqq2     =    5.5169472855565047E-002       +-    2.0177111426347984E-004
  Kgq2     =   -3.4705407532987113E-002       +-    1.2992774118131286E-004
  Kqqs     =    1.7120733140353435E-003       +-    3.3739717375977589E-006
  Kgg      =    1.0098290969460045E-003       +-    1.6765768509957279E-006
  K_nnlo   =    1.2072999005751146            +-    3.5175617035671777E-004
  sig_LO   = (  0.57480035337158497            +-    3.3181852662617344E-004 ) fb
  sig_NLO  = (  0.68062910702954327            +-    3.6325069634926473E-004 ) fb
  sig_NNLO = (  0.69395640947605519            +-    3.8856679894491014E-004 ) fb

  pp ---> HHW+ + X
  ===============

  PDFSET = PDF4LHC21_40                                NSET =   9
  Sqrt(S)  = 13.6 TeV
  LOOP     = 3
  alphaS(MZ) =   0.11800
          kl =   1.00000
          kv =   1.00000
         k2v =   1.00000
         kth =   1.00000
         kbh =   1.00000
        cHsq =   1.20000
       chdup =   0.00000
         cHw =   0.00000
          cH =   0.00000
         cHb =   0.00000
        cHwb =   0.00000
      cHq1st =   0.00000
      cHq3st =   0.00000
      cHq1rd =   0.00000
      cHq3rd =   0.00000
       cHdst =   0.00000
       cHust =   0.00000
       cHdrd =   0.00000
       cHurd =   0.00000
         cth =   0.00000
         cbh =   0.00000
 --------------

  mH       = 125.0000      GeV
  fact_scale 1.0
  ren_scale  1.0
  Kqq      =   0.25168601431475335            +-    2.2618036811945054E-004
  Kgq      =   -6.7659732371239817E-002       +-    1.2133153076586077E-004
  K_nlo    =    1.1840262819435134            +-    2.5666885140319847E-004
  Kqq2     =    5.5256436630870959E-002       +-    2.0139275969656976E-004
  Kgq2     =   -3.4871855368590859E-002       +-    1.3002858511042704E-004
  Kqqs     =    1.7132928186266330E-003       +-    3.3692324114956318E-006
  Kgg      =    1.0082999759099768E-003       +-    1.6646034405157174E-006
  K_nnlo   =    1.2071324560003300            +-    3.5122570879181651E-004
  sig_LO   = (  0.57685679608464757            +-    3.3149950386573328E-004 ) fb
  sig_NLO  = (  0.68301360748195283            +-    3.6306202156464144E-004 ) fb
  sig_NNLO = (  0.69634256101814240            +-    3.8851189430264455E-004 ) fb

  pp ---> HHW+ + X
  ===============

  PDFSET = PDF4LHC21_40                                NSET =  10
  Sqrt(S)  = 13.6 TeV
  LOOP     = 3
  alphaS(MZ) =   0.11800
          kl =   1.00000
          kv =   1.00000
         k2v =   1.00000
         kth =   1.00000
         kbh =   1.00000
        cHsq =   1.20000
       chdup =   0.00000
         cHw =   0.00000
          cH =   0.00000
         cHb =   0.00000
        cHwb =   0.00000
      cHq1st =   0.00000
      cHq3st =   0.00000
      cHq1rd =   0.00000
      cHq3rd =   0.00000
       cHdst =   0.00000
       cHust =   0.00000
       cHdrd =   0.00000
       cHurd =   0.00000
         cth =   0.00000
         cbh =   0.00000
 --------------

  mH       = 125.0000      GeV
  fact_scale 1.0
  ren_scale  1.0
  Kqq      =   0.25162489592960230            +-    2.2705591345123489E-004
  Kgq      =   -6.7564528425240702E-002       +-    1.2123589908668859E-004
  K_nlo    =    1.1840603675043617            +-    2.5739567024433881E-004
  Kqq2     =    5.5235812335925193E-002       +-    2.0186984240186390E-004
  Kgq2     =   -3.4826649794260332E-002       +-    1.2991334040283813E-004
  Kqqs     =    1.7122750695362744E-003       +-    3.3746859685160374E-006
  Kgg      =    1.0038918845440162E-003       +-    1.6626662884180166E-006
  K_nnlo   =    1.2071856970001067            +-    3.5198805847795774E-004
  sig_LO   = (  0.57421214481257976            +-    3.3171883326247903E-004 ) fb
  sig_NLO  = (  0.67990184321225089            +-    3.6315580889830792E-004 ) fb
  sig_NNLO = (  0.69318068826150037            +-    3.8844328830561206E-004 ) fb

  pp ---> HHW+ + X
  ===============

  PDFSET = PDF4LHC21_40                                NSET =  11
  Sqrt(S)  = 13.6 TeV
  LOOP     = 3
  alphaS(MZ) =   0.11800
          kl =   1.00000
          kv =   1.00000
         k2v =   1.00000
         kth =   1.00000
         kbh =   1.00000
        cHsq =   1.20000
       chdup =   0.00000
         cHw =   0.00000
          cH =   0.00000
         cHb =   0.00000
        cHwb =   0.00000
      cHq1st =   0.00000
      cHq3st =   0.00000
      cHq1rd =   0.00000
      cHq3rd =   0.00000
       cHdst =   0.00000
       cHust =   0.00000
       cHdrd =   0.00000
       cHurd =   0.00000
         cth =   0.00000
         cbh =   0.00000
 --------------

  mH       = 125.0000      GeV
  fact_scale 1.0
  ren_scale  1.0
  Kqq      =   0.25141963802625900            +-    2.2651004295426325E-004
  Kgq      =   -6.7613467935196972E-002       +-    1.2128489556036409E-004
  K_nlo    =    1.1838061700910620            +-    2.5693739597464321E-004
  Kqq2     =    5.5150348347251618E-002       +-    2.0159827906624252E-004
  Kgq2     =   -3.4848104027549752E-002       +-    1.2996571792510861E-004
  Kqqs     =    1.7102832173315362E-003       +-    3.3677560690495582E-006
  Kgg      =    1.0062570651897256E-003       +-    1.6618764552732977E-006
  K_nnlo   =    1.2068249546932850            +-    3.5151654729583258E-004
  sig_LO   = (  0.57647672862321120            +-    3.3223627462421434E-004 ) fb
  sig_NLO  = (  0.68243670825806824            +-    3.6375817699603675E-004 ) fb
  sig_NNLO = (  0.69570650190244021            +-    3.8915852981916745E-004 ) fb

  pp ---> HHW+ + X
  ===============

  PDFSET = PDF4LHC21_40                                NSET =  12
  Sqrt(S)  = 13.6 TeV
  LOOP     = 3
  alphaS(MZ) =   0.11800
          kl =   1.00000
          kv =   1.00000
         k2v =   1.00000
         kth =   1.00000
         kbh =   1.00000
        cHsq =   1.20000
       chdup =   0.00000
         cHw =   0.00000
          cH =   0.00000
         cHb =   0.00000
        cHwb =   0.00000
      cHq1st =   0.00000
      cHq3st =   0.00000
      cHq1rd =   0.00000
      cHq3rd =   0.00000
       cHdst =   0.00000
       cHust =   0.00000
       cHdrd =   0.00000
       cHurd =   0.00000
         cth =   0.00000
         cbh =   0.00000
 --------------

  mH       = 125.0000      GeV
  fact_scale 1.0
  ren_scale  1.0
  Kqq      =   0.25143833340546823            +-    2.2632094729796353E-004
  Kgq      =   -6.7638632674138416E-002       +-    1.2128214769508906E-004
  K_nlo    =    1.1837997007313297            +-    2.5676941121438314E-004
  Kqq2     =    5.5161801979304884E-002       +-    2.0146400196151596E-004
  Kgq2     =   -3.4860113190602296E-002       +-    1.2997872737566076E-004
  Kqqs     =    1.7108025496786856E-003       +-    3.3651527179394445E-006
  Kgg      =    1.0076455735800408E-003       +-    1.6637665284578924E-006
  K_nnlo   =    1.2068198376432910            +-    3.5132155721475912E-004
  sig_LO   = (  0.57807163205080414            +-    3.3243148490801777E-004 ) fb
  sig_NLO  = (  0.68432102502301340            +-    3.6406385064469918E-004 ) fb
  sig_NNLO = (  0.69762831313774387            +-    3.8955852528342773E-004 ) fb

  pp ---> HHW+ + X
  ===============

  PDFSET = PDF4LHC21_40                                NSET =  13
  Sqrt(S)  = 13.6 TeV
  LOOP     = 3
  alphaS(MZ) =   0.11800
          kl =   1.00000
          kv =   1.00000
         k2v =   1.00000
         kth =   1.00000
         kbh =   1.00000
        cHsq =   1.20000
       chdup =   0.00000
         cHw =   0.00000
          cH =   0.00000
         cHb =   0.00000
        cHwb =   0.00000
      cHq1st =   0.00000
      cHq3st =   0.00000
      cHq1rd =   0.00000
      cHq3rd =   0.00000
       cHdst =   0.00000
       cHust =   0.00000
       cHdrd =   0.00000
       cHurd =   0.00000
         cth =   0.00000
         cbh =   0.00000
 --------------

  mH       = 125.0000      GeV
  fact_scale 1.0
  ren_scale  1.0
  Kqq      =   0.25166513799293944            +-    2.2683686153741612E-004
  Kgq      =   -6.7686161666828129E-002       +-    1.2139287793911350E-004
  K_nlo    =    1.1839789763261113            +-    2.5727649050483686E-004
  Kqq2     =    5.5246547830947054E-002       +-    2.0178332974532195E-004
  Kgq2     =   -3.4884677456732995E-002       +-    1.3005989711828181E-004
  Kqqs     =    1.7095862813659548E-003       +-    3.3677086457415942E-006
  Kgg      =    1.0052516578205870E-003       +-    1.6594668213612360E-006
  K_nnlo   =    1.2070556846395115            +-    3.5190535213273835E-004
  sig_LO   = (  0.57449972431597285            +-    3.3159976148087989E-004 ) fb
  sig_NLO  = (  0.68019559549525865            +-    3.6304930863694434E-004 ) fb
  sig_NNLO = (  0.69345315805942742            +-    3.8836956597964548E-004 ) fb

  pp ---> HHW+ + X
  ===============

  PDFSET = PDF4LHC21_40                                NSET =  14
  Sqrt(S)  = 13.6 TeV
  LOOP     = 3
  alphaS(MZ) =   0.11800
          kl =   1.00000
          kv =   1.00000
         k2v =   1.00000
         kth =   1.00000
         kbh =   1.00000
        cHsq =   1.20000
       chdup =   0.00000
         cHw =   0.00000
          cH =   0.00000
         cHb =   0.00000
        cHwb =   0.00000
      cHq1st =   0.00000
      cHq3st =   0.00000
      cHq1rd =   0.00000
      cHq3rd =   0.00000
       cHdst =   0.00000
       cHust =   0.00000
       cHdrd =   0.00000
       cHurd =   0.00000
         cth =   0.00000
         cbh =   0.00000
 --------------

  mH       = 125.0000      GeV
  fact_scale 1.0
  ren_scale  1.0
  Kqq      =   0.25162591150576324            +-    2.2605768258256791E-004
  Kgq      =   -6.7524021568215492E-002       +-    1.2113149008813750E-004
  K_nlo    =    1.1841018899375477            +-    2.5646620390525841E-004
  Kqq2     =    5.5238373022451999E-002       +-    2.0117922592630634E-004
  Kgq2     =   -3.4801383432035628E-002       +-    1.2978153675853167E-004
  Kqqs     =    1.7103324710334761E-003       +-    3.3640524699217615E-006
  Kgg      =    1.0035121930060758E-003       +-    1.6553733529896027E-006
  K_nnlo   =    1.2072527241920037            +-    3.5086364742339108E-004
  sig_LO   = (  0.57623424659324296            +-    3.3060021609592600E-004 ) fb
  sig_NLO  = (  0.68232006043779792            +-    3.6212814551160605E-004 ) fb
  sig_NNLO = (  0.69566036397241926            +-    3.8752175883005141E-004 ) fb

  pp ---> HHW+ + X
  ===============

  PDFSET = PDF4LHC21_40                                NSET =  15
  Sqrt(S)  = 13.6 TeV
  LOOP     = 3
  alphaS(MZ) =   0.11800
          kl =   1.00000
          kv =   1.00000
         k2v =   1.00000
         kth =   1.00000
         kbh =   1.00000
        cHsq =   1.20000
       chdup =   0.00000
         cHw =   0.00000
          cH =   0.00000
         cHb =   0.00000
        cHwb =   0.00000
      cHq1st =   0.00000
      cHq3st =   0.00000
      cHq1rd =   0.00000
      cHq3rd =   0.00000
       cHdst =   0.00000
       cHust =   0.00000
       cHdrd =   0.00000
       cHurd =   0.00000
         cth =   0.00000
         cbh =   0.00000
 --------------

  mH       = 125.0000      GeV
  fact_scale 1.0
  ren_scale  1.0
  Kqq      =   0.25165292950603430            +-    2.2646071277827547E-004
  Kgq      =   -6.7531357782484175E-002       +-    1.2102007941523667E-004
  K_nlo    =    1.1841215717235503            +-    2.5676898966525290E-004
  Kqq2     =    5.5245654461108719E-002       +-    2.0155845619408398E-004
  Kgq2     =   -3.4814021419526116E-002       +-    1.2964797368133197E-004
  Kqqs     =    1.7089486068406828E-003       +-    3.3645495305741287E-006
  Kgg      =    1.0003967591188524E-003       +-    1.6488164706152068E-006
  K_nnlo   =    1.2072625501310923            +-    3.5125312978823413E-004
  sig_LO   = (  0.57529801092507238            +-    3.3122077002132607E-004 ) fb
  sig_NLO  = (  0.68122278490602872            +-    3.6266790536218973E-004 ) fb
  sig_NNLO = (  0.69453574375474769            +-    3.8799690181694864E-004 ) fb

  pp ---> HHW+ + X
  ===============

  PDFSET = PDF4LHC21_40                                NSET =  16
  Sqrt(S)  = 13.6 TeV
  LOOP     = 3
  alphaS(MZ) =   0.11800
          kl =   1.00000
          kv =   1.00000
         k2v =   1.00000
         kth =   1.00000
         kbh =   1.00000
        cHsq =   1.20000
       chdup =   0.00000
         cHw =   0.00000
          cH =   0.00000
         cHb =   0.00000
        cHwb =   0.00000
      cHq1st =   0.00000
      cHq3st =   0.00000
      cHq1rd =   0.00000
      cHq3rd =   0.00000
       cHdst =   0.00000
       cHust =   0.00000
       cHdrd =   0.00000
       cHurd =   0.00000
         cth =   0.00000
         cbh =   0.00000
 --------------

  mH       = 125.0000      GeV
  fact_scale 1.0
  ren_scale  1.0
  Kqq      =   0.25142897008108145            +-    2.2679242797706724E-004
  Kgq      =   -6.7719367855594945E-002       +-    1.2151123999334555E-004
  K_nlo    =    1.1837096022254865            +-    2.5729319235544040E-004
  Kqq2     =    5.5155656741451377E-002       +-    2.0172375505121500E-004
  Kgq2     =   -3.4900318918413026E-002       +-    1.3021794749796005E-004
  Kqqs     =    1.7054514627891492E-003       +-    3.3592697935497000E-006
  Kgg      =    1.0088989332938390E-003       +-    1.6688584338613672E-006
  K_nnlo   =    1.2066792904446080            +-    3.5194181879540239E-004
  sig_LO   = (  0.57654492961714476            +-    3.3275105285505394E-004 ) fb
  sig_NLO  = (  0.68246176930223157            +-    3.6431900968354796E-004 ) fb
  sig_NNLO = (  0.69570482657985266            +-    3.8973817020274582E-004 ) fb

  pp ---> HHW+ + X
  ===============

  PDFSET = PDF4LHC21_40                                NSET =  17
  Sqrt(S)  = 13.6 TeV
  LOOP     = 3
  alphaS(MZ) =   0.11800
          kl =   1.00000
          kv =   1.00000
         k2v =   1.00000
         kth =   1.00000
         kbh =   1.00000
        cHsq =   1.20000
       chdup =   0.00000
         cHw =   0.00000
          cH =   0.00000
         cHb =   0.00000
        cHwb =   0.00000
      cHq1st =   0.00000
      cHq3st =   0.00000
      cHq1rd =   0.00000
      cHq3rd =   0.00000
       cHdst =   0.00000
       cHust =   0.00000
       cHdrd =   0.00000
       cHurd =   0.00000
         cth =   0.00000
         cbh =   0.00000
 --------------

  mH       = 125.0000      GeV
  fact_scale 1.0
  ren_scale  1.0
  Kqq      =   0.25190343688751898            +-    2.2656925976164639E-004
  Kgq      =   -6.7321539063450911E-002       +-    1.2073313538778684E-004
  K_nlo    =    1.1845818978240681            +-    2.5672966219256015E-004
  Kqq2     =    5.5339074349861704E-002       +-    2.0156557806584889E-004
  Kgq2     =   -3.4696190170771773E-002       +-    1.2935547555068463E-004
  Kqqs     =    1.7043655427573705E-003       +-    3.3551620518453539E-006
  Kgg      =    1.0022631723639701E-003       +-    1.6536259222043024E-006
  K_nnlo   =    1.2079314107182793            +-    3.5112053821523221E-004
  sig_LO   = (  0.57769000902183476            +-    3.3266147652963237E-004 ) fb
  sig_NLO  = (  0.68432112724108796            +-    3.6422460348475134E-004 ) fb
  sig_NNLO = (  0.69780990755560035            +-    3.8962449571440728E-004 ) fb

  pp ---> HHW+ + X
  ===============

  PDFSET = PDF4LHC21_40                                NSET =  18
  Sqrt(S)  = 13.6 TeV
  LOOP     = 3
  alphaS(MZ) =   0.11800
          kl =   1.00000
          kv =   1.00000
         k2v =   1.00000
         kth =   1.00000
         kbh =   1.00000
        cHsq =   1.20000
       chdup =   0.00000
         cHw =   0.00000
          cH =   0.00000
         cHb =   0.00000
        cHwb =   0.00000
      cHq1st =   0.00000
      cHq3st =   0.00000
      cHq1rd =   0.00000
      cHq3rd =   0.00000
       cHdst =   0.00000
       cHust =   0.00000
       cHdrd =   0.00000
       cHurd =   0.00000
         cth =   0.00000
         cbh =   0.00000
 --------------

  mH       = 125.0000      GeV
  fact_scale 1.0
  ren_scale  1.0
  Kqq      =   0.25154155773207126            +-    2.2633864602020760E-004
  Kgq      =   -6.7378109745044365E-002       +-    1.2076799286947173E-004
  K_nlo    =    1.1841634479870269            +-    2.5654257109489957E-004
  Kqq2     =    5.5197203453927715E-002       +-    2.0151990438557735E-004
  Kgq2     =   -3.4725962577303579E-002       +-    1.2937471787345092E-004
  Kqqs     =    1.7088403882314432E-003       +-    3.3639794424862647E-006
  Kgg      =    9.9776515202950385E-004       +-    1.6440486825501640E-006
  K_nnlo   =    1.2073412944039119            +-    3.5096466991158659E-004
  sig_LO   = (  0.57854382086929124            +-    3.3302585010737781E-004 ) fb
  sig_NLO  = (  0.68509044573216882            +-    3.6460258569170743E-004 ) fb
  sig_NNLO = (  0.69849984555771505            +-    3.9004472343735162E-004 ) fb

  pp ---> HHW+ + X
  ===============

  PDFSET = PDF4LHC21_40                                NSET =  19
  Sqrt(S)  = 13.6 TeV
  LOOP     = 3
  alphaS(MZ) =   0.11800
          kl =   1.00000
          kv =   1.00000
         k2v =   1.00000
         kth =   1.00000
         kbh =   1.00000
        cHsq =   1.20000
       chdup =   0.00000
         cHw =   0.00000
          cH =   0.00000
         cHb =   0.00000
        cHwb =   0.00000
      cHq1st =   0.00000
      cHq3st =   0.00000
      cHq1rd =   0.00000
      cHq3rd =   0.00000
       cHdst =   0.00000
       cHust =   0.00000
       cHdrd =   0.00000
       cHurd =   0.00000
         cth =   0.00000
         cbh =   0.00000
 --------------

  mH       = 125.0000      GeV
  fact_scale 1.0
  ren_scale  1.0
  Kqq      =   0.25188852692345420            +-    2.2657721405087503E-004
  Kgq      =   -6.8148825113634903E-002       +-    1.2226463469722955E-004
  K_nlo    =    1.1837397018098195            +-    2.5746043351300223E-004
  Kqq2     =    5.5339125183701487E-002       +-    2.0163734259194299E-004
  Kgq2     =   -3.5121919885321998E-002       +-    1.3101959657107584E-004
  Kqqs     =    1.7190615194097663E-003       +-    3.3857459647572580E-006
  Kgg      =    1.0165734001515989E-003       +-    1.6810995810044623E-006
  K_nnlo   =    1.2066925420277601            +-    3.5231224334307515E-004
  sig_LO   = (  0.57150435127218946            +-    3.2902674897552597E-004 ) fb
  sig_NLO  = (  0.67651239035795574            +-    3.6042850877177361E-004 ) fb
  sig_NNLO = (  0.68963003841656423            +-    3.8574552573232193E-004 ) fb

  pp ---> HHW+ + X
  ===============

  PDFSET = PDF4LHC21_40                                NSET =  20
  Sqrt(S)  = 13.6 TeV
  LOOP     = 3
  alphaS(MZ) =   0.11800
          kl =   1.00000
          kv =   1.00000
         k2v =   1.00000
         kth =   1.00000
         kbh =   1.00000
        cHsq =   1.20000
       chdup =   0.00000
         cHw =   0.00000
          cH =   0.00000
         cHb =   0.00000
        cHwb =   0.00000
      cHq1st =   0.00000
      cHq3st =   0.00000
      cHq1rd =   0.00000
      cHq3rd =   0.00000
       cHdst =   0.00000
       cHust =   0.00000
       cHdrd =   0.00000
       cHurd =   0.00000
         cth =   0.00000
         cbh =   0.00000
 --------------

  mH       = 125.0000      GeV
  fact_scale 1.0
  ren_scale  1.0
  Kqq      =   0.25153787643652453            +-    2.2658457807635412E-004
  Kgq      =   -6.7587275456190921E-002       +-    1.2122173800363159E-004
  K_nlo    =    1.1839506009803338            +-    2.5697330753730147E-004
  Kqq2     =    5.5200323723442614E-002       +-    2.0164970257358745E-004
  Kgq2     =   -3.4834226662491335E-002       +-    1.2988668906252545E-004
  Kqqs     =    1.7099347178896442E-003       +-    3.3671954180045073E-006
  Kgg      =    1.0080557026738994E-003       +-    1.6643233975486713E-006
  K_nnlo   =    1.2070346884618488            +-    3.5154308883500555E-004
  sig_LO   = (  0.57672321822348993            +-    3.3245204689560394E-004 ) fb
  sig_NLO  = (  0.68281180081501291            +-    3.6398947301372975E-004 ) fb
  sig_NNLO = (  0.69612493003710474            +-    3.8939583008364858E-004 ) fb

  pp ---> HHW+ + X
  ===============

  PDFSET = PDF4LHC21_40                                NSET =  21
  Sqrt(S)  = 13.6 TeV
  LOOP     = 3
  alphaS(MZ) =   0.11800
          kl =   1.00000
          kv =   1.00000
         k2v =   1.00000
         kth =   1.00000
         kbh =   1.00000
        cHsq =   1.20000
       chdup =   0.00000
         cHw =   0.00000
          cH =   0.00000
         cHb =   0.00000
        cHwb =   0.00000
      cHq1st =   0.00000
      cHq3st =   0.00000
      cHq1rd =   0.00000
      cHq3rd =   0.00000
       cHdst =   0.00000
       cHust =   0.00000
       cHdrd =   0.00000
       cHurd =   0.00000
         cth =   0.00000
         cbh =   0.00000
 --------------

  mH       = 125.0000      GeV
  fact_scale 1.0
  ren_scale  1.0
  Kqq      =   0.25190137175659694            +-    2.2701187134023117E-004
  Kgq      =   -6.8251782175430334E-002       +-    1.2244270267115339E-004
  K_nlo    =    1.1836495895811667            +-    2.5792751921190987E-004
  Kqq2     =    5.5355619479954946E-002       +-    2.0175248102848181E-004
  Kgq2     =   -3.5174351452441167E-002       +-    1.3119522576678425E-004
  Kqqs     =    1.7254859932671204E-003       +-    3.3977648520163870E-006
  Kgg      =    1.0172055439046830E-003       +-    1.6800929362675540E-006
  K_nnlo   =    1.2065735491458522            +-    3.5278495369023272E-004
  sig_LO   = (  0.57015424114145119            +-    3.2887520430510480E-004 ) fb
  sig_NLO  = (  0.67486283352504017            +-    3.6025698231562591E-004 ) fb
  sig_NNLO = (  0.68793302629460085            +-    3.8550867541818374E-004 ) fb

  pp ---> HHW+ + X
  ===============

  PDFSET = PDF4LHC21_40                                NSET =  22
  Sqrt(S)  = 13.6 TeV
  LOOP     = 3
  alphaS(MZ) =   0.11800
          kl =   1.00000
          kv =   1.00000
         k2v =   1.00000
         kth =   1.00000
         kbh =   1.00000
        cHsq =   1.20000
       chdup =   0.00000
         cHw =   0.00000
          cH =   0.00000
         cHb =   0.00000
        cHwb =   0.00000
      cHq1st =   0.00000
      cHq3st =   0.00000
      cHq1rd =   0.00000
      cHq3rd =   0.00000
       cHdst =   0.00000
       cHust =   0.00000
       cHdrd =   0.00000
       cHurd =   0.00000
         cth =   0.00000
         cbh =   0.00000
 --------------

  mH       = 125.0000      GeV
  fact_scale 1.0
  ren_scale  1.0
  Kqq      =   0.25163487417342167            +-    2.2669552399323786E-004
  Kgq      =   -6.7875924438560262E-002       +-    1.2186704936859664E-004
  K_nlo    =    1.1837589497348615            +-    2.5737606400047508E-004
  Kqq2     =    5.5237949454279837E-002       +-    2.0167892059948984E-004
  Kgq2     =   -3.4981584338442950E-002       +-    1.3062855907659867E-004
  Kqqs     =    1.7125302680062800E-003       +-    3.3727726751700887E-006
  Kgg      =    1.0154455906126656E-003       +-    1.6829153291325609E-006
  K_nnlo   =    1.2067432907093174            +-    3.5212902973271571E-004
  sig_LO   = (  0.57353123682742480            +-    3.3065145745488073E-004 ) fb
  sig_NLO  = (  0.67892273454696839            +-    3.6210502173716880E-004 ) fb
  sig_NNLO = (  0.69210497205371124            +-    3.8744937131988418E-004 ) fb

  pp ---> HHW+ + X
  ===============

  PDFSET = PDF4LHC21_40                                NSET =  23
  Sqrt(S)  = 13.6 TeV
  LOOP     = 3
  alphaS(MZ) =   0.11800
          kl =   1.00000
          kv =   1.00000
         k2v =   1.00000
         kth =   1.00000
         kbh =   1.00000
        cHsq =   1.20000
       chdup =   0.00000
         cHw =   0.00000
          cH =   0.00000
         cHb =   0.00000
        cHwb =   0.00000
      cHq1st =   0.00000
      cHq3st =   0.00000
      cHq1rd =   0.00000
      cHq3rd =   0.00000
       cHdst =   0.00000
       cHust =   0.00000
       cHdrd =   0.00000
       cHurd =   0.00000
         cth =   0.00000
         cbh =   0.00000
 --------------

  mH       = 125.0000      GeV
  fact_scale 1.0
  ren_scale  1.0
  Kqq      =   0.25163829125387704            +-    2.2673728937400839E-004
  Kgq      =   -6.7726670861147031E-002       +-    1.2148582422316078E-004
  K_nlo    =    1.1839116203927300            +-    2.5723258712661879E-004
  Kqq2     =    5.5240552283637480E-002       +-    2.0169104787170659E-004
  Kgq2     =   -3.4904563771790229E-002       +-    1.3018166110067842E-004
  Kqqs     =    1.7132492682883920E-003       +-    3.3741370634107901E-006
  Kgg      =    1.0096614304184041E-003       +-    1.6673199232391355E-006
  K_nnlo   =    1.2069705196032841            +-    3.5186547474144373E-004
  sig_LO   = (  0.57468991956648974            +-    3.3137853229929016E-004 ) fb
  sig_NLO  = (  0.68038207389733052            +-    3.6285691044946224E-004 ) fb
  sig_NNLO = (  0.69363379082993559            +-    3.8820361665653643E-004 ) fb

  pp ---> HHW+ + X
  ===============

  PDFSET = PDF4LHC21_40                                NSET =  24
  Sqrt(S)  = 13.6 TeV
  LOOP     = 3
  alphaS(MZ) =   0.11800
          kl =   1.00000
          kv =   1.00000
         k2v =   1.00000
         kth =   1.00000
         kbh =   1.00000
        cHsq =   1.20000
       chdup =   0.00000
         cHw =   0.00000
          cH =   0.00000
         cHb =   0.00000
        cHwb =   0.00000
      cHq1st =   0.00000
      cHq3st =   0.00000
      cHq1rd =   0.00000
      cHq3rd =   0.00000
       cHdst =   0.00000
       cHust =   0.00000
       cHdrd =   0.00000
       cHurd =   0.00000
         cth =   0.00000
         cbh =   0.00000
 --------------

  mH       = 125.0000      GeV
  fact_scale 1.0
  ren_scale  1.0
  Kqq      =   0.25149351882202009            +-    2.2718927050822233E-004
  Kgq      =   -6.7574617160495787E-002       +-    1.2118442254690003E-004
  K_nlo    =    1.1839189016615241            +-    2.5748908501543096E-004
  Kqq2     =    5.5180794683332916E-002       +-    2.0219820496522443E-004
  Kgq2     =   -3.4827011604806987E-002       +-    1.2984980136627802E-004
  Kqqs     =    1.7098169411850811E-003       +-    3.3693829857996667E-006
  Kgg      =    1.0080430641222335E-003       +-    1.6652485840762421E-006
  K_nnlo   =    1.2069905447453573            +-    3.5222129365309018E-004
  sig_LO   = (  0.57608476048568635            +-    3.3376234568157872E-004 ) fb
  sig_NLO  = (  0.68203763689815611            +-    3.6524065380197455E-004 ) fb
  sig_NNLO = (  0.69532885887811746            +-    3.9060145336672548E-004 ) fb

  pp ---> HHW+ + X
  ===============

  PDFSET = PDF4LHC21_40                                NSET =  25
  Sqrt(S)  = 13.6 TeV
  LOOP     = 3
  alphaS(MZ) =   0.11800
          kl =   1.00000
          kv =   1.00000
         k2v =   1.00000
         kth =   1.00000
         kbh =   1.00000
        cHsq =   1.20000
       chdup =   0.00000
         cHw =   0.00000
          cH =   0.00000
         cHb =   0.00000
        cHwb =   0.00000
      cHq1st =   0.00000
      cHq3st =   0.00000
      cHq1rd =   0.00000
      cHq3rd =   0.00000
       cHdst =   0.00000
       cHust =   0.00000
       cHdrd =   0.00000
       cHurd =   0.00000
         cth =   0.00000
         cbh =   0.00000
 --------------

  mH       = 125.0000      GeV
  fact_scale 1.0
  ren_scale  1.0
  Kqq      =   0.25159927963739792            +-    2.2669988371403616E-004
  Kgq      =   -6.7780547783517636E-002       +-    1.2159813770119959E-004
  K_nlo    =    1.1838187318538802            +-    2.5725268583312675E-004
  Kqq2     =    5.5226663846825723E-002       +-    2.0174006414974425E-004
  Kgq2     =   -3.4934302319347771E-002       +-    1.3031900447807351E-004
  Kqqs     =    1.7112597438592508E-003       +-    3.3698232762293393E-006
  Kgg      =    1.0151824595596337E-003       +-    1.6781766410659324E-006
  K_nnlo   =    1.2068375355847771            +-    3.5195910666639685E-004
  sig_LO   = (  0.57382051567401704            +-    3.3095284660874234E-004 ) fb
  sig_NLO  = (  0.67929947517695444            +-    3.6238174160065935E-004 ) fb
  sig_NNLO = (  0.69250813700401670            +-    3.8770888051411356E-004 ) fb

  pp ---> HHW+ + X
  ===============

  PDFSET = PDF4LHC21_40                                NSET =  26
  Sqrt(S)  = 13.6 TeV
  LOOP     = 3
  alphaS(MZ) =   0.11800
          kl =   1.00000
          kv =   1.00000
         k2v =   1.00000
         kth =   1.00000
         kbh =   1.00000
        cHsq =   1.20000
       chdup =   0.00000
         cHw =   0.00000
          cH =   0.00000
         cHb =   0.00000
        cHwb =   0.00000
      cHq1st =   0.00000
      cHq3st =   0.00000
      cHq1rd =   0.00000
      cHq3rd =   0.00000
       cHdst =   0.00000
       cHust =   0.00000
       cHdrd =   0.00000
       cHurd =   0.00000
         cth =   0.00000
         cbh =   0.00000
 --------------

  mH       = 125.0000      GeV
  fact_scale 1.0
  ren_scale  1.0
  Kqq      =   0.25155816582725360            +-    2.2637967768300354E-004
  Kgq      =   -6.7604993777774833E-002       +-    1.2130093178096675E-004
  K_nlo    =    1.1839531720494789            +-    2.5683004987499285E-004
  Kqq2     =    5.5207019867163927E-002       +-    2.0156691527738394E-004
  Kgq2     =   -3.4842047369899397E-002       +-    1.2998306412476872E-004
  Kqqs     =    1.7120765723779329E-003       +-    3.3655137125386608E-006
  Kgg      =    1.0072977375376005E-003       +-    1.6624628068905956E-006
  K_nnlo   =    1.2070375188566589            +-    3.5142649768853335E-004
  sig_LO   = (  0.57573522818760847            +-    3.3157403480515432E-004 ) fb
  sig_NLO  = (  0.68164354967334961            +-    3.6305058361857688E-004 ) fb
  sig_NNLO = (  0.69493402134994342            +-    3.8843044285841551E-004 ) fb

  pp ---> HHW+ + X
  ===============

  PDFSET = PDF4LHC21_40                                NSET =  27
  Sqrt(S)  = 13.6 TeV
  LOOP     = 3
  alphaS(MZ) =   0.11800
          kl =   1.00000
          kv =   1.00000
         k2v =   1.00000
         kth =   1.00000
         kbh =   1.00000
        cHsq =   1.20000
       chdup =   0.00000
         cHw =   0.00000
          cH =   0.00000
         cHb =   0.00000
        cHwb =   0.00000
      cHq1st =   0.00000
      cHq3st =   0.00000
      cHq1rd =   0.00000
      cHq3rd =   0.00000
       cHdst =   0.00000
       cHust =   0.00000
       cHdrd =   0.00000
       cHurd =   0.00000
         cth =   0.00000
         cbh =   0.00000
 --------------

  mH       = 125.0000      GeV
  fact_scale 1.0
  ren_scale  1.0
  Kqq      =   0.25162596959721484            +-    2.2693633548702738E-004
  Kgq      =   -6.7786096905409612E-002       +-    1.2160148894753329E-004
  K_nlo    =    1.1838398726918051            +-    2.5746266229987154E-004
  Kqq2     =    5.5235057588189314E-002       +-    2.0183476475370141E-004
  Kgq2     =   -3.4935073638767418E-002       +-    1.3028719589565778E-004
  Kqqs     =    1.7129827400827523E-003       +-    3.3744008604620997E-006
  Kgg      =    1.0090888085758100E-003       +-    1.6668282269320462E-006
  K_nnlo   =    1.2068619281898856            +-    3.5215509800878700E-004
  sig_LO   = (  0.57491068477287977            +-    3.3201024223449796E-004 ) fb
  sig_NLO  = (  0.68060219187068449            +-    3.6351085235220156E-004 ) fb
  sig_NNLO = (  0.69383781756196516            +-    3.8887007186873555E-004 ) fb

  pp ---> HHW+ + X
  ===============

  PDFSET = PDF4LHC21_40                                NSET =  28
  Sqrt(S)  = 13.6 TeV
  LOOP     = 3
  alphaS(MZ) =   0.11800
          kl =   1.00000
          kv =   1.00000
         k2v =   1.00000
         kth =   1.00000
         kbh =   1.00000
        cHsq =   1.20000
       chdup =   0.00000
         cHw =   0.00000
          cH =   0.00000
         cHb =   0.00000
        cHwb =   0.00000
      cHq1st =   0.00000
      cHq3st =   0.00000
      cHq1rd =   0.00000
      cHq3rd =   0.00000
       cHdst =   0.00000
       cHust =   0.00000
       cHdrd =   0.00000
       cHurd =   0.00000
         cth =   0.00000
         cbh =   0.00000
 --------------

  mH       = 125.0000      GeV
  fact_scale 1.0
  ren_scale  1.0
  Kqq      =   0.25159661480117185            +-    2.2676635270971719E-004
  Kgq      =   -6.7495044638706064E-002       +-    1.2104863093165476E-004
  K_nlo    =    1.1841015701624658            +-    2.5705203708917740E-004
  Kqq2     =    5.5225226468585749E-002       +-    2.0171616478266592E-004
  Kgq2     =   -3.4786015227557886E-002       +-    1.2968864187017955E-004
  Kqqs     =    1.7126489521653260E-003       +-    3.3737718511804916E-006
  Kgg      =    1.0042019541260754E-003       +-    1.6558908334367300E-006
  K_nnlo   =    1.2072576323097850            +-    3.5156568240858100E-004
  sig_LO   = (  0.57563536251234237            +-    3.3207740071536623E-004 ) fb
  sig_NLO  = (  0.68161073659190474            +-    3.6355192321111605E-004 ) fb
  sig_NNLO = (  0.69494018482043518            +-    3.8888364563739616E-004 ) fb

  pp ---> HHW+ + X
  ===============

  PDFSET = PDF4LHC21_40                                NSET =  29
  Sqrt(S)  = 13.6 TeV
  LOOP     = 3
  alphaS(MZ) =   0.11800
          kl =   1.00000
          kv =   1.00000
         k2v =   1.00000
         kth =   1.00000
         kbh =   1.00000
        cHsq =   1.20000
       chdup =   0.00000
         cHw =   0.00000
          cH =   0.00000
         cHb =   0.00000
        cHwb =   0.00000
      cHq1st =   0.00000
      cHq3st =   0.00000
      cHq1rd =   0.00000
      cHq3rd =   0.00000
       cHdst =   0.00000
       cHust =   0.00000
       cHdrd =   0.00000
       cHurd =   0.00000
         cth =   0.00000
         cbh =   0.00000
 --------------

  mH       = 125.0000      GeV
  fact_scale 1.0
  ren_scale  1.0
  Kqq      =   0.25159952034578242            +-    2.2663941568829902E-004
  Kgq      =   -6.7542395565290889E-002       +-    1.2111582502867855E-004
  K_nlo    =    1.1840571247804914            +-    2.5697172571298785E-004
  Kqq2     =    5.5224807612189404E-002       +-    2.0166411616205968E-004
  Kgq2     =   -3.4811524607865768E-002       +-    1.2977086528432507E-004
  Kqqs     =    1.7135812471154718E-003       +-    3.3743769088721029E-006
  Kgg      =    1.0049646560430414E-003       +-    1.6580764533452467E-006
  K_nnlo   =    1.2071889536879736            +-    3.5150746318823232E-004
  sig_LO   = (  0.57629910614436541            +-    3.3224805301692510E-004 ) fb
  sig_NLO  = (  0.68237106263486469            +-    3.6375840849432224E-004 ) fb
  sig_NNLO = (  0.69570191495773104            +-    3.8913335252337296E-004 ) fb

  pp ---> HHW+ + X
  ===============

  PDFSET = PDF4LHC21_40                                NSET =  30
  Sqrt(S)  = 13.6 TeV
  LOOP     = 3
  alphaS(MZ) =   0.11800
          kl =   1.00000
          kv =   1.00000
         k2v =   1.00000
         kth =   1.00000
         kbh =   1.00000
        cHsq =   1.20000
       chdup =   0.00000
         cHw =   0.00000
          cH =   0.00000
         cHb =   0.00000
        cHwb =   0.00000
      cHq1st =   0.00000
      cHq3st =   0.00000
      cHq1rd =   0.00000
      cHq3rd =   0.00000
       cHdst =   0.00000
       cHust =   0.00000
       cHdrd =   0.00000
       cHurd =   0.00000
         cth =   0.00000
         cbh =   0.00000
 --------------

  mH       = 125.0000      GeV
  fact_scale 1.0
  ren_scale  1.0
  Kqq      =   0.25157736334872111            +-    2.2641406092975349E-004
  Kgq      =   -6.7666114395855015E-002       +-    1.2128264720037898E-004
  K_nlo    =    1.1839112489528660            +-    2.5685172278696851E-004
  Kqq2     =    5.5214453698918697E-002       +-    2.0153089150018260E-004
  Kgq2     =   -3.4872001681988139E-002       +-    1.2991759653225787E-004
  Kqqs     =    1.7094861815570741E-003       +-    3.3654618580478105E-006
  Kgg      =    1.0072212956797439E-003       +-    1.6584506312681451E-006
  K_nnlo   =    1.2069704084470334            +-    3.5139744792503114E-004
  sig_LO   = (  0.57589633816987729            +-    3.3156362496753735E-004 ) fb
  sig_NLO  = (  0.68181015299008152            +-    3.6306301646164303E-004 ) fb
  sig_NNLO = (  0.69508983850404760            +-    3.8844233627574663E-004 ) fb

  pp ---> HHW+ + X
  ===============

  PDFSET = PDF4LHC21_40                                NSET =  31
  Sqrt(S)  = 13.6 TeV
  LOOP     = 3
  alphaS(MZ) =   0.11800
          kl =   1.00000
          kv =   1.00000
         k2v =   1.00000
         kth =   1.00000
         kbh =   1.00000
        cHsq =   1.20000
       chdup =   0.00000
         cHw =   0.00000
          cH =   0.00000
         cHb =   0.00000
        cHwb =   0.00000
      cHq1st =   0.00000
      cHq3st =   0.00000
      cHq1rd =   0.00000
      cHq3rd =   0.00000
       cHdst =   0.00000
       cHust =   0.00000
       cHdrd =   0.00000
       cHurd =   0.00000
         cth =   0.00000
         cbh =   0.00000
 --------------

  mH       = 125.0000      GeV
  fact_scale 1.0
  ren_scale  1.0
  Kqq      =   0.25163621475178538            +-    2.2779509080947285E-004
  Kgq      =   -6.7714778627686489E-002       +-    1.2158107171254202E-004
  K_nlo    =    1.1839214361240988            +-    2.5821030265205580E-004
  Kqq2     =    5.5240536715009350E-002       +-    2.0238382317828903E-004
  Kgq2     =   -3.4898188300371703E-002       +-    1.3026831126581725E-004
  Kqqs     =    1.7112895739514770E-003       +-    3.3781600329696558E-006
  Kgg      =    1.0068607383473718E-003       +-    1.6617807569910110E-006
  K_nnlo   =    1.2069819348510353            +-    3.5300960139983124E-004
  sig_LO   = (  0.57375752324760476            +-    3.3317404769990863E-004 ) fb
  sig_NLO  = (  0.67928383091031030            +-    3.6462775442217850E-004 ) fb
  sig_NNLO = (  0.69251496554473202            +-    3.8990790351466157E-004 ) fb

  pp ---> HHW+ + X
  ===============

  PDFSET = PDF4LHC21_40                                NSET =  32
  Sqrt(S)  = 13.6 TeV
  LOOP     = 3
  alphaS(MZ) =   0.11800
          kl =   1.00000
          kv =   1.00000
         k2v =   1.00000
         kth =   1.00000
         kbh =   1.00000
        cHsq =   1.20000
       chdup =   0.00000
         cHw =   0.00000
          cH =   0.00000
         cHb =   0.00000
        cHwb =   0.00000
      cHq1st =   0.00000
      cHq3st =   0.00000
      cHq1rd =   0.00000
      cHq3rd =   0.00000
       cHdst =   0.00000
       cHust =   0.00000
       cHdrd =   0.00000
       cHurd =   0.00000
         cth =   0.00000
         cbh =   0.00000
 --------------

  mH       = 125.0000      GeV
  fact_scale 1.0
  ren_scale  1.0
  Kqq      =   0.25157339209646717            +-    2.2669659840672605E-004
  Kgq      =   -6.7691665475889298E-002       +-    1.2143046291291961E-004
  K_nlo    =    1.1838817266205779            +-    2.5717057579051762E-004
  Kqq2     =    5.5215647810936165E-002       +-    2.0168351758492029E-004
  Kgq2     =   -3.4886668625810267E-002       +-    1.3011621913567301E-004
  Kqqs     =    1.7123588682204105E-003       +-    3.3723927883819536E-006
  Kgg      =    1.0082233730635331E-003       +-    1.6651269280860465E-006
  K_nnlo   =    1.2069312880469878            +-    3.5179158955384574E-004
  sig_LO   = (  0.57545664143630015            +-    3.3186096171481289E-004 ) fb
  sig_NLO  = (  0.68127260225888575            +-    3.6336330398534027E-004 ) fb
  sig_NNLO = (  0.69453662546390726            +-    3.8873381392833098E-004 ) fb

  pp ---> HHW+ + X
  ===============

  PDFSET = PDF4LHC21_40                                NSET =  33
  Sqrt(S)  = 13.6 TeV
  LOOP     = 3
  alphaS(MZ) =   0.11800
          kl =   1.00000
          kv =   1.00000
         k2v =   1.00000
         kth =   1.00000
         kbh =   1.00000
        cHsq =   1.20000
       chdup =   0.00000
         cHw =   0.00000
          cH =   0.00000
         cHb =   0.00000
        cHwb =   0.00000
      cHq1st =   0.00000
      cHq3st =   0.00000
      cHq1rd =   0.00000
      cHq3rd =   0.00000
       cHdst =   0.00000
       cHust =   0.00000
       cHdrd =   0.00000
       cHurd =   0.00000
         cth =   0.00000
         cbh =   0.00000
 --------------

  mH       = 125.0000      GeV
  fact_scale 1.0
  ren_scale  1.0
  Kqq      =   0.25157248344123256            +-    2.2650069229864916E-004
  Kgq      =   -6.7632644031269326E-002       +-    1.2131962335304802E-004
  K_nlo    =    1.1839398394099632            +-    2.5694554797134117E-004
  Kqq2     =    5.5213398650161429E-002       +-    2.0157510539726845E-004
  Kgq2     =   -3.4856755488671370E-002       +-    1.2999065091465735E-004
  Kqqs     =    1.7111259062640907E-003       +-    3.3688896813214941E-006
  Kgg      =    1.0071806128131168E-003       +-    1.6638015721188193E-006
  K_nnlo   =    1.2070147890905305            +-    3.5151845572712861E-004
  sig_LO   = (  0.57509381856518471            +-    3.3125266699444251E-004 ) fb
  sig_NLO  = (  0.68087648319772731            +-    3.6271703989188594E-004 ) fb
  sig_NNLO = (  0.69414674412272415            +-    3.8806625016797440E-004 ) fb

  pp ---> HHW+ + X
  ===============

  PDFSET = PDF4LHC21_40                                NSET =  34
  Sqrt(S)  = 13.6 TeV
  LOOP     = 3
  alphaS(MZ) =   0.11800
          kl =   1.00000
          kv =   1.00000
         k2v =   1.00000
         kth =   1.00000
         kbh =   1.00000
        cHsq =   1.20000
       chdup =   0.00000
         cHw =   0.00000
          cH =   0.00000
         cHb =   0.00000
        cHwb =   0.00000
      cHq1st =   0.00000
      cHq3st =   0.00000
      cHq1rd =   0.00000
      cHq3rd =   0.00000
       cHdst =   0.00000
       cHust =   0.00000
       cHdrd =   0.00000
       cHurd =   0.00000
         cth =   0.00000
         cbh =   0.00000
 --------------

  mH       = 125.0000      GeV
  fact_scale 1.0
  ren_scale  1.0
  Kqq      =   0.25150101322582019            +-    2.2573560571552929E-004
  Kgq      =   -6.7701408495332321E-002       +-    1.2146902957802341E-004
  K_nlo    =    1.1837996047304880            +-    2.5634213238245407E-004
  Kqq2     =    5.5184220022577384E-002       +-    2.0051929234941461E-004
  Kgq2     =   -3.4892805689949298E-002       +-    1.3020010068884587E-004
  Kqqs     =    1.7124405520826595E-003       +-    3.3650817582317633E-006
  Kgg      =    1.0109884366970212E-003       +-    1.6709038082519430E-006
  K_nnlo   =    1.2068144480518959            +-    3.5055022087121166E-004
  sig_LO   = (  0.57678576054260267            +-    3.3037340736052586E-004 ) fb
  sig_NLO  = (  0.68279875534450685            +-    3.6194963604360908E-004 ) fb
  sig_NNLO = (  0.69607338925341389            +-    3.8733492626392540E-004 ) fb

  pp ---> HHW+ + X
  ===============

  PDFSET = PDF4LHC21_40                                NSET =  35
  Sqrt(S)  = 13.6 TeV
  LOOP     = 3
  alphaS(MZ) =   0.11800
          kl =   1.00000
          kv =   1.00000
         k2v =   1.00000
         kth =   1.00000
         kbh =   1.00000
        cHsq =   1.20000
       chdup =   0.00000
         cHw =   0.00000
          cH =   0.00000
         cHb =   0.00000
        cHwb =   0.00000
      cHq1st =   0.00000
      cHq3st =   0.00000
      cHq1rd =   0.00000
      cHq3rd =   0.00000
       cHdst =   0.00000
       cHust =   0.00000
       cHdrd =   0.00000
       cHurd =   0.00000
         cth =   0.00000
         cbh =   0.00000
 --------------

  mH       = 125.0000      GeV
  fact_scale 1.0
  ren_scale  1.0
  Kqq      =   0.25153632659000330            +-    2.2672310601704073E-004
  Kgq      =   -6.7637109627148473E-002       +-    1.2129519999586638E-004
  K_nlo    =    1.1838992169628548            +-    2.5713010781324601E-004
  Kqq2     =    5.5199688266858615E-002       +-    2.0170290394720607E-004
  Kgq2     =   -3.4859163052252590E-002       +-    1.2997366094549484E-004
  Kqqs     =    1.7104438778136012E-003       +-    3.3685280602473113E-006
  Kgg      =    1.0079853397899714E-003       +-    1.6644793135987406E-006
  K_nnlo   =    1.2069581713950643            +-    3.5172037731277366E-004
  sig_LO   = (  0.57579967098694507            +-    3.3209984661285928E-004 ) fb
  sig_NLO  = (  0.68168877960891372            +-    3.6360791920821280E-004 ) fb
  sig_NNLO = (  0.69496611798428298            +-    3.8897924358728231E-004 ) fb

  pp ---> HHW+ + X
  ===============

  PDFSET = PDF4LHC21_40                                NSET =  36
  Sqrt(S)  = 13.6 TeV
  LOOP     = 3
  alphaS(MZ) =   0.11800
          kl =   1.00000
          kv =   1.00000
         k2v =   1.00000
         kth =   1.00000
         kbh =   1.00000
        cHsq =   1.20000
       chdup =   0.00000
         cHw =   0.00000
          cH =   0.00000
         cHb =   0.00000
        cHwb =   0.00000
      cHq1st =   0.00000
      cHq3st =   0.00000
      cHq1rd =   0.00000
      cHq3rd =   0.00000
       cHdst =   0.00000
       cHust =   0.00000
       cHdrd =   0.00000
       cHurd =   0.00000
         cth =   0.00000
         cbh =   0.00000
 --------------

  mH       = 125.0000      GeV
  fact_scale 1.0
  ren_scale  1.0
  Kqq      =   0.25163616771037767            +-    2.2681469002927267E-004
  Kgq      =   -6.7877092502134084E-002       +-    1.2177497598528746E-004
  K_nlo    =    1.1837590752082434            +-    2.5743746500712049E-004
  Kqq2     =    5.5237839143445260E-002       +-    2.0175157553097269E-004
  Kgq2     =   -3.4980809270507243E-002       +-    1.3047584293982202E-004
  Kqqs     =    1.7116959787083367E-003       +-    3.3715190360339349E-006
  Kgg      =    1.0147722693880472E-003       +-    1.6778703326369705E-006
  K_nnlo   =    1.2067425733292776            +-    3.5215887692750661E-004
  sig_LO   = (  0.57439265029490827            +-    3.3142384086982431E-004 ) fb
  sig_NLO  = (  0.67994251251951265            +-    3.6291507924039387E-004 ) fb
  sig_NNLO = (  0.69314406491830172            +-    3.8827559468339643E-004 ) fb

  pp ---> HHW+ + X
  ===============

  PDFSET = PDF4LHC21_40                                NSET =  37
  Sqrt(S)  = 13.6 TeV
  LOOP     = 3
  alphaS(MZ) =   0.11800
          kl =   1.00000
          kv =   1.00000
         k2v =   1.00000
         kth =   1.00000
         kbh =   1.00000
        cHsq =   1.20000
       chdup =   0.00000
         cHw =   0.00000
          cH =   0.00000
         cHb =   0.00000
        cHwb =   0.00000
      cHq1st =   0.00000
      cHq3st =   0.00000
      cHq1rd =   0.00000
      cHq3rd =   0.00000
       cHdst =   0.00000
       cHust =   0.00000
       cHdrd =   0.00000
       cHurd =   0.00000
         cth =   0.00000
         cbh =   0.00000
 --------------

  mH       = 125.0000      GeV
  fact_scale 1.0
  ren_scale  1.0
  Kqq      =   0.25154605932499435            +-    2.2681184114239499E-004
  Kgq      =   -6.7711569291945300E-002       +-    1.2141534573418648E-004
  K_nlo    =    1.1838344900330491            +-    2.5726503350077535E-004
  Kqq2     =    5.5205888776273963E-002       +-    2.0176759434928959E-004
  Kgq2     =   -3.4898079632834457E-002       +-    1.3010924492818992E-004
  Kqqs     =    1.7118100912579678E-003       +-    3.3710582083396084E-006
  Kgg      =    1.0082323106539821E-003       +-    1.6647653745898546E-006
  K_nnlo   =    1.2068623415784003            +-    3.5190625269329145E-004
  sig_LO   = (  0.57523467117932381            +-    3.3194807632779563E-004 ) fb
  sig_NLO  = (  0.68098264360490346            +-    3.6344174848948127E-004 ) fb
  sig_NNLO = (  0.69422906221656000            +-    3.8880187097540392E-004 ) fb

  pp ---> HHW+ + X
  ===============

  PDFSET = PDF4LHC21_40                                NSET =  38
  Sqrt(S)  = 13.6 TeV
  LOOP     = 3
  alphaS(MZ) =   0.11800
          kl =   1.00000
          kv =   1.00000
         k2v =   1.00000
         kth =   1.00000
         kbh =   1.00000
        cHsq =   1.20000
       chdup =   0.00000
         cHw =   0.00000
          cH =   0.00000
         cHb =   0.00000
        cHwb =   0.00000
      cHq1st =   0.00000
      cHq3st =   0.00000
      cHq1rd =   0.00000
      cHq3rd =   0.00000
       cHdst =   0.00000
       cHust =   0.00000
       cHdrd =   0.00000
       cHurd =   0.00000
         cth =   0.00000
         cbh =   0.00000
 --------------

  mH       = 125.0000      GeV
  fact_scale 1.0
  ren_scale  1.0
  Kqq      =   0.25130666689135456            +-    2.2661941407687010E-004
  Kgq      =   -6.7340268354957683E-002       +-    1.2079733117583783E-004
  K_nlo    =    1.1839663985363968            +-    2.5680411611917153E-004
  Kqq2     =    5.5111579442265454E-002       +-    2.0169495748046569E-004
  Kgq2     =   -3.4704888471318036E-002       +-    1.2943179447761401E-004
  Kqqs     =    1.7051370203100245E-003       +-    3.3582321246189871E-006
  Kgg      =    1.0033387356891616E-003       +-    1.6560442625104828E-006
  K_nnlo   =    1.2070815652633433            +-    3.5127741110992794E-004
  sig_LO   = (  0.57797714351214213            +-    3.3343544170349641E-004 ) fb
  sig_NLO  = (  0.68430551704042508            +-    3.6497909699161670E-004 ) fb
  sig_NNLO = (  0.69766555507707262            +-    3.9038506945369793E-004 ) fb

  pp ---> HHW+ + X
  ===============

  PDFSET = PDF4LHC21_40                                NSET =  39
  Sqrt(S)  = 13.6 TeV
  LOOP     = 3
  alphaS(MZ) =   0.11800
          kl =   1.00000
          kv =   1.00000
         k2v =   1.00000
         kth =   1.00000
         kbh =   1.00000
        cHsq =   1.20000
       chdup =   0.00000
         cHw =   0.00000
          cH =   0.00000
         cHb =   0.00000
        cHwb =   0.00000
      cHq1st =   0.00000
      cHq3st =   0.00000
      cHq1rd =   0.00000
      cHq3rd =   0.00000
       cHdst =   0.00000
       cHust =   0.00000
       cHdrd =   0.00000
       cHurd =   0.00000
         cth =   0.00000
         cbh =   0.00000
 --------------

  mH       = 125.0000      GeV
  fact_scale 1.0
  ren_scale  1.0
  Kqq      =   0.25153400723742386            +-    2.2679824533629515E-004
  Kgq      =   -6.7831100895954913E-002       +-    1.2170393471230405E-004
  K_nlo    =    1.1837029063414690            +-    2.5738937781516762E-004
  Kqq2     =    5.5198207411964406E-002       +-    2.0173967186600512E-004
  Kgq2     =   -3.4957586371388377E-002       +-    1.3042250089623735E-004
  Kqqs     =    1.7099739948366755E-003       +-    3.3689408940345411E-006
  Kgg      =    1.0123218736735385E-003       +-    1.6731203728356115E-006
  K_nnlo   =    1.2066658232505552            +-    3.5209709577223303E-004
  sig_LO   = (  0.57468891473569694            +-    3.3158659823714470E-004 ) fb
  sig_NLO  = (  0.68026093861486914            +-    3.6308353046074775E-004 ) fb
  sig_NNLO = (  0.69345747241251787            +-    3.8845037827817987E-004 ) fb

  pp ---> HHW+ + X
  ===============

  PDFSET = PDF4LHC21_40                                NSET =  40
  Sqrt(S)  = 13.6 TeV
  LOOP     = 3
  alphaS(MZ) =   0.11800
          kl =   1.00000
          kv =   1.00000
         k2v =   1.00000
         kth =   1.00000
         kbh =   1.00000
        cHsq =   1.20000
       chdup =   0.00000
         cHw =   0.00000
          cH =   0.00000
         cHb =   0.00000
        cHwb =   0.00000
      cHq1st =   0.00000
      cHq3st =   0.00000
      cHq1rd =   0.00000
      cHq3rd =   0.00000
       cHdst =   0.00000
       cHust =   0.00000
       cHdrd =   0.00000
       cHurd =   0.00000
         cth =   0.00000
         cbh =   0.00000
 --------------

  mH       = 125.0000      GeV
  fact_scale 1.0
  ren_scale  1.0
  Kqq      =   0.25160354439597665            +-    2.2688180867015093E-004
  Kgq      =   -6.7657567721276263E-002       +-    1.2134241988505104E-004
  K_nlo    =    1.1839459766747003            +-    2.5729232007387821E-004
  Kqq2     =    5.5226849819129085E-002       +-    2.0179354017265113E-004
  Kgq2     =   -3.4870146266206450E-002       +-    1.3002272435238543E-004
  Kqqs     =    1.7113565927244746E-003       +-    3.3709849911619022E-006
  Kgg      =    1.0088740412311607E-003       +-    1.6657879031026893E-006
  K_nnlo   =    1.2070229108615784            +-    3.5190910482903897E-004
  sig_LO   = (  0.57475702841767773            +-    3.3178274078265676E-004 ) fb
  sig_NLO  = (  0.68048127136061598            +-    3.6324709202382213E-004 ) fb
  sig_NNLO = (  0.69374490147885648            +-    3.8857405641378617E-004 ) fb

  pp ---> HHW+ + X
  ===============

  PDFSET = PDF4LHC21_40                                NSET =  41
  Sqrt(S)  = 13.6 TeV
  LOOP     = 3
  alphaS(MZ) =   0.11700
          kl =   1.00000
          kv =   1.00000
         k2v =   1.00000
         kth =   1.00000
         kbh =   1.00000
        cHsq =   1.20000
       chdup =   0.00000
         cHw =   0.00000
          cH =   0.00000
         cHb =   0.00000
        cHwb =   0.00000
      cHq1st =   0.00000
      cHq3st =   0.00000
      cHq1rd =   0.00000
      cHq3rd =   0.00000
       cHdst =   0.00000
       cHust =   0.00000
       cHdrd =   0.00000
       cHurd =   0.00000
         cth =   0.00000
         cbh =   0.00000
 --------------

  mH       = 125.0000      GeV
  fact_scale 1.0
  ren_scale  1.0
  Kqq      =   0.24969343365364066            +-    2.2538498319564832E-004
  Kgq      =   -6.6444625810910110E-002       +-    1.1917423823859637E-004
  K_nlo    =    1.1832488078427306            +-    2.5495272053824487E-004
  Kqq2     =    5.4401923685581888E-002       +-    1.9918377594932112E-004
  Kgq2     =   -3.4018171160799686E-002       +-    1.2685251836903313E-004
  Kqqs     =    1.6839312921056982E-003       +-    3.3171845667985508E-006
  Kgg      =    9.7313230927238118E-004       +-    1.6057683866990603E-006
  K_nnlo   =    1.2062896239688909            +-    3.4753447301441847E-004
  sig_LO   = (  0.57680306797962910            +-    3.3319571643565722E-004 ) fb
  sig_NLO  = (  0.68250154254692563            +-    3.6420502070827921E-004 ) fb
  sig_NNLO = (  0.69579155597724951            +-    3.8884852602494871E-004 ) fb

  pp ---> HHW+ + X
  ===============

  PDFSET = PDF4LHC21_40                                NSET =  42
  Sqrt(S)  = 13.6 TeV
  LOOP     = 3
  alphaS(MZ) =   0.11900
          kl =   1.00000
          kv =   1.00000
         k2v =   1.00000
         kth =   1.00000
         kbh =   1.00000
        cHsq =   1.20000
       chdup =   0.00000
         cHw =   0.00000
          cH =   0.00000
         cHb =   0.00000
        cHwb =   0.00000
      cHq1st =   0.00000
      cHq3st =   0.00000
      cHq1rd =   0.00000
      cHq3rd =   0.00000
       cHdst =   0.00000
       cHust =   0.00000
       cHdrd =   0.00000
       cHurd =   0.00000
         cth =   0.00000
         cbh =   0.00000
 --------------

  mH       = 125.0000      GeV
  fact_scale 1.0
  ren_scale  1.0
  Kqq      =   0.25333330120672992            +-    2.2817710175296197E-004
  Kgq      =   -6.6970195620375525E-002       +-    1.2017351298668209E-004
  K_nlo    =    1.1863631055863544            +-    2.5788847005622762E-004
  Kqq2     =    5.5985393771769101E-002       +-    2.0431997316486651E-004
  Kgq2     =   -3.4747016063633805E-002       +-    1.2966172953376564E-004
  Kqqs     =    1.7370192316497511E-003       +-    3.4197488379062444E-006
  Kgg      =    9.9139457260714338E-004       +-    1.6424545616515254E-006
  K_nnlo   =    1.2103298970987466            +-    3.5366604426608785E-004
  sig_LO   = (  0.57779483690137146            +-    3.3312981793594574E-004 ) fb
  sig_NLO  = (  0.68547447709807208            +-    3.6493622776784121E-004 ) fb
  sig_NNLO = (  0.69932236549102389            +-    3.9081060970957954E-004 ) fb

