  pp ---> HHW+ + X
  ===============

  PDFSET = PDF4LHC21_40                                NSET =   0
  Sqrt(S)  = 13.6 TeV
  LOOP     = 3
  alphaS(MZ) =   0.11800
          kl =   1.00000
          kv =   1.00000
         k2v =   1.00000
         kth =   1.00000
         kbh =   1.00000
        cHsq =   0.00000
       chdup =   0.00000
         cHw =   0.00000
          cH =   0.00000
         cHb =   0.00000
        cHwb =   0.00000
      cHq1st =   0.00000
      cHq3st =  -0.05714
      cHq1rd =   0.00000
      cHq3rd =   0.00000
       cHdst =   0.00000
       cHust =   0.00000
       cHdrd =   0.00000
       cHurd =   0.00000
         cth =   0.00000
         cbh =   0.00000
 --------------

  mH       = 125.0000      GeV
  fact_scale 0.5
  ren_scale  0.5
  Kqq      =   0.20195674412344056            +-   -2.7443815887182417E-004
  Kgq      =   -2.1800435812914704E-002       +-   -1.0895872933995861E-004
  K_nlo    =    1.1801563083105260            +-    2.9527666305404995E-004
  Kqq2     =    2.4395099174005019E-002       +-   -2.0831245477253530E-004
  Kgq2     =   -1.3497038556811581E-002       +-   -9.9262591579468679E-005
  Kqqs     =    8.9777302278870629E-004       +-   -2.4230744242209089E-006
  Kgg      =    1.9309057066697560E-004       +-   -9.6621925488680699E-007
  K_nnlo   =    1.1921452325211752            +-    3.7475625880574795E-004
  sig_LO   = (  -1.1563489597194372            +-    8.2582262303706891E-004 ) fb
  sig_NLO  = (  -1.3646725194212082            +-    8.9362533135221671E-004 ) fb
  sig_NNLO = (  -1.3785358994603474            +-    9.3261694666338249E-004 ) fb

  mH       = 125.0000      GeV
  fact_scale 1.0
  ren_scale  0.5
  Kqq      =   0.27968834915135904            +-   -3.1702509597636403E-004
  Kgq      =   -5.9700609964502931E-002       +-   -1.0032049387011081E-004
  K_nlo    =    1.2199877391868561            +-    3.3251934224818528E-004
  Kqq2     =    4.4835668411234784E-002       +-   -3.1944762604559210E-004
  Kgq2     =   -2.7876353213902028E-002       +-   -1.2952616666264585E-004
  Kqqs     =    1.8038939141180727E-003       +-   -3.3895891319894494E-006
  Kgg      =    6.9699863879397312E-004       +-   -1.1235312357137189E-006
  K_nnlo   =    1.2394479469371009            +-    4.7896312827040352E-004
  sig_LO   = (  -1.1142979992230289            +-    7.9479539414013692E-004 ) fb
  sig_NLO  = (  -1.3594298968525402            +-    8.7692015987279176E-004 ) fb
  sig_NNLO = (  -1.3811143674131026            +-    9.5736282574645734E-004 ) fb

  mH       = 125.0000      GeV
  fact_scale 0.5
  ren_scale  1.0
  Kqq      =   0.18647499459347197            +-   -2.5363708944237969E-004
  Kgq      =   -2.0128584715349115E-002       +-   -1.0039630608531368E-004
  K_nlo    =    1.1663464098781229            +-    2.7278414802986206E-004
  Kqq2     =    3.4346061302947831E-002       +-   -1.5057354951548082E-004
  Kgq2     =   -1.2938682029967619E-002       +-   -8.2541030563488340E-005
  Kqqs     =    7.6274789867566549E-004       +-   -2.0543118723455380E-006
  Kgg      =    1.6383606714957580E-004       +-   -8.1873008342333961E-007
  K_nnlo   =    1.1886803731169282            +-    3.2233755206734715E-004
  sig_LO   = (  -1.1563489597194372            +-    8.2582262303706891E-004 ) fb
  sig_NLO  = (  -1.3487034577350676            +-    8.8401436766677715E-004 ) fb
  sig_NNLO = (  -1.3745293128926726            +-    9.0604313147568574E-004 ) fb

  mH       = 125.0000      GeV
  fact_scale 1.0
  ren_scale  1.0
  Kqq      =   0.25825704028541119            +-   -2.9294756578094282E-004
  Kgq      =   -5.5057664702985246E-002       +-   -9.2430568268327137E-005
  K_nlo    =    1.2031993755824260            +-    3.0718347326538531E-004
  Kqq2     =    5.6961633123825441E-002       +-   -2.2680667480717669E-004
  Kgq2     =   -2.7794318651408797E-002       +-   -9.8502639927444029E-005
  Kqqs     =    1.5364335864626586E-003       +-   -2.8812884815884066E-006
  Kgg      =    5.9078496584794829E-004       +-   -9.5183867650661426E-007
  K_nnlo   =    1.2344939086071534            +-    3.9435381559879706E-004
  sig_LO   = (  -1.1142979992230289            +-    7.9479539414013692E-004 ) fb
  sig_NLO  = (  -1.3407226568778947            +-    8.6536977808584971E-004 ) fb
  sig_NNLO = (  -1.3755940924139671            +-    9.0818301773013270E-004 ) fb

  mH       = 125.0000      GeV
  fact_scale 1.5
  ren_scale  1.0
  Kqq      =   0.30107374000942211            +-   -3.3709937273457161E-004
  Kgq      =   -7.4878266536481317E-002       +-   -1.1891420736336275E-004
  K_nlo    =    1.2261954734729408            +-    3.5745849522832504E-004
  Kqq2     =    7.0223630326188308E-002       +-   -2.9870542191194198E-004
  Kgq2     =   -3.8186200109568184E-002       +-   -1.2315980475607018E-004
  Kqqs     =    2.7224040663413594E-003       +-   -3.7798343174070261E-006
  Kgg      =    9.6369339027828045E-004       +-   -1.3242886544469212E-006
  K_nnlo   =    1.2619190011461807            +-    4.8185670409982929E-004
  sig_LO   = (  -1.0908091404890308            +-    7.7677551362511548E-004 ) fb
  sig_NLO  = (  -1.3375452304905588            +-    8.6914729499846144E-004 ) fb
  sig_NNLO = (  -1.3765127810070417            +-    9.3789656001702789E-004 ) fb

  mH       = 125.0000      GeV
  fact_scale 2.0
  ren_scale  1.0
  Kqq      =   0.33180348103095075            +-   -3.7160362148801603E-004
  Kgq      =   -8.8563156184157762E-002       +-   -1.2233627668260783E-004
  K_nlo    =    1.2432403248467929            +-    3.9122297490762510E-004
  Kqq2     =    7.9686184006763930E-002       +-   -3.6157639916327216E-004
  Kgq2     =   -4.6349692711717065E-002       +-   -1.4656145353861833E-004
  Kqqs     =    3.8724552830153970E-003       +-   -4.4164230942443884E-006
  Kgg      =    1.2766962103379466E-003       +-   -1.4589106659451007E-006
  K_nnlo   =    1.2817259676351931            +-    5.5253488704703644E-004
  sig_LO   = (  -1.0746320847390187            +-    7.6465282496419461E-004 ) fb
  sig_NLO  = (  -1.3360259421217242            +-    8.7260962584009036E-004 ) fb
  sig_NNLO = (  -1.3773838486639438            +-    9.6812127096659211E-004 ) fb

  mH       = 125.0000      GeV
  fact_scale 1.0
  ren_scale  1.5
  Kqq      =   0.24720575593528551            +-   -2.8052145591552684E-004
  Kgq      =   -5.2667996152260699E-002       +-   -8.8376707636473611E-005
  K_nlo    =    1.1945377597830249            +-    2.9411346395843497E-004
  Kqq2     =    6.2413140025205746E-002       +-   -2.1952616913991385E-004
  Kgq2     =   -2.7632660732886633E-002       +-   -9.0440022801945751E-005
  Kqqs     =    1.4070280033480879E-003       +-   -2.6360180855308272E-006
  Kgg      =    5.3967309730293942E-004       +-   -8.6927379932861090E-007
  K_nnlo   =    1.2312649401759947            +-    3.7799678645668088E-004
  sig_LO   = (  -1.1142979992230289            +-    7.9479539414013692E-004 ) fb
  sig_NLO  = (  -1.3310710357225837            +-    8.5971315016737941E-004 ) fb
  sig_NNLO = (  -1.3719960593515734            +-    8.9950544962326959E-004 ) fb

  mH       = 125.0000      GeV
  fact_scale 1.5
  ren_scale  1.5
  Kqq      =   0.28818641119232724            +-   -3.2273313978862015E-004
  Kgq      =   -7.1619704756201219E-002       +-   -1.1378257830809212E-004
  K_nlo    =    1.2165667064361261            +-    3.4220338198834061E-004
  Kqq2     =    7.6214436236782410E-002       +-   -2.6794935276070928E-004
  Kgq2     =   -3.7964367506860955E-002       +-   -1.2049203031519215E-004
  Kqqs     =    2.4926281665793608E-003       +-   -3.4599929320915046E-006
  Kgg      =    8.8015406925905863E-004       +-   -1.2101024166483738E-006
  K_nnlo   =    1.2581895574018860            +-    4.5103411795291854E-004
  sig_LO   = (  -1.0908091404890308            +-    7.7677551362511548E-004 ) fb
  sig_NLO  = (  -1.3270420833951617            +-    8.6181035883721815E-004 ) fb
  sig_NNLO = (  -1.3724446696818251            +-    9.1947618944062304E-004 ) fb

  mH       = 125.0000      GeV
  fact_scale 2.0
  ren_scale  1.5
  Kqq      =   0.31759789719764464            +-   -3.5574734075998773E-004
  Kgq      =   -8.4703939128402614E-002       +-   -1.1705543967856566E-004
  K_nlo    =    1.2328939580692422            +-    3.7451054246328652E-004
  Kqq2     =    8.6045855332551296E-002       +-   -3.0730595455102721E-004
  Kgq2     =   -4.6005441416046192E-002       +-   -1.4385487130344694E-004
  Kqqs     =    3.5449803281572098E-003       +-   -4.0424885202350513E-006
  Kgg      =    1.1659241134044697E-003       +-   -1.3329892684571808E-006
  K_nnlo   =    1.2776452764273092            +-    5.0537851031699050E-004
  sig_LO   = (  -1.0746320847390187            +-    7.6465282496419461E-004 ) fb
  sig_NLO  = (  -1.3249074044220899            +-    8.6410001473873684E-004 ) fb
  sig_NNLO = (  -1.3729986069640387            +-    9.3789507238357158E-004 ) fb

  mH       = 125.0000      GeV
  fact_scale 1.0
  ren_scale  2.0
  Kqq      =   0.23993217786637014            +-   -2.7232778002246567E-004
  Kgq      =   -5.1096827009198396E-002       +-   -8.5713898966378359E-005
  K_nlo    =    1.1888353508571716            +-    2.8549832267105000E-004
  Kqq2     =    6.5588091372694488E-002       +-   -2.2556491988238813E-004
  Kgq2     =   -2.7482681787719523E-002       +-   -8.8408311980660772E-005
  Kqqs     =    1.3250056298409506E-003       +-   -2.4807697974417265E-006
  Kgg      =    5.0737437997047251E-004       +-   -8.1711685039621947E-007
  K_nnlo   =    1.2287731404519580            +-    3.7444849693320454E-004
  sig_LO   = (  -1.1142979992230289            +-    7.9479539414013692E-004 ) fb
  sig_NLO  = (  -1.3247168528657540            +-    8.5609961388362929E-004 ) fb
  sig_NNLO = (  -1.3692194519046148            +-    8.9766082324424751E-004 ) fb

  mH       = 125.0000      GeV
  fact_scale 1.5
  ren_scale  2.0
  Kqq      =   0.27970441713683702            +-   -3.1328328809013359E-004
  Kgq      =   -6.9477659554981114E-002       +-   -1.1040877000112280E-004
  K_nlo    =    1.2102267575818559            +-    3.3216940721524384E-004
  Kqq2     =    7.9739550248688632E-002       +-   -2.7530146780659732E-004
  Kgq2     =   -3.7757793839599998E-002       +-   -1.1886366928052960E-004
  Kqqs     =    2.3470187760890786E-003       +-   -3.2573812567372186E-006
  Kgg      =    8.2738112820767947E-004       +-   -1.1379076584505362E-006
  K_nnlo   =    1.2553829138952410            +-    4.4751300596464839E-004
  sig_LO   = (  -1.0908091404890308            +-    7.7677551362511548E-004 ) fb
  sig_NLO  = (  -1.3201264092346909            +-    8.5712642583283876E-004 ) fb
  sig_NNLO = (  -1.3693831572906832            +-    9.1742676448254839E-004 ) fb

  mH       = 125.0000      GeV
  fact_scale 2.0
  ren_scale  2.0
  Kqq      =   0.30824801665823076            +-   -3.4530636883219127E-004
  Kgq      =   -8.2167299085153647E-002       +-   -1.1358267993729577E-004
  K_nlo    =    1.2260807175730770            +-    3.6350724000741921E-004
  Kqq2     =    8.9869485382639919E-002       +-   -3.1029899762442673E-004
  Kgq2     =   -4.5691249225682927E-002       +-   -1.4112651955378505E-004
  Kqqs     =    3.3375105423516654E-003       +-   -3.8056251900249703E-006
  Kgg      =    1.0959513650051567E-003       +-   -1.2534316762530177E-006
  K_nnlo   =    1.2746924156373907            +-    4.9835301730796647E-004
  sig_LO   = (  -1.0746320847390187            +-    7.6465282496419461E-004 ) fb
  sig_NLO  = (  -1.3175856775838677            +-    8.5865642230608329E-004 ) fb
  sig_NNLO = (  -1.3698253680174250            +-    9.3354357844567775E-004 ) fb

  pp ---> HHW+ + X
  ===============

  PDFSET = PDF4LHC21_40                                NSET =   1
  Sqrt(S)  = 13.6 TeV
  LOOP     = 3
  alphaS(MZ) =   0.11800
          kl =   1.00000
          kv =   1.00000
         k2v =   1.00000
         kth =   1.00000
         kbh =   1.00000
        cHsq =   0.00000
       chdup =   0.00000
         cHw =   0.00000
          cH =   0.00000
         cHb =   0.00000
        cHwb =   0.00000
      cHq1st =   0.00000
      cHq3st =  -0.05714
      cHq1rd =   0.00000
      cHq3rd =   0.00000
       cHdst =   0.00000
       cHust =   0.00000
       cHdrd =   0.00000
       cHurd =   0.00000
         cth =   0.00000
         cbh =   0.00000
 --------------

  mH       = 125.0000      GeV
  fact_scale 1.0
  ren_scale  1.0
  Kqq      =   0.25842218212643259            +-   -2.9447527769774212E-004
  Kgq      =   -5.5137339571529831E-002       +-   -9.2718648186749394E-005
  K_nlo    =    1.2032848425549028            +-    3.0872712368164312E-004
  Kqq2     =    5.7016172645912543E-002       +-   -2.2454957466062924E-004
  Kgq2     =   -2.7835955033915682E-002       +-   -9.8846953439283696E-005
  Kqqs     =    1.5386827171229018E-003       +-   -2.8886572777269663E-006
  Kgg      =    5.9135974633592423E-004       +-   -9.5336901174732042E-007
  K_nnlo   =    1.2345951026303583            +-    3.9435380286562306E-004
  sig_LO   = (  -1.1130264695406087            +-    8.0172066992957407E-004 ) fb
  sig_NLO  = (  -1.3392878801606105            +-    8.7225669428451591E-004 ) fb
  sig_NNLO = (  -1.3741370283927932            +-    9.1400889494183311E-004 ) fb

  pp ---> HHW+ + X
  ===============

  PDFSET = PDF4LHC21_40                                NSET =   2
  Sqrt(S)  = 13.6 TeV
  LOOP     = 3
  alphaS(MZ) =   0.11800
          kl =   1.00000
          kv =   1.00000
         k2v =   1.00000
         kth =   1.00000
         kbh =   1.00000
        cHsq =   0.00000
       chdup =   0.00000
         cHw =   0.00000
          cH =   0.00000
         cHb =   0.00000
        cHwb =   0.00000
      cHq1st =   0.00000
      cHq3st =  -0.05714
      cHq1rd =   0.00000
      cHq3rd =   0.00000
       cHdst =   0.00000
       cHust =   0.00000
       cHdrd =   0.00000
       cHurd =   0.00000
         cth =   0.00000
         cbh =   0.00000
 --------------

  mH       = 125.0000      GeV
  fact_scale 1.0
  ren_scale  1.0
  Kqq      =   0.25819014214387626            +-   -2.9234440782158395E-004
  Kgq      =   -5.4898968738123118E-002       +-   -9.2007509880633702E-005
  K_nlo    =    1.2032911734057530            +-    3.0648105106023687E-004
  Kqq2     =    5.6943817576406153E-002       +-   -2.2636364145249937E-004
  Kgq2     =   -2.7718215322921826E-002       +-   -9.8162397859033519E-005
  Kqqs     =    1.5405169920550256E-003       +-   -2.8878039080300086E-006
  Kgg      =    5.8711169004717117E-004       +-   -9.4201823746810696E-007
  K_nnlo   =    1.2346444043413394            +-    3.9346691855075865E-004
  sig_LO   = (  -1.1129694871415394            +-    7.9137189301396510E-004 ) fb
  sig_NLO  = (  -1.3392263601473422            +-    8.6175486745633729E-004 ) fb
  sig_NNLO = (  -1.3741215495019523            +-    9.0445590655291713E-004 ) fb

  pp ---> HHW+ + X
  ===============

  PDFSET = PDF4LHC21_40                                NSET =   3
  Sqrt(S)  = 13.6 TeV
  LOOP     = 3
  alphaS(MZ) =   0.11800
          kl =   1.00000
          kv =   1.00000
         k2v =   1.00000
         kth =   1.00000
         kbh =   1.00000
        cHsq =   0.00000
       chdup =   0.00000
         cHw =   0.00000
          cH =   0.00000
         cHb =   0.00000
        cHwb =   0.00000
      cHq1st =   0.00000
      cHq3st =  -0.05714
      cHq1rd =   0.00000
      cHq3rd =   0.00000
       cHdst =   0.00000
       cHust =   0.00000
       cHdrd =   0.00000
       cHurd =   0.00000
         cth =   0.00000
         cbh =   0.00000
 --------------

  mH       = 125.0000      GeV
  fact_scale 1.0
  ren_scale  1.0
  Kqq      =   0.25770999776388448            +-   -2.8826087532032949E-004
  Kgq      =   -5.4512978476891301E-002       +-   -9.1588341461258416E-005
  K_nlo    =    1.2031970192869932            +-    3.0246116532881809E-004
  Kqq2     =    5.6800008603016483E-002       +-   -2.1847069078294871E-004
  Kgq2     =   -2.7523336522493426E-002       +-   -9.7707497120499853E-005
  Kqqs     =    1.5253936556424508E-003       +-   -2.8569119043778772E-006
  Kgg      =    5.8426262310393216E-004       +-   -9.4095827124708597E-007
  K_nnlo   =    1.2345833476462627            +-    3.8570455222215809E-004
  sig_LO   = (  -1.1221979713244687            +-    7.8476161312132013E-004 ) fb
  sig_NLO  = (  -1.3502252541475113            +-    8.5501907141778992E-004 ) fb
  sig_NNLO = (  -1.3854469281596067            +-    8.9621344668956357E-004 ) fb

  pp ---> HHW+ + X
  ===============

  PDFSET = PDF4LHC21_40                                NSET =   4
  Sqrt(S)  = 13.6 TeV
  LOOP     = 3
  alphaS(MZ) =   0.11800
          kl =   1.00000
          kv =   1.00000
         k2v =   1.00000
         kth =   1.00000
         kbh =   1.00000
        cHsq =   0.00000
       chdup =   0.00000
         cHw =   0.00000
          cH =   0.00000
         cHb =   0.00000
        cHwb =   0.00000
      cHq1st =   0.00000
      cHq3st =  -0.05714
      cHq1rd =   0.00000
      cHq3rd =   0.00000
       cHdst =   0.00000
       cHust =   0.00000
       cHdrd =   0.00000
       cHurd =   0.00000
         cth =   0.00000
         cbh =   0.00000
 --------------

  mH       = 125.0000      GeV
  fact_scale 1.0
  ren_scale  1.0
  Kqq      =   0.25861716829789955            +-   -2.9333852515145328E-004
  Kgq      =   -5.5915251142510093E-002       +-   -9.4028295507239421E-005
  K_nlo    =    1.2027019171553894            +-    3.0804027446752237E-004
  Kqq2     =    5.7107723164105395E-002       +-   -2.2705488657319704E-004
  Kgq2     =   -2.8223702904335193E-002       +-   -1.0012812440526281E-004
  Kqqs     =    1.5559029704699946E-003       +-   -2.9189285206823497E-006
  Kgg      =    6.0347432267769262E-004       +-   -9.7505129630721983E-007
  K_nnlo   =    1.2337453147083073            +-    3.9557280540559027E-004
  sig_LO   = (  -1.0960102812522312            +-    7.8290820612245235E-004 ) fb
  sig_NLO  = (  -1.3181736664840760            +-    8.5260152199763785E-004 ) fb
  sig_NNLO = (  -1.3521975493670741            +-    8.9493713522493992E-004 ) fb

  pp ---> HHW+ + X
  ===============

  PDFSET = PDF4LHC21_40                                NSET =   5
  Sqrt(S)  = 13.6 TeV
  LOOP     = 3
  alphaS(MZ) =   0.11800
          kl =   1.00000
          kv =   1.00000
         k2v =   1.00000
         kth =   1.00000
         kbh =   1.00000
        cHsq =   0.00000
       chdup =   0.00000
         cHw =   0.00000
          cH =   0.00000
         cHb =   0.00000
        cHwb =   0.00000
      cHq1st =   0.00000
      cHq3st =  -0.05714
      cHq1rd =   0.00000
      cHq3rd =   0.00000
       cHdst =   0.00000
       cHust =   0.00000
       cHdrd =   0.00000
       cHurd =   0.00000
         cth =   0.00000
         cbh =   0.00000
 --------------

  mH       = 125.0000      GeV
  fact_scale 1.0
  ren_scale  1.0
  Kqq      =   0.25838445388878017            +-   -2.9309370145234474E-004
  Kgq      =   -5.4923844992905181E-002       +-   -9.2158684233778300E-005
  K_nlo    =    1.2034606088958750            +-    3.0724117710804560E-004
  Kqq2     =    5.7008742780263945E-002       +-   -2.2674799791446633E-004
  Kgq2     =   -2.7732988786958016E-002       +-   -9.8393285305349608E-005
  Kqqs     =    1.5355644748999656E-003       +-   -2.8787960634046138E-006
  Kgg      =    5.8641868116136679E-004       +-   -9.4725803571363886E-007
  K_nnlo   =    1.2348583460452422            +-    3.9433769643124040E-004
  sig_LO   = (  -1.1123544698534040            +-    7.9418125788787634E-004 ) fb
  sig_NLO  = (  -1.3386747875978258            +-    8.6459500205802076E-004 ) fb
  sig_NNLO = (  -1.3736002008592065            +-    9.0726612102702390E-004 ) fb

  pp ---> HHW+ + X
  ===============

  PDFSET = PDF4LHC21_40                                NSET =   6
  Sqrt(S)  = 13.6 TeV
  LOOP     = 3
  alphaS(MZ) =   0.11800
          kl =   1.00000
          kv =   1.00000
         k2v =   1.00000
         kth =   1.00000
         kbh =   1.00000
        cHsq =   0.00000
       chdup =   0.00000
         cHw =   0.00000
          cH =   0.00000
         cHb =   0.00000
        cHwb =   0.00000
      cHq1st =   0.00000
      cHq3st =  -0.05714
      cHq1rd =   0.00000
      cHq3rd =   0.00000
       cHdst =   0.00000
       cHust =   0.00000
       cHdrd =   0.00000
       cHurd =   0.00000
         cth =   0.00000
         cbh =   0.00000
 --------------

  mH       = 125.0000      GeV
  fact_scale 1.0
  ren_scale  1.0
  Kqq      =   0.25832888438268686            +-   -2.9147775644152558E-004
  Kgq      =   -5.5047150068988332E-002       +-   -9.2457805628610927E-005
  K_nlo    =    1.2032817343136983            +-    3.0579033392480427E-004
  Kqq2     =    5.6999906790797243E-002       +-   -2.2531293188601608E-004
  Kgq2     =   -2.7791097795510672E-002       +-   -9.8556501484808496E-005
  Kqqs     =    1.5348958238681364E-003       +-   -2.8720513334069129E-006
  Kgg      =    5.9444360037510277E-004       +-   -9.5943534311268001E-007
  K_nnlo   =    1.2346198827332280            +-    3.9242349417036726E-004
  sig_LO   = (  -1.1119799597994422            +-    7.8714552971503643E-004 ) fb
  sig_NLO  = (  -1.3380251745495495            +-    8.5744990396758041E-004 ) fb
  sig_NNLO = (  -1.3728725675692872            +-    9.0000794280576106E-004 ) fb

  pp ---> HHW+ + X
  ===============

  PDFSET = PDF4LHC21_40                                NSET =   7
  Sqrt(S)  = 13.6 TeV
  LOOP     = 3
  alphaS(MZ) =   0.11800
          kl =   1.00000
          kv =   1.00000
         k2v =   1.00000
         kth =   1.00000
         kbh =   1.00000
        cHsq =   0.00000
       chdup =   0.00000
         cHw =   0.00000
          cH =   0.00000
         cHb =   0.00000
        cHwb =   0.00000
      cHq1st =   0.00000
      cHq3st =  -0.05714
      cHq1rd =   0.00000
      cHq3rd =   0.00000
       cHdst =   0.00000
       cHust =   0.00000
       cHdrd =   0.00000
       cHurd =   0.00000
         cth =   0.00000
         cbh =   0.00000
 --------------

  mH       = 125.0000      GeV
  fact_scale 1.0
  ren_scale  1.0
  Kqq      =   0.25847770931790359            +-   -2.9277504924258261E-004
  Kgq      =   -5.4932146274027170E-002       +-   -9.2347457141778440E-005
  K_nlo    =    1.2035455630438765            +-    3.0699394505356175E-004
  Kqq2     =    5.7047366392501707E-002       +-   -2.2611485699655960E-004
  Kgq2     =   -2.7737373966238689E-002       +-   -9.8548508617439444E-005
  Kqqs     =    1.5360956674884550E-003       +-   -2.8793241493825916E-006
  Kgg      =    5.8722866541430024E-004       +-   -9.4564253360702237E-007
  K_nnlo   =    1.2349788798030421            +-    3.9382001492078078E-004
  sig_LO   = (  -1.1120860508981476            +-    7.9123122537758290E-004 ) fb
  sig_NLO  = (  -1.3384462322814519            +-    8.6174435157080720E-004 ) fb
  sig_NNLO = (  -1.3734027853827830            +-    9.0435465511836961E-004 ) fb

  pp ---> HHW+ + X
  ===============

  PDFSET = PDF4LHC21_40                                NSET =   8
  Sqrt(S)  = 13.6 TeV
  LOOP     = 3
  alphaS(MZ) =   0.11800
          kl =   1.00000
          kv =   1.00000
         k2v =   1.00000
         kth =   1.00000
         kbh =   1.00000
        cHsq =   0.00000
       chdup =   0.00000
         cHw =   0.00000
          cH =   0.00000
         cHb =   0.00000
        cHwb =   0.00000
      cHq1st =   0.00000
      cHq3st =  -0.05714
      cHq1rd =   0.00000
      cHq3rd =   0.00000
       cHdst =   0.00000
       cHust =   0.00000
       cHdrd =   0.00000
       cHurd =   0.00000
         cth =   0.00000
         cbh =   0.00000
 --------------

  mH       = 125.0000      GeV
  fact_scale 1.0
  ren_scale  1.0
  Kqq      =   0.25817133887790111            +-   -2.9308281915933684E-004
  Kgq      =   -5.4905380200366095E-002       +-   -9.2585146987350848E-005
  K_nlo    =    1.2032659586775352            +-    3.0735898934154161E-004
  Kqq2     =    5.6923004261945138E-002       +-   -2.2708767342837020E-004
  Kgq2     =   -2.7701795056878340E-002       +-   -9.8401180925843259E-005
  Kqqs     =    1.5368700326384081E-003       +-   -2.8838818877361899E-006
  Kgg      =    5.9397501524238912E-004       +-   -9.6153332159541407E-007
  K_nnlo   =    1.2346180129304827            +-    3.9462690415230882E-004
  sig_LO   = (  -1.1152895238381055            +-    7.9621277114257203E-004 ) fb
  sig_NLO  = (  -1.3419899181040698            +-    8.6686947242131250E-004 ) fb
  sig_NNLO = (  -1.3769565357631861            +-    9.0975999796882802E-004 ) fb

  pp ---> HHW+ + X
  ===============

  PDFSET = PDF4LHC21_40                                NSET =   9
  Sqrt(S)  = 13.6 TeV
  LOOP     = 3
  alphaS(MZ) =   0.11800
          kl =   1.00000
          kv =   1.00000
         k2v =   1.00000
         kth =   1.00000
         kbh =   1.00000
        cHsq =   0.00000
       chdup =   0.00000
         cHw =   0.00000
          cH =   0.00000
         cHb =   0.00000
        cHwb =   0.00000
      cHq1st =   0.00000
      cHq3st =  -0.05714
      cHq1rd =   0.00000
      cHq3rd =   0.00000
       cHdst =   0.00000
       cHust =   0.00000
       cHdrd =   0.00000
       cHurd =   0.00000
         cth =   0.00000
         cbh =   0.00000
 --------------

  mH       = 125.0000      GeV
  fact_scale 1.0
  ren_scale  1.0
  Kqq      =   0.25834097155248043            +-   -2.9140354120510333E-004
  Kgq      =   -5.5114734863879147E-002       +-   -9.2538380319668337E-005
  K_nlo    =    1.2032262366886013            +-    3.0574397076485731E-004
  Kqq2     =    5.7006918656535233E-002       +-   -2.2392093174564487E-004
  Kgq2     =   -2.7820728621631614E-002       +-   -9.8555895544600385E-005
  Kqqs     =    1.5408105640534056E-003       +-   -2.8899468510819139E-006
  Kgg      =    5.9150422969812659E-004       +-   -9.5333313754249705E-007
  K_nnlo   =    1.2345447415172563            +-    3.9158968898117210E-004
  sig_LO   = (  -1.1167105762720413            +-    7.8974640120335875E-004 ) fb
  sig_NLO  = (  -1.3436554641581673            +-    8.6039068659359604E-004 ) fb
  sig_NNLO = (  -1.3786291697333535            +-    9.0273139702357378E-004 ) fb

  pp ---> HHW+ + X
  ===============

  PDFSET = PDF4LHC21_40                                NSET =  10
  Sqrt(S)  = 13.6 TeV
  LOOP     = 3
  alphaS(MZ) =   0.11800
          kl =   1.00000
          kv =   1.00000
         k2v =   1.00000
         kth =   1.00000
         kbh =   1.00000
        cHsq =   0.00000
       chdup =   0.00000
         cHw =   0.00000
          cH =   0.00000
         cHb =   0.00000
        cHwb =   0.00000
      cHq1st =   0.00000
      cHq3st =  -0.05714
      cHq1rd =   0.00000
      cHq3rd =   0.00000
       cHdst =   0.00000
       cHust =   0.00000
       cHdrd =   0.00000
       cHurd =   0.00000
         cth =   0.00000
         cbh =   0.00000
 --------------

  mH       = 125.0000      GeV
  fact_scale 1.0
  ren_scale  1.0
  Kqq      =   0.25832203006072346            +-   -2.9362290337819528E-004
  Kgq      =   -5.5000723034210997E-002       +-   -9.2492581382216954E-005
  K_nlo    =    1.2033213070265125            +-    3.0784620673152206E-004
  Kqq2     =    5.6978019117479968E-002       +-   -2.2784590391719658E-004
  Kgq2     =   -2.7766709531749739E-002       +-   -9.8492999990071900E-005
  Kqqs     =    1.5382630256822417E-003       +-   -2.8877575713234074E-006
  Kgg      =    5.8967869758126776E-004       +-   -9.5393789125651313E-007
  K_nnlo   =    1.2346605583355061            +-    3.9546575467310294E-004
  sig_LO   = (  -1.1120799820511091            +-    7.9613093156030766E-004 ) fb
  sig_NLO  = (  -1.3381895375197612            +-    8.6661855021959980E-004 ) fb
  sig_NNLO = (  -1.3730412915529622            +-    9.0952696931548174E-004 ) fb

  pp ---> HHW+ + X
  ===============

  PDFSET = PDF4LHC21_40                                NSET =  11
  Sqrt(S)  = 13.6 TeV
  LOOP     = 3
  alphaS(MZ) =   0.11800
          kl =   1.00000
          kv =   1.00000
         k2v =   1.00000
         kth =   1.00000
         kbh =   1.00000
        cHsq =   0.00000
       chdup =   0.00000
         cHw =   0.00000
          cH =   0.00000
         cHb =   0.00000
        cHwb =   0.00000
      cHq1st =   0.00000
      cHq3st =  -0.05714
      cHq1rd =   0.00000
      cHq3rd =   0.00000
       cHdst =   0.00000
       cHust =   0.00000
       cHdrd =   0.00000
       cHurd =   0.00000
         cth =   0.00000
         cbh =   0.00000
 --------------

  mH       = 125.0000      GeV
  fact_scale 1.0
  ren_scale  1.0
  Kqq      =   0.25809543325870204            +-   -2.9246833403149576E-004
  Kgq      =   -5.4879474202181221E-002       +-   -9.2164604364097335E-005
  K_nlo    =    1.2032159590565208            +-    3.0664644251768058E-004
  Kqq2     =    5.6896808973581181E-002       +-   -2.2625401444701144E-004
  Kgq2     =   -2.7703988867278401E-002       +-   -9.8205509990405130E-005
  Kqqs     =    1.5321848559387999E-003       +-   -2.8736605382582725E-006
  Kgg      =    5.8833403944380568E-004       +-   -9.4827587200987749E-007
  K_nnlo   =    1.2345292980582065            +-    3.9354338910294474E-004
  sig_LO   = (  -1.1194096458077063            +-    7.9698538278062333E-004 ) fb
  sig_NLO  = (  -1.3468915505576398            +-    8.6776447130183104E-004 ) fb
  sig_NNLO = (  -1.3819440042785729            +-    9.1063598756912730E-004 ) fb

  pp ---> HHW+ + X
  ===============

  PDFSET = PDF4LHC21_40                                NSET =  12
  Sqrt(S)  = 13.6 TeV
  LOOP     = 3
  alphaS(MZ) =   0.11800
          kl =   1.00000
          kv =   1.00000
         k2v =   1.00000
         kth =   1.00000
         kbh =   1.00000
        cHsq =   0.00000
       chdup =   0.00000
         cHw =   0.00000
          cH =   0.00000
         cHb =   0.00000
        cHwb =   0.00000
      cHq1st =   0.00000
      cHq3st =  -0.05714
      cHq1rd =   0.00000
      cHq3rd =   0.00000
       cHdst =   0.00000
       cHust =   0.00000
       cHdrd =   0.00000
       cHurd =   0.00000
         cth =   0.00000
         cbh =   0.00000
 --------------

  mH       = 125.0000      GeV
  fact_scale 1.0
  ren_scale  1.0
  Kqq      =   0.25797445511228384            +-   -2.9167749965721833E-004
  Kgq      =   -5.4891817894031004E-002       +-   -9.2133308501512971E-005
  K_nlo    =    1.2030826372182528            +-    3.0588283760571064E-004
  Kqq2     =    5.6861146146995778E-002       +-   -2.2292824326621637E-004
  Kgq2     =   -2.7705306469692527E-002       +-   -9.8053278210167650E-005
  Kqqs     =    1.5316853812216626E-003       +-   -2.8716847239109904E-006
  Kgg      =    5.8886549893578900E-004       +-   -9.4872940773503737E-007
  K_nnlo   =    1.2343590277757135            +-    3.9100499231580930E-004
  sig_LO   = (  -1.1238847876235201            +-    7.9539106633992780E-004 ) fb
  sig_NLO  = (  -1.3521262742235804            +-    8.6650425323965519E-004 ) fb
  sig_NNLO = (  -1.3872773337828823            +-    9.0871253548229793E-004 ) fb

  pp ---> HHW+ + X
  ===============

  PDFSET = PDF4LHC21_40                                NSET =  13
  Sqrt(S)  = 13.6 TeV
  LOOP     = 3
  alphaS(MZ) =   0.11800
          kl =   1.00000
          kv =   1.00000
         k2v =   1.00000
         kth =   1.00000
         kbh =   1.00000
        cHsq =   0.00000
       chdup =   0.00000
         cHw =   0.00000
          cH =   0.00000
         cHb =   0.00000
        cHwb =   0.00000
      cHq1st =   0.00000
      cHq3st =  -0.05714
      cHq1rd =   0.00000
      cHq3rd =   0.00000
       cHdst =   0.00000
       cHust =   0.00000
       cHdrd =   0.00000
       cHurd =   0.00000
         cth =   0.00000
         cbh =   0.00000
 --------------

  mH       = 125.0000      GeV
  fact_scale 1.0
  ren_scale  1.0
  Kqq      =   0.25837729304216589            +-   -2.9306310676105517E-004
  Kgq      =   -5.5102134100843060E-002       +-   -9.2484557831817594E-005
  K_nlo    =    1.2032751589413229            +-    3.0730990544040139E-004
  Kqq2     =    5.7004676590615047E-002       +-   -2.2727940630692551E-004
  Kgq2     =   -2.7817789038505174E-002       +-   -9.8595849198768949E-005
  Kqqs     =    1.5364410244299092E-003       +-   -2.8838279169642202E-006
  Kgg      =    5.8913566590677847E-004       +-   -9.4893819801784233E-007
  K_nnlo   =    1.2345876231837694            +-    3.9474759649604156E-004
  sig_LO   = (  -1.1118146410322445            +-    7.9389585102358101E-004 ) fb
  sig_NLO  = (  -1.3378189389013637            +-    8.6429748361978754E-004 ) fb
  sig_NNLO = (  -1.3726325950929146            +-    9.0713377257106969E-004 ) fb

  pp ---> HHW+ + X
  ===============

  PDFSET = PDF4LHC21_40                                NSET =  14
  Sqrt(S)  = 13.6 TeV
  LOOP     = 3
  alphaS(MZ) =   0.11800
          kl =   1.00000
          kv =   1.00000
         k2v =   1.00000
         kth =   1.00000
         kbh =   1.00000
        cHsq =   0.00000
       chdup =   0.00000
         cHw =   0.00000
          cH =   0.00000
         cHb =   0.00000
        cHwb =   0.00000
      cHq1st =   0.00000
      cHq3st =  -0.05714
      cHq1rd =   0.00000
      cHq3rd =   0.00000
       cHdst =   0.00000
       cHust =   0.00000
       cHdrd =   0.00000
       cHurd =   0.00000
         cth =   0.00000
         cbh =   0.00000
 --------------

  mH       = 125.0000      GeV
  fact_scale 1.0
  ren_scale  1.0
  Kqq      =   0.25839282370820282            +-   -2.9227078023972170E-004
  Kgq      =   -5.4955482799894255E-002       +-   -9.2292266254953662E-005
  K_nlo    =    1.2034373409083086            +-    3.0649644597027705E-004
  Kqq2     =    5.7015873017922838E-002       +-   -2.2643132320749124E-004
  Kgq2     =   -2.7745314015750033E-002       +-   -9.8429205426331032E-005
  Kqqs     =    1.5374810773521586E-003       +-   -2.8795700199432264E-006
  Kgg      =    5.8789906229550059E-004       +-   -9.4660025585681717E-007
  K_nnlo   =    1.2348332800501289            +-    3.9358444072182188E-004
  sig_LO   = (  -1.1150644123424012            +-    7.9191343846313038E-004 ) fb
  sig_NLO  = (  -1.3419101513308249            +-    8.6251320753492140E-004 ) fb
  sig_NNLO = (  -1.3769186457599367            +-    9.0539247242509317E-004 ) fb

  pp ---> HHW+ + X
  ===============

  PDFSET = PDF4LHC21_40                                NSET =  15
  Sqrt(S)  = 13.6 TeV
  LOOP     = 3
  alphaS(MZ) =   0.11800
          kl =   1.00000
          kv =   1.00000
         k2v =   1.00000
         kth =   1.00000
         kbh =   1.00000
        cHsq =   0.00000
       chdup =   0.00000
         cHw =   0.00000
          cH =   0.00000
         cHb =   0.00000
        cHwb =   0.00000
      cHq1st =   0.00000
      cHq3st =  -0.05714
      cHq1rd =   0.00000
      cHq3rd =   0.00000
       cHdst =   0.00000
       cHust =   0.00000
       cHdrd =   0.00000
       cHurd =   0.00000
         cth =   0.00000
         cbh =   0.00000
 --------------

  mH       = 125.0000      GeV
  fact_scale 1.0
  ren_scale  1.0
  Kqq      =   0.25826915553376456            +-   -2.9208116749070129E-004
  Kgq      =   -5.4859418089573231E-002       +-   -9.2030560505638618E-005
  K_nlo    =    1.2034097374441914            +-    3.0623688946584000E-004
  Kqq2     =    5.6970133213632777E-002       +-   -2.2579903605018803E-004
  Kgq2     =   -2.7700631452291472E-002       +-   -9.8152436049433342E-005
  Kqqs     =    1.5337345722520772E-003       +-   -2.8766871648877265E-006
  Kgg      =    5.8528943778438590E-004       +-   -9.4163348371875100E-007
  K_nnlo   =    1.2347982632155694            +-    3.9294948766477306E-004
  sig_LO   = (  -1.1145600784750034            +-    7.9182457585174650E-004 ) fb
  sig_NLO  = (  -1.3412724514033811            +-    8.6225582029177464E-004 ) fb
  sig_NNLO = (  -1.3762568491503426            +-    9.0487579878995299E-004 ) fb

  pp ---> HHW+ + X
  ===============

  PDFSET = PDF4LHC21_40                                NSET =  16
  Sqrt(S)  = 13.6 TeV
  LOOP     = 3
  alphaS(MZ) =   0.11800
          kl =   1.00000
          kv =   1.00000
         k2v =   1.00000
         kth =   1.00000
         kbh =   1.00000
        cHsq =   0.00000
       chdup =   0.00000
         cHw =   0.00000
          cH =   0.00000
         cHb =   0.00000
        cHwb =   0.00000
      cHq1st =   0.00000
      cHq3st =  -0.05714
      cHq1rd =   0.00000
      cHq3rd =   0.00000
       cHdst =   0.00000
       cHust =   0.00000
       cHdrd =   0.00000
       cHurd =   0.00000
         cth =   0.00000
         cbh =   0.00000
 --------------

  mH       = 125.0000      GeV
  fact_scale 1.0
  ren_scale  1.0
  Kqq      =   0.25811430541346242            +-   -2.9309796072814822E-004
  Kgq      =   -5.4996507050588742E-002       +-   -9.2378516851106200E-005
  K_nlo    =    1.2031177983628738            +-    3.0731125094699875E-004
  Kqq2     =    5.6900899955173924E-002       +-   -2.2687447928022221E-004
  Kgq2     =   -2.7761329062666155E-002       +-   -9.8397956638200838E-005
  Kqqs     =    1.5280197801154551E-003       +-   -2.8668528671561703E-006
  Kgg      =    5.9047755945802738E-004       +-   -9.5303319423285597E-007
  K_nnlo   =    1.2343758665949551            +-    3.9446611932520347E-004
  sig_LO   = (  -1.1193078697345107            +-    7.9914612221020770E-004 ) fb
  sig_NLO  = (  -1.3466592199252228            +-    8.7003100263995234E-004 ) fb
  sig_NNLO = (  -1.3816466216900896            +-    9.1300734415522534E-004 ) fb

  pp ---> HHW+ + X
  ===============

  PDFSET = PDF4LHC21_40                                NSET =  17
  Sqrt(S)  = 13.6 TeV
  LOOP     = 3
  alphaS(MZ) =   0.11800
          kl =   1.00000
          kv =   1.00000
         k2v =   1.00000
         kth =   1.00000
         kbh =   1.00000
        cHsq =   0.00000
       chdup =   0.00000
         cHw =   0.00000
          cH =   0.00000
         cHb =   0.00000
        cHwb =   0.00000
      cHq1st =   0.00000
      cHq3st =  -0.05714
      cHq1rd =   0.00000
      cHq3rd =   0.00000
       cHdst =   0.00000
       cHust =   0.00000
       cHdrd =   0.00000
       cHurd =   0.00000
         cth =   0.00000
         cbh =   0.00000
 --------------

  mH       = 125.0000      GeV
  fact_scale 1.0
  ren_scale  1.0
  Kqq      =   0.25850162224282985            +-   -2.9236447058824310E-004
  Kgq      =   -5.4907040617495753E-002       +-   -9.2164974670498940E-005
  K_nlo    =    1.2035945816253339            +-    3.0654749422945440E-004
  Kqq2     =    5.7066829637734233E-002       +-   -2.2626610281947741E-004
  Kgq2     =   -2.7719323142093456E-002       +-   -9.8261159159198733E-005
  Kqqs     =    1.5346980054472598E-003       +-   -2.8784419656344407E-006
  Kgg      =    5.8847164765675486E-004       +-   -9.4766198087603598E-007
  K_nnlo   =    1.2350652577740788            +-    3.9348717182922320E-004
  sig_LO   = (  -1.1159972765185247            +-    7.9350084308437254E-004 ) fb
  sig_NLO  = (  -1.3432082751263259            +-    8.6410660142543496E-004 ) fb
  sig_NNLO = (  -1.3783294639985217            +-    9.0690643534189488E-004 ) fb

  pp ---> HHW+ + X
  ===============

  PDFSET = PDF4LHC21_40                                NSET =  18
  Sqrt(S)  = 13.6 TeV
  LOOP     = 3
  alphaS(MZ) =   0.11800
          kl =   1.00000
          kv =   1.00000
         k2v =   1.00000
         kth =   1.00000
         kbh =   1.00000
        cHsq =   0.00000
       chdup =   0.00000
         cHw =   0.00000
          cH =   0.00000
         cHb =   0.00000
        cHwb =   0.00000
      cHq1st =   0.00000
      cHq3st =  -0.05714
      cHq1rd =   0.00000
      cHq3rd =   0.00000
       cHdst =   0.00000
       cHust =   0.00000
       cHdrd =   0.00000
       cHurd =   0.00000
         cth =   0.00000
         cbh =   0.00000
 --------------

  mH       = 125.0000      GeV
  fact_scale 1.0
  ren_scale  1.0
  Kqq      =   0.25818911135271350            +-   -2.9196178557337163E-004
  Kgq      =   -5.4690735919350572E-002       +-   -9.1709137208893402E-005
  K_nlo    =    1.2034983754333630            +-    3.0602655127094950E-004
  Kqq2     =    5.6937971313136944E-002       +-   -2.2573024052538655E-004
  Kgq2     =   -2.7613420319505363E-002       +-   -9.7843950694766256E-005
  Kqqs     =    1.5323302825309886E-003       +-   -2.8718479550024583E-006
  Kgg      =    5.8298031982484996E-004       +-   -9.3774041353666482E-007
  K_nnlo   =    1.2349382370293507            +-    3.9266901727251112E-004
  sig_LO   = (  -1.1219198070372294            +-    7.9685957141892273E-004 ) fb
  sig_NLO  = (  -1.3502286651358175            +-    8.6767830637471378E-004 ) fb
  sig_NNLO = (  -1.3855016685908650            +-    9.1052920979456983E-004 ) fb

  pp ---> HHW+ + X
  ===============

  PDFSET = PDF4LHC21_40                                NSET =  19
  Sqrt(S)  = 13.6 TeV
  LOOP     = 3
  alphaS(MZ) =   0.11800
          kl =   1.00000
          kv =   1.00000
         k2v =   1.00000
         kth =   1.00000
         kbh =   1.00000
        cHsq =   0.00000
       chdup =   0.00000
         cHw =   0.00000
          cH =   0.00000
         cHb =   0.00000
        cHwb =   0.00000
      cHq1st =   0.00000
      cHq3st =  -0.05714
      cHq1rd =   0.00000
      cHq3rd =   0.00000
       cHdst =   0.00000
       cHust =   0.00000
       cHdrd =   0.00000
       cHurd =   0.00000
         cth =   0.00000
         cbh =   0.00000
 --------------

  mH       = 125.0000      GeV
  fact_scale 1.0
  ren_scale  1.0
  Kqq      =   0.25869377821608036            +-   -2.9244040860173099E-004
  Kgq      =   -5.5714715595885096E-002       +-   -9.3584072437302878E-005
  K_nlo    =    1.2029790626201953            +-    3.0704946050611739E-004
  Kqq2     =    5.7131473809677924E-002       +-   -2.2630527053159674E-004
  Kgq2     =   -2.8124688761541665E-002       +-   -9.9700118497868904E-005
  Kqqs     =    1.5504660180181370E-003       +-   -2.9083643866608510E-006
  Kgg      =    5.9887473590003806E-004       +-   -9.6655884608110488E-007
  K_nnlo   =    1.2341351884222498            +-    3.9426254338368813E-004
  sig_LO   = (  -1.1020874593015515            +-    7.8360915318837843E-004 ) fb
  sig_NLO  = (  -1.3257881387160531            +-    8.5355417197793436E-004 ) fb
  sig_NNLO = (  -1.3601249142429188            +-    8.9601552074453810E-004 ) fb

  pp ---> HHW+ + X
  ===============

  PDFSET = PDF4LHC21_40                                NSET =  20
  Sqrt(S)  = 13.6 TeV
  LOOP     = 3
  alphaS(MZ) =   0.11800
          kl =   1.00000
          kv =   1.00000
         k2v =   1.00000
         kth =   1.00000
         kbh =   1.00000
        cHsq =   0.00000
       chdup =   0.00000
         cHw =   0.00000
          cH =   0.00000
         cHb =   0.00000
        cHwb =   0.00000
      cHq1st =   0.00000
      cHq3st =  -0.05714
      cHq1rd =   0.00000
      cHq3rd =   0.00000
       cHdst =   0.00000
       cHust =   0.00000
       cHdrd =   0.00000
       cHurd =   0.00000
         cth =   0.00000
         cbh =   0.00000
 --------------

  mH       = 125.0000      GeV
  fact_scale 1.0
  ren_scale  1.0
  Kqq      =   0.25815204930115210            +-   -2.9255225557584137E-004
  Kgq      =   -5.4881232901993586E-002       +-   -9.2138621586858609E-005
  K_nlo    =    1.2032708163991583            +-    3.0671867864614757E-004
  Kqq2     =    5.6920970137152839E-002       +-   -2.2656714147981143E-004
  Kgq2     =   -2.7705931200870167E-002       +-   -9.8198483182195302E-005
  Kqqs     =    1.5327140823285801E-003       +-   -2.8741756272309191E-006
  Kgg      =    5.8967775391087734E-004       +-   -9.5018139235968108E-007
  K_nnlo   =    1.2346082471716808            +-    3.9377801266483897E-004
  sig_LO   = (  -1.1191228993510107            +-    7.9714717227280865E-004 ) fb
  sig_NLO  = (  -1.3466079247530840            +-    8.6791026324202643E-004 ) fb
  sig_NNLO = (  -1.3816783611374406            +-    9.1085001901112324E-004 ) fb

  pp ---> HHW+ + X
  ===============

  PDFSET = PDF4LHC21_40                                NSET =  21
  Sqrt(S)  = 13.6 TeV
  LOOP     = 3
  alphaS(MZ) =   0.11800
          kl =   1.00000
          kv =   1.00000
         k2v =   1.00000
         kth =   1.00000
         kbh =   1.00000
        cHsq =   0.00000
       chdup =   0.00000
         cHw =   0.00000
          cH =   0.00000
         cHb =   0.00000
        cHwb =   0.00000
      cHq1st =   0.00000
      cHq3st =  -0.05714
      cHq1rd =   0.00000
      cHq3rd =   0.00000
       cHdst =   0.00000
       cHust =   0.00000
       cHdrd =   0.00000
       cHurd =   0.00000
         cth =   0.00000
         cbh =   0.00000
 --------------

  mH       = 125.0000      GeV
  fact_scale 1.0
  ren_scale  1.0
  Kqq      =   0.25827814351681083            +-   -2.9308129706867906E-004
  Kgq      =   -5.5513088804264019E-002       +-   -9.3221425010165564E-005
  K_nlo    =    1.2027650547125468            +-    3.0754980210103409E-004
  Kqq2     =    5.6985660621838199E-002       +-   -2.2638479067738367E-004
  Kgq2     =   -2.8023631584889585E-002       +-   -9.9357676981280527E-005
  Kqqs     =    1.5487041727352947E-003       +-   -2.9045791659306574E-006
  Kgg      =    5.9575274627330017E-004       +-   -9.6022489578394480E-007
  K_nnlo   =    1.2338715406685039            +-    3.9461153152122428E-004
  sig_LO   = (  -1.1047739589767600            +-    7.8735044368875655E-004 ) fb
  sig_NLO  = (  -1.3287835112136797            +-    8.5753508451025555E-004 ) fb
  sig_NNLO = (  -1.3631491468530974            +-    8.9998823846648907E-004 ) fb

  pp ---> HHW+ + X
  ===============

  PDFSET = PDF4LHC21_40                                NSET =  22
  Sqrt(S)  = 13.6 TeV
  LOOP     = 3
  alphaS(MZ) =   0.11800
          kl =   1.00000
          kv =   1.00000
         k2v =   1.00000
         kth =   1.00000
         kbh =   1.00000
        cHsq =   0.00000
       chdup =   0.00000
         cHw =   0.00000
          cH =   0.00000
         cHb =   0.00000
        cHwb =   0.00000
      cHq1st =   0.00000
      cHq3st =  -0.05714
      cHq1rd =   0.00000
      cHq3rd =   0.00000
       cHdst =   0.00000
       cHust =   0.00000
       cHdrd =   0.00000
       cHurd =   0.00000
         cth =   0.00000
         cbh =   0.00000
 --------------

  mH       = 125.0000      GeV
  fact_scale 1.0
  ren_scale  1.0
  Kqq      =   0.25828083802640150            +-   -2.9268220952584297E-004
  Kgq      =   -5.5263657520575805E-002       +-   -9.2999039879810387E-005
  K_nlo    =    1.2030171805058256            +-    3.0710209571329207E-004
  Kqq2     =    5.6973091791049903E-002       +-   -2.2617283118100395E-004
  Kgq2     =   -2.7895173610893671E-002       +-   -9.9041874886108007E-005
  Kqqs     =    1.5375818375199398E-003       +-   -2.8841001120907372E-006
  Kgg      =    5.9627413245054190E-004       +-   -9.6474766598895295E-007
  K_nnlo   =    1.2342289546559522            +-    3.9406140195202827E-004
  sig_LO   = (  -1.1112849395596276            +-    7.9129825954654958E-004 ) fb
  sig_NLO  = (  -1.3368948747276099            +-    8.6175609293481770E-004 ) fb
  sig_NNLO = (  -1.3715800492775823            +-    9.0439042783929723E-004 ) fb

  pp ---> HHW+ + X
  ===============

  PDFSET = PDF4LHC21_40                                NSET =  23
  Sqrt(S)  = 13.6 TeV
  LOOP     = 3
  alphaS(MZ) =   0.11800
          kl =   1.00000
          kv =   1.00000
         k2v =   1.00000
         kth =   1.00000
         kbh =   1.00000
        cHsq =   0.00000
       chdup =   0.00000
         cHw =   0.00000
          cH =   0.00000
         cHb =   0.00000
        cHwb =   0.00000
      cHq1st =   0.00000
      cHq3st =  -0.05714
      cHq1rd =   0.00000
      cHq3rd =   0.00000
       cHdst =   0.00000
       cHust =   0.00000
       cHdrd =   0.00000
       cHurd =   0.00000
         cth =   0.00000
         cbh =   0.00000
 --------------

  mH       = 125.0000      GeV
  fact_scale 1.0
  ren_scale  1.0
  Kqq      =   0.25829717133394198            +-   -2.9272291347781252E-004
  Kgq      =   -5.5108290220714833E-002       +-   -9.2536903801990737E-005
  K_nlo    =    1.2031888811132272            +-    3.0700127465565645E-004
  Kqq2     =    5.6979293680802359E-002       +-   -2.2610330295386077E-004
  Kgq2     =   -2.7818824199680448E-002       +-   -9.8602195973846840E-005
  Kqqs     =    1.5384813845922098E-003       +-   -2.8855330672573988E-006
  Kgg      =    5.9169150523065168E-004       +-   -9.5349513791289103E-007
  K_nnlo   =    1.2344795234841721            +-    3.9383259737072081E-004
  sig_LO   = (  -1.1132468073911006            +-    7.9271623579175163E-004 ) fb
  sig_NLO  = (  -1.3394461805877707            +-    8.6325229534303617E-004 ) fb
  sig_NNLO = (  -1.3742803883084413            +-    9.0588212379805004E-004 ) fb

  pp ---> HHW+ + X
  ===============

  PDFSET = PDF4LHC21_40                                NSET =  24
  Sqrt(S)  = 13.6 TeV
  LOOP     = 3
  alphaS(MZ) =   0.11800
          kl =   1.00000
          kv =   1.00000
         k2v =   1.00000
         kth =   1.00000
         kbh =   1.00000
        cHsq =   0.00000
       chdup =   0.00000
         cHw =   0.00000
          cH =   0.00000
         cHb =   0.00000
        cHwb =   0.00000
      cHq1st =   0.00000
      cHq3st =  -0.05714
      cHq1rd =   0.00000
      cHq3rd =   0.00000
       cHdst =   0.00000
       cHust =   0.00000
       cHdrd =   0.00000
       cHurd =   0.00000
         cth =   0.00000
         cbh =   0.00000
 --------------

  mH       = 125.0000      GeV
  fact_scale 1.0
  ren_scale  1.0
  Kqq      =   0.25796195869869393            +-   -2.9425563277422987E-004
  Kgq      =   -5.4733305133014915E-002       +-   -9.1855224959974254E-005
  K_nlo    =    1.2032286535656789            +-    3.0825924117828147E-004
  Kqq2     =    5.6824505132260353E-002       +-   -2.2689108674481202E-004
  Kgq2     =   -2.7631170184276063E-002       +-   -9.7896210996165105E-005
  Kqqs     =    1.5289109804067877E-003       +-   -2.8709205990243096E-006
  Kgg      =    5.8825074147669538E-004       +-   -9.4805079445033882E-007
  K_nnlo   =    1.2345391502355469            +-    3.9509003294040731E-004
  sig_LO   = (  -1.1207603099820977            +-    8.0665726390411504E-004 ) fb
  sig_NLO  = (  -1.3485309187496124            +-    8.7752813916526951E-004 ) fb
  sig_NNLO = (  -1.3836224807030268            +-    9.2020045030462381E-004 ) fb

  pp ---> HHW+ + X
  ===============

  PDFSET = PDF4LHC21_40                                NSET =  25
  Sqrt(S)  = 13.6 TeV
  LOOP     = 3
  alphaS(MZ) =   0.11800
          kl =   1.00000
          kv =   1.00000
         k2v =   1.00000
         kth =   1.00000
         kbh =   1.00000
        cHsq =   0.00000
       chdup =   0.00000
         cHw =   0.00000
          cH =   0.00000
         cHb =   0.00000
        cHwb =   0.00000
      cHq1st =   0.00000
      cHq3st =  -0.05714
      cHq1rd =   0.00000
      cHq3rd =   0.00000
       cHdst =   0.00000
       cHust =   0.00000
       cHdrd =   0.00000
       cHurd =   0.00000
         cth =   0.00000
         cbh =   0.00000
 --------------

  mH       = 125.0000      GeV
  fact_scale 1.0
  ren_scale  1.0
  Kqq      =   0.25818661218125832            +-   -2.9261365185818489E-004
  Kgq      =   -5.5088195446146321E-002       +-   -9.2545286901685097E-005
  K_nlo    =    1.2030984167351120            +-    3.0689962427721907E-004
  Kqq2     =    5.6937329530684484E-002       +-   -2.2610745581480387E-004
  Kgq2     =   -2.7808078459838018E-002       +-   -9.8571508268147949E-005
  Kqqs     =    1.5337468831267888E-003       +-   -2.8760223182977180E-006
  Kgg      =    5.9455046010199915E-004       +-   -9.5904902581067905E-007
  K_nnlo   =    1.2343559651491871            +-    3.9374800885618269E-004
  sig_LO   = (  -1.1130148045974968            +-    7.9261792241907950E-004 ) fb
  sig_NLO  = (  -1.3390663492139885            +-    8.6308903403873303E-004 ) fb
  sig_NNLO = (  -1.3738564633542771            +-    9.0570631124945822E-004 ) fb

  pp ---> HHW+ + X
  ===============

  PDFSET = PDF4LHC21_40                                NSET =  26
  Sqrt(S)  = 13.6 TeV
  LOOP     = 3
  alphaS(MZ) =   0.11800
          kl =   1.00000
          kv =   1.00000
         k2v =   1.00000
         kth =   1.00000
         kbh =   1.00000
        cHsq =   0.00000
       chdup =   0.00000
         cHw =   0.00000
          cH =   0.00000
         cHb =   0.00000
        cHwb =   0.00000
      cHq1st =   0.00000
      cHq3st =  -0.05714
      cHq1rd =   0.00000
      cHq3rd =   0.00000
       cHdst =   0.00000
       cHust =   0.00000
       cHdrd =   0.00000
       cHurd =   0.00000
         cth =   0.00000
         cbh =   0.00000
 --------------

  mH       = 125.0000      GeV
  fact_scale 1.0
  ren_scale  1.0
  Kqq      =   0.25813180233810762            +-   -2.9192802929664730E-004
  Kgq      =   -5.4895883718261811E-002       +-   -9.2210337890880721E-005
  K_nlo    =    1.2032359186198458            +-    3.0614493414553594E-004
  Kqq2     =    5.6917013123230789E-002       +-   -2.2561846806503025E-004
  Kgq2     =   -2.7712464596857396E-002       +-   -9.8269638118573109E-005
  Kqqs     =    1.5350831824489063E-003       +-   -2.8691531521973099E-006
  Kgg      =    5.8910087053371430E-004       +-   -9.4821582563583439E-007
  K_nnlo   =    1.2345646511992019            +-    3.9280334362630330E-004
  sig_LO   = (  -1.1173591368340379            +-    7.9369821426764769E-004 ) fb
  sig_NLO  = (  -1.3444466474367816            +-    8.6427505280910167E-004 ) fb
  sig_NNLO = (  -1.3794520930297551            +-    9.0696867444731188E-004 ) fb

  pp ---> HHW+ + X
  ===============

  PDFSET = PDF4LHC21_40                                NSET =  27
  Sqrt(S)  = 13.6 TeV
  LOOP     = 3
  alphaS(MZ) =   0.11800
          kl =   1.00000
          kv =   1.00000
         k2v =   1.00000
         kth =   1.00000
         kbh =   1.00000
        cHsq =   0.00000
       chdup =   0.00000
         cHw =   0.00000
          cH =   0.00000
         cHb =   0.00000
        cHwb =   0.00000
      cHq1st =   0.00000
      cHq3st =  -0.05714
      cHq1rd =   0.00000
      cHq3rd =   0.00000
       cHdst =   0.00000
       cHust =   0.00000
       cHdrd =   0.00000
       cHurd =   0.00000
         cth =   0.00000
         cbh =   0.00000
 --------------

  mH       = 125.0000      GeV
  fact_scale 1.0
  ren_scale  1.0
  Kqq      =   0.25828729194109346            +-   -2.9311866395945023E-004
  Kgq      =   -5.5131825098353550E-002       +-   -9.2570959374661070E-005
  K_nlo    =    1.2031554668427400            +-    3.0738889648280771E-004
  Kqq2     =    5.6972659441355974E-002       +-   -2.2707922371094808E-004
  Kgq2     =   -2.7832284594682403E-002       +-   -9.8671537712840458E-005
  Kqqs     =    1.5373913108961252E-003       +-   -2.8830781500155360E-006
  Kgg      =    5.9109495429731989E-004       +-   -9.5276770835643345E-007
  K_nnlo   =    1.2344243279546070            +-    3.9471280671220525E-004
  sig_LO   = (  -1.1138436183406482            +-    7.9520705061354887E-004 ) fb
  sig_NLO  = (  -1.3401270386144493            +-    8.6578316111702279E-004 ) fb
  sig_NNLO = (  -1.3749556600166826            +-    9.0865005196903953E-004 ) fb

  pp ---> HHW+ + X
  ===============

  PDFSET = PDF4LHC21_40                                NSET =  28
  Sqrt(S)  = 13.6 TeV
  LOOP     = 3
  alphaS(MZ) =   0.11800
          kl =   1.00000
          kv =   1.00000
         k2v =   1.00000
         kth =   1.00000
         kbh =   1.00000
        cHsq =   0.00000
       chdup =   0.00000
         cHw =   0.00000
          cH =   0.00000
         cHb =   0.00000
        cHwb =   0.00000
      cHq1st =   0.00000
      cHq3st =  -0.05714
      cHq1rd =   0.00000
      cHq3rd =   0.00000
       cHdst =   0.00000
       cHust =   0.00000
       cHdrd =   0.00000
       cHurd =   0.00000
         cth =   0.00000
         cbh =   0.00000
 --------------

  mH       = 125.0000      GeV
  fact_scale 1.0
  ren_scale  1.0
  Kqq      =   0.25822624149294182            +-   -2.9285508700474966E-004
  Kgq      =   -5.4840070546788446E-002       +-   -9.2054777666011905E-005
  K_nlo    =    1.2033861709461533            +-    3.0698238398269435E-004
  Kqq2     =    5.6950285433363404E-002       +-   -2.2681206501106542E-004
  Kgq2     =   -2.7685934916404295E-002       +-   -9.8161512034046901E-005
  Kqqs     =    1.5364875460253953E-003       +-   -2.8831797439823161E-006
  Kgg      =    5.8735212216040947E-004       +-   -9.4539506382802295E-007
  K_nnlo   =    1.2347743611312982            +-    3.9411519363297234E-004
  sig_LO   = (  -1.1160100807595392            +-    7.9573383736170923E-004 ) fb
  sig_NLO  = (  -1.3429910978225292            +-    8.6635095204042490E-004 ) fb
  sig_NNLO = (  -1.3780206344859487            +-    9.0920212946904281E-004 ) fb

  pp ---> HHW+ + X
  ===============

  PDFSET = PDF4LHC21_40                                NSET =  29
  Sqrt(S)  = 13.6 TeV
  LOOP     = 3
  alphaS(MZ) =   0.11800
          kl =   1.00000
          kv =   1.00000
         k2v =   1.00000
         kth =   1.00000
         kbh =   1.00000
        cHsq =   0.00000
       chdup =   0.00000
         cHw =   0.00000
          cH =   0.00000
         cHb =   0.00000
        cHwb =   0.00000
      cHq1st =   0.00000
      cHq3st =  -0.05714
      cHq1rd =   0.00000
      cHq3rd =   0.00000
       cHdst =   0.00000
       cHust =   0.00000
       cHdrd =   0.00000
       cHurd =   0.00000
         cth =   0.00000
         cbh =   0.00000
 --------------

  mH       = 125.0000      GeV
  fact_scale 1.0
  ren_scale  1.0
  Kqq      =   0.25821803318067693            +-   -2.9259191099612861E-004
  Kgq      =   -5.4889514797509406E-002       +-   -9.2131940504726334E-005
  K_nlo    =    1.2033285183831675            +-    3.0675449604126894E-004
  Kqq2     =    5.6949620697755138E-002       +-   -2.2643659103518973E-004
  Kgq2     =   -2.7710332121523826E-002       +-   -9.8196497391781929E-005
  Kqqs     =    1.5368653917590144E-003       +-   -2.8805324340386293E-006
  Kgg      =    5.8816102281241702E-004       +-   -9.4707254644873693E-007
  K_nnlo   =    1.2346928333739704            +-    3.9373036092571863E-004
  sig_LO   = (  -1.1173504103404361            +-    7.9565997986804705E-004 ) fb
  sig_NLO  = (  -1.3445396137897814            +-    8.6634514870645408E-004 ) fb
  sig_NNLO = (  -1.3795845440148016            +-    9.0918502765927880E-004 ) fb

  pp ---> HHW+ + X
  ===============

  PDFSET = PDF4LHC21_40                                NSET =  30
  Sqrt(S)  = 13.6 TeV
  LOOP     = 3
  alphaS(MZ) =   0.11800
          kl =   1.00000
          kv =   1.00000
         k2v =   1.00000
         kth =   1.00000
         kbh =   1.00000
        cHsq =   0.00000
       chdup =   0.00000
         cHw =   0.00000
          cH =   0.00000
         cHb =   0.00000
        cHwb =   0.00000
      cHq1st =   0.00000
      cHq3st =  -0.05714
      cHq1rd =   0.00000
      cHq3rd =   0.00000
       cHdst =   0.00000
       cHust =   0.00000
       cHdrd =   0.00000
       cHurd =   0.00000
         cth =   0.00000
         cbh =   0.00000
 --------------

  mH       = 125.0000      GeV
  fact_scale 1.0
  ren_scale  1.0
  Kqq      =   0.25821234024610307            +-   -2.9209631676282755E-004
  Kgq      =   -5.4942819015459457E-002       +-   -9.2104251555638473E-005
  K_nlo    =    1.2032695212306437            +-    3.0627349121501590E-004
  Kqq2     =    5.6946621903573511E-002       +-   -2.2601360566709455E-004
  Kgq2     =   -2.7739532315713036E-002       +-   -9.8277733957902655E-005
  Kqqs     =    1.5328116181915297E-003       +-   -2.8737084285601427E-006
  Kgg      =    5.8819795025007160E-004       +-   -9.4541675288018780E-007
  K_nnlo   =    1.2345976203869458            +-    3.9313263203726126E-004
  sig_LO   = (  -1.1166362141314055            +-    7.9358482781052646E-004 ) fb
  sig_NLO  = (  -1.3436143227666946            +-    8.6414014604252042E-004 ) fb
  sig_NNLO = (  -1.3785964128045209            +-    9.0690997606069084E-004 ) fb

  pp ---> HHW+ + X
  ===============

  PDFSET = PDF4LHC21_40                                NSET =  31
  Sqrt(S)  = 13.6 TeV
  LOOP     = 3
  alphaS(MZ) =   0.11800
          kl =   1.00000
          kv =   1.00000
         k2v =   1.00000
         kth =   1.00000
         kbh =   1.00000
        cHsq =   0.00000
       chdup =   0.00000
         cHw =   0.00000
          cH =   0.00000
         cHb =   0.00000
        cHwb =   0.00000
      cHq1st =   0.00000
      cHq3st =  -0.05714
      cHq1rd =   0.00000
      cHq3rd =   0.00000
       cHdst =   0.00000
       cHust =   0.00000
       cHdrd =   0.00000
       cHurd =   0.00000
         cth =   0.00000
         cbh =   0.00000
 --------------

  mH       = 125.0000      GeV
  fact_scale 1.0
  ren_scale  1.0
  Kqq      =   0.25845128672207079            +-   -2.9513292290484237E-004
  Kgq      =   -5.5117808097938432E-002       +-   -9.2673189542797878E-005
  K_nlo    =    1.2033334786241323            +-    3.0934085123434795E-004
  Kqq2     =    5.7019952903579238E-002       +-   -2.2720046189644808E-004
  Kgq2     =   -2.7828371186357333E-002       +-   -9.8842417416446866E-005
  Kqqs     =    1.5375785347247579E-003       +-   -2.8895679971567804E-006
  Kgg      =    5.9000373920465319E-004       +-   -9.5025946326980588E-007
  K_nnlo   =    1.2346526426152835            +-    3.9634692909789931E-004
  sig_LO   = (  -1.1098246371288081            +-    8.0067073133202333E-004 ) fb
  sig_NLO  = (  -1.3354891412589740            +-    8.7117058598009485E-004 ) fb
  sig_NNLO = (  -1.3702479210706311            +-    9.1354482749453553E-004 ) fb

  pp ---> HHW+ + X
  ===============

  PDFSET = PDF4LHC21_40                                NSET =  32
  Sqrt(S)  = 13.6 TeV
  LOOP     = 3
  alphaS(MZ) =   0.11800
          kl =   1.00000
          kv =   1.00000
         k2v =   1.00000
         kth =   1.00000
         kbh =   1.00000
        cHsq =   0.00000
       chdup =   0.00000
         cHw =   0.00000
          cH =   0.00000
         cHb =   0.00000
        cHwb =   0.00000
      cHq1st =   0.00000
      cHq3st =  -0.05714
      cHq1rd =   0.00000
      cHq3rd =   0.00000
       cHdst =   0.00000
       cHust =   0.00000
       cHdrd =   0.00000
       cHurd =   0.00000
         cth =   0.00000
         cbh =   0.00000
 --------------

  mH       = 125.0000      GeV
  fact_scale 1.0
  ren_scale  1.0
  Kqq      =   0.25821428613125708            +-   -2.9277765920875359E-004
  Kgq      =   -5.5031380228505261E-002       +-   -9.2414319650588645E-005
  K_nlo    =    1.2031829059027519            +-    3.0701655363878707E-004
  Kqq2     =    5.6946067752018027E-002       +-   -2.2675145700746784E-004
  Kgq2     =   -2.7779755840659739E-002       +-   -9.8469331949154100E-005
  Kqqs     =    1.5364959676063602E-003       +-   -2.8837441237197164E-006
  Kgg      =    5.9017312075968203E-004       +-   -9.5111758755872870E-007
  K_nnlo   =    1.2344758869024759            +-    3.9418373558861724E-004
  sig_LO   = (  -1.1158612540369968            +-    7.9528897516277931E-004 ) fb
  sig_NLO  = (  -1.3425851862165226            +-    8.6593937846531478E-004 ) fb
  sig_NNLO = (  -1.3775038112374309            +-    9.0882144002015679E-004 ) fb

  pp ---> HHW+ + X
  ===============

  PDFSET = PDF4LHC21_40                                NSET =  33
  Sqrt(S)  = 13.6 TeV
  LOOP     = 3
  alphaS(MZ) =   0.11800
          kl =   1.00000
          kv =   1.00000
         k2v =   1.00000
         kth =   1.00000
         kbh =   1.00000
        cHsq =   0.00000
       chdup =   0.00000
         cHw =   0.00000
          cH =   0.00000
         cHb =   0.00000
        cHwb =   0.00000
      cHq1st =   0.00000
      cHq3st =  -0.05714
      cHq1rd =   0.00000
      cHq3rd =   0.00000
       cHdst =   0.00000
       cHust =   0.00000
       cHdrd =   0.00000
       cHurd =   0.00000
         cth =   0.00000
         cbh =   0.00000
 --------------

  mH       = 125.0000      GeV
  fact_scale 1.0
  ren_scale  1.0
  Kqq      =   0.25818210118207646            +-   -2.9230688132800742E-004
  Kgq      =   -5.4946827057043776E-002       +-   -9.2271244269068173E-005
  K_nlo    =    1.2032352741250327            +-    3.0652454288468954E-004
  Kqq2     =    5.6935398912397732E-002       +-   -2.2605750362469194E-004
  Kgq2     =   -2.7738758043031400E-002       +-   -9.8347204708551297E-005
  Kqqs     =    1.5344979481285259E-003       +-   -2.8776185358556254E-006
  Kgg      =    5.8926261033650140E-004       +-   -9.5009704710032057E-007
  K_nnlo   =    1.2345556755528639            +-    3.9337087637815536E-004
  sig_LO   = (  -1.1154968260583134            +-    7.9334217549264390E-004 ) fb
  sig_NLO  = (  -1.3422051292878785            +-    8.6389003150544698E-004 ) fb
  sig_NNLO = (  -1.3771429376714968            +-    9.0660946735258529E-004 ) fb

  pp ---> HHW+ + X
  ===============

  PDFSET = PDF4LHC21_40                                NSET =  34
  Sqrt(S)  = 13.6 TeV
  LOOP     = 3
  alphaS(MZ) =   0.11800
          kl =   1.00000
          kv =   1.00000
         k2v =   1.00000
         kth =   1.00000
         kbh =   1.00000
        cHsq =   0.00000
       chdup =   0.00000
         cHw =   0.00000
          cH =   0.00000
         cHb =   0.00000
        cHwb =   0.00000
      cHq1st =   0.00000
      cHq3st =  -0.05714
      cHq1rd =   0.00000
      cHq3rd =   0.00000
       cHdst =   0.00000
       cHust =   0.00000
       cHdrd =   0.00000
       cHurd =   0.00000
         cth =   0.00000
         cbh =   0.00000
 --------------

  mH       = 125.0000      GeV
  fact_scale 1.0
  ren_scale  1.0
  Kqq      =   0.25787981918002822            +-   -2.8976735334973019E-004
  Kgq      =   -5.4894771993347982E-002       +-   -9.2234936418709282E-005
  K_nlo    =    1.2029850471866803            +-    3.0409275322419428E-004
  Kqq2     =    5.6877839099151187E-002       +-   -2.1820637999982916E-004
  Kgq2     =   -2.7707698582569506E-002       +-   -9.8166771649981646E-005
  Kqqs     =    1.5318802428160242E-003       +-   -2.8662833928140117E-006
  Kgg      =    5.9077080309873423E-004       +-   -9.5238262148411262E-007
  K_nnlo   =    1.2342778387491766            +-    3.8695253520997359E-004
  sig_LO   = (  -1.1223071298058014            +-    7.8657496734893377E-004 ) fb
  sig_NLO  = (  -1.3501186955073796            +-    8.5742401874752054E-004 ) fb
  sig_NNLO = (  -1.3852388185894962            +-    8.9849815849738879E-004 ) fb

  pp ---> HHW+ + X
  ===============

  PDFSET = PDF4LHC21_40                                NSET =  35
  Sqrt(S)  = 13.6 TeV
  LOOP     = 3
  alphaS(MZ) =   0.11800
          kl =   1.00000
          kv =   1.00000
         k2v =   1.00000
         kth =   1.00000
         kbh =   1.00000
        cHsq =   0.00000
       chdup =   0.00000
         cHw =   0.00000
          cH =   0.00000
         cHb =   0.00000
        cHwb =   0.00000
      cHq1st =   0.00000
      cHq3st =  -0.05714
      cHq1rd =   0.00000
      cHq3rd =   0.00000
       cHdst =   0.00000
       cHust =   0.00000
       cHdrd =   0.00000
       cHurd =   0.00000
         cth =   0.00000
         cbh =   0.00000
 --------------

  mH       = 125.0000      GeV
  fact_scale 1.0
  ren_scale  1.0
  Kqq      =   0.25820474202361843            +-   -2.9288951687720223E-004
  Kgq      =   -5.4962729189687178E-002       +-   -9.2236928988674401E-005
  K_nlo    =    1.2032420128339312            +-    3.0706989459375973E-004
  Kqq2     =    5.6940378359544207E-002       +-   -2.2675238375056793E-004
  Kgq2     =   -2.7746265933179297E-002       +-   -9.8287176558744990E-005
  Kqqs     =    1.5338295145592748E-003       +-   -2.8751288560358980E-006
  Kgg      =    5.9000578715906102E-004       +-   -9.5034686004533985E-007
  K_nnlo   =    1.2345599605620143            +-    3.9418029162221016E-004
  sig_LO   = (  -1.1166494400982576            +-    7.9632078840391485E-004 ) fb
  sig_NLO  = (  -1.3435995199337099            +-    8.6700631855662371E-004 ) fb
  sig_NNLO = (  -1.3785706887293006            +-    9.0987289317545942E-004 ) fb

  pp ---> HHW+ + X
  ===============

  PDFSET = PDF4LHC21_40                                NSET =  36
  Sqrt(S)  = 13.6 TeV
  LOOP     = 3
  alphaS(MZ) =   0.11800
          kl =   1.00000
          kv =   1.00000
         k2v =   1.00000
         kth =   1.00000
         kbh =   1.00000
        cHsq =   0.00000
       chdup =   0.00000
         cHw =   0.00000
          cH =   0.00000
         cHb =   0.00000
        cHwb =   0.00000
      cHq1st =   0.00000
      cHq3st =  -0.05714
      cHq1rd =   0.00000
      cHq3rd =   0.00000
       cHdst =   0.00000
       cHust =   0.00000
       cHdrd =   0.00000
       cHurd =   0.00000
         cth =   0.00000
         cbh =   0.00000
 --------------

  mH       = 125.0000      GeV
  fact_scale 1.0
  ren_scale  1.0
  Kqq      =   0.25832089414391390            +-   -2.9307500700253441E-004
  Kgq      =   -5.5235754408756860E-002       +-   -9.2707926666358046E-005
  K_nlo    =    1.2030851397351570            +-    3.0738854792641579E-004
  Kqq2     =    5.6986067624494423E-002       +-   -2.2693766129027343E-004
  Kgq2     =   -2.7882681317718962E-002       +-   -9.8787189160678835E-005
  Kqqs     =    1.5370309128204525E-003       +-   -2.8807287333553110E-006
  Kgg      =    5.9456954054862765E-004       +-   -9.5890921737836741E-007
  K_nnlo   =    1.2343201264953017            +-    3.9466004149824865E-004
  sig_LO   = (  -1.1124712431752688            +-    7.9386777408136343E-004 ) fb
  sig_NLO  = (  -1.3383976210468620            +-    8.6438609056718795E-004 ) fb
  sig_NNLO = (  -1.3731456455984830            +-    9.0718749026169859E-004 ) fb

  pp ---> HHW+ + X
  ===============

  PDFSET = PDF4LHC21_40                                NSET =  37
  Sqrt(S)  = 13.6 TeV
  LOOP     = 3
  alphaS(MZ) =   0.11800
          kl =   1.00000
          kv =   1.00000
         k2v =   1.00000
         kth =   1.00000
         kbh =   1.00000
        cHsq =   0.00000
       chdup =   0.00000
         cHw =   0.00000
          cH =   0.00000
         cHb =   0.00000
        cHwb =   0.00000
      cHq1st =   0.00000
      cHq3st =  -0.05714
      cHq1rd =   0.00000
      cHq3rd =   0.00000
       cHdst =   0.00000
       cHust =   0.00000
       cHdrd =   0.00000
       cHurd =   0.00000
         cth =   0.00000
         cbh =   0.00000
 --------------

  mH       = 125.0000      GeV
  fact_scale 1.0
  ren_scale  1.0
  Kqq      =   0.25820721850691114            +-   -2.9294129883077427E-004
  Kgq      =   -5.5015510729108569E-002       +-   -9.2322545866643771E-005
  K_nlo    =    1.2031917077778025            +-    3.0714500978521451E-004
  Kqq2     =    5.6940014954825917E-002       +-   -2.2679301708529128E-004
  Kgq2     =   -2.7773894419245826E-002       +-   -9.8394043345115481E-005
  Kqqs     =    1.5352725674890122E-003       +-   -2.8785433950631006E-006
  Kgg      =    5.9003643198227889E-004       +-   -9.5052380154994153E-007
  K_nnlo   =    1.2344831373128538            +-    3.9428886226722633E-004
  sig_LO   = (  -1.1155122720527406            +-    7.9585622749936088E-004 ) fb
  sig_NLO  = (  -1.3421751156582338            +-    8.6647467315396898E-004 ) fb
  sig_NNLO = (  -1.3770810893146572            +-    9.0930805518577766E-004 ) fb

  pp ---> HHW+ + X
  ===============

  PDFSET = PDF4LHC21_40                                NSET =  38
  Sqrt(S)  = 13.6 TeV
  LOOP     = 3
  alphaS(MZ) =   0.11800
          kl =   1.00000
          kv =   1.00000
         k2v =   1.00000
         kth =   1.00000
         kbh =   1.00000
        cHsq =   0.00000
       chdup =   0.00000
         cHw =   0.00000
          cH =   0.00000
         cHb =   0.00000
        cHwb =   0.00000
      cHq1st =   0.00000
      cHq3st =  -0.05714
      cHq1rd =   0.00000
      cHq3rd =   0.00000
       cHdst =   0.00000
       cHust =   0.00000
       cHdrd =   0.00000
       cHurd =   0.00000
         cth =   0.00000
         cbh =   0.00000
 --------------

  mH       = 125.0000      GeV
  fact_scale 1.0
  ren_scale  1.0
  Kqq      =   0.25795169209015273            +-   -2.9249678925997275E-004
  Kgq      =   -5.4565365683449031E-002       +-   -9.1607427313809478E-005
  K_nlo    =    1.2033863264067037            +-    3.0650659449096325E-004
  Kqq2     =    5.6840870540207526E-002       +-   -2.2624293028358292E-004
  Kgq2     =   -2.7545203545992505E-002       +-   -9.7636912806306478E-005
  Kqqs     =    1.5252753033703085E-003       +-   -2.8601333771390356E-006
  Kgg      =    5.8530350336463623E-004       +-   -9.4263637903179955E-007
  K_nnlo   =    1.2347925722076538            +-    3.9328639899998368E-004
  sig_LO   = (  -1.1241743866379064            +-    8.0032115771313530E-004 ) fb
  sig_NLO  = (  -1.3528160853766995            +-    8.7134394957794710E-004 ) fb
  sig_NNLO = (  -1.3881221824865819            +-    9.1432284083834726E-004 ) fb

  pp ---> HHW+ + X
  ===============

  PDFSET = PDF4LHC21_40                                NSET =  39
  Sqrt(S)  = 13.6 TeV
  LOOP     = 3
  alphaS(MZ) =   0.11800
          kl =   1.00000
          kv =   1.00000
         k2v =   1.00000
         kth =   1.00000
         kbh =   1.00000
        cHsq =   0.00000
       chdup =   0.00000
         cHw =   0.00000
          cH =   0.00000
         cHb =   0.00000
        cHwb =   0.00000
      cHq1st =   0.00000
      cHq3st =  -0.05714
      cHq1rd =   0.00000
      cHq3rd =   0.00000
       cHdst =   0.00000
       cHust =   0.00000
       cHdrd =   0.00000
       cHurd =   0.00000
         cth =   0.00000
         cbh =   0.00000
 --------------

  mH       = 125.0000      GeV
  fact_scale 1.0
  ren_scale  1.0
  Kqq      =   0.25822216625229583            +-   -2.9310213636735935E-004
  Kgq      =   -5.5151349362554135E-002       +-   -9.2632118543754338E-005
  K_nlo    =    1.2030708168897417            +-    3.0739156092679949E-004
  Kqq2     =    5.6944701858332003E-002       +-   -2.2694508977682548E-004
  Kgq2     =   -2.7839680223847578E-002       +-   -9.8677134393253352E-005
  Kqqs     =    1.5356068807711443E-003       +-   -2.8806933200305098E-006
  Kgg      =    5.9316488108545143E-004       +-   -9.5638819973962063E-007
  K_nnlo   =    1.2343046102860826            +-    3.9463912049780679E-004
  sig_LO   = (  -1.1143817904395468            +-    7.9545509019577634E-004 ) fb
  sig_NLO  = (  -1.3406802109511584            +-    8.6607757760391005E-004 ) fb
  sig_NNLO = (  -1.3754865815583919            +-    9.0893017401274005E-004 ) fb

  pp ---> HHW+ + X
  ===============

  PDFSET = PDF4LHC21_40                                NSET =  40
  Sqrt(S)  = 13.6 TeV
  LOOP     = 3
  alphaS(MZ) =   0.11800
          kl =   1.00000
          kv =   1.00000
         k2v =   1.00000
         kth =   1.00000
         kbh =   1.00000
        cHsq =   0.00000
       chdup =   0.00000
         cHw =   0.00000
          cH =   0.00000
         cHb =   0.00000
        cHwb =   0.00000
      cHq1st =   0.00000
      cHq3st =  -0.05714
      cHq1rd =   0.00000
      cHq3rd =   0.00000
       cHdst =   0.00000
       cHust =   0.00000
       cHdrd =   0.00000
       cHurd =   0.00000
         cth =   0.00000
         cbh =   0.00000
 --------------

  mH       = 125.0000      GeV
  fact_scale 1.0
  ren_scale  1.0
  Kqq      =   0.25826128546117866            +-   -2.9308872504549185E-004
  Kgq      =   -5.5007228938036695E-002       +-   -9.2334111346303502E-005
  K_nlo    =    1.2032540565231420            +-    3.0728909656364882E-004
  Kqq2     =    5.6962667594480217E-002       +-   -2.2692377876245109E-004
  Kgq2     =   -2.7769688941654071E-002       +-   -9.8405836879072664E-005
  Kqqs     =    1.5354157077077041E-003       +-   -2.8785204590716300E-006
  Kgg      =    5.9071824820422893E-004       +-   -9.5150811353954380E-007
  K_nnlo   =    1.2345731691318802            +-    3.9447926461897510E-004
  sig_LO   = (  -1.1138713236543707            +-    7.9504549260436624E-004 ) fb
  sig_NLO  = (  -1.3402701886319230            +-    8.6559418014904989E-004 ) fb
  sig_NNLO = (  -1.3751556500490985            +-    9.0838809993394078E-004 ) fb

  pp ---> HHW+ + X
  ===============

  PDFSET = PDF4LHC21_40                                NSET =  41
  Sqrt(S)  = 13.6 TeV
  LOOP     = 3
  alphaS(MZ) =   0.11700
          kl =   1.00000
          kv =   1.00000
         k2v =   1.00000
         kth =   1.00000
         kbh =   1.00000
        cHsq =   0.00000
       chdup =   0.00000
         cHw =   0.00000
          cH =   0.00000
         cHb =   0.00000
        cHwb =   0.00000
      cHq1st =   0.00000
      cHq3st =  -0.05714
      cHq1rd =   0.00000
      cHq3rd =   0.00000
       cHdst =   0.00000
       cHust =   0.00000
       cHdrd =   0.00000
       cHurd =   0.00000
         cth =   0.00000
         cbh =   0.00000
 --------------

  mH       = 125.0000      GeV
  fact_scale 1.0
  ren_scale  1.0
  Kqq      =   0.25636881533822642            +-   -2.9155962675616763E-004
  Kgq      =   -5.3676090650632759E-002       +-   -9.0164087030636562E-005
  K_nlo    =    1.2026927246875936            +-    3.0518286082980477E-004
  Kqq2     =    5.6136942648042767E-002       +-   -2.2468753055857087E-004
  Kgq2     =   -2.6926015581027071E-002       +-   -9.5440172236673228E-005
  Kqqs     =    1.5086085257370869E-003       +-   -2.8342139125114211E-006
  Kgg      =    5.6435437972768960E-004       +-   -9.0873577966615495E-007
  K_nnlo   =    1.2339766146600739            +-    3.9081805226800570E-004
  sig_LO   = (  -1.1214282819237085            +-    8.0267848807159066E-004 ) fb
  sig_NLO  = (  -1.3487336359285518            +-    8.7259466305356092E-004 ) fb
  sig_NNLO = (  -1.3838162749122809            +-    9.1453661475178179E-004 ) fb

  pp ---> HHW+ + X
  ===============

  PDFSET = PDF4LHC21_40                                NSET =  42
  Sqrt(S)  = 13.6 TeV
  LOOP     = 3
  alphaS(MZ) =   0.11900
          kl =   1.00000
          kv =   1.00000
         k2v =   1.00000
         kth =   1.00000
         kbh =   1.00000
        cHsq =   0.00000
       chdup =   0.00000
         cHw =   0.00000
          cH =   0.00000
         cHb =   0.00000
        cHwb =   0.00000
      cHq1st =   0.00000
      cHq3st =  -0.05714
      cHq1rd =   0.00000
      cHq3rd =   0.00000
       cHdst =   0.00000
       cHust =   0.00000
       cHdrd =   0.00000
       cHurd =   0.00000
         cth =   0.00000
         cbh =   0.00000
 --------------

  mH       = 125.0000      GeV
  fact_scale 1.0
  ren_scale  1.0
  Kqq      =   0.25997458260575795            +-   -2.9467683058525835E-004
  Kgq      =   -5.4359460297014696E-002       +-   -9.1426009966568425E-005
  K_nlo    =    1.2056151223087432            +-    3.0853387136938485E-004
  Kqq2     =    5.7715877139548864E-002       +-   -2.2979781529530933E-004
  Kgq2     =   -2.7615590693454015E-002       +-   -9.7945245320919095E-005
  Kqqs     =    1.5588444872774243E-003       +-   -2.9195933598638441E-006
  Kgg      =    5.7968344976514884E-004       +-   -9.3731630208037703E-007
  K_nnlo   =    1.2378539366918806            +-    3.9699226612730046E-004
  sig_LO   = (  -1.1171876131368261            +-    7.9720923386468522E-004 ) fb
  sig_NLO  = (  -1.3468982808537677            +-    8.6853549717834377E-004 ) fb
  sig_NNLO = (  -1.3829150849448262            +-    9.1227626179580254E-004 ) fb

