  pp ---> HHW+ + X
  ===============

  PDFSET = PDF4LHC21_40                                NSET =   0
  Sqrt(S)  = 13.6 TeV
  LOOP     = 3
  alphaS(MZ) =   0.11800
          kl =   1.00000
          kv =   1.00000
         k2v =   1.00000
         kth =   1.00000
         kbh =   1.00000
        cHsq =   1.00000
       chdup =   0.00000
         cHw =   0.00000
          cH =   0.00000
         cHb =   0.00000
        cHwb =   0.00000
      cHq1st =   0.00000
      cHq3st =   0.00000
      cHq1rd =   0.00000
      cHq3rd =   0.00000
       cHdst =   0.00000
       cHust =   0.00000
       cHdrd =   0.00000
       cHurd =   0.00000
         cth =   0.00000
         cbh =   0.00000
 --------------

  mH       = 125.0000      GeV
  fact_scale 0.5
  ren_scale  0.5
  Kqq      =   0.20374855081009696            +-    1.9682569159382230E-004
  Kgq      =   -2.0814668113225788E-002       +-    1.3018909874582904E-004
  K_nlo    =    1.1829338826968712            +-    2.3598634346851021E-004
  Kqq2     =    2.3806762110182095E-002       +-    1.8097476919244390E-004
  Kgq2     =   -1.6744371676195521E-002       +-    1.2606688212341087E-004
  Kqqs     =    1.3641990274154390E-003       +-    3.9332384037772404E-006
  Kgg      =    3.0785891963406860E-004       +-    1.6574879297901908E-006
  K_nnlo   =    1.1916683310779073            +-    3.2303637223506635E-004
  sig_LO   = (  0.53483456844658717            +-    3.1052899987820326E-004 ) fb
  sig_NLO  = (  0.63267393265302685            +-    3.3519866685872198E-004 ) fb
  sig_NNLO = (  0.63734541758351726            +-    3.5535627851599990E-004 ) fb

  mH       = 125.0000      GeV
  fact_scale 1.0
  ren_scale  0.5
  Kqq      =   0.27374595237499555            +-    2.4848851118551758E-004
  Kgq      =   -7.3750835604422971E-002       +-    1.3276941413761952E-004
  K_nlo    =    1.1999951167705727            +-    2.8173437405052619E-004
  Kqq2     =    4.2443759131668306E-002       +-    2.7395685868460926E-004
  Kgq2     =   -3.5207240417853024E-002       +-    1.6930025995650976E-004
  Kqqs     =    2.0293921861609097E-003       +-    4.0076612019217717E-006
  Kgg      =    1.1991357440910928E-003       +-    1.9863213310684745E-006
  K_nnlo   =    1.2104601634146399            +-    4.2791261115333147E-004
  sig_LO   = (  0.52857141203138758            +-    3.0651594042969439E-004 ) fb
  sig_NLO  = (  0.63428311330219134            +-    3.4077590286211420E-004 ) fb
  sig_NNLO = (  0.63981463778382031            +-    3.8093370504612084E-004 ) fb

  mH       = 125.0000      GeV
  fact_scale 0.5
  ren_scale  1.0
  Kqq      =   0.18726672855982782            +-    1.8101511093111865E-004
  Kgq      =   -1.9136290754498464E-002       +-    1.1960145386669622E-004
  K_nlo    =    1.1681304378053292            +-    2.1695847103174527E-004
  Kqq2     =    3.4519335683529322E-002       +-    1.3204990381466861E-004
  Kgq2     =   -1.5586491249152706E-002       +-    1.0719986669337703E-004
  Kqqs     =    1.1496569416113648E-003       +-    3.3173755171363052E-006
  Kgg      =    2.5946750321728765E-004       +-    1.3956058420485996E-006
  K_nnlo   =    1.1884724066845345            +-    2.7570440577720507E-004
  sig_LO   = (  0.53483456844658717            +-    3.1052899987820326E-004 ) fb
  sig_NLO  = (  0.62475653859293623            +-    3.3150085921226187E-004 ) fb
  sig_NNLO = (  0.63563612673979986            +-    3.4376097002143994E-004 ) fb

  mH       = 125.0000      GeV
  fact_scale 1.0
  ren_scale  1.0
  Kqq      =   0.25159678828366400            +-    2.2849715881127520E-004
  Kgq      =   -6.7744850977502172E-002       +-    1.2194383738177621E-004
  K_nlo    =    1.1838519373061618            +-    2.5900048467178242E-004
  Kqq2     =    5.5234947304603814E-002       +-    2.0272924371733106E-004
  Kgq2     =   -3.4924774248923526E-002       +-    1.3055119626535005E-004
  Kqqs     =    1.7128393400709526E-003       +-    3.3840455314207156E-006
  Kgg      =    1.0100748716975862E-003       +-    1.6718772312599084E-006
  K_nnlo   =    1.2068850245736107            +-    3.5389017943758809E-004
  sig_LO   = (  0.52857141203138758            +-    3.0651594042969439E-004 ) fb
  sig_NLO  = (  0.62575029013801164            +-    3.3569882440622660E-004 ) fb
  sig_NNLO = (  0.63792492159840919            +-    3.5908502560143626E-004 ) fb

  mH       = 125.0000      GeV
  fact_scale 1.5
  ren_scale  1.0
  Kqq      =   0.29033382378403261            +-    2.6990843470094209E-004
  Kgq      =   -9.4986392513671511E-002       +-    1.1389361343240149E-004
  K_nlo    =    1.1953474312703609            +-    2.9295446455618665E-004
  Kqq2     =    6.7160924938635277E-002       +-    2.6027536064809903E-004
  Kgq2     =   -4.8136382814215485E-002       +-    1.4527546681283526E-004
  Kqqs     =    3.0516760886867096E-003       +-    4.0822186206762650E-006
  Kgg      =    1.6860811275131759E-003       +-    1.9290192009118067E-006
  K_nnlo   =    1.2191097306109808            +-    4.1796043897183825E-004
  sig_LO   = (  0.52439624089971970            +-    3.0376909167319634E-004 ) fb
  sig_NLO  = (  0.62683569952731344            +-    3.4040573146871649E-004 ) fb
  sig_NNLO = (  0.63929655997666834            +-    3.7458532688267775E-004 ) fb

  mH       = 125.0000      GeV
  fact_scale 2.0
  ren_scale  1.0
  Kqq      =   0.31819399559930578            +-    3.0812658244255771E-004
  Kgq      =  -0.11383464804635927            +-    1.3014361381125599E-004
  K_nlo    =    1.2043593475529466            +-    3.3448370815868393E-004
  Kqq2     =    7.5542156344954647E-002       +-    3.0839109364916864E-004
  Kgq2     =   -5.8333567639477092E-002       +-    1.6356036200187256E-004
  Kqqs     =    4.4267571541652994E-003       +-    4.7859682820359849E-006
  Kgg      =    2.2566986552496212E-003       +-    2.2345521896815691E-006
  K_nnlo   =    1.2282513920678393            +-    4.8349178731368604E-004
  sig_LO   = (  0.52126116632798614            +-    3.0177317496152283E-004 ) fb
  sig_NLO  = (  0.62778575818346138            +-    3.4851993630335520E-004 ) fb
  sig_NNLO = (  0.64023975317325443            +-    3.9317158878875895E-004 ) fb

  mH       = 125.0000      GeV
  fact_scale 1.0
  ren_scale  1.5
  Kqq      =   0.24025630651945201            +-    2.1825323331045197E-004
  Kgq      =   -6.4672340802934103E-002       +-    1.1640579896822960E-004
  K_nlo    =    1.1755839657165179            +-    2.4735558187333971E-004
  Kqq2     =    6.0732062100896184E-002       +-    1.7663406330079587E-004
  Kgq2     =   -3.4636007230108991E-002       +-    1.1479584831593241E-004
  Kqqs     =    1.5612589182776449E-003       +-    3.0852576141447369E-006
  Kgg      =    9.1974510412966704E-004       +-    1.5217883488166021E-006
  K_nnlo   =    1.2041610246097123            +-    3.2492198701680194E-004
  sig_LO   = (  0.52857141203138758            +-    3.0651594042969439E-004 ) fb
  sig_NLO  = (  0.62138007672023821            +-    3.3323610261104444E-004 ) fb
  sig_NNLO = (  0.63648509309111811            +-    3.5135194023595329E-004 ) fb

  mH       = 125.0000      GeV
  fact_scale 1.5
  ren_scale  1.5
  Kqq      =   0.27723767276505823            +-    2.5816798908738931E-004
  Kgq      =   -9.0673587975732217E-002       +-    1.0874259316769837E-004
  K_nlo    =    1.1865640847893260            +-    2.8013507841443552E-004
  Kqq2     =    7.3198955089078643E-002       +-    2.2077815530197056E-004
  Kgq2     =   -4.7832285130829308E-002       +-    1.3060893796041257E-004
  Kqqs     =    2.7815171052396970E-003       +-    3.7201315362523140E-006
  Kgg      =    1.5351464611944791E-003       +-    1.7569207619624658E-006
  K_nnlo   =    1.2162474183140095            +-    3.7986086510874043E-004
  sig_LO   = (  0.52439624089971970            +-    3.0376909167319634E-004 ) fb
  sig_NLO  = (  0.62222974565013878            +-    3.3742524302389851E-004 ) fb
  sig_NNLO = (  0.63779557416785548            +-    3.6325658807141134E-004 ) fb

  mH       = 125.0000      GeV
  fact_scale 2.0
  ren_scale  1.5
  Kqq      =   0.30385322624368877            +-    2.9428370101908350E-004
  Kgq      =  -0.10866265610414211            +-    1.2424502558256798E-004
  K_nlo    =    1.1951905701395467            +-    3.1943657127433343E-004
  Kqq2     =    8.1994015624788003E-002       +-    2.6050332469315911E-004
  Kgq2     =   -5.7936342897729524E-002       +-    1.5078062343106097E-004
  Kqqs     =    4.0346196586069577E-003       +-    4.3610324775390054E-006
  Kgg      =    2.0545782517520984E-003       +-    2.0349025384494669E-006
  K_nnlo   =    1.2253374407769642            +-    4.3893013234290755E-004
  sig_LO   = (  0.52126116632798614            +-    3.0177317496152283E-004 ) fb
  sig_NLO  = (  0.62300643057515082            +-    3.4466300812168268E-004 ) fb
  sig_NNLO = (  0.63872082352475001            +-    3.7870202379628522E-004 ) fb

  mH       = 125.0000      GeV
  fact_scale 1.0
  ren_scale  2.0
  Kqq      =   0.23282188626963327            +-    2.1153200653104833E-004
  Kgq      =   -6.2659126826394948E-002       +-    1.1277716031222722E-004
  K_nlo    =    1.1701627594432382            +-    2.3971749555495793E-004
  Kqq2     =    6.3943072798640144E-002       +-    1.7344622164777894E-004
  Kgq2     =   -3.4399316437605111E-002       +-    1.0679615409626399E-004
  Kqqs     =    1.4657369163464514E-003       +-    2.8969114468860456E-006
  Kgg      =    8.6289365690387797E-004       +-    1.4273739999353041E-006
  K_nnlo   =    1.2020351463775236            +-    3.1458531037105257E-004
  sig_LO   = (  0.52857141203138758            +-    3.0651594042969439E-004 ) fb
  sig_NLO  = (  0.61851458206545740            +-    3.3167286917758579E-004 ) fb
  sig_NNLO = (  0.63536141463212337            +-    3.4871381784190266E-004 ) fb

  mH       = 125.0000      GeV
  fact_scale 1.5
  ren_scale  2.0
  Kqq      =   0.26865864209682477            +-    2.5027738325991830E-004
  Kgq      =   -8.7847906741085155E-002       +-    1.0536700389125368E-004
  K_nlo    =    1.1808107353557398            +-    2.7155289370664324E-004
  Kqq2     =    7.6724225391960374E-002       +-    2.1096729449285363E-004
  Kgq2     =   -4.7555050694407276E-002       +-    1.2448185179849073E-004
  Kqqs     =    2.6112779954785806E-003       +-    3.4920238487567810E-006
  Kgg      =    1.4401620965680706E-003       +-    1.6485816278415204E-006
  K_nnlo   =    1.2140313501453395            +-    3.6573052498419005E-004
  sig_LO   = (  0.52439624089971970            +-    3.0376909167319634E-004 ) fb
  sig_NLO  = (  0.61921271083458362            +-    3.3549038144772901E-004 ) fb
  sig_NNLO = (  0.63663347635062728            +-    3.5924669478757976E-004 ) fb

  mH       = 125.0000      GeV
  fact_scale 2.0
  ren_scale  2.0
  Kqq      =   0.29445178897500734            +-    2.8519854471717947E-004
  Kgq      =  -0.10527422753531840            +-    1.2038037425359304E-004
  K_nlo    =    1.1891775614396889            +-    3.0956363548426054E-004
  Kqq2     =    8.5748556735172329E-002       +-    2.4264279965863323E-004
  Kgq2     =   -5.7580518395091089E-002       +-    1.4550621667152057E-004
  Kqqs     =    3.7875355659994590E-003       +-    4.0933728460349727E-006
  Kgg      =    1.9273906280408636E-003       +-    1.9092398700429741E-006
  K_nnlo   =    1.2230605259738105            +-    4.1940151719874506E-004
  sig_LO   = (  0.52126116632798614            +-    3.0177317496152283E-004 ) fb
  sig_NLO  = (  0.61987208264712257            +-    3.4220641256774528E-004 ) fb
  sig_NNLO = (  0.63753395625882847            +-    3.7264025330034460E-004 ) fb

  pp ---> HHW+ + X
  ===============

  PDFSET = PDF4LHC21_40                                NSET =   1
  Sqrt(S)  = 13.6 TeV
  LOOP     = 3
  alphaS(MZ) =   0.11800
          kl =   1.00000
          kv =   1.00000
         k2v =   1.00000
         kth =   1.00000
         kbh =   1.00000
        cHsq =   1.00000
       chdup =   0.00000
         cHw =   0.00000
          cH =   0.00000
         cHb =   0.00000
        cHwb =   0.00000
      cHq1st =   0.00000
      cHq3st =   0.00000
      cHq1rd =   0.00000
      cHq3rd =   0.00000
       cHdst =   0.00000
       cHust =   0.00000
       cHdrd =   0.00000
       cHurd =   0.00000
         cth =   0.00000
         cbh =   0.00000
 --------------

  mH       = 125.0000      GeV
  fact_scale 1.0
  ren_scale  1.0
  Kqq      =   0.25169507683545067            +-    2.2907315351936380E-004
  Kgq      =   -6.7762929558914539E-002       +-    1.2204373319920072E-004
  K_nlo    =    1.1839321472765361            +-    2.5955574059631910E-004
  Kqq2     =    5.5273668892332123E-002       +-    2.0321402893124267E-004
  Kgq2     =   -3.4935928258455894E-002       +-    1.3065794629145067E-004
  Kqqs     =    1.7133876906183019E-003       +-    3.3858283931318147E-006
  Kgg      =    1.0099476294728638E-003       +-    1.6708256502612824E-006
  K_nnlo   =    1.2069932232305036            +-    3.5461370313671263E-004
  sig_LO   = (  0.52872322116463566            +-    3.0787450661216132E-004 ) fb
  sig_NLO  = (  0.62597241854841401            +-    3.3707513780022169E-004 ) fb
  sig_NNLO = (  0.63816534491031807            +-    3.6047211979538290E-004 ) fb

  pp ---> HHW+ + X
  ===============

  PDFSET = PDF4LHC21_40                                NSET =   2
  Sqrt(S)  = 13.6 TeV
  LOOP     = 3
  alphaS(MZ) =   0.11800
          kl =   1.00000
          kv =   1.00000
         k2v =   1.00000
         kth =   1.00000
         kbh =   1.00000
        cHsq =   1.00000
       chdup =   0.00000
         cHw =   0.00000
          cH =   0.00000
         cHb =   0.00000
        cHwb =   0.00000
      cHq1st =   0.00000
      cHq3st =   0.00000
      cHq1rd =   0.00000
      cHq3rd =   0.00000
       cHdst =   0.00000
       cHust =   0.00000
       cHdrd =   0.00000
       cHurd =   0.00000
         cth =   0.00000
         cbh =   0.00000
 --------------

  mH       = 125.0000      GeV
  fact_scale 1.0
  ren_scale  1.0
  Kqq      =   0.25160102045167482            +-    2.2813797954889108E-004
  Kgq      =   -6.7681614014959493E-002       +-    1.2170401611389655E-004
  K_nlo    =    1.1839194064367153            +-    2.5857069681404707E-004
  Kqq2     =    5.5239700083594911E-002       +-    2.0251309976142962E-004
  Kgq2     =   -3.4892769421422956E-002       +-    1.3024334722045347E-004
  Kqqs     =    1.7199394015214673E-003       +-    3.3947315179924225E-006
  Kgg      =    1.0077845671126724E-003       +-    1.6604096757564871E-006
  K_nnlo   =    1.2069940610675214            +-    3.5333832439100459E-004
  sig_LO   = (  0.52754143209011728            +-    3.0533015060506117E-004 ) fb
  sig_NLO  = (  0.62456653915090643            +-    3.3441486789229834E-004 ) fb
  sig_NNLO = (  0.63673937549982673            +-    3.5773130511531015E-004 ) fb

  pp ---> HHW+ + X
  ===============

  PDFSET = PDF4LHC21_40                                NSET =   3
  Sqrt(S)  = 13.6 TeV
  LOOP     = 3
  alphaS(MZ) =   0.11800
          kl =   1.00000
          kv =   1.00000
         k2v =   1.00000
         kth =   1.00000
         kbh =   1.00000
        cHsq =   1.00000
       chdup =   0.00000
         cHw =   0.00000
          cH =   0.00000
         cHb =   0.00000
        cHwb =   0.00000
      cHq1st =   0.00000
      cHq3st =   0.00000
      cHq1rd =   0.00000
      cHq3rd =   0.00000
       cHdst =   0.00000
       cHust =   0.00000
       cHdrd =   0.00000
       cHurd =   0.00000
         cth =   0.00000
         cbh =   0.00000
 --------------

  mH       = 125.0000      GeV
  fact_scale 1.0
  ren_scale  1.0
  Kqq      =   0.25150423905407149            +-    2.2690824631445657E-004
  Kgq      =   -6.7514819441191379E-002       +-    1.2159631929133748E-004
  K_nlo    =    1.1839894196128800            +-    2.5743546203020086E-004
  Kqq2     =    5.5192760965705565E-002       +-    2.0096186118843202E-004
  Kgq2     =   -3.4805727810409595E-002       +-    1.3014619858133159E-004
  Kqqs     =    1.7100217531659362E-003       +-    3.3740451486107303E-006
  Kgg      =    1.0057430473415238E-003       +-    1.6635545243209101E-006
  K_nnlo   =    1.2070922175686833            +-    3.5158337754011244E-004
  sig_LO   = (  0.52937273255116257            +-    3.0399485375833603E-004 ) fb
  sig_NLO  = (  0.62677171437213530            +-    3.3314399669403166E-004 ) fb
  sig_NNLO = (  0.63900170565557635            +-    3.5644498062573706E-004 ) fb

  pp ---> HHW+ + X
  ===============

  PDFSET = PDF4LHC21_40                                NSET =   4
  Sqrt(S)  = 13.6 TeV
  LOOP     = 3
  alphaS(MZ) =   0.11800
          kl =   1.00000
          kv =   1.00000
         k2v =   1.00000
         kth =   1.00000
         kbh =   1.00000
        cHsq =   1.00000
       chdup =   0.00000
         cHw =   0.00000
          cH =   0.00000
         cHb =   0.00000
        cHwb =   0.00000
      cHq1st =   0.00000
      cHq3st =   0.00000
      cHq1rd =   0.00000
      cHq3rd =   0.00000
       cHdst =   0.00000
       cHust =   0.00000
       cHdrd =   0.00000
       cHurd =   0.00000
         cth =   0.00000
         cbh =   0.00000
 --------------

  mH       = 125.0000      GeV
  fact_scale 1.0
  ren_scale  1.0
  Kqq      =   0.25203366739761895            +-    2.2875728588186747E-004
  Kgq      =   -6.8450130916013846E-002       +-    1.2333657383614715E-004
  K_nlo    =    1.1835835364816050            +-    2.5988806492349323E-004
  Kqq2     =    5.5407522182130874E-002       +-    2.0282854033989807E-004
  Kgq2     =   -3.5287349014598977E-002       +-    1.3207438109818996E-004
  Kqqs     =    1.7273762995744873E-003       +-    3.4144084416369903E-006
  Kgg      =    1.0255413961694976E-003       +-    1.7026903702088680E-006
  K_nnlo   =    1.2064566273448807            +-    3.5516112195462012E-004
  sig_LO   = (  0.52200944461385679            +-    3.0275679313436716E-004 ) fb
  sig_NLO  = (  0.61784178453286720            +-    3.3176257069510303E-004 ) fb
  sig_NNLO = (  0.62978175399100811            +-    3.5501252649851767E-004 ) fb

  pp ---> HHW+ + X
  ===============

  PDFSET = PDF4LHC21_40                                NSET =   5
  Sqrt(S)  = 13.6 TeV
  LOOP     = 3
  alphaS(MZ) =   0.11800
          kl =   1.00000
          kv =   1.00000
         k2v =   1.00000
         kth =   1.00000
         kbh =   1.00000
        cHsq =   1.00000
       chdup =   0.00000
         cHw =   0.00000
          cH =   0.00000
         cHb =   0.00000
        cHwb =   0.00000
      cHq1st =   0.00000
      cHq3st =   0.00000
      cHq1rd =   0.00000
      cHq3rd =   0.00000
       cHdst =   0.00000
       cHust =   0.00000
       cHdrd =   0.00000
       cHurd =   0.00000
         cth =   0.00000
         cbh =   0.00000
 --------------

  mH       = 125.0000      GeV
  fact_scale 1.0
  ren_scale  1.0
  Kqq      =   0.25164219903993468            +-    2.2846766080448846E-004
  Kgq      =   -6.7585617580018423E-002       +-    1.2163363183864640E-004
  K_nlo    =    1.1840565814599162            +-    2.5882853866553081E-004
  Kqq2     =    5.5251628087291421E-002       +-    2.0272625390038474E-004
  Kgq2     =   -3.4841758335650702E-002       +-    1.3015965557400320E-004
  Kqqs     =    1.7103229209512085E-003       +-    3.3801203631539041E-006
  Kgg      =    1.0039446189563591E-003       +-    1.6622088265863007E-006
  K_nnlo   =    1.2071807187514645            +-    3.5361825538172254E-004
  sig_LO   = (  0.52843373166332097            +-    3.0643485606424267E-004 ) fb
  sig_NLO  = (  0.62569543784137849            +-    3.3557320271310025E-004 ) fb
  sig_NNLO = (  0.63791501200184630            +-    3.5891559745538070E-004 ) fb

  pp ---> HHW+ + X
  ===============

  PDFSET = PDF4LHC21_40                                NSET =   6
  Sqrt(S)  = 13.6 TeV
  LOOP     = 3
  alphaS(MZ) =   0.11800
          kl =   1.00000
          kv =   1.00000
         k2v =   1.00000
         kth =   1.00000
         kbh =   1.00000
        cHsq =   1.00000
       chdup =   0.00000
         cHw =   0.00000
          cH =   0.00000
         cHb =   0.00000
        cHwb =   0.00000
      cHq1st =   0.00000
      cHq3st =   0.00000
      cHq1rd =   0.00000
      cHq3rd =   0.00000
       cHdst =   0.00000
       cHust =   0.00000
       cHdrd =   0.00000
       cHurd =   0.00000
         cth =   0.00000
         cbh =   0.00000
 --------------

  mH       = 125.0000      GeV
  fact_scale 1.0
  ren_scale  1.0
  Kqq      =   0.25169440053208286            +-    2.2776150899904538E-004
  Kgq      =   -6.7679613274975667E-002       +-    1.2182338676349616E-004
  K_nlo    =    1.1840147872571072            +-    2.5829487517961059E-004
  Kqq2     =    5.5274741459315130E-002       +-    2.0222908880931955E-004
  Kgq2     =   -3.4894092079274859E-002       +-    1.3044086861758276E-004
  Kqqs     =    1.7100706162715166E-003       +-    3.3717323220541195E-006
  Kgg      =    1.0145798923187023E-003       +-    1.6810485247090859E-006
  K_nnlo   =    1.2071200871457377            +-    3.5304654312625950E-004
  sig_LO   = (  0.52800896274958686            +-    3.0458662376856900E-004 ) fb
  sig_NLO  = (  0.62517041969979803            +-    3.3372603103786451E-004 ) fb
  sig_NNLO = (  0.63737022512801211            +-    3.5710271327737779E-004 ) fb

  pp ---> HHW+ + X
  ===============

  PDFSET = PDF4LHC21_40                                NSET =   7
  Sqrt(S)  = 13.6 TeV
  LOOP     = 3
  alphaS(MZ) =   0.11800
          kl =   1.00000
          kv =   1.00000
         k2v =   1.00000
         kth =   1.00000
         kbh =   1.00000
        cHsq =   1.00000
       chdup =   0.00000
         cHw =   0.00000
          cH =   0.00000
         cHb =   0.00000
        cHwb =   0.00000
      cHq1st =   0.00000
      cHq3st =   0.00000
      cHq1rd =   0.00000
      cHq3rd =   0.00000
       cHdst =   0.00000
       cHust =   0.00000
       cHdrd =   0.00000
       cHurd =   0.00000
         cth =   0.00000
         cbh =   0.00000
 --------------

  mH       = 125.0000      GeV
  fact_scale 1.0
  ren_scale  1.0
  Kqq      =   0.25165367653758769            +-    2.2812050969163897E-004
  Kgq      =   -6.7521647782365246E-002       +-    1.2165643018735324E-004
  K_nlo    =    1.1841320287552224            +-    2.5853288755572955E-004
  Kqq2     =    5.5258600446927715E-002       +-    2.0239272301968085E-004
  Kgq2     =   -3.4809793092357155E-002       +-    1.3016987344376642E-004
  Kqqs     =    1.7090743252135775E-003       +-    3.3772473674057686E-006
  Kgg      =    1.0037872407477977E-003       +-    1.6589725255693951E-006
  K_nnlo   =    1.2072936976757542            +-    3.5321441394882544E-004
  sig_LO   = (  0.52886461972265497            +-    3.0557465769684905E-004 ) fb
  sig_NLO  = (  0.62624553508904668            +-    3.3476956667727694E-004 ) fb
  sig_NNLO = (  0.63849492231484584            +-    3.5814952924936898E-004 ) fb

  pp ---> HHW+ + X
  ===============

  PDFSET = PDF4LHC21_40                                NSET =   8
  Sqrt(S)  = 13.6 TeV
  LOOP     = 3
  alphaS(MZ) =   0.11800
          kl =   1.00000
          kv =   1.00000
         k2v =   1.00000
         kth =   1.00000
         kbh =   1.00000
        cHsq =   1.00000
       chdup =   0.00000
         cHw =   0.00000
          cH =   0.00000
         cHb =   0.00000
        cHwb =   0.00000
      cHq1st =   0.00000
      cHq3st =   0.00000
      cHq1rd =   0.00000
      cHq3rd =   0.00000
       cHdst =   0.00000
       cHust =   0.00000
       cHdrd =   0.00000
       cHurd =   0.00000
         cth =   0.00000
         cbh =   0.00000
 --------------

  mH       = 125.0000      GeV
  fact_scale 1.0
  ren_scale  1.0
  Kqq      =   0.25145735335767144            +-    2.2853089820004630E-004
  Kgq      =   -6.7381323319058092E-002       +-    1.2165745907393841E-004
  K_nlo    =    1.1840760300386133            +-    2.5889555573714845E-004
  Kqq2     =    5.5177754601713300E-002       +-    2.0277665727649630E-004
  Kgq2     =   -3.4731587191937446E-002       +-    1.3034224358102474E-004
  Kqqs     =    1.7127414170718023E-003       +-    3.3858142139293248E-006
  Kgg      =    1.0110821961175672E-003       +-    1.6827908817271160E-006
  K_nnlo   =    1.2072460210615787            +-    3.5376358984702571E-004
  sig_LO   = (  0.52843818304796575            +-    3.0664566934337183E-004 ) fb
  sig_NLO  = (  0.62571098590425334            +-    3.3578061872631729E-004 ) fb
  sig_NNLO = (  0.63795489386166671            +-    3.5913639250747446E-004 ) fb

  pp ---> HHW+ + X
  ===============

  PDFSET = PDF4LHC21_40                                NSET =   9
  Sqrt(S)  = 13.6 TeV
  LOOP     = 3
  alphaS(MZ) =   0.11800
          kl =   1.00000
          kv =   1.00000
         k2v =   1.00000
         kth =   1.00000
         kbh =   1.00000
        cHsq =   1.00000
       chdup =   0.00000
         cHw =   0.00000
          cH =   0.00000
         cHb =   0.00000
        cHwb =   0.00000
      cHq1st =   0.00000
      cHq3st =   0.00000
      cHq1rd =   0.00000
      cHq3rd =   0.00000
       cHdst =   0.00000
       cHust =   0.00000
       cHdrd =   0.00000
       cHurd =   0.00000
         cth =   0.00000
         cbh =   0.00000
 --------------

  mH       = 125.0000      GeV
  fact_scale 1.0
  ren_scale  1.0
  Kqq      =   0.25167811343599622            +-    2.2788919502135426E-004
  Kgq      =   -6.7691105950350619E-002       +-    1.2182142665555530E-004
  K_nlo    =    1.1839870074856456            +-    2.5840655022633556E-004
  Kqq2     =    5.5264602610128173E-002       +-    2.0236774971842830E-004
  Kgq2     =   -3.4898124571258196E-002       +-    1.3044313703468676E-004
  Kqqs     =    1.7139578427908361E-003       +-    3.3810466962338225E-006
  Kgg      =    1.0095606585846567E-003       +-    1.6706689494861254E-006
  K_nnlo   =    1.2070770040258911            +-    3.5320855869716279E-004
  sig_LO   = (  0.53033172127640016            +-    3.0634422284885781E-004 ) fb
  sig_NLO  = (  0.62790586764875644            +-    3.3559956910861213E-004 ) fb
  sig_NNLO = (  0.64015122525821089            +-    3.5907478983337939E-004 ) fb

  pp ---> HHW+ + X
  ===============

  PDFSET = PDF4LHC21_40                                NSET =  10
  Sqrt(S)  = 13.6 TeV
  LOOP     = 3
  alphaS(MZ) =   0.11800
          kl =   1.00000
          kv =   1.00000
         k2v =   1.00000
         kth =   1.00000
         kbh =   1.00000
        cHsq =   1.00000
       chdup =   0.00000
         cHw =   0.00000
          cH =   0.00000
         cHb =   0.00000
        cHwb =   0.00000
      cHq1st =   0.00000
      cHq3st =   0.00000
      cHq1rd =   0.00000
      cHq3rd =   0.00000
       cHdst =   0.00000
       cHust =   0.00000
       cHdrd =   0.00000
       cHurd =   0.00000
         cth =   0.00000
         cbh =   0.00000
 --------------

  mH       = 125.0000      GeV
  fact_scale 1.0
  ren_scale  1.0
  Kqq      =   0.25161836160299833            +-    2.2878516851822581E-004
  Kgq      =   -6.7596001068445474E-002       +-    1.2172461722808439E-004
  K_nlo    =    1.1840223605345528            +-    2.5915156911204807E-004
  Kqq2     =    5.5243750218080687E-002       +-    2.0287574313241908E-004
  Kgq2     =   -3.4853025125287949E-002       +-    1.3032374199864293E-004
  Kqqs     =    1.7129412132398188E-003       +-    3.3865003616645173E-006
  Kgg      =    1.0051365595671463E-003       +-    1.6692457205615363E-006
  K_nnlo   =    1.2071311634001525            +-    3.5400089748370973E-004
  sig_LO   = (  0.52789962222990283            +-    3.0654297766598846E-004 ) fb
  sig_NLO  = (  0.62504495683794825            +-    3.3568509501526189E-004 ) fb
  sig_NNLO = (  0.63724408514088360            +-    3.5901474604679189E-004 ) fb

  pp ---> HHW+ + X
  ===============

  PDFSET = PDF4LHC21_40                                NSET =  11
  Sqrt(S)  = 13.6 TeV
  LOOP     = 3
  alphaS(MZ) =   0.11800
          kl =   1.00000
          kv =   1.00000
         k2v =   1.00000
         kth =   1.00000
         kbh =   1.00000
        cHsq =   1.00000
       chdup =   0.00000
         cHw =   0.00000
          cH =   0.00000
         cHb =   0.00000
        cHwb =   0.00000
      cHq1st =   0.00000
      cHq3st =   0.00000
      cHq1rd =   0.00000
      cHq3rd =   0.00000
       cHdst =   0.00000
       cHust =   0.00000
       cHdrd =   0.00000
       cHurd =   0.00000
         cth =   0.00000
         cbh =   0.00000
 --------------

  mH       = 125.0000      GeV
  fact_scale 1.0
  ren_scale  1.0
  Kqq      =   0.25141211724625095            +-    2.2821250947134745E-004
  Kgq      =   -6.7645263262809466E-002       +-    1.2177481946332348E-004
  K_nlo    =    1.1837668539834414            +-    2.5866978202823552E-004
  Kqq2     =    5.5158723552289748E-002       +-    2.0259303160187643E-004
  Kgq2     =   -3.4874690988119121E-002       +-    1.3037770280879075E-004
  Kqqs     =    1.7109568024311931E-003       +-    3.3795675177125407E-006
  Kgg      =    1.0075212668675603E-003       +-    1.6678839453230878E-006
  K_nnlo   =    1.2067693646169109            +-    3.5350606966689130E-004
  sig_LO   = (  0.52997926495418501            +-    3.0701533391458397E-004 ) fb
  sig_NLO  = (  0.62737188715127234            +-    3.3623203212897131E-004 ) fb
  sig_NNLO = (  0.63956274082889919            +-    3.5966480242438344E-004 ) fb

  pp ---> HHW+ + X
  ===============

  PDFSET = PDF4LHC21_40                                NSET =  12
  Sqrt(S)  = 13.6 TeV
  LOOP     = 3
  alphaS(MZ) =   0.11800
          kl =   1.00000
          kv =   1.00000
         k2v =   1.00000
         kth =   1.00000
         kbh =   1.00000
        cHsq =   1.00000
       chdup =   0.00000
         cHw =   0.00000
          cH =   0.00000
         cHb =   0.00000
        cHwb =   0.00000
      cHq1st =   0.00000
      cHq3st =   0.00000
      cHq1rd =   0.00000
      cHq3rd =   0.00000
       cHdst =   0.00000
       cHust =   0.00000
       cHdrd =   0.00000
       cHurd =   0.00000
         cth =   0.00000
         cbh =   0.00000
 --------------

  mH       = 125.0000      GeV
  fact_scale 1.0
  ren_scale  1.0
  Kqq      =   0.25142944974969933            +-    2.2803589434587491E-004
  Kgq      =   -6.7670087004713428E-002       +-    1.2177204763099015E-004
  K_nlo    =    1.1837593627449861            +-    2.5851267027820351E-004
  Kqq2     =    5.5169741286222505E-002       +-    2.0243507008392041E-004
  Kgq2     =   -3.4886367828079023E-002       +-    1.3039377754130410E-004
  Kqqs     =    1.7114696144648796E-003       +-    3.3769621529349452E-006
  Kgg      =    1.0089063739155059E-003       +-    1.6697847379483672E-006
  K_nnlo   =    1.2067631121915099            +-    3.5330650654947392E-004
  sig_LO   = (  0.53144738435371419            +-    3.0712689924604456E-004 ) fb
  sig_NLO  = (  0.62910581703504220            +-    3.3645477100906088E-004 ) fb
  sig_NNLO = (  0.64133109950872547            +-    3.5997525454350889E-004 ) fb

  pp ---> HHW+ + X
  ===============

  PDFSET = PDF4LHC21_40                                NSET =  13
  Sqrt(S)  = 13.6 TeV
  LOOP     = 3
  alphaS(MZ) =   0.11800
          kl =   1.00000
          kv =   1.00000
         k2v =   1.00000
         kth =   1.00000
         kbh =   1.00000
        cHsq =   1.00000
       chdup =   0.00000
         cHw =   0.00000
          cH =   0.00000
         cHb =   0.00000
        cHwb =   0.00000
      cHq1st =   0.00000
      cHq3st =   0.00000
      cHq1rd =   0.00000
      cHq3rd =   0.00000
       cHdst =   0.00000
       cHust =   0.00000
       cHdrd =   0.00000
       cHurd =   0.00000
         cth =   0.00000
         cbh =   0.00000
 --------------

  mH       = 125.0000      GeV
  fact_scale 1.0
  ren_scale  1.0
  Kqq      =   0.25165813954066918            +-    2.2854688882471724E-004
  Kgq      =   -6.7717796239899763E-002       +-    1.2188298822381705E-004
  K_nlo    =    1.1839403433007694            +-    2.5901572000522436E-004
  Kqq2     =    5.5254488818590616E-002       +-    2.0277890859687122E-004
  Kgq2     =   -3.4911216312863445E-002       +-    1.3046819318670083E-004
  Kqqs     =    1.7102518455738150E-003       +-    3.3795041883254673E-006
  Kgg      =    1.0065110443778971E-003       +-    1.6654109558508461E-006
  K_nnlo   =    1.2070003786964483            +-    3.5389910010789248E-004
  sig_LO   = (  0.52816474738527230            +-    3.0643274278877941E-004 ) fb
  sig_NLO  = (  0.62531555233868341            +-    3.3558319250241248E-004 ) fb
  sig_NNLO = (  0.63749505010813745            +-    3.5894150151744725E-004 ) fb

  pp ---> HHW+ + X
  ===============

  PDFSET = PDF4LHC21_40                                NSET =  14
  Sqrt(S)  = 13.6 TeV
  LOOP     = 3
  alphaS(MZ) =   0.11800
          kl =   1.00000
          kv =   1.00000
         k2v =   1.00000
         kth =   1.00000
         kbh =   1.00000
        cHsq =   1.00000
       chdup =   0.00000
         cHw =   0.00000
          cH =   0.00000
         cHb =   0.00000
        cHwb =   0.00000
      cHq1st =   0.00000
      cHq3st =   0.00000
      cHq1rd =   0.00000
      cHq3rd =   0.00000
       cHdst =   0.00000
       cHust =   0.00000
       cHdrd =   0.00000
       cHurd =   0.00000
         cth =   0.00000
         cbh =   0.00000
 --------------

  mH       = 125.0000      GeV
  fact_scale 1.0
  ren_scale  1.0
  Kqq      =   0.25161929605247274            +-    2.2779006739648757E-004
  Kgq      =   -6.7555814847357301E-002       +-    1.2162134620840256E-004
  K_nlo    =    1.1840634812051154            +-    2.5822483741507217E-004
  Kqq2     =    5.5246096762173985E-002       +-    2.0217584411940168E-004
  Kgq2     =   -3.4827967181917517E-002       +-    1.3018746329651235E-004
  Kqqs     =    1.7109996183648395E-003       +-    3.3758452693071864E-006
  Kgg      =    1.0047717160395202E-003       +-    1.6613722652798624E-006
  K_nnlo   =    1.2071973821197761            +-    3.5287118144175500E-004
  sig_LO   = (  0.52975869794046759            +-    3.0551505160278760E-004 ) fb
  sig_NLO  = (  0.62726792808207921            +-    3.3474292512762312E-004 ) fb
  sig_NNLO = (  0.63952331330891377            +-    3.5816857875673261E-004 ) fb

  pp ---> HHW+ + X
  ===============

  PDFSET = PDF4LHC21_40                                NSET =  15
  Sqrt(S)  = 13.6 TeV
  LOOP     = 3
  alphaS(MZ) =   0.11800
          kl =   1.00000
          kv =   1.00000
         k2v =   1.00000
         kth =   1.00000
         kbh =   1.00000
        cHsq =   1.00000
       chdup =   0.00000
         cHw =   0.00000
          cH =   0.00000
         cHb =   0.00000
        cHwb =   0.00000
      cHq1st =   0.00000
      cHq3st =   0.00000
      cHq1rd =   0.00000
      cHq3rd =   0.00000
       cHdst =   0.00000
       cHust =   0.00000
       cHdrd =   0.00000
       cHurd =   0.00000
         cth =   0.00000
         cbh =   0.00000
 --------------

  mH       = 125.0000      GeV
  fact_scale 1.0
  ren_scale  1.0
  Kqq      =   0.25164520303216037            +-    2.2816405108810279E-004
  Kgq      =   -6.7563312263719075E-002       +-    1.2150972723117467E-004
  K_nlo    =    1.1840818907684412            +-    2.5850231724440856E-004
  Kqq2     =    5.5253864310555269E-002       +-    2.0254448766671580E-004
  Kgq2     =   -3.4840572649486382E-002       +-    1.3005578916457450E-004
  Kqqs     =    1.7096160252239756E-003       +-    3.3763347556642722E-006
  Kgg      =    1.0016526887205186E-003       +-    1.6548156550570296E-006
  K_nnlo   =    1.2072064511434544            +-    3.5323697973365704E-004
  sig_LO   = (  0.52889826856304212            +-    3.0609088813227141E-004 ) fb
  sig_NLO  = (  0.62625886186428181            +-    3.3523779720479637E-004 ) fb
  sig_NNLO = (  0.63848940180790792            +-    3.5860248969201705E-004 ) fb

  pp ---> HHW+ + X
  ===============

  PDFSET = PDF4LHC21_40                                NSET =  16
  Sqrt(S)  = 13.6 TeV
  LOOP     = 3
  alphaS(MZ) =   0.11800
          kl =   1.00000
          kv =   1.00000
         k2v =   1.00000
         kth =   1.00000
         kbh =   1.00000
        cHsq =   1.00000
       chdup =   0.00000
         cHw =   0.00000
          cH =   0.00000
         cHb =   0.00000
        cHwb =   0.00000
      cHq1st =   0.00000
      cHq3st =   0.00000
      cHq1rd =   0.00000
      cHq3rd =   0.00000
       cHdst =   0.00000
       cHust =   0.00000
       cHdrd =   0.00000
       cHurd =   0.00000
         cth =   0.00000
         cbh =   0.00000
 --------------

  mH       = 125.0000      GeV
  fact_scale 1.0
  ren_scale  1.0
  Kqq      =   0.25142176664109767            +-    2.2851286911685736E-004
  Kgq      =   -6.7751136837060313E-002       +-    1.2200173905268952E-004
  K_nlo    =    1.1836706298040374            +-    2.5904160994693216E-004
  Kqq2     =    5.5164106000379340E-002       +-    2.0272400504814454E-004
  Kgq2     =   -3.4926937828363210E-002       +-    1.3062911252102399E-004
  Kqqs     =    1.7061233618982103E-003       +-    3.3710450747474810E-006
  Kgg      =    1.0101600070787824E-003       +-    1.6751063436753189E-006
  K_nnlo   =    1.2066240813450306            +-    3.5394591800280397E-004
  sig_LO   = (  0.53004192738560729            +-    3.0750060729669974E-004 ) fb
  sig_NLO  = (  0.62739506201106765            +-    3.3676210258610937E-004 ) fb
  sig_NNLO = (  0.63956135370600786            +-    3.6021202225145225E-004 ) fb

  pp ---> HHW+ + X
  ===============

  PDFSET = PDF4LHC21_40                                NSET =  17
  Sqrt(S)  = 13.6 TeV
  LOOP     = 3
  alphaS(MZ) =   0.11800
          kl =   1.00000
          kv =   1.00000
         k2v =   1.00000
         kth =   1.00000
         kbh =   1.00000
        cHsq =   1.00000
       chdup =   0.00000
         cHw =   0.00000
          cH =   0.00000
         cHb =   0.00000
        cHwb =   0.00000
      cHq1st =   0.00000
      cHq3st =   0.00000
      cHq1rd =   0.00000
      cHq3rd =   0.00000
       cHdst =   0.00000
       cHust =   0.00000
       cHdrd =   0.00000
       cHurd =   0.00000
         cth =   0.00000
         cbh =   0.00000
 --------------

  mH       = 125.0000      GeV
  fact_scale 1.0
  ren_scale  1.0
  Kqq      =   0.25189548025371689            +-    2.2826937703151147E-004
  Kgq      =   -6.7352527663585723E-002       +-    1.2121988711155589E-004
  K_nlo    =    1.1845429525901312            +-    2.5845922216414082E-004
  Kqq2     =    5.5346690442115196E-002       +-    2.0254614088261551E-004
  Kgq2     =   -3.4722345577038891E-002       +-    1.2976265830711751E-004
  Kqqs     =    1.7050176073152542E-003       +-    3.3668997543821259E-006
  Kgg      =    1.0035127413069644E-003       +-    1.6596147135173816E-006
  K_nnlo   =    1.2078758278038297            +-    3.5309849409763297E-004
  sig_LO   = (  0.53110094839123956            +-    3.0741504921291072E-004 ) fb
  sig_NLO  = (  0.62911188553077779            +-    3.3666971840157813E-004 ) fb
  sig_NNLO = (  0.64150399768546740            +-    3.6009980262312585E-004 ) fb

  pp ---> HHW+ + X
  ===============

  PDFSET = PDF4LHC21_40                                NSET =  18
  Sqrt(S)  = 13.6 TeV
  LOOP     = 3
  alphaS(MZ) =   0.11800
          kl =   1.00000
          kv =   1.00000
         k2v =   1.00000
         kth =   1.00000
         kbh =   1.00000
        cHsq =   1.00000
       chdup =   0.00000
         cHw =   0.00000
          cH =   0.00000
         cHb =   0.00000
        cHwb =   0.00000
      cHq1st =   0.00000
      cHq3st =   0.00000
      cHq1rd =   0.00000
      cHq3rd =   0.00000
       cHdst =   0.00000
       cHust =   0.00000
       cHdrd =   0.00000
       cHurd =   0.00000
         cth =   0.00000
         cbh =   0.00000
 --------------

  mH       = 125.0000      GeV
  fact_scale 1.0
  ren_scale  1.0
  Kqq      =   0.25153343648338655            +-    2.2804783886108375E-004
  Kgq      =   -6.7410074724281441E-002       +-    1.2125697317311965E-004
  K_nlo    =    1.1841233617591052            +-    2.5828099107816176E-004
  Kqq2     =    5.5205384900667009E-002       +-    2.0250572241326721E-004
  Kgq2     =   -3.4752535139254644E-002       +-    1.2977880761862290E-004
  Kqqs     =    1.7095090766970247E-003       +-    3.3757617760496664E-006
  Kgg      =    9.9901999356892665E-004       +-    1.6500757083634572E-006
  K_nnlo   =    1.2072847405907836            +-    3.5295083990091340E-004
  sig_LO   = (  0.53188131078711587            +-    3.0774460500563981E-004 ) fb
  sig_NLO  = (  0.62981308578607909            +-    3.3701422284637656E-004 ) fb
  sig_NNLO = (  0.64213219031870905            +-    3.6048374046195855E-004 ) fb

  pp ---> HHW+ + X
  ===============

  PDFSET = PDF4LHC21_40                                NSET =  19
  Sqrt(S)  = 13.6 TeV
  LOOP     = 3
  alphaS(MZ) =   0.11800
          kl =   1.00000
          kv =   1.00000
         k2v =   1.00000
         kth =   1.00000
         kbh =   1.00000
        cHsq =   1.00000
       chdup =   0.00000
         cHw =   0.00000
          cH =   0.00000
         cHb =   0.00000
        cHwb =   0.00000
      cHq1st =   0.00000
      cHq3st =   0.00000
      cHq1rd =   0.00000
      cHq3rd =   0.00000
       cHdst =   0.00000
       cHust =   0.00000
       cHdrd =   0.00000
       cHurd =   0.00000
         cth =   0.00000
         cbh =   0.00000
 --------------

  mH       = 125.0000      GeV
  fact_scale 1.0
  ren_scale  1.0
  Kqq      =   0.25188171235533197            +-    2.2830743707310503E-004
  Kgq      =   -6.8180052398349011E-002       +-    1.2275709810161210E-004
  K_nlo    =    1.1837016599569830            +-    2.5921726593191788E-004
  Kqq2     =    5.5346661268785180E-002       +-    2.0263473104753293E-004
  Kgq2     =   -3.5148287566540905E-002       +-    1.3143529560091764E-004
  Kqqs     =    1.7197197223165234E-003       +-    3.3975701850700704E-006
  Kgg      =    1.0178317342366963E-003       +-    1.6874933777765085E-006
  K_nnlo   =    1.2066375851157802            +-    3.5432196267051768E-004
  sig_LO   = (  0.52541374664957752            +-    3.0403628420058325E-004 ) fb
  sig_NLO  = (  0.62193312407332257            +-    3.3314786251751786E-004 ) fb
  sig_NNLO = (  0.63398397444388066            +-    3.5650484411378668E-004 ) fb

  pp ---> HHW+ + X
  ===============

  PDFSET = PDF4LHC21_40                                NSET =  20
  Sqrt(S)  = 13.6 TeV
  LOOP     = 3
  alphaS(MZ) =   0.11800
          kl =   1.00000
          kv =   1.00000
         k2v =   1.00000
         kth =   1.00000
         kbh =   1.00000
        cHsq =   1.00000
       chdup =   0.00000
         cHw =   0.00000
          cH =   0.00000
         cHb =   0.00000
        cHwb =   0.00000
      cHq1st =   0.00000
      cHq3st =   0.00000
      cHq1rd =   0.00000
      cHq3rd =   0.00000
       cHdst =   0.00000
       cHust =   0.00000
       cHdrd =   0.00000
       cHurd =   0.00000
         cth =   0.00000
         cbh =   0.00000
 --------------

  mH       = 125.0000      GeV
  fact_scale 1.0
  ren_scale  1.0
  Kqq      =   0.25153031820454486            +-    2.2828648194444723E-004
  Kgq      =   -6.7619017048888966E-002       +-    1.2171138147971418E-004
  K_nlo    =    1.1839113011556557            +-    2.5870519558036118E-004
  Kqq2     =    5.5208640129394158E-002       +-    2.0264381244511888E-004
  Kgq2     =   -3.4860777721973685E-002       +-    1.3029636846399872E-004
  Kqqs     =    1.7106045144610010E-003       +-    3.3789954158508227E-006
  Kgg      =    1.0093203273349271E-003       +-    1.6703432176197732E-006
  K_nnlo   =    1.2069790884048721            +-    3.5353110787306478E-004
  sig_LO   = (  0.53020701919183366            +-    3.0722091708552615E-004 ) fb
  sig_NLO  = (  0.62771808197326562            +-    3.3645142738824630E-004 ) fb
  sig_NNLO = (  0.63994878469002403            +-    3.5988914688011968E-004 ) fb

  pp ---> HHW+ + X
  ===============

  PDFSET = PDF4LHC21_40                                NSET =  21
  Sqrt(S)  = 13.6 TeV
  LOOP     = 3
  alphaS(MZ) =   0.11800
          kl =   1.00000
          kv =   1.00000
         k2v =   1.00000
         kth =   1.00000
         kbh =   1.00000
        cHsq =   1.00000
       chdup =   0.00000
         cHw =   0.00000
          cH =   0.00000
         cHb =   0.00000
        cHwb =   0.00000
      cHq1st =   0.00000
      cHq3st =   0.00000
      cHq1rd =   0.00000
      cHq3rd =   0.00000
       cHdst =   0.00000
       cHust =   0.00000
       cHdrd =   0.00000
       cHurd =   0.00000
         cth =   0.00000
         cbh =   0.00000
 --------------

  mH       = 125.0000      GeV
  fact_scale 1.0
  ren_scale  1.0
  Kqq      =   0.25189457200629639            +-    2.2873502548276044E-004
  Kgq      =   -6.8283260018870404E-002       +-    1.2293621818290911E-004
  K_nlo    =    1.1836113119874261            +-    2.5967869690006321E-004
  Kqq2     =    5.5363452424778685E-002       +-    2.0274619219923465E-004
  Kgq2     =   -3.5200898428145888E-002       +-    1.3160891571605592E-004
  Kqqs     =    1.7261507523091968E-003       +-    3.4096420417549684E-006
  Kgg      =    1.0184750771998214E-003       +-    1.6861148449685427E-006
  K_nnlo   =    1.2065184918135676            +-    3.5478785127605926E-004
  sig_LO   = (  0.52417159115300227            +-    3.0392661453082048E-004 ) fb
  sig_NLO  = (  0.62041542471114164            +-    3.3301502333020326E-004 ) fb
  sig_NNLO = (  0.63242271760943836            +-    3.5630902457956941E-004 ) fb

  pp ---> HHW+ + X
  ===============

  PDFSET = PDF4LHC21_40                                NSET =  22
  Sqrt(S)  = 13.6 TeV
  LOOP     = 3
  alphaS(MZ) =   0.11800
          kl =   1.00000
          kv =   1.00000
         k2v =   1.00000
         kth =   1.00000
         kbh =   1.00000
        cHsq =   1.00000
       chdup =   0.00000
         cHw =   0.00000
          cH =   0.00000
         cHb =   0.00000
        cHwb =   0.00000
      cHq1st =   0.00000
      cHq3st =   0.00000
      cHq1rd =   0.00000
      cHq3rd =   0.00000
       cHdst =   0.00000
       cHust =   0.00000
       cHdrd =   0.00000
       cHurd =   0.00000
         cth =   0.00000
         cbh =   0.00000
 --------------

  mH       = 125.0000      GeV
  fact_scale 1.0
  ren_scale  1.0
  Kqq      =   0.25162764533798077            +-    2.2840467584958824E-004
  Kgq      =   -6.7907476246813481E-002       +-    1.2235925279535797E-004
  K_nlo    =    1.1837201690911674            +-    2.5911480601191781E-004
  Kqq2     =    5.5246152859427029E-002       +-    2.0266909275919073E-004
  Kgq2     =   -3.5008065404963241E-002       +-    1.3104376159828375E-004
  Kqqs     =    1.7131977638226803E-003       +-    3.3845855825671357E-006
  Kgg      =    1.0167034461077864E-003       +-    1.6895960076964827E-006
  K_nnlo   =    1.2066881577555617            +-    3.5412147839758326E-004
  sig_LO   = (  0.52727342213730011            +-    3.0556874799124288E-004 ) fb
  sig_NLO  = (  0.62414418440964325            +-    3.3472148556134136E-004 ) fb
  sig_NNLO = (  0.63625459439232912            +-    3.5810080475562491E-004 ) fb

  pp ---> HHW+ + X
  ===============

  PDFSET = PDF4LHC21_40                                NSET =  23
  Sqrt(S)  = 13.6 TeV
  LOOP     = 3
  alphaS(MZ) =   0.11800
          kl =   1.00000
          kv =   1.00000
         k2v =   1.00000
         kth =   1.00000
         kbh =   1.00000
        cHsq =   1.00000
       chdup =   0.00000
         cHw =   0.00000
          cH =   0.00000
         cHb =   0.00000
        cHwb =   0.00000
      cHq1st =   0.00000
      cHq3st =   0.00000
      cHq1rd =   0.00000
      cHq3rd =   0.00000
       cHdst =   0.00000
       cHust =   0.00000
       cHdrd =   0.00000
       cHurd =   0.00000
         cth =   0.00000
         cbh =   0.00000
 --------------

  mH       = 125.0000      GeV
  fact_scale 1.0
  ren_scale  1.0
  Kqq      =   0.25163117417499647            +-    2.2844784608797914E-004
  Kgq      =   -6.7758203631033562E-002       +-    1.2197626473107019E-004
  K_nlo    =    1.1838729705439628            +-    2.5897225245184307E-004
  Kqq2     =    5.5248753475001411E-002       +-    2.0268424851544882E-004
  Kgq2     =   -3.4931007802101129E-002       +-    1.3059487502417670E-004
  Kqqs     =    1.7139168589197769E-003       +-    3.3859520572156007E-006
  Kgg      =    1.0109258321712824E-003       +-    1.6733235176739066E-006
  K_nnlo   =    1.2069155589079541            +-    3.5385988498523287E-004
  sig_LO   = (  0.52833876698509319            +-    3.0623993800315066E-004 ) fb
  sig_NLO  = (  0.62548598552417689            +-    3.3541616283950854E-004 ) fb
  sig_NNLO = (  0.63766027824855320            +-    3.5879820825936203E-004 ) fb

  pp ---> HHW+ + X
  ===============

  PDFSET = PDF4LHC21_40                                NSET =  24
  Sqrt(S)  = 13.6 TeV
  LOOP     = 3
  alphaS(MZ) =   0.11800
          kl =   1.00000
          kv =   1.00000
         k2v =   1.00000
         kth =   1.00000
         kbh =   1.00000
        cHsq =   1.00000
       chdup =   0.00000
         cHw =   0.00000
          cH =   0.00000
         cHb =   0.00000
        cHwb =   0.00000
      cHq1st =   0.00000
      cHq3st =   0.00000
      cHq1rd =   0.00000
      cHq3rd =   0.00000
       cHdst =   0.00000
       cHust =   0.00000
       cHdrd =   0.00000
       cHurd =   0.00000
         cth =   0.00000
         cbh =   0.00000
 --------------

  mH       = 125.0000      GeV
  fact_scale 1.0
  ren_scale  1.0
  Kqq      =   0.25148195509025745            +-    2.2902005076474508E-004
  Kgq      =   -6.7606123234881424E-002       +-    1.2167340551826136E-004
  K_nlo    =    1.1838758318553759            +-    2.5933492102433423E-004
  Kqq2     =    5.5189026003810954E-002       +-    2.0317661392513478E-004
  Kgq2     =   -3.4853438044625144E-002       +-    1.3025957277457720E-004
  Kqqs     =    1.7104804178065041E-003       +-    3.3811814578110115E-006
  Kgg      =    1.0092999931007862E-003       +-    1.6714584444586785E-006
  K_nnlo   =    1.2069312002254693            +-    3.5428395415200295E-004
  sig_LO   = (  0.52962175354011576            +-    3.0833454986054615E-004 ) fb
  sig_NLO  = (  0.62700639404100755            +-    3.3754267376260769E-004 ) fb
  sig_NNLO = (  0.63921701866568958            +-    3.6093994882858602E-004 ) fb

  pp ---> HHW+ + X
  ===============

  PDFSET = PDF4LHC21_40                                NSET =  25
  Sqrt(S)  = 13.6 TeV
  LOOP     = 3
  alphaS(MZ) =   0.11800
          kl =   1.00000
          kv =   1.00000
         k2v =   1.00000
         kth =   1.00000
         kbh =   1.00000
        cHsq =   1.00000
       chdup =   0.00000
         cHw =   0.00000
          cH =   0.00000
         cHb =   0.00000
        cHwb =   0.00000
      cHq1st =   0.00000
      cHq3st =   0.00000
      cHq1rd =   0.00000
      cHq3rd =   0.00000
       cHdst =   0.00000
       cHust =   0.00000
       cHdrd =   0.00000
       cHurd =   0.00000
         cth =   0.00000
         cbh =   0.00000
 --------------

  mH       = 125.0000      GeV
  fact_scale 1.0
  ren_scale  1.0
  Kqq      =   0.25159183304951910            +-    2.2840900365991634E-004
  Kgq      =   -6.7812158065819639E-002       +-    1.2208942921949217E-004
  K_nlo    =    1.1837796749836995            +-    2.5899131583907801E-004
  Kqq2     =    5.5234847917798965E-002       +-    2.0273481825050673E-004
  Kgq2     =   -3.4960784486556637E-002       +-    1.3073153305348078E-004
  Kqqs     =    1.7119290888840065E-003       +-    3.3816253407238874E-006
  Kgg      =    1.0164528143805130E-003       +-    1.6841941266255046E-006
  K_nnlo   =    1.2067821203182063            +-    3.5395326505830902E-004
  sig_LO   = (  0.52753913938103814            +-    3.0583127201049053E-004 ) fb
  sig_NLO  = (  0.62449011095766582            +-    3.3496267342642759E-004 ) fb
  sig_NNLO = (  0.63662480117309095            +-    3.5832763515412144E-004 ) fb

  pp ---> HHW+ + X
  ===============

  PDFSET = PDF4LHC21_40                                NSET =  26
  Sqrt(S)  = 13.6 TeV
  LOOP     = 3
  alphaS(MZ) =   0.11800
          kl =   1.00000
          kv =   1.00000
         k2v =   1.00000
         kth =   1.00000
         kbh =   1.00000
        cHsq =   1.00000
       chdup =   0.00000
         cHw =   0.00000
          cH =   0.00000
         cHb =   0.00000
        cHwb =   0.00000
      cHq1st =   0.00000
      cHq3st =   0.00000
      cHq1rd =   0.00000
      cHq3rd =   0.00000
       cHdst =   0.00000
       cHust =   0.00000
       cHdrd =   0.00000
       cHurd =   0.00000
         cth =   0.00000
         cbh =   0.00000
 --------------

  mH       = 125.0000      GeV
  fact_scale 1.0
  ren_scale  1.0
  Kqq      =   0.25154919451526858            +-    2.2812563275434114E-004
  Kgq      =   -6.7636505250208354E-002       +-    1.2179040828637882E-004
  K_nlo    =    1.1839126892650602            +-    2.5860047925348358E-004
  Kqq2     =    5.5215305923357813E-002       +-    2.0254743946904262E-004
  Kgq2     =   -3.4868470745432333E-002       +-    1.3039611394849860E-004
  Kqqs     =    1.7127484507199358E-003       +-    3.3772797120844966E-006
  Kgg      =    1.0085599487401791E-003       +-    1.6684385217777885E-006
  K_nnlo   =    1.2069808328424458            +-    3.5343600459463852E-004
  sig_LO   = (  0.52929962628684379            +-    3.0638202546106637E-004 ) fb
  sig_NLO  = (  0.62664454398424863            +-    3.3556712617029084E-004 ) fb
  sig_NNLO = (  0.63885450375888997            +-    3.5897974430316066E-004 ) fb

  pp ---> HHW+ + X
  ===============

  PDFSET = PDF4LHC21_40                                NSET =  27
  Sqrt(S)  = 13.6 TeV
  LOOP     = 3
  alphaS(MZ) =   0.11800
          kl =   1.00000
          kv =   1.00000
         k2v =   1.00000
         kth =   1.00000
         kbh =   1.00000
        cHsq =   1.00000
       chdup =   0.00000
         cHw =   0.00000
          cH =   0.00000
         cHb =   0.00000
        cHwb =   0.00000
      cHq1st =   0.00000
      cHq3st =   0.00000
      cHq1rd =   0.00000
      cHq3rd =   0.00000
       cHdst =   0.00000
       cHust =   0.00000
       cHdrd =   0.00000
       cHurd =   0.00000
         cth =   0.00000
         cbh =   0.00000
 --------------

  mH       = 125.0000      GeV
  fact_scale 1.0
  ren_scale  1.0
  Kqq      =   0.25161883601813234            +-    2.2864478710176743E-004
  Kgq      =   -6.7817805032515888E-002       +-    1.2209226732807585E-004
  K_nlo    =    1.1838010309856166            +-    2.5920061807434584E-004
  Kqq2     =    5.5243181550894922E-002       +-    2.0283364718385092E-004
  Kgq2     =   -3.4961680889881025E-002       +-    1.3069753262430020E-004
  Kqqs     =    1.7136504333103151E-003       +-    3.3861954819366036E-006
  Kgg      =    1.0103524476963084E-003       +-    1.6728445789967439E-006
  K_nnlo   =    1.2068065345276373            +-    3.5415047452027113E-004
  sig_LO   = (  0.52854169410319496            +-    3.0682043341236477E-004 ) fb
  sig_NLO  = (  0.62568820239824652            +-    3.3601684752476442E-004 ) fb
  sig_NNLO = (  0.63784757021404304            +-    3.5941113376932555E-004 ) fb

  pp ---> HHW+ + X
  ===============

  PDFSET = PDF4LHC21_40                                NSET =  28
  Sqrt(S)  = 13.6 TeV
  LOOP     = 3
  alphaS(MZ) =   0.11800
          kl =   1.00000
          kv =   1.00000
         k2v =   1.00000
         kth =   1.00000
         kbh =   1.00000
        cHsq =   1.00000
       chdup =   0.00000
         cHw =   0.00000
          cH =   0.00000
         cHb =   0.00000
        cHwb =   0.00000
      cHq1st =   0.00000
      cHq3st =   0.00000
      cHq1rd =   0.00000
      cHq3rd =   0.00000
       cHdst =   0.00000
       cHust =   0.00000
       cHdrd =   0.00000
       cHurd =   0.00000
         cth =   0.00000
         cbh =   0.00000
 --------------

  mH       = 125.0000      GeV
  fact_scale 1.0
  ren_scale  1.0
  Kqq      =   0.25158951287939429            +-    2.2847259818858503E-004
  Kgq      =   -6.7526813811495903E-002       +-    1.2153808535720351E-004
  K_nlo    =    1.1840626990678984            +-    2.5878801037787188E-004
  Kqq2     =    5.5233528434366908E-002       +-    2.0271206424932517E-004
  Kgq2     =   -3.4812587360677487E-002       +-    1.3009429625719104E-004
  Kqqs     =    1.7133183185301299E-003       +-    3.3855925822987488E-006
  Kgg      =    1.0054630035529559E-003       +-    1.6619683921498558E-006
  K_nnlo   =    1.2072024214636710            +-    3.5355645320412927E-004
  sig_LO   = (  0.52920742973020130            +-    3.0688698468359186E-004 ) fb
  sig_NLO  = (  0.62661477761312734            +-    3.3605895164795431E-004 ) fb
  sig_NNLO = (  0.63886049062686434            +-    3.5942703129850881E-004 ) fb

  pp ---> HHW+ + X
  ===============

  PDFSET = PDF4LHC21_40                                NSET =  29
  Sqrt(S)  = 13.6 TeV
  LOOP     = 3
  alphaS(MZ) =   0.11800
          kl =   1.00000
          kv =   1.00000
         k2v =   1.00000
         kth =   1.00000
         kbh =   1.00000
        cHsq =   1.00000
       chdup =   0.00000
         cHw =   0.00000
          cH =   0.00000
         cHb =   0.00000
        cHwb =   0.00000
      cHq1st =   0.00000
      cHq3st =   0.00000
      cHq1rd =   0.00000
      cHq3rd =   0.00000
       cHdst =   0.00000
       cHust =   0.00000
       cHdrd =   0.00000
       cHurd =   0.00000
         cth =   0.00000
         cbh =   0.00000
 --------------

  mH       = 125.0000      GeV
  fact_scale 1.0
  ren_scale  1.0
  Kqq      =   0.25159238839556514            +-    2.2833929145433651E-004
  Kgq      =   -6.7574029426425694E-002       +-    1.2160479705289075E-004
  K_nlo    =    1.1840183589691393            +-    2.5870167894341772E-004
  Kqq2     =    5.5232918433021111E-002       +-    2.0266071594589780E-004
  Kgq2     =   -3.4837973648678966E-002       +-    1.3018077211337788E-004
  Kqqs     =    1.7142501606727831E-003       +-    3.3861843798213209E-006
  Kgg      =    1.0062251203339688E-003       +-    1.6641008168786640E-006
  K_nnlo   =    1.2071337790344883            +-    3.5349567660731749E-004
  sig_LO   = (  0.52981772010027717            +-    3.0704491042736752E-004 ) fb
  sig_NLO  = (  0.62731390750590099            +-    3.3624889330696387E-004 ) fb
  sig_NNLO = (  0.63956086666408440            +-    3.5965744033664414E-004 ) fb

  pp ---> HHW+ + X
  ===============

  PDFSET = PDF4LHC21_40                                NSET =  30
  Sqrt(S)  = 13.6 TeV
  LOOP     = 3
  alphaS(MZ) =   0.11800
          kl =   1.00000
          kv =   1.00000
         k2v =   1.00000
         kth =   1.00000
         kbh =   1.00000
        cHsq =   1.00000
       chdup =   0.00000
         cHw =   0.00000
          cH =   0.00000
         cHb =   0.00000
        cHwb =   0.00000
      cHq1st =   0.00000
      cHq3st =   0.00000
      cHq1rd =   0.00000
      cHq3rd =   0.00000
       cHdst =   0.00000
       cHust =   0.00000
       cHdrd =   0.00000
       cHurd =   0.00000
         cth =   0.00000
         cbh =   0.00000
 --------------

  mH       = 125.0000      GeV
  fact_scale 1.0
  ren_scale  1.0
  Kqq      =   0.25156953270647209            +-    2.2811802816560608E-004
  Kgq      =   -6.7698103279083613E-002       +-    1.2177344076668999E-004
  K_nlo    =    1.1838714294273887            +-    2.5858578006209622E-004
  Kqq2     =    5.5222834170705663E-002       +-    2.0251585758601873E-004
  Kgq2     =   -3.4898630432503956E-002       +-    1.3032807401797440E-004
  Kqqs     =    1.7101549913660541E-003       +-    3.3772454655188938E-006
  Kgg      =    1.0084894456099981E-003       +-    1.6645204234742849E-006
  K_nnlo   =    1.2069142776025665            +-    3.5338203338105992E-004
  sig_LO   = (  0.52944745385281333            +-    3.0639735856922317E-004 ) fb
  sig_NLO  = (  0.62679771399942152            +-    3.3559354520280144E-004 ) fb
  sig_NNLO = (  0.63899769129528627            +-    3.5900516744301672E-004 ) fb

  pp ---> HHW+ + X
  ===============

  PDFSET = PDF4LHC21_40                                NSET =  31
  Sqrt(S)  = 13.6 TeV
  LOOP     = 3
  alphaS(MZ) =   0.11800
          kl =   1.00000
          kv =   1.00000
         k2v =   1.00000
         kth =   1.00000
         kbh =   1.00000
        cHsq =   1.00000
       chdup =   0.00000
         cHw =   0.00000
          cH =   0.00000
         cHb =   0.00000
        cHwb =   0.00000
      cHq1st =   0.00000
      cHq3st =   0.00000
      cHq1rd =   0.00000
      cHq3rd =   0.00000
       cHdst =   0.00000
       cHust =   0.00000
       cHdrd =   0.00000
       cHurd =   0.00000
         cth =   0.00000
         cbh =   0.00000
 --------------

  mH       = 125.0000      GeV
  fact_scale 1.0
  ren_scale  1.0
  Kqq      =   0.25162934245279406            +-    2.2953766438935916E-004
  Kgq      =   -6.7746716731941770E-002       +-    1.2207245068344212E-004
  K_nlo    =    1.1838826257208521            +-    2.5997927338382862E-004
  Kqq2     =    5.5248626277134928E-002       +-    2.0339250835666847E-004
  Kgq2     =   -3.4924993590667634E-002       +-    1.3067472580366102E-004
  Kqqs     =    1.7119549283859837E-003       +-    3.3900070814576150E-006
  Kgg      =    1.0081226330363700E-003       +-    1.6678281432291108E-006
  K_nnlo   =    1.2069263359687417            +-    3.5503224192654761E-004
  sig_LO   = (  0.52748187081935927            +-    3.0788367773525518E-004 ) fb
  sig_NLO  = (  0.62447662224577050            +-    3.3704330571205417E-004 ) fb
  sig_NNLO = (  0.63663176163794655            +-    3.6036587269358159E-004 ) fb

  pp ---> HHW+ + X
  ===============

  PDFSET = PDF4LHC21_40                                NSET =  32
  Sqrt(S)  = 13.6 TeV
  LOOP     = 3
  alphaS(MZ) =   0.11800
          kl =   1.00000
          kv =   1.00000
         k2v =   1.00000
         kth =   1.00000
         kbh =   1.00000
        cHsq =   1.00000
       chdup =   0.00000
         cHw =   0.00000
          cH =   0.00000
         cHb =   0.00000
        cHwb =   0.00000
      cHq1st =   0.00000
      cHq3st =   0.00000
      cHq1rd =   0.00000
      cHq3rd =   0.00000
       cHdst =   0.00000
       cHust =   0.00000
       cHdrd =   0.00000
       cHurd =   0.00000
         cth =   0.00000
         cbh =   0.00000
 --------------

  mH       = 125.0000      GeV
  fact_scale 1.0
  ren_scale  1.0
  Kqq      =   0.25156638224758104            +-    2.2840299471919880E-004
  Kgq      =   -6.7723282509790608E-002       +-    1.2192067203250291E-004
  K_nlo    =    1.1838430997377904            +-    2.5890650487300526E-004
  Kqq2     =    5.5223895690235586E-002       +-    2.0268084804237618E-004
  Kgq2     =   -3.4913210662823907E-002       +-    1.3052695495487381E-004
  Kqqs     =    1.7130283855697824E-003       +-    3.3842126325866641E-006
  Kgg      =    1.0094880583682484E-003       +-    1.6711073034721049E-006
  K_nnlo   =    1.2068763012091401            +-    3.5378473100642179E-004
  sig_LO   = (  0.52904279272526145            +-    3.0668577677904924E-004 ) fb
  sig_NLO  = (  0.62630365963381085            +-    3.3588340896183833E-004 ) fb
  sig_NNLO = (  0.63848920886561722            +-    3.5928783681926407E-004 ) fb

  pp ---> HHW+ + X
  ===============

  PDFSET = PDF4LHC21_40                                NSET =  33
  Sqrt(S)  = 13.6 TeV
  LOOP     = 3
  alphaS(MZ) =   0.11800
          kl =   1.00000
          kv =   1.00000
         k2v =   1.00000
         kth =   1.00000
         kbh =   1.00000
        cHsq =   1.00000
       chdup =   0.00000
         cHw =   0.00000
          cH =   0.00000
         cHb =   0.00000
        cHwb =   0.00000
      cHq1st =   0.00000
      cHq3st =   0.00000
      cHq1rd =   0.00000
      cHq3rd =   0.00000
       cHdst =   0.00000
       cHust =   0.00000
       cHdrd =   0.00000
       cHurd =   0.00000
         cth =   0.00000
         cbh =   0.00000
 --------------

  mH       = 125.0000      GeV
  fact_scale 1.0
  ren_scale  1.0
  Kqq      =   0.25156479518371500            +-    2.2820695020232844E-004
  Kgq      =   -6.7664371310547797E-002       +-    1.2180970493720401E-004
  K_nlo    =    1.1839004238731672            +-    2.5868130264388405E-004
  Kqq2     =    5.5221682899518919E-002       +-    2.0256406130272957E-004
  Kgq2     =   -3.4883369592841856E-002       +-    1.3039786960547449E-004
  Kqqs     =    1.7117947988239742E-003       +-    3.3806975161284153E-006
  Kgg      =    1.0084439788033488E-003       +-    1.6697683245777836E-006
  K_nnlo   =    1.2069589759574715            +-    3.5350535626577475E-004
  sig_LO   = (  0.52870947954836367            +-    3.0611201263569711E-004 ) fb
  sig_NLO  = (  0.62593937694306934            +-    3.3527577728941513E-004 ) fb
  sig_NNLO = (  0.63813065201470076            +-    3.5865970594888799E-004 ) fb

  pp ---> HHW+ + X
  ===============

  PDFSET = PDF4LHC21_40                                NSET =  34
  Sqrt(S)  = 13.6 TeV
  LOOP     = 3
  alphaS(MZ) =   0.11800
          kl =   1.00000
          kv =   1.00000
         k2v =   1.00000
         kth =   1.00000
         kbh =   1.00000
        cHsq =   1.00000
       chdup =   0.00000
         cHw =   0.00000
          cH =   0.00000
         cHb =   0.00000
        cHwb =   0.00000
      cHq1st =   0.00000
      cHq3st =   0.00000
      cHq1rd =   0.00000
      cHq3rd =   0.00000
       cHdst =   0.00000
       cHust =   0.00000
       cHdrd =   0.00000
       cHurd =   0.00000
         cth =   0.00000
         cbh =   0.00000
 --------------

  mH       = 125.0000      GeV
  fact_scale 1.0
  ren_scale  1.0
  Kqq      =   0.25149000510984448            +-    2.2752583342910203E-004
  Kgq      =   -6.7732791324494571E-002       +-    1.2195918366737649E-004
  K_nlo    =    1.1837572137853500            +-    2.5815121025945311E-004
  Kqq2     =    5.5190153862094471E-002       +-    2.0204586374677043E-004
  Kgq2     =   -3.4919083493674438E-002       +-    1.3061437106910741E-004
  Kqqs     =    1.7131080647533258E-003       +-    3.3768694307830249E-006
  Kgg      =    1.0122513709312491E-003       +-    1.6768770950055083E-006
  K_nnlo   =    1.2067536435894546            +-    3.5290070488640523E-004
  sig_LO   = (  0.53026603946309103            +-    3.0517785802513766E-004 ) fb
  sig_NLO  = (  0.62770624943982101            +-    3.3447283002941162E-004 ) fb
  sig_NNLO = (  0.63990047519383453            +-    3.5798272746405272E-004 ) fb

  pp ---> HHW+ + X
  ===============

  PDFSET = PDF4LHC21_40                                NSET =  35
  Sqrt(S)  = 13.6 TeV
  LOOP     = 3
  alphaS(MZ) =   0.11800
          kl =   1.00000
          kv =   1.00000
         k2v =   1.00000
         kth =   1.00000
         kbh =   1.00000
        cHsq =   1.00000
       chdup =   0.00000
         cHw =   0.00000
          cH =   0.00000
         cHb =   0.00000
        cHwb =   0.00000
      cHq1st =   0.00000
      cHq3st =   0.00000
      cHq1rd =   0.00000
      cHq3rd =   0.00000
       cHdst =   0.00000
       cHust =   0.00000
       cHdrd =   0.00000
       cHurd =   0.00000
         cth =   0.00000
         cbh =   0.00000
 --------------

  mH       = 125.0000      GeV
  fact_scale 1.0
  ren_scale  1.0
  Kqq      =   0.25152955289762580            +-    2.2843863739062899E-004
  Kgq      =   -6.7668830068304112E-002       +-    1.2178497052416492E-004
  K_nlo    =    1.1838607228293216            +-    2.5887408155019881E-004
  Kqq2     =    5.5207850174666173E-002       +-    2.0270533659326858E-004
  Kgq2     =   -3.4885677633331710E-002       +-    1.3038563232538284E-004
  Kqqs     =    1.7111142857695631E-003       +-    3.3803157813286776E-006
  Kgg      =    1.0092500884705967E-003       +-    1.6704415048062542E-006
  K_nnlo   =    1.2069032597448963            +-    3.5372287685183967E-004
  sig_LO   = (  0.52935778202384676            +-    3.0690673485437415E-004 ) fb
  sig_NLO  = (  0.62668588646207768            +-    3.3611141888976852E-004 ) fb
  sig_NNLO = (  0.63888363269590898            +-    3.5951744396421560E-004 ) fb

  pp ---> HHW+ + X
  ===============

  PDFSET = PDF4LHC21_40                                NSET =  36
  Sqrt(S)  = 13.6 TeV
  LOOP     = 3
  alphaS(MZ) =   0.11800
          kl =   1.00000
          kv =   1.00000
         k2v =   1.00000
         kth =   1.00000
         kbh =   1.00000
        cHsq =   1.00000
       chdup =   0.00000
         cHw =   0.00000
          cH =   0.00000
         cHb =   0.00000
        cHwb =   0.00000
      cHq1st =   0.00000
      cHq3st =   0.00000
      cHq1rd =   0.00000
      cHq3rd =   0.00000
       cHdst =   0.00000
       cHust =   0.00000
       cHdrd =   0.00000
       cHurd =   0.00000
         cth =   0.00000
         cbh =   0.00000
 --------------

  mH       = 125.0000      GeV
  fact_scale 1.0
  ren_scale  1.0
  Kqq      =   0.25162948345088926            +-    2.2853232713074444E-004
  Kgq      =   -6.7908851157520836E-002       +-    1.2226663951257424E-004
  K_nlo    =    1.1837206322933684            +-    2.5918363312811896E-004
  Kqq2     =    5.5245855991829969E-002       +-    2.0274834096118842E-004
  Kgq2     =   -3.5007500778990709E-002       +-    1.3088110529448557E-004
  Kqqs     =    1.7123615970955441E-003       +-    3.3833089464646720E-006
  Kgg      =    1.0160408556053957E-003       +-    1.6839844220170604E-006
  K_nnlo   =    1.2066873899589088            +-    3.5415701567253008E-004
  sig_LO   = (  0.52806558508601353            +-    3.0627647737455619E-004 ) fb
  sig_NLO  = (  0.62508212827038356            +-    3.3546619910744687E-004 ) fb
  sig_NNLO = (  0.63721008259456591            +-    3.5886078383555448E-004 ) fb

  pp ---> HHW+ + X
  ===============

  PDFSET = PDF4LHC21_40                                NSET =  37
  Sqrt(S)  = 13.6 TeV
  LOOP     = 3
  alphaS(MZ) =   0.11800
          kl =   1.00000
          kv =   1.00000
         k2v =   1.00000
         kth =   1.00000
         kbh =   1.00000
        cHsq =   1.00000
       chdup =   0.00000
         cHw =   0.00000
          cH =   0.00000
         cHb =   0.00000
        cHwb =   0.00000
      cHq1st =   0.00000
      cHq3st =   0.00000
      cHq1rd =   0.00000
      cHq3rd =   0.00000
       cHdst =   0.00000
       cHust =   0.00000
       cHdrd =   0.00000
       cHurd =   0.00000
         cth =   0.00000
         cbh =   0.00000
 --------------

  mH       = 125.0000      GeV
  fact_scale 1.0
  ren_scale  1.0
  Kqq      =   0.25153930883886977            +-    2.2852797783424965E-004
  Kgq      =   -6.7743408300869848E-002       +-    1.2190615787247264E-004
  K_nlo    =    1.1837959005379999            +-    2.5900993799512698E-004
  Kqq2     =    5.5214181484763251E-002       +-    2.0276930442289853E-004
  Kgq2     =   -3.4924665953957233E-002       +-    1.3052108879349906E-004
  Kqqs     =    1.7124806658156792E-003       +-    3.3828675711428547E-006
  Kgg      =    1.0094978619906094E-003       +-    1.6707480277359278E-006
  K_nnlo   =    1.2068073945966122            +-    3.5390892699704846E-004
  sig_LO   = (  0.52883842182174068            +-    3.0676540039367847E-004 ) fb
  sig_NLO  = (  0.62603675579956208            +-    3.3595684099206499E-004 ) fb
  sig_NNLO = (  0.63820611800127902            +-    3.5935235556919470E-004 ) fb

  pp ---> HHW+ + X
  ===============

  PDFSET = PDF4LHC21_40                                NSET =  38
  Sqrt(S)  = 13.6 TeV
  LOOP     = 3
  alphaS(MZ) =   0.11800
          kl =   1.00000
          kv =   1.00000
         k2v =   1.00000
         kth =   1.00000
         kbh =   1.00000
        cHsq =   1.00000
       chdup =   0.00000
         cHw =   0.00000
          cH =   0.00000
         cHb =   0.00000
        cHwb =   0.00000
      cHq1st =   0.00000
      cHq3st =   0.00000
      cHq1rd =   0.00000
      cHq3rd =   0.00000
       cHdst =   0.00000
       cHust =   0.00000
       cHdrd =   0.00000
       cHurd =   0.00000
         cth =   0.00000
         cbh =   0.00000
 --------------

  mH       = 125.0000      GeV
  fact_scale 1.0
  ren_scale  1.0
  Kqq      =   0.25129902682478877            +-    2.2832132827194833E-004
  Kgq      =   -6.7372103827316038E-002       +-    1.2128568327351332E-004
  K_nlo    =    1.1839269229974727            +-    2.5853596637796799E-004
  Kqq2     =    5.5120091194425777E-002       +-    2.0269839455898874E-004
  Kgq2     =   -3.4731494724848933E-002       +-    1.2984032844942487E-004
  Kqqs     =    1.7058104441444297E-003       +-    3.3700136528001970E-006
  Kgg      =    1.0046023254406944E-003       +-    1.6620481791552773E-006
  K_nnlo   =    1.2070259322366348            +-    3.5327059792148808E-004
  sig_LO   = (  0.53135766296751907            +-    3.0810037583870094E-004 ) fb
  sig_NLO  = (  0.62908864292826294            +-    3.3733922184402755E-004 ) fb
  sig_NNLO = (  0.64136247849444916            +-    3.6077974820894189E-004 ) fb

  pp ---> HHW+ + X
  ===============

  PDFSET = PDF4LHC21_40                                NSET =  39
  Sqrt(S)  = 13.6 TeV
  LOOP     = 3
  alphaS(MZ) =   0.11800
          kl =   1.00000
          kv =   1.00000
         k2v =   1.00000
         kth =   1.00000
         kbh =   1.00000
        cHsq =   1.00000
       chdup =   0.00000
         cHw =   0.00000
          cH =   0.00000
         cHb =   0.00000
        cHwb =   0.00000
      cHq1st =   0.00000
      cHq3st =   0.00000
      cHq1rd =   0.00000
      cHq3rd =   0.00000
       cHdst =   0.00000
       cHust =   0.00000
       cHdrd =   0.00000
       cHurd =   0.00000
         cth =   0.00000
         cbh =   0.00000
 --------------

  mH       = 125.0000      GeV
  fact_scale 1.0
  ren_scale  1.0
  Kqq      =   0.25152729047821992            +-    2.2852093565134892E-004
  Kgq      =   -6.7862797816446011E-002       +-    1.2219530574299688E-004
  K_nlo    =    1.1836644926617739            +-    2.5913994438641149E-004
  Kqq2     =    5.5206426640361239E-002       +-    2.0274199725421268E-004
  Kgq2     =   -3.4984140047451540E-002       +-    1.3083734176635311E-004
  Kqqs     =    1.7106397127473385E-003       +-    3.3807637068442188E-006
  Kgg      =    1.0135880205765382E-003       +-    1.6792278851755065E-006
  K_nnlo   =    1.2066110069880076            +-    3.5410519284138854E-004
  sig_LO   = (  0.52833655951946301            +-    3.0643170658832205E-004 ) fb
  sig_NLO  = (  0.62537322567827236            +-    3.3562715857854728E-004 ) fb
  sig_NNLO = (  0.63749670811035875            +-    3.5902901183434581E-004 ) fb

  pp ---> HHW+ + X
  ===============

  PDFSET = PDF4LHC21_40                                NSET =  40
  Sqrt(S)  = 13.6 TeV
  LOOP     = 3
  alphaS(MZ) =   0.11800
          kl =   1.00000
          kv =   1.00000
         k2v =   1.00000
         kth =   1.00000
         kbh =   1.00000
        cHsq =   1.00000
       chdup =   0.00000
         cHw =   0.00000
          cH =   0.00000
         cHb =   0.00000
        cHwb =   0.00000
      cHq1st =   0.00000
      cHq3st =   0.00000
      cHq1rd =   0.00000
      cHq3rd =   0.00000
       cHdst =   0.00000
       cHust =   0.00000
       cHdrd =   0.00000
       cHurd =   0.00000
         cth =   0.00000
         cbh =   0.00000
 --------------

  mH       = 125.0000      GeV
  fact_scale 1.0
  ren_scale  1.0
  Kqq      =   0.25159687659240815            +-    2.2859936602844007E-004
  Kgq      =   -6.7689258875336791E-002       +-    1.2183234036412943E-004
  K_nlo    =    1.1839076177170713            +-    2.5903820047862785E-004
  Kqq2     =    5.5234966366909749E-002       +-    2.0279344018216301E-004
  Kgq2     =   -3.4896655204620014E-002       +-    1.3043370748936928E-004
  Kqqs     =    1.7120246565013981E-003       +-    3.3827741423072240E-006
  Kgg      =    1.0101364839936507E-003       +-    1.6719157367588146E-006
  K_nnlo   =    1.2069680900198563            +-    3.5391123067892799E-004
  sig_LO   = (  0.52840011755134286            +-    3.0661106736751444E-004 ) fb
  sig_NLO  = (  0.62557692437163082            +-    3.3577572205835751E-004 ) fb
  sig_NNLO = (  0.63776208064721174            +-    3.5914045428186238E-004 ) fb

  pp ---> HHW+ + X
  ===============

  PDFSET = PDF4LHC21_40                                NSET =  41
  Sqrt(S)  = 13.6 TeV
  LOOP     = 3
  alphaS(MZ) =   0.11700
          kl =   1.00000
          kv =   1.00000
         k2v =   1.00000
         kth =   1.00000
         kbh =   1.00000
        cHsq =   1.00000
       chdup =   0.00000
         cHw =   0.00000
          cH =   0.00000
         cHb =   0.00000
        cHwb =   0.00000
      cHq1st =   0.00000
      cHq3st =   0.00000
      cHq1rd =   0.00000
      cHq3rd =   0.00000
       cHdst =   0.00000
       cHust =   0.00000
       cHdrd =   0.00000
       cHurd =   0.00000
         cth =   0.00000
         cbh =   0.00000
 --------------

  mH       = 125.0000      GeV
  fact_scale 1.0
  ren_scale  1.0
  Kqq      =   0.24968619687393825            +-    2.2708459447423452E-004
  Kgq      =   -6.6477016454358995E-002       +-    1.1965656289719180E-004
  K_nlo    =    1.1832091804195795            +-    2.5668094220626734E-004
  Kqq2     =    5.4410567632173348E-002       +-    2.0017112250095341E-004
  Kgq2     =   -3.4044455400944945E-002       +-    1.2725043295383826E-004
  Kqqs     =    1.6845936406698684E-003       +-    3.3288557512992662E-006
  Kgg      =    9.7436758206407897E-004       +-    1.6118352856742204E-006
  K_nnlo   =    1.2062342538735420            +-    3.4951385717268670E-004
  sig_LO   = (  0.53027828073579009            +-    3.0790071073546929E-004 ) fb
  sig_NLO  = (  0.62743012994369773            +-    3.3664434304459006E-004 ) fb
  sig_NNLO = (  0.63963982630868021            +-    3.5937948981015739E-004 ) fb

  pp ---> HHW+ + X
  ===============

  PDFSET = PDF4LHC21_40                                NSET =  42
  Sqrt(S)  = 13.6 TeV
  LOOP     = 3
  alphaS(MZ) =   0.11900
          kl =   1.00000
          kv =   1.00000
         k2v =   1.00000
         kth =   1.00000
         kbh =   1.00000
        cHsq =   1.00000
       chdup =   0.00000
         cHw =   0.00000
          cH =   0.00000
         cHb =   0.00000
        cHwb =   0.00000
      cHq1st =   0.00000
      cHq3st =   0.00000
      cHq1rd =   0.00000
      cHq3rd =   0.00000
       cHdst =   0.00000
       cHust =   0.00000
       cHdrd =   0.00000
       cHurd =   0.00000
         cth =   0.00000
         cbh =   0.00000
 --------------

  mH       = 125.0000      GeV
  fact_scale 1.0
  ren_scale  1.0
  Kqq      =   0.25332680078536607            +-    2.2989626924191842E-004
  Kgq      =   -6.7002346431848936E-002       +-    1.2065810936294236E-004
  K_nlo    =    1.1863244543535170            +-    2.5963565619227340E-004
  Kqq2     =    5.5992913748114929E-002       +-    2.0533682605829216E-004
  Kgq2     =   -3.4773560999681215E-002       +-    1.3007065693476443E-004
  Kqqs     =    1.7376971484224914E-003       +-    3.4317390881267517E-006
  Kgg      =    9.9264054437713531E-004       +-    1.6484737245956248E-006
  K_nnlo   =    1.2102741447947503            +-    3.5567788263584309E-004
  sig_LO   = (  0.53119489435558642            +-    3.0784389968533684E-004 ) fb
  sig_NLO  = (  0.63016949320176530            +-    3.3732625555921630E-004 ) fb
  sig_NNLO = (  0.64289144648554530            +-    3.6119804395005954E-004 ) fb

