  pp ---> HHW+ + X
  ===============

  PDFSET = PDF4LHC21_40                                NSET =   0
  Sqrt(S)  = 13.6 TeV
  LOOP     = 3
  alphaS(MZ) =   0.11800
          kl =   1.00000
          kv =   1.00000
         k2v =   1.00000
         kth =   1.00000
         kbh =   1.00000
        cHsq =  -0.60000
       chdup =   0.00000
         cHw =   0.00000
          cH =   0.00000
         cHb =   0.00000
        cHwb =   0.00000
      cHq1st =   0.00000
      cHq3st =   0.00000
      cHq1rd =   0.00000
      cHq3rd =   0.00000
       cHdst =   0.00000
       cHust =   0.00000
       cHdrd =   0.00000
       cHurd =   0.00000
         cth =   0.00000
         cbh =   0.00000
 --------------

  mH       = 125.0000      GeV
  fact_scale 0.5
  ren_scale  0.5
  Kqq      =   0.20442397699879841            +-    2.3685313929646743E-004
  Kgq      =   -2.0609262028185995E-002       +-    1.4859856552941082E-004
  K_nlo    =    1.1838147149706124            +-    2.7960855364596841E-004
  Kqq2     =    2.3910322214029136E-002       +-    2.1336778171414180E-004
  Kgq2     =   -1.7015434161722343E-002       +-    1.3690629481762041E-004
  Kqqs     =    1.4105277582967290E-003       +-    4.3934386274052000E-006
  Kgg      =    3.1732737299583117E-004       +-    1.8316746090143522E-006
  K_nnlo   =    1.1924374581542116            +-    3.7745561916752455E-004
  sig_LO   = (  0.15916047620402424            +-    1.0664033310810696E-004 ) fb
  sig_NLO  = (  0.18841651377205390            +-    1.1555364456039351E-004 ) fb
  sig_NNLO = (  0.18978891368334058            +-    1.2239807333028126E-004 ) fb

  mH       = 125.0000      GeV
  fact_scale 1.0
  ren_scale  0.5
  Kqq      =   0.27397239049045768            +-    3.0695806150356897E-004
  Kgq      =   -7.4757618369827791E-002       +-    1.5080897718002992E-004
  K_nlo    =    1.1992147721206299            +-    3.4200379986210039E-004
  Kqq2     =    4.2525035707114973E-002       +-    3.2067421755935412E-004
  Kgq2     =   -3.5902132157130305E-002       +-    1.8238277080049863E-004
  Kqqs     =    2.0542227932069655E-003       +-    4.4788333239041459E-006
  Kgg      =    1.2437502365990828E-003       +-    2.2417994325036707E-006
  K_nnlo   =    1.2091356487004208            +-    5.0307764174620771E-004
  sig_LO   = (  0.15756505150799863            +-    1.0514212276866233E-004 ) fb
  sig_NLO  = (  0.18895433733833988            +-    1.1814722156527246E-004 ) fb
  sig_NNLO = (  0.19051752076763911            +-    1.3167458117891253E-004 ) fb

  mH       = 125.0000      GeV
  fact_scale 0.5
  ren_scale  1.0
  Kqq      =   0.18782891028113385            +-    2.1784858684732202E-004
  Kgq      =   -1.8942228733449990E-002       +-    1.3651909396687292E-004
  K_nlo    =    1.1688866815476839            +-    2.5709039229211011E-004
  Kqq2     =    3.4655104000519153E-002       +-    1.5856690507457313E-004
  Kgq2     =   -1.5815215514505460E-002       +-    1.1692840009611874E-004
  Kqqs     =    1.1880735327011768E-003       +-    3.7048534446415034E-006
  Kgg      =    2.6730481136010578E-004       +-    1.5420976775524425E-006
  K_nnlo   =    1.1891819483777590            +-    3.2392481835631426E-004
  sig_LO   = (  0.15916047620402424            +-    1.0664033310810696E-004 ) fb
  sig_NLO  = (  0.18604056086367099            +-    1.1422125400427581E-004 ) fb
  sig_NNLO = (  0.18927076519703345            +-    1.1844908063807128E-004 ) fb

  mH       = 125.0000      GeV
  fact_scale 1.0
  ren_scale  1.0
  Kqq      =   0.25172621782957771            +-    2.8218660929436255E-004
  Kgq      =   -6.8649925124957240E-002       +-    1.3850822750839049E-004
  K_nlo    =    1.1830762927046203            +-    3.1434664234339339E-004
  Kqq2     =    5.5271630462163976E-002       +-    2.3881410937938785E-004
  Kgq2     =   -3.5576942835035603E-002       +-    1.4308682107234925E-004
  Kqqs     =    1.7327142657498340E-003       +-    3.7811509228278980E-006
  Kgg      =    1.0471554261167206E-003       +-    1.8869923204272212E-006
  K_nnlo   =    1.2055508500236150            +-    4.1992581082632267E-004
  sig_LO   = (  0.15756505150799863            +-    1.0514212276866233E-004 ) fb
  sig_NLO  = (  0.18641147699789559            +-    1.1622431469930949E-004 ) fb
  sig_NNLO = (  0.18995268177948249            +-    1.2422864742038831E-004 ) fb

  mH       = 125.0000      GeV
  fact_scale 1.5
  ren_scale  1.0
  Kqq      =   0.29007212908084723            +-    3.4398072079333438E-004
  Kgq      =   -9.6592409533068566E-002       +-    1.3299492652434015E-004
  K_nlo    =    1.1934797195477787            +-    3.6879586054986639E-004
  Kqq2     =    6.7171905498269902E-002       +-    3.0237086971696890E-004
  Kgq2     =   -4.8995508870377902E-002       +-    1.6359106583480377E-004
  Kqqs     =    3.0852179516007152E-003       +-    4.5732464802897451E-006
  Kgg      =    1.7513383247432309E-003       +-    2.2159897615845506E-006
  K_nnlo   =    1.2164926724520144            +-    5.0420867865108457E-004
  sig_LO   = (  0.15645914839781982            +-    1.0424546869941660E-004 ) fb
  sig_NLO  = (  0.18673082055051429            +-    1.1914939891842167E-004 ) fb
  sig_NNLO = (  0.19033140756403016            +-    1.3073042427113541E-004 ) fb

  mH       = 125.0000      GeV
  fact_scale 2.0
  ren_scale  1.0
  Kqq      =   0.31777269374674244            +-    3.8817020239496197E-004
  Kgq      =  -0.11584040934936454            +-    1.4797768437179579E-004
  K_nlo    =    1.2019322843973779            +-    4.1541966864772371E-004
  Kqq2     =    7.5515748753464187E-002       +-    3.5694239662282758E-004
  Kgq2     =   -5.9349860532131808E-002       +-    1.8515148970698581E-004
  Kqqs     =    4.4795565974490468E-003       +-    5.4889056611305415E-006
  Kgg      =    2.3458603289513887E-003       +-    2.5166864203388329E-006
  K_nnlo   =    1.2249235895451107            +-    5.7818587975048627E-004
  sig_LO   = (  0.15561551186378558            +-    1.0360412527057864E-004 ) fb
  sig_NLO  = (  0.18703930766210705            +-    1.2211833211629871E-004 ) fb
  sig_NNLO = (  0.19061711138108797            +-    1.3721975042593784E-004 ) fb

  mH       = 125.0000      GeV
  fact_scale 1.0
  ren_scale  1.5
  Kqq      =   0.24034141335965911            +-    2.6949872710134215E-004
  Kgq      =   -6.5526859035802548E-002       +-    1.3221914531803906E-004
  K_nlo    =    1.1748145543238566            +-    3.0018571967679679E-004
  Kqq2     =    6.0744095821808577E-002       +-    2.1514536493334925E-004
  Kgq2     =   -3.5255980320601309E-002       +-    1.2802011403662835E-004
  Kqqs     =    1.5788713741394494E-003       +-    3.4469919172401465E-006
  Kgg      =    9.5327744139154017E-004       +-    1.7176378466169834E-006
  K_nnlo   =    1.2028348186405948            +-    3.9090021230639085E-004
  sig_LO   = (  0.15756505150799863            +-    1.0514212276866233E-004 ) fb
  sig_NLO  = (  0.18510971576438490            +-    1.1529111161234195E-004 ) fb
  sig_NNLO = (  0.18952473015471949            +-    1.2185428416766596E-004 ) fb

  mH       = 125.0000      GeV
  fact_scale 1.5
  ren_scale  1.5
  Kqq      =   0.27695607851768445            +-    3.2848847725918935E-004
  Kgq      =   -9.2192312110151470E-002       +-    1.2697753139764552E-004
  K_nlo    =    1.1847637664075330            +-    3.5217605422842280E-004
  Kqq2     =    7.3141450421522619E-002       +-    2.6667933641912387E-004
  Kgq2     =   -4.8664385867722135E-002       +-    1.4762338442102140E-004
  Kqqs     =    2.8112612016667729E-003       +-    4.1681126389269177E-006
  Kgg      =    1.5941790179557975E-003       +-    2.0184673309432407E-006
  K_nnlo   =    1.2136462711809564            +-    4.6578960126445373E-004
  sig_LO   = (  0.15645914839781982            +-    1.0424546869941660E-004 ) fb
  sig_NLO  = (  0.18536712994471616            +-    1.1791206972655863E-004 ) fb
  sig_NNLO = (  0.18988606204516192            +-    1.2719347993127511E-004 ) fb

  mH       = 125.0000      GeV
  fact_scale 2.0
  ren_scale  1.5
  Kqq      =   0.30340168217889241            +-    3.7063822395834136E-004
  Kgq      =  -0.11056055289162514            +-    1.4129280164339004E-004
  K_nlo    =    1.1928411292872674            +-    3.9665646201118669E-004
  Kqq2     =    8.1900860622968155E-002       +-    3.1020800608401911E-004
  Kgq2     =   -5.8919772266612561E-002       +-    1.6979376073014750E-004
  Kqqs     =    4.0815871263868916E-003       +-    5.0028961028843164E-006
  Kgg      =    2.1352467549341923E-003       +-    2.2918003816986127E-006
  K_nnlo   =    1.2220390515249440            +-    5.3143725725164127E-004
  sig_LO   = (  0.15561551186378558            +-    1.0360412527057864E-004 ) fb
  sig_NLO  = (  0.18562458290621411            +-    1.2059809825473628E-004 ) fb
  sig_NNLO = (  0.19016823252058918            +-    1.3256351330281576E-004 ) fb

  mH       = 125.0000      GeV
  fact_scale 1.0
  ren_scale  2.0
  Kqq      =   0.23288003375960376            +-    2.6118117999248986E-004
  Kgq      =   -6.3480991392054362E-002       +-    1.2809960529949630E-004
  K_nlo    =    1.1693990423675493            +-    2.9090396638780318E-004
  Kqq2     =    6.3945631699654351E-002       +-    2.0916804511544952E-004
  Kgq2     =   -3.4997391489130739E-002       +-    1.1980828874415185E-004
  Kqqs     =    1.4819626678054859E-003       +-    3.2363773118034137E-006
  Kgg      =    8.9421050351209204E-004       +-    1.6111048968932887E-006
  K_nnlo   =    1.2007234557493904            +-    3.7781408735841236E-004
  sig_LO   = (  0.15756505150799863            +-    1.0514212276866233E-004 ) fb
  sig_NLO  = (  0.18425642034404718            +-    1.1469887634887271E-004 ) fb
  sig_NNLO = (  0.18919205315201484            +-    1.2082517179060940E-004 ) fb

  mH       = 125.0000      GeV
  fact_scale 1.5
  ren_scale  2.0
  Kqq      =   0.26835993851023920            +-    3.1833408778550925E-004
  Kgq      =   -8.9310216692266020E-002       +-    1.2303377877280033E-004
  K_nlo    =    1.1790497218179730            +-    3.4128273054074491E-004
  Kqq2     =    7.6648950564268417E-002       +-    2.5562580089114940E-004
  Kgq2     =   -4.8366748286704946E-002       +-    1.4016490251033564E-004
  Kqqs     =    2.6386911014624013E-003       +-    3.9128160947149773E-006
  Kgg      =    1.4953110348396833E-003       +-    1.8941967604948791E-006
  K_nnlo   =    1.2114659262318386            +-    4.4886919058170907E-004
  sig_LO   = (  0.15645914839781982            +-    1.0424546869941660E-004 ) fb
  sig_NLO  = (  0.18447311539432645            +-    1.1712530285767347E-004 ) fb
  sig_NNLO = (  0.18954492713120952            +-    1.2569537495276089E-004 ) fb

  mH       = 125.0000      GeV
  fact_scale 2.0
  ren_scale  2.0
  Kqq      =   0.29398325104356043            +-    3.5914947528477211E-004
  Kgq      =  -0.10710233341829892            +-    1.3691081250906471E-004
  K_nlo    =    1.1868809176252615            +-    3.8436039881759330E-004
  Kqq2     =    8.5630152016771210E-002       +-    2.9259022351187347E-004
  Kgq2     =   -5.8542678281130321E-002       +-    1.6282513551119690E-004
  Kqqs     =    3.8309151659578983E-003       +-    4.6966751085830138E-006
  Kgg      =    2.0027535214960498E-003       +-    2.1502685248340455E-006
  K_nnlo   =    1.2198020600483566            +-    5.0978491762702384E-004
  sig_LO   = (  0.15561551186378558            +-    1.0360412527057864E-004 ) fb
  sig_NLO  = (  0.18469708151761460            +-    1.1963002455913708E-004 ) fb
  sig_NNLO = (  0.18982012194692507            +-    1.3048805932340684E-004 ) fb

  pp ---> HHW+ + X
  ===============

  PDFSET = PDF4LHC21_40                                NSET =   1
  Sqrt(S)  = 13.6 TeV
  LOOP     = 3
  alphaS(MZ) =   0.11800
          kl =   1.00000
          kv =   1.00000
         k2v =   1.00000
         kth =   1.00000
         kbh =   1.00000
        cHsq =  -0.60000
       chdup =   0.00000
         cHw =   0.00000
          cH =   0.00000
         cHb =   0.00000
        cHwb =   0.00000
      cHq1st =   0.00000
      cHq3st =   0.00000
      cHq1rd =   0.00000
      cHq3rd =   0.00000
       cHdst =   0.00000
       cHust =   0.00000
       cHdrd =   0.00000
       cHurd =   0.00000
         cth =   0.00000
         cbh =   0.00000
 --------------

  mH       = 125.0000      GeV
  fact_scale 1.0
  ren_scale  1.0
  Kqq      =   0.25181978399197763            +-    2.8302690633821799E-004
  Kgq      =   -6.8665246476797337E-002       +-    1.3862125823441482E-004
  K_nlo    =    1.1831545375151802            +-    3.1515088917195638E-004
  Kqq2     =    5.5317155265294529E-002       +-    2.3867741788720985E-004
  Kgq2     =   -3.5586290055734882E-002       +-    1.4322669252689427E-004
  Kqqs     =    1.7332089408859312E-003       +-    3.7829310699286414E-006
  Kgg      =    1.0469818466730546E-003       +-    1.8868649496104479E-006
  K_nnlo   =    1.2056655935122986            +-    4.2049821525684501E-004
  sig_LO   = (  0.15762208422379709            +-    1.0557570830570482E-004 ) fb
  sig_NLO  = (  0.18649128416198543            +-    1.1667823266551463E-004 ) fb
  sig_NNLO = (  0.19003952372632987            +-    1.2465649902231515E-004 ) fb

  pp ---> HHW+ + X
  ===============

  PDFSET = PDF4LHC21_40                                NSET =   2
  Sqrt(S)  = 13.6 TeV
  LOOP     = 3
  alphaS(MZ) =   0.11800
          kl =   1.00000
          kv =   1.00000
         k2v =   1.00000
         kth =   1.00000
         kbh =   1.00000
        cHsq =  -0.60000
       chdup =   0.00000
         cHw =   0.00000
          cH =   0.00000
         cHb =   0.00000
        cHwb =   0.00000
      cHq1st =   0.00000
      cHq3st =   0.00000
      cHq1rd =   0.00000
      cHq3rd =   0.00000
       cHdst =   0.00000
       cHust =   0.00000
       cHdrd =   0.00000
       cHurd =   0.00000
         cth =   0.00000
         cbh =   0.00000
 --------------

  mH       = 125.0000      GeV
  fact_scale 1.0
  ren_scale  1.0
  Kqq      =   0.25173522704972917            +-    2.8182341197206654E-004
  Kgq      =   -6.8590618009896395E-002       +-    1.3823818066363818E-004
  K_nlo    =    1.1831446090398330            +-    3.1390162492215585E-004
  Kqq2     =    5.5284211381604997E-002       +-    2.3819970211422307E-004
  Kgq2     =   -3.5546185988071403E-002       +-    1.4279409204152305E-004
  Kqqs     =    1.7400738739294284E-003       +-    3.7931669949526561E-006
  Kgg      =    1.0449995616265782E-003       +-    1.8764213378471237E-006
  K_nnlo   =    1.2056677078689226            +-    4.1914363887684864E-004
  sig_LO   = (  0.15725587654030329            +-    1.0475578290153533E-004 ) fb
  sig_NLO  = (  0.18605644256849335            +-    1.1580357290175769E-004 ) fb
  sig_NNLO = (  0.18959833221726571            +-    1.2376700407772427E-004 ) fb

  pp ---> HHW+ + X
  ===============

  PDFSET = PDF4LHC21_40                                NSET =   3
  Sqrt(S)  = 13.6 TeV
  LOOP     = 3
  alphaS(MZ) =   0.11800
          kl =   1.00000
          kv =   1.00000
         k2v =   1.00000
         kth =   1.00000
         kbh =   1.00000
        cHsq =  -0.60000
       chdup =   0.00000
         cHw =   0.00000
          cH =   0.00000
         cHb =   0.00000
        cHwb =   0.00000
      cHq1st =   0.00000
      cHq3st =   0.00000
      cHq1rd =   0.00000
      cHq3rd =   0.00000
       cHdst =   0.00000
       cHust =   0.00000
       cHdrd =   0.00000
       cHurd =   0.00000
         cth =   0.00000
         cbh =   0.00000
 --------------

  mH       = 125.0000      GeV
  fact_scale 1.0
  ren_scale  1.0
  Kqq      =   0.25162965474043142            +-    2.8066791555418370E-004
  Kgq      =   -6.8425407048630843E-002       +-    1.3812481784741541E-004
  K_nlo    =    1.1832042476918008            +-    3.1281455229402623E-004
  Kqq2     =    5.5254707009089903E-002       +-    2.3711214729808745E-004
  Kgq2     =   -3.5459836036243461E-002       +-    1.4269743459621219E-004
  Kqqs     =    1.7300452664202317E-003       +-    3.7702834670601131E-006
  Kgg      =    1.0428281483728537E-003       +-    1.8778382449290785E-006
  K_nnlo   =    1.2057719920794401            +-    4.1767860093313181E-004
  sig_LO   = (  0.15779025635813365            +-    1.0411846874934985E-004 ) fb
  sig_NLO  = (  0.18669810156732186            +-    1.1522575728669575E-004 ) fb
  sig_NNLO = (  0.19025907173967233            +-    1.2322420796134824E-004 ) fb

  pp ---> HHW+ + X
  ===============

  PDFSET = PDF4LHC21_40                                NSET =   4
  Sqrt(S)  = 13.6 TeV
  LOOP     = 3
  alphaS(MZ) =   0.11800
          kl =   1.00000
          kv =   1.00000
         k2v =   1.00000
         kth =   1.00000
         kbh =   1.00000
        cHsq =  -0.60000
       chdup =   0.00000
         cHw =   0.00000
          cH =   0.00000
         cHb =   0.00000
        cHwb =   0.00000
      cHq1st =   0.00000
      cHq3st =   0.00000
      cHq1rd =   0.00000
      cHq3rd =   0.00000
       cHdst =   0.00000
       cHust =   0.00000
       cHdrd =   0.00000
       cHurd =   0.00000
         cth =   0.00000
         cbh =   0.00000
 --------------

  mH       = 125.0000      GeV
  fact_scale 1.0
  ren_scale  1.0
  Kqq      =   0.25215985486565201            +-    2.8246786543842693E-004
  Kgq      =   -6.9341369309420406E-002       +-    1.4005205860033158E-004
  K_nlo    =    1.1828184855562316            +-    3.1528189628256801E-004
  Kqq2     =    5.5446222229245286E-002       +-    2.3808589986041112E-004
  Kgq2     =   -3.5934645777777018E-002       +-    1.4470097299940990E-004
  Kqqs     =    1.7469044487021658E-003       +-    3.8139797768919250E-006
  Kgg      =    1.0627625813608111E-003       +-    1.9196603007865696E-006
  K_nnlo   =    1.2051397290377630            +-    4.2076617373579186E-004
  sig_LO   = (  0.15565303545939238            +-    1.0384303187612655E-004 ) fb
  sig_NLO  = (  0.18410928767430890            +-    1.1485508296039997E-004 ) fb
  sig_NNLO = (  0.18758365697743742            +-    1.2277124265926080E-004 ) fb

  pp ---> HHW+ + X
  ===============

  PDFSET = PDF4LHC21_40                                NSET =   5
  Sqrt(S)  = 13.6 TeV
  LOOP     = 3
  alphaS(MZ) =   0.11800
          kl =   1.00000
          kv =   1.00000
         k2v =   1.00000
         kth =   1.00000
         kbh =   1.00000
        cHsq =  -0.60000
       chdup =   0.00000
         cHw =   0.00000
          cH =   0.00000
         cHb =   0.00000
        cHwb =   0.00000
      cHq1st =   0.00000
      cHq3st =   0.00000
      cHq1rd =   0.00000
      cHq3rd =   0.00000
       cHdst =   0.00000
       cHust =   0.00000
       cHdrd =   0.00000
       cHurd =   0.00000
         cth =   0.00000
         cbh =   0.00000
 --------------

  mH       = 125.0000      GeV
  fact_scale 1.0
  ren_scale  1.0
  Kqq      =   0.25176716295501533            +-    2.8220638222343797E-004
  Kgq      =   -6.8489375983631848E-002       +-    1.3814477057330201E-004
  K_nlo    =    1.1832777869713835            +-    3.1420442359138013E-004
  Kqq2     =    5.5285615485911495E-002       +-    2.3891270577324137E-004
  Kgq2     =   -3.5492980171585919E-002       +-    1.4271149216310238E-004
  Kqqs     =    1.7301405025001823E-003       +-    3.7759912749445966E-006
  Kgg      =    1.0409292665771995E-003       +-    1.8758494662240203E-006
  K_nnlo   =    1.2058414920547864            +-    4.1974759999436619E-004
  sig_LO   = (  0.15753090395949912            +-    1.0511719270130320E-004 ) fb
  sig_NLO  = (  0.18640281941679765            +-    1.1618764130378174E-004 ) fb
  sig_NNLO = (  0.18995730027526167            +-    1.2418495993503920E-004 ) fb

  pp ---> HHW+ + X
  ===============

  PDFSET = PDF4LHC21_40                                NSET =   6
  Sqrt(S)  = 13.6 TeV
  LOOP     = 3
  alphaS(MZ) =   0.11800
          kl =   1.00000
          kv =   1.00000
         k2v =   1.00000
         kth =   1.00000
         kbh =   1.00000
        cHsq =  -0.60000
       chdup =   0.00000
         cHw =   0.00000
          cH =   0.00000
         cHb =   0.00000
        cHwb =   0.00000
      cHq1st =   0.00000
      cHq3st =   0.00000
      cHq1rd =   0.00000
      cHq3rd =   0.00000
       cHdst =   0.00000
       cHust =   0.00000
       cHdrd =   0.00000
       cHurd =   0.00000
         cth =   0.00000
         cbh =   0.00000
 --------------

  mH       = 125.0000      GeV
  fact_scale 1.0
  ren_scale  1.0
  Kqq      =   0.25182275903976892            +-    2.8144158747713671E-004
  Kgq      =   -6.8581277898752874E-002       +-    1.3836668170654330E-004
  K_nlo    =    1.1832414811410161            +-    3.1361553814843206E-004
  Kqq2     =    5.5317828610012797E-002       +-    2.3781373774540578E-004
  Kgq2     =   -3.5544645196953967E-002       +-    1.4293546872445466E-004
  Kqqs     =    1.7298701188604765E-003       +-    3.7669612657688299E-006
  Kgg      =    1.0517252461141996E-003       +-    1.8975639328516057E-006
  K_nnlo   =    1.2057962599190497            +-    4.1875818630100585E-004
  sig_LO   = (  0.15740788318457388            +-    1.0450694344296079E-004 ) fb
  sig_NLO  = (  0.18625153684258722            +-    1.1557966751908870E-004 ) fb
  sig_NNLO = (  0.18980183682573382            +-    1.2355808005725730E-004 ) fb

  pp ---> HHW+ + X
  ===============

  PDFSET = PDF4LHC21_40                                NSET =   7
  Sqrt(S)  = 13.6 TeV
  LOOP     = 3
  alphaS(MZ) =   0.11800
          kl =   1.00000
          kv =   1.00000
         k2v =   1.00000
         kth =   1.00000
         kbh =   1.00000
        cHsq =  -0.60000
       chdup =   0.00000
         cHw =   0.00000
          cH =   0.00000
         cHb =   0.00000
        cHwb =   0.00000
      cHq1st =   0.00000
      cHq3st =   0.00000
      cHq1rd =   0.00000
      cHq3rd =   0.00000
       cHdst =   0.00000
       cHust =   0.00000
       cHdrd =   0.00000
       cHurd =   0.00000
         cth =   0.00000
         cbh =   0.00000
 --------------

  mH       = 125.0000      GeV
  fact_scale 1.0
  ren_scale  1.0
  Kqq      =   0.25178193277871813            +-    2.8184975999325862E-004
  Kgq      =   -6.8424096026238473E-002       +-    1.3816271324116215E-004
  K_nlo    =    1.1833578367524795            +-    3.1389205555161330E-004
  Kqq2     =    5.5291204505972087E-002       +-    2.3876239016675877E-004
  Kgq2     =   -3.5459353949064631E-002       +-    1.4272825477668852E-004
  Kqqs     =    1.7288442453253028E-003       +-    3.7729759936215729E-006
  Kgg      =    1.0407084835308523E-003       +-    1.8738465370469120E-006
  K_nnlo   =    1.2059592400382433            +-    4.1943390761459999E-004
  sig_LO   = (  0.15766102955700373            +-    1.0486339400351821E-004 ) fb
  sig_NLO  = (  0.18656941487674469            +-    1.1595450596383614E-004 ) fb
  sig_NNLO = (  0.19013277538821122            +-    1.2397295781315884E-004 ) fb

  pp ---> HHW+ + X
  ===============

  PDFSET = PDF4LHC21_40                                NSET =   8
  Sqrt(S)  = 13.6 TeV
  LOOP     = 3
  alphaS(MZ) =   0.11800
          kl =   1.00000
          kv =   1.00000
         k2v =   1.00000
         kth =   1.00000
         kbh =   1.00000
        cHsq =  -0.60000
       chdup =   0.00000
         cHw =   0.00000
          cH =   0.00000
         cHb =   0.00000
        cHwb =   0.00000
      cHq1st =   0.00000
      cHq3st =   0.00000
      cHq1rd =   0.00000
      cHq3rd =   0.00000
       cHdst =   0.00000
       cHust =   0.00000
       cHdrd =   0.00000
       cHurd =   0.00000
         cth =   0.00000
         cbh =   0.00000
 --------------

  mH       = 125.0000      GeV
  fact_scale 1.0
  ren_scale  1.0
  Kqq      =   0.25158643927866325            +-    2.8220379132708542E-004
  Kgq      =   -6.8274051871184654E-002       +-    1.3821555265237652E-004
  K_nlo    =    1.1833123874074787            +-    3.1423322363235723E-004
  Kqq2     =    5.5210650732820048E-002       +-    2.3934318090994573E-004
  Kgq2     =   -3.5377140674474075E-002       +-    1.4280025216967279E-004
  Kqqs     =    1.7325952179789773E-003       +-    3.7839638679592619E-006
  Kgg      =    1.0479050959424788E-003       +-    1.8982337379904652E-006
  K_nnlo   =    1.2059263977797461            +-    4.2004465331209041E-004
  sig_LO   = (  0.15751086083904003            +-    1.0518815606181105E-004 ) fb
  sig_NLO  = (  0.18638455278205160            +-    1.1625109724018470E-004 ) fb
  sig_NNLO = (  0.18994650502281044            +-    1.2426546108994937E-004 ) fb

  pp ---> HHW+ + X
  ===============

  PDFSET = PDF4LHC21_40                                NSET =   9
  Sqrt(S)  = 13.6 TeV
  LOOP     = 3
  alphaS(MZ) =   0.11800
          kl =   1.00000
          kv =   1.00000
         k2v =   1.00000
         kth =   1.00000
         kbh =   1.00000
        cHsq =  -0.60000
       chdup =   0.00000
         cHw =   0.00000
          cH =   0.00000
         cHb =   0.00000
        cHwb =   0.00000
      cHq1st =   0.00000
      cHq3st =   0.00000
      cHq1rd =   0.00000
      cHq3rd =   0.00000
       cHdst =   0.00000
       cHust =   0.00000
       cHdrd =   0.00000
       cHurd =   0.00000
         cth =   0.00000
         cbh =   0.00000
 --------------

  mH       = 125.0000      GeV
  fact_scale 1.0
  ren_scale  1.0
  Kqq      =   0.25179951220491148            +-    2.8164384245762014E-004
  Kgq      =   -6.8589903254608869E-002       +-    1.3836654920181920E-004
  K_nlo    =    1.1832096089503026            +-    3.1379699796574252E-004
  Kqq2     =    5.5308666017982386E-002       +-    2.3744522533660761E-004
  Kgq2     =   -3.5546667618482748E-002       +-    1.4293575289654468E-004
  Kqqs     =    1.7337228399305433E-003       +-    3.7788413842228979E-006
  Kgg      =    1.0465364809741030E-003       +-    1.8861373871753117E-006
  K_nnlo   =    1.2057518666707070            +-    4.1868515328348705E-004
  sig_LO   = (  0.15809965804579060            +-    1.0507287530105086E-004 ) fb
  sig_NLO  = (  0.18706503457153645            +-    1.1619629984808321E-004 ) fb
  sig_NNLO = (  0.19062895780871245            +-    1.2418515231062412E-004 ) fb

  pp ---> HHW+ + X
  ===============

  PDFSET = PDF4LHC21_40                                NSET =  10
  Sqrt(S)  = 13.6 TeV
  LOOP     = 3
  alphaS(MZ) =   0.11800
          kl =   1.00000
          kv =   1.00000
         k2v =   1.00000
         kth =   1.00000
         kbh =   1.00000
        cHsq =  -0.60000
       chdup =   0.00000
         cHw =   0.00000
          cH =   0.00000
         cHb =   0.00000
        cHwb =   0.00000
      cHq1st =   0.00000
      cHq3st =   0.00000
      cHq1rd =   0.00000
      cHq3rd =   0.00000
       cHdst =   0.00000
       cHust =   0.00000
       cHdrd =   0.00000
       cHurd =   0.00000
         cth =   0.00000
         cbh =   0.00000
 --------------

  mH       = 125.0000      GeV
  fact_scale 1.0
  ren_scale  1.0
  Kqq      =   0.25174884603347286            +-    2.8245791263758276E-004
  Kgq      =   -6.8498373100512003E-002       +-    1.3825408378676380E-004
  K_nlo    =    1.1832504729329609            +-    3.1447840004569127E-004
  Kqq2     =    5.5275281238004827E-002       +-    2.3927440629022844E-004
  Kgq2     =   -3.5503613436354546E-002       +-    1.4287555854979107E-004
  Kqqs     =    1.7327552818262222E-003       +-    3.7842454155367455E-006
  Kgg      =    1.0419030229690020E-003       +-    1.8815997143928695E-006
  K_nnlo   =    1.2057967990394065            +-    4.2021445924980276E-004
  sig_LO   = (  0.15736849932981015            +-    1.0515457533114266E-004 ) fb
  sig_NLO  = (  0.18620635125674820            +-    1.1621809338052173E-004 ) fb
  sig_NNLO = (  0.18975443276152007            +-    1.2421942568782430E-004 ) fb

  pp ---> HHW+ + X
  ===============

  PDFSET = PDF4LHC21_40                                NSET =  11
  Sqrt(S)  = 13.6 TeV
  LOOP     = 3
  alphaS(MZ) =   0.11800
          kl =   1.00000
          kv =   1.00000
         k2v =   1.00000
         kth =   1.00000
         kbh =   1.00000
        cHsq =  -0.60000
       chdup =   0.00000
         cHw =   0.00000
          cH =   0.00000
         cHb =   0.00000
        cHwb =   0.00000
      cHq1st =   0.00000
      cHq3st =   0.00000
      cHq1rd =   0.00000
      cHq3rd =   0.00000
       cHdst =   0.00000
       cHust =   0.00000
       cHdrd =   0.00000
       cHurd =   0.00000
         cth =   0.00000
         cbh =   0.00000
 --------------

  mH       = 125.0000      GeV
  fact_scale 1.0
  ren_scale  1.0
  Kqq      =   0.25153907734893366            +-    2.8193554428567543E-004
  Kgq      =   -6.8557569826265027E-002       +-    1.3833554082852309E-004
  K_nlo    =    1.1829815075226686            +-    3.1404517666727509E-004
  Kqq2     =    5.5196805323392523E-002       +-    2.3867065355760283E-004
  Kgq2     =   -3.5530407677424020E-002       +-    1.4291255209915568E-004
  Kqqs     =    1.7310158754556481E-003       +-    3.7769715728109894E-006
  Kgg      =    1.0446218534233402E-003       +-    1.8830513803268781E-006
  K_nnlo   =    1.2054235428975157            +-    4.1955912908891627E-004
  sig_LO   = (  0.15796528068626034            +-    1.0532463798557917E-004 ) fb
  sig_NLO  = (  0.18687000588247374            +-    1.1642274818546793E-004 ) fb
  sig_NNLO = (  0.19041506829963251            +-    1.2444178477096711E-004 ) fb

  pp ---> HHW+ + X
  ===============

  PDFSET = PDF4LHC21_40                                NSET =  12
  Sqrt(S)  = 13.6 TeV
  LOOP     = 3
  alphaS(MZ) =   0.11800
          kl =   1.00000
          kv =   1.00000
         k2v =   1.00000
         kth =   1.00000
         kbh =   1.00000
        cHsq =  -0.60000
       chdup =   0.00000
         cHw =   0.00000
          cH =   0.00000
         cHb =   0.00000
        cHwb =   0.00000
      cHq1st =   0.00000
      cHq3st =   0.00000
      cHq1rd =   0.00000
      cHq3rd =   0.00000
       cHdst =   0.00000
       cHust =   0.00000
       cHdrd =   0.00000
       cHurd =   0.00000
         cth =   0.00000
         cbh =   0.00000
 --------------

  mH       = 125.0000      GeV
  fact_scale 1.0
  ren_scale  1.0
  Kqq      =   0.25156442979578647            +-    2.8186747579887376E-004
  Kgq      =   -6.8578886789540064E-002       +-    1.3833709459108826E-004
  K_nlo    =    1.1829855430062464            +-    3.1398475385459784E-004
  Kqq2     =    5.5222896499220124E-002       +-    2.3723434002891874E-004
  Kgq2     =   -3.5539762162855579E-002       +-    1.4291372110600332E-004
  Kqqs     =    1.7314867341689222E-003       +-    3.7747403118814964E-006
  Kgg      =    1.0460082879658386E-003       +-    1.8851795479411584E-006
  K_nnlo   =    1.2054461723647456            +-    4.1869880820083981E-004
  sig_LO   = (  0.15840362815275899            +-    1.0539468926200071E-004 ) fb
  sig_NLO  = (  0.18738920206445114            +-    1.1654073308970405E-004 ) fb
  sig_NNLO = (  0.19094704724543182            +-    1.2452644410488527E-004 ) fb

  pp ---> HHW+ + X
  ===============

  PDFSET = PDF4LHC21_40                                NSET =  13
  Sqrt(S)  = 13.6 TeV
  LOOP     = 3
  alphaS(MZ) =   0.11800
          kl =   1.00000
          kv =   1.00000
         k2v =   1.00000
         kth =   1.00000
         kbh =   1.00000
        cHsq =  -0.60000
       chdup =   0.00000
         cHw =   0.00000
          cH =   0.00000
         cHb =   0.00000
        cHwb =   0.00000
      cHq1st =   0.00000
      cHq3st =   0.00000
      cHq1rd =   0.00000
      cHq3rd =   0.00000
       cHdst =   0.00000
       cHust =   0.00000
       cHdrd =   0.00000
       cHurd =   0.00000
         cth =   0.00000
         cbh =   0.00000
 --------------

  mH       = 125.0000      GeV
  fact_scale 1.0
  ren_scale  1.0
  Kqq      =   0.25178015256259861            +-    2.8223988278809576E-004
  Kgq      =   -6.8619060855481570E-002       +-    1.3842939042934920E-004
  K_nlo    =    1.1831610917071171            +-    3.1435974228720707E-004
  Kqq2     =    5.5287117838562730E-002       +-    2.3877099330655205E-004
  Kgq2     =   -3.5561400497162096E-002       +-    1.4300229287259847E-004
  Kqqs     =    1.7300435422649904E-003       +-    3.7762538946100814E-006
  Kgg      =    1.0434450247428523E-003       +-    1.8793302565097722E-006
  K_nnlo   =    1.2056602976155257            +-    4.1988222462731951E-004
  sig_LO   = (  0.15745329025073387            +-    1.0510107249654666E-004 ) fb
  sig_NLO  = (  0.18629260678593584            +-    1.1617308659011488E-004 ) fb
  sig_NNLO = (  0.18983518078424350            +-    1.2416525494389854E-004 ) fb

  pp ---> HHW+ + X
  ===============

  PDFSET = PDF4LHC21_40                                NSET =  14
  Sqrt(S)  = 13.6 TeV
  LOOP     = 3
  alphaS(MZ) =   0.11800
          kl =   1.00000
          kv =   1.00000
         k2v =   1.00000
         kth =   1.00000
         kbh =   1.00000
        cHsq =  -0.60000
       chdup =   0.00000
         cHw =   0.00000
          cH =   0.00000
         cHb =   0.00000
        cHwb =   0.00000
      cHq1st =   0.00000
      cHq3st =   0.00000
      cHq1rd =   0.00000
      cHq3rd =   0.00000
       cHdst =   0.00000
       cHust =   0.00000
       cHdrd =   0.00000
       cHurd =   0.00000
         cth =   0.00000
         cbh =   0.00000
 --------------

  mH       = 125.0000      GeV
  fact_scale 1.0
  ren_scale  1.0
  Kqq      =   0.25174955760144013            +-    2.8140562378238423E-004
  Kgq      =   -6.8458864788016022E-002       +-    1.3814145910020945E-004
  K_nlo    =    1.1832906928134241            +-    3.1348395145316070E-004
  Kqq2     =    5.5280084866356008E-002       +-    2.3839461635359892E-004
  Kgq2     =   -3.5478590432524132E-002       +-    1.4270710211893102E-004
  Kqqs     =    1.7308191268615601E-003       +-    3.7723397642761782E-006
  Kgg      =    1.0417061733665027E-003       +-    1.8757545534170120E-006
  K_nnlo   =    1.2058647125474840            +-    4.1891197992262286E-004
  sig_LO   = (  0.15792257695211662            +-    1.0485162039827366E-004 ) fb
  sig_NLO  = (  0.18686831549255134            +-    1.1595139278903630E-004 ) fb
  sig_NNLO = (  0.19043326286112203            +-    1.2397755268141555E-004 ) fb

  pp ---> HHW+ + X
  ===============

  PDFSET = PDF4LHC21_40                                NSET =  15
  Sqrt(S)  = 13.6 TeV
  LOOP     = 3
  alphaS(MZ) =   0.11800
          kl =   1.00000
          kv =   1.00000
         k2v =   1.00000
         kth =   1.00000
         kbh =   1.00000
        cHsq =  -0.60000
       chdup =   0.00000
         cHw =   0.00000
          cH =   0.00000
         cHb =   0.00000
        cHwb =   0.00000
      cHq1st =   0.00000
      cHq3st =   0.00000
      cHq1rd =   0.00000
      cHq3rd =   0.00000
       cHdst =   0.00000
       cHust =   0.00000
       cHdrd =   0.00000
       cHurd =   0.00000
         cth =   0.00000
         cbh =   0.00000
 --------------

  mH       = 125.0000      GeV
  fact_scale 1.0
  ren_scale  1.0
  Kqq      =   0.25177093272362705            +-    2.8190508477977911E-004
  Kgq      =   -6.8470182297509855E-002       +-    1.3801494256960702E-004
  K_nlo    =    1.1833007504261173            +-    3.1387672930178556E-004
  Kqq2     =    5.5294775919031827E-002       +-    2.3811545471328729E-004
  Kgq2     =   -3.5493520387940826E-002       +-    1.4258161136071828E-004
  Kqqs     =    1.7294547270562072E-003       +-    3.7726690366035802E-006
  Kgg      =    1.0384827501042939E-003       +-    1.8683963675360220E-006
  K_nnlo   =    1.2058699434343687            +-    4.1900454747576047E-004
  sig_LO   = (  0.15766948990905949            +-    1.0498799303151584E-004 ) fb
  sig_NLO  = (  0.18657042572869320            +-    1.1606730117961301E-004 ) fb
  sig_NNLO = (  0.19012889887796330            +-    1.2404419211857156E-004 ) fb

  pp ---> HHW+ + X
  ===============

  PDFSET = PDF4LHC21_40                                NSET =  16
  Sqrt(S)  = 13.6 TeV
  LOOP     = 3
  alphaS(MZ) =   0.11800
          kl =   1.00000
          kv =   1.00000
         k2v =   1.00000
         kth =   1.00000
         kbh =   1.00000
        cHsq =  -0.60000
       chdup =   0.00000
         cHw =   0.00000
          cH =   0.00000
         cHb =   0.00000
        cHwb =   0.00000
      cHq1st =   0.00000
      cHq3st =   0.00000
      cHq1rd =   0.00000
      cHq3rd =   0.00000
       cHdst =   0.00000
       cHust =   0.00000
       cHdrd =   0.00000
       cHurd =   0.00000
         cth =   0.00000
         cbh =   0.00000
 --------------

  mH       = 125.0000      GeV
  fact_scale 1.0
  ren_scale  1.0
  Kqq      =   0.25155221831708674            +-    2.8222053648844792E-004
  Kgq      =   -6.8662276701912481E-002       +-    1.3858792706098716E-004
  K_nlo    =    1.1828899416151744            +-    3.1441222104569799E-004
  Kqq2     =    5.5200773551542313E-002       +-    2.3892115074366404E-004
  Kgq2     =   -3.5582491290884644E-002       +-    1.4316776604299117E-004
  Kqqs     =    1.7261202898983265E-003       +-    3.7673036071941403E-006
  Kgg      =    1.0472936645314968E-003       +-    1.8900670235897677E-006
  K_nnlo   =    1.2052816378302620            +-    4.2006325140284362E-004
  sig_LO   = (  0.15798524212491694            +-    1.0548619216628916E-004 ) fb
  sig_NLO  = (  0.18687915383320217            +-    1.1659628247447670E-004 ) fb
  sig_NNLO = (  0.19041671138133032            +-    1.2462539851737408E-004 ) fb

  pp ---> HHW+ + X
  ===============

  PDFSET = PDF4LHC21_40                                NSET =  17
  Sqrt(S)  = 13.6 TeV
  LOOP     = 3
  alphaS(MZ) =   0.11800
          kl =   1.00000
          kv =   1.00000
         k2v =   1.00000
         kth =   1.00000
         kbh =   1.00000
        cHsq =  -0.60000
       chdup =   0.00000
         cHw =   0.00000
          cH =   0.00000
         cHb =   0.00000
        cHwb =   0.00000
      cHq1st =   0.00000
      cHq3st =   0.00000
      cHq1rd =   0.00000
      cHq3rd =   0.00000
       cHdst =   0.00000
       cHust =   0.00000
       cHdrd =   0.00000
       cHurd =   0.00000
         cth =   0.00000
         cbh =   0.00000
 --------------

  mH       = 125.0000      GeV
  fact_scale 1.0
  ren_scale  1.0
  Kqq      =   0.25201611041406841            +-    2.8194141412909123E-004
  Kgq      =   -6.8237068845574067E-002       +-    1.3765544235122266E-004
  K_nlo    =    1.1837790415684943            +-    3.1375146503247203E-004
  Kqq2     =    5.5386283907332308E-002       +-    2.3760038550412521E-004
  Kgq2     =   -3.5362628697390049E-002       +-    1.4220641484294447E-004
  Kqqs     =    1.7244145868456039E-003       +-    3.7615048968292206E-006
  Kgg      =    1.0401553819979724E-003       +-    1.8733384807683505E-006
  K_nnlo   =    1.2065672667472800            +-    4.1849043924606859E-004
  sig_LO   = (  0.15835584125249816            +-    1.0544458656257727E-004 ) fb
  sig_NLO  = (  0.18745832598465492            +-    1.1656370864061204E-004 ) fb
  sig_NNLO = (  0.19106697455349292            +-    1.2454046526663221E-004 ) fb

  pp ---> HHW+ + X
  ===============

  PDFSET = PDF4LHC21_40                                NSET =  18
  Sqrt(S)  = 13.6 TeV
  LOOP     = 3
  alphaS(MZ) =   0.11800
          kl =   1.00000
          kv =   1.00000
         k2v =   1.00000
         kth =   1.00000
         kbh =   1.00000
        cHsq =  -0.60000
       chdup =   0.00000
         cHw =   0.00000
          cH =   0.00000
         cHb =   0.00000
        cHwb =   0.00000
      cHq1st =   0.00000
      cHq3st =   0.00000
      cHq1rd =   0.00000
      cHq3rd =   0.00000
       cHdst =   0.00000
       cHust =   0.00000
       cHdrd =   0.00000
       cHurd =   0.00000
         cth =   0.00000
         cbh =   0.00000
 --------------

  mH       = 125.0000      GeV
  fact_scale 1.0
  ren_scale  1.0
  Kqq      =   0.25165650247138122            +-    2.8176523078703706E-004
  Kgq      =   -6.8316097981759763E-002       +-    1.3773043106165051E-004
  K_nlo    =    1.1833404044896214            +-    3.1362607819009617E-004
  Kqq2     =    5.5246248175217796E-002       +-    2.3819660913889691E-004
  Kgq2     =   -3.5404085633284336E-002       +-    1.4226991434312020E-004
  Kqqs     =    1.7294126069544581E-003       +-    3.7717246508663098E-006
  Kgg      =    1.0358286269943951E-003       +-    1.8637134933442515E-006
  K_nnlo   =    1.2059478082655040            +-    4.1875693354044270E-004
  sig_LO   = (  0.15854771739142004            +-    1.0556998847133021E-004 ) fb
  sig_NLO  = (  0.18761592002886918            +-    1.1669433635668649E-004 ) fb
  sig_NNLO = (  0.19120027229368150            +-    1.2471185615744499E-004 ) fb

  pp ---> HHW+ + X
  ===============

  PDFSET = PDF4LHC21_40                                NSET =  19
  Sqrt(S)  = 13.6 TeV
  LOOP     = 3
  alphaS(MZ) =   0.11800
          kl =   1.00000
          kv =   1.00000
         k2v =   1.00000
         kth =   1.00000
         kbh =   1.00000
        cHsq =  -0.60000
       chdup =   0.00000
         cHw =   0.00000
          cH =   0.00000
         cHb =   0.00000
        cHwb =   0.00000
      cHq1st =   0.00000
      cHq3st =   0.00000
      cHq1rd =   0.00000
      cHq3rd =   0.00000
       cHdst =   0.00000
       cHust =   0.00000
       cHdrd =   0.00000
       cHurd =   0.00000
         cth =   0.00000
         cbh =   0.00000
 --------------

  mH       = 125.0000      GeV
  fact_scale 1.0
  ren_scale  1.0
  Kqq      =   0.25199662934771982            +-    2.8207309663489191E-004
  Kgq      =   -6.9075406861667424E-002       +-    1.3940359865159885E-004
  K_nlo    =    1.1829212224860524            +-    3.1464042200933610E-004
  Kqq2     =    5.5371024037735306E-002       +-    2.3943908371657613E-004
  Kgq2     =   -3.5796718469177584E-002       +-    1.4402630887095456E-004
  Kqqs     =    1.7393197117267446E-003       +-    3.7957036016033943E-006
  Kgg      =    1.0549350643333905E-003       +-    1.9031482339077627E-006
  K_nnlo   =    1.2052897828306701            +-    4.2082214409328527E-004
  sig_LO   = (  0.15665559997265494            +-    1.0421531013656841E-004 ) fb
  sig_NLO  = (  0.18531123382893896            +-    1.1528379380487864E-004 ) fb
  sig_NNLO = (  0.18881539407024961            +-    1.2331595120710755E-004 ) fb

  pp ---> HHW+ + X
  ===============

  PDFSET = PDF4LHC21_40                                NSET =  20
  Sqrt(S)  = 13.6 TeV
  LOOP     = 3
  alphaS(MZ) =   0.11800
          kl =   1.00000
          kv =   1.00000
         k2v =   1.00000
         kth =   1.00000
         kbh =   1.00000
        cHsq =  -0.60000
       chdup =   0.00000
         cHw =   0.00000
          cH =   0.00000
         cHb =   0.00000
        cHwb =   0.00000
      cHq1st =   0.00000
      cHq3st =   0.00000
      cHq1rd =   0.00000
      cHq3rd =   0.00000
       cHdst =   0.00000
       cHust =   0.00000
       cHdrd =   0.00000
       cHurd =   0.00000
         cth =   0.00000
         cbh =   0.00000
 --------------

  mH       = 125.0000      GeV
  fact_scale 1.0
  ren_scale  1.0
  Kqq      =   0.25166046116309720            +-    2.8200396779537814E-004
  Kgq      =   -6.8526574295302026E-002       +-    1.3825124274051450E-004
  K_nlo    =    1.1831338868677952            +-    3.1406948908105245E-004
  Kqq2     =    5.5248583552490703E-002       +-    2.3861310700490278E-004
  Kgq2     =   -3.5513801273314660E-002       +-    1.4282358731836651E-004
  Kqqs     =    1.7305341462270877E-003       +-    3.7758056293840036E-006
  Kgg      =    1.0464176981806628E-003       +-    1.8858855840763067E-006
  K_nnlo   =    1.2056456209913788            +-    4.1951430151216615E-004
  sig_LO   = (  0.15804486178634561            +-    1.0539098883264663E-004 ) fb
  sig_NLO  = (  0.18698823162476255            +-    1.1649506060495060E-004 ) fb
  sig_NNLO = (  0.19054609553289531            +-    1.2451195249016638E-004 ) fb

  pp ---> HHW+ + X
  ===============

  PDFSET = PDF4LHC21_40                                NSET =  21
  Sqrt(S)  = 13.6 TeV
  LOOP     = 3
  alphaS(MZ) =   0.11800
          kl =   1.00000
          kv =   1.00000
         k2v =   1.00000
         kth =   1.00000
         kbh =   1.00000
        cHsq =  -0.60000
       chdup =   0.00000
         cHw =   0.00000
          cH =   0.00000
         cHb =   0.00000
        cHwb =   0.00000
      cHq1st =   0.00000
      cHq3st =   0.00000
      cHq1rd =   0.00000
      cHq3rd =   0.00000
       cHdst =   0.00000
       cHust =   0.00000
       cHdrd =   0.00000
       cHurd =   0.00000
         cth =   0.00000
         cbh =   0.00000
 --------------

  mH       = 125.0000      GeV
  fact_scale 1.0
  ren_scale  1.0
  Kqq      =   0.25204307256092884            +-    2.8244141846273492E-004
  Kgq      =   -6.9183971240326658E-002       +-    1.3961269313227649E-004
  K_nlo    =    1.1828591013206022            +-    3.1506326181719274E-004
  Kqq2     =    5.5413734645311082E-002       +-    2.3825955085517278E-004
  Kgq2     =   -3.5852231252104155E-002       +-    1.4423390296919815E-004
  Kqqs     =    1.7459355445341566E-003       +-    3.8092914617979342E-006
  Kgg      =    1.0557099951984405E-003       +-    1.9027565687208591E-006
  K_nnlo   =    1.2052222502535419            +-    4.2054015559792431E-004
  sig_LO   = (  0.15627785263258157            +-    1.0427595011566240E-004 ) fb
  sig_NLO  = (  0.18485468032128893            +-    1.1531607136931377E-004 ) fb
  sig_NNLO = (  0.18834954521463135            +-    1.2325882684760490E-004 ) fb

  pp ---> HHW+ + X
  ===============

  PDFSET = PDF4LHC21_40                                NSET =  22
  Sqrt(S)  = 13.6 TeV
  LOOP     = 3
  alphaS(MZ) =   0.11800
          kl =   1.00000
          kv =   1.00000
         k2v =   1.00000
         kth =   1.00000
         kbh =   1.00000
        cHsq =  -0.60000
       chdup =   0.00000
         cHw =   0.00000
          cH =   0.00000
         cHb =   0.00000
        cHwb =   0.00000
      cHq1st =   0.00000
      cHq3st =   0.00000
      cHq1rd =   0.00000
      cHq3rd =   0.00000
       cHdst =   0.00000
       cHust =   0.00000
       cHdrd =   0.00000
       cHurd =   0.00000
         cth =   0.00000
         cbh =   0.00000
 --------------

  mH       = 125.0000      GeV
  fact_scale 1.0
  ren_scale  1.0
  Kqq      =   0.25175511897074548            +-    2.8213830298643951E-004
  Kgq      =   -6.8810520485990609E-002       +-    1.3898827668952252E-004
  K_nlo    =    1.1829445984847549            +-    3.1451512375272385E-004
  Kqq2     =    5.5285927677150737E-002       +-    2.3830728306105481E-004
  Kgq2     =   -3.5659819052709672E-002       +-    1.4360998677385569E-004
  Kqqs     =    1.7330310919843894E-003       +-    3.7819555337915780E-006
  Kgg      =    1.0538752986022719E-003       +-    1.9047937192746944E-006
  K_nnlo   =    1.2053576134997823            +-    4.1994271508991851E-004
  sig_LO   = (  0.15718113729907041            +-    1.0481205201695617E-004 ) fb
  sig_NLO  = (  0.18593657735162597            +-    1.1588558583344345E-004 ) fb
  sig_NNLO = (  0.18945948054198916            +-    1.2386484573007392E-004 ) fb

  pp ---> HHW+ + X
  ===============

  PDFSET = PDF4LHC21_40                                NSET =  23
  Sqrt(S)  = 13.6 TeV
  LOOP     = 3
  alphaS(MZ) =   0.11800
          kl =   1.00000
          kv =   1.00000
         k2v =   1.00000
         kth =   1.00000
         kbh =   1.00000
        cHsq =  -0.60000
       chdup =   0.00000
         cHw =   0.00000
          cH =   0.00000
         cHb =   0.00000
        cHwb =   0.00000
      cHq1st =   0.00000
      cHq3st =   0.00000
      cHq1rd =   0.00000
      cHq3rd =   0.00000
       cHdst =   0.00000
       cHust =   0.00000
       cHdrd =   0.00000
       cHurd =   0.00000
         cth =   0.00000
         cbh =   0.00000
 --------------

  mH       = 125.0000      GeV
  fact_scale 1.0
  ren_scale  1.0
  Kqq      =   0.25175919151196446            +-    2.8219744481180120E-004
  Kgq      =   -6.8661204146180904E-002       +-    1.3854516372463770E-004
  K_nlo    =    1.1830979873657834            +-    3.1437264551769810E-004
  Kqq2     =    5.5287571518999747E-002       +-    2.3848014904439887E-004
  Kgq2     =   -3.5582034488257065E-002       +-    1.4312709454461359E-004
  Kqqs     =    1.7337527394838961E-003       +-    3.7833788302620497E-006
  Kgg      =    1.0480028470508922E-003       +-    1.8888032195497440E-006
  K_nnlo   =    1.2055852799830609            +-    4.1976920857036807E-004
  sig_LO   = (  0.15749941851562982            +-    1.0504134023511130E-004 ) fb
  sig_NLO  = (  0.18633724505712287            +-    1.1612609835277076E-004 ) fb
  sig_NNLO = (  0.18987898056833488            +-    1.2411553345881987E-004 ) fb

  pp ---> HHW+ + X
  ===============

  PDFSET = PDF4LHC21_40                                NSET =  24
  Sqrt(S)  = 13.6 TeV
  LOOP     = 3
  alphaS(MZ) =   0.11800
          kl =   1.00000
          kv =   1.00000
         k2v =   1.00000
         kth =   1.00000
         kbh =   1.00000
        cHsq =  -0.60000
       chdup =   0.00000
         cHw =   0.00000
          cH =   0.00000
         cHb =   0.00000
        cHwb =   0.00000
      cHq1st =   0.00000
      cHq3st =   0.00000
      cHq1rd =   0.00000
      cHq3rd =   0.00000
       cHdst =   0.00000
       cHust =   0.00000
       cHdrd =   0.00000
       cHurd =   0.00000
         cth =   0.00000
         cbh =   0.00000
 --------------

  mH       = 125.0000      GeV
  fact_scale 1.0
  ren_scale  1.0
  Kqq      =   0.25161894549403574            +-    2.8290317384935281E-004
  Kgq      =   -6.8515300418771088E-002       +-    1.3821246215418512E-004
  K_nlo    =    1.1831036450752646            +-    3.1486011254009170E-004
  Kqq2     =    5.5235102060044040E-002       +-    2.3889601651399752E-004
  Kgq2     =   -3.5507492889136946E-002       +-    1.4277789048430952E-004
  Kqqs     =    1.7304464229197470E-003       +-    3.7786470505651797E-006
  Kgg      =    1.0464288357476361E-003       +-    1.8858388292245005E-006
  K_nnlo   =    1.2056081295048391            +-    4.2025177899419701E-004
  sig_LO   = (  0.15786476760550811            +-    1.0577519825706628E-004 ) fb
  sig_NLO  = (  0.18677038198303619            +-    1.1687177269533477E-004 ) fb
  sig_NNLO = (  0.19032304718759274            +-    1.2485903853929855E-004 ) fb

  pp ---> HHW+ + X
  ===============

  PDFSET = PDF4LHC21_40                                NSET =  25
  Sqrt(S)  = 13.6 TeV
  LOOP     = 3
  alphaS(MZ) =   0.11800
          kl =   1.00000
          kv =   1.00000
         k2v =   1.00000
         kth =   1.00000
         kbh =   1.00000
        cHsq =  -0.60000
       chdup =   0.00000
         cHw =   0.00000
          cH =   0.00000
         cHb =   0.00000
        cHwb =   0.00000
      cHq1st =   0.00000
      cHq3st =   0.00000
      cHq1rd =   0.00000
      cHq3rd =   0.00000
       cHdst =   0.00000
       cHust =   0.00000
       cHdrd =   0.00000
       cHurd =   0.00000
         cth =   0.00000
         cbh =   0.00000
 --------------

  mH       = 125.0000      GeV
  fact_scale 1.0
  ren_scale  1.0
  Kqq      =   0.25172201044124526            +-    2.8215631191520681E-004
  Kgq      =   -6.8718555724138722E-002       +-    1.3868181718279922E-004
  K_nlo    =    1.1830034547171064            +-    3.1439597766306555E-004
  Kqq2     =    5.5274693156408566E-002       +-    2.3880248217124974E-004
  Kgq2     =   -3.5613736809219664E-002       +-    1.4326216243028091E-004
  Kqqs     =    1.7318453917811883E-003       +-    3.7784467766757938E-006
  Kgg      =    1.0537165465259212E-003       +-    1.9009694518411295E-006
  K_nnlo   =    1.2054499730026023            +-    4.2001594468658697E-004
  sig_LO   = (  0.15725586459378124            +-    1.0490372060640888E-004 ) fb
  sig_NLO  = (  0.18603423108896872            +-    1.1597053350750415E-004 ) fb
  sig_NNLO = (  0.18956407772907452            +-    1.2396527418355016E-004 ) fb

  pp ---> HHW+ + X
  ===============

  PDFSET = PDF4LHC21_40                                NSET =  26
  Sqrt(S)  = 13.6 TeV
  LOOP     = 3
  alphaS(MZ) =   0.11800
          kl =   1.00000
          kv =   1.00000
         k2v =   1.00000
         kth =   1.00000
         kbh =   1.00000
        cHsq =  -0.60000
       chdup =   0.00000
         cHw =   0.00000
          cH =   0.00000
         cHb =   0.00000
        cHwb =   0.00000
      cHq1st =   0.00000
      cHq3st =   0.00000
      cHq1rd =   0.00000
      cHq3rd =   0.00000
       cHdst =   0.00000
       cHust =   0.00000
       cHdrd =   0.00000
       cHurd =   0.00000
         cth =   0.00000
         cbh =   0.00000
 --------------

  mH       = 125.0000      GeV
  fact_scale 1.0
  ren_scale  1.0
  Kqq      =   0.25167812871011030            +-    2.8186602960450497E-004
  Kgq      =   -6.8542679505723486E-002       +-    1.3834200720679683E-004
  K_nlo    =    1.1831354492043866            +-    3.1398562005769163E-004
  Kqq2     =    5.5259760799695447E-002       +-    2.3810582439673738E-004
  Kgq2     =   -3.5520950846156939E-002       +-    1.4291798259456724E-004
  Kqqs     =    1.7327461496081740E-003       +-    3.7732965258829657E-006
  Kgg      =    1.0456318367352247E-003       +-    1.8831589480757103E-006
  K_nnlo   =    1.2056526371442684            +-    4.1919528506158081E-004
  sig_LO   = (  0.15777654383695253            +-    1.0510386984145662E-004 ) fb
  sig_NLO  = (  0.18667102206644845            +-    1.1619376941078785E-004 ) fb
  sig_NNLO = (  0.19022370615653011            +-    1.2418218479009403E-004 ) fb

  pp ---> HHW+ + X
  ===============

  PDFSET = PDF4LHC21_40                                NSET =  27
  Sqrt(S)  = 13.6 TeV
  LOOP     = 3
  alphaS(MZ) =   0.11800
          kl =   1.00000
          kv =   1.00000
         k2v =   1.00000
         kth =   1.00000
         kbh =   1.00000
        cHsq =  -0.60000
       chdup =   0.00000
         cHw =   0.00000
          cH =   0.00000
         cHb =   0.00000
        cHwb =   0.00000
      cHq1st =   0.00000
      cHq3st =   0.00000
      cHq1rd =   0.00000
      cHq3rd =   0.00000
       cHdst =   0.00000
       cHust =   0.00000
       cHdrd =   0.00000
       cHurd =   0.00000
         cth =   0.00000
         cbh =   0.00000
 --------------

  mH       = 125.0000      GeV
  fact_scale 1.0
  ren_scale  1.0
  Kqq      =   0.25174679824415508            +-    2.8237808688859448E-004
  Kgq      =   -6.8722559878023018E-002       +-    1.3867162390471539E-004
  K_nlo    =    1.1830242383661320            +-    3.1459053264717529E-004
  Kqq2     =    5.5278995229239479E-002       +-    2.3897559898537738E-004
  Kgq2     =   -3.5613859077839233E-002       +-    1.4326863385670031E-004
  Kqqs     =    1.7335128811932683E-003       +-    3.7832951528580444E-006
  Kgg      =    1.0474338570972072E-003       +-    1.8876868929594298E-006
  K_nnlo   =    1.2054703212558227            +-    4.2026220181315150E-004
  sig_LO   = (  0.15755892718037337            +-    1.0523990244940454E-004 ) fb
  sig_NLO  = (  0.18639602982534606            +-    1.1632832686716604E-004 ) fb
  sig_NNLO = (  0.18993261056484748            +-    1.2433826397485376E-004 ) fb

  pp ---> HHW+ + X
  ===============

  PDFSET = PDF4LHC21_40                                NSET =  28
  Sqrt(S)  = 13.6 TeV
  LOOP     = 3
  alphaS(MZ) =   0.11800
          kl =   1.00000
          kv =   1.00000
         k2v =   1.00000
         kth =   1.00000
         kbh =   1.00000
        cHsq =  -0.60000
       chdup =   0.00000
         cHw =   0.00000
          cH =   0.00000
         cHb =   0.00000
        cHwb =   0.00000
      cHq1st =   0.00000
      cHq3st =   0.00000
      cHq1rd =   0.00000
      cHq3rd =   0.00000
       cHdst =   0.00000
       cHust =   0.00000
       cHdrd =   0.00000
       cHurd =   0.00000
         cth =   0.00000
         cbh =   0.00000
 --------------

  mH       = 125.0000      GeV
  fact_scale 1.0
  ren_scale  1.0
  Kqq      =   0.25172064861617388            +-    2.8220219425645809E-004
  Kgq      =   -6.8430787884744160E-002       +-    1.3805002469006509E-004
  K_nlo    =    1.1832898607314297            +-    3.1415901667799904E-004
  Kqq2     =    5.5272332753768666E-002       +-    2.3872101615607432E-004
  Kgq2     =   -3.5463414005893402E-002       +-    1.4260926444602072E-004
  Kqqs     =    1.7332242823193435E-003       +-    3.7832082172110701E-006
  Kgg      =    1.0424347275542773E-003       +-    1.8770987099372319E-006
  K_nnlo   =    1.2058744384891789            +-    4.1956983898332428E-004
  sig_LO   = (  0.15775342137139967            +-    1.0527015262138093E-004 ) fb
  sig_NLO  = (  0.18666802400447008            +-    1.1635276062921823E-004 ) fb
  sig_NNLO = (  0.19023081841598338            +-    1.2434923738468168E-004 ) fb

  pp ---> HHW+ + X
  ===============

  PDFSET = PDF4LHC21_40                                NSET =  29
  Sqrt(S)  = 13.6 TeV
  LOOP     = 3
  alphaS(MZ) =   0.11800
          kl =   1.00000
          kv =   1.00000
         k2v =   1.00000
         kth =   1.00000
         kbh =   1.00000
        cHsq =  -0.60000
       chdup =   0.00000
         cHw =   0.00000
          cH =   0.00000
         cHb =   0.00000
        cHwb =   0.00000
      cHq1st =   0.00000
      cHq3st =   0.00000
      cHq1rd =   0.00000
      cHq3rd =   0.00000
       cHdst =   0.00000
       cHust =   0.00000
       cHdrd =   0.00000
       cHurd =   0.00000
         cth =   0.00000
         cbh =   0.00000
 --------------

  mH       = 125.0000      GeV
  fact_scale 1.0
  ren_scale  1.0
  Kqq      =   0.25172144904714949            +-    2.8205317962414899E-004
  Kgq      =   -6.8477995595360386E-002       +-    1.3812303604185036E-004
  K_nlo    =    1.1832434534517891            +-    3.1405727060762460E-004
  Kqq2     =    5.5271868986045171E-002       +-    2.3868235358408989E-004
  Kgq2     =   -3.5488896944960525E-002       +-    1.4269203653261047E-004
  Kqqs     =    1.7341369167887643E-003       +-    3.7832771917672283E-006
  Kgg      =    1.0431914254858319E-003       +-    1.8788802417211561E-006
  K_nnlo   =    1.2058037538351483            +-    4.1949981621098188E-004
  sig_LO   = (  0.15793610392923904            +-    1.0532542182354320E-004 ) fb
  sig_NLO  = (  0.18687686103795348            +-    1.1642036707951347E-004 ) fb
  sig_NNLO = (  0.19043994698397457            +-    1.2443094096878547E-004 ) fb

  pp ---> HHW+ + X
  ===============

  PDFSET = PDF4LHC21_40                                NSET =  30
  Sqrt(S)  = 13.6 TeV
  LOOP     = 3
  alphaS(MZ) =   0.11800
          kl =   1.00000
          kv =   1.00000
         k2v =   1.00000
         kth =   1.00000
         kbh =   1.00000
        cHsq =  -0.60000
       chdup =   0.00000
         cHw =   0.00000
          cH =   0.00000
         cHb =   0.00000
        cHwb =   0.00000
      cHq1st =   0.00000
      cHq3st =   0.00000
      cHq1rd =   0.00000
      cHq3rd =   0.00000
       cHdst =   0.00000
       cHust =   0.00000
       cHdrd =   0.00000
       cHurd =   0.00000
         cth =   0.00000
         cbh =   0.00000
 --------------

  mH       = 125.0000      GeV
  fact_scale 1.0
  ren_scale  1.0
  Kqq      =   0.25169576397009213            +-    2.8185051136172097E-004
  Kgq      =   -6.8605620695714700E-002       +-    1.3831069555623730E-004
  K_nlo    =    1.1830901432743774            +-    3.1395789408790751E-004
  Kqq2     =    5.5263339997306919E-002       +-    2.3819368843919315E-004
  Kgq2     =   -3.5551689698163920E-002       +-    1.4286713333757620E-004
  Kqqs     =    1.7300650531414869E-003       +-    3.7735697323707311E-006
  Kgg      =    1.0456784031292827E-003       +-    1.8796633577345283E-006
  K_nnlo   =    1.2055775370297910            +-    4.1920708870836314E-004
  sig_LO   = (  0.15782381494487913            +-    1.0510464401480960E-004 ) fb
  sig_NLO  = (  0.18671979983524589            +-    1.1619893253323366E-004 ) fb
  sig_NNLO = (  0.19026884610589298            +-    1.2419438736508906E-004 ) fb

  pp ---> HHW+ + X
  ===============

  PDFSET = PDF4LHC21_40                                NSET =  31
  Sqrt(S)  = 13.6 TeV
  LOOP     = 3
  alphaS(MZ) =   0.11800
          kl =   1.00000
          kv =   1.00000
         k2v =   1.00000
         kth =   1.00000
         kbh =   1.00000
        cHsq =  -0.60000
       chdup =   0.00000
         cHw =   0.00000
          cH =   0.00000
         cHb =   0.00000
        cHwb =   0.00000
      cHq1st =   0.00000
      cHq3st =   0.00000
      cHq1rd =   0.00000
      cHq3rd =   0.00000
       cHdst =   0.00000
       cHust =   0.00000
       cHdrd =   0.00000
       cHurd =   0.00000
         cth =   0.00000
         cbh =   0.00000
 --------------

  mH       = 125.0000      GeV
  fact_scale 1.0
  ren_scale  1.0
  Kqq      =   0.25175842665949971            +-    2.8341265456376010E-004
  Kgq      =   -6.8651536028421542E-002       +-    1.3864858230131310E-004
  K_nlo    =    1.1831068906310782            +-    3.1550936933955097E-004
  Kqq2     =    5.5279702160845039E-002       +-    2.4009854206717151E-004
  Kgq2     =   -3.5576257282855447E-002       +-    1.4323264496473968E-004
  Kqqs     =    1.7317720259226856E-003       +-    3.7871428211165398E-006
  Kgg      =    1.0451740434285449E-003       +-    1.8819559459895531E-006
  K_nnlo   =    1.2055872815784190            +-    4.2157673896498112E-004
  sig_LO   = (  0.15724559334392990            +-    1.0558413853102791E-004 ) fb
  sig_NLO  = (  0.18603834500657587            +-    1.1665936009119685E-004 ) fb
  sig_NNLO = (  0.18957328741969398            +-    1.2466963619113346E-004 ) fb

  pp ---> HHW+ + X
  ===============

  PDFSET = PDF4LHC21_40                                NSET =  32
  Sqrt(S)  = 13.6 TeV
  LOOP     = 3
  alphaS(MZ) =   0.11800
          kl =   1.00000
          kv =   1.00000
         k2v =   1.00000
         kth =   1.00000
         kbh =   1.00000
        cHsq =  -0.60000
       chdup =   0.00000
         cHw =   0.00000
          cH =   0.00000
         cHb =   0.00000
        cHwb =   0.00000
      cHq1st =   0.00000
      cHq3st =   0.00000
      cHq1rd =   0.00000
      cHq3rd =   0.00000
       cHdst =   0.00000
       cHust =   0.00000
       cHdrd =   0.00000
       cHurd =   0.00000
         cth =   0.00000
         cbh =   0.00000
 --------------

  mH       = 125.0000      GeV
  fact_scale 1.0
  ren_scale  1.0
  Kqq      =   0.25169720591648687            +-    2.8209636675884900E-004
  Kgq      =   -6.8628577056632251E-002       +-    1.3848704669233047E-004
  K_nlo    =    1.1830686288598546            +-    3.1425630023932180E-004
  Kqq2     =    5.5262138272345697E-002       +-    2.3873085235098847E-004
  Kgq2     =   -3.5565316312652806E-002       +-    1.4306706384391627E-004
  Kqqs     =    1.7329277772349825E-003       +-    3.7820002158131969E-006
  Kgg      =    1.0465702966779298E-003       +-    1.8861932865367301E-006
  K_nnlo   =    1.2055449488934604            +-    4.1980410683079559E-004
  sig_LO   = (  0.15770165345237289            +-    1.0520532103719216E-004 ) fb
  sig_NLO  = (  0.18657187891883073            +-    1.1629371480054568E-004 ) fb
  sig_NNLO = (  0.19011643175165505            +-    1.2430246555792364E-004 ) fb

  pp ---> HHW+ + X
  ===============

  PDFSET = PDF4LHC21_40                                NSET =  33
  Sqrt(S)  = 13.6 TeV
  LOOP     = 3
  alphaS(MZ) =   0.11800
          kl =   1.00000
          kv =   1.00000
         k2v =   1.00000
         kth =   1.00000
         kbh =   1.00000
        cHsq =  -0.60000
       chdup =   0.00000
         cHw =   0.00000
          cH =   0.00000
         cHb =   0.00000
        cHwb =   0.00000
      cHq1st =   0.00000
      cHq3st =   0.00000
      cHq1rd =   0.00000
      cHq3rd =   0.00000
       cHdst =   0.00000
       cHust =   0.00000
       cHdrd =   0.00000
       cHurd =   0.00000
         cth =   0.00000
         cbh =   0.00000
 --------------

  mH       = 125.0000      GeV
  fact_scale 1.0
  ren_scale  1.0
  Kqq      =   0.25169396938918498            +-    2.8192759050043621E-004
  Kgq      =   -6.8570028819436746E-002       +-    1.3835981714025402E-004
  K_nlo    =    1.1831239405697480            +-    3.1404873074805792E-004
  Kqq2     =    5.5263203576392458E-002       +-    2.3824640828312639E-004
  Kgq2     =   -3.5535545629457127E-002       +-    1.4293769421201664E-004
  Kqqs     =    1.7316947968164167E-003       +-    3.7777779328617727E-006
  Kgg      =    1.0454992905222086E-003       +-    1.8846368954111320E-006
  K_nnlo   =    1.2056287926040221            +-    4.1932918361743183E-004
  sig_LO   = (  0.15760252201372890            +-    1.0501055550792591E-004 ) fb
  sig_NLO  = (  0.18646331688861342            +-    1.1609030589368305E-004 ) fb
  sig_NNLO = (  0.19001013832676078            +-    1.2407559335166817E-004 ) fb

  pp ---> HHW+ + X
  ===============

  PDFSET = PDF4LHC21_40                                NSET =  34
  Sqrt(S)  = 13.6 TeV
  LOOP     = 3
  alphaS(MZ) =   0.11800
          kl =   1.00000
          kv =   1.00000
         k2v =   1.00000
         kth =   1.00000
         kbh =   1.00000
        cHsq =  -0.60000
       chdup =   0.00000
         cHw =   0.00000
          cH =   0.00000
         cHb =   0.00000
        cHwb =   0.00000
      cHq1st =   0.00000
      cHq3st =   0.00000
      cHq1rd =   0.00000
      cHq3rd =   0.00000
       cHdst =   0.00000
       cHust =   0.00000
       cHdrd =   0.00000
       cHurd =   0.00000
         cth =   0.00000
         cbh =   0.00000
 --------------

  mH       = 125.0000      GeV
  fact_scale 1.0
  ren_scale  1.0
  Kqq      =   0.25162307227952363            +-    2.8136894024664361E-004
  Kgq      =   -6.8640354100664630E-002       +-    1.3854600891557065E-004
  K_nlo    =    1.1829827181788590            +-    3.1362952208290707E-004
  Kqq2     =    5.5246779143287253E-002       +-    2.3722350063818659E-004
  Kgq2     =   -3.5572385313585905E-002       +-    1.4312537164555471E-004
  Kqqs     =    1.7331187845095520E-003       +-    3.7741041538514410E-006
  Kgg      =    1.0493986829792521E-003       +-    1.8923965111288971E-006
  K_nnlo   =    1.2054396294760492            +-    4.1849870180489925E-004
  sig_LO   = (  0.15805716521436852            +-    1.0466468414863808E-004 ) fb
  sig_NLO  = (  0.18697889493293865            +-    1.1581027212872632E-004 ) fb
  sig_NNLO = (  0.19052837067204306            +-    1.2381471830948801E-004 ) fb

  pp ---> HHW+ + X
  ===============

  PDFSET = PDF4LHC21_40                                NSET =  35
  Sqrt(S)  = 13.6 TeV
  LOOP     = 3
  alphaS(MZ) =   0.11800
          kl =   1.00000
          kv =   1.00000
         k2v =   1.00000
         kth =   1.00000
         kbh =   1.00000
        cHsq =  -0.60000
       chdup =   0.00000
         cHw =   0.00000
          cH =   0.00000
         cHb =   0.00000
        cHwb =   0.00000
      cHq1st =   0.00000
      cHq3st =   0.00000
      cHq1rd =   0.00000
      cHq3rd =   0.00000
       cHdst =   0.00000
       cHust =   0.00000
       cHdrd =   0.00000
       cHurd =   0.00000
         cth =   0.00000
         cbh =   0.00000
 --------------

  mH       = 125.0000      GeV
  fact_scale 1.0
  ren_scale  1.0
  Kqq      =   0.25165901147066755            +-    2.8213165128161992E-004
  Kgq      =   -6.8575898893915466E-002       +-    1.3833350729407749E-004
  K_nlo    =    1.1830831125767522            +-    3.1422034926970304E-004
  Kqq2     =    5.5243759459378788E-002       +-    2.3899879190905662E-004
  Kgq2     =   -3.5538739031226403E-002       +-    1.4289993565091405E-004
  Kqqs     =    1.7310405878646590E-003       +-    3.7769344601533539E-006
  Kgg      =    1.0463398921833841E-003       +-    1.8853045702290369E-006
  K_nnlo   =    1.2055655134849526            +-    4.1987267313488849E-004
  sig_LO   = (  0.15779237157041551            +-    1.0528025764316414E-004 ) fb
  sig_NLO  = (  0.18668149009839458            +-    1.1637123845836680E-004 ) fb
  sig_NNLO = (  0.19022904145629638            +-    1.2439193522716601E-004 ) fb

  pp ---> HHW+ + X
  ===============

  PDFSET = PDF4LHC21_40                                NSET =  36
  Sqrt(S)  = 13.6 TeV
  LOOP     = 3
  alphaS(MZ) =   0.11800
          kl =   1.00000
          kv =   1.00000
         k2v =   1.00000
         kth =   1.00000
         kbh =   1.00000
        cHsq =  -0.60000
       chdup =   0.00000
         cHw =   0.00000
          cH =   0.00000
         cHb =   0.00000
        cHwb =   0.00000
      cHq1st =   0.00000
      cHq3st =   0.00000
      cHq1rd =   0.00000
      cHq3rd =   0.00000
       cHdst =   0.00000
       cHust =   0.00000
       cHdrd =   0.00000
       cHurd =   0.00000
         cth =   0.00000
         cbh =   0.00000
 --------------

  mH       = 125.0000      GeV
  fact_scale 1.0
  ren_scale  1.0
  Kqq      =   0.25175620360733642            +-    2.8221193423312650E-004
  Kgq      =   -6.8812840587054461E-002       +-    1.3886506719537414E-004
  K_nlo    =    1.1829433630202819            +-    3.1452675992795637E-004
  Kqq2     =    5.5281608005004222E-002       +-    2.3874120437925738E-004
  Kgq2     =   -3.5659717123742878E-002       +-    1.4343741211151316E-004
  Kqqs     =    1.7321596001596612E-003       +-    3.7798560061027856E-006
  Kgg      =    1.0532964094542695E-003       +-    1.9003194609433500E-006
  K_nnlo   =    1.2053507099111571            +-    4.2013882836267969E-004
  sig_LO   = (  0.15741795065568831            +-    1.0506032815998389E-004 ) fb
  sig_NLO  = (  0.18621651994840072            +-    1.1614269817921773E-004 ) fb
  sig_NNLO = (  0.18974383857559340            +-    1.2414438107480186E-004 ) fb

  pp ---> HHW+ + X
  ===============

  PDFSET = PDF4LHC21_40                                NSET =  37
  Sqrt(S)  = 13.6 TeV
  LOOP     = 3
  alphaS(MZ) =   0.11800
          kl =   1.00000
          kv =   1.00000
         k2v =   1.00000
         kth =   1.00000
         kbh =   1.00000
        cHsq =  -0.60000
       chdup =   0.00000
         cHw =   0.00000
          cH =   0.00000
         cHb =   0.00000
        cHwb =   0.00000
      cHq1st =   0.00000
      cHq3st =   0.00000
      cHq1rd =   0.00000
      cHq3rd =   0.00000
       cHdst =   0.00000
       cHust =   0.00000
       cHdrd =   0.00000
       cHurd =   0.00000
         cth =   0.00000
         cbh =   0.00000
 --------------

  mH       = 125.0000      GeV
  fact_scale 1.0
  ren_scale  1.0
  Kqq      =   0.25166956112623873            +-    2.8224741673781983E-004
  Kgq      =   -6.8652041859730006E-002       +-    1.3847512576242748E-004
  K_nlo    =    1.1830175192665087            +-    3.1438664842847996E-004
  Kqq2     =    5.5249228381972555E-002       +-    2.3917262453871120E-004
  Kgq2     =   -3.5578701690946103E-002       +-    1.4304057885622016E-004
  Kqqs     =    1.7324056507083887E-003       +-    3.7799925809382533E-006
  Kgg      =    1.0466044432899993E-003       +-    1.8858398617037974E-006
  K_nnlo   =    1.2054670560515335            +-    4.2014397648216552E-004
  sig_LO   = (  0.15763833431127022            +-    1.0522438145843279E-004 ) fb
  sig_NLO  = (  0.18648891119822344            +-    1.1631123484601245E-004 ) fb
  sig_NNLO = (  0.19002781878307437            +-    1.2433297581374546E-004 ) fb

  pp ---> HHW+ + X
  ===============

  PDFSET = PDF4LHC21_40                                NSET =  38
  Sqrt(S)  = 13.6 TeV
  LOOP     = 3
  alphaS(MZ) =   0.11800
          kl =   1.00000
          kv =   1.00000
         k2v =   1.00000
         kth =   1.00000
         kbh =   1.00000
        cHsq =  -0.60000
       chdup =   0.00000
         cHw =   0.00000
          cH =   0.00000
         cHb =   0.00000
        cHwb =   0.00000
      cHq1st =   0.00000
      cHq3st =   0.00000
      cHq1rd =   0.00000
      cHq3rd =   0.00000
       cHdst =   0.00000
       cHust =   0.00000
       cHdrd =   0.00000
       cHurd =   0.00000
         cth =   0.00000
         cbh =   0.00000
 --------------

  mH       = 125.0000      GeV
  fact_scale 1.0
  ren_scale  1.0
  Kqq      =   0.25143405000875785            +-    2.8208712768941480E-004
  Kgq      =   -6.8285802224488545E-002       +-    1.3778946106304810E-004
  K_nlo    =    1.1831482477842692            +-    3.1394120976404081E-004
  Kqq2     =    5.5158046657778952E-002       +-    2.3966467801598231E-004
  Kgq2     =   -3.5387013459715906E-002       +-    1.4234244615865581E-004
  Kqqs     =    1.7259220078178318E-003       +-    3.7664104724761438E-006
  Kgg      =    1.0417137939677901E-003       +-    1.8768870230448822E-006
  K_nnlo   =    1.2056869167841180            +-    4.1985392889407172E-004
  sig_LO   = (  0.15836214750271682            +-    1.0570247370957051E-004 ) fb
  sig_NLO  = (  0.18736589733319339            +-    1.1681067499035311E-004 ) fb
  sig_NNLO = (  0.19093516935786234            +-    1.2487512184444145E-004 ) fb

  pp ---> HHW+ + X
  ===============

  PDFSET = PDF4LHC21_40                                NSET =  39
  Sqrt(S)  = 13.6 TeV
  LOOP     = 3
  alphaS(MZ) =   0.11800
          kl =   1.00000
          kv =   1.00000
         k2v =   1.00000
         kth =   1.00000
         kbh =   1.00000
        cHsq =  -0.60000
       chdup =   0.00000
         cHw =   0.00000
          cH =   0.00000
         cHb =   0.00000
        cHwb =   0.00000
      cHq1st =   0.00000
      cHq3st =   0.00000
      cHq1rd =   0.00000
      cHq3rd =   0.00000
       cHdst =   0.00000
       cHust =   0.00000
       cHdrd =   0.00000
       cHurd =   0.00000
         cth =   0.00000
         cbh =   0.00000
 --------------

  mH       = 125.0000      GeV
  fact_scale 1.0
  ren_scale  1.0
  Kqq      =   0.25165591590363251            +-    2.8221780180596318E-004
  Kgq      =   -6.8770988670074362E-002       +-    1.3880056283435086E-004
  K_nlo    =    1.1828849272335580            +-    3.1450355148920418E-004
  Kqq2     =    5.5241196332709526E-002       +-    2.3901551947524291E-004
  Kgq2     =   -3.5638268434813117E-002       +-    1.4339525699997273E-004
  Kqqs     =    1.7304197723912054E-003       +-    3.7781793663664696E-006
  Kgg      =    1.0507827462349956E-003       +-    1.8947782367439767E-006
  K_nnlo   =    1.2052690576500806            +-    4.2026297362880044E-004
  sig_LO   = (  0.15748747474246208            +-    1.0511568428316558E-004 ) fb
  sig_NLO  = (  0.18628956010093409            +-    1.1620053634427823E-004 ) fb
  sig_NNLO = (  0.18981478027453816            +-    1.2421720542049315E-004 ) fb

  pp ---> HHW+ + X
  ===============

  PDFSET = PDF4LHC21_40                                NSET =  40
  Sqrt(S)  = 13.6 TeV
  LOOP     = 3
  alphaS(MZ) =   0.11800
          kl =   1.00000
          kv =   1.00000
         k2v =   1.00000
         kth =   1.00000
         kbh =   1.00000
        cHsq =  -0.60000
       chdup =   0.00000
         cHw =   0.00000
          cH =   0.00000
         cHb =   0.00000
        cHwb =   0.00000
      cHq1st =   0.00000
      cHq3st =   0.00000
      cHq1rd =   0.00000
      cHq3rd =   0.00000
       cHdst =   0.00000
       cHust =   0.00000
       cHdrd =   0.00000
       cHurd =   0.00000
         cth =   0.00000
         cbh =   0.00000
 --------------

  mH       = 125.0000      GeV
  fact_scale 1.0
  ren_scale  1.0
  Kqq      =   0.25172641277009866            +-    2.8229376838685222E-004
  Kgq      =   -6.8594089223519492E-002       +-    1.3838103529863584E-004
  K_nlo    =    1.1831323235465792            +-    3.1438683592092731E-004
  Kqq2     =    5.5270847265563257E-002       +-    2.3896728482467652E-004
  Kgq2     =   -3.5548598599312940E-002       +-    1.4295684559658390E-004
  Kqqs     =    1.7318907372219610E-003       +-    3.7794005103644615E-006
  Kgg      =    1.0472380482145376E-003       +-    1.8863567752765387E-006
  K_nnlo   =    1.2056337009982658            +-    4.1999874729560451E-004
  sig_LO   = (  0.15751418694106506            +-    1.0517082123788355E-004 ) fb
  sig_NLO  = (  0.18636012598713253            +-    1.1624616274585214E-004 ) fb
  sig_NNLO = (  0.18990441216148898            +-    1.2424768158538638E-004 ) fb

  pp ---> HHW+ + X
  ===============

  PDFSET = PDF4LHC21_40                                NSET =  41
  Sqrt(S)  = 13.6 TeV
  LOOP     = 3
  alphaS(MZ) =   0.11700
          kl =   1.00000
          kv =   1.00000
         k2v =   1.00000
         kth =   1.00000
         kbh =   1.00000
        cHsq =  -0.60000
       chdup =   0.00000
         cHw =   0.00000
          cH =   0.00000
         cHb =   0.00000
        cHwb =   0.00000
      cHq1st =   0.00000
      cHq3st =   0.00000
      cHq1rd =   0.00000
      cHq3rd =   0.00000
       cHdst =   0.00000
       cHust =   0.00000
       cHdrd =   0.00000
       cHurd =   0.00000
         cth =   0.00000
         cbh =   0.00000
 --------------

  mH       = 125.0000      GeV
  fact_scale 1.0
  ren_scale  1.0
  Kqq      =   0.24981389512016167            +-    2.8041857259041974E-004
  Kgq      =   -6.7392446756667307E-002       +-    1.3593391432597970E-004
  K_nlo    =    1.1824214483634943            +-    3.1162895391415621E-004
  Kqq2     =    5.4443288872576448E-002       +-    2.3603689952285143E-004
  Kgq2     =   -3.4693940975796728E-002       +-    1.3951350422954366E-004
  Kqqs     =    1.7043015274329086E-003       +-    3.7212598634852292E-006
  Kgg      =    1.0108045996132962E-003       +-    1.8189193327780799E-006
  K_nnlo   =    1.2048859023873204            +-    4.1509902066724942E-004
  sig_LO   = (  0.15804581159501255            +-    1.0562552230785996E-004 ) fb
  sig_NLO  = (  0.18687675745395868            +-    1.1654388050392768E-004 ) fb
  sig_NNLO = (  0.19042717032219308            +-    1.2434115404100842E-004 ) fb

  pp ---> HHW+ + X
  ===============

  PDFSET = PDF4LHC21_40                                NSET =  42
  Sqrt(S)  = 13.6 TeV
  LOOP     = 3
  alphaS(MZ) =   0.11900
          kl =   1.00000
          kv =   1.00000
         k2v =   1.00000
         kth =   1.00000
         kbh =   1.00000
        cHsq =  -0.60000
       chdup =   0.00000
         cHw =   0.00000
          cH =   0.00000
         cHb =   0.00000
        cHwb =   0.00000
      cHq1st =   0.00000
      cHq3st =   0.00000
      cHq1rd =   0.00000
      cHq3rd =   0.00000
       cHdst =   0.00000
       cHust =   0.00000
       cHdrd =   0.00000
       cHurd =   0.00000
         cth =   0.00000
         cbh =   0.00000
 --------------

  mH       = 125.0000      GeV
  fact_scale 1.0
  ren_scale  1.0
  Kqq      =   0.25345969900138454            +-    2.8387713092669151E-004
  Kgq      =   -6.7910684880075081E-002       +-    1.3702965395489744E-004
  K_nlo    =    1.1855490141213096            +-    3.1521952910022706E-004
  Kqq2     =    5.6029142394346476E-002       +-    2.4214327944721935E-004
  Kgq2     =   -3.5431957384439605E-002       +-    1.4251678236082378E-004
  Kqqs     =    1.7578684389176482E-003       +-    3.8332036853632405E-006
  Kgg      =    1.0293192692637592E-003       +-    1.8598591629818209E-006
  K_nnlo   =    1.2089333868393979            +-    4.2228652013615720E-004
  sig_LO   = (  0.15836327060844660            +-    1.0560640422736150E-004 ) fb
  sig_NLO  = (  0.18774741934287001            +-    1.1681026796468928E-004 ) fb
  sig_NNLO = (  0.19145064508763340            +-    1.2499973879298500E-004 ) fb

