  pp ---> HHW+ + X
  ===============

  PDFSET = PDF4LHC21_40                                NSET =   0
  Sqrt(S)  = 13.6 TeV
  LOOP     = 3
  alphaS(MZ) =   0.11800
          kl =   1.00000
          kv =   1.00000
         k2v =   1.00000
         kth =   1.00000
         kbh =   1.00000
        cHsq =  -2.00000
       chdup =   0.00000
         cHw =   0.00000
          cH =   0.00000
         cHb =   0.00000
        cHwb =   0.00000
      cHq1st =   0.00000
      cHq3st =   0.00000
      cHq1rd =   0.00000
      cHq3rd =   0.00000
       cHdst =   0.00000
       cHust =   0.00000
       cHdrd =   0.00000
       cHurd =   0.00000
         cth =   0.00000
         cbh =   0.00000
 --------------

  mH       = 125.0000      GeV
  fact_scale 0.5
  ren_scale  0.5
  Kqq      =   0.20334770496257559            +-   -2.2654518028457786E-004
  Kgq      =   -2.0937745281079327E-002       +-   -1.3324840802424675E-004
  K_nlo    =    1.1824099596814963            +-    2.6282666712334964E-004
  Kqq2     =    2.3329959273659658E-002       +-   -1.9214337278402081E-004
  Kgq2     =   -1.6274633111575631E-002       +-   -1.3469791988952030E-004
  Kqqs     =    1.2831649462060365E-003       +-   -3.9424069764409514E-006
  Kgg      =    2.8943227610838144E-004       +-   -1.6071556659035885E-006
  K_nnlo   =    1.1910378830658945            +-    3.5236144482711669E-004
  sig_LO   = ( -0.16939687486585517            +-    1.1451627665742802E-004 ) fb
  sig_NLO  = ( -0.20029655198030727            +-    1.2286654358259594E-004 ) fb
  sig_NNLO = ( -0.20175809523820640            +-    1.2913847488167386E-004 ) fb

  mH       = 125.0000      GeV
  fact_scale 1.0
  ren_scale  0.5
  Kqq      =   0.27381353653747909            +-   -2.8978521553429043E-004
  Kgq      =   -7.1890517031235168E-002       +-   -1.3674014088780836E-004
  K_nlo    =    1.2019230195062438            +-    3.2042680485919531E-004
  Kqq2     =    4.1923072448556281E-002       +-   -2.9341344716523081E-004
  Kgq2     =   -3.4111503731111013E-002       +-   -1.8813093135370851E-004
  Kqqs     =    1.9834288328855073E-003       +-   -4.1908207006548699E-006
  Kgg      =    1.1200506657831639E-003       +-   -1.9063991294418583E-006
  K_nnlo   =    1.2128380677223576            +-    4.7347569411476241E-004
  sig_LO   = ( -0.16690603330910880            +-    1.1258914094728179E-004 ) fb
  sig_NLO  = ( -0.20060820352869380            +-    1.2464569739538075E-004 ) fb
  sig_NNLO = ( -0.20242999092982300            +-    1.3755513595783164E-004 ) fb

  mH       = 125.0000      GeV
  fact_scale 0.5
  ren_scale  1.0
  Kqq      =   0.18700361625061096            +-   -2.0853558710434741E-004
  Kgq      =   -1.9259896254420102E-002       +-   -1.2252314545425216E-004
  K_nlo    =    1.1677437199961909            +-    2.4186569054117347E-004
  Kqq2     =    3.4166448814576415E-002       +-   -1.4186884978050339E-004
  Kgq2     =   -1.5220898117965957E-002       +-   -1.1375139892129644E-004
  Kqqs     =    1.0823975991859443E-003       +-   -3.3288742855790895E-006
  Kgg      =    2.4417220561991142E-004       +-   -1.3553147063543293E-006
  K_nnlo   =    1.1880158404976071            +-    3.0261870701844606E-004
  sig_LO   = ( -0.16939687486585517            +-    1.1451627665742802E-004 ) fb
  sig_NLO  = ( -0.19781213681158294            +-    1.2162493328692475E-004 ) fb
  sig_NNLO = ( -0.20124617067142689            +-    1.2546648262559047E-004 ) fb

  mH       = 125.0000      GeV
  fact_scale 1.0
  ren_scale  1.0
  Kqq      =   0.25180831764573824            +-   -2.6669490343025925E-004
  Kgq      =   -6.6071335268305539E-002       +-   -1.2569491019468509E-004
  K_nlo    =    1.1857369823774326            +-    2.9483110752518169E-004
  Kqq2     =    5.4937536575229699E-002       +-   -2.1997703789089149E-004
  Kgq2     =   -3.3894902625638691E-002       +-   -1.4645647671659396E-004
  Kqqs     =    1.6758965331782640E-003       +-   -3.5442346151823007E-006
  Kgg      =    9.4434893724026252E-004       +-   -1.6075803888496658E-006
  K_nnlo   =    1.2093998617974420            +-    3.9595444769534825E-004
  sig_LO   = ( -0.16690603330910880            +-    1.1258914094728179E-004 ) fb
  sig_NLO  = ( -0.19790665627652995            +-    1.2287330573463768E-004 ) fb
  sig_NNLO = ( -0.20185613361719548            +-    1.3055202351487826E-004 ) fb

  mH       = 125.0000      GeV
  fact_scale 1.5
  ren_scale  1.0
  Kqq      =   0.29076882396041409            +-   -3.1392941980530630E-004
  Kgq      =   -9.2277919783270837E-002       +-   -1.2371516191474647E-004
  K_nlo    =    1.1984909041771432            +-    3.3742720979033116E-004
  Kqq2     =    6.6837369521353843E-002       +-   -2.8329473735531224E-004
  Kgq2     =   -4.6715159706889470E-002       +-   -1.6488717502617309E-004
  Kqqs     =    2.9921028868347653E-003       +-   -4.2932358676424546E-006
  Kgg      =    1.5709956911098741E-003       +-   -1.9029489436812034E-006
  K_nnlo   =    1.2231762125695520            +-    4.7044963991601992E-004
  sig_LO   = ( -0.16532210239270034            +-    1.1133123707553547E-004 ) fb
  sig_NLO  = ( -0.19813703597709370            +-    1.2452517259700706E-004 ) fb
  sig_NNLO = ( -0.20221806305873893            +-    1.3580761216170782E-004 ) fb

  mH       = 125.0000      GeV
  fact_scale 2.0
  ren_scale  1.0
  Kqq      =   0.31890137727325002            +-   -3.4970927320812493E-004
  Kgq      =  -0.11041064212271665            +-   -1.3998680080389378E-004
  K_nlo    =    1.2084907351505334            +-    3.7668671355260729E-004
  Kqq2     =    7.5207841900375508E-002       +-   -3.3593931960642883E-004
  Kgq2     =   -5.6617012604110763E-002       +-   -1.8898685752658567E-004
  Kqqs     =    4.3347573057825207E-003       +-   -5.0891746206230446E-006
  Kgg      =    2.0995292061208710E-003       +-   -2.2373316181704267E-006
  K_nnlo   =    1.2335158509587014            +-    5.3897592181242860E-004
  sig_LO   = ( -0.16415703293772735            +-    1.1041378452695774E-004 ) fb
  sig_NLO  = ( -0.19838225341504442            +-    1.2654985842043236E-004 ) fb
  sig_NNLO = ( -0.20249030217503630            +-    1.4148967509853105E-004 ) fb

  mH       = 125.0000      GeV
  fact_scale 1.0
  ren_scale  1.5
  Kqq      =   0.24053175677894767            +-   -2.5484665776489049E-004
  Kgq      =   -6.3092024674812605E-002       +-   -1.2003893234898258E-004
  K_nlo    =    1.1774397321041352            +-    2.8170226171157878E-004
  Kqq2     =    6.0532479482741361E-002       +-   -1.9543474360369007E-004
  Kgq2     =   -3.3631628894674581E-002       +-   -1.3046201044251843E-004
  Kqqs     =    1.5284476777401110E-003       +-   -3.2338740584317490E-006
  Kgg      =    8.6031075363711775E-004       +-   -1.4646401532035289E-006
  K_nnlo   =    1.2067293411235793            +-    3.6685670573367868E-004
  sig_LO   = ( -0.16690603330910880            +-    1.1258914094728179E-004 ) fb
  sig_NLO  = ( -0.19652179514604093            +-    1.2201224873564276E-004 ) fb
  sig_NNLO = ( -0.20141040760465098            +-    1.2816200971891729E-004 ) fb

  mH       = 125.0000      GeV
  fact_scale 1.5
  ren_scale  1.5
  Kqq      =   0.27774387488327523            +-   -2.9992286615992448E-004
  Kgq      =   -8.8111581776796011E-002       +-   -1.1818417345369522E-004
  K_nlo    =    1.1896322931064791            +-    3.2236815056782065E-004
  Kqq2     =    7.3060184908910031E-002       +-   -2.4865824221725381E-004
  Kgq2     =   -4.6426110998348549E-002       +-   -1.5399211153350816E-004
  Kqqs     =    2.7288198657459480E-003       +-   -3.9156453458138249E-006
  Kgg      =    1.4310376467597198E-003       +-   -1.7347515663807819E-006
  K_nnlo   =    1.2204262245295463            +-    4.3529766594723574E-004
  sig_LO   = ( -0.16532210239270034            +-    1.1133123707553547E-004 ) fb
  sig_NLO  = ( -0.19667251177061226            +-    1.2342996657371645E-004 ) fb
  sig_NNLO = ( -0.20176342925441035            +-    1.3256511028472725E-004 ) fb

  mH       = 125.0000      GeV
  fact_scale 2.0
  ren_scale  1.5
  Kqq      =   0.30461518441396318            +-   -3.3407160660236184E-004
  Kgq      =  -0.10542222366221982            +-   -1.3369369128290811E-004
  K_nlo    =    1.1991929607517435            +-    3.5983029531535106E-004
  Kqq2     =    8.1879690922625273E-002       +-   -2.9431210392062978E-004
  Kgq2     =   -5.6233276559068728E-002       +-   -1.8011050179391098E-004
  Kqqs     =    3.9530160042656800E-003       +-   -4.6421416084689345E-006
  Kgg      =    1.9123850489956512E-003       +-   -2.0391424395717057E-006
  K_nnlo   =    1.2307047761685617            +-    4.9856088532693448E-004
  sig_LO   = ( -0.16415703293772735            +-    1.1041378452695774E-004 ) fb
  sig_NLO  = ( -0.19685595835681471            +-    1.2522105261960966E-004 ) fb
  sig_NNLO = ( -0.20202884447812086            +-    1.3743857501108238E-004 ) fb

  mH       = 125.0000      GeV
  fact_scale 1.0
  ren_scale  2.0
  Kqq      =   0.23313549014039775            +-   -2.4707170574635938E-004
  Kgq      =   -6.1139014250873217E-002       +-   -1.1632974484389266E-004
  K_nlo    =    1.1719964758895245            +-    2.7308796625970315E-004
  Kqq2     =    6.3665008080677113E-002       +-   -1.9356754089548193E-004
  Kgq2     =   -3.3405887763735029E-002       +-   -1.2267115077754581E-004
  Kqqs     =    1.4354642568007948E-003       +-   -3.0380365310724900E-006
  Kgg      =    8.0738660739475808E-004       +-   -1.3746164946130889E-006
  K_nnlo   =    1.2044984470706621            +-    3.5651754609520079E-004
  sig_LO   = ( -0.16690603330910880            +-    1.1258914094728179E-004 ) fb
  sig_NLO  = ( -0.19561328284297513            +-    1.2146544249484601E-004 ) fb
  sig_NNLO = ( -0.20103805792754581            +-    1.2734657940040610E-004 ) fb

  mH       = 125.0000      GeV
  fact_scale 1.5
  ren_scale  2.0
  Kqq      =   0.26920121267227343            +-   -2.9073796129787686E-004
  Kgq      =   -8.5380635540645899E-002       +-   -1.1455629174454698E-004
  K_nlo    =    1.1838205771316275            +-    3.1249272970408051E-004
  Kqq2     =    7.6560181335942099E-002       +-   -2.3547513765902152E-004
  Kgq2     =   -4.6163354193252071E-002       +-   -1.4953684583653246E-004
  Kqqs     =    2.5627912417360687E-003       +-   -3.6775170385989045E-006
  Kgg      =    1.3429088813193899E-003       +-   -1.6287247045301791E-006
  K_nnlo   =    1.2181231043973730            +-    4.1890057497204967E-004
  sig_LO   = ( -0.16532210239270034            +-    1.1133123707553547E-004 ) fb
  sig_NLO  = ( -0.19571170666714055            +-    1.2273386634948069E-004 ) fb
  sig_NNLO = ( -0.20138267259209650            +-    1.3111329032660526E-004 ) fb

  mH       = 125.0000      GeV
  fact_scale 2.0
  ren_scale  2.0
  Kqq      =   0.29524511432965223            +-   -3.2380772295144655E-004
  Kgq      =  -0.10215259810176233            +-   -1.2956715847988796E-004
  K_nlo    =    1.1930925162278898            +-    3.4876796011037650E-004
  Kqq2     =    8.5665591458538110E-002       +-   -2.7277398606969614E-004
  Kgq2     =   -5.5894682640950322E-002       +-   -1.7518220221503171E-004
  Kqqs     =    3.7123092261312444E-003       +-   -4.3601929200236211E-006
  Kgg      =    1.7945522633924977E-003       +-   -1.9142576498928282E-006
  K_nnlo   =    1.2283702865350012            +-    4.7618926606283579E-004
  sig_LO   = ( -0.16415703293772735            +-    1.1041378452695774E-004 ) fb
  sig_NLO  = ( -0.19585452748417770            +-    1.2437474429501005E-004 ) fb
  sig_NNLO = ( -0.20164562158645177            +-    1.3528386492351097E-004 ) fb

  pp ---> HHW+ + X
  ===============

  PDFSET = PDF4LHC21_40                                NSET =   1
  Sqrt(S)  = 13.6 TeV
  LOOP     = 3
  alphaS(MZ) =   0.11800
          kl =   1.00000
          kv =   1.00000
         k2v =   1.00000
         kth =   1.00000
         kbh =   1.00000
        cHsq =  -2.00000
       chdup =   0.00000
         cHw =   0.00000
          cH =   0.00000
         cHb =   0.00000
        cHwb =   0.00000
      cHq1st =   0.00000
      cHq3st =   0.00000
      cHq1rd =   0.00000
      cHq3rd =   0.00000
       cHdst =   0.00000
       cHust =   0.00000
       cHdrd =   0.00000
       cHurd =   0.00000
         cth =   0.00000
         cbh =   0.00000
 --------------

  mH       = 125.0000      GeV
  fact_scale 1.0
  ren_scale  1.0
  Kqq      =   0.25191105856510265            +-   -2.6732241735649134E-004
  Kgq      =   -6.6093960834826979E-002       +-   -1.2576234680191484E-004
  K_nlo    =    1.1858170977302758            +-    2.9542755913158008E-004
  Kqq2     =    5.4971192087341317E-002       +-   -2.2016372179127806E-004
  Kgq2     =   -3.3909143912411933E-002       +-   -1.4655614097942377E-004
  Kqqs     =    1.6765169687566412E-003       +-   -3.5467005409414192E-006
  Kgg      =    9.4426251012517785E-004       +-   -1.6072756682788069E-006
  K_nnlo   =    1.2094999253840870            +-    3.9653924391667999E-004
  sig_LO   = ( -0.16693219762209022            +-    1.1304845339942733E-004 ) fb
  sig_NLO  = ( -0.19795105410196384            +-    1.2333716930460763E-004 ) fb
  sig_NNLO = ( -0.20190448056811974            +-    1.3100287404153760E-004 ) fb

  pp ---> HHW+ + X
  ===============

  PDFSET = PDF4LHC21_40                                NSET =   2
  Sqrt(S)  = 13.6 TeV
  LOOP     = 3
  alphaS(MZ) =   0.11800
          kl =   1.00000
          kv =   1.00000
         k2v =   1.00000
         kth =   1.00000
         kbh =   1.00000
        cHsq =  -2.00000
       chdup =   0.00000
         cHw =   0.00000
          cH =   0.00000
         cHb =   0.00000
        cHwb =   0.00000
      cHq1st =   0.00000
      cHq3st =   0.00000
      cHq1rd =   0.00000
      cHq3rd =   0.00000
       cHdst =   0.00000
       cHust =   0.00000
       cHdrd =   0.00000
       cHurd =   0.00000
         cth =   0.00000
         cbh =   0.00000
 --------------

  mH       = 125.0000      GeV
  fact_scale 1.0
  ren_scale  1.0
  Kqq      =   0.25180528043121414            +-   -2.6643791927052164E-004
  Kgq      =   -6.6001503044771911E-002       +-   -1.2537540688325303E-004
  K_nlo    =    1.1858037773864423            +-    2.9446248908196482E-004
  Kqq2     =    5.4939770770923463E-002       +-   -2.1966063720984765E-004
  Kgq2     =   -3.3861066972127221E-002       +-   -1.4614113764788007E-004
  Kqqs     =    1.6825428640642776E-003       +-   -3.5556594316949554E-006
  Kgg      =    9.4177146077613295E-004       +-   -1.5962193287561013E-006
  K_nnlo   =    1.2095067955100789            +-    3.9538762722035056E-004
  sig_LO   = ( -0.16658401263793471            +-    1.1219212981197240E-004 ) fb
  sig_NLO  = ( -0.19753595143825381            +-    1.2244690926204840E-004 ) fb
  sig_NNLO = ( -0.20148449530891888            +-    1.3009729488324719E-004 ) fb

  pp ---> HHW+ + X
  ===============

  PDFSET = PDF4LHC21_40                                NSET =   3
  Sqrt(S)  = 13.6 TeV
  LOOP     = 3
  alphaS(MZ) =   0.11800
          kl =   1.00000
          kv =   1.00000
         k2v =   1.00000
         kth =   1.00000
         kbh =   1.00000
        cHsq =  -2.00000
       chdup =   0.00000
         cHw =   0.00000
          cH =   0.00000
         cHb =   0.00000
        cHwb =   0.00000
      cHq1st =   0.00000
      cHq3st =   0.00000
      cHq1rd =   0.00000
      cHq3rd =   0.00000
       cHdst =   0.00000
       cHust =   0.00000
       cHdrd =   0.00000
       cHurd =   0.00000
         cth =   0.00000
         cbh =   0.00000
 --------------

  mH       = 125.0000      GeV
  fact_scale 1.0
  ren_scale  1.0
  Kqq      =   0.25168943026404483            +-   -2.6530461001704307E-004
  Kgq      =   -6.5828723471041212E-002       +-   -1.2527009626252803E-004
  K_nlo    =    1.1858607067930036            +-    2.9339245578903072E-004
  Kqq2     =    5.4898206379723063E-002       +-   -2.1912105227762536E-004
  Kgq2     =   -3.3770831546890798E-002       +-   -1.4602601814145633E-004
  Kqqs     =    1.6727786170703056E-003       +-   -3.5343379564648871E-006
  Kgg      =    9.3998855261915812E-004       +-   -1.5987857813525800E-006
  K_nnlo   =    1.2096008487955252            +-    3.9424841699135110E-004
  sig_LO   = ( -0.16718868883533933            +-    1.1176242327939055E-004 ) fb
  sig_NLO  = ( -0.19826249671007107            +-    1.2205297272353155E-004 ) fb
  sig_NNLO = ( -0.20223157992423743            +-    1.2975160228316843E-004 ) fb

  pp ---> HHW+ + X
  ===============

  PDFSET = PDF4LHC21_40                                NSET =   4
  Sqrt(S)  = 13.6 TeV
  LOOP     = 3
  alphaS(MZ) =   0.11800
          kl =   1.00000
          kv =   1.00000
         k2v =   1.00000
         kth =   1.00000
         kbh =   1.00000
        cHsq =  -2.00000
       chdup =   0.00000
         cHw =   0.00000
          cH =   0.00000
         cHb =   0.00000
        cHwb =   0.00000
      cHq1st =   0.00000
      cHq3st =   0.00000
      cHq1rd =   0.00000
      cHq3rd =   0.00000
       cHdst =   0.00000
       cHust =   0.00000
       cHdrd =   0.00000
       cHurd =   0.00000
         cth =   0.00000
         cbh =   0.00000
 --------------

  mH       = 125.0000      GeV
  fact_scale 1.0
  ren_scale  1.0
  Kqq      =   0.25224696866645552            +-   -2.6704165216698890E-004
  Kgq      =   -6.6799034272598187E-002       +-   -1.2724746239205857E-004
  K_nlo    =    1.1854479343938573            +-    2.9580933162646079E-004
  Kqq2     =    5.5114271580857410E-002       +-   -2.2019963300827925E-004
  Kgq2     =   -3.4266349458249273E-002       +-   -1.4828689636881164E-004
  Kqqs     =    1.6910027681950122E-003       +-   -3.5774268724976025E-006
  Kgg      =    9.5954509535699445E-004       +-   -1.6380883269748490E-006
  K_nnlo   =    1.2089464043800175            +-    3.9748650795387260E-004
  sig_LO   = ( -0.16475166031240798            +-    1.1116361566052784E-004 ) fb
  sig_NLO  = ( -0.19530451540530247            +-    1.2137733447890910E-004 ) fb
  sig_NNLO = ( -0.19917592735032366            +-    1.2901875548643503E-004 ) fb

  pp ---> HHW+ + X
  ===============

  PDFSET = PDF4LHC21_40                                NSET =   5
  Sqrt(S)  = 13.6 TeV
  LOOP     = 3
  alphaS(MZ) =   0.11800
          kl =   1.00000
          kv =   1.00000
         k2v =   1.00000
         kth =   1.00000
         kbh =   1.00000
        cHsq =  -2.00000
       chdup =   0.00000
         cHw =   0.00000
          cH =   0.00000
         cHb =   0.00000
        cHwb =   0.00000
      cHq1st =   0.00000
      cHq3st =   0.00000
      cHq1rd =   0.00000
      cHq3rd =   0.00000
       cHdst =   0.00000
       cHust =   0.00000
       cHdrd =   0.00000
       cHurd =   0.00000
         cth =   0.00000
         cbh =   0.00000
 --------------

  mH       = 125.0000      GeV
  fact_scale 1.0
  ren_scale  1.0
  Kqq      =   0.25186161317800360            +-   -2.6675694221162919E-004
  Kgq      =   -6.5912141907940563E-002       +-   -1.2533714196476177E-004
  K_nlo    =    1.1859494712700631            +-    2.9473490694858882E-004
  Kqq2     =    5.4955176514957821E-002       +-   -2.1995427354121313E-004
  Kgq2     =   -3.3813568387720948E-002       +-   -1.4615374324291407E-004
  Kqqs     =    1.6734848011136548E-003       +-   -3.5395165877577013E-006
  Kgg      =    9.3838696742562847E-004       +-   -1.5969390568900196E-006
  K_nnlo   =    1.2097029511658393            +-    3.9575818738085277E-004
  sig_LO   = ( -0.16684909773607515            +-    1.1254825266987034E-004 ) fb
  sig_NLO  = ( -0.19787459924198539            +-    1.2282268954571723E-004 ) fb
  sig_NNLO = ( -0.20183784593068765            +-    1.3048877550425519E-004 ) fb

  pp ---> HHW+ + X
  ===============

  PDFSET = PDF4LHC21_40                                NSET =   6
  Sqrt(S)  = 13.6 TeV
  LOOP     = 3
  alphaS(MZ) =   0.11800
          kl =   1.00000
          kv =   1.00000
         k2v =   1.00000
         kth =   1.00000
         kbh =   1.00000
        cHsq =  -2.00000
       chdup =   0.00000
         cHw =   0.00000
          cH =   0.00000
         cHb =   0.00000
        cHwb =   0.00000
      cHq1st =   0.00000
      cHq3st =   0.00000
      cHq1rd =   0.00000
      cHq3rd =   0.00000
       cHdst =   0.00000
       cHust =   0.00000
       cHdrd =   0.00000
       cHurd =   0.00000
         cth =   0.00000
         cbh =   0.00000
 --------------

  mH       = 125.0000      GeV
  fact_scale 1.0
  ren_scale  1.0
  Kqq      =   0.25190831638434108            +-   -2.6619381132014650E-004
  Kgq      =   -6.6012130350991086E-002       +-   -1.2555765074991700E-004
  K_nlo    =    1.1858961860333501            +-    2.9431933141909640E-004
  Kqq2     =    5.4980997307712845E-002       +-   -2.1950533300691812E-004
  Kgq2     =   -3.3867282116983394E-002       +-   -1.4629242412478067E-004
  Kqqs     =    1.6732677457193556E-003       +-   -3.5323255143590586E-006
  Kgg      =    9.4872554366263074E-004       +-   -1.6171610494715947E-006
  K_nnlo   =    1.2096318945134616            +-    3.9525058628061004E-004
  sig_LO   = ( -0.16670868156622037            +-    1.1189341944281352E-004 ) fb
  sig_NLO  = ( -0.19769918964802899            +-    1.2217843185678917E-004 ) fb
  sig_NNLO = ( -0.20165613831478851            +-    1.2985320168321156E-004 ) fb

  pp ---> HHW+ + X
  ===============

  PDFSET = PDF4LHC21_40                                NSET =   7
  Sqrt(S)  = 13.6 TeV
  LOOP     = 3
  alphaS(MZ) =   0.11800
          kl =   1.00000
          kv =   1.00000
         k2v =   1.00000
         kth =   1.00000
         kbh =   1.00000
        cHsq =  -2.00000
       chdup =   0.00000
         cHw =   0.00000
          cH =   0.00000
         cHb =   0.00000
        cHwb =   0.00000
      cHq1st =   0.00000
      cHq3st =   0.00000
      cHq1rd =   0.00000
      cHq3rd =   0.00000
       cHdst =   0.00000
       cHust =   0.00000
       cHdrd =   0.00000
       cHurd =   0.00000
         cth =   0.00000
         cbh =   0.00000
 --------------

  mH       = 125.0000      GeV
  fact_scale 1.0
  ren_scale  1.0
  Kqq      =   0.25187844092464939            +-   -2.6655128056120655E-004
  Kgq      =   -6.5850887412820469E-002       +-   -1.2532917715888373E-004
  K_nlo    =    1.1860275535118288            +-    2.9454539177543063E-004
  Kqq2     =    5.4967122602156422E-002       +-   -2.1964724704593162E-004
  Kgq2     =   -3.3782879126105635E-002       +-   -1.4606108678539447E-004
  Kqqs     =    1.6723325482946221E-003       +-   -3.5363947882021328E-006
  Kgg      =    9.3829339720090247E-004       +-   -1.5947665405434876E-006
  K_nnlo   =    1.2098224229333749            +-    3.9541217911483943E-004
  sig_LO   = ( -0.16698144203307497            +-    1.1226778395105230E-004 ) fb
  sig_NLO  = ( -0.19804459117636516            +-    1.2256868778459613E-004 ) fb
  sig_NNLO = ( -0.20201789278536370            +-    1.3024420704825176E-004 ) fb

  pp ---> HHW+ + X
  ===============

  PDFSET = PDF4LHC21_40                                NSET =   8
  Sqrt(S)  = 13.6 TeV
  LOOP     = 3
  alphaS(MZ) =   0.11800
          kl =   1.00000
          kv =   1.00000
         k2v =   1.00000
         kth =   1.00000
         kbh =   1.00000
        cHsq =  -2.00000
       chdup =   0.00000
         cHw =   0.00000
          cH =   0.00000
         cHb =   0.00000
        cHwb =   0.00000
      cHq1st =   0.00000
      cHq3st =   0.00000
      cHq1rd =   0.00000
      cHq3rd =   0.00000
       cHdst =   0.00000
       cHust =   0.00000
       cHdrd =   0.00000
       cHurd =   0.00000
         cth =   0.00000
         cbh =   0.00000
 --------------

  mH       = 125.0000      GeV
  fact_scale 1.0
  ren_scale  1.0
  Kqq      =   0.25167288637684898            +-   -2.6665174688993246E-004
  Kgq      =   -6.5731987953110166E-002       +-   -1.2544763104864603E-004
  K_nlo    =    1.1859408984237387            +-    2.9468671883064193E-004
  Kqq2     =    5.4880187660869946E-002       +-   -2.1999360320982389E-004
  Kgq2     =   -3.3712424887968606E-002       +-   -1.4600396062340154E-004
  Kqqs     =    1.6758348938145146E-003       +-   -3.5472713475406220E-006
  Kgg      =    9.4585726105838350E-004       +-   -1.6193836456171600E-006
  K_nnlo   =    1.2097303533515131            +-    3.9568903164421406E-004
  sig_LO   = ( -0.16689075275358450            +-    1.1264426776197033E-004 ) fb
  sig_NLO  = ( -0.19792256925920007            +-    1.2291237322669031E-004 ) fb
  sig_NNLO = ( -0.20189280929969380            +-    1.3057409904994069E-004 ) fb

  pp ---> HHW+ + X
  ===============

  PDFSET = PDF4LHC21_40                                NSET =   9
  Sqrt(S)  = 13.6 TeV
  LOOP     = 3
  alphaS(MZ) =   0.11800
          kl =   1.00000
          kv =   1.00000
         k2v =   1.00000
         kth =   1.00000
         kbh =   1.00000
        cHsq =  -2.00000
       chdup =   0.00000
         cHw =   0.00000
          cH =   0.00000
         cHb =   0.00000
        cHwb =   0.00000
      cHq1st =   0.00000
      cHq3st =   0.00000
      cHq1rd =   0.00000
      cHq3rd =   0.00000
       cHdst =   0.00000
       cHust =   0.00000
       cHdrd =   0.00000
       cHurd =   0.00000
         cth =   0.00000
         cbh =   0.00000
 --------------

  mH       = 125.0000      GeV
  fact_scale 1.0
  ren_scale  1.0
  Kqq      =   0.25189761380650849            +-   -2.6629498883343558E-004
  Kgq      =   -6.6029653314810074E-002       +-   -1.2560034006032117E-004
  K_nlo    =    1.1858679604916984            +-    2.9442905172735230E-004
  Kqq2     =    5.4972479874759693E-002       +-   -2.1949790694844457E-004
  Kgq2     =   -3.3873888123026948E-002       +-   -1.4630112667080321E-004
  Kqqs     =    1.6771814876356708E-003       +-   -3.5449226567316482E-006
  Kgg      =    9.4399492151960322E-004       +-   -1.6072630466302898E-006
  K_nnlo   =    1.2095877286525865            +-    3.9533146483945042E-004
  sig_LO   = ( -0.16744509262712540            +-    1.1249752636449332E-004 ) fb
  sig_NLO  = ( -0.19856777048807273            +-    1.2282610651936305E-004 ) fb
  sig_NNLO = ( -0.20253952926486657            +-    1.3052833175986845E-004 ) fb

  pp ---> HHW+ + X
  ===============

  PDFSET = PDF4LHC21_40                                NSET =  10
  Sqrt(S)  = 13.6 TeV
  LOOP     = 3
  alphaS(MZ) =   0.11800
          kl =   1.00000
          kv =   1.00000
         k2v =   1.00000
         kth =   1.00000
         kbh =   1.00000
        cHsq =  -2.00000
       chdup =   0.00000
         cHw =   0.00000
          cH =   0.00000
         cHb =   0.00000
        cHwb =   0.00000
      cHq1st =   0.00000
      cHq3st =   0.00000
      cHq1rd =   0.00000
      cHq3rd =   0.00000
       cHdst =   0.00000
       cHust =   0.00000
       cHdrd =   0.00000
       cHurd =   0.00000
         cth =   0.00000
         cbh =   0.00000
 --------------

  mH       = 125.0000      GeV
  fact_scale 1.0
  ren_scale  1.0
  Kqq      =   0.25183299923379832            +-   -2.6688817831793118E-004
  Kgq      =   -6.5927793969500534E-002       +-   -1.2556210362395099E-004
  K_nlo    =    1.1859052052642978            +-    2.9494938818776288E-004
  Kqq2     =    5.4946149382125227E-002       +-   -2.2017436236394851E-004
  Kgq2     =   -3.3825978868768106E-002       +-   -1.4649789896113108E-004
  Kqqs     =    1.6761066845121708E-003       +-   -3.5472431782801280E-006
  Kgg      =    9.4000010068905917E-004       +-   -1.6055165071522107E-006
  K_nnlo   =    1.2096414825628561            +-    3.9616749797548171E-004
  sig_LO   = ( -0.16668649661309001            +-    1.1249244972086255E-004 ) fb
  sig_NLO  = ( -0.19767438398073320            +-    1.2276668125204049E-004 ) fb
  sig_NNLO = ( -0.20163090088626673            +-    1.3044260986623109E-004 ) fb

  pp ---> HHW+ + X
  ===============

  PDFSET = PDF4LHC21_40                                NSET =  11
  Sqrt(S)  = 13.6 TeV
  LOOP     = 3
  alphaS(MZ) =   0.11800
          kl =   1.00000
          kv =   1.00000
         k2v =   1.00000
         kth =   1.00000
         kbh =   1.00000
        cHsq =  -2.00000
       chdup =   0.00000
         cHw =   0.00000
          cH =   0.00000
         cHb =   0.00000
        cHwb =   0.00000
      cHq1st =   0.00000
      cHq3st =   0.00000
      cHq1rd =   0.00000
      cHq3rd =   0.00000
       cHdst =   0.00000
       cHust =   0.00000
       cHdrd =   0.00000
       cHurd =   0.00000
         cth =   0.00000
         cbh =   0.00000
 --------------

  mH       = 125.0000      GeV
  fact_scale 1.0
  ren_scale  1.0
  Kqq      =   0.25162825936235772            +-   -2.6645192079738811E-004
  Kgq      =   -6.5960114935365827E-002       +-   -1.2549433248039234E-004
  K_nlo    =    1.1856681444269919            +-    2.9452581140082925E-004
  Kqq2     =    5.4863448097609381E-002       +-   -2.1982386135176990E-004
  Kgq2     =   -3.3838932084753935E-002       +-   -1.4621790395212103E-004
  Kqqs     =    1.6737118590354841E-003       +-   -3.5392413873454614E-006
  Kgg      =    9.4177872055219625E-004       +-   -1.6036956188358849E-006
  K_nnlo   =    1.2093081510194350            +-    3.9555373478998589E-004
  sig_LO   = ( -0.16738666584448625            +-    1.1281232709118120E-004 ) fb
  sig_NLO  = ( -0.19846503749365296            +-    1.2311409720405089E-004 ) fb
  sig_NNLO = ( -0.20242205937770366            +-    1.3080688426095322E-004 ) fb

  pp ---> HHW+ + X
  ===============

  PDFSET = PDF4LHC21_40                                NSET =  12
  Sqrt(S)  = 13.6 TeV
  LOOP     = 3
  alphaS(MZ) =   0.11800
          kl =   1.00000
          kv =   1.00000
         k2v =   1.00000
         kth =   1.00000
         kbh =   1.00000
        cHsq =  -2.00000
       chdup =   0.00000
         cHw =   0.00000
          cH =   0.00000
         cHb =   0.00000
        cHwb =   0.00000
      cHq1st =   0.00000
      cHq3st =   0.00000
      cHq1rd =   0.00000
      cHq3rd =   0.00000
       cHdst =   0.00000
       cHust =   0.00000
       cHdrd =   0.00000
       cHurd =   0.00000
         cth =   0.00000
         cbh =   0.00000
 --------------

  mH       = 125.0000      GeV
  fact_scale 1.0
  ren_scale  1.0
  Kqq      =   0.25163738954009496            +-   -2.6642038713285454E-004
  Kgq      =   -6.5992469886775859E-002       +-   -1.2553255901923312E-004
  K_nlo    =    1.1856449196533192            +-    2.9451357533047151E-004
  Kqq2     =    5.4875533624909517E-002       +-   -2.1969046181478331E-004
  Kgq2     =   -3.3853441025860798E-002       +-   -1.4617067628656033E-004
  Kqqs     =    1.6742842651185949E-003       +-   -3.5382307819442829E-006
  Kgg      =    9.4316015007848140E-004       +-   -1.6059763943554611E-006
  K_nnlo   =    1.2092844566675649            +-    3.9545304387454905E-004
  sig_LO   = ( -0.16785030890006791            +-    1.1292910453658526E-004 ) fb
  sig_NLO  = ( -0.19901086600960580            +-    1.2327498629746515E-004 ) fb
  sig_NNLO = ( -0.20297876959970154            +-    1.3099189887927180E-004 ) fb

  pp ---> HHW+ + X
  ===============

  PDFSET = PDF4LHC21_40                                NSET =  13
  Sqrt(S)  = 13.6 TeV
  LOOP     = 3
  alphaS(MZ) =   0.11800
          kl =   1.00000
          kv =   1.00000
         k2v =   1.00000
         kth =   1.00000
         kbh =   1.00000
        cHsq =  -2.00000
       chdup =   0.00000
         cHw =   0.00000
          cH =   0.00000
         cHb =   0.00000
        cHwb =   0.00000
      cHq1st =   0.00000
      cHq3st =   0.00000
      cHq1rd =   0.00000
      cHq3rd =   0.00000
       cHdst =   0.00000
       cHust =   0.00000
       cHdrd =   0.00000
       cHurd =   0.00000
         cth =   0.00000
         cbh =   0.00000
 --------------

  mH       = 125.0000      GeV
  fact_scale 1.0
  ren_scale  1.0
  Kqq      =   0.25187895972597513            +-   -2.6671547883007438E-004
  Kgq      =   -6.6050235584947964E-002       +-   -1.2564645476428188E-004
  K_nlo    =    1.1858287241410272            +-    2.9482906614238121E-004
  Kqq2     =    5.4960543468603192E-002       +-   -2.2002564024770476E-004
  Kgq2     =   -3.3884539810659073E-002       +-   -1.4644664011612926E-004
  Kqqs     =    1.6734468291383232E-003       +-   -3.5402187147282843E-006
  Kgg      =    9.4103466614288487E-004       +-   -1.6011230149604469E-006
  K_nnlo   =    1.2095192092942526            +-    3.9597623129875010E-004
  sig_LO   = ( -0.16676013656251062            +-    1.1253155991296293E-004 ) fb
  sig_NLO  = ( -0.19774895997750544            +-    1.2280318199147080E-004 ) fb
  sig_NNLO = ( -0.20169958851688943            +-    1.3047496205204797E-004 ) fb

  pp ---> HHW+ + X
  ===============

  PDFSET = PDF4LHC21_40                                NSET =  14
  Sqrt(S)  = 13.6 TeV
  LOOP     = 3
  alphaS(MZ) =   0.11800
          kl =   1.00000
          kv =   1.00000
         k2v =   1.00000
         kth =   1.00000
         kbh =   1.00000
        cHsq =  -2.00000
       chdup =   0.00000
         cHw =   0.00000
          cH =   0.00000
         cHb =   0.00000
        cHwb =   0.00000
      cHq1st =   0.00000
      cHq3st =   0.00000
      cHq1rd =   0.00000
      cHq3rd =   0.00000
       cHdst =   0.00000
       cHust =   0.00000
       cHdrd =   0.00000
       cHurd =   0.00000
         cth =   0.00000
         cbh =   0.00000
 --------------

  mH       = 125.0000      GeV
  fact_scale 1.0
  ren_scale  1.0
  Kqq      =   0.25183929013025191            +-   -2.6616986275837301E-004
  Kgq      =   -6.5885282620750468E-002       +-   -1.2533116822831096E-004
  K_nlo    =    1.1859540075095014            +-    2.9420111755444487E-004
  Kqq2     =    5.4952889429897442E-002       +-   -2.1945458404686093E-004
  Kgq2     =   -3.3800823680023843E-002       +-   -1.4608715870454808E-004
  Kqqs     =    1.6741691524681651E-003       +-   -3.5369629472486839E-006
  Kgg      =    9.3928078848590452E-004       +-   -1.5973191773962170E-006
  K_nnlo   =    1.2097195232003290            +-    3.9505838999226125E-004
  sig_LO   = ( -0.16727386710248623            +-    1.1228048609569751E-004 ) fb
  sig_NLO  = ( -0.19837911304180531            +-    1.2259177833695217E-004 ) fb
  sig_NNLO = ( -0.20235446275509486            +-    1.3028377922149389E-004 ) fb

  pp ---> HHW+ + X
  ===============

  PDFSET = PDF4LHC21_40                                NSET =  15
  Sqrt(S)  = 13.6 TeV
  LOOP     = 3
  alphaS(MZ) =   0.11800
          kl =   1.00000
          kv =   1.00000
         k2v =   1.00000
         kth =   1.00000
         kbh =   1.00000
        cHsq =  -2.00000
       chdup =   0.00000
         cHw =   0.00000
          cH =   0.00000
         cHb =   0.00000
        cHwb =   0.00000
      cHq1st =   0.00000
      cHq3st =   0.00000
      cHq1rd =   0.00000
      cHq3rd =   0.00000
       cHdst =   0.00000
       cHust =   0.00000
       cHdrd =   0.00000
       cHurd =   0.00000
         cth =   0.00000
         cbh =   0.00000
 --------------

  mH       = 125.0000      GeV
  fact_scale 1.0
  ren_scale  1.0
  Kqq      =   0.25185726517577023            +-   -2.6643343850534890E-004
  Kgq      =   -6.5886108193908124E-002       +-   -1.2521292583195741E-004
  K_nlo    =    1.1859711569818621            +-    2.9438928980039813E-004
  Kqq2     =    5.4957364282744746E-002       +-   -2.1974094811107818E-004
  Kgq2     =   -3.3809374394966542E-002       +-   -1.4600161644663358E-004
  Kqqs     =    1.6727356994548435E-003       +-   -3.5365966256156524E-006
  Kgg      =    9.3634003074624151E-004       +-   -1.5911634940561263E-006
  K_nnlo   =    1.2097282225998414            +-    3.9532600413826231E-004
  sig_LO   = ( -0.16699725845658711            +-    1.1241773733005554E-004 ) fb
  sig_NLO  = ( -0.19805393182455769            +-    1.2269747348492104E-004 ) fb
  sig_NNLO = ( -0.20202129665173349            +-    1.3036936517691889E-004 ) fb

  pp ---> HHW+ + X
  ===============

  PDFSET = PDF4LHC21_40                                NSET =  16
  Sqrt(S)  = 13.6 TeV
  LOOP     = 3
  alphaS(MZ) =   0.11800
          kl =   1.00000
          kv =   1.00000
         k2v =   1.00000
         kth =   1.00000
         kbh =   1.00000
        cHsq =  -2.00000
       chdup =   0.00000
         cHw =   0.00000
          cH =   0.00000
         cHb =   0.00000
        cHwb =   0.00000
      cHq1st =   0.00000
      cHq3st =   0.00000
      cHq1rd =   0.00000
      cHq3rd =   0.00000
       cHdst =   0.00000
       cHust =   0.00000
       cHdrd =   0.00000
       cHurd =   0.00000
         cth =   0.00000
         cbh =   0.00000
 --------------

  mH       = 125.0000      GeV
  fact_scale 1.0
  ren_scale  1.0
  Kqq      =   0.25163575256595527            +-   -2.6670363551614299E-004
  Kgq      =   -6.6067516526167616E-002       +-   -1.2575619242972117E-004
  K_nlo    =    1.1855682360397874            +-    2.9486513719317295E-004
  Kqq2     =    5.4867431437765249E-002       +-   -2.2000841999532191E-004
  Kgq2     =   -3.3891392594431573E-002       +-   -1.4650158826166380E-004
  Kqqs     =    1.6689864391344754E-003       +-   -3.5302685776357966E-006
  Kgg      =    9.4437948683491349E-004       +-   -1.6103618000363959E-006
  K_nnlo   =    1.2091576408090905            +-    3.9601379448869452E-004
  sig_LO   = ( -0.16740417627850410            +-    1.1298813931647502E-004 ) fb
  sig_NLO  = ( -0.19846907397619976            +-    1.2330001074828894E-004 ) fb
  sig_NNLO = ( -0.20241803885050513            +-    1.3100100075916693E-004 ) fb

  pp ---> HHW+ + X
  ===============

  PDFSET = PDF4LHC21_40                                NSET =  17
  Sqrt(S)  = 13.6 TeV
  LOOP     = 3
  alphaS(MZ) =   0.11800
          kl =   1.00000
          kv =   1.00000
         k2v =   1.00000
         kth =   1.00000
         kbh =   1.00000
        cHsq =  -2.00000
       chdup =   0.00000
         cHw =   0.00000
          cH =   0.00000
         cHb =   0.00000
        cHwb =   0.00000
      cHq1st =   0.00000
      cHq3st =   0.00000
      cHq1rd =   0.00000
      cHq3rd =   0.00000
       cHdst =   0.00000
       cHust =   0.00000
       cHdrd =   0.00000
       cHurd =   0.00000
         cth =   0.00000
         cbh =   0.00000
 --------------

  mH       = 125.0000      GeV
  fact_scale 1.0
  ren_scale  1.0
  Kqq      =   0.25211508607296368            +-   -2.6660860038263330E-004
  Kgq      =   -6.5714536286417741E-002       +-   -1.2498907211171099E-004
  K_nlo    =    1.1864005497865460            +-    2.9445273635225934E-004
  Kqq2     =    5.5056321186693097E-002       +-   -2.1976407157637371E-004
  Kgq2     =   -3.3712118764102600E-002       +-   -1.4567798650939428E-004
  Kqqs     =    1.6689111882438028E-003       +-   -3.5285865984468673E-006
  Kgg      =    9.3850594722602587E-004       +-   -1.5964554268842217E-006
  K_nnlo   =    1.2103521693446062            +-    3.9526666498441613E-004
  sig_LO   = ( -0.16763622034627521            +-    1.1288336187557150E-004 ) fb
  sig_NLO  = ( -0.19888370398295946            +-    1.2320371812749161E-004 ) fb
  sig_NNLO = ( -0.20289886295684464            +-    1.3089375386551245E-004 ) fb

  pp ---> HHW+ + X
  ===============

  PDFSET = PDF4LHC21_40                                NSET =  18
  Sqrt(S)  = 13.6 TeV
  LOOP     = 3
  alphaS(MZ) =   0.11800
          kl =   1.00000
          kv =   1.00000
         k2v =   1.00000
         kth =   1.00000
         kbh =   1.00000
        cHsq =  -2.00000
       chdup =   0.00000
         cHw =   0.00000
          cH =   0.00000
         cHb =   0.00000
        cHwb =   0.00000
      cHq1st =   0.00000
      cHq3st =   0.00000
      cHq1rd =   0.00000
      cHq3rd =   0.00000
       cHdst =   0.00000
       cHust =   0.00000
       cHdrd =   0.00000
       cHurd =   0.00000
         cth =   0.00000
         cbh =   0.00000
 --------------

  mH       = 125.0000      GeV
  fact_scale 1.0
  ren_scale  1.0
  Kqq      =   0.25175358343872878            +-   -2.6633305997913911E-004
  Kgq      =   -6.5734575222532426E-002       +-   -1.2492024044974284E-004
  K_nlo    =    1.1860190082161963            +-    2.9417403915348017E-004
  Kqq2     =    5.4912476027000015E-002       +-   -2.1971300895162762E-004
  Kgq2     =   -3.3723481520192507E-002       +-   -1.4556611836693691E-004
  Kqqs     =    1.6725236210842361E-003       +-   -3.5357240378763180E-006
  Kgg      =    9.3375190849277409E-004       +-   -1.5863673198178576E-006
  K_nnlo   =    1.2098142782525809            +-    3.9498947370355804E-004
  sig_LO   = ( -0.16795860872209206            +-    1.1305896538140645E-004 ) fb
  sig_NLO  = ( -0.19920210253794782            +-    1.2338389317196821E-004 ) fb
  sig_NNLO = ( -0.20319872298742545            +-    1.3108613588730356E-004 ) fb

  pp ---> HHW+ + X
  ===============

  PDFSET = PDF4LHC21_40                                NSET =  19
  Sqrt(S)  = 13.6 TeV
  LOOP     = 3
  alphaS(MZ) =   0.11800
          kl =   1.00000
          kv =   1.00000
         k2v =   1.00000
         kth =   1.00000
         kbh =   1.00000
        cHsq =  -2.00000
       chdup =   0.00000
         cHw =   0.00000
          cH =   0.00000
         cHb =   0.00000
        cHwb =   0.00000
      cHq1st =   0.00000
      cHq3st =   0.00000
      cHq1rd =   0.00000
      cHq3rd =   0.00000
       cHdst =   0.00000
       cHust =   0.00000
       cHdrd =   0.00000
       cHurd =   0.00000
         cth =   0.00000
         cbh =   0.00000
 --------------

  mH       = 125.0000      GeV
  fact_scale 1.0
  ren_scale  1.0
  Kqq      =   0.25210888410505095            +-   -2.6658012482093065E-004
  Kgq      =   -6.6522192320340082E-002       +-   -1.2660625677576249E-004
  K_nlo    =    1.1855866917847109            +-    2.9511710761037435E-004
  Kqq2     =    5.5051923523005711E-002       +-   -2.1964692216341116E-004
  Kgq2     =   -3.4125031227312863E-002       +-   -1.4753983061599184E-004
  Kqqs     =    1.6832368887706457E-003       +-   -3.5596430151384722E-006
  Kgg      =    9.5204848697687326E-004       +-   -1.6231051192637205E-006
  K_nnlo   =    1.2091488694561514            +-    3.9638640840345654E-004
  sig_LO   = ( -0.16584997962706188            +-    1.1154071920167034E-004 ) fb
  sig_NLO  = ( -0.19662952867861000            +-    1.2180706606215602E-004 ) fb
  sig_NNLO = ( -0.20053731536538758            +-    1.2947265638785579E-004 ) fb

  pp ---> HHW+ + X
  ===============

  PDFSET = PDF4LHC21_40                                NSET =  20
  Sqrt(S)  = 13.6 TeV
  LOOP     = 3
  alphaS(MZ) =   0.11800
          kl =   1.00000
          kv =   1.00000
         k2v =   1.00000
         kth =   1.00000
         kbh =   1.00000
        cHsq =  -2.00000
       chdup =   0.00000
         cHw =   0.00000
          cH =   0.00000
         cHb =   0.00000
        cHwb =   0.00000
      cHq1st =   0.00000
      cHq3st =   0.00000
      cHq1rd =   0.00000
      cHq3rd =   0.00000
       cHdst =   0.00000
       cHust =   0.00000
       cHdrd =   0.00000
       cHurd =   0.00000
         cth =   0.00000
         cbh =   0.00000
 --------------

  mH       = 125.0000      GeV
  fact_scale 1.0
  ren_scale  1.0
  Kqq      =   0.25173852639981137            +-   -2.6649423468961593E-004
  Kgq      =   -6.5941470828023888E-002       +-   -1.2543603638299266E-004
  K_nlo    =    1.1857970555717874            +-    2.9453926112876625E-004
  Kqq2     =    5.4909421185740021E-002       +-   -2.1981823313645853E-004
  Kgq2     =   -3.3829298211522633E-002       +-   -1.4615711056311531E-004
  Kqqs     =    1.6735755110569091E-003       +-   -3.5389693977669106E-006
  Kgg      =    9.4356397964048138E-004       +-   -1.6062070988721573E-006
  K_nnlo   =    1.2094943180367019            +-    3.9553816141974912E-004
  sig_LO   = ( -0.16743695427762620            +-    1.1286923758949362E-004 ) fb
  sig_NLO  = ( -0.19854624737631715            +-    1.2317307861364895E-004 ) fb
  sig_NNLO = ( -0.20251404482815999            +-    1.3086471529809125E-004 ) fb

  pp ---> HHW+ + X
  ===============

  PDFSET = PDF4LHC21_40                                NSET =  21
  Sqrt(S)  = 13.6 TeV
  LOOP     = 3
  alphaS(MZ) =   0.11800
          kl =   1.00000
          kv =   1.00000
         k2v =   1.00000
         kth =   1.00000
         kbh =   1.00000
        cHsq =  -2.00000
       chdup =   0.00000
         cHw =   0.00000
          cH =   0.00000
         cHb =   0.00000
        cHwb =   0.00000
      cHq1st =   0.00000
      cHq3st =   0.00000
      cHq1rd =   0.00000
      cHq3rd =   0.00000
       cHdst =   0.00000
       cHust =   0.00000
       cHdrd =   0.00000
       cHurd =   0.00000
         cth =   0.00000
         cbh =   0.00000
 --------------

  mH       = 125.0000      GeV
  fact_scale 1.0
  ren_scale  1.0
  Kqq      =   0.25208076574142763            +-   -2.6713950096717075E-004
  Kgq      =   -6.6616561523607037E-002       +-   -1.2675684079001181E-004
  K_nlo    =    1.1854642042178207            +-    2.9568701301216024E-004
  Kqq2     =    5.5058791554282449E-002       +-   -2.2002632341316776E-004
  Kgq2     =   -3.4173341133829138E-002       +-   -1.4770714361652995E-004
  Kqqs     =    1.6893549959406892E-003       +-   -3.5724053225671893E-006
  Kgg      =    9.5245413293591861E-004       +-   -1.6216524847698796E-006
  K_nnlo   =    1.2089914637671506            +-    3.9708334738527322E-004
  sig_LO   = ( -0.16546975831284066            +-    1.1162973326298225E-004 ) fb
  sig_NLO  = ( -0.19615847536044678            +-    1.2188139308547837E-004 ) fb
  sig_NNLO = ( -0.20005152531183787            +-    1.2953139346844956E-004 ) fb

  pp ---> HHW+ + X
  ===============

  PDFSET = PDF4LHC21_40                                NSET =  22
  Sqrt(S)  = 13.6 TeV
  LOOP     = 3
  alphaS(MZ) =   0.11800
          kl =   1.00000
          kv =   1.00000
         k2v =   1.00000
         kth =   1.00000
         kbh =   1.00000
        cHsq =  -2.00000
       chdup =   0.00000
         cHw =   0.00000
          cH =   0.00000
         cHb =   0.00000
        cHwb =   0.00000
      cHq1st =   0.00000
      cHq3st =   0.00000
      cHq1rd =   0.00000
      cHq3rd =   0.00000
       cHdst =   0.00000
       cHust =   0.00000
       cHdrd =   0.00000
       cHurd =   0.00000
         cth =   0.00000
         cbh =   0.00000
 --------------

  mH       = 125.0000      GeV
  fact_scale 1.0
  ren_scale  1.0
  Kqq      =   0.25184168264784085            +-   -2.6667796140036654E-004
  Kgq      =   -6.6237274060712809E-002       +-   -1.2615222489469760E-004
  K_nlo    =    1.1856044085871280            +-    2.9501104884823847E-004
  Kqq2     =    5.4951380304056947E-002       +-   -2.1995551785584301E-004
  Kgq2     =   -3.3979323480089585E-002       +-   -1.4700405561599050E-004
  Kqqs     =    1.6763235673942212E-003       +-   -3.5453775450581206E-006
  Kgg      =    9.5084915334232043E-004       +-   -1.6250241249429268E-006
  K_nnlo   =    1.2092036381318318            +-    3.9627938572510011E-004
  sig_LO   = ( -0.16649105679551626            +-    1.1224244834482142E-004 ) fb
  sig_NLO  = ( -0.19739253092709402            +-    1.2251864166714499E-004 ) fb
  sig_NNLO = ( -0.20132159159355176            +-    1.3019726675746871E-004 ) fb

  pp ---> HHW+ + X
  ===============

  PDFSET = PDF4LHC21_40                                NSET =  23
  Sqrt(S)  = 13.6 TeV
  LOOP     = 3
  alphaS(MZ) =   0.11800
          kl =   1.00000
          kv =   1.00000
         k2v =   1.00000
         kth =   1.00000
         kbh =   1.00000
        cHsq =  -2.00000
       chdup =   0.00000
         cHw =   0.00000
          cH =   0.00000
         cHb =   0.00000
        cHwb =   0.00000
      cHq1st =   0.00000
      cHq3st =   0.00000
      cHq1rd =   0.00000
      cHq3rd =   0.00000
       cHdst =   0.00000
       cHust =   0.00000
       cHdrd =   0.00000
       cHurd =   0.00000
         cth =   0.00000
         cbh =   0.00000
 --------------

  mH       = 125.0000      GeV
  fact_scale 1.0
  ren_scale  1.0
  Kqq      =   0.25184363216074412            +-   -2.6675393735496855E-004
  Kgq      =   -6.6088325353230962E-002       +-   -1.2572722543209713E-004
  K_nlo    =    1.1857553068075133            +-    2.9489828468343430E-004
  Kqq2     =    5.4953352384114577E-002       +-   -2.1997076671984481E-004
  Kgq2     =   -3.3903081984183202E-002       +-   -1.4646865261279260E-004
  Kqqs     =    1.6770355353537727E-003       +-   -3.5467337161716472E-006
  Kgg      =    9.4519597641369926E-004       +-   -1.6092152112358883E-006
  K_nnlo   =    1.2094278087192121            +-    3.9600551967416400E-004
  sig_LO   = ( -0.16682622500039165            +-    1.1248069414583354E-004 ) fb
  sig_NLO  = ( -0.19781508160887865            +-    1.2276900462702831E-004 ) fb
  sig_NNLO = ( -0.20176427573912192            +-    1.3044681923068946E-004 ) fb

  pp ---> HHW+ + X
  ===============

  PDFSET = PDF4LHC21_40                                NSET =  24
  Sqrt(S)  = 13.6 TeV
  LOOP     = 3
  alphaS(MZ) =   0.11800
          kl =   1.00000
          kv =   1.00000
         k2v =   1.00000
         kth =   1.00000
         kbh =   1.00000
        cHsq =  -2.00000
       chdup =   0.00000
         cHw =   0.00000
          cH =   0.00000
         cHb =   0.00000
        cHwb =   0.00000
      cHq1st =   0.00000
      cHq3st =   0.00000
      cHq1rd =   0.00000
      cHq3rd =   0.00000
       cHdst =   0.00000
       cHust =   0.00000
       cHdrd =   0.00000
       cHurd =   0.00000
         cth =   0.00000
         cbh =   0.00000
 --------------

  mH       = 125.0000      GeV
  fact_scale 1.0
  ren_scale  1.0
  Kqq      =   0.25168236021518720            +-   -2.6705781139450656E-004
  Kgq      =   -6.5925076089415655E-002       +-   -1.2540126083355286E-004
  K_nlo    =    1.1857572841257715            +-    2.9503449094210761E-004
  Kqq2     =    5.4883811025431210E-002       +-   -2.2027454091180275E-004
  Kgq2     =   -3.3819947545684480E-002       +-   -1.4613638965710934E-004
  Kqqs     =    1.6733775343116650E-003       +-   -3.5406747474940640E-006
  Kgg      =    9.4351440760370416E-004       +-   -1.6067175717656635E-006
  K_nnlo   =    1.2094380395474338            +-    3.9615298373281438E-004
  sig_LO   = ( -0.16726397149971203            +-    1.1332237308993344E-004 ) fb
  sig_NLO  = ( -0.19833447257758899            +-    1.2360116738983253E-004 ) fb
  sig_NNLO = ( -0.20229540977752952            +-    1.3127310833751499E-004 ) fb

  pp ---> HHW+ + X
  ===============

  PDFSET = PDF4LHC21_40                                NSET =  25
  Sqrt(S)  = 13.6 TeV
  LOOP     = 3
  alphaS(MZ) =   0.11800
          kl =   1.00000
          kv =   1.00000
         k2v =   1.00000
         kth =   1.00000
         kbh =   1.00000
        cHsq =  -2.00000
       chdup =   0.00000
         cHw =   0.00000
          cH =   0.00000
         cHb =   0.00000
        cHwb =   0.00000
      cHq1st =   0.00000
      cHq3st =   0.00000
      cHq1rd =   0.00000
      cHq3rd =   0.00000
       cHdst =   0.00000
       cHust =   0.00000
       cHdrd =   0.00000
       cHurd =   0.00000
         cth =   0.00000
         cbh =   0.00000
 --------------

  mH       = 125.0000      GeV
  fact_scale 1.0
  ren_scale  1.0
  Kqq      =   0.25179873629215893            +-   -2.6663438210828357E-004
  Kgq      =   -6.6136756072609104E-002       +-   -1.2583489342995308E-004
  K_nlo    =    1.1856619802195498            +-    2.9483608009671039E-004
  Kqq2     =    5.4934866682020272E-002       +-   -2.1986975311381668E-004
  Kgq2     =   -3.3929642395034369E-002       +-   -1.4649598880918670E-004
  Kqqs     =    1.6749168274349995E-003       +-   -3.5409119730916371E-006
  Kgg      =    9.5039936030475835E-004       +-   -1.6197206076768556E-006
  K_nnlo   =    1.2092925206942755            +-    3.9591319597956571E-004
  sig_LO   = ( -0.16658323990614735            +-    1.1232209606754219E-004 ) fb
  sig_NLO  = ( -0.19751141409851100            +-    1.2259083114120716E-004 ) fb
  sig_NNLO = ( -0.20144786609152415            +-    1.3025354469195545E-004 ) fb

  pp ---> HHW+ + X
  ===============

  PDFSET = PDF4LHC21_40                                NSET =  26
  Sqrt(S)  = 13.6 TeV
  LOOP     = 3
  alphaS(MZ) =   0.11800
          kl =   1.00000
          kv =   1.00000
         k2v =   1.00000
         kth =   1.00000
         kbh =   1.00000
        cHsq =  -2.00000
       chdup =   0.00000
         cHw =   0.00000
          cH =   0.00000
         cHb =   0.00000
        cHwb =   0.00000
      cHq1st =   0.00000
      cHq3st =   0.00000
      cHq1rd =   0.00000
      cHq3rd =   0.00000
       cHdst =   0.00000
       cHust =   0.00000
       cHdrd =   0.00000
       cHurd =   0.00000
         cth =   0.00000
         cbh =   0.00000
 --------------

  mH       = 125.0000      GeV
  fact_scale 1.0
  ren_scale  1.0
  Kqq      =   0.25175936009891731            +-   -2.6641118845577771E-004
  Kgq      =   -6.5961648810728621E-002       +-   -1.2552217630093588E-004
  K_nlo    =    1.1857977112881886            +-    2.9450082865374616E-004
  Kqq2     =    5.4918031692462753E-002       +-   -2.1973307929446740E-004
  Kgq2     =   -3.3838310695760127E-002       +-   -1.4625558788698437E-004
  Kqqs     =    1.6756128345981130E-003       +-   -3.5396771070951271E-006
  Kgg      =    9.4286583426939899E-004       +-   -1.6042791939179195E-006
  K_nnlo   =    1.2094959109537586            +-    3.9549862734008801E-004
  sig_LO   = ( -0.16714668715126155            +-    1.1255994879180430E-004 ) fb
  sig_NLO  = ( -0.19820215907336886            +-    1.2285286620838191E-004 ) fb
  sig_NNLO = ( -0.20216323463891805            +-    1.3053651991879828E-004 ) fb

  pp ---> HHW+ + X
  ===============

  PDFSET = PDF4LHC21_40                                NSET =  27
  Sqrt(S)  = 13.6 TeV
  LOOP     = 3
  alphaS(MZ) =   0.11800
          kl =   1.00000
          kv =   1.00000
         k2v =   1.00000
         kth =   1.00000
         kbh =   1.00000
        cHsq =  -2.00000
       chdup =   0.00000
         cHw =   0.00000
          cH =   0.00000
         cHb =   0.00000
        cHwb =   0.00000
      cHq1st =   0.00000
      cHq3st =   0.00000
      cHq1rd =   0.00000
      cHq3rd =   0.00000
       cHdst =   0.00000
       cHust =   0.00000
       cHdrd =   0.00000
       cHurd =   0.00000
         cth =   0.00000
         cbh =   0.00000
 --------------

  mH       = 125.0000      GeV
  fact_scale 1.0
  ren_scale  1.0
  Kqq      =   0.25183176283113856            +-   -2.6687285860324815E-004
  Kgq      =   -6.6144195954091878E-002       +-   -1.2586299170621218E-004
  K_nlo    =    1.1856875668770468            +-    2.9506374792628680E-004
  Kqq2     =    5.4946191674232259E-002       +-   -2.2010262539327283E-004
  Kgq2     =   -3.3931755562795984E-002       +-   -1.4672001912993221E-004
  Kqqs     =    1.6767391286547076E-003       +-   -3.5459433374151514E-006
  Kgg      =    9.4462783696013138E-004       +-   -1.6083525017712405E-006
  K_nnlo   =    1.2093233699540977            +-    3.9629497293143713E-004
  sig_LO   = ( -0.16689130847634442            +-    1.1269027484579848E-004 ) fb
  sig_NLO  = ( -0.19788094948024346            +-    1.2297978582342199E-004 ) fb
  sig_NNLO = ( -0.20182555958266171            +-    1.3066505947753457E-004 ) fb

  pp ---> HHW+ + X
  ===============

  PDFSET = PDF4LHC21_40                                NSET =  28
  Sqrt(S)  = 13.6 TeV
  LOOP     = 3
  alphaS(MZ) =   0.11800
          kl =   1.00000
          kv =   1.00000
         k2v =   1.00000
         kth =   1.00000
         kbh =   1.00000
        cHsq =  -2.00000
       chdup =   0.00000
         cHw =   0.00000
          cH =   0.00000
         cHb =   0.00000
        cHwb =   0.00000
      cHq1st =   0.00000
      cHq3st =   0.00000
      cHq1rd =   0.00000
      cHq3rd =   0.00000
       cHdst =   0.00000
       cHust =   0.00000
       cHdrd =   0.00000
       cHurd =   0.00000
         cth =   0.00000
         cbh =   0.00000
 --------------

  mH       = 125.0000      GeV
  fact_scale 1.0
  ren_scale  1.0
  Kqq      =   0.25179801265584800            +-   -2.6672043440050929E-004
  Kgq      =   -6.5855102789597539E-002       +-   -1.2523377762549984E-004
  K_nlo    =    1.1859429098662504            +-    2.9465791892489417E-004
  Kqq2     =    5.4934482935337071E-002       +-   -2.1994759780821576E-004
  Kgq2     =   -3.3784828826343351E-002       +-   -1.4592953624793572E-004
  Kqqs     =    1.6763365299054113E-003       +-   -3.5460463379829575E-006
  Kgg      =    9.3990092210478958E-004       +-   -1.5981958486825736E-006
  K_nnlo   =    1.2097088014272543            +-    3.9561445017958282E-004
  sig_LO   = ( -0.16710906019536961            +-    1.1272864651124616E-004 ) fb
  sig_NLO  = ( -0.19818180511311104            +-    1.2301352008336155E-004 ) fb
  sig_NNLO = ( -0.20215330091657546            +-    1.3068427677323513E-004 ) fb

  pp ---> HHW+ + X
  ===============

  PDFSET = PDF4LHC21_40                                NSET =  29
  Sqrt(S)  = 13.6 TeV
  LOOP     = 3
  alphaS(MZ) =   0.11800
          kl =   1.00000
          kv =   1.00000
         k2v =   1.00000
         kth =   1.00000
         kbh =   1.00000
        cHsq =  -2.00000
       chdup =   0.00000
         cHw =   0.00000
          cH =   0.00000
         cHb =   0.00000
        cHwb =   0.00000
      cHq1st =   0.00000
      cHq3st =   0.00000
      cHq1rd =   0.00000
      cHq3rd =   0.00000
       cHdst =   0.00000
       cHust =   0.00000
       cHdrd =   0.00000
       cHurd =   0.00000
         cth =   0.00000
         cbh =   0.00000
 --------------

  mH       = 125.0000      GeV
  fact_scale 1.0
  ren_scale  1.0
  Kqq      =   0.25180230634665879            +-   -2.6659007134669345E-004
  Kgq      =   -6.5903023597481070E-002       +-   -1.2533319310751876E-004
  K_nlo    =    1.1858992827491777            +-    2.9458220488543039E-004
  Kqq2     =    5.4935011683129593E-002       +-   -2.1984293583736348E-004
  Kgq2     =   -3.3810072403658825E-002       +-   -1.4605257935827962E-004
  Kqqs     =    1.6772884222598784E-003       +-   -3.5462106403046169E-006
  Kgg      =    9.4069264984385844E-004       +-   -1.6003673232818916E-006
  K_nnlo   =    1.2096422031007521            +-    3.9554530030760601E-004
  sig_LO   = ( -0.16730019340235192            +-    1.1278175144076839E-004 ) fb
  sig_NLO  = ( -0.19840117935964785            +-    1.2307965951480294E-004 ) fb
  sig_NNLO = ( -0.20237337452640292            +-    1.3076248814821551E-004 ) fb

  pp ---> HHW+ + X
  ===============

  PDFSET = PDF4LHC21_40                                NSET =  30
  Sqrt(S)  = 13.6 TeV
  LOOP     = 3
  alphaS(MZ) =   0.11800
          kl =   1.00000
          kv =   1.00000
         k2v =   1.00000
         kth =   1.00000
         kbh =   1.00000
        cHsq =  -2.00000
       chdup =   0.00000
         cHw =   0.00000
          cH =   0.00000
         cHb =   0.00000
        cHwb =   0.00000
      cHq1st =   0.00000
      cHq3st =   0.00000
      cHq1rd =   0.00000
      cHq3rd =   0.00000
       cHdst =   0.00000
       cHust =   0.00000
       cHdrd =   0.00000
       cHurd =   0.00000
         cth =   0.00000
         cbh =   0.00000
 --------------

  mH       = 125.0000      GeV
  fact_scale 1.0
  ren_scale  1.0
  Kqq      =   0.25178399570384580            +-   -2.6639764526445594E-004
  Kgq      =   -6.6019816486581576E-002       +-   -1.2548160152244610E-004
  K_nlo    =    1.1857641792172642            +-    2.9447128505693870E-004
  Kqq2     =    5.4927169577206038E-002       +-   -2.1972021904611620E-004
  Kgq2     =   -3.3867151945946063E-002       +-   -1.4624088354476576E-004
  Kqqs     =    1.6731709761325050E-003       +-   -3.5367599683323700E-006
  Kgg      =    9.4254570237977840E-004       +-   -1.6000689553405446E-006
  K_nnlo   =    1.2094399135270362            +-    3.9546400252418338E-004
  sig_LO   = ( -0.16718766087658299            +-    1.1256225261736107E-004 ) fb
  sig_NLO  = ( -0.19824513947457573            +-    1.2285783298563647E-004 ) fb
  sig_NNLO = ( -0.20220343011336203            +-    1.3054378168725141E-004 ) fb

  pp ---> HHW+ + X
  ===============

  PDFSET = PDF4LHC21_40                                NSET =  31
  Sqrt(S)  = 13.6 TeV
  LOOP     = 3
  alphaS(MZ) =   0.11800
          kl =   1.00000
          kv =   1.00000
         k2v =   1.00000
         kth =   1.00000
         kbh =   1.00000
        cHsq =  -2.00000
       chdup =   0.00000
         cHw =   0.00000
          cH =   0.00000
         cHb =   0.00000
        cHwb =   0.00000
      cHq1st =   0.00000
      cHq3st =   0.00000
      cHq1rd =   0.00000
      cHq3rd =   0.00000
       cHdst =   0.00000
       cHust =   0.00000
       cHdrd =   0.00000
       cHurd =   0.00000
         cth =   0.00000
         cbh =   0.00000
 --------------

  mH       = 125.0000      GeV
  fact_scale 1.0
  ren_scale  1.0
  Kqq      =   0.25185043053077921            +-   -2.6773075508805159E-004
  Kgq      =   -6.6072246462540424E-002       +-   -1.2579372040956452E-004
  K_nlo    =    1.1857781840682386            +-    2.9581044152378723E-004
  Kqq2     =    5.4948496594476891E-002       +-   -2.2063227230341095E-004
  Kgq2     =   -3.3895176958583330E-002       +-   -1.4662527716383884E-004
  Kqqs     =    1.6750985460676107E-003       +-   -3.5484893776021692E-006
  Kgg      =    9.4244774587774760E-004       +-   -1.6030261680311479E-006
  K_nnlo   =    1.2094490499960775            +-    3.9711024951440794E-004
  sig_LO   = ( -0.16655060515784975            +-    1.1300461195395681E-004 ) fb
  sig_NLO  = ( -0.19749207413954134            +-    1.2327741000934655E-004 ) fb
  sig_NNLO = ( -0.20143447118443322            +-    1.3093663866007484E-004 ) fb

  pp ---> HHW+ + X
  ===============

  PDFSET = PDF4LHC21_40                                NSET =  32
  Sqrt(S)  = 13.6 TeV
  LOOP     = 3
  alphaS(MZ) =   0.11800
          kl =   1.00000
          kv =   1.00000
         k2v =   1.00000
         kth =   1.00000
         kbh =   1.00000
        cHsq =  -2.00000
       chdup =   0.00000
         cHw =   0.00000
          cH =   0.00000
         cHb =   0.00000
        cHwb =   0.00000
      cHq1st =   0.00000
      cHq3st =   0.00000
      cHq1rd =   0.00000
      cHq3rd =   0.00000
       cHdst =   0.00000
       cHust =   0.00000
       cHdrd =   0.00000
       cHurd =   0.00000
         cth =   0.00000
         cbh =   0.00000
 --------------

  mH       = 125.0000      GeV
  fact_scale 1.0
  ren_scale  1.0
  Kqq      =   0.25177554322207785            +-   -2.6661210394285790E-004
  Kgq      =   -6.6049796872365965E-002       +-   -1.2568083288783618E-004
  K_nlo    =    1.1857257463497120            +-    2.9475020903167731E-004
  Kqq2     =    5.4924894552036946E-002       +-   -2.1989061423088177E-004
  Kgq2     =   -3.3883463232512540E-002       +-   -1.4645685925414708E-004
  Kqqs     =    1.6760520795806354E-003       +-   -3.5452438592447552E-006
  Kgg      =    9.4376320164886766E-004       +-   -1.6067884091868498E-006
  K_nnlo   =    1.2093869929504659            +-    3.9584634657484770E-004
  sig_LO   = ( -0.16706208522462099            +-    1.1266122038134778E-004 ) fb
  sig_NLO  = ( -0.19808981568970288            +-    1.2295236567852290E-004 ) fb
  sig_NNLO = ( -0.20204271288583880            +-    1.3063632205617890E-004 ) fb

  pp ---> HHW+ + X
  ===============

  PDFSET = PDF4LHC21_40                                NSET =  33
  Sqrt(S)  = 13.6 TeV
  LOOP     = 3
  alphaS(MZ) =   0.11800
          kl =   1.00000
          kv =   1.00000
         k2v =   1.00000
         kth =   1.00000
         kbh =   1.00000
        cHsq =  -2.00000
       chdup =   0.00000
         cHw =   0.00000
          cH =   0.00000
         cHb =   0.00000
        cHwb =   0.00000
      cHq1st =   0.00000
      cHq3st =   0.00000
      cHq1rd =   0.00000
      cHq3rd =   0.00000
       cHdst =   0.00000
       cHust =   0.00000
       cHdrd =   0.00000
       cHurd =   0.00000
         cth =   0.00000
         cbh =   0.00000
 --------------

  mH       = 125.0000      GeV
  fact_scale 1.0
  ren_scale  1.0
  Kqq      =   0.25177544853273398            +-   -2.6646505738211942E-004
  Kgq      =   -6.5989573276705626E-002       +-   -1.2555580438824640E-004
  K_nlo    =    1.1857858752560282            +-    2.9456389259587771E-004
  Kqq2     =    5.4924790825497297E-002       +-   -2.1978295909228621E-004
  Kgq2     =   -3.3853340773860124E-002       +-   -1.4634171867728037E-004
  Kqqs     =    1.6748202726551214E-003       +-   -3.5410806421401401E-006
  Kgg      =    9.4276306535861836E-004       +-   -1.6053304173542944E-006
  K_nnlo   =    1.2094749086456791            +-    3.9560517045645477E-004
  sig_LO   = ( -0.16695670896754777            +-    1.1246206253074852E-004 ) fb
  sig_NLO  = ( -0.19797490727294961            +-    1.2274498226889482E-004 ) fb
  sig_NNLO = ( -0.20192995032630809            +-    1.3042307168765970E-004 ) fb

  pp ---> HHW+ + X
  ===============

  PDFSET = PDF4LHC21_40                                NSET =  34
  Sqrt(S)  = 13.6 TeV
  LOOP     = 3
  alphaS(MZ) =   0.11800
          kl =   1.00000
          kv =   1.00000
         k2v =   1.00000
         kth =   1.00000
         kbh =   1.00000
        cHsq =  -2.00000
       chdup =   0.00000
         cHw =   0.00000
          cH =   0.00000
         cHb =   0.00000
        cHwb =   0.00000
      cHq1st =   0.00000
      cHq3st =   0.00000
      cHq1rd =   0.00000
      cHq3rd =   0.00000
       cHdst =   0.00000
       cHust =   0.00000
       cHdrd =   0.00000
       cHurd =   0.00000
         cth =   0.00000
         cbh =   0.00000
 --------------

  mH       = 125.0000      GeV
  fact_scale 1.0
  ren_scale  1.0
  Kqq      =   0.25169377569159423            +-   -2.6600691125960320E-004
  Kgq      =   -6.6055604827590916E-002       +-   -1.2572688312686018E-004
  K_nlo    =    1.1856381708640034            +-    2.9422257897494808E-004
  Kqq2     =    5.4900155327766126E-002       +-   -2.1932328820521520E-004
  Kgq2     =   -3.3886257091766278E-002       +-   -1.4643190502585266E-004
  Kqqs     =    1.6758662280401350E-003       +-   -3.5395455109499473E-006
  Kgg      =    9.4641888628867741E-004       +-   -1.6128641171207907E-006
  K_nnlo   =    1.2092743542143320            +-    3.9512917286680082E-004
  sig_LO   = ( -0.16746956003282876            +-    1.1223130317652557E-004 ) fb
  sig_NLO  = ( -0.19855830283272249            +-    1.2257131007410946E-004 ) fb
  sig_NNLO = ( -0.20251664405925734            +-    1.3028665851609120E-004 ) fb

  pp ---> HHW+ + X
  ===============

  PDFSET = PDF4LHC21_40                                NSET =  35
  Sqrt(S)  = 13.6 TeV
  LOOP     = 3
  alphaS(MZ) =   0.11800
          kl =   1.00000
          kv =   1.00000
         k2v =   1.00000
         kth =   1.00000
         kbh =   1.00000
        cHsq =  -2.00000
       chdup =   0.00000
         cHw =   0.00000
          cH =   0.00000
         cHb =   0.00000
        cHwb =   0.00000
      cHq1st =   0.00000
      cHq3st =   0.00000
      cHq1rd =   0.00000
      cHq3rd =   0.00000
       cHdst =   0.00000
       cHust =   0.00000
       cHdrd =   0.00000
       cHurd =   0.00000
         cth =   0.00000
         cbh =   0.00000
 --------------

  mH       = 125.0000      GeV
  fact_scale 1.0
  ren_scale  1.0
  Kqq      =   0.25174226506222941            +-   -2.6663213600881238E-004
  Kgq      =   -6.5992361792210713E-002       +-   -1.2552266961006912E-004
  K_nlo    =    1.1857499032700187            +-    2.9470092727825001E-004
  Kqq2     =    5.4910387317410762E-002       +-   -2.1992688631850468E-004
  Kgq2     =   -3.3854284059595209E-002       +-   -1.4624153444290050E-004
  Kqqs     =    1.6740849944882402E-003       +-   -3.5399412970021747E-006
  Kgg      =    9.4352166822906009E-004       +-   -1.6061036311810909E-006
  K_nnlo   =    1.2094236131905516            +-    3.9575013457216564E-004
  sig_LO   = ( -0.16716737397432399            +-    1.1273799110522070E-004 ) fb
  sig_NLO  = ( -0.19821869751995769            +-    1.2303184054194129E-004 ) fb
  sig_NNLO = ( -0.20217616943960307            +-    1.3071548704182397E-004 ) fb

  pp ---> HHW+ + X
  ===============

  PDFSET = PDF4LHC21_40                                NSET =  36
  Sqrt(S)  = 13.6 TeV
  LOOP     = 3
  alphaS(MZ) =   0.11800
          kl =   1.00000
          kv =   1.00000
         k2v =   1.00000
         kth =   1.00000
         kbh =   1.00000
        cHsq =  -2.00000
       chdup =   0.00000
         cHw =   0.00000
          cH =   0.00000
         cHb =   0.00000
        cHwb =   0.00000
      cHq1st =   0.00000
      cHq3st =   0.00000
      cHq1rd =   0.00000
      cHq3rd =   0.00000
       cHdst =   0.00000
       cHust =   0.00000
       cHdrd =   0.00000
       cHurd =   0.00000
         cth =   0.00000
         cbh =   0.00000
 --------------

  mH       = 125.0000      GeV
  fact_scale 1.0
  ren_scale  1.0
  Kqq      =   0.25184654317454475            +-   -2.6672885497345351E-004
  Kgq      =   -6.6236263414519089E-002       +-   -1.2605333721133600E-004
  K_nlo    =    1.1856102797600256            +-    2.9501478928617187E-004
  Kqq2     =    5.4950892002596410E-002       +-   -2.2000995570644130E-004
  Kgq2     =   -3.3977359372274342E-002       +-   -1.4681836703709132E-004
  Kqqs     =    1.6755493187173641E-003       +-   -3.5432699174792987E-006
  Kgg      =    9.4999806631256662E-004       +-   -1.6187256507491709E-006
  K_nnlo   =    1.2092093597753777            +-    3.9624350397374740E-004
  sig_LO   = ( -0.16673910141872678            +-    1.1250687742304035E-004 ) fb
  sig_NLO  = ( -0.19768759267999195            +-    1.2279048352133938E-004 ) fb
  sig_NNLO = ( -0.20162248207606037            +-    1.3047201996222186E-004 ) fb

  pp ---> HHW+ + X
  ===============

  PDFSET = PDF4LHC21_40                                NSET =  37
  Sqrt(S)  = 13.6 TeV
  LOOP     = 3
  alphaS(MZ) =   0.11800
          kl =   1.00000
          kv =   1.00000
         k2v =   1.00000
         kth =   1.00000
         kbh =   1.00000
        cHsq =  -2.00000
       chdup =   0.00000
         cHw =   0.00000
          cH =   0.00000
         cHb =   0.00000
        cHwb =   0.00000
      cHq1st =   0.00000
      cHq3st =   0.00000
      cHq1rd =   0.00000
      cHq3rd =   0.00000
       cHdst =   0.00000
       cHust =   0.00000
       cHdrd =   0.00000
       cHurd =   0.00000
         cth =   0.00000
         cbh =   0.00000
 --------------

  mH       = 125.0000      GeV
  fact_scale 1.0
  ren_scale  1.0
  Kqq      =   0.25174855150525749            +-   -2.6669503494563716E-004
  Kgq      =   -6.6063765865227039E-002       +-   -1.2563520892291052E-004
  K_nlo    =    1.1856847856400305            +-    2.9480577909151985E-004
  Kqq2     =    5.4914335321596487E-002       +-   -2.2001254279407022E-004
  Kgq2     =   -3.3891685042715523E-002       +-   -1.4636413230010800E-004
  Kqqs     =    1.6754504200249731E-003       +-   -3.5427227571869214E-006
  Kgg      =    9.4372871174659831E-004       +-   -1.6063463157014788E-006
  K_nnlo   =    1.2093266150506830            +-    3.9592114976274553E-004
  sig_LO   = ( -0.16700258075503768            +-    1.1266973705685685E-004 ) fb
  sig_NLO  = ( -0.19801241916386872            +-    1.2295686247855195E-004 ) fb
  sig_NNLO = ( -0.20196066568921806            +-    1.3063806762627592E-004 ) fb

  pp ---> HHW+ + X
  ===============

  PDFSET = PDF4LHC21_40                                NSET =  38
  Sqrt(S)  = 13.6 TeV
  LOOP     = 3
  alphaS(MZ) =   0.11800
          kl =   1.00000
          kv =   1.00000
         k2v =   1.00000
         kth =   1.00000
         kbh =   1.00000
        cHsq =  -2.00000
       chdup =   0.00000
         cHw =   0.00000
          cH =   0.00000
         cHb =   0.00000
        cHwb =   0.00000
      cHq1st =   0.00000
      cHq3st =   0.00000
      cHq1rd =   0.00000
      cHq3rd =   0.00000
       cHdst =   0.00000
       cHust =   0.00000
       cHdrd =   0.00000
       cHurd =   0.00000
         cth =   0.00000
         cbh =   0.00000
 --------------

  mH       = 125.0000      GeV
  fact_scale 1.0
  ren_scale  1.0
  Kqq      =   0.25150333937287295            +-   -2.6653706489348388E-004
  Kgq      =   -6.5684987776911577E-002       +-   -1.2496950934078456E-004
  K_nlo    =    1.1858183515959613            +-    2.9437966170730895E-004
  Kqq2     =    5.4816452131225706E-002       +-   -2.1979337330742401E-004
  Kgq2     =   -3.3695704800123086E-002       +-   -1.4561688893006050E-004
  Kqqs     =    1.6684844856198803E-003       +-   -3.5287203738842320E-006
  Kgg      =    9.3885175875768959E-004       +-   -1.5976110985208744E-006
  K_nnlo   =    1.2095464351714413            +-    3.9520601557559203E-004
  sig_LO   = ( -0.16784762095846342            +-    1.1319303158810698E-004 ) fb
  sig_NLO  = ( -0.19903678920426884            +-    1.2350749773209119E-004 ) fb
  sig_NNLO = ( -0.20301949158231680            +-    1.3119799400455870E-004 ) fb

  pp ---> HHW+ + X
  ===============

  PDFSET = PDF4LHC21_40                                NSET =  39
  Sqrt(S)  = 13.6 TeV
  LOOP     = 3
  alphaS(MZ) =   0.11800
          kl =   1.00000
          kv =   1.00000
         k2v =   1.00000
         kth =   1.00000
         kbh =   1.00000
        cHsq =  -2.00000
       chdup =   0.00000
         cHw =   0.00000
          cH =   0.00000
         cHb =   0.00000
        cHwb =   0.00000
      cHq1st =   0.00000
      cHq3st =   0.00000
      cHq1rd =   0.00000
      cHq3rd =   0.00000
       cHdst =   0.00000
       cHust =   0.00000
       cHdrd =   0.00000
       cHurd =   0.00000
         cth =   0.00000
         cbh =   0.00000
 --------------

  mH       = 125.0000      GeV
  fact_scale 1.0
  ren_scale  1.0
  Kqq      =   0.25174214702940012            +-   -2.6670389929408736E-004
  Kgq      =   -6.6184077410551156E-002       +-   -1.2595918365006765E-004
  K_nlo    =    1.1855580696188490            +-    2.9495200600175982E-004
  Kqq2     =    5.4909985490042140E-002       +-   -2.2000335254655342E-004
  Kgq2     =   -3.3950937006708343E-002       +-   -1.4674114719468391E-004
  Kqqs     =    1.6738596199257481E-003       +-   -3.5420698322952119E-006
  Kgg      =    9.4768527336613678E-004       +-   -1.6147516235248300E-006
  K_nnlo   =    1.2091386629954746            +-    3.9616445945806357E-004
  sig_LO   = ( -0.16684607536307722            +-    1.1256995849867495E-004 ) fb
  sig_NLO  = ( -0.19780571103093084            +-    1.2285672801026377E-004 ) fb
  sig_NNLO = ( -0.20174004049055344            +-    1.3054120157986946E-004 ) fb

  pp ---> HHW+ + X
  ===============

  PDFSET = PDF4LHC21_40                                NSET =  40
  Sqrt(S)  = 13.6 TeV
  LOOP     = 3
  alphaS(MZ) =   0.11800
          kl =   1.00000
          kv =   1.00000
         k2v =   1.00000
         kth =   1.00000
         kbh =   1.00000
        cHsq =  -2.00000
       chdup =   0.00000
         cHw =   0.00000
          cH =   0.00000
         cHb =   0.00000
        cHwb =   0.00000
      cHq1st =   0.00000
      cHq3st =   0.00000
      cHq1rd =   0.00000
      cHq3rd =   0.00000
       cHdst =   0.00000
       cHust =   0.00000
       cHdrd =   0.00000
       cHurd =   0.00000
         cth =   0.00000
         cbh =   0.00000
 --------------

  mH       = 125.0000      GeV
  fact_scale 1.0
  ren_scale  1.0
  Kqq      =   0.25180860565290980            +-   -2.6678712889145447E-004
  Kgq      =   -6.6016213041696192E-002       +-   -1.2558520247710743E-004
  K_nlo    =    1.1857923926112137            +-    2.9486779278748229E-004
  Kqq2     =    5.4937342627596246E-002       +-   -2.2004867321005457E-004
  Kgq2     =   -3.3867207833421765E-002       +-   -1.4634717987128674E-004
  Kqqs     =    1.6750950729092578E-003       +-   -3.5422860965487193E-006
  Kgg      =    9.4438545921005904E-004       +-   -1.6073063393530972E-006
  K_nnlo   =    1.2094820079375077            +-    3.9598113854779005E-004
  sig_LO   = ( -0.16685152019058797            +-    1.1261661679318083E-004 ) fb
  sig_NLO  = ( -0.19785126333761552            +-    1.2289449826454870E-004 ) fb
  sig_NNLO = ( -0.20180391166753789            +-    1.3056704996612911E-004 ) fb

  pp ---> HHW+ + X
  ===============

  PDFSET = PDF4LHC21_40                                NSET =  41
  Sqrt(S)  = 13.6 TeV
  LOOP     = 3
  alphaS(MZ) =   0.11700
          kl =   1.00000
          kv =   1.00000
         k2v =   1.00000
         kth =   1.00000
         kbh =   1.00000
        cHsq =  -2.00000
       chdup =   0.00000
         cHw =   0.00000
          cH =   0.00000
         cHb =   0.00000
        cHwb =   0.00000
      cHq1st =   0.00000
      cHq3st =   0.00000
      cHq1rd =   0.00000
      cHq3rd =   0.00000
       cHdst =   0.00000
       cHust =   0.00000
       cHdrd =   0.00000
       cHurd =   0.00000
         cth =   0.00000
         cbh =   0.00000
 --------------

  mH       = 125.0000      GeV
  fact_scale 1.0
  ren_scale  1.0
  Kqq      =   0.24989989504710450            +-   -2.6487208109012499E-004
  Kgq      =   -6.4786973349927154E-002       +-   -1.2324639252881566E-004
  K_nlo    =    1.1851129216971774            +-    2.9214190492358446E-004
  Kqq2     =    5.4117647795814919E-002       +-   -2.1720930399893797E-004
  Kgq2     =   -3.3018011444001204E-002       +-   -1.4278837029743118E-004
  Kqqs     =    1.6479882760826595E-003       +-   -3.4877909214787988E-006
  Kgg      =    9.0981004254646705E-004       +-   -1.5463115071562916E-006
  K_nnlo   =    1.2087703563676202            +-    3.9106246152381994E-004
  sig_LO   = ( -0.16749796906838091            +-    1.1315541815025083E-004 ) fb
  sig_NLO  = ( -0.19850400750097233            +-    1.2328261980577721E-004 ) fb
  sig_NNLO = ( -0.20246657976163940            +-    1.3074663544611250E-004 ) fb

  pp ---> HHW+ + X
  ===============

  PDFSET = PDF4LHC21_40                                NSET =  42
  Sqrt(S)  = 13.6 TeV
  LOOP     = 3
  alphaS(MZ) =   0.11900
          kl =   1.00000
          kv =   1.00000
         k2v =   1.00000
         kth =   1.00000
         kbh =   1.00000
        cHsq =  -2.00000
       chdup =   0.00000
         cHw =   0.00000
          cH =   0.00000
         cHb =   0.00000
        cHwb =   0.00000
      cHq1st =   0.00000
      cHq3st =   0.00000
      cHq1rd =   0.00000
      cHq3rd =   0.00000
       cHdst =   0.00000
       cHust =   0.00000
       cHdrd =   0.00000
       cHurd =   0.00000
         cth =   0.00000
         cbh =   0.00000
 --------------

  mH       = 125.0000      GeV
  fact_scale 1.0
  ren_scale  1.0
  Kqq      =   0.25353080792606669            +-   -2.6827881809064243E-004
  Kgq      =   -6.5323072635298698E-002       +-   -1.2429066591666227E-004
  K_nlo    =    1.1882077352907681            +-    2.9567159801056198E-004
  Kqq2     =    5.5687469180000441E-002       +-   -2.2275664830001901E-004
  Kgq2     =   -3.3733710108624880E-002       +-   -1.4579285619692635E-004
  Kqqs     =    1.7002089737596867E-003       +-   -3.5925467976333055E-006
  Kgg      =    9.2762106737793982E-004       +-   -1.5832703204761476E-006
  K_nnlo   =    1.2127893244032812            +-    3.9788589857826865E-004
  sig_LO   = ( -0.16770342027727866            +-    1.1305495228690721E-004 ) fb
  sig_NLO  = ( -0.19926650120818112            +-    1.2345083302017787E-004 ) fb
  sig_NNLO = ( -0.20338891777820031            +-    1.3127791723741776E-004 ) fb

