  pp ---> HHW+ + X
  ===============

  PDFSET = PDF4LHC21_40                                NSET =   0
  Sqrt(S)  = 13.6 TeV
  LOOP     = 3
  alphaS(MZ) =   0.11800
          kl =   1.00000
          kv =   1.00000
         k2v =   1.00000
         kth =   1.00000
         kbh =   1.00000
        cHsq =   0.00000
       chdup =   0.00000
         cHw =   0.00000
          cH = -15.00000
         cHb =   0.00000
        cHwb =   0.00000
      cHq1st =   0.00000
      cHq3st =   0.00000
      cHq1rd =   0.00000
      cHq3rd =   0.00000
       cHdst =   0.00000
       cHust =   0.00000
       cHdrd =   0.00000
       cHurd =   0.00000
         cth =   0.00000
         cbh =   0.00000
 --------------

  mH       = 125.0000      GeV
  fact_scale 0.5
  ren_scale  0.5
  Kqq      =   0.20426982120638937            +-    1.8980951504346188E-004
  Kgq      =   -2.0419589663485664E-002       +-    1.2963959044554047E-004
  K_nlo    =    1.1838502315429038            +-    2.2985664100025837E-004
  Kqq2     =    2.3743156462583251E-002       +-    1.7358358549341419E-004
  Kgq2     =   -1.7235522017285565E-002       +-    1.2846276367974374E-004
  Kqqs     =    1.4531202897855272E-003       +-    4.0104628324827603E-006
  Kgg      =    3.2731199720712460E-004       +-    1.7771944905111531E-006
  K_nnlo   =    1.1921382982751942            +-    3.1541601171991351E-004
  sig_LO   = (   1.4273481571684925            +-    8.2411919232898369E-004 ) fb
  sig_NLO  = (   1.6897664463562567            +-    8.8702452480124698E-004 ) fb
  sig_NNLO = (   1.7015964031330808            +-    9.3907406703874882E-004 ) fb

  mH       = 125.0000      GeV
  fact_scale 1.0
  ren_scale  0.5
  Kqq      =   0.27356827795787331            +-    2.4444110685080216E-004
  Kgq      =   -7.5816559622482890E-002       +-    1.3426207965832330E-004
  K_nlo    =    1.1977517183353903            +-    2.7888664498792917E-004
  Kqq2     =    4.2229975066233716E-002       +-    2.5734249672098046E-004
  Kgq2     =   -3.6353602782996756E-002       +-    1.8038636117130878E-004
  Kqqs     =    2.0738229248501239E-003       +-    3.9430038803823878E-006
  Kgg      =    1.2868282236613211E-003       +-    2.1185903684514200E-006
  K_nnlo   =    1.2069887417671386            +-    4.2019304655430335E-004
  sig_LO   = (   1.4156840120358798            +-    8.1575600993666092E-004 ) fb
  sig_NLO  = (   1.6956379580359147            +-    9.0627646983525384E-004 ) fb
  sig_NNLO = (   1.7087146644270417            +-    1.0096122894345221E-003 ) fb

  mH       = 125.0000      GeV
  fact_scale 0.5
  ren_scale  1.0
  Kqq      =   0.18761688967301859            +-    1.7440519963569088E-004
  Kgq      =   -1.8760767705726586E-002       +-    1.1902720368209870E-004
  K_nlo    =    1.1688561219672919            +-    2.1115077285282431E-004
  Kqq2     =    3.4635913929565935E-002       +-    1.2783044553155707E-004
  Kgq2     =   -1.5958816212238672E-002       +-    1.1049781300144572E-004
  Kqqs     =    1.2233990677803317E-003       +-    3.3799610978435483E-006
  Kgg      =    2.7559885058242773E-004       +-    1.4951049842387284E-006
  K_nnlo   =    1.1890322176029822            +-    2.7046015942312220E-004
  sig_LO   = (   1.4273481571684925            +-    8.2411919232898369E-004 ) fb
  sig_NLO  = (   1.6683646316851251            +-    8.7749972259048572E-004 ) fb
  sig_NNLO = (   1.6971629446095824            +-    9.1005491606748303E-004 ) fb

  mH       = 125.0000      GeV
  fact_scale 1.0
  ren_scale  1.0
  Kqq      =   0.25126635203669895            +-    2.2461671052868379E-004
  Kgq      =   -6.9603481411851395E-002       +-    1.2324779038027105E-004
  K_nlo    =    1.1816628706248475            +-    2.5620828339916287E-004
  Kqq2     =    5.5206605243724859E-002       +-    1.9198806427482256E-004
  Kgq2     =   -3.6089270157010092E-002       +-    1.3983996112836575E-004
  Kqqs     =    1.7481564573728853E-003       +-    3.3260909692059514E-006
  Kgg      =    1.0830268999799256E-003       +-    1.7817268601761647E-006
  K_nnlo   =    1.2036113890689151            +-    3.4938739740646298E-004
  sig_LO   = (   1.4156840120358798            +-    8.1575600993666092E-004 ) fb
  sig_NLO  = (   1.6728612335600188            +-    8.9275774457069144E-004 ) fb
  sig_NNLO = (   1.7039334002091600            +-    9.5399630057275780E-004 ) fb

  mH       = 125.0000      GeV
  fact_scale 1.5
  ren_scale  1.0
  Kqq      =   0.28947046243497926            +-    2.6880921136479183E-004
  Kgq      =   -9.8002525748352026E-002       +-    1.1117851364665898E-004
  K_nlo    =    1.1914679366866272            +-    2.9089354412094071E-004
  Kqq2     =    6.7027808502441000E-002       +-    2.4524376266531710E-004
  Kgq2     =   -4.9739910887992816E-002       +-    1.5469611605369509E-004
  Kqqs     =    3.1147694093655218E-003       +-    4.1490431337395242E-006
  Kgg      =    1.8122567405954185E-003       +-    1.9783601103961471E-006
  K_nnlo   =    1.2136828604510363            +-    4.1075001391020598E-004
  sig_LO   = (   1.4071148082395002            +-    8.1025928337817414E-004 ) fb
  sig_NLO  = (   1.6765321772543165            +-    9.0777941757929791E-004 ) fb
  sig_NNLO = (   1.7077911254471281            +-    9.9527495333671554E-004 ) fb

  mH       = 125.0000      GeV
  fact_scale 2.0
  ren_scale  1.0
  Kqq      =   0.31698691063678497            +-    3.0539552833849960E-004
  Kgq      =  -0.11769440829871550            +-    1.2958727910514941E-004
  K_nlo    =    1.1992925023380696            +-    3.3175185249675274E-004
  Kqq2     =    7.5321979116596716E-002       +-    2.8905503701724927E-004
  Kgq2     =   -6.0267803586796391E-002       +-    1.7365819799055942E-004
  Kqqs     =    4.5258068095354901E-003       +-    4.8722581030185332E-006
  Kgg      =    2.4284823736258677E-003       +-    2.3394986100430763E-006
  K_nnlo   =    1.2213009670510313            +-    4.7307344878165346E-004
  sig_LO   = (   1.4004337027251654            +-    8.0603552796854570E-004 ) fb
  sig_NLO  = (   1.6795296396998316            +-    9.3034571912559334E-004 ) fb
  sig_NNLO = (   1.7103510354291005            +-    1.0433648088994303E-003 ) fb

  mH       = 125.0000      GeV
  fact_scale 1.0
  ren_scale  1.5
  Kqq      =   0.23985939901307557            +-    2.1447328514469726E-004
  Kgq      =   -6.6427820711528099E-002       +-    1.1761934088806937E-004
  K_nlo    =    1.1734315783015474            +-    2.4460805258965306E-004
  Kqq2     =    6.0765331087367765E-002       +-    1.6968752022347488E-004
  Kgq2     =   -3.5782511370268326E-002       +-    1.2249517878438446E-004
  Kqqs     =    1.5924316539355466E-003       +-    3.0308705775324686E-006
  Kgg      =    9.8574746112835526E-004       +-    1.6210770058181863E-006
  K_nnlo   =    1.2009925771337107            +-    3.2193762874791376E-004
  sig_LO   = (   1.4156840120358798            +-    8.1575600993666092E-004 ) fb
  sig_NLO  = (   1.6612083246195295            +-    8.8621275399124947E-004 ) fb
  sig_NNLO = (   1.7002259900219627            +-    9.3443931122490415E-004 ) fb

  mH       = 125.0000      GeV
  fact_scale 1.5
  ren_scale  1.5
  Kqq      =   0.27632839794224612            +-    2.5665907860068424E-004
  Kgq      =   -9.3526071672983255E-002       +-    1.0612035364478280E-004
  K_nlo    =    1.1828023262692628            +-    2.7773262697394053E-004
  Kqq2     =    7.3148784215495644E-002       +-    2.1379443391199022E-004
  Kgq2     =   -4.9411220337677531E-002       +-    1.3961435775461183E-004
  Kqqs     =    2.8372745274641352E-003       +-    3.7790884142620907E-006
  Kgg      =    1.6493408236516723E-003       +-    1.8008192909780673E-006
  K_nnlo   =    1.2110265054981968            +-    3.7729718446893911E-004
  sig_LO   = (   1.4071148082395002            +-    8.1025928337817414E-004 ) fb
  sig_NLO  = (   1.6643386685136086            +-    8.9958105187076679E-004 ) fb
  sig_NNLO = (   1.7040533290570472            +-    9.6869778559471539E-004 ) fb

  mH       = 125.0000      GeV
  fact_scale 2.0
  ren_scale  1.5
  Kqq      =   0.30259389809327958            +-    2.9161322658123010E-004
  Kgq      =  -0.11231550302274769            +-    1.2369518338050691E-004
  K_nlo    =    1.1902783950705320            +-    3.1676295918028842E-004
  Kqq2     =    8.1856536968846538E-002       +-    2.5101877622641896E-004
  Kgq2     =   -5.9850013470185856E-002       +-    1.5969124419643163E-004
  Kqqs     =    4.1224155969561997E-003       +-    4.4371242797159960E-006
  Kgg      =    2.2100718362424790E-003       +-    2.1290513914270813E-006
  K_nnlo   =    1.2186174060023913            +-    4.3459718444965493E-004
  sig_LO   = (   1.4004337027251654            +-    8.0603552796854570E-004 ) fb
  sig_NLO  = (   1.6669059800823924            +-    9.2004300611612296E-004 ) fb
  sig_NNLO = (   1.7065928860932653            +-    1.0100084693534625E-003 ) fb

  mH       = 125.0000      GeV
  fact_scale 1.0
  ren_scale  2.0
  Kqq      =   0.23238570376142914            +-    2.0782589128416789E-004
  Kgq      =   -6.4347987158635225E-002       +-    1.1393347034234475E-004
  K_nlo    =    1.1680377166027940            +-    2.3700725042139265E-004
  Kqq2     =    6.3985000727158237E-002       +-    1.6497637785346130E-004
  Kgq2     =   -3.5526329609366594E-002       +-    1.1344288718883489E-004
  Kqqs     =    1.4943758391286186E-003       +-    2.8448976064877013E-006
  Kgg      =    9.2455409962644074E-004       +-    1.5200704367188093E-006
  K_nnlo   =    1.1989153176593408            +-    3.1027300029525526E-004
  sig_LO   = (   1.4156840120358798            +-    8.1575600993666092E-004 ) fb
  sig_NLO  = (   1.6535723208494713            +-    8.8206376596496646E-004 ) fb
  sig_NNLO = (   1.6972852469952469            +-    9.2649723973652347E-004 ) fb

  mH       = 125.0000      GeV
  fact_scale 1.5
  ren_scale  2.0
  Kqq      =   0.26771773862519965            +-    2.4869616773280195E-004
  Kgq      =   -9.0594562525215000E-002       +-    1.0280703135761913E-004
  K_nlo    =    1.1771231760999847            +-    2.6910791430492792E-004
  Kqq2     =    7.6662038154646839E-002       +-    2.0164558640071965E-004
  Kgq2     =   -4.9118254386168042E-002       +-    1.3310000821732391E-004
  Kqqs     =    2.6625454808588685E-003       +-    3.5461688453625894E-006
  Kgg      =    1.5468694186525228E-003       +-    1.6891302684471889E-006
  K_nnlo   =    1.2088763747679747            +-    3.6167810649586442E-004
  sig_LO   = (   1.4071148082395002            +-    8.1025928337817414E-004 ) fb
  sig_NLO  = (   1.6563474522122013            +-    8.9437567180165802E-004 ) fb
  sig_NNLO = (   1.7010278482669012            +-    9.5682931545025703E-004 ) fb

  mH       = 125.0000      GeV
  fact_scale 2.0
  ren_scale  2.0
  Kqq      =   0.29316390803144615            +-    2.8258093016049783E-004
  Kgq      =  -0.10879315140054870            +-    1.1983532053462776E-004
  K_nlo    =    1.1843707566308974            +-    3.0694052540843986E-004
  Kqq2     =    8.5616394284697375E-002       +-    2.3359191160957389E-004
  Kgq2     =   -5.9479768051813348E-002       +-    1.5381486413733382E-004
  Kqqs     =    3.8684270397920280E-003       +-    4.1632232940614304E-006
  Kgg      =    2.0727028053573286E-003       +-    1.9967033782902643E-006
  K_nnlo   =    1.2164485127089308            +-    4.1528062679300082E-004
  sig_LO   = (   1.4004337027251654            +-    8.0603552796854570E-004 ) fb
  sig_NLO  = (   1.6586327241080134            +-    9.1349010475908648E-004 ) fb
  sig_NNLO = (   1.7035554948274885            +-    9.9394185454568999E-004 ) fb

  pp ---> HHW+ + X
  ===============

  PDFSET = PDF4LHC21_40                                NSET =   1
  Sqrt(S)  = 13.6 TeV
  LOOP     = 3
  alphaS(MZ) =   0.11800
          kl =   1.00000
          kv =   1.00000
         k2v =   1.00000
         kth =   1.00000
         kbh =   1.00000
        cHsq =   0.00000
       chdup =   0.00000
         cHw =   0.00000
          cH = -15.00000
         cHb =   0.00000
        cHwb =   0.00000
      cHq1st =   0.00000
      cHq3st =   0.00000
      cHq1rd =   0.00000
      cHq3rd =   0.00000
       cHdst =   0.00000
       cHust =   0.00000
       cHdrd =   0.00000
       cHurd =   0.00000
         cth =   0.00000
         cbh =   0.00000
 --------------

  mH       = 125.0000      GeV
  fact_scale 1.0
  ren_scale  1.0
  Kqq      =   0.25136525725859699            +-    2.2521795321553455E-004
  Kgq      =   -6.9614435886063711E-002       +-    1.2337050030463543E-004
  K_nlo    =    1.1817508213725332            +-    2.5679448357784240E-004
  Kqq2     =    5.5243480394112005E-002       +-    1.9223789867793369E-004
  Kgq2     =   -3.6096425745772036E-002       +-    1.3991571626883719E-004
  Kqqs     =    1.7485775797394427E-003       +-    3.3274382945081455E-006
  Kgg      =    1.0827823506399047E-003       +-    1.7804186139864503E-006
  K_nnlo   =    1.2037292359512524            +-    3.4998495093244337E-004
  sig_LO   = (   1.4163125763721360            +-    8.1976451261303368E-004 ) fb
  sig_NLO  = (   1.6737285504480206            +-    8.9682353906275433E-004 ) fb
  sig_NNLO = (   1.7048568554245815            +-    9.5797731511518313E-004 ) fb

  pp ---> HHW+ + X
  ===============

  PDFSET = PDF4LHC21_40                                NSET =   2
  Sqrt(S)  = 13.6 TeV
  LOOP     = 3
  alphaS(MZ) =   0.11800
          kl =   1.00000
          kv =   1.00000
         k2v =   1.00000
         kth =   1.00000
         kbh =   1.00000
        cHsq =   0.00000
       chdup =   0.00000
         cHw =   0.00000
          cH = -15.00000
         cHb =   0.00000
        cHwb =   0.00000
      cHq1st =   0.00000
      cHq3st =   0.00000
      cHq1rd =   0.00000
      cHq3rd =   0.00000
       cHdst =   0.00000
       cHust =   0.00000
       cHdrd =   0.00000
       cHurd =   0.00000
         cth =   0.00000
         cbh =   0.00000
 --------------

  mH       = 125.0000      GeV
  fact_scale 1.0
  ren_scale  1.0
  Kqq      =   0.25128073489703040            +-    2.2440088708330897E-004
  Kgq      =   -6.9550053151157296E-002       +-    1.2305861825038188E-004
  K_nlo    =    1.1817306817458730            +-    2.5592807905634192E-004
  Kqq2     =    5.5217908190529720E-002       +-    1.9178257409121200E-004
  Kgq2     =   -3.6061634797974529E-002       +-    1.3958485406087234E-004
  Kqqs     =    1.7557472140167204E-003       +-    3.3371804646995423E-006
  Kgg      =    1.0810137680905092E-003       +-    1.7706254317233046E-006
  K_nnlo   =    1.2037237161205354            +-    3.4896696225515233E-004
  sig_LO   = (   1.4128592835738736            +-    8.1265515021732666E-004 ) fb
  sig_NLO  = (   1.6696191643887395            +-    8.8946949546974644E-004 ) fb
  sig_NNLO = (   1.7006922271789406            +-    9.5052513390441438E-004 ) fb

  pp ---> HHW+ + X
  ===============

  PDFSET = PDF4LHC21_40                                NSET =   3
  Sqrt(S)  = 13.6 TeV
  LOOP     = 3
  alphaS(MZ) =   0.11800
          kl =   1.00000
          kv =   1.00000
         k2v =   1.00000
         kth =   1.00000
         kbh =   1.00000
        cHsq =   0.00000
       chdup =   0.00000
         cHw =   0.00000
          cH = -15.00000
         cHb =   0.00000
        cHwb =   0.00000
      cHq1st =   0.00000
      cHq3st =   0.00000
      cHq1rd =   0.00000
      cHq3rd =   0.00000
       cHdst =   0.00000
       cHust =   0.00000
       cHdrd =   0.00000
       cHurd =   0.00000
         cth =   0.00000
         cbh =   0.00000
 --------------

  mH       = 125.0000      GeV
  fact_scale 1.0
  ren_scale  1.0
  Kqq      =   0.25118711295341350            +-    2.2379897297966327E-004
  Kgq      =   -6.9390256741936468E-002       +-    1.2294759203943079E-004
  K_nlo    =    1.1817968562114771            +-    2.5534700056011300E-004
  Kqq2     =    5.5183364730966467E-002       +-    1.9148322157489132E-004
  Kgq2     =   -3.5979084342684382E-002       +-    1.3949989750843003E-004
  Kqqs     =    1.7457459760815090E-003       +-    3.3168399713870576E-006
  Kgg      =    1.0787948449187412E-003       +-    1.7735412775248938E-006
  K_nnlo   =    1.2038256774207594            +-    3.4834219256453367E-004
  sig_LO   = (   1.4174785825429008            +-    8.1086982912371411E-004 ) fb
  sig_NLO  = (   1.6751717325963009            +-    8.8798473477143995E-004 ) fb
  sig_NNLO = (   1.7063971148591255            +-    9.4937680611130177E-004 ) fb

  pp ---> HHW+ + X
  ===============

  PDFSET = PDF4LHC21_40                                NSET =   4
  Sqrt(S)  = 13.6 TeV
  LOOP     = 3
  alphaS(MZ) =   0.11800
          kl =   1.00000
          kv =   1.00000
         k2v =   1.00000
         kth =   1.00000
         kbh =   1.00000
        cHsq =   0.00000
       chdup =   0.00000
         cHw =   0.00000
          cH = -15.00000
         cHb =   0.00000
        cHwb =   0.00000
      cHq1st =   0.00000
      cHq3st =   0.00000
      cHq1rd =   0.00000
      cHq3rd =   0.00000
       cHdst =   0.00000
       cHust =   0.00000
       cHdrd =   0.00000
       cHurd =   0.00000
         cth =   0.00000
         cbh =   0.00000
 --------------

  mH       = 125.0000      GeV
  fact_scale 1.0
  ren_scale  1.0
  Kqq      =   0.25169990947769116            +-    2.2476429546280756E-004
  Kgq      =   -7.0277889802563109E-002       +-    1.2454685923606645E-004
  K_nlo    =    1.1814220196751282            +-    2.5696480043083879E-004
  Kqq2     =    5.5377194919553320E-002       +-    1.9212584553089098E-004
  Kgq2     =   -3.6438180676500891E-002       +-    1.4134008134038096E-004
  Kqqs     =    1.7618926842931342E-003       +-    3.3537959328031961E-006
  Kgg      =    1.0987040789272576E-003       +-    1.8125855561850927E-006
  K_nnlo   =    1.2032216306814010            +-    3.5062059435846533E-004
  sig_LO   = (   1.3989541288344922            +-    8.0626994668355411E-004 ) fb
  sig_NLO  = (   1.6527552123205052            +-    8.8277885827751999E-004 ) fb
  sig_NNLO = (   1.6832518681447164            +-    9.4374973622634586E-004 ) fb

  pp ---> HHW+ + X
  ===============

  PDFSET = PDF4LHC21_40                                NSET =   5
  Sqrt(S)  = 13.6 TeV
  LOOP     = 3
  alphaS(MZ) =   0.11800
          kl =   1.00000
          kv =   1.00000
         k2v =   1.00000
         kth =   1.00000
         kbh =   1.00000
        cHsq =   0.00000
       chdup =   0.00000
         cHw =   0.00000
          cH = -15.00000
         cHb =   0.00000
        cHwb =   0.00000
      cHq1st =   0.00000
      cHq3st =   0.00000
      cHq1rd =   0.00000
      cHq3rd =   0.00000
       cHdst =   0.00000
       cHust =   0.00000
       cHdrd =   0.00000
       cHurd =   0.00000
         cth =   0.00000
         cbh =   0.00000
 --------------

  mH       = 125.0000      GeV
  fact_scale 1.0
  ren_scale  1.0
  Kqq      =   0.25130247388185317            +-    2.2457972051177292E-004
  Kgq      =   -6.9440984613396595E-002       +-    1.2295074943458680E-004
  K_nlo    =    1.1818614892684567            +-    2.5603307921374648E-004
  Kqq2     =    5.5219704323624982E-002       +-    1.9197428057909422E-004
  Kgq2     =   -3.6005157611826440E-002       +-    1.3951963579077127E-004
  Kqqs     =    1.7454711822234555E-003       +-    3.3228866401178314E-006
  Kgg      =    1.0766499116963886E-003       +-    1.7713830475760933E-006
  K_nnlo   =    1.2038981570741747            +-    3.4912314475016857E-004
  sig_LO   = (   1.4154794316122907            +-    8.1559226647659705E-004 ) fb
  sig_NLO  = (   1.6729006290741701            +-    8.9248609650787705E-004 ) fb
  sig_NNLO = (   1.7040930790944373            +-    9.5362533904175587E-004 ) fb

  pp ---> HHW+ + X
  ===============

  PDFSET = PDF4LHC21_40                                NSET =   6
  Sqrt(S)  = 13.6 TeV
  LOOP     = 3
  alphaS(MZ) =   0.11800
          kl =   1.00000
          kv =   1.00000
         k2v =   1.00000
         kth =   1.00000
         kbh =   1.00000
        cHsq =   0.00000
       chdup =   0.00000
         cHw =   0.00000
          cH = -15.00000
         cHb =   0.00000
        cHwb =   0.00000
      cHq1st =   0.00000
      cHq3st =   0.00000
      cHq1rd =   0.00000
      cHq3rd =   0.00000
       cHdst =   0.00000
       cHust =   0.00000
       cHdrd =   0.00000
       cHurd =   0.00000
         cth =   0.00000
         cbh =   0.00000
 --------------

  mH       = 125.0000      GeV
  fact_scale 1.0
  ren_scale  1.0
  Kqq      =   0.25136427003148487            +-    2.2400859458780937E-004
  Kgq      =   -6.9529538963630830E-002       +-    1.2312829737861559E-004
  K_nlo    =    1.1818347310678541            +-    2.5561773816494489E-004
  Kqq2     =    5.5249741039826446E-002       +-    1.9164116272982882E-004
  Kgq2     =   -3.6053805829221533E-002       +-    1.3969473954190519E-004
  Kqqs     =    1.7451924010552960E-003       +-    3.3136986010563167E-006
  Kgg      =    1.0876278153370341E-003       +-    1.7910392847723878E-006
  K_nnlo   =    1.2038634864948514            +-    3.4870556633472601E-004
  sig_LO   = (   1.4143885538591574            +-    8.1092297252897418E-004 ) fb
  sig_NLO  = (   1.6715735161755882            +-    8.8786782000114227E-004 ) fb
  sig_NNLO = (   1.7027307357072958            +-    9.4912981140289079E-004 ) fb

  pp ---> HHW+ + X
  ===============

  PDFSET = PDF4LHC21_40                                NSET =   7
  Sqrt(S)  = 13.6 TeV
  LOOP     = 3
  alphaS(MZ) =   0.11800
          kl =   1.00000
          kv =   1.00000
         k2v =   1.00000
         kth =   1.00000
         kbh =   1.00000
        cHsq =   0.00000
       chdup =   0.00000
         cHw =   0.00000
          cH = -15.00000
         cHb =   0.00000
        cHwb =   0.00000
      cHq1st =   0.00000
      cHq3st =   0.00000
      cHq1rd =   0.00000
      cHq3rd =   0.00000
       cHdst =   0.00000
       cHust =   0.00000
       cHdrd =   0.00000
       cHurd =   0.00000
         cth =   0.00000
         cbh =   0.00000
 --------------

  mH       = 125.0000      GeV
  fact_scale 1.0
  ren_scale  1.0
  Kqq      =   0.25131329148847453            +-    2.2411378805402003E-004
  Kgq      =   -6.9371933600412453E-002       +-    1.2297693546776104E-004
  K_nlo    =    1.1819413578880622            +-    2.5563707996486754E-004
  Kqq2     =    5.5225874418573649E-002       +-    1.9171466146106225E-004
  Kgq2     =   -3.5970064189465398E-002       +-    1.3949339521550225E-004
  Kqqs     =    1.7440930701441359E-003       +-    3.3196655200327633E-006
  Kgg      =    1.0763727800337148E-003       +-    1.7683181740680201E-006
  K_nnlo   =    1.2040176339673485            +-    3.4867948392351922E-004
  sig_LO   = (   1.4167035080070440            +-    8.1338168876113218E-004 ) fb
  sig_NLO  = (   1.6744604679786268            +-    8.9036568227004195E-004 ) fb
  sig_NNLO = (   1.7057360057438833            +-    9.5163097621016454E-004 ) fb

  pp ---> HHW+ + X
  ===============

  PDFSET = PDF4LHC21_40                                NSET =   8
  Sqrt(S)  = 13.6 TeV
  LOOP     = 3
  alphaS(MZ) =   0.11800
          kl =   1.00000
          kv =   1.00000
         k2v =   1.00000
         kth =   1.00000
         kbh =   1.00000
        cHsq =   0.00000
       chdup =   0.00000
         cHw =   0.00000
          cH = -15.00000
         cHb =   0.00000
        cHwb =   0.00000
      cHq1st =   0.00000
      cHq3st =   0.00000
      cHq1rd =   0.00000
      cHq3rd =   0.00000
       cHdst =   0.00000
       cHust =   0.00000
       cHdrd =   0.00000
       cHurd =   0.00000
         cth =   0.00000
         cbh =   0.00000
 --------------

  mH       = 125.0000      GeV
  fact_scale 1.0
  ren_scale  1.0
  Kqq      =   0.25112311854754610            +-    2.2463954894098398E-004
  Kgq      =   -6.9213768657865202E-002       +-    1.2290870940323819E-004
  K_nlo    =    1.1819093498896811            +-    2.5606537797128761E-004
  Kqq2     =    5.5147199311246661E-002       +-    1.9198508262678032E-004
  Kgq2     =   -3.5880960989118679E-002       +-    1.3942748260338352E-004
  Kqqs     =    1.7480487891770027E-003       +-    3.3268012492637684E-006
  Kgg      =    1.0835905190225328E-003       +-    1.7924215374767119E-006
  K_nnlo   =    1.2040072275200087            +-    3.4911610251236905E-004
  sig_LO   = (   1.4150570153948760            +-    8.1591078539436184E-004 ) fb
  sig_NLO  = (   1.6724691171221902            +-    8.9275183420948958E-004 ) fb
  sig_NNLO = (   1.7037388738883226            +-    9.5381621387874177E-004 ) fb

  pp ---> HHW+ + X
  ===============

  PDFSET = PDF4LHC21_40                                NSET =   9
  Sqrt(S)  = 13.6 TeV
  LOOP     = 3
  alphaS(MZ) =   0.11800
          kl =   1.00000
          kv =   1.00000
         k2v =   1.00000
         kth =   1.00000
         kbh =   1.00000
        cHsq =   0.00000
       chdup =   0.00000
         cHw =   0.00000
          cH = -15.00000
         cHb =   0.00000
        cHwb =   0.00000
      cHq1st =   0.00000
      cHq3st =   0.00000
      cHq1rd =   0.00000
      cHq3rd =   0.00000
       cHdst =   0.00000
       cHust =   0.00000
       cHdrd =   0.00000
       cHurd =   0.00000
         cth =   0.00000
         cbh =   0.00000
 --------------

  mH       = 125.0000      GeV
  fact_scale 1.0
  ren_scale  1.0
  Kqq      =   0.25133846095088541            +-    2.2415738194443973E-004
  Kgq      =   -6.9534171181385648E-002       +-    1.2310666080759744E-004
  K_nlo    =    1.1818042897694998            +-    2.5573772075191076E-004
  Kqq2     =    5.5236225945032774E-002       +-    1.9170529980208219E-004
  Kgq2     =   -3.6053176417744588E-002       +-    1.3965514559923913E-004
  Kqqs     =    1.7489673548280245E-003       +-    3.3202396110020822E-006
  Kgg      =    1.0822612549527910E-003       +-    1.7800580393502607E-006
  K_nnlo   =    1.2038185679065689            +-    3.4881292418376803E-004
  sig_LO   = (   1.4206140263652118            +-    8.1581849780779840E-004 ) fb
  sig_NLO  = (   1.6788877504651285            +-    8.9305657647452440E-004 ) fb
  sig_NNLO = (   1.7101615427669539            +-    9.5451995686751147E-004 ) fb

  pp ---> HHW+ + X
  ===============

  PDFSET = PDF4LHC21_40                                NSET =  10
  Sqrt(S)  = 13.6 TeV
  LOOP     = 3
  alphaS(MZ) =   0.11800
          kl =   1.00000
          kv =   1.00000
         k2v =   1.00000
         kth =   1.00000
         kbh =   1.00000
        cHsq =   0.00000
       chdup =   0.00000
         cHw =   0.00000
          cH = -15.00000
         cHb =   0.00000
        cHwb =   0.00000
      cHq1st =   0.00000
      cHq3st =   0.00000
      cHq1rd =   0.00000
      cHq3rd =   0.00000
       cHdst =   0.00000
       cHust =   0.00000
       cHdrd =   0.00000
       cHurd =   0.00000
         cth =   0.00000
         cbh =   0.00000
 --------------

  mH       = 125.0000      GeV
  fact_scale 1.0
  ren_scale  1.0
  Kqq      =   0.25128562507825197            +-    2.2478018869103608E-004
  Kgq      =   -6.9447555010981793E-002       +-    1.2297330494473726E-004
  K_nlo    =    1.1818380700672702            +-    2.5621976301021189E-004
  Kqq2     =    5.5211987437570109E-002       +-    1.9209427694837265E-004
  Kgq2     =   -3.6014830338871012E-002       +-    1.3959448464971754E-004
  Kqqs     =    1.7481145245797618E-003       +-    3.3275391702371302E-006
  Kgg      =    1.0774582400944065E-003       +-    1.7783766238321800E-006
  K_nnlo   =    1.2038607999306432            +-    3.4935602682405968E-004
  sig_LO   = (   1.4139682212478268            +-    8.1582197691209429E-004 ) fb
  sig_NLO  = (   1.6710814737359825            +-    8.9264611151423999E-004 ) fb
  sig_NNLO = (   1.7022209139079176            +-    9.5371907733642601E-004 ) fb

  pp ---> HHW+ + X
  ===============

  PDFSET = PDF4LHC21_40                                NSET =  11
  Sqrt(S)  = 13.6 TeV
  LOOP     = 3
  alphaS(MZ) =   0.11800
          kl =   1.00000
          kv =   1.00000
         k2v =   1.00000
         kth =   1.00000
         kbh =   1.00000
        cHsq =   0.00000
       chdup =   0.00000
         cHw =   0.00000
          cH = -15.00000
         cHb =   0.00000
        cHwb =   0.00000
      cHq1st =   0.00000
      cHq3st =   0.00000
      cHq1rd =   0.00000
      cHq3rd =   0.00000
       cHdst =   0.00000
       cHust =   0.00000
       cHdrd =   0.00000
       cHurd =   0.00000
         cth =   0.00000
         cbh =   0.00000
 --------------

  mH       = 125.0000      GeV
  fact_scale 1.0
  ren_scale  1.0
  Kqq      =   0.25107844553586900            +-    2.2443357634753693E-004
  Kgq      =   -6.9519024420718348E-002       +-    1.2311090558879439E-004
  K_nlo    =    1.1815594211151506            +-    2.5598188464623573E-004
  Kqq2     =    5.5129979222135181E-002       +-    1.9187164920891732E-004
  Kgq2     =   -3.6046675093240561E-002       +-    1.3967911439872392E-004
  Kqqs     =    1.7466735751462434E-003       +-    3.3219228345147491E-006
  Kgg      =    1.0805412383937331E-003       +-    1.7779433699445913E-006
  K_nnlo   =    1.2034699400575850            +-    3.4909297656977509E-004
  sig_LO   = (   1.4190868346544343            +-    8.1695339253502416E-004 ) fb
  sig_NLO  = (   1.6767354188664250            +-    8.9407552964901316E-004 ) fb
  sig_NNLO = (   1.7078283478380805            +-    9.5541996779797045E-004 ) fb

  pp ---> HHW+ + X
  ===============

  PDFSET = PDF4LHC21_40                                NSET =  12
  Sqrt(S)  = 13.6 TeV
  LOOP     = 3
  alphaS(MZ) =   0.11800
          kl =   1.00000
          kv =   1.00000
         k2v =   1.00000
         kth =   1.00000
         kbh =   1.00000
        cHsq =   0.00000
       chdup =   0.00000
         cHw =   0.00000
          cH = -15.00000
         cHb =   0.00000
        cHwb =   0.00000
      cHq1st =   0.00000
      cHq3st =   0.00000
      cHq1rd =   0.00000
      cHq3rd =   0.00000
       cHdst =   0.00000
       cHust =   0.00000
       cHdrd =   0.00000
       cHurd =   0.00000
         cth =   0.00000
         cbh =   0.00000
 --------------

  mH       = 125.0000      GeV
  fact_scale 1.0
  ren_scale  1.0
  Kqq      =   0.25111729826689505            +-    2.2430412754377146E-004
  Kgq      =   -6.9538314384996330E-002       +-    1.2309244203727009E-004
  K_nlo    =    1.1815789838818986            +-    2.5585951403039756E-004
  Kqq2     =    5.5149271142367930E-002       +-    1.9184528657552333E-004
  Kgq2     =   -3.6053836049083347E-002       +-    1.3964162180702744E-004
  Kqqs     =    1.7471484012715269E-003       +-    3.3181635181942652E-006
  Kgg      =    1.0819577210329913E-003       +-    1.7798740818079250E-006
  K_nnlo   =    1.2035035250974877            +-    3.4897373196688216E-004
  sig_LO   = (   1.4229910186154660            +-    8.1769264401331779E-004 ) fb
  sig_NLO  = (   1.6813762818487303            +-    8.9508643320748227E-004 ) fb
  sig_NNLO = (   1.7125747070857784            +-    9.5667099802947792E-004 ) fb

  pp ---> HHW+ + X
  ===============

  PDFSET = PDF4LHC21_40                                NSET =  13
  Sqrt(S)  = 13.6 TeV
  LOOP     = 3
  alphaS(MZ) =   0.11800
          kl =   1.00000
          kv =   1.00000
         k2v =   1.00000
         kth =   1.00000
         kbh =   1.00000
        cHsq =   0.00000
       chdup =   0.00000
         cHw =   0.00000
          cH = -15.00000
         cHb =   0.00000
        cHwb =   0.00000
      cHq1st =   0.00000
      cHq3st =   0.00000
      cHq1rd =   0.00000
      cHq3rd =   0.00000
       cHdst =   0.00000
       cHust =   0.00000
       cHdrd =   0.00000
       cHurd =   0.00000
         cth =   0.00000
         cbh =   0.00000
 --------------

  mH       = 125.0000      GeV
  fact_scale 1.0
  ren_scale  1.0
  Kqq      =   0.25131234737357644            +-    2.2464188381869627E-004
  Kgq      =   -6.9566876056238347E-002       +-    1.2317049842238025E-004
  K_nlo    =    1.1817454713173383            +-    2.5619318423258301E-004
  Kqq2     =    5.5220277575829153E-002       +-    1.9201828547770234E-004
  Kgq2     =   -3.6070993094070837E-002       +-    1.3976655757949412E-004
  Kqqs     =    1.7453363488686127E-003       +-    3.3206729592308170E-006
  Kgg      =    1.0791271178494199E-003       +-    1.7745789801133797E-006
  K_nnlo   =    1.2037192192658148            +-    3.4936347293629239E-004
  sig_LO   = (   1.4148073591557708            +-    8.1572853692727786E-004 ) fb
  sig_NLO  = (   1.6719421894687747            +-    8.9263273467101486E-004 ) fb
  sig_NNLO = (   1.7030308097745133            +-    9.5379649499707385E-004 ) fb

  pp ---> HHW+ + X
  ===============

  PDFSET = PDF4LHC21_40                                NSET =  14
  Sqrt(S)  = 13.6 TeV
  LOOP     = 3
  alphaS(MZ) =   0.11800
          kl =   1.00000
          kv =   1.00000
         k2v =   1.00000
         kth =   1.00000
         kbh =   1.00000
        cHsq =   0.00000
       chdup =   0.00000
         cHw =   0.00000
          cH = -15.00000
         cHb =   0.00000
        cHwb =   0.00000
      cHq1st =   0.00000
      cHq3st =   0.00000
      cHq1rd =   0.00000
      cHq3rd =   0.00000
       cHdst =   0.00000
       cHust =   0.00000
       cHdrd =   0.00000
       cHurd =   0.00000
         cth =   0.00000
         cbh =   0.00000
 --------------

  mH       = 125.0000      GeV
  fact_scale 1.0
  ren_scale  1.0
  Kqq      =   0.25128376973685002            +-    2.2384430315011458E-004
  Kgq      =   -6.9407724109340152E-002       +-    1.2293191905318914E-004
  K_nlo    =    1.1818760456275097            +-    2.5537918626007921E-004
  Kqq2     =    5.5216353926072090E-002       +-    1.9156780164207899E-004
  Kgq2     =   -3.5988783536598845E-002       +-    1.3947793502065372E-004
  Kqqs     =    1.7461286363765526E-003       +-    3.3168590471423936E-006
  Kgg      =    1.0773953726874979E-003       +-    1.7707236187993073E-006
  K_nnlo   =    1.2039271400260469            +-    3.4840347698399571E-004
  sig_LO   = (   1.4189792314512872            +-    8.1318518097414931E-004 ) fb
  sig_NLO  = (   1.6770575628952102            +-    8.9027399184072025E-004 ) fb
  sig_NNLO = (   1.7083476078775064            +-    9.5167171405867847E-004 ) fb

  pp ---> HHW+ + X
  ===============

  PDFSET = PDF4LHC21_40                                NSET =  15
  Sqrt(S)  = 13.6 TeV
  LOOP     = 3
  alphaS(MZ) =   0.11800
          kl =   1.00000
          kv =   1.00000
         k2v =   1.00000
         kth =   1.00000
         kbh =   1.00000
        cHsq =   0.00000
       chdup =   0.00000
         cHw =   0.00000
          cH = -15.00000
         cHb =   0.00000
        cHwb =   0.00000
      cHq1st =   0.00000
      cHq3st =   0.00000
      cHq1rd =   0.00000
      cHq3rd =   0.00000
       cHdst =   0.00000
       cHust =   0.00000
       cHdrd =   0.00000
       cHurd =   0.00000
         cth =   0.00000
         cbh =   0.00000
 --------------

  mH       = 125.0000      GeV
  fact_scale 1.0
  ren_scale  1.0
  Kqq      =   0.25131265190548191            +-    2.2440635608734656E-004
  Kgq      =   -6.9424530977965401E-002       +-    1.2283581211749447E-004
  K_nlo    =    1.1818881209275167            +-    2.5582581846046222E-004
  Kqq2     =    5.5227355597163311E-002       +-    1.9184098834133087E-004
  Kgq2     =   -3.6006765669403529E-002       +-    1.3936582282372722E-004
  Kqqs     =    1.7448355040060269E-003       +-    3.3179892035194541E-006
  Kgg      =    1.0740843651679194E-003       +-    1.7637493776660754E-006
  K_nnlo   =    1.2039276307244504            +-    3.4883630349248407E-004
  sig_LO   = (   1.4166934212273707            +-    8.1495401882160129E-004 ) fb
  sig_NLO  = (   1.6743731255447920            +-    8.9190986360921786E-004 ) fb
  sig_NNLO = (   1.7055963540811843            +-    9.5308858851367545E-004 ) fb

  pp ---> HHW+ + X
  ===============

  PDFSET = PDF4LHC21_40                                NSET =  16
  Sqrt(S)  = 13.6 TeV
  LOOP     = 3
  alphaS(MZ) =   0.11800
          kl =   1.00000
          kv =   1.00000
         k2v =   1.00000
         kth =   1.00000
         kbh =   1.00000
        cHsq =   0.00000
       chdup =   0.00000
         cHw =   0.00000
          cH = -15.00000
         cHb =   0.00000
        cHwb =   0.00000
      cHq1st =   0.00000
      cHq3st =   0.00000
      cHq1rd =   0.00000
      cHq3rd =   0.00000
       cHdst =   0.00000
       cHust =   0.00000
       cHdrd =   0.00000
       cHurd =   0.00000
         cth =   0.00000
         cbh =   0.00000
 --------------

  mH       = 125.0000      GeV
  fact_scale 1.0
  ren_scale  1.0
  Kqq      =   0.25109109514974204            +-    2.2463283560096096E-004
  Kgq      =   -6.9622759238096715E-002       +-    1.2331274286068777E-004
  K_nlo    =    1.1814683359116454            +-    2.5625366998728908E-004
  Kqq2     =    5.5134991595512495E-002       +-    1.9200050573188419E-004
  Kgq2     =   -3.6098521976297433E-002       +-    1.3992723694055469E-004
  Kqqs     =    1.7417203314346855E-003       +-    3.3136661507106860E-006
  Kgg      =    1.0832483866131007E-003       +-    1.7851846151567001E-006
  K_nnlo   =    1.2033297742489082            +-    3.4946235346391811E-004
  sig_LO   = (   1.4192806655934880            +-    8.1806436924462280E-004 ) fb
  sig_NLO  = (   1.6768351661703105            +-    8.9526756047990787E-004 ) fb
  sig_NNLO = (   1.7078626829244519            +-    9.5667684866882993E-004 ) fb

  pp ---> HHW+ + X
  ===============

  PDFSET = PDF4LHC21_40                                NSET =  17
  Sqrt(S)  = 13.6 TeV
  LOOP     = 3
  alphaS(MZ) =   0.11800
          kl =   1.00000
          kv =   1.00000
         k2v =   1.00000
         kth =   1.00000
         kbh =   1.00000
        cHsq =   0.00000
       chdup =   0.00000
         cHw =   0.00000
          cH = -15.00000
         cHb =   0.00000
        cHwb =   0.00000
      cHq1st =   0.00000
      cHq3st =   0.00000
      cHq1rd =   0.00000
      cHq3rd =   0.00000
       cHdst =   0.00000
       cHust =   0.00000
       cHdrd =   0.00000
       cHurd =   0.00000
         cth =   0.00000
         cbh =   0.00000
 --------------

  mH       = 125.0000      GeV
  fact_scale 1.0
  ren_scale  1.0
  Kqq      =   0.25155143708596711            +-    2.2445815023152717E-004
  Kgq      =   -6.9166816015700336E-002       +-    1.2246989752317324E-004
  K_nlo    =    1.1823846210702667            +-    2.5569578996279029E-004
  Kqq2     =    5.5314571331845148E-002       +-    1.9184779059415387E-004
  Kgq2     =   -3.5862363799330055E-002       +-    1.3895752862130159E-004
  Kqqs     =    1.7393170319484020E-003       +-    3.3067826957460851E-006
  Kgg      =    1.0755333101855242E-003       +-    1.7679293077372394E-006
  K_nnlo   =    1.2046516789449158            +-    3.4858165027282716E-004
  sig_LO   = (   1.4231716975179260            +-    8.1876820447328118E-004 ) fb
  sig_NLO  = (   1.6827363282876613            +-    8.9599322720115859E-004 ) fb
  sig_NNLO = (   1.7144261748418552            +-    9.5733389560101717E-004 ) fb

  pp ---> HHW+ + X
  ===============

  PDFSET = PDF4LHC21_40                                NSET =  18
  Sqrt(S)  = 13.6 TeV
  LOOP     = 3
  alphaS(MZ) =   0.11800
          kl =   1.00000
          kv =   1.00000
         k2v =   1.00000
         kth =   1.00000
         kbh =   1.00000
        cHsq =   0.00000
       chdup =   0.00000
         cHw =   0.00000
          cH = -15.00000
         cHb =   0.00000
        cHwb =   0.00000
      cHq1st =   0.00000
      cHq3st =   0.00000
      cHq1rd =   0.00000
      cHq3rd =   0.00000
       cHdst =   0.00000
       cHust =   0.00000
       cHdrd =   0.00000
       cHurd =   0.00000
         cth =   0.00000
         cbh =   0.00000
 --------------

  mH       = 125.0000      GeV
  fact_scale 1.0
  ren_scale  1.0
  Kqq      =   0.25119550732257895            +-    2.2430978285888632E-004
  Kgq      =   -6.9271040978715837E-002       +-    1.2259884905990875E-004
  K_nlo    =    1.1819244663438631            +-    2.5562737818358782E-004
  Kqq2     =    5.5176344534953334E-002       +-    1.9180314654060522E-004
  Kgq2     =   -3.5917159643911206E-002       +-    1.3908675707732430E-004
  Kqqs     =    1.7448766124482269E-003       +-    3.3183088274781103E-006
  Kgg      =    1.0714326906650958E-003       +-    1.7591093057630200E-006
  K_nnlo   =    1.2039999605380185            +-    3.4855851034396317E-004
  sig_LO   = (   1.4244789448612809            +-    8.1923941647695528E-004 ) fb
  sig_NLO  = (   1.6836265167232387            +-    8.9652000280279330E-004 ) fb
  sig_NNLO = (   1.7150725934002207            +-    9.5795596503010024E-004 ) fb

  pp ---> HHW+ + X
  ===============

  PDFSET = PDF4LHC21_40                                NSET =  19
  Sqrt(S)  = 13.6 TeV
  LOOP     = 3
  alphaS(MZ) =   0.11800
          kl =   1.00000
          kv =   1.00000
         k2v =   1.00000
         kth =   1.00000
         kbh =   1.00000
        cHsq =   0.00000
       chdup =   0.00000
         cHw =   0.00000
          cH = -15.00000
         cHb =   0.00000
        cHwb =   0.00000
      cHq1st =   0.00000
      cHq3st =   0.00000
      cHq1rd =   0.00000
      cHq3rd =   0.00000
       cHdst =   0.00000
       cHust =   0.00000
       cHdrd =   0.00000
       cHurd =   0.00000
         cth =   0.00000
         cbh =   0.00000
 --------------

  mH       = 125.0000      GeV
  fact_scale 1.0
  ren_scale  1.0
  Kqq      =   0.25152624198317214            +-    2.2435722994496927E-004
  Kgq      =   -7.0012922741510719E-002       +-    1.2399817884990068E-004
  K_nlo    =    1.1815133192416614            +-    2.5634296359890938E-004
  Kqq2     =    5.5308298411572102E-002       +-    1.9173007147680547E-004
  Kgq2     =   -3.6300510763900354E-002       +-    1.4070702968072346E-004
  Kqqs     =    1.7543087760151571E-003       +-    3.3374580172308371E-006
  Kgg      =    1.0907035638923848E-003       +-    1.7969033538579331E-006
  K_nnlo   =    1.2033661192292406            +-    3.4969268077045105E-004
  sig_LO   = (   1.4079238224997364            +-    8.0999664587725164E-004 ) fb
  sig_NLO  = (   1.6634807487610712            +-    8.8676466993744965E-004 ) fb
  sig_NNLO = (   1.6942478264519061            +-    9.4788917479646554E-004 ) fb

  pp ---> HHW+ + X
  ===============

  PDFSET = PDF4LHC21_40                                NSET =  20
  Sqrt(S)  = 13.6 TeV
  LOOP     = 3
  alphaS(MZ) =   0.11800
          kl =   1.00000
          kv =   1.00000
         k2v =   1.00000
         kth =   1.00000
         kbh =   1.00000
        cHsq =   0.00000
       chdup =   0.00000
         cHw =   0.00000
          cH = -15.00000
         cHb =   0.00000
        cHwb =   0.00000
      cHq1st =   0.00000
      cHq3st =   0.00000
      cHq1rd =   0.00000
      cHq3rd =   0.00000
       cHdst =   0.00000
       cHust =   0.00000
       cHdrd =   0.00000
       cHurd =   0.00000
         cth =   0.00000
         cbh =   0.00000
 --------------

  mH       = 125.0000      GeV
  fact_scale 1.0
  ren_scale  1.0
  Kqq      =   0.25120352343721319            +-    2.2453597452814079E-004
  Kgq      =   -6.9483811799514253E-002       +-    1.2303248336337894E-004
  K_nlo    =    1.1817197116376990            +-    2.5603397395631308E-004
  Kqq2     =    5.5183079405166174E-002       +-    1.9188692756119923E-004
  Kgq2     =   -3.6028173329325772E-002       +-    1.3958811091576521E-004
  Kqqs     =    1.7460732154533532E-003       +-    3.3212839745872704E-006
  Kgg      =    1.0823366181618079E-003       +-    1.7803962317794561E-006
  K_nnlo   =    1.2037030275471545            +-    3.4910317992787302E-004
  sig_LO   = (   1.4198979839120534            +-    8.1770367035723817E-004 ) fb
  sig_NLO  = (   1.6779214361035020            +-    8.9487550420507141E-004 ) fb
  sig_NNLO = (   1.7091355020430397            +-    9.5621585544462123E-004 ) fb

  pp ---> HHW+ + X
  ===============

  PDFSET = PDF4LHC21_40                                NSET =  21
  Sqrt(S)  = 13.6 TeV
  LOOP     = 3
  alphaS(MZ) =   0.11800
          kl =   1.00000
          kv =   1.00000
         k2v =   1.00000
         kth =   1.00000
         kbh =   1.00000
        cHsq =   0.00000
       chdup =   0.00000
         cHw =   0.00000
          cH = -15.00000
         cHb =   0.00000
        cHwb =   0.00000
      cHq1st =   0.00000
      cHq3st =   0.00000
      cHq1rd =   0.00000
      cHq3rd =   0.00000
       cHdst =   0.00000
       cHust =   0.00000
       cHdrd =   0.00000
       cHurd =   0.00000
         cth =   0.00000
         cbh =   0.00000
 --------------

  mH       = 125.0000      GeV
  fact_scale 1.0
  ren_scale  1.0
  Kqq      =   0.25160270427409948            +-    2.2490228526713380E-004
  Kgq      =   -7.0136785804379195E-002       +-    1.2422091766817821E-004
  K_nlo    =    1.1814659184697205            +-    2.5692776086811548E-004
  Kqq2     =    5.5348741842510520E-002       +-    1.9200903643386879E-004
  Kgq2     =   -3.6364221606665331E-002       +-    1.4094437763044623E-004
  Kqqs     =    1.7613172618832320E-003       +-    3.3501504612650547E-006
  Kgg      =    1.0917631394083496E-003       +-    1.7963634532974703E-006
  K_nnlo   =    1.2033035191068573            +-    3.5036996502607013E-004
  sig_LO   = (   1.4042703477247058            +-    8.0891353264984597E-004 ) fb
  sig_NLO  = (   1.6590975561543631            +-    8.8572844764379336E-004 ) fb
  sig_NNLO = (   1.6897634511945481            +-    9.4679407987264652E-004 ) fb

  pp ---> HHW+ + X
  ===============

  PDFSET = PDF4LHC21_40                                NSET =  22
  Sqrt(S)  = 13.6 TeV
  LOOP     = 3
  alphaS(MZ) =   0.11800
          kl =   1.00000
          kv =   1.00000
         k2v =   1.00000
         kth =   1.00000
         kbh =   1.00000
        cHsq =   0.00000
       chdup =   0.00000
         cHw =   0.00000
          cH = -15.00000
         cHb =   0.00000
        cHwb =   0.00000
      cHq1st =   0.00000
      cHq3st =   0.00000
      cHq1rd =   0.00000
      cHq3rd =   0.00000
       cHdst =   0.00000
       cHust =   0.00000
       cHdrd =   0.00000
       cHurd =   0.00000
         cth =   0.00000
         cbh =   0.00000
 --------------

  mH       = 125.0000      GeV
  fact_scale 1.0
  ren_scale  1.0
  Kqq      =   0.25129514437392286            +-    2.2454293121169030E-004
  Kgq      =   -6.9760591383330295E-002       +-    1.2365166082793026E-004
  K_nlo    =    1.1815345529905925            +-    2.5633817738027903E-004
  Kqq2     =    5.5217962939719839E-002       +-    1.9199891290338846E-004
  Kgq2     =   -3.6169779712995724E-002       +-    1.4030761979033963E-004
  Kqqs     =    1.7484112159276137E-003       +-    3.3259375297201303E-006
  Kgg      =    1.0898156674692310E-003       +-    1.7994791726562813E-006
  K_nnlo   =    1.2034209631007136            +-    3.4967609568814007E-004
  sig_LO   = (   1.4122720611622870            +-    8.1327925519323588E-004 ) fb
  sig_NLO  = (   1.6686482384864856            +-    8.9021406498181177E-004 ) fb
  sig_NNLO = (   1.6995578040041492            +-    9.5147196504929911E-004 ) fb

  pp ---> HHW+ + X
  ===============

  PDFSET = PDF4LHC21_40                                NSET =  23
  Sqrt(S)  = 13.6 TeV
  LOOP     = 3
  alphaS(MZ) =   0.11800
          kl =   1.00000
          kv =   1.00000
         k2v =   1.00000
         kth =   1.00000
         kbh =   1.00000
        cHsq =   0.00000
       chdup =   0.00000
         cHw =   0.00000
          cH = -15.00000
         cHb =   0.00000
        cHwb =   0.00000
      cHq1st =   0.00000
      cHq3st =   0.00000
      cHq1rd =   0.00000
      cHq3rd =   0.00000
       cHdst =   0.00000
       cHust =   0.00000
       cHdrd =   0.00000
       cHurd =   0.00000
         cth =   0.00000
         cbh =   0.00000
 --------------

  mH       = 125.0000      GeV
  fact_scale 1.0
  ren_scale  1.0
  Kqq      =   0.25129913290798400            +-    2.2458513436093272E-004
  Kgq      =   -6.9611506559967687E-002       +-    1.2327821742861710E-004
  K_nlo    =    1.1816876263480165            +-    2.5619524091656271E-004
  Kqq2     =    5.5220421913523436E-002       +-    1.9199586558778359E-004
  Kgq2     =   -3.6092318439363037E-002       +-    1.3986099951129248E-004
  Kqqs     =    1.7491275118507942E-003       +-    3.3273085445034878E-006
  Kgg      =    1.0838557261318607E-003       +-    1.7831388990644064E-006
  K_nnlo   =    1.2036487130601596            +-    3.4939056029303266E-004
  sig_LO   = (   1.4151443571282636            +-    8.1504316555406774E-004 ) fb
  sig_NLO  = (   1.6722585763146873            +-    8.9204272344091959E-004 ) fb
  sig_NNLO = (   1.7033366842517810            +-    9.5329133873381638E-004 ) fb

  pp ---> HHW+ + X
  ===============

  PDFSET = PDF4LHC21_40                                NSET =  24
  Sqrt(S)  = 13.6 TeV
  LOOP     = 3
  alphaS(MZ) =   0.11800
          kl =   1.00000
          kv =   1.00000
         k2v =   1.00000
         kth =   1.00000
         kbh =   1.00000
        cHsq =   0.00000
       chdup =   0.00000
         cHw =   0.00000
          cH = -15.00000
         cHb =   0.00000
        cHwb =   0.00000
      cHq1st =   0.00000
      cHq3st =   0.00000
      cHq1rd =   0.00000
      cHq3rd =   0.00000
       cHdst =   0.00000
       cHust =   0.00000
       cHdrd =   0.00000
       cHurd =   0.00000
         cth =   0.00000
         cbh =   0.00000
 --------------

  mH       = 125.0000      GeV
  fact_scale 1.0
  ren_scale  1.0
  Kqq      =   0.25117605225571327            +-    2.2525669914867901E-004
  Kgq      =   -6.9479082583498497E-002       +-    1.2300204729155643E-004
  K_nlo    =    1.1816969696722146            +-    2.5665167864105773E-004
  Kqq2     =    5.5167128200018942E-002       +-    1.9225714383483398E-004
  Kgq2     =   -3.6025115720598876E-002       +-    1.3957497427740360E-004
  Kqqs     =    1.7461666185592459E-003       +-    3.3236038524255784E-006
  Kgg      =    1.0824408153212561E-003       +-    1.7814455494281990E-006
  K_nnlo   =    1.2036675895855151            +-    3.4975460946233734E-004
  sig_LO   = (   1.4181366410079626            +-    8.2075256695931988E-004 ) fb
  sig_NLO  = (   1.6758077712602428            +-    8.9783454046624242E-004 ) fb
  sig_NNLO = (   1.7069651123849536            +-    9.5898415242067164E-004 ) fb

  pp ---> HHW+ + X
  ===============

  PDFSET = PDF4LHC21_40                                NSET =  25
  Sqrt(S)  = 13.6 TeV
  LOOP     = 3
  alphaS(MZ) =   0.11800
          kl =   1.00000
          kv =   1.00000
         k2v =   1.00000
         kth =   1.00000
         kbh =   1.00000
        cHsq =   0.00000
       chdup =   0.00000
         cHw =   0.00000
          cH = -15.00000
         cHb =   0.00000
        cHwb =   0.00000
      cHq1st =   0.00000
      cHq3st =   0.00000
      cHq1rd =   0.00000
      cHq3rd =   0.00000
       cHdst =   0.00000
       cHust =   0.00000
       cHdrd =   0.00000
       cHurd =   0.00000
         cth =   0.00000
         cbh =   0.00000
 --------------

  mH       = 125.0000      GeV
  fact_scale 1.0
  ren_scale  1.0
  Kqq      =   0.25126979789870107            +-    2.2461547663722622E-004
  Kgq      =   -6.9674098962034345E-002       +-    1.2340363968627499E-004
  K_nlo    =    1.1815956989366667            +-    2.5628220896657710E-004
  Kqq2     =    5.5210050034219291E-002       +-    1.9191246199386024E-004
  Kgq2     =   -3.6126928137488100E-002       +-    1.3998541425314887E-004
  Kqqs     =    1.7473882788569739E-003       +-    3.3245549348194206E-006
  Kgg      =    1.0898079200053303E-003       +-    1.7948427131722723E-006
  K_nnlo   =    1.2035160170322601            +-    3.4945837238623787E-004
  sig_LO   = (   1.4128572508948114            +-    8.1410732715547166E-004 ) fb
  sig_NLO  = (   1.6694260508687921            +-    8.9099945935052275E-004 ) fb
  sig_NNLO = (   1.7003963312320725            +-    9.5212645600771257E-004 ) fb

  pp ---> HHW+ + X
  ===============

  PDFSET = PDF4LHC21_40                                NSET =  26
  Sqrt(S)  = 13.6 TeV
  LOOP     = 3
  alphaS(MZ) =   0.11800
          kl =   1.00000
          kv =   1.00000
         k2v =   1.00000
         kth =   1.00000
         kbh =   1.00000
        cHsq =   0.00000
       chdup =   0.00000
         cHw =   0.00000
          cH = -15.00000
         cHb =   0.00000
        cHwb =   0.00000
      cHq1st =   0.00000
      cHq3st =   0.00000
      cHq1rd =   0.00000
      cHq3rd =   0.00000
       cHdst =   0.00000
       cHust =   0.00000
       cHdrd =   0.00000
       cHurd =   0.00000
         cth =   0.00000
         cbh =   0.00000
 --------------

  mH       = 125.0000      GeV
  fact_scale 1.0
  ren_scale  1.0
  Kqq      =   0.25122331461721420            +-    2.2444861363852059E-004
  Kgq      =   -6.9498490230507692E-002       +-    1.2310737625242108E-004
  K_nlo    =    1.1817248243867065            +-    2.5599337150014075E-004
  Kqq2     =    5.5191461141806460E-002       +-    1.9185503539974330E-004
  Kgq2     =   -3.6034084442571591E-002       +-    1.3967694626670229E-004
  Kqqs     =    1.7481414961730078E-003       +-    3.3201326532953286E-006
  Kgg      =    1.0815087477839408E-003       +-    1.7782419663154170E-006
  K_nnlo   =    1.2037118513298986            +-    3.4909138574872240E-004
  sig_LO   = (   1.4175048295646469            +-    8.1564686096691316E-004 ) fb
  sig_NLO  = (   1.6751006457845907            +-    8.9272379512816307E-004 ) fb
  sig_NNLO = (   1.7062673626643332            +-    9.5401528594691199E-004 ) fb

  pp ---> HHW+ + X
  ===============

  PDFSET = PDF4LHC21_40                                NSET =  27
  Sqrt(S)  = 13.6 TeV
  LOOP     = 3
  alphaS(MZ) =   0.11800
          kl =   1.00000
          kv =   1.00000
         k2v =   1.00000
         kth =   1.00000
         kbh =   1.00000
        cHsq =   0.00000
       chdup =   0.00000
         cHw =   0.00000
          cH = -15.00000
         cHb =   0.00000
        cHwb =   0.00000
      cHq1st =   0.00000
      cHq3st =   0.00000
      cHq1rd =   0.00000
      cHq3rd =   0.00000
       cHdst =   0.00000
       cHust =   0.00000
       cHdrd =   0.00000
       cHurd =   0.00000
         cth =   0.00000
         cbh =   0.00000
 --------------

  mH       = 125.0000      GeV
  fact_scale 1.0
  ren_scale  1.0
  Kqq      =   0.25128680812479420            +-    2.2477634288423179E-004
  Kgq      =   -6.9675975330675280E-002       +-    1.2339093868391000E-004
  K_nlo    =    1.1816108327941188            +-    2.5641709784978491E-004
  Kqq2     =    5.5213654077419322E-002       +-    1.9208794621463195E-004
  Kgq2     =   -3.6126385646094383E-002       +-    1.4002051837018174E-004
  Kqqs     =    1.7489345218221369E-003       +-    3.3284373082721813E-006
  Kgg      =    1.0832974313402096E-003       +-    1.7825903727081184E-006
  K_nnlo   =    1.2035303331786060            +-    3.4966771203339303E-004
  sig_LO   = (   1.4156598228714889            +-    8.1657571903555575E-004 ) fb
  sig_NLO  = (   1.6727589822563549            +-    8.9362433785763302E-004 ) fb
  sig_NNLO = (   1.7037895382880899            +-    9.5489859723302771E-004 ) fb

  pp ---> HHW+ + X
  ===============

  PDFSET = PDF4LHC21_40                                NSET =  28
  Sqrt(S)  = 13.6 TeV
  LOOP     = 3
  alphaS(MZ) =   0.11800
          kl =   1.00000
          kv =   1.00000
         k2v =   1.00000
         kth =   1.00000
         kbh =   1.00000
        cHsq =   0.00000
       chdup =   0.00000
         cHw =   0.00000
          cH = -15.00000
         cHb =   0.00000
        cHwb =   0.00000
      cHq1st =   0.00000
      cHq3st =   0.00000
      cHq1rd =   0.00000
      cHq3rd =   0.00000
       cHdst =   0.00000
       cHust =   0.00000
       cHdrd =   0.00000
       cHurd =   0.00000
         cth =   0.00000
         cbh =   0.00000
 --------------

  mH       = 125.0000      GeV
  fact_scale 1.0
  ren_scale  1.0
  Kqq      =   0.25126306528169257            +-    2.2465337529304030E-004
  Kgq      =   -6.9383615816669464E-002       +-    1.2286296291435261E-004
  K_nlo    =    1.1818794494650231            +-    2.5605555390705590E-004
  Kqq2     =    5.5207309942769976E-002       +-    1.9198186511401016E-004
  Kgq2     =   -3.5975444320462853E-002       +-    1.3938197287448770E-004
  Kqqs     =    1.7487041468399298E-003       +-    3.3271003407623757E-006
  Kgg      =    1.0782118298846679E-003       +-    1.7716454916876320E-006
  K_nnlo   =    1.2039382310640547            +-    3.4908885101949809E-004
  sig_LO   = (   1.4173568284723688            +-    8.1672337123362857E-004 ) fb
  sig_NLO  = (   1.6751449081304144            +-    8.9372787073650241E-004 ) fb
  sig_NNLO = (   1.7064100728575824            +-    9.5490719134090532E-004 ) fb

  pp ---> HHW+ + X
  ===============

  PDFSET = PDF4LHC21_40                                NSET =  29
  Sqrt(S)  = 13.6 TeV
  LOOP     = 3
  alphaS(MZ) =   0.11800
          kl =   1.00000
          kv =   1.00000
         k2v =   1.00000
         kth =   1.00000
         kbh =   1.00000
        cHsq =   0.00000
       chdup =   0.00000
         cHw =   0.00000
          cH = -15.00000
         cHb =   0.00000
        cHwb =   0.00000
      cHq1st =   0.00000
      cHq3st =   0.00000
      cHq1rd =   0.00000
      cHq3rd =   0.00000
       cHdst =   0.00000
       cHust =   0.00000
       cHdrd =   0.00000
       cHurd =   0.00000
         cth =   0.00000
         cbh =   0.00000
 --------------

  mH       = 125.0000      GeV
  fact_scale 1.0
  ren_scale  1.0
  Kqq      =   0.25126407341462470            +-    2.2455022549345497E-004
  Kgq      =   -6.9431050505418063E-002       +-    1.2291497281408310E-004
  K_nlo    =    1.1818330229092067            +-    2.5599002775703641E-004
  Kqq2     =    5.5206408345447718E-002       +-    1.9188460873823942E-004
  Kgq2     =   -3.6000976920719130E-002       +-    1.3945009486076004E-004
  Kqqs     =    1.7496157403239566E-003       +-    3.3286896107726933E-006
  Kgg      =    1.0789605669189021E-003       +-    1.7736615408017191E-006
  K_nnlo   =    1.2038670306411783            +-    3.4901454466560085E-004
  sig_LO   = (   1.4189984038597936            +-    8.1724159054329657E-004 ) fb
  sig_NLO  = (   1.6770191731369593            +-    8.9433437457636590E-004 ) fb
  sig_NNLO = (   1.7082853949392611            +-    9.5559272252466771E-004 ) fb

  pp ---> HHW+ + X
  ===============

  PDFSET = PDF4LHC21_40                                NSET =  30
  Sqrt(S)  = 13.6 TeV
  LOOP     = 3
  alphaS(MZ) =   0.11800
          kl =   1.00000
          kv =   1.00000
         k2v =   1.00000
         kth =   1.00000
         kbh =   1.00000
        cHsq =   0.00000
       chdup =   0.00000
         cHw =   0.00000
          cH = -15.00000
         cHb =   0.00000
        cHwb =   0.00000
      cHq1st =   0.00000
      cHq3st =   0.00000
      cHq1rd =   0.00000
      cHq3rd =   0.00000
       cHdst =   0.00000
       cHust =   0.00000
       cHdrd =   0.00000
       cHurd =   0.00000
         cth =   0.00000
         cbh =   0.00000
 --------------

  mH       = 125.0000      GeV
  fact_scale 1.0
  ren_scale  1.0
  Kqq      =   0.25123674775672139            +-    2.2437481246869397E-004
  Kgq      =   -6.9562392859272695E-002       +-    1.2311645068274093E-004
  K_nlo    =    1.1816743548974487            +-    2.5593303205932087E-004
  Kqq2     =    5.5196050040105742E-002       +-    1.9182893853477115E-004
  Kgq2     =   -3.6065416456568015E-002       +-    1.3968230676375838E-004
  Kqqs     =    1.7455439310529407E-003       +-    3.3196327572881484E-006
  Kgg      =    1.0816363305284399E-003       +-    1.7744375983230100E-006
  K_nnlo   =    1.2036321687425677            +-    3.4903491798347723E-004
  sig_LO   = (   1.4179887247183627            +-    8.1564126367021672E-004 ) fb
  sig_NLO  = (   1.6756009115334272            +-    8.9273425535900028E-004 ) fb
  sig_NNLO = (   1.7067368439852708            +-    9.5405659093037755E-004 ) fb

  pp ---> HHW+ + X
  ===============

  PDFSET = PDF4LHC21_40                                NSET =  31
  Sqrt(S)  = 13.6 TeV
  LOOP     = 3
  alphaS(MZ) =   0.11800
          kl =   1.00000
          kv =   1.00000
         k2v =   1.00000
         kth =   1.00000
         kbh =   1.00000
        cHsq =   0.00000
       chdup =   0.00000
         cHw =   0.00000
          cH = -15.00000
         cHb =   0.00000
        cHwb =   0.00000
      cHq1st =   0.00000
      cHq3st =   0.00000
      cHq1rd =   0.00000
      cHq3rd =   0.00000
       cHdst =   0.00000
       cHust =   0.00000
       cHdrd =   0.00000
       cHurd =   0.00000
         cth =   0.00000
         cbh =   0.00000
 --------------

  mH       = 125.0000      GeV
  fact_scale 1.0
  ren_scale  1.0
  Kqq      =   0.25129452187987139            +-    2.2540257813366931E-004
  Kgq      =   -6.9603034353305532E-002       +-    1.2337423033516776E-004
  K_nlo    =    1.1816914875265658            +-    2.5695821243949362E-004
  Kqq2     =    5.5213942722352596E-002       +-    1.9251287867523019E-004
  Kgq2     =   -3.6089164192061339E-002       +-    1.3998584564002626E-004
  Kqqs     =    1.7471523412126572E-003       +-    3.3331172799936747E-006
  Kgg      =    1.0809757278474402E-003       +-    1.7773775619925161E-006
  K_nnlo   =    1.2036443941259172            +-    3.5028422333481871E-004
  sig_LO   = (   1.4129080811515151            +-    8.1906683316452437E-004 ) fb
  sig_NLO  = (   1.6696214521542396            +-    8.9592512617497812E-004 ) fb
  sig_NNLO = (   1.7006388912932275            +-    9.5698260142809612E-004 ) fb

  pp ---> HHW+ + X
  ===============

  PDFSET = PDF4LHC21_40                                NSET =  32
  Sqrt(S)  = 13.6 TeV
  LOOP     = 3
  alphaS(MZ) =   0.11800
          kl =   1.00000
          kv =   1.00000
         k2v =   1.00000
         kth =   1.00000
         kbh =   1.00000
        cHsq =   0.00000
       chdup =   0.00000
         cHw =   0.00000
          cH = -15.00000
         cHb =   0.00000
        cHwb =   0.00000
      cHq1st =   0.00000
      cHq3st =   0.00000
      cHq1rd =   0.00000
      cHq3rd =   0.00000
       cHdst =   0.00000
       cHust =   0.00000
       cHdrd =   0.00000
       cHurd =   0.00000
         cth =   0.00000
         cbh =   0.00000
 --------------

  mH       = 125.0000      GeV
  fact_scale 1.0
  ren_scale  1.0
  Kqq      =   0.25123860034830708            +-    2.2458296769270656E-004
  Kgq      =   -6.9582689687220714E-002       +-    1.2322566469415193E-004
  K_nlo    =    1.1816559106610864            +-    2.5616805776087473E-004
  Kqq2     =    5.5197278857345142E-002       +-    1.9194615479817368E-004
  Kgq2     =   -3.6077910555863353E-002       +-    1.3982128618133139E-004
  Kqqs     =    1.7484081599773219E-003       +-    3.3254863653653996E-006
  Kgg      =    1.0824546552525255E-003       +-    1.7809509990326476E-006
  K_nnlo   =    1.2036061417777981            +-    3.4932738637875535E-004
  sig_LO   = (   1.4168647146067359            +-    8.1620548067754689E-004 ) fb
  sig_NLO  = (   1.6742465646221829            +-    8.9326819524638765E-004 ) fb
  sig_NNLO = (   1.7053470725689142            +-    9.5455043887330681E-004 ) fb

  pp ---> HHW+ + X
  ===============

  PDFSET = PDF4LHC21_40                                NSET =  33
  Sqrt(S)  = 13.6 TeV
  LOOP     = 3
  alphaS(MZ) =   0.11800
          kl =   1.00000
          kv =   1.00000
         k2v =   1.00000
         kth =   1.00000
         kbh =   1.00000
        cHsq =   0.00000
       chdup =   0.00000
         cHw =   0.00000
          cH = -15.00000
         cHb =   0.00000
        cHwb =   0.00000
      cHq1st =   0.00000
      cHq3st =   0.00000
      cHq1rd =   0.00000
      cHq3rd =   0.00000
       cHdst =   0.00000
       cHust =   0.00000
       cHdrd =   0.00000
       cHurd =   0.00000
         cth =   0.00000
         cbh =   0.00000
 --------------

  mH       = 125.0000      GeV
  fact_scale 1.0
  ren_scale  1.0
  Kqq      =   0.25123676296554009            +-    2.2444549100237405E-004
  Kgq      =   -6.9524932232910869E-002       +-    1.2311945774453399E-004
  K_nlo    =    1.1817118307326293            +-    2.5599644393351417E-004
  Kqq2     =    5.5196095415877548E-002       +-    1.9187333772216361E-004
  Kgq2     =   -3.6048829212183157E-002       +-    1.3970594054343643E-004
  Kqqs     =    1.7471850581302754E-003       +-    3.3223784433988039E-006
  Kgg      =    1.0813631400786547E-003       +-    1.7795453648680899E-006
  K_nnlo   =    1.2036876451345324            +-    3.4911532741860719E-004
  sig_LO   = (   1.4159718443626788            +-    8.1478434639977457E-004 ) fb
  sig_NLO  = (   1.6732706804676787            +-    8.9177800215658792E-004 ) fb
  sig_NNLO = (   1.7043878149177136            +-    9.5301787464786424E-004 ) fb

  pp ---> HHW+ + X
  ===============

  PDFSET = PDF4LHC21_40                                NSET =  34
  Sqrt(S)  = 13.6 TeV
  LOOP     = 3
  alphaS(MZ) =   0.11800
          kl =   1.00000
          kv =   1.00000
         k2v =   1.00000
         kth =   1.00000
         kbh =   1.00000
        cHsq =   0.00000
       chdup =   0.00000
         cHw =   0.00000
          cH = -15.00000
         cHb =   0.00000
        cHwb =   0.00000
      cHq1st =   0.00000
      cHq3st =   0.00000
      cHq1rd =   0.00000
      cHq3rd =   0.00000
       cHdst =   0.00000
       cHust =   0.00000
       cHdrd =   0.00000
       cHurd =   0.00000
         cth =   0.00000
         cbh =   0.00000
 --------------

  mH       = 125.0000      GeV
  fact_scale 1.0
  ren_scale  1.0
  Kqq      =   0.25118312431635603            +-    2.2397870484929560E-004
  Kgq      =   -6.9598780954882117E-002       +-    1.2326554431054914E-004
  K_nlo    =    1.1815843433614739            +-    2.5565769035987127E-004
  Kqq2     =    5.5175748571634944E-002       +-    1.9159871600372532E-004
  Kgq2     =   -3.6086253123385086E-002       +-    1.3985257105711632E-004
  Kqqs     =    1.7487070413773067E-003       +-    3.3183079519214082E-006
  Kgg      =    1.0853970937540010E-003       +-    1.7870441283177580E-006
  K_nnlo   =    1.2035079429448552            +-    3.4877481121790621E-004
  sig_LO   = (   1.4199161754774792            +-    8.1370073342812107E-004 ) fb
  sig_NLO  = (   1.6777507218298928            +-    8.9100333973818715E-004 ) fb
  sig_NNLO = (   1.7088803955030269            +-    9.5255583722297942E-004 ) fb

  pp ---> HHW+ + X
  ===============

  PDFSET = PDF4LHC21_40                                NSET =  35
  Sqrt(S)  = 13.6 TeV
  LOOP     = 3
  alphaS(MZ) =   0.11800
          kl =   1.00000
          kv =   1.00000
         k2v =   1.00000
         kth =   1.00000
         kbh =   1.00000
        cHsq =   0.00000
       chdup =   0.00000
         cHw =   0.00000
          cH = -15.00000
         cHb =   0.00000
        cHwb =   0.00000
      cHq1st =   0.00000
      cHq3st =   0.00000
      cHq1rd =   0.00000
      cHq3rd =   0.00000
       cHdst =   0.00000
       cHust =   0.00000
       cHdrd =   0.00000
       cHurd =   0.00000
         cth =   0.00000
         cbh =   0.00000
 --------------

  mH       = 125.0000      GeV
  fact_scale 1.0
  ren_scale  1.0
  Kqq      =   0.25119909561491160            +-    2.2457061615469627E-004
  Kgq      =   -6.9531876422479585E-002       +-    1.2309683561158777E-004
  K_nlo    =    1.1816672191924322            +-    2.5609528027217951E-004
  Kqq2     =    5.5179292869879909E-002       +-    1.9193219376623837E-004
  Kgq2     =   -3.6052177800928155E-002       +-    1.3966844131080609E-004
  Kqqs     =    1.7465510195471994E-003       +-    3.3230584857055959E-006
  Kgg      =    1.0822302978022562E-003       +-    1.7803386523628922E-006
  K_nnlo   =    1.2036231155787334            +-    3.4920516233757725E-004
  sig_LO   = (   1.4176540779494413            +-    8.1671070249584145E-004 ) fb
  sig_NLO  = (   1.6751953520673275            +-    8.9377007944856242E-004 ) fb
  sig_NNLO = (   1.7063212181144027            +-    9.5503558860001283E-004 ) fb

  pp ---> HHW+ + X
  ===============

  PDFSET = PDF4LHC21_40                                NSET =  36
  Sqrt(S)  = 13.6 TeV
  LOOP     = 3
  alphaS(MZ) =   0.11800
          kl =   1.00000
          kv =   1.00000
         k2v =   1.00000
         kth =   1.00000
         kbh =   1.00000
        cHsq =   0.00000
       chdup =   0.00000
         cHw =   0.00000
          cH = -15.00000
         cHb =   0.00000
        cHwb =   0.00000
      cHq1st =   0.00000
      cHq3st =   0.00000
      cHq1rd =   0.00000
      cHq3rd =   0.00000
       cHdst =   0.00000
       cHust =   0.00000
       cHdrd =   0.00000
       cHurd =   0.00000
         cth =   0.00000
         cbh =   0.00000
 --------------

  mH       = 125.0000      GeV
  fact_scale 1.0
  ren_scale  1.0
  Kqq      =   0.25129314670284236            +-    2.2460438751471454E-004
  Kgq      =   -6.9764755403339734E-002       +-    1.2354313327262519E-004
  K_nlo    =    1.1815283912995025            +-    2.5633969000074433E-004
  Kqq2     =    5.5214948480310673E-002       +-    1.9201934587740731E-004
  Kgq2     =   -3.6172073427016088E-002       +-    1.4018412564860004E-004
  Kqqs     =    1.7475069715071571E-003       +-    3.3256221920253403E-006
  Kgg      =    1.0893465620624506E-003       +-    1.7946294118624606E-006
  K_nnlo   =    1.2034081198863666            +-    3.4963886426199475E-004
  sig_LO   = (   1.4144152329942390            +-    8.1515422991256957E-004 ) fb
  sig_NLO  = (   1.6711717548691944            +-    8.9215131915010304E-004 ) fb
  sig_NNLO = (   1.7021187762762346            +-    9.5343632482918742E-004 ) fb

  pp ---> HHW+ + X
  ===============

  PDFSET = PDF4LHC21_40                                NSET =  37
  Sqrt(S)  = 13.6 TeV
  LOOP     = 3
  alphaS(MZ) =   0.11800
          kl =   1.00000
          kv =   1.00000
         k2v =   1.00000
         kth =   1.00000
         kbh =   1.00000
        cHsq =   0.00000
       chdup =   0.00000
         cHw =   0.00000
          cH = -15.00000
         cHb =   0.00000
        cHwb =   0.00000
      cHq1st =   0.00000
      cHq3st =   0.00000
      cHq1rd =   0.00000
      cHq3rd =   0.00000
       cHdst =   0.00000
       cHust =   0.00000
       cHdrd =   0.00000
       cHurd =   0.00000
         cth =   0.00000
         cbh =   0.00000
 --------------

  mH       = 125.0000      GeV
  fact_scale 1.0
  ren_scale  1.0
  Kqq      =   0.25121239332034700            +-    2.2466652045096934E-004
  Kgq      =   -6.9609568211204773E-002       +-    1.2322962004008694E-004
  K_nlo    =    1.1816028251091422            +-    2.5624321389408546E-004
  Kqq2     =    5.5186625487139339E-002       +-    1.9202995891167161E-004
  Kgq2     =   -3.6092783087610540E-002       +-    1.3981986098245150E-004
  Kqqs     =    1.7479227601298432E-003       +-    3.3251808739590369E-006
  Kgg      =    1.0825160957643469E-003       +-    1.7807209896136961E-006
  K_nnlo   =    1.2035271063645652            +-    3.4942797699472739E-004
  sig_LO   = (   1.4162728273764249            +-    8.1636975777249954E-004 ) fb
  sig_NLO  = (   1.6734719739532962            +-    8.9339994851403198E-004 ) fb
  sig_NNLO = (   1.7045227377551102            +-    9.5465757735625496E-004 ) fb

  pp ---> HHW+ + X
  ===============

  PDFSET = PDF4LHC21_40                                NSET =  38
  Sqrt(S)  = 13.6 TeV
  LOOP     = 3
  alphaS(MZ) =   0.11800
          kl =   1.00000
          kv =   1.00000
         k2v =   1.00000
         kth =   1.00000
         kbh =   1.00000
        cHsq =   0.00000
       chdup =   0.00000
         cHw =   0.00000
          cH = -15.00000
         cHb =   0.00000
        cHwb =   0.00000
      cHq1st =   0.00000
      cHq3st =   0.00000
      cHq1rd =   0.00000
      cHq3rd =   0.00000
       cHdst =   0.00000
       cHust =   0.00000
       cHdrd =   0.00000
       cHurd =   0.00000
         cth =   0.00000
         cbh =   0.00000
 --------------

  mH       = 125.0000      GeV
  fact_scale 1.0
  ren_scale  1.0
  Kqq      =   0.25098083372125612            +-    2.2463604349442682E-004
  Kgq      =   -6.9251535576676973E-002       +-    1.2264171188761536E-004
  K_nlo    =    1.1817292981445793            +-    2.5593425236094305E-004
  Kqq2     =    5.5096348903865694E-002       +-    1.9186101438834697E-004
  Kgq2     =   -3.5905554027717487E-002       +-    1.3915112404790976E-004
  Kqqs     =    1.7417179781080191E-003       +-    3.3133760946447570E-006
  Kgg      =    1.0776952610830884E-003       +-    1.7722779580588997E-006
  K_nnlo   =    1.2037395062599185            +-    3.4884114597877113E-004
  sig_LO   = (   1.4224761205343519            +-    8.1976753267984945E-004 ) fb
  sig_NLO  = (   1.6809817075464835            +-    8.9697199238008185E-004 ) fb
  sig_NNLO = (   1.7122907029985450            +-    9.5825430323154682E-004 ) fb

  pp ---> HHW+ + X
  ===============

  PDFSET = PDF4LHC21_40                                NSET =  39
  Sqrt(S)  = 13.6 TeV
  LOOP     = 3
  alphaS(MZ) =   0.11800
          kl =   1.00000
          kv =   1.00000
         k2v =   1.00000
         kth =   1.00000
         kbh =   1.00000
        cHsq =   0.00000
       chdup =   0.00000
         cHw =   0.00000
          cH = -15.00000
         cHb =   0.00000
        cHwb =   0.00000
      cHq1st =   0.00000
      cHq3st =   0.00000
      cHq1rd =   0.00000
      cHq3rd =   0.00000
       cHdst =   0.00000
       cHust =   0.00000
       cHdrd =   0.00000
       cHurd =   0.00000
         cth =   0.00000
         cbh =   0.00000
 --------------

  mH       = 125.0000      GeV
  fact_scale 1.0
  ren_scale  1.0
  Kqq      =   0.25119445079714703            +-    2.2460879084332404E-004
  Kgq      =   -6.9727653479395732E-002       +-    1.2350091469799624E-004
  K_nlo    =    1.1814667973177513            +-    2.5632320389567121E-004
  Kqq2     =    5.5176238159886946E-002       +-    1.9199591815509029E-004
  Kgq2     =   -3.6151950896241090E-002       +-    1.4012784812459303E-004
  Kqqs     =    1.7457908380128320E-003       +-    3.3216324185265180E-006
  Kgg      =    1.0867695123499784E-003       +-    1.7893703953547889E-006
  K_nnlo   =    1.2033236449317599            +-    3.4959128471963161E-004
  sig_LO   = (   1.4149192716985566            +-    8.1539814307075831E-004 ) fb
  sig_NLO  = (   1.6716801403968589            +-    8.9241721052012168E-004 ) fb
  sig_NNLO = (   1.7026058153044985            +-    9.5370135281544293E-004 ) fb

  pp ---> HHW+ + X
  ===============

  PDFSET = PDF4LHC21_40                                NSET =  40
  Sqrt(S)  = 13.6 TeV
  LOOP     = 3
  alphaS(MZ) =   0.11800
          kl =   1.00000
          kv =   1.00000
         k2v =   1.00000
         kth =   1.00000
         kbh =   1.00000
        cHsq =   0.00000
       chdup =   0.00000
         cHw =   0.00000
          cH = -15.00000
         cHb =   0.00000
        cHwb =   0.00000
      cHq1st =   0.00000
      cHq3st =   0.00000
      cHq1rd =   0.00000
      cHq3rd =   0.00000
       cHdst =   0.00000
       cHust =   0.00000
       cHdrd =   0.00000
       cHurd =   0.00000
         cth =   0.00000
         cbh =   0.00000
 --------------

  mH       = 125.0000      GeV
  fact_scale 1.0
  ren_scale  1.0
  Kqq      =   0.25126655909032924            +-    2.2469593085596145E-004
  Kgq      =   -6.9547439867649205E-002       +-    1.2313482837807613E-004
  K_nlo    =    1.1817191192226801            +-    2.5622343238456015E-004
  Kqq2     =    5.5206147838036387E-002       +-    1.9204540702377242E-004
  Kgq2     =   -3.6060812729803486E-002       +-    1.3972208903480091E-004
  Kqqs     =    1.7473312550674691E-003       +-    3.3254430965572651E-006
  Kgg      =    1.0831205821606384E-003       +-    1.7816479574925249E-006
  K_nnlo   =    1.2036949061681412            +-    3.4938285685953940E-004
  sig_LO   = (   1.4152292872497749            +-    8.1597986898635378E-004 ) fb
  sig_NLO  = (   1.6724035068269454            +-    8.9292369010304763E-004 ) fb
  sig_NNLO = (   1.7035042841225230            +-    9.5410205144785235E-004 ) fb

  pp ---> HHW+ + X
  ===============

  PDFSET = PDF4LHC21_40                                NSET =  41
  Sqrt(S)  = 13.6 TeV
  LOOP     = 3
  alphaS(MZ) =   0.11700
          kl =   1.00000
          kv =   1.00000
         k2v =   1.00000
         kth =   1.00000
         kbh =   1.00000
        cHsq =   0.00000
       chdup =   0.00000
         cHw =   0.00000
          cH = -15.00000
         cHb =   0.00000
        cHwb =   0.00000
      cHq1st =   0.00000
      cHq3st =   0.00000
      cHq1rd =   0.00000
      cHq3rd =   0.00000
       cHdst =   0.00000
       cHust =   0.00000
       cHdrd =   0.00000
       cHurd =   0.00000
         cth =   0.00000
         cbh =   0.00000
 --------------

  mH       = 125.0000      GeV
  fact_scale 1.0
  ren_scale  1.0
  Kqq      =   0.24935383936599467            +-    2.2327280174055966E-004
  Kgq      =   -6.8358217136546939E-002       +-    1.2102943672930941E-004
  K_nlo    =    1.1809956222294478            +-    2.5396627443834575E-004
  Kqq2     =    5.4379442006418158E-002       +-    1.8954827448626618E-004
  Kgq2     =   -3.5209409403437239E-002       +-    1.3641372408265004E-004
  Kqqs     =    1.7197362397701698E-003       +-    3.2706846284452026E-006
  Kgg      =    1.0460481466784061E-003       +-    1.7197329715622301E-006
  K_nnlo   =    1.2029314392188770            +-    3.4503590521907086E-004
  sig_LO   = (   1.4196965792165739            +-    8.1912871761859554E-004 ) fb
  sig_NLO  = (   1.6766554449488962            +-    8.9497027932207787E-004 ) fb
  sig_NNLO = (   1.7077976492911100            +-    9.5442194448388151E-004 ) fb

  pp ---> HHW+ + X
  ===============

  PDFSET = PDF4LHC21_40                                NSET =  42
  Sqrt(S)  = 13.6 TeV
  LOOP     = 3
  alphaS(MZ) =   0.11900
          kl =   1.00000
          kv =   1.00000
         k2v =   1.00000
         kth =   1.00000
         kbh =   1.00000
        cHsq =   0.00000
       chdup =   0.00000
         cHw =   0.00000
          cH = -15.00000
         cHb =   0.00000
        cHwb =   0.00000
      cHq1st =   0.00000
      cHq3st =   0.00000
      cHq1rd =   0.00000
      cHq3rd =   0.00000
       cHdst =   0.00000
       cHust =   0.00000
       cHdrd =   0.00000
       cHurd =   0.00000
         cth =   0.00000
         cbh =   0.00000
 --------------

  mH       = 125.0000      GeV
  fact_scale 1.0
  ren_scale  1.0
  Kqq      =   0.25299963555461896            +-    2.2599206642827141E-004
  Kgq      =   -6.8864164754838142E-002       +-    1.2198351835399117E-004
  K_nlo    =    1.1841354707997809            +-    2.5681197954639643E-004
  Kqq2     =    5.5965928471273699E-002       +-    1.9441084389289724E-004
  Kgq2     =   -3.5949646070587385E-002       +-    1.3927919321394928E-004
  Kqqs     =    1.7734995930981452E-003       +-    3.3742539586674383E-006
  Kgg      =    1.0647040188633975E-003       +-    1.7572074077936635E-006
  K_nnlo   =    1.2069899568124287            +-    3.5094320921150109E-004
  sig_LO   = (   1.4230475557930877            +-    8.1959249834505008E-004 ) fb
  sig_NLO  = (   1.6850810874495252            +-    8.9737935268057183E-004 ) fb
  sig_NNLO = (   1.7176041079087312            +-    9.5976095402009658E-004 ) fb

