  pp ---> HHW+ + X
  ===============

  PDFSET = PDF4LHC21_40                                NSET =   0
  Sqrt(S)  = 13.6 TeV
  LOOP     = 3
  alphaS(MZ) =   0.11800
          kl =   1.00000
          kv =   1.00000
         k2v =   1.00000
         kth =   1.00000
         kbh =   1.00000
        cHsq =   0.00000
       chdup =   0.00000
         cHw =   0.00000
          cH =   0.00000
         cHb =   0.00000
        cHwb =   0.00000
      cHq1st =   0.00000
      cHq3st =  -0.01000
      cHq1rd =   0.00000
      cHq3rd =   0.00000
       cHdst =   0.00000
       cHust =   0.00000
       cHdrd =   0.00000
       cHurd =   0.00000
         cth =   0.00000
         cbh =   0.00000
 --------------

  mH       = 125.0000      GeV
  fact_scale 0.5
  ren_scale  0.5
  Kqq      =   0.21516503551047342            +-    1.5412350315819521E-003
  Kgq      =   -1.5762968056457619E-002       +-    7.4763077483569170E-004
  K_nlo    =    1.1994020674540158            +-    1.7129965551795012E-003
  Kqq2     =    2.3418022788462733E-002       +-    2.1688528678135803E-003
  Kgq2     =   -3.1551827093272866E-002       +-    6.5392249309718486E-004
  Kqqs     =    3.5667431930262207E-003       +-    2.0099633392005330E-005
  Kgg      =    8.3617863757287018E-004       +-    7.5849802353407298E-006
  K_nnlo   =    1.1956711849798047            +-    2.8401331156208383E-003
  sig_LO   = (   4.4802510293807593E-002       +-    1.7886037880589960E-004 ) fb
  sig_NLO  = (   5.3736223473522651E-002       +-    1.9463059214397106E-004 ) fb
  sig_NNLO = (   5.3569070573066833E-002       +-    2.1950478089766395E-004 ) fb

  mH       = 125.0000      GeV
  fact_scale 1.0
  ren_scale  0.5
  Kqq      =   0.25287510596792950            +-    1.9155150476684595E-003
  Kgq      =  -0.13059861046811097            +-    6.6527396724493830E-004
  K_nlo    =    1.1222764954998186            +-    2.0277542625619406E-003
  Kqq2     =    3.5433378973606135E-002       +-    2.5044618305988331E-003
  Kgq2     =   -6.5046669044323074E-002       +-    8.0227675000906764E-004
  Kqqs     =    2.9831999341106657E-003       +-    1.9116895317924180E-005
  Kgg      =    3.2567121654434681E-003       +-    8.7666867945667273E-006
  K_nnlo   =    1.0989031175286557            +-    3.3208743885238482E-003
  sig_LO   = (   4.9401635313967338E-002       +-    1.8129521199969066E-004 ) fb
  sig_NLO  = (   5.5442294152119341E-002       +-    2.0713005484065288E-004 ) fb
  sig_NNLO = (   5.4287611057532444E-002       +-    2.4450466304978867E-004 ) fb

  mH       = 125.0000      GeV
  fact_scale 0.5
  ren_scale  1.0
  Kqq      =   0.19377695357228361            +-    1.4223544914438448E-003
  Kgq      =   -1.4099269671625345E-002       +-    6.8786749959396721E-004
  K_nlo    =    1.1796776839006582            +-    1.5799537956307885E-003
  Kqq2     =    3.6161734647386326E-002       +-    1.3007165247818154E-003
  Kgq2     =   -2.7200641748041331E-002       +-    5.5532928302218557E-004
  Kqqs     =    2.9770440059648643E-003       +-    1.6960530557741292E-005
  Kgg      =    6.9941650503199389E-004       +-    6.3977772728110490E-006
  K_nnlo   =    1.1923152373110002            +-    2.1205746103123524E-003
  sig_LO   = (   4.4802510293807593E-002       +-    1.7886037880589960E-004 ) fb
  sig_NLO  = (   5.2852521576334341E-002       +-    1.9235820285697124E-004 ) fb
  sig_NNLO = (   5.3418715693089730E-002       +-    2.0252747383973295E-004 ) fb

  mH       = 125.0000      GeV
  fact_scale 1.0
  ren_scale  1.0
  Kqq      =   0.22754671680332053            +-    1.7618122565108872E-003
  Kgq      =  -0.11906899112706472            +-    6.1175305437318264E-004
  K_nlo    =    1.1084777256762557            +-    1.8649997926881660E-003
  Kqq2     =    4.9104909725261520E-002       +-    1.6529171036770390E-003
  Kgq2     =   -6.3889504389520138E-002       +-    6.5678304963639057E-004
  Kqqs     =    2.4610883896880030E-003       +-    1.6178288177861982E-005
  Kgg      =    2.7278936711289531E-003       +-    7.3864334253466039E-006
  K_nnlo   =    1.0988821130728141            +-    2.5772154448264087E-003
  sig_LO   = (   4.9401635313967338E-002       +-    1.8129521199969066E-004 ) fb
  sig_NLO  = (   5.4760612357514324E-002       +-    2.0336330827002506E-004 ) fb
  sig_NNLO = (   5.4286573403064989E-002       +-    2.2153553766713746E-004 ) fb

  mH       = 125.0000      GeV
  fact_scale 1.5
  ren_scale  1.0
  Kqq      =   0.25246086610022328            +-    1.9978879328132991E-003
  Kgq      =  -0.17241560483860147            +-    5.8045116968184318E-004
  K_nlo    =    1.0800452612616218            +-    2.0804998804292247E-003
  Kqq2     =    5.6641222061388913E-002       +-    1.9345066949307032E-003
  Kgq2     =   -8.5740500010984114E-002       +-    7.4817126266015952E-004
  Kqqs     =    4.3725959511209727E-003       +-    1.9855061375359255E-005
  Kgg      =    4.4705158766052992E-003       +-    8.8888930037305412E-006
  K_nnlo   =    1.0597890951397531            +-    2.9378613614922809E-003
  sig_LO   = (   5.1651267358498891E-002       +-    1.8208581945950735E-004 ) fb
  sig_NLO  = (   5.5785706548703816E-002       +-    2.1143082830592225E-004 ) fb
  sig_NNLO = (   5.4739449896684993E-002       +-    2.3702651095142545E-004 ) fb

  mH       = 125.0000      GeV
  fact_scale 2.0
  ren_scale  1.0
  Kqq      =   0.27179998678674550            +-    2.1551623465489319E-003
  Kgq      =  -0.20754151336803953            +-    6.0012661585115141E-004
  K_nlo    =    1.0642584734187059            +-    2.2371581738972446E-003
  Kqq2     =    6.1949536503059781E-002       +-    2.1638358108182695E-003
  Kgq2     =  -0.10172698092766859            +-    8.2711270678052665E-004
  Kqqs     =    6.5382113511483686E-003       +-    2.3051089190717810E-005
  Kgg      =    5.8799314766702507E-003       +-    9.9405252685601197E-006
  K_nnlo   =    1.0368991718219156            +-    3.2205291036859324E-003
  sig_LO   = (   5.3068898483100861E-002       +-    1.8193926174522813E-004 ) fb
  sig_NLO  = (   5.6479024885637205E-002       +-    2.1724909475213250E-004 ) fb
  sig_NNLO = (   5.5027096886628608E-002       +-    2.4962391680884990E-004 ) fb

  mH       = 125.0000      GeV
  fact_scale 1.0
  ren_scale  1.5
  Kqq      =   0.21489657518646363            +-    1.6832476048552049E-003
  Kgq      =  -0.11323220294183388            +-    5.8426631724008604E-004
  K_nlo    =    1.1016643722446298            +-    1.7817658737084613E-003
  Kqq2     =    5.4624603938016311E-002       +-    1.4233884103827285E-003
  Kgq2     =   -6.3007756077909274E-002       +-    5.9366341895047340E-004
  Kqqs     =    2.2165267881994965E-003       +-    1.4768730040821106E-005
  Kgg      =    2.4767625093610655E-003       +-    6.7266820194841433E-006
  K_nnlo   =    1.0979745094022975            +-    2.3565703499284552E-003
  sig_LO   = (   4.9401635313967338E-002       +-    1.8129521199969066E-004 ) fb
  sig_NLO  = (   5.4424021556019955E-002       +-    2.0153375006762151E-004 ) fb
  sig_NNLO = (   5.4241736297524490E-002       +-    2.1545580639480423E-004 ) fb

  mH       = 125.0000      GeV
  fact_scale 1.5
  ren_scale  1.5
  Kqq      =   0.23847360198455222            +-    1.9082970983725941E-003
  Kgq      =  -0.16404248852733772            +-    5.5474361145823779E-004
  K_nlo    =    1.0744311134572144            +-    1.9872942132736636E-003
  Kqq2     =    6.2444072943539652E-002       +-    1.6746816609827812E-003
  Kgq2     =   -8.5115719108287635E-002       +-    6.8164375567290642E-004
  Kqqs     =    3.9434378153313408E-003       +-    1.8128511678527693E-005
  Kgg      =    4.0595162821787309E-003       +-    8.1082069220839469E-006
  K_nnlo   =    1.0597624213899766            +-    2.6868065712563069E-003
  sig_LO   = (   5.1651267358498891E-002       +-    1.8208581945950735E-004 ) fb
  sig_NLO  = (   5.5495728699468241E-002       +-    2.0902512124436052E-004 ) fb
  sig_NNLO = (   5.4738072163703848E-002       +-    2.2894167715524147E-004 ) fb

  mH       = 125.0000      GeV
  fact_scale 2.0
  ren_scale  1.5
  Kqq      =   0.25681125224730522            +-    2.0587852132009847E-003
  Kgq      =  -0.19750105862821235            +-    5.7305442812443091E-004
  K_nlo    =    1.0593101936190927            +-    2.1370512234591015E-003
  Kqq2     =    6.8013426923164255E-002       +-    1.8706077420421424E-003
  Kgq2     =  -0.10112885991155701            +-    7.5843294586630560E-004
  Kqqs     =    5.9016946267465530E-003       +-    2.1059489742052399E-005
  Kgg      =    5.3397029338043463E-003       +-    9.0724906101206992E-006
  K_nnlo   =    1.0374361581912508            +-    2.9397121630944678E-003
  sig_LO   = (   5.3068898483100861E-002       +-    1.8193926174522813E-004 ) fb
  sig_NLO  = (   5.6216425127285558E-002       +-    2.1439202305434507E-004 ) fb
  sig_NNLO = (   5.5055594161749669E-002       +-    2.3966678610012334E-004 ) fb

  mH       = 125.0000      GeV
  fact_scale 1.0
  ren_scale  2.0
  Kqq      =   0.20672045669989053            +-    1.6317656551691768E-003
  Kgq      =  -0.10942959408274942            +-    5.6625280053331395E-004
  K_nlo    =    1.0972908626171411            +-    1.7272236066883506E-003
  Kqq2     =    5.8004118078126762E-002       +-    1.3210204523239305E-003
  Kgq2     =   -6.2322962903349155E-002       +-    5.5737175778926729E-004
  Kqqs     =    2.0643682746600005E-003       +-    1.3879400792197885E-005
  Kgg      =    2.3192431149319909E-003       +-    6.3115102105114250E-006
  K_nnlo   =    1.0973556291815105            +-    2.2448367807634080E-003
  sig_LO   = (   4.9401635313967338E-002       +-    1.8129521199969066E-004 ) fb
  sig_NLO  = (   5.4207963028360638E-002       +-    2.0037156805563890E-004 ) fb
  sig_NNLO = (   5.4211162602554160E-002       +-    2.1252401075291051E-004 ) fb

  mH       = 125.0000      GeV
  fact_scale 1.5
  ren_scale  2.0
  Kqq      =   0.22943230768536152            +-    1.8496127623122082E-003
  Kgq      =  -0.15858400708855755            +-    5.3788229420501088E-004
  K_nlo    =    1.0708483005968039            +-    1.9262358975285043E-003
  Kqq2     =    6.5924393630635084E-002       +-    1.5557000842242930E-003
  Kgq2     =   -8.4557647971081257E-002       +-    6.4463110614417115E-004
  Kqqs     =    3.6761028817079975E-003       +-    1.7037973826208606E-005
  Kgg      =    3.8016758807488250E-003       +-    7.6155016831075499E-006
  K_nnlo   =    1.0596928250188147            +-    2.5586099813003078E-003
  sig_LO   = (   5.1651267358498891E-002       +-    1.8208581945950735E-004 ) fb
  sig_NLO  = (   5.5310671874519712E-002       +-    2.0749459811409226E-004 ) fb
  sig_NNLO = (   5.4734477422929778E-002       +-    2.2498957340262821E-004 ) fb

  mH       = 125.0000      GeV
  fact_scale 2.0
  ren_scale  2.0
  Kqq      =   0.24712688837849933            +-    1.9955858939869576E-003
  Kgq      =  -0.19095282132754463            +-    5.5528331862063785E-004
  K_nlo    =    1.0561740670509547            +-    2.0714011258609649E-003
  Kqq2     =    7.1564568012988883E-002       +-    1.7355872704058336E-003
  Kgq2     =  -0.10056401674637884            +-    7.2014624735193241E-004
  Kqqs     =    5.5048192291069819E-003       +-    1.9801831349964099E-005
  Kgg      =    5.0007790903763222E-003       +-    8.5243333475647768E-006
  K_nnlo   =    1.0376802166370480            +-    2.7967912313527710E-003
  sig_LO   = (   5.3068898483100861E-002       +-    1.8193926174522813E-004 ) fb
  sig_NLO  = (   5.6049994344810873E-002       +-    2.1256960044050221E-004 ) fb
  sig_NNLO = (   5.5068546074633608E-002       +-    2.3480028117795425E-004 ) fb

  pp ---> HHW+ + X
  ===============

  PDFSET = PDF4LHC21_40                                NSET =   1
  Sqrt(S)  = 13.6 TeV
  LOOP     = 3
  alphaS(MZ) =   0.11800
          kl =   1.00000
          kv =   1.00000
         k2v =   1.00000
         kth =   1.00000
         kbh =   1.00000
        cHsq =   0.00000
       chdup =   0.00000
         cHw =   0.00000
          cH =   0.00000
         cHb =   0.00000
        cHwb =   0.00000
      cHq1st =   0.00000
      cHq3st =  -0.01000
      cHq1rd =   0.00000
      cHq3rd =   0.00000
       cHdst =   0.00000
       cHust =   0.00000
       cHdrd =   0.00000
       cHurd =   0.00000
         cth =   0.00000
         cbh =   0.00000
 --------------

  mH       = 125.0000      GeV
  fact_scale 1.0
  ren_scale  1.0
  Kqq      =   0.22754707564748144            +-    1.7563536682206891E-003
  Kgq      =  -0.11848023008226792            +-    6.0901332047062231E-004
  K_nlo    =    1.1090668455652137            +-    1.8589447093399318E-003
  Kqq2     =    4.9164512071462600E-002       +-    1.6157056300143719E-003
  Kgq2     =   -6.3575516942493984E-002       +-    6.5382147586300109E-004
  Kqqs     =    2.4501587248071926E-003       +-    1.6113025266925830E-005
  Kgg      =    2.7127175913189876E-003       +-    7.3465651976364343E-006
  K_nnlo   =    1.0998187170103084            +-    2.5483281262714563E-003
  sig_LO   = (   4.9699994611982407E-002       +-    1.8267417028823004E-004 ) fb
  sig_NLO  = (   5.5120616248919431E-002       +-    2.0470876866542781E-004 ) fb
  sig_NNLO = (   5.4660984309569727E-002       +-    2.2228485054333783E-004 ) fb

  pp ---> HHW+ + X
  ===============

  PDFSET = PDF4LHC21_40                                NSET =   2
  Sqrt(S)  = 13.6 TeV
  LOOP     = 3
  alphaS(MZ) =   0.11800
          kl =   1.00000
          kv =   1.00000
         k2v =   1.00000
         kth =   1.00000
         kbh =   1.00000
        cHsq =   0.00000
       chdup =   0.00000
         cHw =   0.00000
          cH =   0.00000
         cHb =   0.00000
        cHwb =   0.00000
      cHq1st =   0.00000
      cHq3st =  -0.01000
      cHq1rd =   0.00000
      cHq3rd =   0.00000
       cHdst =   0.00000
       cHust =   0.00000
       cHdrd =   0.00000
       cHurd =   0.00000
         cth =   0.00000
         cbh =   0.00000
 --------------

  mH       = 125.0000      GeV
  fact_scale 1.0
  ren_scale  1.0
  Kqq      =   0.22771964675402764            +-    1.7657532009843441E-003
  Kgq      =  -0.11958986762440989            +-    6.1209592826978656E-004
  K_nlo    =    1.1081297791296179            +-    1.8688354106744952E-003
  Kqq2     =    4.9176825387551200E-002       +-    1.6589208211227654E-003
  Kgq2     =   -6.4145124834870129E-002       +-    6.5774286660287475E-004
  Kqqs     =    2.4837401824573512E-003       +-    1.6285151568687479E-005
  Kgg      =    2.7377903185903598E-003       +-    7.3736483502612346E-006
  K_nnlo   =    1.0983830101833467            +-    2.5840877187828038E-003
  sig_LO   = (   4.9156019692707845E-002       +-    1.8080942309921892E-004 ) fb
  sig_NLO  = (   5.4471249244971487E-002       +-    2.0280812539161529E-004 ) fb
  sig_NNLO = (   5.3992136878708304E-002       +-    2.2096834297558184E-004 ) fb

  pp ---> HHW+ + X
  ===============

  PDFSET = PDF4LHC21_40                                NSET =   3
  Sqrt(S)  = 13.6 TeV
  LOOP     = 3
  alphaS(MZ) =   0.11800
          kl =   1.00000
          kv =   1.00000
         k2v =   1.00000
         kth =   1.00000
         kbh =   1.00000
        cHsq =   0.00000
       chdup =   0.00000
         cHw =   0.00000
          cH =   0.00000
         cHb =   0.00000
        cHwb =   0.00000
      cHq1st =   0.00000
      cHq3st =  -0.01000
      cHq1rd =   0.00000
      cHq3rd =   0.00000
       cHdst =   0.00000
       cHust =   0.00000
       cHdrd =   0.00000
       cHurd =   0.00000
         cth =   0.00000
         cbh =   0.00000
 --------------

  mH       = 125.0000      GeV
  fact_scale 1.0
  ren_scale  1.0
  Kqq      =   0.22832204967090922            +-    1.7855323799774966E-003
  Kgq      =  -0.12160423025592453            +-    6.2374760334556222E-004
  K_nlo    =    1.1067178194149847            +-    1.8913452758889467E-003
  Kqq2     =    4.9388042388228429E-002       +-    1.6515810856946550E-003
  Kgq2     =   -6.5223482374391462E-002       +-    6.7014915282440405E-004
  Kqqs     =    2.5134420620300619E-003       +-    1.6505338184500303E-005
  Kgg      =    2.7814101232845590E-003       +-    7.5080620408523596E-006
  K_nnlo   =    1.0961772316141365            +-    2.5989104870055126E-003
  sig_LO   = (   4.8372426554121419E-002       +-    1.7842304077530800E-004 ) fb
  sig_NLO  = (   5.3534626435788754E-002       +-    2.0051187337181381E-004 ) fb
  sig_NNLO = (   5.3024752626554948E-002       +-    2.1826404934331751E-004 ) fb

  pp ---> HHW+ + X
  ===============

  PDFSET = PDF4LHC21_40                                NSET =   4
  Sqrt(S)  = 13.6 TeV
  LOOP     = 3
  alphaS(MZ) =   0.11800
          kl =   1.00000
          kv =   1.00000
         k2v =   1.00000
         kth =   1.00000
         kbh =   1.00000
        cHsq =   0.00000
       chdup =   0.00000
         cHw =   0.00000
          cH =   0.00000
         cHb =   0.00000
        cHwb =   0.00000
      cHq1st =   0.00000
      cHq3st =  -0.01000
      cHq1rd =   0.00000
      cHq3rd =   0.00000
       cHdst =   0.00000
       cHust =   0.00000
       cHdrd =   0.00000
       cHurd =   0.00000
         cth =   0.00000
         cbh =   0.00000
 --------------

  mH       = 125.0000      GeV
  fact_scale 1.0
  ren_scale  1.0
  Kqq      =   0.22877196839247688            +-    1.7336482329918599E-003
  Kgq      =  -0.11812355869022509            +-    6.0907014647384485E-004
  K_nlo    =    1.1106484097022518            +-    1.8375262281343004E-003
  Kqq2     =    4.9473485268341985E-002       +-    1.6140999213074922E-003
  Kgq2     =   -6.3402678368929488E-002       +-    6.5329346331010772E-004
  Kqqs     =    2.4410510722631400E-003       +-    1.6057198983392350E-005
  Kgg      =    2.7199107412501518E-003       +-    7.3906516399288841E-006
  K_nnlo   =    1.1018801784151777            +-    2.5315856690266065E-003
  sig_LO   = (   4.9591921383835232E-002       +-    1.7973916637012506E-004 ) fb
  sig_NLO  = (   5.5079188619035692E-002       +-    2.0151972348990893E-004 ) fb
  sig_NNLO = (   5.4644355182371825E-002       +-    2.1924419177668500E-004 ) fb

  pp ---> HHW+ + X
  ===============

  PDFSET = PDF4LHC21_40                                NSET =   5
  Sqrt(S)  = 13.6 TeV
  LOOP     = 3
  alphaS(MZ) =   0.11800
          kl =   1.00000
          kv =   1.00000
         k2v =   1.00000
         kth =   1.00000
         kbh =   1.00000
        cHsq =   0.00000
       chdup =   0.00000
         cHw =   0.00000
          cH =   0.00000
         cHb =   0.00000
        cHwb =   0.00000
      cHq1st =   0.00000
      cHq3st =  -0.01000
      cHq1rd =   0.00000
      cHq3rd =   0.00000
       cHdst =   0.00000
       cHust =   0.00000
       cHdrd =   0.00000
       cHurd =   0.00000
         cth =   0.00000
         cbh =   0.00000
 --------------

  mH       = 125.0000      GeV
  fact_scale 1.0
  ren_scale  1.0
  Kqq      =   0.22745766597201614            +-    1.7507535170649157E-003
  Kgq      =  -0.11844648142251116            +-    6.0627430976707480E-004
  K_nlo    =    1.1090111845495050            +-    1.8527564373653422E-003
  Kqq2     =    4.9041397488723222E-002       +-    1.6381758035053204E-003
  Kgq2     =   -6.3512378486733315E-002       +-    6.5190059365861268E-004
  Kqqs     =    2.4464618347415303E-003       +-    1.6049161814446562E-005
  Kgg      =    2.7024971149184848E-003       +-    7.2792566438001051E-006
  K_nnlo   =    1.0996891625011549            +-    2.5576573903816164E-003
  sig_LO   = (   4.9680348277332878E-002       +-    1.8173909935937811E-004 ) fb
  sig_NLO  = (   5.5096061891876900E-002       +-    2.0371914482672366E-004 ) fb
  sig_NNLO = (   5.4632940589865897E-002       +-    2.2175367691003664E-004 ) fb

  pp ---> HHW+ + X
  ===============

  PDFSET = PDF4LHC21_40                                NSET =   6
  Sqrt(S)  = 13.6 TeV
  LOOP     = 3
  alphaS(MZ) =   0.11800
          kl =   1.00000
          kv =   1.00000
         k2v =   1.00000
         kth =   1.00000
         kbh =   1.00000
        cHsq =   0.00000
       chdup =   0.00000
         cHw =   0.00000
          cH =   0.00000
         cHb =   0.00000
        cHwb =   0.00000
      cHq1st =   0.00000
      cHq3st =  -0.01000
      cHq1rd =   0.00000
      cHq3rd =   0.00000
       cHdst =   0.00000
       cHust =   0.00000
       cHdrd =   0.00000
       cHurd =   0.00000
         cth =   0.00000
         cbh =   0.00000
 --------------

  mH       = 125.0000      GeV
  fact_scale 1.0
  ren_scale  1.0
  Kqq      =   0.22783979655633571            +-    1.7482302974155001E-003
  Kgq      =  -0.11852316368135080            +-    6.0879659847618971E-004
  K_nlo    =    1.1093166328749848            +-    1.8512002784997811E-003
  Kqq2     =    4.9157503038209711E-002       +-    1.6358920262739441E-003
  Kgq2     =   -6.3603709393763766E-002       +-    6.5361015685487544E-004
  Kqqs     =    2.4498342243040381E-003       +-    1.6055395184373169E-005
  Kgg      =    2.7270348674838154E-003       +-    7.3969855704649665E-006
  K_nnlo   =    1.1000472956112184            +-    2.5555046313787515E-003
  sig_LO   = (   4.9553105183076797E-002       +-    1.8093884717453488E-004 ) fb
  sig_NLO  = (   5.4970083790190714E-002       +-    2.0286389211379721E-004 ) fb
  sig_NNLO = (   5.4510759345781895E-002       +-    2.2085024603652248E-004 ) fb

  pp ---> HHW+ + X
  ===============

  PDFSET = PDF4LHC21_40                                NSET =   7
  Sqrt(S)  = 13.6 TeV
  LOOP     = 3
  alphaS(MZ) =   0.11800
          kl =   1.00000
          kv =   1.00000
         k2v =   1.00000
         kth =   1.00000
         kbh =   1.00000
        cHsq =   0.00000
       chdup =   0.00000
         cHw =   0.00000
          cH =   0.00000
         cHb =   0.00000
        cHwb =   0.00000
      cHq1st =   0.00000
      cHq3st =  -0.01000
      cHq1rd =   0.00000
      cHq3rd =   0.00000
       cHdst =   0.00000
       cHust =   0.00000
       cHdrd =   0.00000
       cHurd =   0.00000
         cth =   0.00000
         cbh =   0.00000
 --------------

  mH       = 125.0000      GeV
  fact_scale 1.0
  ren_scale  1.0
  Kqq      =   0.22734481208680296            +-    1.7418312430973353E-003
  Kgq      =  -0.11782887056302613            +-    6.0368822796604026E-004
  K_nlo    =    1.1095159415237767            +-    1.8434791986932716E-003
  Kqq2     =    4.8976873680848340E-002       +-    1.6267346884228061E-003
  Kgq2     =   -6.3184219789157864E-002       +-    6.4892769816563695E-004
  Kqqs     =    2.4337935847824443E-003       +-    1.5962102968736057E-005
  Kgg      =    2.6893797315064214E-003       +-    7.2438203540052456E-006
  K_nnlo   =    1.1004317687317560            +-    2.5428518874767141E-003
  sig_LO   = (   4.9930846440494475E-002       +-    1.8201200765852326E-004 ) fb
  sig_NLO  = (   5.5399070099504344E-002       +-    2.0396304768422808E-004 ) fb
  sig_NNLO = (   5.4945489662787041E-002       +-    2.2192099000484193E-004 ) fb

  pp ---> HHW+ + X
  ===============

  PDFSET = PDF4LHC21_40                                NSET =   8
  Sqrt(S)  = 13.6 TeV
  LOOP     = 3
  alphaS(MZ) =   0.11800
          kl =   1.00000
          kv =   1.00000
         k2v =   1.00000
         kth =   1.00000
         kbh =   1.00000
        cHsq =   0.00000
       chdup =   0.00000
         cHw =   0.00000
          cH =   0.00000
         cHb =   0.00000
        cHwb =   0.00000
      cHq1st =   0.00000
      cHq3st =  -0.01000
      cHq1rd =   0.00000
      cHq3rd =   0.00000
       cHdst =   0.00000
       cHust =   0.00000
       cHdrd =   0.00000
       cHurd =   0.00000
         cth =   0.00000
         cbh =   0.00000
 --------------

  mH       = 125.0000      GeV
  fact_scale 1.0
  ren_scale  1.0
  Kqq      =   0.22705177025695503            +-    1.7708773916998953E-003
  Kgq      =  -0.11813156454046772            +-    6.1369400107416259E-004
  K_nlo    =    1.1089202057164873            +-    1.8742003797321777E-003
  Kqq2     =    4.8949165979204907E-002       +-    1.6668717505226097E-003
  Kgq2     =   -6.3446221018476495E-002       +-    6.5760782451620319E-004
  Kqqs     =    2.4632766639028523E-003       +-    1.6282592974751418E-005
  Kgg      =    2.7293996815687532E-003       +-    7.4788809099804252E-006
  K_nnlo   =    1.0996158270226872            +-    2.5930402240299179E-003
  sig_LO   = (   4.9159985198596788E-002       +-    1.8107173451919242E-004 ) fb
  sig_NLO  = (   5.4514500899447420E-002       +-    2.0316484298410706E-004 ) fb
  sig_NNLO = (   5.4057097780578080E-002       +-    2.2144197339385449E-004 ) fb

  pp ---> HHW+ + X
  ===============

  PDFSET = PDF4LHC21_40                                NSET =   9
  Sqrt(S)  = 13.6 TeV
  LOOP     = 3
  alphaS(MZ) =   0.11800
          kl =   1.00000
          kv =   1.00000
         k2v =   1.00000
         kth =   1.00000
         kbh =   1.00000
        cHsq =   0.00000
       chdup =   0.00000
         cHw =   0.00000
          cH =   0.00000
         cHb =   0.00000
        cHwb =   0.00000
      cHq1st =   0.00000
      cHq3st =  -0.01000
      cHq1rd =   0.00000
      cHq3rd =   0.00000
       cHdst =   0.00000
       cHust =   0.00000
       cHdrd =   0.00000
       cHurd =   0.00000
         cth =   0.00000
         cbh =   0.00000
 --------------

  mH       = 125.0000      GeV
  fact_scale 1.0
  ren_scale  1.0
  Kqq      =   0.22768647865062910            +-    1.7460331250774509E-003
  Kgq      =  -0.11826703836547198            +-    6.0853241377331103E-004
  K_nlo    =    1.1094194402851572            +-    1.8490384994587056E-003
  Kqq2     =    4.9099535032575810E-002       +-    1.6171784507983521E-003
  Kgq2     =   -6.3480960272676953E-002       +-    6.5282697352756760E-004
  Kqqs     =    2.4459774029487271E-003       +-    1.6143811551621780E-005
  Kgg      =    2.7122402831316664E-003       +-    7.3589745762367824E-006
  K_nnlo   =    1.1001962327311365            +-    2.5417921529366739E-003
  sig_LO   = (   4.9800558564660993E-002       +-    1.8146670528838572E-004 ) fb
  sig_NLO  = (   5.5249707808694391E-002       +-    2.0349317348989689E-004 ) fb
  sig_NNLO = (   5.4790386920746358E-002       +-    2.2125401061263248E-004 ) fb

  pp ---> HHW+ + X
  ===============

  PDFSET = PDF4LHC21_40                                NSET =  10
  Sqrt(S)  = 13.6 TeV
  LOOP     = 3
  alphaS(MZ) =   0.11800
          kl =   1.00000
          kv =   1.00000
         k2v =   1.00000
         kth =   1.00000
         kbh =   1.00000
        cHsq =   0.00000
       chdup =   0.00000
         cHw =   0.00000
          cH =   0.00000
         cHb =   0.00000
        cHwb =   0.00000
      cHq1st =   0.00000
      cHq3st =  -0.01000
      cHq1rd =   0.00000
      cHq3rd =   0.00000
       cHdst =   0.00000
       cHust =   0.00000
       cHdrd =   0.00000
       cHurd =   0.00000
         cth =   0.00000
         cbh =   0.00000
 --------------

  mH       = 125.0000      GeV
  fact_scale 1.0
  ren_scale  1.0
  Kqq      =   0.22748418018680480            +-    1.7589785179991139E-003
  Kgq      =  -0.11834624602468814            +-    6.0940760247349662E-004
  K_nlo    =    1.1091379341621166            +-    1.8615539349518869E-003
  Kqq2     =    4.9098280558299033E-002       +-    1.6513785200304425E-003
  Kgq2     =   -6.3532079520699572E-002       +-    6.5357984997425824E-004
  Kqqs     =    2.4511712072758647E-003       +-    1.6151041417322166E-005
  Kgg      =    2.7007180445297804E-003       +-    7.3409559459796117E-006
  K_nnlo   =    1.0998560244515219            +-    2.5729196324833447E-003
  sig_LO   = (   4.9490450160710936E-002       +-    1.8112324325818418E-004 ) fb
  sig_NLO  = (   5.4891735652004121E-002       +-    2.0320779536744219E-004 ) fb
  sig_NNLO = (   5.4432369762075709E-002       +-    2.2140419813887114E-004 ) fb

  pp ---> HHW+ + X
  ===============

  PDFSET = PDF4LHC21_40                                NSET =  11
  Sqrt(S)  = 13.6 TeV
  LOOP     = 3
  alphaS(MZ) =   0.11800
          kl =   1.00000
          kv =   1.00000
         k2v =   1.00000
         kth =   1.00000
         kbh =   1.00000
        cHsq =   0.00000
       chdup =   0.00000
         cHw =   0.00000
          cH =   0.00000
         cHb =   0.00000
        cHwb =   0.00000
      cHq1st =   0.00000
      cHq3st =  -0.01000
      cHq1rd =   0.00000
      cHq3rd =   0.00000
       cHdst =   0.00000
       cHust =   0.00000
       cHdrd =   0.00000
       cHurd =   0.00000
         cth =   0.00000
         cbh =   0.00000
 --------------

  mH       = 125.0000      GeV
  fact_scale 1.0
  ren_scale  1.0
  Kqq      =   0.22700358233815870            +-    1.7740148405051130E-003
  Kgq      =  -0.11979670066832697            +-    6.1581346668716232E-004
  K_nlo    =    1.1072068816698317            +-    1.8778591214693508E-003
  Kqq2     =    4.8930720209644681E-002       +-    1.6692328046839519E-003
  Kgq2     =   -6.4289350894190550E-002       +-    6.6104500743597162E-004
  Kqqs     =    2.4762137079024299E-003       +-    1.6292037711292113E-005
  Kgg      =    2.7416466589291633E-003       +-    7.4296190829218289E-006
  K_nnlo   =    1.0970661113521174            +-    2.5980750889662949E-003
  sig_LO   = (   4.9146705314775441E-002       +-    1.8144059499936596E-004 ) fb
  sig_NLO  = (   5.4415570335918664E-002       +-    2.0356385314408815E-004 ) fb
  sig_NNLO = (   5.3917184885449138E-002       +-    2.2186621254520087E-004 ) fb

  pp ---> HHW+ + X
  ===============

  PDFSET = PDF4LHC21_40                                NSET =  12
  Sqrt(S)  = 13.6 TeV
  LOOP     = 3
  alphaS(MZ) =   0.11800
          kl =   1.00000
          kv =   1.00000
         k2v =   1.00000
         kth =   1.00000
         kbh =   1.00000
        cHsq =   0.00000
       chdup =   0.00000
         cHw =   0.00000
          cH =   0.00000
         cHb =   0.00000
        cHwb =   0.00000
      cHq1st =   0.00000
      cHq3st =  -0.01000
      cHq1rd =   0.00000
      cHq3rd =   0.00000
       cHdst =   0.00000
       cHust =   0.00000
       cHdrd =   0.00000
       cHurd =   0.00000
         cth =   0.00000
         cbh =   0.00000
 --------------

  mH       = 125.0000      GeV
  fact_scale 1.0
  ren_scale  1.0
  Kqq      =   0.22736766635952302            +-    1.7805908395186892E-003
  Kgq      =  -0.12016758455518249            +-    6.1884433136696220E-004
  K_nlo    =    1.1072000818043406            +-    1.8850655278379298E-003
  Kqq2     =    4.9104906813420286E-002       +-    1.6531179486596963E-003
  Kgq2     =   -6.4509361853046621E-002       +-    6.6377776097223515E-004
  Kqqs     =    2.4855653490331803E-003       +-    1.6378676985964593E-005
  Kgg      =    2.7566253754630413E-003       +-    7.4889109419642422E-006
  K_nnlo   =    1.0970378174892106            +-    2.5936839162149184E-003
  sig_LO   = (   4.9047779112188439E-002       +-    1.8139114562517307E-004 ) fb
  sig_NLO  = (   5.4305705045336265E-002       +-    2.0359587621542784E-004 ) fb
  sig_NNLO = (   5.3807268549928088E-002       +-    2.2155419289533371E-004 ) fb

  pp ---> HHW+ + X
  ===============

  PDFSET = PDF4LHC21_40                                NSET =  13
  Sqrt(S)  = 13.6 TeV
  LOOP     = 3
  alphaS(MZ) =   0.11800
          kl =   1.00000
          kv =   1.00000
         k2v =   1.00000
         kth =   1.00000
         kbh =   1.00000
        cHsq =   0.00000
       chdup =   0.00000
         cHw =   0.00000
          cH =   0.00000
         cHb =   0.00000
        cHwb =   0.00000
      cHq1st =   0.00000
      cHq3st =  -0.01000
      cHq1rd =   0.00000
      cHq3rd =   0.00000
       cHdst =   0.00000
       cHust =   0.00000
       cHdrd =   0.00000
       cHurd =   0.00000
         cth =   0.00000
         cbh =   0.00000
 --------------

  mH       = 125.0000      GeV
  fact_scale 1.0
  ren_scale  1.0
  Kqq      =   0.22754085274714220            +-    1.7507730499068269E-003
  Kgq      =  -0.11838430674060309            +-    6.0790519343041497E-004
  K_nlo    =    1.1091565460065389            +-    1.8533092015310675E-003
  Kqq2     =    4.9057968614585369E-002       +-    1.6406982138525681E-003
  Kgq2     =   -6.3518729775179639E-002       +-    6.5268427841960611E-004
  Kqqs     =    2.4429381269827901E-003       +-    1.6076681391491946E-005
  Kgg      =    2.7042356713456411E-003       +-    7.3077985528126955E-006
  K_nnlo   =    1.0998429586442731            +-    2.5598738750803925E-003
  sig_LO   = (   4.9653440956500400E-002       +-    1.8139244647009852E-004 ) fb
  sig_NLO  = (   5.5073439068651614E-002       +-    2.0339981590932854E-004 ) fb
  sig_NNLO = (   5.4610987408466143E-002       +-    2.2149332665313384E-004 ) fb

  pp ---> HHW+ + X
  ===============

  PDFSET = PDF4LHC21_40                                NSET =  14
  Sqrt(S)  = 13.6 TeV
  LOOP     = 3
  alphaS(MZ) =   0.11800
          kl =   1.00000
          kv =   1.00000
         k2v =   1.00000
         kth =   1.00000
         kbh =   1.00000
        cHsq =   0.00000
       chdup =   0.00000
         cHw =   0.00000
          cH =   0.00000
         cHb =   0.00000
        cHwb =   0.00000
      cHq1st =   0.00000
      cHq3st =  -0.01000
      cHq1rd =   0.00000
      cHq3rd =   0.00000
       cHdst =   0.00000
       cHust =   0.00000
       cHdrd =   0.00000
       cHurd =   0.00000
         cth =   0.00000
         cbh =   0.00000
 --------------

  mH       = 125.0000      GeV
  fact_scale 1.0
  ren_scale  1.0
  Kqq      =   0.22737326222025273            +-    1.7472128419275192E-003
  Kgq      =  -0.11814748780537329            +-    6.0640230775909590E-004
  K_nlo    =    1.1092257744148795            +-    1.8494530201797492E-003
  Kqq2     =    4.8982259317869481E-002       +-    1.6369766126508116E-003
  Kgq2     =   -6.3383699732554671E-002       +-    6.5127174546328261E-004
  Kqqs     =    2.4421475744625001E-003       +-    1.6044265769030194E-005
  Kgg      =    2.6998326322142038E-003       +-    7.2897624624590068E-006
  K_nnlo   =    1.0999663142068710            +-    2.5543363814809782E-003
  sig_LO   = (   4.9818617163718958E-002       +-    1.8150502654789528E-004 ) fb
  sig_NLO  = (   5.5260094203704563E-002       +-    2.0355180374322383E-004 ) fb
  sig_NNLO = (   5.4798800700459095E-002       +-    2.2166986607761985E-004 ) fb

  pp ---> HHW+ + X
  ===============

  PDFSET = PDF4LHC21_40                                NSET =  15
  Sqrt(S)  = 13.6 TeV
  LOOP     = 3
  alphaS(MZ) =   0.11800
          kl =   1.00000
          kv =   1.00000
         k2v =   1.00000
         kth =   1.00000
         kbh =   1.00000
        cHsq =   0.00000
       chdup =   0.00000
         cHw =   0.00000
          cH =   0.00000
         cHb =   0.00000
        cHwb =   0.00000
      cHq1st =   0.00000
      cHq3st =  -0.01000
      cHq1rd =   0.00000
      cHq3rd =   0.00000
       cHdst =   0.00000
       cHust =   0.00000
       cHdrd =   0.00000
       cHurd =   0.00000
         cth =   0.00000
         cbh =   0.00000
 --------------

  mH       = 125.0000      GeV
  fact_scale 1.0
  ren_scale  1.0
  Kqq      =   0.22774218132242041            +-    1.7550775403674410E-003
  Kgq      =  -0.11886189200604143            +-    6.0863744386336477E-004
  K_nlo    =    1.1088802893163789            +-    1.8576158673888304E-003
  Kqq2     =    4.9159092112442453E-002       +-    1.6414669161293942E-003
  Kgq2     =   -6.3791517576873361E-002       +-    6.5372300752053610E-004
  Kqqs     =    2.4543954960105684E-003       +-    1.6123872542188449E-005
  Kgg      =    2.7042015772592277E-003       +-    7.3043509312106510E-006
  K_nnlo   =    1.0994064609252179            +-    2.5637506608272337E-003
  sig_LO   = (   4.9509996338904627E-002       +-    1.8145008958409046E-004 ) fb
  sig_NLO  = (   5.4900659064337429E-002       +-    2.0342742676222615E-004 ) fb
  sig_NNLO = (   5.4431609855375630E-002       +-    2.2144002875020647E-004 ) fb

  pp ---> HHW+ + X
  ===============

  PDFSET = PDF4LHC21_40                                NSET =  16
  Sqrt(S)  = 13.6 TeV
  LOOP     = 3
  alphaS(MZ) =   0.11800
          kl =   1.00000
          kv =   1.00000
         k2v =   1.00000
         kth =   1.00000
         kbh =   1.00000
        cHsq =   0.00000
       chdup =   0.00000
         cHw =   0.00000
          cH =   0.00000
         cHb =   0.00000
        cHwb =   0.00000
      cHq1st =   0.00000
      cHq3st =  -0.01000
      cHq1rd =   0.00000
      cHq3rd =   0.00000
       cHdst =   0.00000
       cHust =   0.00000
       cHdrd =   0.00000
       cHurd =   0.00000
         cth =   0.00000
         cbh =   0.00000
 --------------

  mH       = 125.0000      GeV
  fact_scale 1.0
  ren_scale  1.0
  Kqq      =   0.22701560400708559            +-    1.7749892822060786E-003
  Kgq      =  -0.11979096319934104            +-    6.1634983073568530E-004
  K_nlo    =    1.1072246408077446            +-    1.8789555784515925E-003
  Kqq2     =    4.8950154607965736E-002       +-    1.6699319512343228E-003
  Kgq2     =   -6.4283106294802841E-002       +-    6.6157199913161773E-004
  Kqqs     =    2.4676169434698415E-003       +-    1.6234725356304576E-005
  Kgg      =    2.7443252329572322E-003       +-    7.4462408414498357E-006
  K_nnlo   =    1.0971036312973348            +-    2.5994505785632278E-003
  sig_LO   = (   4.9198019869192179E-002       +-    1.8151839644273089E-004 ) fb
  sig_NLO  = (   5.4473259878118588E-002       +-    2.0370136746924878E-004 ) fb
  sig_NNLO = (   5.3975326251129156E-002       +-    2.2204554276495544E-004 ) fb

  pp ---> HHW+ + X
  ===============

  PDFSET = PDF4LHC21_40                                NSET =  17
  Sqrt(S)  = 13.6 TeV
  LOOP     = 3
  alphaS(MZ) =   0.11800
          kl =   1.00000
          kv =   1.00000
         k2v =   1.00000
         kth =   1.00000
         kbh =   1.00000
        cHsq =   0.00000
       chdup =   0.00000
         cHw =   0.00000
          cH =   0.00000
         cHb =   0.00000
        cHwb =   0.00000
      cHq1st =   0.00000
      cHq3st =  -0.01000
      cHq1rd =   0.00000
      cHq3rd =   0.00000
       cHdst =   0.00000
       cHust =   0.00000
       cHdrd =   0.00000
       cHurd =   0.00000
         cth =   0.00000
         cbh =   0.00000
 --------------

  mH       = 125.0000      GeV
  fact_scale 1.0
  ren_scale  1.0
  Kqq      =   0.22840775644696243            +-    1.7353504378793505E-003
  Kgq      =  -0.11688149470479270            +-    6.0032086756150278E-004
  K_nlo    =    1.1115262617421697            +-    1.8362533284592977E-003
  Kqq2     =    4.9299923474140368E-002       +-    1.6176877425123351E-003
  Kgq2     =   -6.2711702193210359E-002       +-    6.4448658349233669E-004
  Kqqs     =    2.4171339649361801E-003       +-    1.5902816125073749E-005
  Kgg      =    2.6765527465582072E-003       +-    7.2372410758529257E-006
  K_nnlo   =    1.1032081697345941            +-    2.5306932157164422E-003
  sig_LO   = (   5.0291524831280209E-002       +-    1.8267274748707450E-004 ) fb
  sig_NLO  = (   5.5900350593026393E-002       +-    2.0468874434021372E-004 ) fb
  sig_NNLO = (   5.5482021062278536E-002       +-    2.2263782640186429E-004 ) fb

  pp ---> HHW+ + X
  ===============

  PDFSET = PDF4LHC21_40                                NSET =  18
  Sqrt(S)  = 13.6 TeV
  LOOP     = 3
  alphaS(MZ) =   0.11800
          kl =   1.00000
          kv =   1.00000
         k2v =   1.00000
         kth =   1.00000
         kbh =   1.00000
        cHsq =   0.00000
       chdup =   0.00000
         cHw =   0.00000
          cH =   0.00000
         cHb =   0.00000
        cHwb =   0.00000
      cHq1st =   0.00000
      cHq3st =  -0.01000
      cHq1rd =   0.00000
      cHq3rd =   0.00000
       cHdst =   0.00000
       cHust =   0.00000
       cHdrd =   0.00000
       cHurd =   0.00000
         cth =   0.00000
         cbh =   0.00000
 --------------

  mH       = 125.0000      GeV
  fact_scale 1.0
  ren_scale  1.0
  Kqq      =   0.22737800351508733            +-    1.7616627558695722E-003
  Kgq      =  -0.11902030150929009            +-    6.0946749018496720E-004
  K_nlo    =    1.1083577020057973            +-    1.8641100522797304E-003
  Kqq2     =    4.9026883452652256E-002       +-    1.6529280130493085E-003
  Kgq2     =   -6.3837467841098575E-002       +-    6.5495383908702111E-004
  Kqqs     =    2.4631447285798896E-003       +-    1.6177486826030048E-005
  Kgg      =    2.7085368782006716E-003       +-    7.3097292046262023E-006
  K_nnlo   =    1.0987187992241314            +-    2.5761127649793114E-003
  sig_LO   = (   4.9595035358796453E-002       +-    1.8231372017144605E-004 ) fb
  sig_NLO  = (   5.4969039421171893E-002       +-    2.0441479088972319E-004 ) fb
  sig_NNLO = (   5.4490997696895180E-002       +-    2.2262417737887980E-004 ) fb

  pp ---> HHW+ + X
  ===============

  PDFSET = PDF4LHC21_40                                NSET =  19
  Sqrt(S)  = 13.6 TeV
  LOOP     = 3
  alphaS(MZ) =   0.11800
          kl =   1.00000
          kv =   1.00000
         k2v =   1.00000
         kth =   1.00000
         kbh =   1.00000
        cHsq =   0.00000
       chdup =   0.00000
         cHw =   0.00000
          cH =   0.00000
         cHb =   0.00000
        cHwb =   0.00000
      cHq1st =   0.00000
      cHq3st =  -0.01000
      cHq1rd =   0.00000
      cHq3rd =   0.00000
       cHdst =   0.00000
       cHust =   0.00000
       cHdrd =   0.00000
       cHurd =   0.00000
         cth =   0.00000
         cbh =   0.00000
 --------------

  mH       = 125.0000      GeV
  fact_scale 1.0
  ren_scale  1.0
  Kqq      =   0.22785658678313686            +-    1.7222226958834878E-003
  Kgq      =  -0.11736961855476752            +-    6.0392298216920166E-004
  K_nlo    =    1.1104869682283693            +-    1.8250408166965281E-003
  Kqq2     =    4.9105944466882524E-002       +-    1.6005618599242916E-003
  Kgq2     =   -6.2985312672305782E-002       +-    6.4799193293498100E-004
  Kqqs     =    2.4217995897612469E-003       +-    1.5924900369517270E-005
  Kgg      =    2.6923694778261281E-003       +-    7.3001125377436821E-006
  K_nnlo   =    1.1017217690905334            +-    2.5125231718924096E-003
  sig_LO   = (   5.0096033651391418E-002       +-    1.8070118047011356E-004 ) fb
  sig_NLO  = (   5.5630992529800020E-002       +-    2.0251387344204710E-004 ) fb
  sig_NNLO = (   5.5191890818829852E-002       +-    2.2021700757892545E-004 ) fb

  pp ---> HHW+ + X
  ===============

  PDFSET = PDF4LHC21_40                                NSET =  20
  Sqrt(S)  = 13.6 TeV
  LOOP     = 3
  alphaS(MZ) =   0.11800
          kl =   1.00000
          kv =   1.00000
         k2v =   1.00000
         kth =   1.00000
         kbh =   1.00000
        cHsq =   0.00000
       chdup =   0.00000
         cHw =   0.00000
          cH =   0.00000
         cHb =   0.00000
        cHwb =   0.00000
      cHq1st =   0.00000
      cHq3st =  -0.01000
      cHq1rd =   0.00000
      cHq3rd =   0.00000
       cHdst =   0.00000
       cHust =   0.00000
       cHdrd =   0.00000
       cHurd =   0.00000
         cth =   0.00000
         cbh =   0.00000
 --------------

  mH       = 125.0000      GeV
  fact_scale 1.0
  ren_scale  1.0
  Kqq      =   0.22746057627618907            +-    1.7696776478319078E-003
  Kgq      =  -0.11947091026499380            +-    6.1363435185194119E-004
  K_nlo    =    1.1079896660111952            +-    1.8730472751664934E-003
  Kqq2     =    4.9096721153071642E-002       +-    1.6633754843239849E-003
  Kgq2     =   -6.4105492229774755E-002       +-    6.5890767032489241E-004
  Kqqs     =    2.4695664036645539E-003       +-    1.6239218206932126E-005
  Kgg      =    2.7392072193635733E-003       +-    7.4228789896418253E-006
  K_nnlo   =    1.0981896685575201            +-    2.5902899888259850E-003
  sig_LO   = (   4.9307447092406656E-002       +-    1.8173977696048127E-004 ) fb
  sig_NLO  = (   5.4632141835780329E-002       +-    2.0385981873750225E-004 ) fb
  sig_NNLO = (   5.4148928979827524E-002       +-    2.2213035534451609E-004 ) fb

  pp ---> HHW+ + X
  ===============

  PDFSET = PDF4LHC21_40                                NSET =  21
  Sqrt(S)  = 13.6 TeV
  LOOP     = 3
  alphaS(MZ) =   0.11800
          kl =   1.00000
          kv =   1.00000
         k2v =   1.00000
         kth =   1.00000
         kbh =   1.00000
        cHsq =   0.00000
       chdup =   0.00000
         cHw =   0.00000
          cH =   0.00000
         cHb =   0.00000
        cHwb =   0.00000
      cHq1st =   0.00000
      cHq3st =  -0.01000
      cHq1rd =   0.00000
      cHq3rd =   0.00000
       cHdst =   0.00000
       cHust =   0.00000
       cHdrd =   0.00000
       cHurd =   0.00000
         cth =   0.00000
         cbh =   0.00000
 --------------

  mH       = 125.0000      GeV
  fact_scale 1.0
  ren_scale  1.0
  Kqq      =   0.22898982825058395            +-    1.7630223794262031E-003
  Kgq      =  -0.11986063084183304            +-    6.1618254676600709E-004
  K_nlo    =    1.1091291974087509            +-    1.8675997540417147E-003
  Kqq2     =    4.9647967143248005E-002       +-    1.6485943507061750E-003
  Kgq2     =   -6.4311773254639479E-002       +-    6.6140267285636509E-004
  Kqqs     =    2.4777472245408024E-003       +-    1.6289999871941813E-005
  Kgg      =    2.7479296012641596E-003       +-    7.4360490422219195E-006
  K_nnlo   =    1.0996910681231644            +-    2.5775116544954203E-003
  sig_LO   = (   4.9044275776318050E-002       +-    1.8013881045424521E-004 ) fb
  sig_NLO  = (   5.4396438229281079E-002       +-    2.0208822140731046E-004 ) fb
  sig_NNLO = (   5.3933552013786239E-002       +-    2.2006824718523384E-004 ) fb

  pp ---> HHW+ + X
  ===============

  PDFSET = PDF4LHC21_40                                NSET =  22
  Sqrt(S)  = 13.6 TeV
  LOOP     = 3
  alphaS(MZ) =   0.11800
          kl =   1.00000
          kv =   1.00000
         k2v =   1.00000
         kth =   1.00000
         kbh =   1.00000
        cHsq =   0.00000
       chdup =   0.00000
         cHw =   0.00000
          cH =   0.00000
         cHb =   0.00000
        cHwb =   0.00000
      cHq1st =   0.00000
      cHq3st =  -0.01000
      cHq1rd =   0.00000
      cHq3rd =   0.00000
       cHdst =   0.00000
       cHust =   0.00000
       cHdrd =   0.00000
       cHurd =   0.00000
         cth =   0.00000
         cbh =   0.00000
 --------------

  mH       = 125.0000      GeV
  fact_scale 1.0
  ren_scale  1.0
  Kqq      =   0.22763091823810574            +-    1.7586719459736712E-003
  Kgq      =  -0.11899245412580889            +-    6.1402302557667825E-004
  K_nlo    =    1.1086384641122968            +-    1.8627805263887523E-003
  Kqq2     =    4.9118461203789293E-002       +-    1.6461723321228275E-003
  Kgq2     =   -6.3872543198024087E-002       +-    6.5839901750320564E-004
  Kqqs     =    2.4574915410510126E-003       +-    1.6173230451590437E-005
  Kgg      =    2.7371877117625563E-003       +-    7.4367018335273471E-006
  K_nnlo   =    1.0990790613708756            +-    2.5716999787507200E-003
  sig_LO   = (   4.9328374344377507E-002       +-    1.8091018877301819E-004 ) fb
  sig_NLO  = (   5.4687333170307106E-002       +-    2.0290857306633220E-004 ) fb
  sig_NNLO = (   5.4215783373369610E-002       +-    2.2095563482055317E-004 ) fb

  pp ---> HHW+ + X
  ===============

  PDFSET = PDF4LHC21_40                                NSET =  23
  Sqrt(S)  = 13.6 TeV
  LOOP     = 3
  alphaS(MZ) =   0.11800
          kl =   1.00000
          kv =   1.00000
         k2v =   1.00000
         kth =   1.00000
         kbh =   1.00000
        cHsq =   0.00000
       chdup =   0.00000
         cHw =   0.00000
          cH =   0.00000
         cHb =   0.00000
        cHwb =   0.00000
      cHq1st =   0.00000
      cHq3st =  -0.01000
      cHq1rd =   0.00000
      cHq3rd =   0.00000
       cHdst =   0.00000
       cHust =   0.00000
       cHdrd =   0.00000
       cHurd =   0.00000
         cth =   0.00000
         cbh =   0.00000
 --------------

  mH       = 125.0000      GeV
  fact_scale 1.0
  ren_scale  1.0
  Kqq      =   0.22762009107247022            +-    1.7569156899251701E-003
  Kgq      =  -0.11880456526651706            +-    6.1078050805698201E-004
  K_nlo    =    1.1088155258059531            +-    1.8600552600736306E-003
  Kqq2     =    4.9118988024266709E-002       +-    1.6433958469613181E-003
  Kgq2     =   -6.3750877610032133E-002       +-    6.5562801432039622E-004
  Kqqs     =    2.4565665373313577E-003       +-    1.6161513792688479E-005
  Kgg      =    2.7242532994123793E-003       +-    7.3810491664635371E-006
  K_nnlo   =    1.0993644560569311            +-    2.5672396163805714E-003
  sig_LO   = (   4.9478825073458091E-002       +-    1.8130488121767473E-004 ) fb
  sig_NLO  = (   5.4862889440087215E-002       +-    2.0332633192011226E-004 ) fb
  sig_NNLO = (   5.4395261613218331E-002       +-    2.2137424534956419E-004 ) fb

  pp ---> HHW+ + X
  ===============

  PDFSET = PDF4LHC21_40                                NSET =  24
  Sqrt(S)  = 13.6 TeV
  LOOP     = 3
  alphaS(MZ) =   0.11800
          kl =   1.00000
          kv =   1.00000
         k2v =   1.00000
         kth =   1.00000
         kbh =   1.00000
        cHsq =   0.00000
       chdup =   0.00000
         cHw =   0.00000
          cH =   0.00000
         cHb =   0.00000
        cHwb =   0.00000
      cHq1st =   0.00000
      cHq3st =  -0.01000
      cHq1rd =   0.00000
      cHq3rd =   0.00000
       cHdst =   0.00000
       cHust =   0.00000
       cHdrd =   0.00000
       cHurd =   0.00000
         cth =   0.00000
         cbh =   0.00000
 --------------

  mH       = 125.0000      GeV
  fact_scale 1.0
  ren_scale  1.0
  Kqq      =   0.22762369703746718            +-    1.7968531373416770E-003
  Kgq      =  -0.12067608090100992            +-    6.1986479452581246E-004
  K_nlo    =    1.1069476161364573            +-    1.9007665718512507E-003
  Kqq2     =    4.9343534689097392E-002       +-    1.6852358150715441E-003
  Kgq2     =   -6.4751474396891009E-002       +-    6.6545400156214180E-004
  Kqqs     =    2.4941305432467174E-003       +-    1.6429292914146820E-005
  Kgg      =    2.7673379716000443E-003       +-    7.4942007302235507E-006
  K_nnlo   =    1.0968011449435102            +-    2.6260404463702225E-003
  sig_LO   = (   4.8746068360483563E-002       +-    1.8238219857387742E-004 ) fb
  sig_NLO  = (   5.3959344167662064E-002       +-    2.0456831705037757E-004 ) fb
  sig_NNLO = (   5.3464743589273001E-002       +-    2.2282192015609089E-004 ) fb

  pp ---> HHW+ + X
  ===============

  PDFSET = PDF4LHC21_40                                NSET =  25
  Sqrt(S)  = 13.6 TeV
  LOOP     = 3
  alphaS(MZ) =   0.11800
          kl =   1.00000
          kv =   1.00000
         k2v =   1.00000
         kth =   1.00000
         kbh =   1.00000
        cHsq =   0.00000
       chdup =   0.00000
         cHw =   0.00000
          cH =   0.00000
         cHb =   0.00000
        cHwb =   0.00000
      cHq1st =   0.00000
      cHq3st =  -0.01000
      cHq1rd =   0.00000
      cHq3rd =   0.00000
       cHdst =   0.00000
       cHust =   0.00000
       cHdrd =   0.00000
       cHurd =   0.00000
         cth =   0.00000
         cbh =   0.00000
 --------------

  mH       = 125.0000      GeV
  fact_scale 1.0
  ren_scale  1.0
  Kqq      =   0.22768581823074452            +-    1.7667115141308714E-003
  Kgq      =  -0.11949185342790265            +-    6.1449430655012094E-004
  K_nlo    =    1.1081939648028420            +-    1.8705274194582421E-003
  Kqq2     =    4.9179736108171619E-002       +-    1.6560646563050195E-003
  Kgq2     =   -6.4127868922196365E-002       +-    6.5981326530468553E-004
  Kqqs     =    2.4701115533142834E-003       +-    1.6209708331045921E-005
  Kgg      =    2.7517918055466159E-003       +-    7.4672549269428610E-006
  K_nnlo   =    1.0984677353476782            +-    2.5840075527018350E-003
  sig_LO   = (   4.9146341767247810E-002       +-    1.8094315615647046E-004 ) fb
  sig_NLO  = (   5.4463679338601856E-002       +-    2.0295682646744571E-004 ) fb
  sig_NNLO = (   5.3985670741691701E-002       +-    2.2106115317198805E-004 ) fb

  pp ---> HHW+ + X
  ===============

  PDFSET = PDF4LHC21_40                                NSET =  26
  Sqrt(S)  = 13.6 TeV
  LOOP     = 3
  alphaS(MZ) =   0.11800
          kl =   1.00000
          kv =   1.00000
         k2v =   1.00000
         kth =   1.00000
         kbh =   1.00000
        cHsq =   0.00000
       chdup =   0.00000
         cHw =   0.00000
          cH =   0.00000
         cHb =   0.00000
        cHwb =   0.00000
      cHq1st =   0.00000
      cHq3st =  -0.01000
      cHq1rd =   0.00000
      cHq3rd =   0.00000
       cHdst =   0.00000
       cHust =   0.00000
       cHdrd =   0.00000
       cHurd =   0.00000
         cth =   0.00000
         cbh =   0.00000
 --------------

  mH       = 125.0000      GeV
  fact_scale 1.0
  ren_scale  1.0
  Kqq      =   0.22756577735644926            +-    1.7677115984390847E-003
  Kgq      =  -0.11952976684451284            +-    6.1433781272599822E-004
  K_nlo    =    1.1080360105119365            +-    1.8714206484382466E-003
  Kqq2     =    4.9132214337764844E-002       +-    1.6577600826150971E-003
  Kgq2     =   -6.4136791594031059E-002       +-    6.5937992242885561E-004
  Kqqs     =    2.4736600999795376E-003       +-    1.6296285348762175E-005
  Kgg      =    2.7387952612650621E-003       +-    7.4181256652424128E-006
  K_nnlo   =    1.0982438886169148            +-    2.5856307189001059E-003
  sig_LO   = (   4.9198649493718598E-002       +-    1.8123383141106721E-004 ) fb
  sig_NLO  = (   5.4513875307595057E-002       +-    2.0328019714758826E-004 ) fb
  sig_NNLO = (   5.4032116134682125E-002       +-    2.2142260177632515E-004 ) fb

  pp ---> HHW+ + X
  ===============

  PDFSET = PDF4LHC21_40                                NSET =  27
  Sqrt(S)  = 13.6 TeV
  LOOP     = 3
  alphaS(MZ) =   0.11800
          kl =   1.00000
          kv =   1.00000
         k2v =   1.00000
         kth =   1.00000
         kbh =   1.00000
        cHsq =   0.00000
       chdup =   0.00000
         cHw =   0.00000
          cH =   0.00000
         cHb =   0.00000
        cHwb =   0.00000
      cHq1st =   0.00000
      cHq3st =  -0.01000
      cHq1rd =   0.00000
      cHq3rd =   0.00000
       cHdst =   0.00000
       cHust =   0.00000
       cHdrd =   0.00000
       cHurd =   0.00000
         cth =   0.00000
         cbh =   0.00000
 --------------

  mH       = 125.0000      GeV
  fact_scale 1.0
  ren_scale  1.0
  Kqq      =   0.22758301886851928            +-    1.7598345333718248E-003
  Kgq      =  -0.11904891814839196            +-    6.1171017068519992E-004
  K_nlo    =    1.1085341007201273            +-    1.8631175265580390E-003
  Kqq2     =    4.9111931279621115E-002       +-    1.6515651162232095E-003
  Kgq2     =   -6.3874333150350002E-002       +-    6.5668337645904582E-004
  Kqqs     =    2.4599890651429918E-003       +-    1.6160786725688736E-005
  Kgg      =    2.7251430408988327E-003       +-    7.3761382980148538E-006
  K_nnlo   =    1.0989568309554401            +-    2.5749607543134648E-003
  sig_LO   = (   4.9467451383958638E-002       +-    1.8152007384757631E-004 ) fb
  sig_NLO  = (   5.4836356734833204E-002       +-    2.0357720973182179E-004 ) fb
  sig_NNLO = (   5.4362593608357490E-002       +-    2.2175295401244180E-004 ) fb

  pp ---> HHW+ + X
  ===============

  PDFSET = PDF4LHC21_40                                NSET =  28
  Sqrt(S)  = 13.6 TeV
  LOOP     = 3
  alphaS(MZ) =   0.11800
          kl =   1.00000
          kv =   1.00000
         k2v =   1.00000
         kth =   1.00000
         kbh =   1.00000
        cHsq =   0.00000
       chdup =   0.00000
         cHw =   0.00000
          cH =   0.00000
         cHb =   0.00000
        cHwb =   0.00000
      cHq1st =   0.00000
      cHq3st =  -0.01000
      cHq1rd =   0.00000
      cHq3rd =   0.00000
       cHdst =   0.00000
       cHust =   0.00000
       cHdrd =   0.00000
       cHurd =   0.00000
         cth =   0.00000
         cbh =   0.00000
 --------------

  mH       = 125.0000      GeV
  fact_scale 1.0
  ren_scale  1.0
  Kqq      =   0.22759152745100747            +-    1.7641234282549005E-003
  Kgq      =  -0.11893967849293832            +-    6.1051008580466251E-004
  K_nlo    =    1.1086518489580690            +-    1.8667763751952294E-003
  Kqq2     =    4.9127999995224318E-002       +-    1.6560584441651827E-003
  Kgq2     =   -6.3810965894399510E-002       +-    6.5575994163911066E-004
  Kqqs     =    2.4646709730487470E-003       +-    1.6215987549976327E-005
  Kgg      =    2.7213688488907381E-003       +-    7.3562689265818298E-006
  K_nnlo   =    1.0991549228808333            +-    2.5802561460988938E-003
  sig_LO   = (   4.9393430325399813E-002       +-    1.8156192726371268E-004 ) fb
  sig_NLO  = (   5.4760117856636065E-002       +-    2.0363391174474767E-004 ) fb
  sig_NNLO = (   5.4291032100134654E-002       +-    2.2182797438815392E-004 ) fb

  pp ---> HHW+ + X
  ===============

  PDFSET = PDF4LHC21_40                                NSET =  29
  Sqrt(S)  = 13.6 TeV
  LOOP     = 3
  alphaS(MZ) =   0.11800
          kl =   1.00000
          kv =   1.00000
         k2v =   1.00000
         kth =   1.00000
         kbh =   1.00000
        cHsq =   0.00000
       chdup =   0.00000
         cHw =   0.00000
          cH =   0.00000
         cHb =   0.00000
        cHwb =   0.00000
      cHq1st =   0.00000
      cHq3st =  -0.01000
      cHq1rd =   0.00000
      cHq3rd =   0.00000
       cHdst =   0.00000
       cHust =   0.00000
       cHdrd =   0.00000
       cHurd =   0.00000
         cth =   0.00000
         cbh =   0.00000
 --------------

  mH       = 125.0000      GeV
  fact_scale 1.0
  ren_scale  1.0
  Kqq      =   0.22761586243340703            +-    1.7634151481325353E-003
  Kgq      =  -0.11898849345995803            +-    6.1103337549125330E-004
  K_nlo    =    1.1086273689734489            +-    1.8662783207837803E-003
  Kqq2     =    4.9129943169583544E-002       +-    1.6553443921114841E-003
  Kgq2     =   -6.3847871013907306E-002       +-    6.5605352171026177E-004
  Kqqs     =    2.4678478035015904E-003       +-    1.6205579125927404E-005
  Kgg      =    2.7223011471751964E-003       +-    7.3704249943808764E-006
  K_nnlo   =    1.0990995900798020            +-    2.5795121621016454E-003
  sig_LO   = (   4.9441330365529862E-002       +-    1.8172379880597783E-004 ) fb
  sig_NLO  = (   5.4812012001684465E-002       +-    2.0380757768330681E-004 ) fb
  sig_NNLO = (   5.4340945937753939E-002       +-    2.2201033997464205E-004 ) fb

  pp ---> HHW+ + X
  ===============

  PDFSET = PDF4LHC21_40                                NSET =  30
  Sqrt(S)  = 13.6 TeV
  LOOP     = 3
  alphaS(MZ) =   0.11800
          kl =   1.00000
          kv =   1.00000
         k2v =   1.00000
         kth =   1.00000
         kbh =   1.00000
        cHsq =   0.00000
       chdup =   0.00000
         cHw =   0.00000
          cH =   0.00000
         cHb =   0.00000
        cHwb =   0.00000
      cHq1st =   0.00000
      cHq3st =  -0.01000
      cHq1rd =   0.00000
      cHq3rd =   0.00000
       cHdst =   0.00000
       cHust =   0.00000
       cHdrd =   0.00000
       cHurd =   0.00000
         cth =   0.00000
         cbh =   0.00000
 --------------

  mH       = 125.0000      GeV
  fact_scale 1.0
  ren_scale  1.0
  Kqq      =   0.22748983005343199            +-    1.7612780743723945E-003
  Kgq      =  -0.11941463758624103            +-    6.1183355650017005E-004
  K_nlo    =    1.1080751924671910            +-    1.8645215890744137E-003
  Kqq2     =    4.9077298195974915E-002       +-    1.6513298757774074E-003
  Kgq2     =   -6.4046604162769388E-002       +-    6.5719283173910198E-004
  Kqqs     =    2.4637686742969450E-003       +-    1.6171641563765450E-005
  Kgg      =    2.7343076704512215E-003       +-    7.3672935147945615E-006
  K_nnlo   =    1.0983039628451445            +-    2.5759560034778282E-003
  sig_LO   = (   4.9395798942821124E-002       +-    1.8154438670279501E-004 ) fb
  sig_NLO  = (   5.4734259420637185E-002       +-    2.0356986127935924E-004 ) fb
  sig_NNLO = (   5.4251601726802455E-002       +-    2.2169514980544086E-004 ) fb

  pp ---> HHW+ + X
  ===============

  PDFSET = PDF4LHC21_40                                NSET =  31
  Sqrt(S)  = 13.6 TeV
  LOOP     = 3
  alphaS(MZ) =   0.11800
          kl =   1.00000
          kv =   1.00000
         k2v =   1.00000
         kth =   1.00000
         kbh =   1.00000
        cHsq =   0.00000
       chdup =   0.00000
         cHw =   0.00000
          cH =   0.00000
         cHb =   0.00000
        cHwb =   0.00000
      cHq1st =   0.00000
      cHq3st =  -0.01000
      cHq1rd =   0.00000
      cHq3rd =   0.00000
       cHdst =   0.00000
       cHust =   0.00000
       cHdrd =   0.00000
       cHurd =   0.00000
         cth =   0.00000
         cbh =   0.00000
 --------------

  mH       = 125.0000      GeV
  fact_scale 1.0
  ren_scale  1.0
  Kqq      =   0.22726786463951204            +-    1.7551933188125265E-003
  Kgq      =  -0.11835088780685392            +-    6.0735158491275810E-004
  K_nlo    =    1.1089169768326581            +-    1.8573043730364094E-003
  Kqq2     =    4.9035110279778339E-002       +-    1.6369352784748378E-003
  Kgq2     =   -6.3477810397484943E-002       +-    6.5255107977798112E-004
  Kqqs     =    2.4443043749649181E-003       +-    1.6058828193998730E-005
  Kgg      =    2.7048393657449488E-003       +-    7.2971205915139421E-006
  K_nnlo   =    1.0996234204556614            +-    2.5603262850009889E-003
  sig_LO   = (   4.9686192928217507E-002       +-    1.8220081104966144E-004 ) fb
  sig_NLO  = (   5.5097862852283151E-002       +-    2.0423803229095700E-004 ) fb
  sig_NNLO = (   5.4636101417146428E-002       +-    2.2221667075389230E-004 ) fb

  pp ---> HHW+ + X
  ===============

  PDFSET = PDF4LHC21_40                                NSET =  32
  Sqrt(S)  = 13.6 TeV
  LOOP     = 3
  alphaS(MZ) =   0.11800
          kl =   1.00000
          kv =   1.00000
         k2v =   1.00000
         kth =   1.00000
         kbh =   1.00000
        cHsq =   0.00000
       chdup =   0.00000
         cHw =   0.00000
          cH =   0.00000
         cHb =   0.00000
        cHwb =   0.00000
      cHq1st =   0.00000
      cHq3st =  -0.01000
      cHq1rd =   0.00000
      cHq3rd =   0.00000
       cHdst =   0.00000
       cHust =   0.00000
       cHdrd =   0.00000
       cHurd =   0.00000
         cth =   0.00000
         cbh =   0.00000
 --------------

  mH       = 125.0000      GeV
  fact_scale 1.0
  ren_scale  1.0
  Kqq      =   0.22749943458539884            +-    1.7651646044922584E-003
  Kgq      =  -0.11919948958134728            +-    6.1308061921406729E-004
  K_nlo    =    1.1082999450040516            +-    1.8686021317038614E-003
  Kqq2     =    4.9095835366164929E-002       +-    1.6578163111286809E-003
  Kgq2     =   -6.3966010347019445E-002       +-    6.5802104574969392E-004
  Kqqs     =    2.4639659721446623E-003       +-    1.6230660004275850E-005
  Kgg      =    2.7318711753156221E-003       +-    7.3961813615392932E-006
  K_nnlo   =    1.0986256071706575            +-    2.5832806046817581E-003
  sig_LO   = (   4.9342825969299363E-002       +-    1.8139362958414541E-004 ) fb
  sig_NLO  = (   5.4686651308118971E-002       +-    2.0348188593468034E-004 ) fb
  sig_NNLO = (   5.4209292140037592E-002       +-    2.2170097685442379E-004 ) fb

  pp ---> HHW+ + X
  ===============

  PDFSET = PDF4LHC21_40                                NSET =  33
  Sqrt(S)  = 13.6 TeV
  LOOP     = 3
  alphaS(MZ) =   0.11800
          kl =   1.00000
          kv =   1.00000
         k2v =   1.00000
         kth =   1.00000
         kbh =   1.00000
        cHsq =   0.00000
       chdup =   0.00000
         cHw =   0.00000
          cH =   0.00000
         cHb =   0.00000
        cHwb =   0.00000
      cHq1st =   0.00000
      cHq3st =  -0.01000
      cHq1rd =   0.00000
      cHq3rd =   0.00000
       cHdst =   0.00000
       cHust =   0.00000
       cHdrd =   0.00000
       cHurd =   0.00000
         cth =   0.00000
         cbh =   0.00000
 --------------

  mH       = 125.0000      GeV
  fact_scale 1.0
  ren_scale  1.0
  Kqq      =   0.22755383447005306            +-    1.7653409538522752E-003
  Kgq      =  -0.11932111428982500            +-    6.1321903008007377E-004
  K_nlo    =    1.1082327201802280            +-    1.8688141325986399E-003
  Kqq2     =    4.9109143113746714E-002       +-    1.6557134566349567E-003
  Kgq2     =   -6.4024509023053899E-002       +-    6.5835323321432901E-004
  Kqqs     =    2.4667331313541975E-003       +-    1.6223500866633660E-005
  Kgg      =    2.7328585999850863E-003       +-    7.3959307429085357E-006
  K_nnlo   =    1.0985169460022601            +-    2.5821696679610671E-003
  sig_LO   = (   4.9252510914374985E-002       +-    1.8121316400337051E-004 ) fb
  sig_NLO  = (   5.4583244146344162E-002       +-    2.0324927995613769E-004 ) fb
  sig_NNLO = (   5.4104717872602202E-002       +-    2.2138776142935620E-004 ) fb

  pp ---> HHW+ + X
  ===============

  PDFSET = PDF4LHC21_40                                NSET =  34
  Sqrt(S)  = 13.6 TeV
  LOOP     = 3
  alphaS(MZ) =   0.11800
          kl =   1.00000
          kv =   1.00000
         k2v =   1.00000
         kth =   1.00000
         kbh =   1.00000
        cHsq =   0.00000
       chdup =   0.00000
         cHw =   0.00000
          cH =   0.00000
         cHb =   0.00000
        cHwb =   0.00000
      cHq1st =   0.00000
      cHq3st =  -0.01000
      cHq1rd =   0.00000
      cHq3rd =   0.00000
       cHdst =   0.00000
       cHust =   0.00000
       cHdrd =   0.00000
       cHurd =   0.00000
         cth =   0.00000
         cbh =   0.00000
 --------------

  mH       = 125.0000      GeV
  fact_scale 1.0
  ren_scale  1.0
  Kqq      =   0.22781978270066192            +-    1.7797497225142424E-003
  Kgq      =  -0.12068630171387226            +-    6.2183052708599949E-004
  K_nlo    =    1.1071334809867897            +-    1.8852539031137356E-003
  Kqq2     =    4.9230116012001827E-002       +-    1.6340607681163781E-003
  Kgq2     =   -6.4787602424872734E-002       +-    6.6697057241048362E-004
  Kqqs     =    2.4969075112194748E-003       +-    1.6443297347618741E-005
  Kgg      =    2.7730029747876981E-003       +-    7.5452903044672657E-006
  K_nnlo   =    1.0968459050599260            +-    2.5825402089798468E-003
  sig_LO   = (   4.8778765414262959E-002       +-    1.7941605559874347E-004 ) fb
  sig_NLO  = (   5.4004604351330976E-002       +-    2.0161058610397757E-004 ) fb
  sig_NNLO = (   5.3502789098513068E-002       +-    2.1922442549068057E-004 ) fb

  pp ---> HHW+ + X
  ===============

  PDFSET = PDF4LHC21_40                                NSET =  35
  Sqrt(S)  = 13.6 TeV
  LOOP     = 3
  alphaS(MZ) =   0.11800
          kl =   1.00000
          kv =   1.00000
         k2v =   1.00000
         kth =   1.00000
         kbh =   1.00000
        cHsq =   0.00000
       chdup =   0.00000
         cHw =   0.00000
          cH =   0.00000
         cHb =   0.00000
        cHwb =   0.00000
      cHq1st =   0.00000
      cHq3st =  -0.01000
      cHq1rd =   0.00000
      cHq3rd =   0.00000
       cHdst =   0.00000
       cHust =   0.00000
       cHdrd =   0.00000
       cHurd =   0.00000
         cth =   0.00000
         cbh =   0.00000
 --------------

  mH       = 125.0000      GeV
  fact_scale 1.0
  ren_scale  1.0
  Kqq      =   0.22733904981158204            +-    1.7661681687369450E-003
  Kgq      =  -0.11923072905866092            +-    6.1244325349834304E-004
  K_nlo    =    1.1081083207529212            +-    1.8693412580412516E-003
  Kqq2     =    4.9040657679453592E-002       +-    1.6593309825842664E-003
  Kgq2     =   -6.3977547602796295E-002       +-    6.5751790756926696E-004
  Kqqs     =    2.4651486212266846E-003       +-    1.6194980179460439E-005
  Kgg      =    2.7322283287726248E-003       +-    7.4003797638153224E-006
  K_nnlo   =    1.0983688077795777            +-    2.5846591439795778E-003
  sig_LO   = (   4.9350796512358339E-002       +-    1.8141687190300650E-004 ) fb
  sig_NLO  = (   5.4686028251128511E-002       +-    2.0352588530736664E-004 ) fb
  sig_NNLO = (   5.4205375528251568E-002       +-    2.2177095445328470E-004 ) fb

  pp ---> HHW+ + X
  ===============

  PDFSET = PDF4LHC21_40                                NSET =  36
  Sqrt(S)  = 13.6 TeV
  LOOP     = 3
  alphaS(MZ) =   0.11800
          kl =   1.00000
          kv =   1.00000
         k2v =   1.00000
         kth =   1.00000
         kbh =   1.00000
        cHsq =   0.00000
       chdup =   0.00000
         cHw =   0.00000
          cH =   0.00000
         cHb =   0.00000
        cHwb =   0.00000
      cHq1st =   0.00000
      cHq3st =  -0.01000
      cHq1rd =   0.00000
      cHq3rd =   0.00000
       cHdst =   0.00000
       cHust =   0.00000
       cHdrd =   0.00000
       cHurd =   0.00000
         cth =   0.00000
         cbh =   0.00000
 --------------

  mH       = 125.0000      GeV
  fact_scale 1.0
  ren_scale  1.0
  Kqq      =   0.22753941358044963            +-    1.7570540449721788E-003
  Kgq      =  -0.11899812084214245            +-    6.1145965705011675E-004
  K_nlo    =    1.1085412927383071            +-    1.8604090488795581E-003
  Kqq2     =    4.9081092536344892E-002       +-    1.6476795635931840E-003
  Kgq2     =   -6.3844898222919208E-002       +-    6.5674671848704432E-004
  Kqqs     =    2.4535649797679240E-003       +-    1.6120044936007956E-005
  Kgg      =    2.7369800959169857E-003       +-    7.4036887118264722E-006
  K_nnlo   =    1.0989680321274178            +-    2.5705253735636125E-003
  sig_LO   = (   4.9490534383264791E-002       +-    1.8120190369769339E-004 ) fb
  sig_NLO  = (   5.4862300963533991E-002       +-    2.0325230766719780E-004 ) fb
  sig_NNLO = (   5.4388515180110820E-002       +-    2.2140056943206204E-004 ) fb

  pp ---> HHW+ + X
  ===============

  PDFSET = PDF4LHC21_40                                NSET =  37
  Sqrt(S)  = 13.6 TeV
  LOOP     = 3
  alphaS(MZ) =   0.11800
          kl =   1.00000
          kv =   1.00000
         k2v =   1.00000
         kth =   1.00000
         kbh =   1.00000
        cHsq =   0.00000
       chdup =   0.00000
         cHw =   0.00000
          cH =   0.00000
         cHb =   0.00000
        cHwb =   0.00000
      cHq1st =   0.00000
      cHq3st =  -0.01000
      cHq1rd =   0.00000
      cHq3rd =   0.00000
       cHdst =   0.00000
       cHust =   0.00000
       cHdrd =   0.00000
       cHurd =   0.00000
         cth =   0.00000
         cbh =   0.00000
 --------------

  mH       = 125.0000      GeV
  fact_scale 1.0
  ren_scale  1.0
  Kqq      =   0.22739163179186231            +-    1.7660861516235801E-003
  Kgq      =  -0.11938676948654317            +-    6.1295874805878715E-004
  K_nlo    =    1.1080048623053191            +-    1.8694327272673877E-003
  Kqq2     =    4.9067903543861181E-002       +-    1.6578823087338831E-003
  Kgq2     =   -6.4058425323626489E-002       +-    6.5818911840774237E-004
  Kqqs     =    2.4661699703698004E-003       +-    1.6209875236174501E-005
  Kgg      =    2.7331017766347903E-003       +-    7.3984956637242687E-006
  K_nnlo   =    1.0982136122725585            +-    2.5839665022547782E-003
  sig_LO   = (   4.9309284530047945E-002       +-    1.8131004115269221E-004 ) fb
  sig_NLO  = (   5.4634927016089574E-002       +-    2.0339753039557977E-004 ) fb
  sig_NNLO = (   5.4152127482319332E-002       +-    2.2160221358222162E-004 ) fb

  pp ---> HHW+ + X
  ===============

  PDFSET = PDF4LHC21_40                                NSET =  38
  Sqrt(S)  = 13.6 TeV
  LOOP     = 3
  alphaS(MZ) =   0.11800
          kl =   1.00000
          kv =   1.00000
         k2v =   1.00000
         kth =   1.00000
         kbh =   1.00000
        cHsq =   0.00000
       chdup =   0.00000
         cHw =   0.00000
          cH =   0.00000
         cHb =   0.00000
        cHwb =   0.00000
      cHq1st =   0.00000
      cHq3st =  -0.01000
      cHq1rd =   0.00000
      cHq3rd =   0.00000
       cHdst =   0.00000
       cHust =   0.00000
       cHdrd =   0.00000
       cHurd =   0.00000
         cth =   0.00000
         cbh =   0.00000
 --------------

  mH       = 125.0000      GeV
  fact_scale 1.0
  ren_scale  1.0
  Kqq      =   0.22680900460666578            +-    1.7875312648737492E-003
  Kgq      =  -0.12012724225950418            +-    6.1737683592851921E-004
  K_nlo    =    1.1066817623471616            +-    1.8911430883045987E-003
  Kqq2     =    4.8921769841453376E-002       +-    1.6865236433844556E-003
  Kgq2     =   -6.4454671047767684E-002       +-    6.6283536202374341E-004
  Kqqs     =    2.4844964662742099E-003       +-    1.6352571765348990E-005
  Kgg      =    2.7537027030137230E-003       +-    7.4514222898396301E-006
  K_nnlo   =    1.0963870603101356            +-    2.6192475689754231E-003
  sig_LO   = (   4.8943891135683586E-002       +-    1.8175378625144995E-004 ) fb
  sig_NLO  = (   5.4165311698165935E-002       +-    2.0396512979079591E-004 ) fb
  sig_NNLO = (   5.3661448922391414E-002       +-    2.2241559359484339E-004 ) fb

  pp ---> HHW+ + X
  ===============

  PDFSET = PDF4LHC21_40                                NSET =  39
  Sqrt(S)  = 13.6 TeV
  LOOP     = 3
  alphaS(MZ) =   0.11800
          kl =   1.00000
          kv =   1.00000
         k2v =   1.00000
         kth =   1.00000
         kbh =   1.00000
        cHsq =   0.00000
       chdup =   0.00000
         cHw =   0.00000
          cH =   0.00000
         cHb =   0.00000
        cHwb =   0.00000
      cHq1st =   0.00000
      cHq3st =  -0.01000
      cHq1rd =   0.00000
      cHq3rd =   0.00000
       cHdst =   0.00000
       cHust =   0.00000
       cHdrd =   0.00000
       cHurd =   0.00000
         cth =   0.00000
         cbh =   0.00000
 --------------

  mH       = 125.0000      GeV
  fact_scale 1.0
  ren_scale  1.0
  Kqq      =   0.22727544806997282            +-    1.7660845316408121E-003
  Kgq      =  -0.11941543144797721            +-    6.1435766411941511E-004
  K_nlo    =    1.1078600166219956            +-    1.8698903476843799E-003
  Kqq2     =    4.9018024044391276E-002       +-    1.6589314992259637E-003
  Kgq2     =   -6.4080364071260290E-002       +-    6.5937108613245378E-004
  Kqqs     =    2.4552931421767798E-003       +-    1.6213313517268823E-005
  Kgg      =    2.7404175736104913E-003       +-    7.4385919472372301E-006
  K_nnlo   =    1.0979933873109140            +-    2.5852721452296222E-003
  sig_LO   = (   4.9276939461353045E-002       +-    1.8107588810232264E-004 ) fb
  sig_NLO  = (   5.4591950970735659E-002       +-    2.0317163352146194E-004 ) fb
  sig_NNLO = (   5.4105753675485875E-002       +-    2.2139960403669799E-004 ) fb

  pp ---> HHW+ + X
  ===============

  PDFSET = PDF4LHC21_40                                NSET =  40
  Sqrt(S)  = 13.6 TeV
  LOOP     = 3
  alphaS(MZ) =   0.11800
          kl =   1.00000
          kv =   1.00000
         k2v =   1.00000
         kth =   1.00000
         kbh =   1.00000
        cHsq =   0.00000
       chdup =   0.00000
         cHw =   0.00000
          cH =   0.00000
         cHb =   0.00000
        cHwb =   0.00000
      cHq1st =   0.00000
      cHq3st =  -0.01000
      cHq1rd =   0.00000
      cHq3rd =   0.00000
       cHdst =   0.00000
       cHust =   0.00000
       cHdrd =   0.00000
       cHurd =   0.00000
         cth =   0.00000
         cbh =   0.00000
 --------------

  mH       = 125.0000      GeV
  fact_scale 1.0
  ren_scale  1.0
  Kqq      =   0.22753852503096428            +-    1.7619407071021455E-003
  Kgq      =  -0.11897784689995861            +-    6.1103451338779993E-004
  K_nlo    =    1.1085606781310058            +-    1.8648855814485440E-003
  Kqq2     =    4.9104038120155791E-002       +-    1.6532054273949554E-003
  Kgq2     =   -6.3839536697906804E-002       +-    6.5599076168223135E-004
  Kqqs     =    2.4607102459231122E-003       +-    1.6158937558270156E-005
  Kgg      =    2.7280237983601792E-003       +-    7.3812264482644403E-006
  K_nnlo   =    1.0990139135975381            +-    2.5771158084653737E-003
  sig_LO   = (   4.9397427866308422E-002       +-    1.8130199867271812E-004 ) fb
  sig_NLO  = (   5.4760046133402303E-002       +-    2.0336324800010293E-004 ) fb
  sig_NNLO = (   5.4288460521003695E-002       +-    2.2153203176604846E-004 ) fb

  pp ---> HHW+ + X
  ===============

  PDFSET = PDF4LHC21_40                                NSET =  41
  Sqrt(S)  = 13.6 TeV
  LOOP     = 3
  alphaS(MZ) =   0.11700
          kl =   1.00000
          kv =   1.00000
         k2v =   1.00000
         kth =   1.00000
         kbh =   1.00000
        cHsq =   0.00000
       chdup =   0.00000
         cHw =   0.00000
          cH =   0.00000
         cHb =   0.00000
        cHwb =   0.00000
      cHq1st =   0.00000
      cHq3st =  -0.01000
      cHq1rd =   0.00000
      cHq3rd =   0.00000
       cHdst =   0.00000
       cHust =   0.00000
       cHdrd =   0.00000
       cHurd =   0.00000
         cth =   0.00000
         cbh =   0.00000
 --------------

  mH       = 125.0000      GeV
  fact_scale 1.0
  ren_scale  1.0
  Kqq      =   0.22510121224720139            +-    1.7758856340750768E-003
  Kgq      =  -0.11909049120912230            +-    6.0741001334777532E-004
  K_nlo    =    1.1060107210380790            +-    1.8768901698366322E-003
  Kqq2     =    4.8187024701722515E-002       +-    1.6652693277209776E-003
  Kgq2     =   -6.3423629689480648E-002       +-    6.4855832564637546E-004
  Kqqs     =    2.4427413332415875E-003       +-    1.6157416815845515E-005
  Kgg      =    2.6812523712714995E-003       +-    7.1987862754085205E-006
  K_nnlo   =    1.0958981097548339            +-    2.5916750239728917E-003
  sig_LO   = (   4.8932376069112708E-002       +-    1.8154659988336291E-004 ) fb
  sig_NLO  = (   5.4119732538305793E-002       +-    2.0345486306100281E-004 ) fb
  sig_NNLO = (   5.3624898439953293E-002       +-    2.2145354588136510E-004 ) fb

  pp ---> HHW+ + X
  ===============

  PDFSET = PDF4LHC21_40                                NSET =  42
  Sqrt(S)  = 13.6 TeV
  LOOP     = 3
  alphaS(MZ) =   0.11900
          kl =   1.00000
          kv =   1.00000
         k2v =   1.00000
         kth =   1.00000
         kbh =   1.00000
        cHsq =   0.00000
       chdup =   0.00000
         cHw =   0.00000
          cH =   0.00000
         cHb =   0.00000
        cHwb =   0.00000
      cHq1st =   0.00000
      cHq3st =  -0.01000
      cHq1rd =   0.00000
      cHq3rd =   0.00000
       cHdst =   0.00000
       cHust =   0.00000
       cHdrd =   0.00000
       cHurd =   0.00000
         cth =   0.00000
         cbh =   0.00000
 --------------

  mH       = 125.0000      GeV
  fact_scale 1.0
  ren_scale  1.0
  Kqq      =   0.22965229475153703            +-    1.7555298475368387E-003
  Kgq      =  -0.11755075428911499            +-    5.9875578956373749E-004
  K_nlo    =    1.1121015404624222            +-    1.8548297876432788E-003
  Kqq2     =    4.9955559294630310E-002       +-    1.6528040047518698E-003
  Kgq2     =   -6.3515102571244014E-002       +-    6.4812785170332220E-004
  Kqqs     =    2.4870960723329459E-003       +-    1.6213082916093549E-005
  Kgg      =    2.6647541855207677E-003       +-    7.2118260192476375E-006
  K_nnlo   =    1.1036938474436622            +-    2.5675940500589980E-003
  sig_LO   = (   5.0120876797460273E-002       +-    1.8251138593386833E-004 ) fb
  sig_NLO  = (   5.5739504295782838E-002       +-    2.0482437963271756E-004 ) fb
  sig_NNLO = (   5.5318103349838700E-002       +-    2.2331936512042861E-004 ) fb

