  pp ---> HHW+ + X
  ===============

  PDFSET = PDF4LHC21_40                                NSET =   0
  Sqrt(S)  = 13.6 TeV
  LOOP     = 3
  alphaS(MZ) =   0.11800
          kl =   1.00000
          kv =   1.00000
         k2v =   1.00000
         kth =   1.00000
         kbh =   1.00000
        cHsq =   0.00000
       chdup =   0.00000
         cHw =   0.00000
          cH =   0.00000
         cHb =   0.00000
        cHwb =   0.00000
      cHq1st =   0.00000
      cHq3st =  -0.02857
      cHq1rd =   0.00000
      cHq3rd =   0.00000
       cHdst =   0.00000
       cHust =   0.00000
       cHdrd =   0.00000
       cHurd =   0.00000
         cth =   0.00000
         cbh =   0.00000
 --------------

  mH       = 125.0000      GeV
  fact_scale 0.5
  ren_scale  0.5
  Kqq      =   0.20048466574299975            +-   -4.0273070145590119E-004
  Kgq      =   -2.2217793918014969E-002       +-   -1.3274233479661603E-004
  K_nlo    =    1.1782668718249847            +-    4.2404309373272328E-004
  Kqq2     =    2.4620008620442526E-002       +-   -2.6671613578817320E-004
  Kgq2     =   -1.2282551288327040E-002       +-   -1.1492803391999195E-004
  Kqqs     =    7.2467888610359401E-004       +-   -3.0413744768456611E-006
  Kgg      =    1.5231316274562506E-004       +-   -1.0434273443607875E-006
  K_nnlo   =    1.1914813212059492            +-    5.1397357335979891E-004
  sig_LO   = ( -0.42833300428096299            +-    4.5312207037348322E-004 ) fb
  sig_NLO  = ( -0.50469058905352804            +-    4.8816971205785820E-004 ) fb
  sig_NNLO = ( -0.51035077385679528            +-    5.0377221581545512E-004 ) fb

  mH       = 125.0000      GeV
  fact_scale 1.0
  ren_scale  0.5
  Kqq      =   0.28084735606022304            +-   -5.1408668197064865E-004
  Kgq      =   -5.4526139983703398E-002       +-   -1.3731030395028898E-004
  K_nlo    =    1.2263212160765198            +-    5.3210829363064020E-004
  Kqq2     =    4.5631250785979821E-002       +-   -4.2010239686303771E-004
  Kgq2     =   -2.5057858438748165E-002       +-   -1.6450582636860759E-004
  Kqqs     =    1.7129830825732459E-003       +-   -4.0243710463443851E-006
  Kgg      =    5.1140019190776969E-004       +-   -1.3859067578304859E-006
  K_nnlo   =    1.2491189916982324            +-    6.9764284788827256E-004
  sig_LO   = ( -0.40903704833659660            +-    4.3425291534735102E-004 ) fb
  sig_NLO  = ( -0.50161081053648526            +-    4.8574477879443755E-004 ) fb
  sig_NNLO = ( -0.51093594538543063            +-    5.1962191543790306E-004 ) fb

  mH       = 125.0000      GeV
  fact_scale 0.5
  ren_scale  1.0
  Kqq      =   0.18542910146047853            +-   -3.7206721676180231E-004
  Kgq      =   -2.0544289592464716E-002       +-   -1.2235532584756352E-004
  K_nlo    =    1.1648848118680137            +-    3.9166929871019691E-004
  Kqq2     =    3.4338529492964995E-002       +-   -2.0973843219941068E-004
  Kgq2     =   -1.1972219534834825E-002       +-   -9.8111140870057708E-005
  Kqqs     =    6.1914231096662695E-004       +-   -2.5936088217600644E-006
  Kgg      =    1.2987435654987018E-004       +-   -8.8644088280007636E-007
  K_nnlo   =    1.1880001384936605            +-    4.5500369013952793E-004
  sig_LO   = ( -0.42833300428096299            +-    4.5312207037348322E-004 ) fb
  sig_NLO  = ( -0.49895861110869072            +-    4.8318181681875674E-004 ) fb
  sig_NNLO = ( -0.50885966840718966            +-    4.9325746840233014E-004 ) fb

  mH       = 125.0000      GeV
  fact_scale 1.0
  ren_scale  1.0
  Kqq      =   0.25975674425769035            +-   -4.7470771558628477E-004
  Kgq      =   -5.0390626321255474E-002       +-   -1.2659379417513843E-004
  K_nlo    =    1.2093661179364350            +-    4.9129767347383846E-004
  Kqq2     =    5.7643284673875625E-002       +-   -3.2131027783018811E-004
  Kgq2     =   -2.5099518619131587E-002       +-   -1.3263780818745729E-004
  Kqqs     =    1.4648600229749595E-003       +-   -3.4258224486970281E-006
  Kgg      =    4.3585507129321067E-004       +-   -1.1791592720951922E-006
  K_nnlo   =    1.2438105990854473            +-    6.0184683552954796E-004
  sig_LO   = ( -0.40903704833659660            +-    4.3425291534735102E-004 ) fb
  sig_NLO  = ( -0.49467554723900770            +-    4.7849774728637312E-004 ) fb
  sig_NNLO = ( -0.50876461613968527            +-    4.9917835630256967E-004 ) fb

  mH       = 125.0000      GeV
  fact_scale 1.5
  ren_scale  1.0
  Kqq      =   0.30410883569704644            +-   -5.5346665911690533E-004
  Kgq      =   -6.7139837001547339E-002       +-   -1.4609061625646668E-004
  K_nlo    =    1.2369689986954993            +-    5.7242275541091389E-004
  Kqq2     =    7.1484507811030953E-002       +-   -4.1824550335321293E-004
  Kgq2     =   -3.4417745716363281E-002       +-   -1.6122923780830152E-004
  Kqqs     =    2.5890892583834008E-003       +-   -4.6261624152379159E-006
  Kgg      =    6.8985113518708820E-004       +-   -1.3564876551799581E-006
  K_nnlo   =    1.2773147011837374            +-    7.2705929644637792E-004
  sig_LO   = ( -0.39844340877359674            +-    4.2371056114293317E-004 ) fb
  sig_NLO  = ( -0.49286214438749737            +-    4.8119668268767693E-004 ) fb
  sig_NNLO = ( -0.50893762361627637            +-    5.1327583761801834E-004 ) fb

  mH       = 125.0000      GeV
  fact_scale 2.0
  ren_scale  1.0
  Kqq      =   0.33586140677442555            +-   -6.1375836983608076E-004
  Kgq      =   -7.8716091358571189E-002       +-   -1.5378291009476662E-004
  K_nlo    =    1.2571453154158545            +-    6.3273100128021095E-004
  Kqq2     =    8.1368400559523990E-002       +-   -5.0219297742206195E-004
  Kgq2     =   -4.1744621728370200E-002       +-   -1.8856389081625132E-004
  Kqqs     =    3.6508700195853560E-003       +-   -5.7888935202140638E-006
  Kgg      =    8.9944748147036059E-004       +-   -1.5434773346108783E-006
  K_nnlo   =    1.3013194117480640            +-    8.2954116298308432E-004
  sig_LO   = ( -0.39121637621885608            +-    4.1646706442428319E-004 ) fb
  sig_NLO  = ( -0.49181583467750134            +-    4.8447730393712935E-004 ) fb
  sig_NNLO = ( -0.50909746456733096            +-    5.2798162238570868E-004 ) fb

  mH       = 125.0000      GeV
  fact_scale 1.0
  ren_scale  1.5
  Kqq      =   0.24885121501711843            +-   -4.5440335083958295E-004
  Kgq      =   -4.8254592963677817E-002       +-   -1.2107894115296942E-004
  K_nlo    =    1.2005966220534408            +-    4.7025792417030606E-004
  Kqq2     =    6.2859051492031998E-002       +-   -3.0335262553764447E-004
  Kgq2     =   -2.5003083556480569E-002       +-   -1.1959790398630408E-004
  Kqqs     =    1.3442181638209031E-003       +-   -3.1365781803313527E-006
  Kgg      =    3.9925869291203259E-004       +-   -1.0791944001164115E-006
  K_nnlo   =    1.2401960668457250            +-    5.7225867585096468E-004
  sig_LO   = ( -0.40903704833659660            +-    4.3425291534735102E-004 ) fb
  sig_NLO  = ( -0.49108849852762781            +-    4.7494761577156788E-004 ) fb
  sig_NNLO = ( -0.50728613854123183            +-    4.9332210567863558E-004 ) fb

  mH       = 125.0000      GeV
  fact_scale 1.5
  ren_scale  1.5
  Kqq      =   0.29134442006876743            +-   -5.2991463912636016E-004
  Kgq      =   -6.4287711053200997E-002       +-   -1.3981268297785896E-004
  K_nlo    =    1.2270567090155664            +-    5.4804845687392257E-004
  Kqq2     =    7.7317994702630427E-002       +-   -3.8340741156094336E-004
  Kgq2     =   -3.4190782493245066E-002       +-   -1.5256563538246879E-004
  Kqqs     =    2.3753811274029551E-003       +-   -4.2375336418534662E-006
  Kgg      =    6.3190783811670388E-004       +-   -1.2432369656082662E-006
  K_nnlo   =    1.2731912101904714            +-    6.8604236731482210E-004
  sig_LO   = ( -0.39844340877359674            +-    4.2371056114293317E-004 ) fb
  sig_NLO  = ( -0.48891265789867372            +-    4.7667019894282099E-004 ) fb
  sig_NNLO = ( -0.50729464580887251            +-    5.0423243439583622E-004 ) fb

  mH       = 125.0000      GeV
  fact_scale 2.0
  ren_scale  1.5
  Kqq      =   0.32176354333087515            +-   -5.8764703656172875E-004
  Kgq      =   -7.5370996823498779E-002       +-   -1.4716467232840733E-004
  K_nlo    =    1.2463925465073764            +-    6.0579409072828469E-004
  Kqq2     =    8.7668806757799839E-002       +-   -4.4900157427134319E-004
  Kgq2     =   -4.1377841234852282E-002       +-   -1.8078774814641343E-004
  Kqqs     =    3.3490063379980400E-003       +-   -5.3016029806273977E-006
  Kgg      =    8.2387218161446014E-004       +-   -1.4137145415893675E-006
  K_nnlo   =    1.2968563905499364            +-    7.7543743108149865E-004
  sig_LO   = ( -0.39121637621885608            +-    4.1646706442428319E-004 ) fb
  sig_NLO  = ( -0.48760917539080778            +-    4.7917866127892552E-004 ) fb
  sig_NNLO = ( -0.50735145758721156            +-    5.1524210242408631E-004 ) fb

  mH       = 125.0000      GeV
  fact_scale 1.0
  ren_scale  2.0
  Kqq      =   0.24166249683924082            +-   -4.4104151912471184E-004
  Kgq      =   -4.6847513455216941E-002       +-   -1.1745333918039910E-004
  K_nlo    =    1.1948149833840240            +-    4.5641308972953378E-004
  Kqq2     =    6.5968361117095170E-002       +-   -3.0205142949606947E-004
  Kgq2     =   -2.4884181968125592E-002       +-   -1.1400604677579375E-004
  Kqqs     =    1.2675431250953957E-003       +-   -2.9533522701524327E-006
  Kgg      =    3.7604782459979812E-004       +-   -1.0158588413323674E-006
  K_nnlo   =    1.2375427534826888            +-    5.5906628184620479E-004
  sig_LO   = ( -0.40903704833659660            +-    4.3425291534735102E-004 ) fb
  sig_NLO  = ( -0.48872359411174082            +-    4.7268245096628269E-004 ) fb
  sig_NNLO = ( -0.50620083507490332            +-    4.9078467580502931E-004 ) fb

  mH       = 125.0000      GeV
  fact_scale 1.5
  ren_scale  2.0
  Kqq      =   0.28292895509277127            +-   -5.1438124614126433E-004
  Kgq      =   -6.2409196084882844E-002       +-   -1.3568056759739891E-004
  K_nlo    =    1.2205197590078882            +-    5.3197488926207061E-004
  Kqq2     =    8.0699461059134184E-002       +-   -3.8045151232418939E-004
  Kgq2     =   -3.3993619975366755E-002       +-   -1.4868082018134173E-004
  Kqqs     =    2.2395891681267085E-003       +-   -3.9911648206017812E-006
  Kgg      =    5.9515822461814411E-004       +-   -1.1713559844811049E-006
  K_nnlo   =    1.2700603474844006            +-    6.7071896036746952E-004
  sig_LO   = ( -0.39844340877359674            +-    4.2371056114293317E-004 ) fb
  sig_NLO  = ( -0.48630805325463194            +-    4.7377049475311081E-004 ) fb
  sig_NNLO = ( -0.50604717419986345            +-    5.0094885372820475E-004 ) fb

  mH       = 125.0000      GeV
  fact_scale 2.0
  ren_scale  2.0
  Kqq      =   0.31247018169278068            +-   -5.7045697808214490E-004
  Kgq      =   -7.3167887118448169E-002       +-   -1.4281097776350167E-004
  K_nlo    =    1.2393022945743324            +-    5.8806133966821876E-004
  Kqq2     =    9.1259480939875168E-002       +-   -4.4113886378390664E-004
  Kgq2     =   -4.1094528511192226E-002       +-   -1.7572850468994868E-004
  Kqqs     =    3.1572360696761506E-003       +-   -4.9927208274879248E-006
  Kgg      =    7.7594261205101767E-004       +-   -1.3314393047978376E-006
  K_nnlo   =    1.2934004256847424            +-    7.5586165645929223E-004
  sig_LO   = ( -0.39121637621885608            +-    4.1646706442428319E-004 ) fb
  sig_NLO  = ( -0.48483535272308370            +-    4.7578573261044881E-004 ) fb
  sig_NNLO = ( -0.50599942753631089            +-    5.1077052943317245E-004 ) fb

  pp ---> HHW+ + X
  ===============

  PDFSET = PDF4LHC21_40                                NSET =   1
  Sqrt(S)  = 13.6 TeV
  LOOP     = 3
  alphaS(MZ) =   0.11800
          kl =   1.00000
          kv =   1.00000
         k2v =   1.00000
         kth =   1.00000
         kbh =   1.00000
        cHsq =   0.00000
       chdup =   0.00000
         cHw =   0.00000
          cH =   0.00000
         cHb =   0.00000
        cHwb =   0.00000
      cHq1st =   0.00000
      cHq3st =  -0.02857
      cHq1rd =   0.00000
      cHq3rd =   0.00000
       cHdst =   0.00000
       cHust =   0.00000
       cHdrd =   0.00000
       cHurd =   0.00000
         cth =   0.00000
         cbh =   0.00000
 --------------

  mH       = 125.0000      GeV
  fact_scale 1.0
  ren_scale  1.0
  Kqq      =   0.25992667950050252            +-   -4.7656127373276136E-004
  Kgq      =   -5.0482443440087704E-002       +-   -1.2698611236004127E-004
  K_nlo    =    1.2094442360604150            +-    4.9318974072268468E-004
  Kqq2     =    5.7706151554527220E-002       +-   -3.2054796601808922E-004
  Kgq2     =   -2.5146304425761951E-002       +-   -1.3306106074359057E-004
  Kqqs     =    1.4676041011261244E-003       +-   -3.4373839804070690E-006
  Kgg      =    4.3638455820033020E-004       +-   -1.1818949953323901E-006
  K_nnlo   =    1.2439080718485065            +-    6.0308007531592459E-004
  sig_LO   = ( -0.40836084082906288            +-    4.3652762351254604E-004 ) fb
  sig_NLO  = ( -0.49388966517349459            +-    4.8074741312876515E-004 ) fb
  sig_NNLO = ( -0.50796334613411454            +-    5.0120593606935702E-004 ) fb

  pp ---> HHW+ + X
  ===============

  PDFSET = PDF4LHC21_40                                NSET =   2
  Sqrt(S)  = 13.6 TeV
  LOOP     = 3
  alphaS(MZ) =   0.11800
          kl =   1.00000
          kv =   1.00000
         k2v =   1.00000
         kth =   1.00000
         kbh =   1.00000
        cHsq =   0.00000
       chdup =   0.00000
         cHw =   0.00000
          cH =   0.00000
         cHb =   0.00000
        cHwb =   0.00000
      cHq1st =   0.00000
      cHq3st =  -0.02857
      cHq1rd =   0.00000
      cHq3rd =   0.00000
       cHdst =   0.00000
       cHust =   0.00000
       cHdrd =   0.00000
       cHurd =   0.00000
         cth =   0.00000
         cbh =   0.00000
 --------------

  mH       = 125.0000      GeV
  fact_scale 1.0
  ren_scale  1.0
  Kqq      =   0.25966171267332050            +-   -4.7394110013922517E-004
  Kgq      =   -5.0198977079965207E-002       +-   -1.2603320614410074E-004
  K_nlo    =    1.2094627355933554            +-    4.9041261754989584E-004
  Kqq2     =    5.7618016141710297E-002       +-   -3.2078211376394329E-004
  Kgq2     =   -2.5009909455354928E-002       +-   -1.3210952345538385E-004
  Kqqs     =    1.4678960535294923E-003       +-   -3.4339412670954819E-006
  Kgg      =    4.3180251397660841E-004       +-   -1.1658938519514829E-006
  K_nnlo   =    1.2439705408472170            +-    6.0072604189573167E-004
  sig_LO   = ( -0.40866125072371406            +-    4.3322852912344273E-004 ) fb
  sig_NLO  = ( -0.49426055423130533            +-    4.7733864517389565E-004 ) fb
  sig_NNLO = ( -0.50836255708607869            +-    4.9794979184691684E-004 ) fb

  pp ---> HHW+ + X
  ===============

  PDFSET = PDF4LHC21_40                                NSET =   3
  Sqrt(S)  = 13.6 TeV
  LOOP     = 3
  alphaS(MZ) =   0.11800
          kl =   1.00000
          kv =   1.00000
         k2v =   1.00000
         kth =   1.00000
         kbh =   1.00000
        cHsq =   0.00000
       chdup =   0.00000
         cHw =   0.00000
          cH =   0.00000
         cHb =   0.00000
        cHwb =   0.00000
      cHq1st =   0.00000
      cHq3st =  -0.02857
      cHq1rd =   0.00000
      cHq3rd =   0.00000
       cHdst =   0.00000
       cHust =   0.00000
       cHdrd =   0.00000
       cHurd =   0.00000
         cth =   0.00000
         cbh =   0.00000
 --------------

  mH       = 125.0000      GeV
  fact_scale 1.0
  ren_scale  1.0
  Kqq      =   0.25901980238773215            +-   -4.6922563981566815E-004
  Kgq      =   -4.9767311874710868E-002       +-   -1.2510444052529258E-004
  K_nlo    =    1.2092524905130213            +-    4.8561694997144571E-004
  Kqq2     =    5.7471670791157219E-002       +-   -3.1402343327798947E-004
  Kgq2     =   -2.4793498386235919E-002       +-   -1.3117329702897571E-004
  Kqqs     =    1.4514736976682359E-003       +-   -3.3917584941080050E-006
  Kgg      =    4.2970418806912206E-004       +-   -1.1621212330161687E-006
  K_nnlo   =    1.2438118408036800            +-    5.9300407009746565E-004
  sig_LO   = ( -0.41274660106023259            +-    4.3498691930082508E-004 ) fb
  sig_NLO  = ( -0.49911485528287070            +-    4.7894520450324007E-004 ) fb
  sig_NNLO = ( -0.51337910965019007            +-    4.9912050688630065E-004 ) fb

  pp ---> HHW+ + X
  ===============

  PDFSET = PDF4LHC21_40                                NSET =   4
  Sqrt(S)  = 13.6 TeV
  LOOP     = 3
  alphaS(MZ) =   0.11800
          kl =   1.00000
          kv =   1.00000
         k2v =   1.00000
         kth =   1.00000
         kbh =   1.00000
        cHsq =   0.00000
       chdup =   0.00000
         cHw =   0.00000
          cH =   0.00000
         cHb =   0.00000
        cHwb =   0.00000
      cHq1st =   0.00000
      cHq3st =  -0.02857
      cHq1rd =   0.00000
      cHq3rd =   0.00000
       cHdst =   0.00000
       cHust =   0.00000
       cHdrd =   0.00000
       cHurd =   0.00000
         cth =   0.00000
         cbh =   0.00000
 --------------

  mH       = 125.0000      GeV
  fact_scale 1.0
  ren_scale  1.0
  Kqq      =   0.26009528012077865            +-   -4.7606532306595237E-004
  Kgq      =   -5.1281181912959800E-002       +-   -1.2892156612449512E-004
  K_nlo    =    1.2088140982078190            +-    4.9321289727447535E-004
  Kqq2     =    5.7779667194659046E-002       +-   -3.2220128131747489E-004
  Kgq2     =   -2.5538168175432623E-002       +-   -1.3502931531609327E-004
  Kqqs     =    1.4857167740064557E-003       +-   -3.4752655545202648E-006
  Kgg      =    4.4667333078353421E-004       +-   -1.2102086891300286E-006
  K_nnlo   =    1.2429879873318357            +-    6.0441631826993502E-004
  sig_LO   = ( -0.40172027321528725            +-    4.2727470292962635E-004 ) fb
  sig_NLO  = ( -0.48560512979853604            +-    4.7097834671780875E-004 ) fb
  sig_NNLO = ( -0.49933347387426485            +-    4.9144538405012316E-004 ) fb

  pp ---> HHW+ + X
  ===============

  PDFSET = PDF4LHC21_40                                NSET =   5
  Sqrt(S)  = 13.6 TeV
  LOOP     = 3
  alphaS(MZ) =   0.11800
          kl =   1.00000
          kv =   1.00000
         k2v =   1.00000
         kth =   1.00000
         kbh =   1.00000
        cHsq =   0.00000
       chdup =   0.00000
         cHw =   0.00000
          cH =   0.00000
         cHb =   0.00000
        cHwb =   0.00000
      cHq1st =   0.00000
      cHq3st =  -0.02857
      cHq1rd =   0.00000
      cHq3rd =   0.00000
       cHdst =   0.00000
       cHust =   0.00000
       cHdrd =   0.00000
       cHurd =   0.00000
         cth =   0.00000
         cbh =   0.00000
 --------------

  mH       = 125.0000      GeV
  fact_scale 1.0
  ren_scale  1.0
  Kqq      =   0.25991732414460283            +-   -4.7519523133725500E-004
  Kgq      =   -5.0250986081609807E-002       +-   -1.2622951492692475E-004
  K_nlo    =    1.2096663380629931            +-    4.9167509426892265E-004
  Kqq2     =    5.7704264745803979E-002       +-   -3.2171842255202437E-004
  Kgq2     =   -2.5037463380742652E-002       +-   -1.3245053464661704E-004
  Kqqs     =    1.4644568452504261E-003       +-   -3.4251057427348590E-006
  Kgg      =    4.3175133503935517E-004       +-   -1.1695878772052060E-006
  K_nnlo   =    1.2442293476083441            +-    6.0233162389753628E-004
  sig_LO   = ( -0.40810591040028604            +-    4.3367224321323820E-004 ) fb
  sig_NLO  = ( -0.49367198217577790            +-    4.7784333103711725E-004 ) fb
  sig_NNLO = ( -0.50777735065245710            +-    4.9849440901991509E-004 ) fb

  pp ---> HHW+ + X
  ===============

  PDFSET = PDF4LHC21_40                                NSET =   6
  Sqrt(S)  = 13.6 TeV
  LOOP     = 3
  alphaS(MZ) =   0.11800
          kl =   1.00000
          kv =   1.00000
         k2v =   1.00000
         kth =   1.00000
         kbh =   1.00000
        cHsq =   0.00000
       chdup =   0.00000
         cHw =   0.00000
          cH =   0.00000
         cHb =   0.00000
        cHwb =   0.00000
      cHq1st =   0.00000
      cHq3st =  -0.02857
      cHq1rd =   0.00000
      cHq3rd =   0.00000
       cHdst =   0.00000
       cHust =   0.00000
       cHdrd =   0.00000
       cHurd =   0.00000
         cth =   0.00000
         cbh =   0.00000
 --------------

  mH       = 125.0000      GeV
  fact_scale 1.0
  ren_scale  1.0
  Kqq      =   0.25982561653688707            +-   -4.7355374314693812E-004
  Kgq      =   -5.0393880950339157E-002       +-   -1.2667462844903144E-004
  K_nlo    =    1.2094317355865478            +-    4.9020364048135798E-004
  Kqq2     =    5.7688629561287161E-002       +-   -3.2017610133300972E-004
  Kgq2     =   -2.5102639888360093E-002       +-   -1.3273903971354221E-004
  Kqqs     =    1.4636855873052287E-003       +-   -3.4192064825310204E-006
  Kgg      =    4.3900549135723714E-004       +-   -1.1895023499565528E-006
  K_nnlo   =    1.2439204163381372            +-    6.0037080505206627E-004
  sig_LO   = ( -0.40802864525318505            +-    4.3168035566496307E-004 ) fb
  sig_NLO  = ( -0.49348279259758748            +-    4.7576757002751812E-004 ) fb
  sig_NNLO = ( -0.50755516228122810            +-    4.9634412328068938E-004 ) fb

  pp ---> HHW+ + X
  ===============

  PDFSET = PDF4LHC21_40                                NSET =   7
  Sqrt(S)  = 13.6 TeV
  LOOP     = 3
  alphaS(MZ) =   0.11800
          kl =   1.00000
          kv =   1.00000
         k2v =   1.00000
         kth =   1.00000
         kbh =   1.00000
        cHsq =   0.00000
       chdup =   0.00000
         cHw =   0.00000
          cH =   0.00000
         cHb =   0.00000
        cHwb =   0.00000
      cHq1st =   0.00000
      cHq3st =  -0.02857
      cHq1rd =   0.00000
      cHq3rd =   0.00000
       cHdst =   0.00000
       cHust =   0.00000
       cHdrd =   0.00000
       cHurd =   0.00000
         cth =   0.00000
         cbh =   0.00000
 --------------

  mH       = 125.0000      GeV
  fact_scale 1.0
  ren_scale  1.0
  Kqq      =   0.26004552385235391            +-   -4.7516462875055025E-004
  Kgq      =   -5.0279693521765728E-002       +-   -1.2645370694858315E-004
  K_nlo    =    1.2097658303305880            +-    4.9170312630355151E-004
  Kqq2     =    5.7755166293494316E-002       +-   -3.2137527554633406E-004
  Kgq2     =   -2.5051438969167259E-002       +-   -1.3262286554707590E-004
  Kqqs     =    1.4655077648737039E-003       +-   -3.4267315924242631E-006
  Kgg      =    4.3271496973180967E-004       +-   -1.1703736813698345E-006
  K_nnlo   =    1.2443677803895208            +-    6.0220924011430347E-004
  sig_LO   = ( -0.40785263461552029            +-    4.3248094467158863E-004 ) fb
  sig_NLO  = ( -0.49340618116816293            +-    4.7671482872179826E-004 ) fb
  sig_NNLO = ( -0.50751867766253322            +-    4.9735835083683814E-004 ) fb

  pp ---> HHW+ + X
  ===============

  PDFSET = PDF4LHC21_40                                NSET =   8
  Sqrt(S)  = 13.6 TeV
  LOOP     = 3
  alphaS(MZ) =   0.11800
          kl =   1.00000
          kv =   1.00000
         k2v =   1.00000
         kth =   1.00000
         kbh =   1.00000
        cHsq =   0.00000
       chdup =   0.00000
         cHw =   0.00000
          cH =   0.00000
         cHb =   0.00000
        cHwb =   0.00000
      cHq1st =   0.00000
      cHq3st =  -0.02857
      cHq1rd =   0.00000
      cHq3rd =   0.00000
       cHdst =   0.00000
       cHust =   0.00000
       cHdrd =   0.00000
       cHurd =   0.00000
         cth =   0.00000
         cbh =   0.00000
 --------------

  mH       = 125.0000      GeV
  fact_scale 1.0
  ren_scale  1.0
  Kqq      =   0.25968943794244492            +-   -4.7457845004690395E-004
  Kgq      =   -5.0329156942557678E-002       +-   -1.2661410215433536E-004
  K_nlo    =    1.2093602809998871            +-    4.9117800858066742E-004
  Kqq2     =    5.7611030662942750E-002       +-   -3.2143884926109229E-004
  Kgq2     =   -2.5050493889866431E-002       +-   -1.3246538128862476E-004
  Kqqs     =    1.4656072717899370E-003       +-   -3.4265929541981807E-006
  Kgg      =    4.4020654315919769E-004       +-   -1.1937308447492332E-006
  K_nnlo   =    1.2438266315879127            +-    6.0177987146473218E-004
  sig_LO   = ( -0.40957518441689422            +-    4.3487553316338496E-004 ) fb
  sig_NLO  = ( -0.49532396011699581            +-    4.7915325080612143E-004 ) fb
  sig_NNLO = ( -0.50944052201526369            +-    4.9986619431482851E-004 ) fb

  pp ---> HHW+ + X
  ===============

  PDFSET = PDF4LHC21_40                                NSET =   9
  Sqrt(S)  = 13.6 TeV
  LOOP     = 3
  alphaS(MZ) =   0.11800
          kl =   1.00000
          kv =   1.00000
         k2v =   1.00000
         kth =   1.00000
         kbh =   1.00000
        cHsq =   0.00000
       chdup =   0.00000
         cHw =   0.00000
          cH =   0.00000
         cHb =   0.00000
        cHwb =   0.00000
      cHq1st =   0.00000
      cHq3st =  -0.02857
      cHq1rd =   0.00000
      cHq3rd =   0.00000
       cHdst =   0.00000
       cHust =   0.00000
       cHdrd =   0.00000
       cHurd =   0.00000
         cth =   0.00000
         cbh =   0.00000
 --------------

  mH       = 125.0000      GeV
  fact_scale 1.0
  ren_scale  1.0
  Kqq      =   0.25984319800536310            +-   -4.7342376040920278E-004
  Kgq      =   -5.0482637767430179E-002       +-   -1.2683321332745791E-004
  K_nlo    =    1.2093605602379329            +-    4.9011908851110731E-004
  Kqq2     =    5.7700716043388389E-002       +-   -3.1917483945046821E-004
  Kgq2     =   -2.5142863940481739E-002       +-   -1.3282115703244871E-004
  Kqqs     =    1.4702894217089642E-003       +-   -3.4400999013585807E-006
  Kgg      =    4.3681052204460041E-004       +-   -1.1826197234086489E-006
  K_nnlo   =    1.2438255122845931            +-    5.9978662180259633E-004
  sig_LO   = ( -0.40974596625200710            +-    4.3312804622741346E-004 ) fb
  sig_NLO  = ( -0.49553061130176040            +-    4.7742047686670296E-004 ) fb
  sig_NNLO = ( -0.50965248637994820            +-    4.9799393090069937E-004 ) fb

  pp ---> HHW+ + X
  ===============

  PDFSET = PDF4LHC21_40                                NSET =  10
  Sqrt(S)  = 13.6 TeV
  LOOP     = 3
  alphaS(MZ) =   0.11800
          kl =   1.00000
          kv =   1.00000
         k2v =   1.00000
         kth =   1.00000
         kbh =   1.00000
        cHsq =   0.00000
       chdup =   0.00000
         cHw =   0.00000
          cH =   0.00000
         cHb =   0.00000
        cHwb =   0.00000
      cHq1st =   0.00000
      cHq3st =  -0.02857
      cHq1rd =   0.00000
      cHq3rd =   0.00000
       cHdst =   0.00000
       cHust =   0.00000
       cHdrd =   0.00000
       cHurd =   0.00000
         cth =   0.00000
         cbh =   0.00000
 --------------

  mH       = 125.0000      GeV
  fact_scale 1.0
  ren_scale  1.0
  Kqq      =   0.25983922989287001            +-   -4.7560530885291062E-004
  Kgq      =   -5.0365438419463907E-002       +-   -1.2667178631957756E-004
  K_nlo    =    1.2094737914734062            +-    4.9218507825660987E-004
  Kqq2     =    5.7663756046239675E-002       +-   -3.2257608862536316E-004
  Kgq2     =   -2.5085023164759725E-002       +-   -1.3264817232155966E-004
  Kqqs     =    1.4672534253486577E-003       +-   -3.4332920572448490E-006
  Kgg      =    4.3603548060388030E-004       +-   -1.1823809861485342E-006
  K_nnlo   =    1.2439558132608386            +-    6.0324970563664627E-004
  sig_LO   = ( -0.40811757653711384            +-    4.3412566430857673E-004 ) fb
  sig_NLO  = ( -0.49360751266128111            +-    4.7834464643561599E-004 ) fb
  sig_NNLO = ( -0.50768023182726807            +-    4.9907710890903956E-004 ) fb

  pp ---> HHW+ + X
  ===============

  PDFSET = PDF4LHC21_40                                NSET =  11
  Sqrt(S)  = 13.6 TeV
  LOOP     = 3
  alphaS(MZ) =   0.11800
          kl =   1.00000
          kv =   1.00000
         k2v =   1.00000
         kth =   1.00000
         kbh =   1.00000
        cHsq =   0.00000
       chdup =   0.00000
         cHw =   0.00000
          cH =   0.00000
         cHb =   0.00000
        cHwb =   0.00000
      cHq1st =   0.00000
      cHq3st =  -0.02857
      cHq1rd =   0.00000
      cHq3rd =   0.00000
       cHdst =   0.00000
       cHust =   0.00000
       cHdrd =   0.00000
       cHurd =   0.00000
         cth =   0.00000
         cbh =   0.00000
 --------------

  mH       = 125.0000      GeV
  fact_scale 1.0
  ren_scale  1.0
  Kqq      =   0.25959905830201430            +-   -4.7377135956789342E-004
  Kgq      =   -5.0196469670496999E-002       +-   -1.2613878356876736E-004
  K_nlo    =    1.2094025886315172            +-    4.9027573248838091E-004
  Kqq2     =    5.7586414578685345E-002       +-   -3.2049293895039288E-004
  Kgq2     =   -2.5001814763302536E-002       +-   -1.3214440476932293E-004
  Kqqs     =    1.4599373926675698E-003       +-   -3.4142689979565070E-006
  Kgg      =    4.3386082671458540E-004       +-   -1.1742533851330381E-006
  K_nnlo   =    1.2438809866662821            +-    6.0046748254982153E-004
  sig_LO   = ( -0.41120057221964329            +-    4.3601290445806047E-004 ) fb
  sig_NLO  = ( -0.49730703648919772            +-    4.8036494758896465E-004 ) fb
  sig_NNLO = ( -0.51148457349030974            +-    5.0107192225755360E-004 ) fb

  pp ---> HHW+ + X
  ===============

  PDFSET = PDF4LHC21_40                                NSET =  12
  Sqrt(S)  = 13.6 TeV
  LOOP     = 3
  alphaS(MZ) =   0.11800
          kl =   1.00000
          kv =   1.00000
         k2v =   1.00000
         kth =   1.00000
         kbh =   1.00000
        cHsq =   0.00000
       chdup =   0.00000
         cHw =   0.00000
          cH =   0.00000
         cHb =   0.00000
        cHwb =   0.00000
      cHq1st =   0.00000
      cHq3st =  -0.02857
      cHq1rd =   0.00000
      cHq3rd =   0.00000
       cHdst =   0.00000
       cHust =   0.00000
       cHdrd =   0.00000
       cHurd =   0.00000
         cth =   0.00000
         cbh =   0.00000
 --------------

  mH       = 125.0000      GeV
  fact_scale 1.0
  ren_scale  1.0
  Kqq      =   0.25941001369393574            +-   -4.7267026379790530E-004
  Kgq      =   -5.0215492631975438E-002       +-   -1.2610748172274284E-004
  K_nlo    =    1.2091945210619603            +-    4.8920371546548309E-004
  Kqq2     =    5.7542740189390450E-002       +-   -3.1802303109870403E-004
  Kgq2     =   -2.5006848980847884E-002       +-   -1.3199856864437679E-004
  Kqqs     =    1.4591931977158171E-003       +-   -3.4107084900388673E-006
  Kgg      =    4.3438026056865975E-004       +-   -1.1755734620948458E-006
  K_nnlo   =    1.2436239857287874            +-    5.9824373006657874E-004
  sig_LO   = ( -0.41301937431540997            +-    4.3677694696800005E-004 ) fb
  sig_NLO  = ( -0.49942076451463269            +-    4.8124687157833870E-004 ) fb
  sig_NNLO = ( -0.51364080046934013            +-    5.0182239574929528E-004 ) fb

  pp ---> HHW+ + X
  ===============

  PDFSET = PDF4LHC21_40                                NSET =  13
  Sqrt(S)  = 13.6 TeV
  LOOP     = 3
  alphaS(MZ) =   0.11800
          kl =   1.00000
          kv =   1.00000
         k2v =   1.00000
         kth =   1.00000
         kbh =   1.00000
        cHsq =   0.00000
       chdup =   0.00000
         cHw =   0.00000
          cH =   0.00000
         cHb =   0.00000
        cHwb =   0.00000
      cHq1st =   0.00000
      cHq3st =  -0.02857
      cHq1rd =   0.00000
      cHq3rd =   0.00000
       cHdst =   0.00000
       cHust =   0.00000
       cHdrd =   0.00000
       cHurd =   0.00000
         cth =   0.00000
         cbh =   0.00000
 --------------

  mH       = 125.0000      GeV
  fact_scale 1.0
  ren_scale  1.0
  Kqq      =   0.25990324157999700            +-   -4.7518162041424025E-004
  Kgq      =   -5.0451055754877711E-002       +-   -1.2673515584610032E-004
  K_nlo    =    1.2094521858251193            +-    4.9179200085690538E-004
  Kqq2     =    5.7695136160086237E-002       +-   -3.2193088566860768E-004
  Kgq2     =   -2.5130651016652079E-002       +-   -1.3282051227713702E-004
  Kqqs     =    1.4657018415109003E-003       +-   -3.4304173365222217E-006
  Kgg      =    4.3457625785925781E-004       +-   -1.1753648964305133E-006
  K_nnlo   =    1.2439169490679236            +-    6.0262202497213474E-004
  sig_LO   = ( -0.40790786710064375            +-    4.3341201678668060E-004 ) fb
  sig_NLO  = ( -0.49334506148013590            +-    4.7758629981509414E-004 ) fb
  sig_NNLO = ( -0.50740350954463698            +-    4.9826762799801475E-004 ) fb

  pp ---> HHW+ + X
  ===============

  PDFSET = PDF4LHC21_40                                NSET =  14
  Sqrt(S)  = 13.6 TeV
  LOOP     = 3
  alphaS(MZ) =   0.11800
          kl =   1.00000
          kv =   1.00000
         k2v =   1.00000
         kth =   1.00000
         kbh =   1.00000
        cHsq =   0.00000
       chdup =   0.00000
         cHw =   0.00000
          cH =   0.00000
         cHb =   0.00000
        cHwb =   0.00000
      cHq1st =   0.00000
      cHq3st =  -0.02857
      cHq1rd =   0.00000
      cHq3rd =   0.00000
       cHdst =   0.00000
       cHust =   0.00000
       cHdrd =   0.00000
       cHurd =   0.00000
         cth =   0.00000
         cbh =   0.00000
 --------------

  mH       = 125.0000      GeV
  fact_scale 1.0
  ren_scale  1.0
  Kqq      =   0.25994551712838143            +-   -4.7457122891997918E-004
  Kgq      =   -5.0308241661536315E-002       +-   -1.2643810092203620E-004
  K_nlo    =    1.2096372754668452            +-    4.9112569132900210E-004
  Kqq2     =    5.7716817137310888E-002       +-   -3.2135413803335150E-004
  Kgq2     =   -2.5061450403102085E-002       +-   -1.3253677952440623E-004
  Kqqs     =    1.4667768227030753E-003       +-   -3.4265253551346430E-006
  Kgg      =    4.3350263767462268E-004       +-   -1.1724780538518647E-006
  K_nnlo   =    1.2441929216614316            +-    6.0170760375953850E-004
  sig_LO   = ( -0.40908752067866905            +-    4.3335966853530694E-004 ) fb
  sig_NLO  = ( -0.49484751394123183            +-    4.7766807843925021E-004 ) fb
  sig_NNLO = ( -0.50898379756842449            +-    4.9838835505968716E-004 ) fb

  pp ---> HHW+ + X
  ===============

  PDFSET = PDF4LHC21_40                                NSET =  15
  Sqrt(S)  = 13.6 TeV
  LOOP     = 3
  alphaS(MZ) =   0.11800
          kl =   1.00000
          kv =   1.00000
         k2v =   1.00000
         kth =   1.00000
         kbh =   1.00000
        cHsq =   0.00000
       chdup =   0.00000
         cHw =   0.00000
          cH =   0.00000
         cHb =   0.00000
        cHwb =   0.00000
      cHq1st =   0.00000
      cHq3st =  -0.02857
      cHq1rd =   0.00000
      cHq3rd =   0.00000
       cHdst =   0.00000
       cHust =   0.00000
       cHdrd =   0.00000
       cHurd =   0.00000
         cth =   0.00000
         cbh =   0.00000
 --------------

  mH       = 125.0000      GeV
  fact_scale 1.0
  ren_scale  1.0
  Kqq      =   0.25975269764096032            +-   -4.7394689444266424E-004
  Kgq      =   -5.0181845867992521E-002       +-   -1.2610066004110511E-004
  K_nlo    =    1.2095708517729677            +-    4.9043555663781993E-004
  Kqq2     =    5.7653343661122604E-002       +-   -3.2044987547659372E-004
  Kgq2     =   -2.4999899464789931E-002       +-   -1.3215538698904566E-004
  Kqqs     =    1.4623461376192905E-003       +-   -3.4212360222828878E-006
  Kgg      =    4.3134270164045269E-004       +-   -1.1663390827478219E-006
  K_nnlo   =    1.2441179848085602            +-    6.0057744664665296E-004
  sig_LO   = ( -0.40907149994466935            +-    4.3357402426666061E-004 ) fb
  sig_NLO  = ( -0.49480096262411921            +-    4.7774062672121891E-004 ) fb
  sig_NNLO = ( -0.50893321015377702            +-    4.9834191376565062E-004 ) fb

  pp ---> HHW+ + X
  ===============

  PDFSET = PDF4LHC21_40                                NSET =  16
  Sqrt(S)  = 13.6 TeV
  LOOP     = 3
  alphaS(MZ) =   0.11800
          kl =   1.00000
          kv =   1.00000
         k2v =   1.00000
         kth =   1.00000
         kbh =   1.00000
        cHsq =   0.00000
       chdup =   0.00000
         cHw =   0.00000
          cH =   0.00000
         cHb =   0.00000
        cHwb =   0.00000
      cHq1st =   0.00000
      cHq3st =  -0.02857
      cHq1rd =   0.00000
      cHq3rd =   0.00000
       cHdst =   0.00000
       cHust =   0.00000
       cHdrd =   0.00000
       cHurd =   0.00000
         cth =   0.00000
         cbh =   0.00000
 --------------

  mH       = 125.0000      GeV
  fact_scale 1.0
  ren_scale  1.0
  Kqq      =   0.25962205630785901            +-   -4.7444190389889533E-004
  Kgq      =   -5.0317063969399591E-002       +-   -1.2642620906489816E-004
  K_nlo    =    1.2093049923384596            +-    4.9099766446871211E-004
  Kqq2     =    5.7587958682933808E-002       +-   -3.2112341997785467E-004
  Kgq2     =   -2.5060307051815153E-002       +-   -1.3243418275804685E-004
  Kqqs     =    1.4560254945315927E-003       +-   -3.4061762728703967E-006
  Kgg      =    4.3578086701435699E-004       +-   -1.1799852703380869E-006
  K_nnlo   =    1.2437244503311240            +-    6.0145720091859861E-004
  sig_LO   = ( -0.41113192723931558            +-    4.3654372556570920E-004 ) fb
  sig_NLO  = ( -0.49718389212023656            +-    4.8095720006560656E-004 ) fb
  sig_NNLO = ( -0.51133483021929338            +-    5.0171402341594562E-004 ) fb

  pp ---> HHW+ + X
  ===============

  PDFSET = PDF4LHC21_40                                NSET =  17
  Sqrt(S)  = 13.6 TeV
  LOOP     = 3
  alphaS(MZ) =   0.11800
          kl =   1.00000
          kv =   1.00000
         k2v =   1.00000
         kth =   1.00000
         kbh =   1.00000
        cHsq =   0.00000
       chdup =   0.00000
         cHw =   0.00000
          cH =   0.00000
         cHb =   0.00000
        cHwb =   0.00000
      cHq1st =   0.00000
      cHq3st =  -0.02857
      cHq1rd =   0.00000
      cHq3rd =   0.00000
       cHdst =   0.00000
       cHust =   0.00000
       cHdrd =   0.00000
       cHurd =   0.00000
         cth =   0.00000
         cbh =   0.00000
 --------------

  mH       = 125.0000      GeV
  fact_scale 1.0
  ren_scale  1.0
  Kqq      =   0.25998862681911017            +-   -4.7487600905706282E-004
  Kgq      =   -5.0307981721490896E-002       +-   -1.2638880081971559E-004
  K_nlo    =    1.2096806450976194            +-    4.9140752227719243E-004
  Kqq2     =    5.7748177891937591E-002       +-   -3.2117490511590283E-004
  Kgq2     =   -2.5059891633934687E-002       +-   -1.3245041571335734E-004
  Kqqs     =    1.4650960987072385E-003       +-   -3.4269829715292721E-006
  Kgg      =    4.3441511368687812E-004       +-   -1.1751458149663947E-006
  K_nnlo   =    1.2442684425680164            +-    6.0182298928292295E-004
  sig_LO   = ( -0.40916773667026302            +-    4.3410614770088301E-004 ) fb
  sig_NLO  = ( -0.49496229164841665            +-    4.7841041981369636E-004 ) fb
  sig_NNLO = ( -0.50911450245578849            +-    4.9908467323301524E-004 ) fb

  pp ---> HHW+ + X
  ===============

  PDFSET = PDF4LHC21_40                                NSET =  18
  Sqrt(S)  = 13.6 TeV
  LOOP     = 3
  alphaS(MZ) =   0.11800
          kl =   1.00000
          kv =   1.00000
         k2v =   1.00000
         kth =   1.00000
         kbh =   1.00000
        cHsq =   0.00000
       chdup =   0.00000
         cHw =   0.00000
          cH =   0.00000
         cHb =   0.00000
        cHwb =   0.00000
      cHq1st =   0.00000
      cHq3st =  -0.02857
      cHq1rd =   0.00000
      cHq3rd =   0.00000
       cHdst =   0.00000
       cHust =   0.00000
       cHdrd =   0.00000
       cHurd =   0.00000
         cth =   0.00000
         cbh =   0.00000
 --------------

  mH       = 125.0000      GeV
  fact_scale 1.0
  ren_scale  1.0
  Kqq      =   0.25968225560056180            +-   -4.7356498960060057E-004
  Kgq      =   -5.0012931327654456E-002       +-   -1.2559717379585553E-004
  K_nlo    =    1.2096693242729073            +-    4.8993718928136420E-004
  Kqq2     =    5.7629060283544163E-002       +-   -3.2026345574375311E-004
  Kgq2     =   -2.4917131895570394E-002       +-   -1.3167545208533601E-004
  Kqqs     =    1.4605659085254305E-003       +-   -3.4148527877576350E-006
  Kgg      =    4.2935007902675639E-004       +-   -1.1606875592418142E-006
  K_nnlo   =    1.2442711686484331            +-    5.9996546869207738E-004
  sig_LO   = ( -0.41191853508656989            +-    4.3645835543673232E-004 ) fb
  sig_NLO  = ( -0.49828521599365683            +-    4.8085847304917169E-004 ) fb
  sig_NNLO = ( -0.51253835704011697            +-    5.0157007673165988E-004 ) fb

  pp ---> HHW+ + X
  ===============

  PDFSET = PDF4LHC21_40                                NSET =  19
  Sqrt(S)  = 13.6 TeV
  LOOP     = 3
  alphaS(MZ) =   0.11800
          kl =   1.00000
          kv =   1.00000
         k2v =   1.00000
         kth =   1.00000
         kbh =   1.00000
        cHsq =   0.00000
       chdup =   0.00000
         cHw =   0.00000
          cH =   0.00000
         cHb =   0.00000
        cHwb =   0.00000
      cHq1st =   0.00000
      cHq3st =  -0.02857
      cHq1rd =   0.00000
      cHq3rd =   0.00000
       cHdst =   0.00000
       cHust =   0.00000
       cHdrd =   0.00000
       cHurd =   0.00000
         cth =   0.00000
         cbh =   0.00000
 --------------

  mH       = 125.0000      GeV
  fact_scale 1.0
  ren_scale  1.0
  Kqq      =   0.26026011666236420            +-   -4.7544073931779100E-004
  Kgq      =   -5.1097201181304189E-002       +-   -1.2839699002542958E-004
  K_nlo    =    1.2091629154810599            +-    4.9247302834839394E-004
  Kqq2     =    5.7836536737641366E-002       +-   -3.2170427798856253E-004
  Kgq2     =   -2.5449790932538977E-002       +-   -1.3450668829514798E-004
  Kqqs     =    1.4809726578259243E-003       +-   -3.4640759659028431E-006
  Kgg      =    4.4298641784191491E-004       +-   -1.1996712873595990E-006
  K_nnlo   =    1.2434736203618302            +-    6.0343086957530072E-004
  sig_LO   = ( -0.40381605323405623            +-    4.2805450366731004E-004 ) fb
  sig_NLO  = ( -0.48827939624654632            +-    4.7199506800575170E-004 ) fb
  sig_NNLO = ( -0.50213460967517731            +-    4.9255273717430722E-004 ) fb

  pp ---> HHW+ + X
  ===============

  PDFSET = PDF4LHC21_40                                NSET =  20
  Sqrt(S)  = 13.6 TeV
  LOOP     = 3
  alphaS(MZ) =   0.11800
          kl =   1.00000
          kv =   1.00000
         k2v =   1.00000
         kth =   1.00000
         kbh =   1.00000
        cHsq =   0.00000
       chdup =   0.00000
         cHw =   0.00000
          cH =   0.00000
         cHb =   0.00000
        cHwb =   0.00000
      cHq1st =   0.00000
      cHq3st =  -0.02857
      cHq1rd =   0.00000
      cHq3rd =   0.00000
       cHdst =   0.00000
       cHust =   0.00000
       cHdrd =   0.00000
       cHurd =   0.00000
         cth =   0.00000
         cbh =   0.00000
 --------------

  mH       = 125.0000      GeV
  fact_scale 1.0
  ren_scale  1.0
  Kqq      =   0.25963192933756218            +-   -4.7403946661785898E-004
  Kgq      =   -5.0203540840525779E-002       +-   -1.2613605100809841E-004
  K_nlo    =    1.2094283884970365            +-    4.9053411632144590E-004
  Kqq2     =    5.7599724515885978E-002       +-   -3.2088111495894603E-004
  Kgq2     =   -2.5006888969724320E-002       +-   -1.3215924329834742E-004
  Kqqs     =    1.4607325346178107E-003       +-   -3.4160437746026379E-006
  Kgg      =    4.3489306746277332E-004       +-   -1.1768382561011761E-006
  K_nnlo   =    1.2439168496452786            +-    6.0088894906222155E-004
  sig_LO   = ( -0.41099115103065520            +-    4.3606116330417803E-004 ) fb
  sig_NLO  = ( -0.49706436547754745            +-    4.8041022801686561E-004 ) fb
  sig_NNLO = ( -0.51123881782213965            +-    5.0113730643644037E-004 ) fb

  pp ---> HHW+ + X
  ===============

  PDFSET = PDF4LHC21_40                                NSET =  21
  Sqrt(S)  = 13.6 TeV
  LOOP     = 3
  alphaS(MZ) =   0.11800
          kl =   1.00000
          kv =   1.00000
         k2v =   1.00000
         kth =   1.00000
         kbh =   1.00000
        cHsq =   0.00000
       chdup =   0.00000
         cHw =   0.00000
          cH =   0.00000
         cHb =   0.00000
        cHwb =   0.00000
      cHq1st =   0.00000
      cHq3st =  -0.02857
      cHq1rd =   0.00000
      cHq3rd =   0.00000
       cHdst =   0.00000
       cHust =   0.00000
       cHdrd =   0.00000
       cHurd =   0.00000
         cth =   0.00000
         cbh =   0.00000
 --------------

  mH       = 125.0000      GeV
  fact_scale 1.0
  ren_scale  1.0
  Kqq      =   0.25967014235888614            +-   -4.7490049196164281E-004
  Kgq      =   -5.0814779798395902E-002       +-   -1.2767370705654899E-004
  K_nlo    =    1.2088553625604901            +-    4.9176320799646227E-004
  Kqq2     =    5.7625316661006197E-002       +-   -3.2126590764848198E-004
  Kgq2     =   -2.5310490967381905E-002       +-   -1.3378012500241229E-004
  Kqqs     =    1.4767053612145327E-003       +-   -3.4540195742796508E-006
  Kgg      =    4.3950551852595094E-004       +-   -1.1893321832759031E-006
  K_nnlo   =    1.2430863991338550            +-    6.0245605878279419E-004
  sig_LO   = ( -0.40550024361151549            +-    4.3062057443863240E-004 ) fb
  sig_NLO  = ( -0.49019114400936570            +-    4.7455080588679747E-004 ) fb
  sig_NNLO = ( -0.50407183767893982            +-    4.9509055045517125E-004 ) fb

  pp ---> HHW+ + X
  ===============

  PDFSET = PDF4LHC21_40                                NSET =  22
  Sqrt(S)  = 13.6 TeV
  LOOP     = 3
  alphaS(MZ) =   0.11800
          kl =   1.00000
          kv =   1.00000
         k2v =   1.00000
         kth =   1.00000
         kbh =   1.00000
        cHsq =   0.00000
       chdup =   0.00000
         cHw =   0.00000
          cH =   0.00000
         cHb =   0.00000
        cHwb =   0.00000
      cHq1st =   0.00000
      cHq3st =  -0.02857
      cHq1rd =   0.00000
      cHq3rd =   0.00000
       cHdst =   0.00000
       cHust =   0.00000
       cHdrd =   0.00000
       cHurd =   0.00000
         cth =   0.00000
         cbh =   0.00000
 --------------

  mH       = 125.0000      GeV
  fact_scale 1.0
  ren_scale  1.0
  Kqq      =   0.25977736209088259            +-   -4.7446216482586036E-004
  Kgq      =   -5.0613228939449043E-002       +-   -1.2731542449322155E-004
  K_nlo    =    1.2091641331514336            +-    4.9124694723237834E-004
  Kqq2     =    5.7657382757980873E-002       +-   -3.2077470398890478E-004
  Kgq2     =   -2.5206117989520799E-002       +-   -1.3334198815071941E-004
  Kqqs     =    1.4662814855369883E-003       +-   -3.4293761906158166E-006
  Kgg      =    4.4089019408404819E-004       +-   -1.1958273856011448E-006
  K_nnlo   =    1.2435225695995147            +-    6.0167536954115058E-004
  sig_LO   = ( -0.40789185091211205            +-    4.3270127264952743E-004 ) fb
  sig_NLO  = ( -0.49320819632767771            +-    4.7684461103429719E-004 ) fb
  sig_NNLO = ( -0.50722272256493173            +-    4.9745414034061569E-004 ) fb

  pp ---> HHW+ + X
  ===============

  PDFSET = PDF4LHC21_40                                NSET =  23
  Sqrt(S)  = 13.6 TeV
  LOOP     = 3
  alphaS(MZ) =   0.11800
          kl =   1.00000
          kv =   1.00000
         k2v =   1.00000
         kth =   1.00000
         kbh =   1.00000
        cHsq =   0.00000
       chdup =   0.00000
         cHw =   0.00000
          cH =   0.00000
         cHb =   0.00000
        cHwb =   0.00000
      cHq1st =   0.00000
      cHq3st =  -0.02857
      cHq1rd =   0.00000
      cHq3rd =   0.00000
       cHdst =   0.00000
       cHust =   0.00000
       cHdrd =   0.00000
       cHurd =   0.00000
         cth =   0.00000
         cbh =   0.00000
 --------------

  mH       = 125.0000      GeV
  fact_scale 1.0
  ren_scale  1.0
  Kqq      =   0.25979881581189873            +-   -4.7455425457307450E-004
  Kgq      =   -5.0452069499058901E-002       +-   -1.2676270627214487E-004
  K_nlo    =    1.2093467463128398            +-    4.9119296028632626E-004
  Kqq2     =    5.7665379808342299E-002       +-   -3.2083160589904984E-004
  Kgq2     =   -2.5129297238033622E-002       +-   -1.3279598210884803E-004
  Kqqs     =    1.4672154098208932E-003       +-   -3.4314158998580021E-006
  Kgg      =    4.3668236503987005E-004       +-   -1.1816939610889694E-006
  K_nnlo   =    1.2437867266580094            +-    6.0154084438095862E-004
  sig_LO   = ( -0.40857475220253964            +-    4.3339098939415620E-004 ) fb
  sig_NLO  = ( -0.49410854720171615            +-    4.7760217888951826E-004 ) fb
  sig_NNLO = ( -0.50817985363710416            +-    4.9822967202649249E-004 ) fb

  pp ---> HHW+ + X
  ===============

  PDFSET = PDF4LHC21_40                                NSET =  24
  Sqrt(S)  = 13.6 TeV
  LOOP     = 3
  alphaS(MZ) =   0.11800
          kl =   1.00000
          kv =   1.00000
         k2v =   1.00000
         kth =   1.00000
         kbh =   1.00000
        cHsq =   0.00000
       chdup =   0.00000
         cHw =   0.00000
          cH =   0.00000
         cHb =   0.00000
        cHwb =   0.00000
      cHq1st =   0.00000
      cHq3st =  -0.02857
      cHq1rd =   0.00000
      cHq3rd =   0.00000
       cHdst =   0.00000
       cHust =   0.00000
       cHdrd =   0.00000
       cHurd =   0.00000
         cth =   0.00000
         cbh =   0.00000
 --------------

  mH       = 125.0000      GeV
  fact_scale 1.0
  ren_scale  1.0
  Kqq      =   0.25935491079636697            +-   -4.7517559879534300E-004
  Kgq      =   -5.0023555757544878E-002       +-   -1.2564712743822553E-004
  K_nlo    =    1.2093313550388221            +-    4.9150691788009502E-004
  Kqq2     =    5.7480413578284838E-002       +-   -3.2133489133965204E-004
  Kgq2     =   -2.4917299606016442E-002       +-   -1.3165437221263521E-004
  Kqqs     =    1.4558756232932878E-003       +-   -3.4080612741687819E-006
  Kgg      =    4.3348581705474298E-004       +-   -1.1727917888990635E-006
  K_nnlo   =    1.2437838304514384            +-    6.0181477778564730E-004
  sig_LO   = ( -0.41197234766859708            +-    4.4024904928695199E-004 ) fb
  sig_NLO  = ( -0.49821107744458926            +-    4.8458261978370787E-004 ) fb
  sig_NNLO = ( -0.51240454462331952            +-    5.0526134761936809E-004 ) fb

  pp ---> HHW+ + X
  ===============

  PDFSET = PDF4LHC21_40                                NSET =  25
  Sqrt(S)  = 13.6 TeV
  LOOP     = 3
  alphaS(MZ) =   0.11800
          kl =   1.00000
          kv =   1.00000
         k2v =   1.00000
         kth =   1.00000
         kbh =   1.00000
        cHsq =   0.00000
       chdup =   0.00000
         cHw =   0.00000
          cH =   0.00000
         cHb =   0.00000
        cHwb =   0.00000
      cHq1st =   0.00000
      cHq3st =  -0.02857
      cHq1rd =   0.00000
      cHq3rd =   0.00000
       cHdst =   0.00000
       cHust =   0.00000
       cHdrd =   0.00000
       cHurd =   0.00000
         cth =   0.00000
         cbh =   0.00000
 --------------

  mH       = 125.0000      GeV
  fact_scale 1.0
  ren_scale  1.0
  Kqq      =   0.25965450163371673            +-   -4.7415213016939039E-004
  Kgq      =   -5.0413426521481113E-002       +-   -1.2669905275019335E-004
  K_nlo    =    1.2092410751122356            +-    4.9078803216049066E-004
  Kqq2     =    5.7612614001299862E-002       +-   -3.2064653681642416E-004
  Kgq2     =   -2.5108769005399111E-002       +-   -1.3270236317854621E-004
  Kqqs     =    1.4615887480389214E-003       +-   -3.4185908131195602E-006
  Kgg      =    4.3885103008746890E-004       +-   -1.1881402906669348E-006
  K_nnlo   =    1.2436453598862627            +-    6.0109076662181549E-004
  sig_LO   = ( -0.40868497652622637            +-    4.3355731186686740E-004 ) fb
  sig_NLO  = ( -0.49419866039679272            +-    4.7770634763036991E-004 ) fb
  sig_NNLO = ( -0.50825917471206761            +-    4.9831635461784339E-004 ) fb

  pp ---> HHW+ + X
  ===============

  PDFSET = PDF4LHC21_40                                NSET =  26
  Sqrt(S)  = 13.6 TeV
  LOOP     = 3
  alphaS(MZ) =   0.11800
          kl =   1.00000
          kv =   1.00000
         k2v =   1.00000
         kth =   1.00000
         kbh =   1.00000
        cHsq =   0.00000
       chdup =   0.00000
         cHw =   0.00000
          cH =   0.00000
         cHb =   0.00000
        cHwb =   0.00000
      cHq1st =   0.00000
      cHq3st =  -0.02857
      cHq1rd =   0.00000
      cHq3rd =   0.00000
       cHdst =   0.00000
       cHust =   0.00000
       cHdrd =   0.00000
       cHurd =   0.00000
         cth =   0.00000
         cbh =   0.00000
 --------------

  mH       = 125.0000      GeV
  fact_scale 1.0
  ren_scale  1.0
  Kqq      =   0.25959302103075987            +-   -4.7336336181301626E-004
  Kgq      =   -5.0219329844096640E-002       +-   -1.2620846289254344E-004
  K_nlo    =    1.2093736911866633            +-    4.8989942683434426E-004
  Kqq2     =    5.7596785514992394E-002       +-   -3.2006380742335185E-004
  Kgq2     =   -2.5014084168329381E-002       +-   -1.3221951575195624E-004
  Kqqs     =    1.4630782669543478E-003       +-   -3.4194834173998160E-006
  Kgg      =    4.3440855502504589E-004       +-   -1.1745274628609362E-006
  K_nnlo   =    1.2438538793553056            +-    5.9994779936444148E-004
  sig_LO   = ( -0.41036027317153151            +-    4.3490537713026026E-004 ) fb
  sig_NLO  = ( -0.49627891828182252            +-    4.7912197181348130E-004 ) fb
  sig_NNLO = ( -0.51042821771771252            +-    4.9975447817585876E-004 ) fb

  pp ---> HHW+ + X
  ===============

  PDFSET = PDF4LHC21_40                                NSET =  27
  Sqrt(S)  = 13.6 TeV
  LOOP     = 3
  alphaS(MZ) =   0.11800
          kl =   1.00000
          kv =   1.00000
         k2v =   1.00000
         kth =   1.00000
         kbh =   1.00000
        cHsq =   0.00000
       chdup =   0.00000
         cHw =   0.00000
          cH =   0.00000
         cHb =   0.00000
        cHwb =   0.00000
      cHq1st =   0.00000
      cHq3st =  -0.02857
      cHq1rd =   0.00000
      cHq3rd =   0.00000
       cHdst =   0.00000
       cHust =   0.00000
       cHdrd =   0.00000
       cHurd =   0.00000
         cth =   0.00000
         cbh =   0.00000
 --------------

  mH       = 125.0000      GeV
  fact_scale 1.0
  ren_scale  1.0
  Kqq      =   0.25978889284256101            +-   -4.7489991523998144E-004
  Kgq      =   -5.0462452838963057E-002       +-   -1.2678343197834832E-004
  K_nlo    =    1.2093264400035981            +-    4.9153226559316534E-004
  Kqq2     =    5.7655463223044635E-002       +-   -3.2161400181489596E-004
  Kgq2     =   -2.5135832494399178E-002       +-   -1.3286048939287502E-004
  Kqqs     =    1.4658287236302887E-003       +-   -3.4282682229122731E-006
  Kgg      =    4.3609307590430858E-004       +-   -1.1800562325006663E-006
  K_nnlo   =    1.2437479925317780            +-    6.0224960728918401E-004
  sig_LO   = ( -0.40881935777267830            +-    4.3427252876459383E-004 ) fb
  sig_NLO  = ( -0.49439605853979035            +-    4.7851090878003671E-004 ) fb
  sig_NNLO = ( -0.50846825553789943            +-    4.9921201141432897E-004 ) fb

  pp ---> HHW+ + X
  ===============

  PDFSET = PDF4LHC21_40                                NSET =  28
  Sqrt(S)  = 13.6 TeV
  LOOP     = 3
  alphaS(MZ) =   0.11800
          kl =   1.00000
          kv =   1.00000
         k2v =   1.00000
         kth =   1.00000
         kbh =   1.00000
        cHsq =   0.00000
       chdup =   0.00000
         cHw =   0.00000
          cH =   0.00000
         cHb =   0.00000
        cHwb =   0.00000
      cHq1st =   0.00000
      cHq3st =  -0.02857
      cHq1rd =   0.00000
      cHq3rd =   0.00000
       cHdst =   0.00000
       cHust =   0.00000
       cHdrd =   0.00000
       cHurd =   0.00000
         cth =   0.00000
         cbh =   0.00000
 --------------

  mH       = 125.0000      GeV
  fact_scale 1.0
  ren_scale  1.0
  Kqq      =   0.25971500096758254            +-   -4.7451122618267963E-004
  Kgq      =   -5.0174067000817404E-002       +-   -1.2605747367095270E-004
  K_nlo    =    1.2095409339667651            +-    4.9096984677441551E-004
  Kqq2     =    5.7629839005583113E-002       +-   -3.2122926349049757E-004
  Kgq2     =   -2.4993621349792480E-002       +-   -1.3211606275109194E-004
  Kqqs     =    1.4647978781992500E-003       +-   -3.4272628014290944E-006
  Kgg      =    4.3292028838298085E-004       +-   -1.1708407169528026E-006
  K_nnlo   =    1.2440748697891379            +-    6.0142115127378548E-004
  sig_LO   = ( -0.40971466188745226            +-    4.3493506268703878E-004 ) fb
  sig_NLO  = ( -0.49556665479922635            +-    4.7920023640615419E-004 ) fb
  sig_NNLO = ( -0.50971571463833276            +-    4.9988690825203787E-004 ) fb

  pp ---> HHW+ + X
  ===============

  PDFSET = PDF4LHC21_40                                NSET =  29
  Sqrt(S)  = 13.6 TeV
  LOOP     = 3
  alphaS(MZ) =   0.11800
          kl =   1.00000
          kv =   1.00000
         k2v =   1.00000
         kth =   1.00000
         kbh =   1.00000
        cHsq =   0.00000
       chdup =   0.00000
         cHw =   0.00000
          cH =   0.00000
         cHb =   0.00000
        cHwb =   0.00000
      cHq1st =   0.00000
      cHq3st =  -0.02857
      cHq1rd =   0.00000
      cHq3rd =   0.00000
       cHdst =   0.00000
       cHust =   0.00000
       cHdrd =   0.00000
       cHurd =   0.00000
         cth =   0.00000
         cbh =   0.00000
 --------------

  mH       = 125.0000      GeV
  fact_scale 1.0
  ren_scale  1.0
  Kqq      =   0.25970218544966911            +-   -4.7423155575186232E-004
  Kgq      =   -5.0225985568753184E-002       +-   -1.2618375214221389E-004
  K_nlo    =    1.2094761998809158            +-    4.9073201217723645E-004
  Kqq2     =    5.7629076326216042E-002       +-   -3.2090356858445343E-004
  Kgq2     =   -2.5018473262802505E-002       +-   -1.3220207759710538E-004
  Kqqs     =    1.4649598826896265E-003       +-   -3.4248864432394190E-006
  Kgg      =    4.3376935613433700E-004       +-   -1.1734832447598161E-006
  K_nnlo   =    1.2439855321831532            +-    6.0107196269400406E-004
  sig_LO   = ( -0.41021420644378626            +-    4.3517383854246015E-004 ) fb
  sig_NLO  = ( -0.49614431954679611            +-    4.7947895740238852E-004 ) fb
  sig_NNLO = ( -0.51030053791206342            +-    5.0017214606541216E-004 ) fb

  pp ---> HHW+ + X
  ===============

  PDFSET = PDF4LHC21_40                                NSET =  30
  Sqrt(S)  = 13.6 TeV
  LOOP     = 3
  alphaS(MZ) =   0.11800
          kl =   1.00000
          kv =   1.00000
         k2v =   1.00000
         kth =   1.00000
         kbh =   1.00000
        cHsq =   0.00000
       chdup =   0.00000
         cHw =   0.00000
          cH =   0.00000
         cHb =   0.00000
        cHwb =   0.00000
      cHq1st =   0.00000
      cHq3st =  -0.02857
      cHq1rd =   0.00000
      cHq3rd =   0.00000
       cHdst =   0.00000
       cHust =   0.00000
       cHdrd =   0.00000
       cHurd =   0.00000
         cth =   0.00000
         cbh =   0.00000
 --------------

  mH       = 125.0000      GeV
  fact_scale 1.0
  ren_scale  1.0
  Kqq      =   0.25970155533368589            +-   -4.7376888002578538E-004
  Kgq      =   -5.0250851573080749E-002       +-   -1.2616170963794301E-004
  K_nlo    =    1.2094507037606050            +-    4.9027923539515285E-004
  Kqq2     =    5.7633678265406427E-002       +-   -3.2046655911015400E-004
  Kgq2     =   -2.5035304364317754E-002       +-   -1.3228632057375484E-004
  Kqqs     =    1.4609518392621544E-003       +-   -3.4167793250273375E-006
  Kgg      =    4.3296052643995345E-004       +-   -1.1700360551538015E-006
  K_nnlo   =    1.2439429900273957            +-    6.0048751705911929E-004
  sig_LO   = ( -0.40995762368256233            +-    4.3454204637694997E-004 ) fb
  sig_NLO  = ( -0.49582353647490035            +-    4.7877475042340636E-004 ) fb
  sig_NNLO = ( -0.50996391218821269            +-    4.9942831596253034E-004 ) fb

  pp ---> HHW+ + X
  ===============

  PDFSET = PDF4LHC21_40                                NSET =  31
  Sqrt(S)  = 13.6 TeV
  LOOP     = 3
  alphaS(MZ) =   0.11800
          kl =   1.00000
          kv =   1.00000
         k2v =   1.00000
         kth =   1.00000
         kbh =   1.00000
        cHsq =   0.00000
       chdup =   0.00000
         cHw =   0.00000
          cH =   0.00000
         cHb =   0.00000
        cHwb =   0.00000
      cHq1st =   0.00000
      cHq3st =  -0.02857
      cHq1rd =   0.00000
      cHq3rd =   0.00000
       cHdst =   0.00000
       cHust =   0.00000
       cHdrd =   0.00000
       cHurd =   0.00000
         cth =   0.00000
         cbh =   0.00000
 --------------

  mH       = 125.0000      GeV
  fact_scale 1.0
  ren_scale  1.0
  Kqq      =   0.26000497124323274            +-   -4.7720573875241376E-004
  Kgq      =   -5.0456180109275030E-002       +-   -1.2688492054698224E-004
  K_nlo    =    1.2095487911339577            +-    4.9378649248480963E-004
  Kqq2     =    5.7719482966240833E-002       +-   -3.2257920148421037E-004
  Kgq2     =   -2.5136121735329749E-002       +-   -1.3303612134492790E-004
  Kqqs     =    1.4665388969756926E-003       +-   -3.4363457618939026E-006
  Kgg      =    4.3503963699641619E-004       +-   -1.1764161998472463E-006
  K_nnlo   =    1.2440337308988410            +-    6.0464389800974152E-004
  sig_LO   = ( -0.40711446550507580            +-    4.3503150018981877E-004 ) fb
  sig_NLO  = ( -0.49242480960481172            +-    4.7923325401420390E-004 ) fb
  sig_NNLO = ( -0.50646412742516678            +-    4.9984677250871506E-004 ) fb

  pp ---> HHW+ + X
  ===============

  PDFSET = PDF4LHC21_40                                NSET =  32
  Sqrt(S)  = 13.6 TeV
  LOOP     = 3
  alphaS(MZ) =   0.11800
          kl =   1.00000
          kv =   1.00000
         k2v =   1.00000
         kth =   1.00000
         kbh =   1.00000
        cHsq =   0.00000
       chdup =   0.00000
         cHw =   0.00000
          cH =   0.00000
         cHb =   0.00000
        cHwb =   0.00000
      cHq1st =   0.00000
      cHq3st =  -0.02857
      cHq1rd =   0.00000
      cHq3rd =   0.00000
       cHdst =   0.00000
       cHust =   0.00000
       cHdrd =   0.00000
       cHurd =   0.00000
         cth =   0.00000
         cbh =   0.00000
 --------------

  mH       = 125.0000      GeV
  fact_scale 1.0
  ren_scale  1.0
  Kqq      =   0.25970823752013888            +-   -4.7441624411922784E-004
  Kgq      =   -5.0366416898265869E-002       +-   -1.2654669890943063E-004
  K_nlo    =    1.2093418206218731            +-    4.9100391005476619E-004
  Kqq2     =    5.7625984045237395E-002       +-   -3.2113585790997668E-004
  Kgq2     =   -2.5086092512342239E-002       +-   -1.3257391604320129E-004
  Kqqs     =    1.4649192350517856E-003       +-   -3.4275511185161293E-006
  Kgg      =    4.3533981876660559E-004       +-   -1.1779577528717509E-006
  K_nnlo   =    1.2437819712085867            +-    6.0149984025834372E-004
  sig_LO   = ( -0.40968746611599671            +-    4.3476143771581220E-004 ) fb
  sig_NLO  = ( -0.49545218615868136            +-    4.7904290845008387E-004 ) fb
  sig_NNLO = ( -0.50956188418520543            +-    4.9974368145683202E-004 ) fb

  pp ---> HHW+ + X
  ===============

  PDFSET = PDF4LHC21_40                                NSET =  33
  Sqrt(S)  = 13.6 TeV
  LOOP     = 3
  alphaS(MZ) =   0.11800
          kl =   1.00000
          kv =   1.00000
         k2v =   1.00000
         kth =   1.00000
         kbh =   1.00000
        cHsq =   0.00000
       chdup =   0.00000
         cHw =   0.00000
          cH =   0.00000
         cHb =   0.00000
        cHwb =   0.00000
      cHq1st =   0.00000
      cHq3st =  -0.02857
      cHq1rd =   0.00000
      cHq3rd =   0.00000
       cHdst =   0.00000
       cHust =   0.00000
       cHdrd =   0.00000
       cHurd =   0.00000
         cth =   0.00000
         cbh =   0.00000
 --------------

  mH       = 125.0000      GeV
  fact_scale 1.0
  ren_scale  1.0
  Kqq      =   0.25966223342717121            +-   -4.7389324784558100E-004
  Kgq      =   -5.0274134799353623E-002       +-   -1.2632534570449684E-004
  K_nlo    =    1.2093880986278176            +-    4.9044153914711778E-004
  Kqq2     =    5.7616171337058819E-002       +-   -3.2050531505281132E-004
  Kgq2     =   -2.5041801467156184E-002       +-   -1.3237280248727518E-004
  Kqqs     =    1.4626903877310153E-003       +-   -3.4206915300049027E-006
  Kgg      =    4.3453987052172990E-004       +-   -1.1761146681240307E-006
  K_nnlo   =    1.2438596987559729            +-    6.0065980680638767E-004
  sig_LO   = ( -0.40959539468865597            +-    4.3425986076053608E-004 ) fb
  sig_NLO  = ( -0.49535979558922416            +-    4.7847198869168327E-004 ) fb
  sig_NNLO = ( -0.50947920424926552            +-    4.9911036136268791E-004 ) fb

  pp ---> HHW+ + X
  ===============

  PDFSET = PDF4LHC21_40                                NSET =  34
  Sqrt(S)  = 13.6 TeV
  LOOP     = 3
  alphaS(MZ) =   0.11800
          kl =   1.00000
          kv =   1.00000
         k2v =   1.00000
         kth =   1.00000
         kbh =   1.00000
        cHsq =   0.00000
       chdup =   0.00000
         cHw =   0.00000
          cH =   0.00000
         cHb =   0.00000
        cHwb =   0.00000
      cHq1st =   0.00000
      cHq3st =  -0.02857
      cHq1rd =   0.00000
      cHq3rd =   0.00000
       cHdst =   0.00000
       cHust =   0.00000
       cHdrd =   0.00000
       cHurd =   0.00000
         cth =   0.00000
         cbh =   0.00000
 --------------

  mH       = 125.0000      GeV
  fact_scale 1.0
  ren_scale  1.0
  Kqq      =   0.25925286912096485            +-   -4.7082069835037161E-004
  Kgq      =   -5.0203448556146946E-002       +-   -1.2616219813136085E-004
  K_nlo    =    1.2090494205648179            +-    4.8743105177293368E-004
  Kqq2     =    5.7567032420394244E-002       +-   -3.1426066257286801E-004
  Kgq2     =   -2.5001163941411365E-002       +-   -1.3206878026901015E-004
  Kqqs     =    1.4589426446895005E-003       +-   -3.4083258153975962E-006
  Kgg      =    4.3595145460041337E-004       +-   -1.1801446134234264E-006
  K_nnlo   =    1.2435101831430908            +-    5.9481422849585813E-004
  sig_LO   = ( -0.41255603081679004            +-    4.3443810831888678E-004 ) fb
  sig_NLO  = ( -0.49880063000956110            +-    4.7872195665616882E-004 ) fb
  sig_NNLO = ( -0.51301762543777307            +-    4.9895368719961980E-004 ) fb

  pp ---> HHW+ + X
  ===============

  PDFSET = PDF4LHC21_40                                NSET =  35
  Sqrt(S)  = 13.6 TeV
  LOOP     = 3
  alphaS(MZ) =   0.11800
          kl =   1.00000
          kv =   1.00000
         k2v =   1.00000
         kth =   1.00000
         kbh =   1.00000
        cHsq =   0.00000
       chdup =   0.00000
         cHw =   0.00000
          cH =   0.00000
         cHb =   0.00000
        cHwb =   0.00000
      cHq1st =   0.00000
      cHq3st =  -0.02857
      cHq1rd =   0.00000
      cHq3rd =   0.00000
       cHdst =   0.00000
       cHust =   0.00000
       cHdrd =   0.00000
       cHurd =   0.00000
         cth =   0.00000
         cbh =   0.00000
 --------------

  mH       = 125.0000      GeV
  fact_scale 1.0
  ren_scale  1.0
  Kqq      =   0.25970930908123746            +-   -4.7451194677019962E-004
  Kgq      =   -5.0292741535966572E-002       +-   -1.2631988704894377E-004
  K_nlo    =    1.2094165675452708            +-    4.9103798375655489E-004
  Kqq2     =    5.7624781230701611E-002       +-   -3.2120201002466310E-004
  Kgq2     =   -2.5050764240557081E-002       +-   -1.3234106272205784E-004
  Kqqs     =    1.4619978139680694E-003       +-   -3.4180174710700523E-006
  Kgg      =    4.3522917376837748E-004       +-   -1.1772758941498873E-006
  K_nnlo   =    1.2438878115231518            +-    6.0151164447577699E-004
  sig_LO   = ( -0.40999416237867931            +-    4.3513989203859953E-004 ) fb
  sig_NLO  = ( -0.49585373257762083            +-    4.7945548066042509E-004 ) fb
  sig_NNLO = ( -0.50998674137848321            +-    5.0016627909074446E-004 ) fb

  pp ---> HHW+ + X
  ===============

  PDFSET = PDF4LHC21_40                                NSET =  36
  Sqrt(S)  = 13.6 TeV
  LOOP     = 3
  alphaS(MZ) =   0.11800
          kl =   1.00000
          kv =   1.00000
         k2v =   1.00000
         kth =   1.00000
         kbh =   1.00000
        cHsq =   0.00000
       chdup =   0.00000
         cHw =   0.00000
          cH =   0.00000
         cHb =   0.00000
        cHwb =   0.00000
      cHq1st =   0.00000
      cHq3st =  -0.02857
      cHq1rd =   0.00000
      cHq3rd =   0.00000
       cHdst =   0.00000
       cHust =   0.00000
       cHdrd =   0.00000
       cHurd =   0.00000
         cth =   0.00000
         cbh =   0.00000
 --------------

  mH       = 125.0000      GeV
  fact_scale 1.0
  ren_scale  1.0
  Kqq      =   0.25983455271032274            +-   -4.7497848187548632E-004
  Kgq      =   -5.0568808440384992E-002       +-   -1.2698637667835129E-004
  K_nlo    =    1.2092657442699377            +-    4.9166055170883681E-004
  Kqq2     =    5.7672487026286086E-002       +-   -3.2159512036031572E-004
  Kgq2     =   -2.5187002933001593E-002       +-   -1.3307030134446435E-004
  Kqqs     =    1.4657807348597803E-003       +-   -3.4262908361866813E-006
  Kgg      =    4.3867089528313734E-004       +-   -1.1866756695591188E-006
  K_nnlo   =    1.2436556799933649            +-    6.0239054799535912E-004
  sig_LO   = ( -0.40826553978860236            +-    4.3355122500156080E-004 ) fb
  sig_NLO  = ( -0.49370153183223209            +-    4.7776397832713011E-004 ) fb
  sig_NNLO = ( -0.50774175750365247            +-    4.9844843021988312E-004 ) fb

  pp ---> HHW+ + X
  ===============

  PDFSET = PDF4LHC21_40                                NSET =  37
  Sqrt(S)  = 13.6 TeV
  LOOP     = 3
  alphaS(MZ) =   0.11800
          kl =   1.00000
          kv =   1.00000
         k2v =   1.00000
         kth =   1.00000
         kbh =   1.00000
        cHsq =   0.00000
       chdup =   0.00000
         cHw =   0.00000
          cH =   0.00000
         cHb =   0.00000
        cHwb =   0.00000
      cHq1st =   0.00000
      cHq3st =  -0.02857
      cHq1rd =   0.00000
      cHq3rd =   0.00000
       cHdst =   0.00000
       cHust =   0.00000
       cHdrd =   0.00000
       cHurd =   0.00000
         cth =   0.00000
         cbh =   0.00000
 --------------

  mH       = 125.0000      GeV
  fact_scale 1.0
  ren_scale  1.0
  Kqq      =   0.25970916907134006            +-   -4.7457774987706198E-004
  Kgq      =   -5.0336781152852630E-002       +-   -1.2644041811780981E-004
  K_nlo    =    1.2093723879184874            +-    4.9113258903495886E-004
  Kqq2     =    5.7622353064294141E-002       +-   -3.2116404930342460E-004
  Kgq2     =   -2.5073783299864694E-002       +-   -1.3248359744847453E-004
  Kqqs     =    1.4634570291187905E-003       +-   -3.4219677442118225E-006
  Kgg      =    4.3516472780799869E-004       +-   -1.1771904494556670E-006
  K_nnlo   =    1.2438195794398437            +-    6.0160000482932215E-004
  sig_LO   = ( -0.40957069732158541            +-    4.3482076075135296E-004 ) fb
  sig_NLO  = ( -0.49532349224124583            +-    4.7909480415586142E-004 ) fb
  sig_NNLO = ( -0.50943205249341794            +-    4.9978088903811246E-004 ) fb

  pp ---> HHW+ + X
  ===============

  PDFSET = PDF4LHC21_40                                NSET =  38
  Sqrt(S)  = 13.6 TeV
  LOOP     = 3
  alphaS(MZ) =   0.11800
          kl =   1.00000
          kv =   1.00000
         k2v =   1.00000
         kth =   1.00000
         kbh =   1.00000
        cHsq =   0.00000
       chdup =   0.00000
         cHw =   0.00000
          cH =   0.00000
         cHb =   0.00000
        cHwb =   0.00000
      cHq1st =   0.00000
      cHq3st =  -0.02857
      cHq1rd =   0.00000
      cHq3rd =   0.00000
       cHdst =   0.00000
       cHust =   0.00000
       cHdrd =   0.00000
       cHurd =   0.00000
         cth =   0.00000
         cbh =   0.00000
 --------------

  mH       = 125.0000      GeV
  fact_scale 1.0
  ren_scale  1.0
  Kqq      =   0.25943965140513225            +-   -4.7341752819445086E-004
  Kgq      =   -4.9877207811306161E-002       +-   -1.2529852935095777E-004
  K_nlo    =    1.2095624435938261            +-    4.8971816125120021E-004
  Kqq2     =    5.7521730872315435E-002       +-   -3.2031529200935360E-004
  Kgq2     =   -2.4843534489434174E-002       +-   -1.3129255358461942E-004
  Kqqs     =    1.4525673325707746E-003       +-   -3.3962011743212830E-006
  Kgg      =    4.3112484221555577E-004       +-   -1.1661062013620730E-006
  K_nnlo   =    1.2441243321514937            +-    5.9973026634242287E-004
  sig_LO   = ( -0.41320213850015192            +-    4.3794940051970137E-004 ) fb
  sig_NLO  = ( -0.49979378834243837            +-    4.8243781847905981E-004 ) fb
  sig_NNLO = ( -0.51407483460507053            +-    5.0319915396829706E-004 ) fb

  pp ---> HHW+ + X
  ===============

  PDFSET = PDF4LHC21_40                                NSET =  39
  Sqrt(S)  = 13.6 TeV
  LOOP     = 3
  alphaS(MZ) =   0.11800
          kl =   1.00000
          kv =   1.00000
         k2v =   1.00000
         kth =   1.00000
         kbh =   1.00000
        cHsq =   0.00000
       chdup =   0.00000
         cHw =   0.00000
          cH =   0.00000
         cHb =   0.00000
        cHwb =   0.00000
      cHq1st =   0.00000
      cHq3st =  -0.02857
      cHq1rd =   0.00000
      cHq3rd =   0.00000
       cHdst =   0.00000
       cHust =   0.00000
       cHdrd =   0.00000
       cHurd =   0.00000
         cth =   0.00000
         cbh =   0.00000
 --------------

  mH       = 125.0000      GeV
  fact_scale 1.0
  ren_scale  1.0
  Kqq      =   0.25973351311306431            +-   -4.7474204487721631E-004
  Kgq      =   -5.0479919715607724E-002       +-   -1.2683568417380106E-004
  K_nlo    =    1.2092535933974564            +-    4.9139322334972946E-004
  Kqq2     =    5.7630956154994605E-002       +-   -3.2141965635373951E-004
  Kgq2     =   -2.5141991730989421E-002       +-   -1.3285912298524494E-004
  Kqqs     =    1.4645984154199483E-003       +-   -3.4238771349195112E-006
  Kgg      =    4.3795058477494434E-004       +-   -1.1853845470429948E-006
  K_nnlo   =    1.2436451068216565            +-    6.0203203409466585E-004
  sig_LO   = ( -0.40914605176123220            +-    4.3443956294360222E-004 ) fb
  sig_NLO  = ( -0.49476133331665184            +-    4.7870604611347569E-004 ) fb
  sig_NNLO = ( -0.50883248524825675            +-    4.9941045071581151E-004 ) fb

  pp ---> HHW+ + X
  ===============

  PDFSET = PDF4LHC21_40                                NSET =  40
  Sqrt(S)  = 13.6 TeV
  LOOP     = 3
  alphaS(MZ) =   0.11800
          kl =   1.00000
          kv =   1.00000
         k2v =   1.00000
         kth =   1.00000
         kbh =   1.00000
        cHsq =   0.00000
       chdup =   0.00000
         cHw =   0.00000
          cH =   0.00000
         cHb =   0.00000
        cHwb =   0.00000
      cHq1st =   0.00000
      cHq3st =  -0.02857
      cHq1rd =   0.00000
      cHq3rd =   0.00000
       cHdst =   0.00000
       cHust =   0.00000
       cHdrd =   0.00000
       cHurd =   0.00000
         cth =   0.00000
         cbh =   0.00000
 --------------

  mH       = 125.0000      GeV
  fact_scale 1.0
  ren_scale  1.0
  Kqq      =   0.25976201341990213            +-   -4.7484253589491086E-004
  Kgq      =   -5.0341505925755946E-002       +-   -1.2646698654900215E-004
  K_nlo    =    1.2094205074941462            +-    4.9139529157481274E-004
  Kqq2     =    5.7644169551956073E-002       +-   -3.2144306942752404E-004
  Kgq2     =   -2.5075840964609797E-002       +-   -1.3251184174706428E-004
  Kqqs     =    1.4637640755949220E-003       +-   -3.4227682161269372E-006
  Kgg      =    4.3571763058823724E-004       +-   -1.1785073611270608E-006
  K_nnlo   =    1.2438883177876758            +-    6.0196966027362521E-004
  sig_LO   = ( -0.40887256730132909            +-    4.3422973368547436E-004 ) fb
  sig_NLO  = ( -0.49449886784600788            +-    4.7845953455948455E-004 ) fb
  sig_NNLO = ( -0.50859180992997843            +-    4.9913413768249565E-004 ) fb

  pp ---> HHW+ + X
  ===============

  PDFSET = PDF4LHC21_40                                NSET =  41
  Sqrt(S)  = 13.6 TeV
  LOOP     = 3
  alphaS(MZ) =   0.11700
          kl =   1.00000
          kv =   1.00000
         k2v =   1.00000
         kth =   1.00000
         kbh =   1.00000
        cHsq =   0.00000
       chdup =   0.00000
         cHw =   0.00000
          cH =   0.00000
         cHb =   0.00000
        cHwb =   0.00000
      cHq1st =   0.00000
      cHq3st =  -0.02857
      cHq1rd =   0.00000
      cHq3rd =   0.00000
       cHdst =   0.00000
       cHust =   0.00000
       cHdrd =   0.00000
       cHurd =   0.00000
         cth =   0.00000
         cbh =   0.00000
 --------------

  mH       = 125.0000      GeV
  fact_scale 1.0
  ren_scale  1.0
  Kqq      =   0.25787480111840577            +-   -4.7148114233831452E-004
  Kgq      =   -4.8983347043471639E-002       +-   -1.2328082174109336E-004
  K_nlo    =    1.2088914540749340            +-    4.8733215427447556E-004
  Kqq2     =    5.6819887141126860E-002       +-   -3.1734392564549866E-004
  Kgq2     =   -2.4246992469290195E-002       +-   -1.2836677918735953E-004
  Kqqs     =    1.4376244282345851E-003       +-   -3.3646814064852053E-006
  Kgg      =    4.1344537735560387E-004       +-   -1.1192730479811856E-006
  K_nnlo   =    1.2433154185523609            +-    5.9555889682377881E-004
  sig_LO   = ( -0.41212697422061273            +-    4.3818807009698518E-004 ) fb
  sig_NLO  = ( -0.49821677712905943            +-    4.8202342830546986E-004 ) fb
  sig_NNLO = ( -0.51240382144981922            +-    5.0224741690489986E-004 ) fb

  pp ---> HHW+ + X
  ===============

  PDFSET = PDF4LHC21_40                                NSET =  42
  Sqrt(S)  = 13.6 TeV
  LOOP     = 3
  alphaS(MZ) =   0.11900
          kl =   1.00000
          kv =   1.00000
         k2v =   1.00000
         kth =   1.00000
         kbh =   1.00000
        cHsq =   0.00000
       chdup =   0.00000
         cHw =   0.00000
          cH =   0.00000
         cHb =   0.00000
        cHwb =   0.00000
      cHq1st =   0.00000
      cHq3st =  -0.02857
      cHq1rd =   0.00000
      cHq3rd =   0.00000
       cHdst =   0.00000
       cHust =   0.00000
       cHdrd =   0.00000
       cHurd =   0.00000
         cth =   0.00000
         cbh =   0.00000
 --------------

  mH       = 125.0000      GeV
  fact_scale 1.0
  ren_scale  1.0
  Kqq      =   0.26147266697008720            +-   -4.7810002107905492E-004
  Kgq      =   -4.9688260517862931E-002       +-   -1.2520486938863410E-004
  K_nlo    =    1.2117844064522241            +-    4.9422251008469627E-004
  Kqq2     =    5.8393707890925552E-002       +-   -3.2607823159946009E-004
  Kgq2     =   -2.4898244195514539E-002       +-   -1.3198544822344018E-004
  Kqqs     =    1.4860100290298227E-003       +-   -3.4743077488182233E-006
  Kgg      =    4.2659918867943091E-004       +-   -1.1585382971498703E-006
  K_nnlo   =    1.2471924793653444            +-    6.0664361380097849E-004
  sig_LO   = ( -0.40974681170168303            +-    4.3518389521677605E-004 ) fb
  sig_NLO  = ( -0.49652479701361529            +-    4.7999348151145106E-004 ) fb
  sig_NNLO = ( -0.51103314199826699            +-    5.0117083916917772E-004 ) fb

