  pp ---> HHW+ + X
  ===============

  PDFSET = PDF4LHC21_40                                NSET =   0
  Sqrt(S)  = 13.6 TeV
  LOOP     = 3
  alphaS(MZ) =   0.11800
          kl =   1.00000
          kv =   1.00000
         k2v =   1.00000
         kth =   1.00000
         kbh =   1.00000
        cHsq =   0.00000
       chdup =   0.00000
         cHw =   0.80000
          cH =   0.00000
         cHb =   0.00000
        cHwb =   0.00000
      cHq1st =   0.00000
      cHq3st =   0.00000
      cHq1rd =   0.00000
      cHq3rd =   0.00000
       cHdst =   0.00000
       cHust =   0.00000
       cHdrd =   0.00000
       cHurd =   0.00000
         cth =   0.00000
         cbh =   0.00000
 --------------

  mH       = 125.0000      GeV
  fact_scale 0.5
  ren_scale  0.5
  Kqq      =   0.20293100938226591            +-    1.7077699996081378E-004
  Kgq      =   -2.1095800125173255E-002       +-    1.1496634475279835E-004
  K_nlo    =    1.1818352092570925            +-    2.0586899752375314E-004
  Kqq2     =    6.7592898844680586E-003       +-    5.4549063562421855E-005
  Kgq2     =   -4.7725936525224921E-003       +-    3.6543564537729815E-005
  Kqqs     =    3.9078051105765065E-004       +-    1.1522370926975135E-006
  Kgg      =    8.8128090540680741E-005       +-    4.8438765772894521E-007
  K_nnlo   =    1.1843008140906366            +-    2.1608942331316491E-004
  sig_LO   = (   1.0591084373153630            +-    5.5656283367422940E-004 ) fb
  sig_NLO  = (   1.2516916416405544            +-    5.9774792301238249E-004 ) fb
  sig_NNLO = (   1.2543029845228464            +-    6.0178074332542725E-004 ) fb

  mH       = 125.0000      GeV
  fact_scale 1.0
  ren_scale  0.5
  Kqq      =   0.27429208170854991            +-    2.0469898429825706E-004
  Kgq      =   -7.0838960039830992E-002       +-    1.1578472425892471E-004
  K_nlo    =    1.2034531216687190            +-    2.3517605436024588E-004
  Kqq2     =    1.2105399091519808E-002       +-    8.2124233256876910E-005
  Kgq2     =   -1.0108649253306890E-002       +-    4.9593348563893573E-005
  Kqqs     =    5.8051993453605720E-004       +-    1.1819609858828028E-006
  Kgg      =    3.4586150518100471E-004       +-    5.8699035052405313E-007
  K_nnlo   =    1.2063762529466491            +-    2.5399489767258487E-004
  sig_LO   = (   1.0413872814306324            +-    5.4801536970324816E-004 ) fb
  sig_NLO  = (   1.2532607747037952            +-    6.0025114417457462E-004 ) fb
  sig_NNLO = (   1.2563048864385835            +-    6.0851033524220253E-004 ) fb

  mH       = 125.0000      GeV
  fact_scale 0.5
  ren_scale  1.0
  Kqq      =   0.18668963809296527            +-    1.5715655541980573E-004
  Kgq      =   -1.9413719425080633E-002       +-    1.0568071838143743E-004
  K_nlo    =    1.1672759186678845            +-    1.8938478594922865E-004
  Kqq2     =    9.7967628407219596E-003       +-    3.9821761987971314E-005
  Kgq2     =   -4.4404346812465150E-003       +-    3.1135654132701109E-005
  Kqqs     =    3.2926547610073997E-004       +-    9.7185688121701507E-007
  Kgg      =    7.4261122780759056E-005       +-    4.0782262753147951E-007
  K_nnlo   =    1.1730357734262415            +-    1.9601762589171944E-004
  sig_LO   = (   1.0591084373153630            +-    5.5656283367422940E-004 ) fb
  sig_NLO  = (   1.2362717741361979            +-    5.9160301974912682E-004 ) fb
  sig_NNLO = (   1.2423720849084849            +-    5.9402152825179650E-004 ) fb

  mH       = 125.0000      GeV
  fact_scale 1.0
  ren_scale  1.0
  Kqq      =   0.25234186702725026            +-    1.8832941616682593E-004
  Kgq      =   -6.5119679154758039E-002       +-    1.0637362173409012E-004
  K_nlo    =    1.1872221878724922            +-    2.1629451309398674E-004
  Kqq2     =    1.5741677868833692E-002       +-    6.0847825602460063E-005
  Kgq2     =   -1.0018408233484908E-002       +-    3.8365720959089998E-005
  Kqqs     =    4.8986083167334939E-004       +-    9.9793793148059131E-007
  Kgg      =    2.9128478768989286E-004       +-    4.9414877451966833E-007
  K_nnlo   =    1.1937266031272042            +-    2.2794504355863807E-004
  sig_LO   = (   1.0413872814306324            +-    5.4801536970324816E-004 ) fb
  sig_NLO  = (   1.2363580866826622            +-    5.9250043532680437E-004 ) fb
  sig_NNLO = (   1.2431317020020625            +-    5.9721827495323699E-004 ) fb

  mH       = 125.0000      GeV
  fact_scale 1.5
  ren_scale  1.0
  Kqq      =   0.29176668157922903            +-    2.1859199897627214E-004
  Kgq      =   -9.0810286689765721E-002       +-    1.0196076729701086E-004
  K_nlo    =    1.2009563948894633            +-    2.4120211459321365E-004
  Kqq2     =    1.9194338030004959E-002       +-    7.8190551130876635E-005
  Kgq2     =   -1.3846230339806425E-002       +-    4.3166936387560793E-005
  Kqqs     =    8.7512604384351838E-004       +-    1.2096448314697112E-006
  Kgg      =    4.8801489175938974E-004       +-    5.7633123019454165E-007
  K_nnlo   =    1.2076676435152649            +-    2.5721081269219789E-004
  sig_LO   = (   1.0303982212930609            +-    5.4277289569794882E-004 ) fb
  sig_NLO  = (   1.2374633331446296            +-    5.9696874265823853E-004 ) fb
  sig_NNLO = (   1.2443785917913111            +-    6.0402242180478160E-004 ) fb

  mH       = 125.0000      GeV
  fact_scale 2.0
  ren_scale  1.0
  Kqq      =   0.32015037319645706            +-    2.4258768334146851E-004
  Kgq      =  -0.10857739325292778            +-    1.1614550298432717E-004
  K_nlo    =    1.2115729799435293            +-    2.6895829039548671E-004
  Kqq2     =    2.1634899385488703E-002       +-    9.2654974730562009E-005
  Kgq2     =   -1.6809505781038382E-002       +-    4.8718036326862054E-005
  Kqqs     =    1.2723063314269531E-003       +-    1.4314644949565674E-006
  Kgg      =    6.5466435076878251E-004       +-    6.6567431696886290E-007
  K_nnlo   =    1.2183253442301754            +-    2.8861643333536309E-004
  sig_LO   = (   1.0224156599419882            +-    5.3885437817783721E-004 ) fb
  sig_NLO  = (   1.2387311878568446            +-    6.0496444807149477E-004 ) fb
  sig_NNLO = (   1.2456349108451445            +-    6.1436126615727039E-004 ) fb

  mH       = 125.0000      GeV
  fact_scale 1.0
  ren_scale  1.5
  Kqq      =   0.24108717199225455            +-    1.7993868728352242E-004
  Kgq      =   -6.2190576801933461E-002       +-    1.0155871831921619E-004
  K_nlo    =    1.1788965951903210            +-    2.0662067768730013E-004
  Kqq2     =    1.7300823579783086E-002       +-    5.3685602548406357E-005
  Kgq2     =   -9.9328858707954538E-003       +-    3.3853102195914508E-005
  Kqqs     =    4.4645979710225504E-004       +-    9.0977646677412144E-007
  Kgg      =    2.6521391997969126E-004       +-    4.4982479394566364E-007
  K_nnlo   =    1.1869762066163907            +-    2.1615112984390433E-004
  sig_LO   = (   1.0413872814306324            +-    5.4801536970324816E-004 ) fb
  sig_NLO  = (   1.2276879203530773            +-    5.8874433990446947E-004 ) fb
  sig_NNLO = (   1.2361019249310876            +-    5.9244368653577355E-004 ) fb

  mH       = 125.0000      GeV
  fact_scale 1.5
  ren_scale  1.5
  Kqq      =   0.27875212789920906            +-    2.0882950932105465E-004
  Kgq      =   -8.6718929719290100E-002       +-    9.7397492849789289E-005
  K_nlo    =    1.1920331981799190            +-    2.3042577020962132E-004
  Kqq2     =    2.0910243104722819E-002       +-    6.7253670426043106E-005
  Kgq2     =   -1.3754894683169311E-002       +-    3.8828994636688545E-005
  Kqqs     =    7.9756962513752197E-004       +-    1.1023668426882098E-006
  Kgg      =    4.4429204324680592E-004       +-    5.2494958310265565E-007
  K_nnlo   =    1.2004304082698567            +-    2.4316305922505722E-004
  sig_LO   = (   1.0303982212930609            +-    5.4277289569794882E-004 ) fb
  sig_NLO  = (   1.2282688871268672            +-    5.9243190785932388E-004 ) fb
  sig_NNLO = (   1.2369213574673634            +-    5.9781277666518635E-004 ) fb

  mH       = 125.0000      GeV
  fact_scale 2.0
  ren_scale  1.5
  Kqq      =   0.30586730456065253            +-    2.3172898703126472E-004
  Kgq      =  -0.10368133354659137            +-    1.1090658291874506E-004
  K_nlo    =    1.2021859710140612            +-    2.5690191428879726E-004
  Kqq2     =    2.3471273356504428E-002       +-    7.9181513231832819E-005
  Kgq2     =   -1.6691280390529251E-002       +-    4.4817521265706165E-005
  Kqqs     =    1.1594811843374524E-003       +-    1.3044415876435470E-006
  Kgg      =    5.9598114624344345E-004       +-    6.0618774924817583E-007
  K_nnlo   =    1.2107214263106172            +-    2.7254171212270678E-004
  sig_LO   = (   1.0224156599419882            +-    5.3885437817783721E-004 ) fb
  sig_NLO  = (   1.2291337629273413            +-    5.9946192562956868E-004 ) fb
  sig_NNLO = (   1.2378605460872749            +-    6.0663858516561665E-004 ) fb

  mH       = 125.0000      GeV
  fact_scale 1.0
  ren_scale  2.0
  Kqq      =   0.23370307447103791            +-    1.7443424236194977E-004
  Kgq      =   -6.0270079693303377E-002       +-    9.8403627060926743E-005
  K_nlo    =    1.1734329947777347            +-    2.0027625602435598E-004
  Kqq2     =    1.8212836640796825E-002       +-    5.2505349294471913E-005
  Kgq2     =   -9.8630587400789695E-003       +-    3.1565360110388456E-005
  Kqqs     =    4.1911357837289795E-004       +-    8.5420753250614964E-007
  Kgg      =    2.4880702207236350E-004       +-    4.2194006893530142E-007
  K_nnlo   =    1.1824506932788976            +-    2.0943894120840269E-004
  sig_LO   = (   1.0413872814306324            +-    5.4801536970324816E-004 ) fb
  sig_NLO  = (   1.2219981963725906            +-    5.8636188951194943E-004 ) fb
  sig_NNLO = (   1.2313891128994781            +-    5.8982330449117095E-004 ) fb

  mH       = 125.0000      GeV
  fact_scale 1.5
  ren_scale  2.0
  Kqq      =   0.27021348402444634            +-    2.0242663524750276E-004
  Kgq      =   -8.4036710149744981E-002       +-    9.4404757482999407E-005
  K_nlo    =    1.1861767738747013            +-    2.2335801058625466E-004
  Kqq2     =    2.1914866083507779E-002       +-    6.4224580051775153E-005
  Kgq2     =   -1.3673129586270680E-002       +-    3.6954375029887325E-005
  Kqqs     =    7.4870439197035558E-004       +-    1.0347801955703321E-006
  Kgg      =    4.1677982977022040E-004       +-    4.9260165165697189E-007
  K_nnlo   =    1.1955839945936790            +-    2.3533069675706620E-004
  sig_LO   = (   1.0303982212930609            +-    5.4277289569794882E-004 ) fb
  sig_NLO  = (   1.2222344379396337            +-    5.8955099750209762E-004 ) fb
  sig_NNLO = (   1.2319276214357795            +-    5.9447545555439013E-004 ) fb

  mH       = 125.0000      GeV
  fact_scale 2.0
  ren_scale  2.0
  Kqq      =   0.29649652969149504            +-    2.2460831098104669E-004
  Kgq      =  -0.10047184640836200            +-    1.0747071864603539E-004
  K_nlo    =    1.1960246832831329            +-    2.4899568013934275E-004
  Kqq2     =    2.4540274800077679E-002       +-    7.3990581199832227E-005
  Kgq2     =   -1.6587076053541393E-002       +-    4.3155843938879469E-005
  Kqqs     =    1.0883990635468114E-003       +-    1.2244219299878491E-006
  Kgg      =    5.5905759150642344E-004       +-    5.6874801460530314E-007
  K_nnlo   =    1.2056253386847224            +-    2.6332053543881936E-004
  sig_LO   = (   1.0224156599419882            +-    5.3885437817783721E-004 ) fb
  sig_NLO  = (   1.2228343658658318            +-    5.9596437132015902E-004 ) fb
  sig_NNLO = (   1.2326502262941237            +-    6.0236623877749844E-004 ) fb

  pp ---> HHW+ + X
  ===============

  PDFSET = PDF4LHC21_40                                NSET =   1
  Sqrt(S)  = 13.6 TeV
  LOOP     = 3
  alphaS(MZ) =   0.11800
          kl =   1.00000
          kv =   1.00000
         k2v =   1.00000
         kth =   1.00000
         kbh =   1.00000
        cHsq =   0.00000
       chdup =   0.00000
         cHw =   0.80000
          cH =   0.00000
         cHb =   0.00000
        cHwb =   0.00000
      cHq1st =   0.00000
      cHq3st =   0.00000
      cHq1rd =   0.00000
      cHq3rd =   0.00000
       cHdst =   0.00000
       cHust =   0.00000
       cHdrd =   0.00000
       cHurd =   0.00000
         cth =   0.00000
         cbh =   0.00000
 --------------

  mH       = 125.0000      GeV
  fact_scale 1.0
  ren_scale  1.0
  Kqq      =   0.25244524157607096            +-    1.8907390098528486E-004
  Kgq      =   -6.5148895079881350E-002       +-    1.0649227768813974E-004
  K_nlo    =    1.1872963464961896            +-    2.1700125631203424E-004
  Kqq2     =    1.5757366277367475E-002       +-    6.0980164624604315E-005
  Kgq2     =   -1.0024100681358030E-002       +-    3.8407325962908412E-005
  Kqqs     =    4.9014185857141008E-004       +-    9.9873140532494191E-007
  Kgg      =    2.9132038288217835E-004       +-    4.9430159849942921E-007
  K_nnlo   =    1.1938110743336530            +-    2.2865802020650047E-004
  sig_LO   = (   1.0414368808246914            +-    5.5089170331283274E-004 ) fb
  sig_NLO  = (   1.2364942037095437            +-    5.9544483810700100E-004 ) fb
  sig_NNLO = (   1.2432788815480129            +-    6.0015743319702635E-004 ) fb

  pp ---> HHW+ + X
  ===============

  PDFSET = PDF4LHC21_40                                NSET =   2
  Sqrt(S)  = 13.6 TeV
  LOOP     = 3
  alphaS(MZ) =   0.11800
          kl =   1.00000
          kv =   1.00000
         k2v =   1.00000
         kth =   1.00000
         kbh =   1.00000
        cHsq =   0.00000
       chdup =   0.00000
         cHw =   0.80000
          cH =   0.00000
         cHb =   0.00000
        cHwb =   0.00000
      cHq1st =   0.00000
      cHq3st =   0.00000
      cHq1rd =   0.00000
      cHq3rd =   0.00000
       cHdst =   0.00000
       cHust =   0.00000
       cHdrd =   0.00000
       cHurd =   0.00000
         cth =   0.00000
         cbh =   0.00000
 --------------

  mH       = 125.0000      GeV
  fact_scale 1.0
  ren_scale  1.0
  Kqq      =   0.25232892306313154            +-    1.8798796465371436E-004
  Kgq      =   -6.5038142128713755E-002       +-    1.0612873451902473E-004
  K_nlo    =    1.1872907809344178            +-    2.1587677768869859E-004
  Kqq2     =    1.5741713246221586E-002       +-    6.0761878356203963E-005
  Kgq2     =   -1.0008223250793613E-002       +-    3.8276225812220448E-005
  Kqqs     =    4.9185015007240974E-004       +-    1.0009801307329295E-006
  Kgg      =    2.9060990024738114E-004       +-    4.9116516140036092E-007
  K_nnlo   =    1.1938067309801654            +-    2.2751066276879397E-004
  sig_LO   = (   1.0394776331778124            +-    5.4584069331494844E-004 ) fb
  sig_NLO  = (   1.2341622108595451            +-    5.9016693439189398E-004 ) fb
  sig_NNLO = (   1.2409353951910040            +-    5.9487027539248806E-004 ) fb

  pp ---> HHW+ + X
  ===============

  PDFSET = PDF4LHC21_40                                NSET =   3
  Sqrt(S)  = 13.6 TeV
  LOOP     = 3
  alphaS(MZ) =   0.11800
          kl =   1.00000
          kv =   1.00000
         k2v =   1.00000
         kth =   1.00000
         kbh =   1.00000
        cHsq =   0.00000
       chdup =   0.00000
         cHw =   0.80000
          cH =   0.00000
         cHb =   0.00000
        cHwb =   0.00000
      cHq1st =   0.00000
      cHq3st =   0.00000
      cHq1rd =   0.00000
      cHq3rd =   0.00000
       cHdst =   0.00000
       cHust =   0.00000
       cHdrd =   0.00000
       cHurd =   0.00000
         cth =   0.00000
         cbh =   0.00000
 --------------

  mH       = 125.0000      GeV
  fact_scale 1.0
  ren_scale  1.0
  Kqq      =   0.25217525662809004            +-    1.8675000057494836E-004
  Kgq      =   -6.4842090938002528E-002       +-    1.0598987193629952E-004
  K_nlo    =    1.1873331656900876            +-    2.1473103098484947E-004
  Kqq2     =    1.5719555259625498E-002       +-    6.0428229935875934E-005
  Kgq2     =   -9.9774013068364229E-003       +-    3.8216858468815614E-005
  Kqqs     =    4.8871252727258029E-004       +-    9.9427935318244721E-007
  Kgg      =    2.8983731994384419E-004       +-    4.9135218449739093E-007
  K_nnlo   =    1.1938538694900931            +-    2.2632442407002020E-004
  sig_LO   = (   1.0437055985580574            +-    5.4259582750754002E-004 ) fb
  sig_NLO  = (   1.2392262723844059            +-    5.8705894437585248E-004 ) fb
  sig_NNLO = (   1.2460319674470104            +-    5.9178396653048555E-004 ) fb

  pp ---> HHW+ + X
  ===============

  PDFSET = PDF4LHC21_40                                NSET =   4
  Sqrt(S)  = 13.6 TeV
  LOOP     = 3
  alphaS(MZ) =   0.11800
          kl =   1.00000
          kv =   1.00000
         k2v =   1.00000
         kth =   1.00000
         kbh =   1.00000
        cHsq =   0.00000
       chdup =   0.00000
         cHw =   0.80000
          cH =   0.00000
         cHb =   0.00000
        cHwb =   0.00000
      cHq1st =   0.00000
      cHq3st =   0.00000
      cHq1rd =   0.00000
      cHq3rd =   0.00000
       cHdst =   0.00000
       cHust =   0.00000
       cHdrd =   0.00000
       cHurd =   0.00000
         cth =   0.00000
         cbh =   0.00000
 --------------

  mH       = 125.0000      GeV
  fact_scale 1.0
  ren_scale  1.0
  Kqq      =   0.25277371089953904            +-    1.8863068477748031E-004
  Kgq      =   -6.5865698837173248E-002       +-    1.0770385511530435E-004
  K_nlo    =    1.1869080120623658            +-    2.1721338735519873E-004
  Kqq2     =    1.5805587469154395E-002       +-    6.0909444049986962E-005
  Kgq2     =   -1.0130861460813590E-002       +-    3.8844448769903098E-005
  Kqqs     =    4.9443664564361844E-004       +-    1.0077454247552727E-006
  Kgg      =    2.9598492801401243E-004       +-    5.0338227038211708E-007
  K_nnlo   =    1.1933731596443644            +-    2.2891434242001304E-004
  sig_LO   = (   1.0275842616894035            +-    5.4107299206942214E-004 ) fb
  sig_NLO  = (   1.2196479932683437            +-    5.8530375087321616E-004 ) fb
  sig_NNLO = (   1.2262914771731044            +-    5.8999369453556537E-004 ) fb

  pp ---> HHW+ + X
  ===============

  PDFSET = PDF4LHC21_40                                NSET =   5
  Sqrt(S)  = 13.6 TeV
  LOOP     = 3
  alphaS(MZ) =   0.11800
          kl =   1.00000
          kv =   1.00000
         k2v =   1.00000
         kth =   1.00000
         kbh =   1.00000
        cHsq =   0.00000
       chdup =   0.00000
         cHw =   0.80000
          cH =   0.00000
         cHb =   0.00000
        cHwb =   0.00000
      cHq1st =   0.00000
      cHq3st =   0.00000
      cHq1rd =   0.00000
      cHq3rd =   0.00000
       cHdst =   0.00000
       cHust =   0.00000
       cHdrd =   0.00000
       cHurd =   0.00000
         cth =   0.00000
         cbh =   0.00000
 --------------

  mH       = 125.0000      GeV
  fact_scale 1.0
  ren_scale  1.0
  Kqq      =   0.25240085961395287            +-    1.8838995225862974E-004
  Kgq      =   -6.4964610280530410E-002       +-    1.0610985737711498E-004
  K_nlo    =    1.1874362493334225            +-    2.1621765872518477E-004
  Kqq2     =    1.5749986701176184E-002       +-    6.0862432339847809E-005
  Kgq2     =   -9.9970253504567692E-003       +-    3.8258345885905067E-005
  Kqqs     =    4.8925344322714470E-004       +-    9.9694088319435584E-007
  Kgg      =    2.8959854175030565E-004       +-    4.9139356213649101E-007
  K_nnlo   =    1.1939680626691194            +-    2.2785795576105318E-004
  sig_LO   = (   1.0408854302760000            +-    5.4805166127013254E-004 ) fb
  sig_NLO  = (   1.2359850913127390            +-    5.9246235457957846E-004 ) fb
  sig_NNLO = (   1.2427839606471485            +-    5.9717011159615349E-004 ) fb

  pp ---> HHW+ + X
  ===============

  PDFSET = PDF4LHC21_40                                NSET =   6
  Sqrt(S)  = 13.6 TeV
  LOOP     = 3
  alphaS(MZ) =   0.11800
          kl =   1.00000
          kv =   1.00000
         k2v =   1.00000
         kth =   1.00000
         kbh =   1.00000
        cHsq =   0.00000
       chdup =   0.00000
         cHw =   0.80000
          cH =   0.00000
         cHb =   0.00000
        cHwb =   0.00000
      cHq1st =   0.00000
      cHq3st =   0.00000
      cHq1rd =   0.00000
      cHq3rd =   0.00000
       cHdst =   0.00000
       cHust =   0.00000
       cHdrd =   0.00000
       cHurd =   0.00000
         cth =   0.00000
         cbh =   0.00000
 --------------

  mH       = 125.0000      GeV
  fact_scale 1.0
  ren_scale  1.0
  Kqq      =   0.25243720856323676            +-    1.8759578730817239E-004
  Kgq      =   -6.5066260194215172E-002       +-    1.0628782535324810E-004
  K_nlo    =    1.1873709483690216            +-    2.1561373155273673E-004
  Kqq2     =    1.5756970226853257E-002       +-    6.0691832962489184E-005
  Kgq2     =   -1.0011691396035426E-002       +-    3.8341454112433100E-005
  Kqqs     =    4.8917483401486280E-004       +-    9.9448087587996553E-007
  Kgg      =    2.9263927927533276E-004       +-    4.9713589540795082E-007
  K_nnlo   =    1.1938980413131293            +-    2.2725334554679085E-004
  sig_LO   = (   1.0400700731423369            +-    5.4423634139331523E-004 ) fb
  sig_NLO  = (   1.2349489891172540            +-    5.8862787736930751E-004 ) fb
  sig_NNLO = (   1.2417376231530393            +-    5.9334556796379026E-004 ) fb

  pp ---> HHW+ + X
  ===============

  PDFSET = PDF4LHC21_40                                NSET =   7
  Sqrt(S)  = 13.6 TeV
  LOOP     = 3
  alphaS(MZ) =   0.11800
          kl =   1.00000
          kv =   1.00000
         k2v =   1.00000
         kth =   1.00000
         kbh =   1.00000
        cHsq =   0.00000
       chdup =   0.00000
         cHw =   0.80000
          cH =   0.00000
         cHb =   0.00000
        cHwb =   0.00000
      cHq1st =   0.00000
      cHq3st =   0.00000
      cHq1rd =   0.00000
      cHq3rd =   0.00000
       cHdst =   0.00000
       cHust =   0.00000
       cHdrd =   0.00000
       cHurd =   0.00000
         cth =   0.00000
         cbh =   0.00000
 --------------

  mH       = 125.0000      GeV
  fact_scale 1.0
  ren_scale  1.0
  Kqq      =   0.25242773135665086            +-    1.8791200442204326E-004
  Kgq      =   -6.4911427797887195E-002       +-    1.0615814609079980E-004
  K_nlo    =    1.1875163035587635            +-    2.1582509906715110E-004
  Kqq2     =    1.5753895343578683E-002       +-    6.0778433163913436E-005
  Kgq2     =   -9.9892157495163354E-003       +-    3.8264862238200393E-005
  Kqqs     =    4.8895740884175498E-004       +-    9.9623125956794076E-007
  Kgg      =    2.8958535716917393E-004       +-    4.9077575398868497E-007
  K_nnlo   =    1.1940595259188369            +-    2.2746411660936233E-004
  sig_LO   = (   1.0416014980028574            +-    5.4652838744378496E-004 ) fb
  sig_NLO  = (   1.2369187606896241            +-    5.9095685351815157E-004 ) fb
  sig_NNLO = (   1.2437341909016422            +-    5.9567412637911348E-004 ) fb

  pp ---> HHW+ + X
  ===============

  PDFSET = PDF4LHC21_40                                NSET =   8
  Sqrt(S)  = 13.6 TeV
  LOOP     = 3
  alphaS(MZ) =   0.11800
          kl =   1.00000
          kv =   1.00000
         k2v =   1.00000
         kth =   1.00000
         kbh =   1.00000
        cHsq =   0.00000
       chdup =   0.00000
         cHw =   0.80000
          cH =   0.00000
         cHb =   0.00000
        cHwb =   0.00000
      cHq1st =   0.00000
      cHq3st =   0.00000
      cHq1rd =   0.00000
      cHq3rd =   0.00000
       cHdst =   0.00000
       cHust =   0.00000
       cHdrd =   0.00000
       cHurd =   0.00000
         cth =   0.00000
         cbh =   0.00000
 --------------

  mH       = 125.0000      GeV
  fact_scale 1.0
  ren_scale  1.0
  Kqq      =   0.25221066983944623            +-    1.8835624772878015E-004
  Kgq      =   -6.4796908765742622E-002       +-    1.0617056132837669E-004
  K_nlo    =    1.1874137610737034            +-    2.1621809394971596E-004
  Kqq2     =    1.5720803186743515E-002       +-    6.0860722290557609E-005
  Kgq2     =   -9.9598555518655811E-003       +-    3.8291051418360289E-005
  Kqqs     =    4.8969332118432808E-004       +-    9.9824369746092848E-007
  Kgg      =    2.9146511753121298E-004       +-    4.9707835308332063E-007
  K_nnlo   =    1.1939558671472970            +-    2.2786342371049532E-004
  sig_LO   = (   1.0413881992135388            +-    5.4838305414739148E-004 ) fb
  sig_NLO  = (   1.2365586783659195            +-    5.9281037366813727E-004 ) fb
  sig_NNLO = (   1.2433715504289631            +-    5.9752200765049608E-004 ) fb

  pp ---> HHW+ + X
  ===============

  PDFSET = PDF4LHC21_40                                NSET =   9
  Sqrt(S)  = 13.6 TeV
  LOOP     = 3
  alphaS(MZ) =   0.11800
          kl =   1.00000
          kv =   1.00000
         k2v =   1.00000
         kth =   1.00000
         kbh =   1.00000
        cHsq =   0.00000
       chdup =   0.00000
         cHw =   0.80000
          cH =   0.00000
         cHb =   0.00000
        cHwb =   0.00000
      cHq1st =   0.00000
      cHq3st =   0.00000
      cHq1rd =   0.00000
      cHq3rd =   0.00000
       cHdst =   0.00000
       cHust =   0.00000
       cHdrd =   0.00000
       cHurd =   0.00000
         cth =   0.00000
         cbh =   0.00000
 --------------

  mH       = 125.0000      GeV
  fact_scale 1.0
  ren_scale  1.0
  Kqq      =   0.25242949195036590            +-    1.8779109268847452E-004
  Kgq      =   -6.5089156378911786E-002       +-    1.0629789491315850E-004
  K_nlo    =    1.1873403355714542            +-    2.1578863954365186E-004
  Kqq2     =    1.5753918657978070E-002       +-    6.0704322512040376E-005
  Kgq2     =   -1.0012818649421102E-002       +-    3.8346604409214648E-005
  Kqqs     =    4.9028927750168264E-004       +-    9.9739497071404109E-007
  Kgg      =    2.9119727932574649E-004       +-    4.9408848681985019E-007
  K_nnlo   =    1.1938629221368386            +-    2.2742350959745376E-004
  sig_LO   = (   1.0446278545825172            +-    5.4735701093322551E-004 ) fb
  sig_NLO  = (   1.2403287874072941            +-    5.9195721419485385E-004 ) fb
  sig_NNLO = (   1.2471424630174204            +-    5.9669137405392563E-004 ) fb

  pp ---> HHW+ + X
  ===============

  PDFSET = PDF4LHC21_40                                NSET =  10
  Sqrt(S)  = 13.6 TeV
  LOOP     = 3
  alphaS(MZ) =   0.11800
          kl =   1.00000
          kv =   1.00000
         k2v =   1.00000
         kth =   1.00000
         kbh =   1.00000
        cHsq =   0.00000
       chdup =   0.00000
         cHw =   0.80000
          cH =   0.00000
         cHb =   0.00000
        cHwb =   0.00000
      cHq1st =   0.00000
      cHq3st =   0.00000
      cHq1rd =   0.00000
      cHq3rd =   0.00000
       cHdst =   0.00000
       cHust =   0.00000
       cHdrd =   0.00000
       cHurd =   0.00000
         cth =   0.00000
         cbh =   0.00000
 --------------

  mH       = 125.0000      GeV
  fact_scale 1.0
  ren_scale  1.0
  Kqq      =   0.25237265698321709            +-    1.8858878911283378E-004
  Kgq      =   -6.4987373332039577E-002       +-    1.0620422699307594E-004
  K_nlo    =    1.1873852836511773            +-    2.1643721771045222E-004
  Kqq2     =    1.5745792959255437E-002       +-    6.0916515689820691E-005
  Kgq2     =   -9.9991031081754465E-003       +-    3.8301297035760569E-005
  Kqqs     =    4.8994707478733259E-004       +-    9.9882020732850352E-007
  Kgg      =    2.8988196969345783E-004       +-    4.9306973701112833E-007
  K_nnlo   =    1.1939118025467381            +-    2.2808796813559356E-004
  sig_LO   = (   1.0399398576151679            +-    5.4820431440106795E-004 ) fb
  sig_NLO  = (   1.2348092828145514            +-    5.9261263673405726E-004 ) fb
  sig_NNLO = (   1.2415964699455238            +-    5.9731963972158356E-004 ) fb

  pp ---> HHW+ + X
  ===============

  PDFSET = PDF4LHC21_40                                NSET =  11
  Sqrt(S)  = 13.6 TeV
  LOOP     = 3
  alphaS(MZ) =   0.11800
          kl =   1.00000
          kv =   1.00000
         k2v =   1.00000
         kth =   1.00000
         kbh =   1.00000
        cHsq =   0.00000
       chdup =   0.00000
         cHw =   0.80000
          cH =   0.00000
         cHb =   0.00000
        cHwb =   0.00000
      cHq1st =   0.00000
      cHq3st =   0.00000
      cHq1rd =   0.00000
      cHq3rd =   0.00000
       cHdst =   0.00000
       cHust =   0.00000
       cHdrd =   0.00000
       cHurd =   0.00000
         cth =   0.00000
         cbh =   0.00000
 --------------

  mH       = 125.0000      GeV
  fact_scale 1.0
  ren_scale  1.0
  Kqq      =   0.25216179705288477            +-    1.8804134384840584E-004
  Kgq      =   -6.5000495243179190E-002       +-    1.0618882319919174E-004
  K_nlo    =    1.1871613018097054            +-    2.1595280310462192E-004
  Kqq2     =    1.5713539365080943E-002       +-    6.0782242255650580E-005
  Kgq2     =   -1.0000261492460159E-002       +-    3.8300992914938653E-005
  Kqqs     =    4.8913707803718170E-004       +-    9.9627305634753167E-007
  Kgg      =    2.9043705168359826E-004       +-    4.9286984684407994E-007
  K_nnlo   =    1.1936541538120469            +-    2.2759238933085419E-004
  sig_LO   = (   1.0445559242084088            +-    5.4892597195614092E-004 ) fb
  sig_NLO  = (   1.2400563707962948            +-    5.9346752563590609E-004 ) fb
  sig_NNLO = (   1.2468385178203492            +-    5.9819452671572553E-004 ) fb

  pp ---> HHW+ + X
  ===============

  PDFSET = PDF4LHC21_40                                NSET =  12
  Sqrt(S)  = 13.6 TeV
  LOOP     = 3
  alphaS(MZ) =   0.11800
          kl =   1.00000
          kv =   1.00000
         k2v =   1.00000
         kth =   1.00000
         kbh =   1.00000
        cHsq =   0.00000
       chdup =   0.00000
         cHw =   0.80000
          cH =   0.00000
         cHb =   0.00000
        cHwb =   0.00000
      cHq1st =   0.00000
      cHq3st =   0.00000
      cHq1rd =   0.00000
      cHq3rd =   0.00000
       cHdst =   0.00000
       cHust =   0.00000
       cHdrd =   0.00000
       cHurd =   0.00000
         cth =   0.00000
         cbh =   0.00000
 --------------

  mH       = 125.0000      GeV
  fact_scale 1.0
  ren_scale  1.0
  Kqq      =   0.25215986231947202            +-    1.8767990491554194E-004
  Kgq      =   -6.5027990568254729E-002       +-    1.0618147575950283E-004
  K_nlo    =    1.1871318717512174            +-    2.1563453458009168E-004
  Kqq2     =    1.5715386051906959E-002       +-    6.0673457628578905E-005
  Kgq2     =   -1.0002071326876074E-002       +-    3.8304903417474135E-005
  Kqqs     =    4.8921747008017749E-004       +-    9.9543560751645348E-007
  Kgg      =    2.9079368523995269E-004       +-    4.9337298675264527E-007
  K_nnlo   =    1.1936251976315684            +-    2.2726200936134156E-004
  sig_LO   = (   1.0475874209979614            +-    5.4893098260276358E-004 ) fb
  sig_NLO  = (   1.2436244159123404            +-    5.9359433808387927E-004 ) fb
  sig_NNLO = (   1.2504267424250366            +-    5.9833585632741845E-004 ) fb

  pp ---> HHW+ + X
  ===============

  PDFSET = PDF4LHC21_40                                NSET =  13
  Sqrt(S)  = 13.6 TeV
  LOOP     = 3
  alphaS(MZ) =   0.11800
          kl =   1.00000
          kv =   1.00000
         k2v =   1.00000
         kth =   1.00000
         kbh =   1.00000
        cHsq =   0.00000
       chdup =   0.00000
         cHw =   0.80000
          cH =   0.00000
         cHb =   0.00000
        cHwb =   0.00000
      cHq1st =   0.00000
      cHq3st =   0.00000
      cHq1rd =   0.00000
      cHq3rd =   0.00000
       cHdst =   0.00000
       cHust =   0.00000
       cHdrd =   0.00000
       cHurd =   0.00000
         cth =   0.00000
         cbh =   0.00000
 --------------

  mH       = 125.0000      GeV
  fact_scale 1.0
  ren_scale  1.0
  Kqq      =   0.25241756762641177            +-    1.8847163731537553E-004
  Kgq      =   -6.5107739834576364E-002       +-    1.0634483098085284E-004
  K_nlo    =    1.1873098277918355            +-    2.1640420778876876E-004
  Kqq2     =    1.5751137572756313E-002       +-    6.0874194279806022E-005
  Kgq2     =   -1.0017119146313145E-002       +-    3.8352346561008482E-005
  Kqqs     =    4.8925205313883439E-004       +-    9.9689848464351056E-007
  Kgg      =    2.9033636547889778E-004       +-    4.9232406589124879E-007
  K_nnlo   =    1.1938234346368963            +-    2.2805391326221616E-004
  sig_LO   = (   1.0403180297504990            +-    5.4789138089345545E-004 ) fb
  sig_NLO  = (   1.2351798207518063            +-    5.9234122052595429E-004 ) fb
  sig_NNLO = (   1.2419560433914292            +-    5.9705264623675946E-004 ) fb

  pp ---> HHW+ + X
  ===============

  PDFSET = PDF4LHC21_40                                NSET =  14
  Sqrt(S)  = 13.6 TeV
  LOOP     = 3
  alphaS(MZ) =   0.11800
          kl =   1.00000
          kv =   1.00000
         k2v =   1.00000
         kth =   1.00000
         kbh =   1.00000
        cHsq =   0.00000
       chdup =   0.00000
         cHw =   0.80000
          cH =   0.00000
         cHb =   0.00000
        cHwb =   0.00000
      cHq1st =   0.00000
      cHq3st =   0.00000
      cHq1rd =   0.00000
      cHq3rd =   0.00000
       cHdst =   0.00000
       cHust =   0.00000
       cHdrd =   0.00000
       cHurd =   0.00000
         cth =   0.00000
         cbh =   0.00000
 --------------

  mH       = 125.0000      GeV
  fact_scale 1.0
  ren_scale  1.0
  Kqq      =   0.25238513046690153            +-    1.8754477602792139E-004
  Kgq      =   -6.4943823484201510E-002       +-    1.0610857605674742E-004
  K_nlo    =    1.1874413069827001            +-    2.1548102684030849E-004
  Kqq2     =    1.5747627971329527E-002       +-    6.0696873860862113E-005
  Kgq2     =   -9.9927139736259944E-003       +-    3.8267605003452235E-005
  Kqqs     =    4.8943263462263183E-004       +-    9.9573931209608629E-007
  Kgg      =    2.8981960397010968E-004       +-    4.9126530969587453E-007
  K_nnlo   =    1.1939754732189962            +-    2.2711632670443919E-004
  sig_LO   = (   1.0435209013488203            +-    5.4628177751824556E-004 ) fb
  sig_NLO  = (   1.2391198229614084            +-    5.9074980342821296E-004 ) fb
  sig_NNLO = (   1.2459383620018714            +-    5.9547718759237595E-004 ) fb

  pp ---> HHW+ + X
  ===============

  PDFSET = PDF4LHC21_40                                NSET =  15
  Sqrt(S)  = 13.6 TeV
  LOOP     = 3
  alphaS(MZ) =   0.11800
          kl =   1.00000
          kv =   1.00000
         k2v =   1.00000
         kth =   1.00000
         kbh =   1.00000
        cHsq =   0.00000
       chdup =   0.00000
         cHw =   0.80000
          cH =   0.00000
         cHb =   0.00000
        cHwb =   0.00000
      cHq1st =   0.00000
      cHq3st =   0.00000
      cHq1rd =   0.00000
      cHq3rd =   0.00000
       cHdst =   0.00000
       cHust =   0.00000
       cHdrd =   0.00000
       cHurd =   0.00000
         cth =   0.00000
         cbh =   0.00000
 --------------

  mH       = 125.0000      GeV
  fact_scale 1.0
  ren_scale  1.0
  Kqq      =   0.25238653883020523            +-    1.8805373061570044E-004
  Kgq      =   -6.4934993456015486E-002       +-    1.0598257987545477E-004
  K_nlo    =    1.1874515453741898            +-    2.1586225430940810E-004
  Kqq2     =    1.5749117162086056E-002       +-    6.0775083395068669E-005
  Kgq2     =   -9.9957146682084861E-003       +-    3.8226423050638571E-005
  Kqqs     =    4.8899928307456471E-004       +-    9.9580080402489262E-007
  Kgg      =    2.8889705458663359E-004       +-    4.8931844783835480E-007
  K_nnlo   =    1.1939828442057285            +-    2.2749200880085483E-004
  sig_LO   = (   1.0419188228132663            +-    5.4698478396974582E-004 ) fb
  sig_NLO  = (   1.2372281163040697            +-    5.9141972192344641E-004 ) fb
  sig_NNLO = (   1.2440331994940681            +-    5.9613314313027000E-004 ) fb

  pp ---> HHW+ + X
  ===============

  PDFSET = PDF4LHC21_40                                NSET =  16
  Sqrt(S)  = 13.6 TeV
  LOOP     = 3
  alphaS(MZ) =   0.11800
          kl =   1.00000
          kv =   1.00000
         k2v =   1.00000
         kth =   1.00000
         kbh =   1.00000
        cHsq =   0.00000
       chdup =   0.00000
         cHw =   0.80000
          cH =   0.00000
         cHb =   0.00000
        cHwb =   0.00000
      cHq1st =   0.00000
      cHq3st =   0.00000
      cHq1rd =   0.00000
      cHq3rd =   0.00000
       cHdst =   0.00000
       cHust =   0.00000
       cHdrd =   0.00000
       cHurd =   0.00000
         cth =   0.00000
         cbh =   0.00000
 --------------

  mH       = 125.0000      GeV
  fact_scale 1.0
  ren_scale  1.0
  Kqq      =   0.25217281078794407            +-    1.8827303794789432E-004
  Kgq      =   -6.5108985733544997E-002       +-    1.0639616403902813E-004
  K_nlo    =    1.1870638250543992            +-    2.1625651560207160E-004
  Kqq2     =    1.5715421429098517E-002       +-    6.0826516567238695E-005
  Kgq2     =   -1.0015501862844847E-002       +-    3.8373361980681046E-005
  Kqqs     =    4.8777179049122875E-004       +-    9.9378446115141474E-007
  Kgg      =    2.9120221770665024E-004       +-    4.9476779435507501E-007
  K_nnlo   =    1.1935427186288505            +-    2.2790456987625222E-004
  sig_LO   = (   1.0446456901281864            +-    5.4984730600203167E-004 ) fb
  sig_NLO  = (   1.2400611087501574            +-    5.9444767413011242E-004 ) fb
  sig_NNLO = (   1.2468292569995074            +-    5.9917770397662114E-004 ) fb

  pp ---> HHW+ + X
  ===============

  PDFSET = PDF4LHC21_40                                NSET =  17
  Sqrt(S)  = 13.6 TeV
  LOOP     = 3
  alphaS(MZ) =   0.11800
          kl =   1.00000
          kv =   1.00000
         k2v =   1.00000
         kth =   1.00000
         kbh =   1.00000
        cHsq =   0.00000
       chdup =   0.00000
         cHw =   0.80000
          cH =   0.00000
         cHb =   0.00000
        cHwb =   0.00000
      cHq1st =   0.00000
      cHq3st =   0.00000
      cHq1rd =   0.00000
      cHq3rd =   0.00000
       cHdst =   0.00000
       cHust =   0.00000
       cHdrd =   0.00000
       cHurd =   0.00000
         cth =   0.00000
         cbh =   0.00000
 --------------

  mH       = 125.0000      GeV
  fact_scale 1.0
  ren_scale  1.0
  Kqq      =   0.25263950688707631            +-    1.8821536533399465E-004
  Kgq      =   -6.4785402034840789E-002       +-    1.0581298617442436E-004
  K_nlo    =    1.1878541048522355            +-    2.1591991985677931E-004
  Kqq2     =    1.5785263129230200E-002       +-    6.0797985642817216E-005
  Kgq2     =   -9.9671963399190176E-003       +-    3.8162811775734630E-005
  Kqqs     =    4.8796241766462705E-004       +-    9.9360628272575840E-007
  Kgg      =    2.8959630575911408E-004       +-    4.9099223073527269E-007
  K_nnlo   =    1.1944497303649704            +-    2.2754216176047037E-004
  sig_LO   = (   1.0456483811195183            +-    5.4928392461539382E-004 ) fb
  sig_NLO  = (   1.2420777217449146            +-    5.9387521761535792E-004 ) fb
  sig_NNLO = (   1.2489744268847764            +-    5.9860093816779629E-004 ) fb

  pp ---> HHW+ + X
  ===============

  PDFSET = PDF4LHC21_40                                NSET =  18
  Sqrt(S)  = 13.6 TeV
  LOOP     = 3
  alphaS(MZ) =   0.11800
          kl =   1.00000
          kv =   1.00000
         k2v =   1.00000
         kth =   1.00000
         kbh =   1.00000
        cHsq =   0.00000
       chdup =   0.00000
         cHw =   0.80000
          cH =   0.00000
         cHb =   0.00000
        cHwb =   0.00000
      cHq1st =   0.00000
      cHq3st =   0.00000
      cHq1rd =   0.00000
      cHq3rd =   0.00000
       cHdst =   0.00000
       cHust =   0.00000
       cHdrd =   0.00000
       cHurd =   0.00000
         cth =   0.00000
         cbh =   0.00000
 --------------

  mH       = 125.0000      GeV
  fact_scale 1.0
  ren_scale  1.0
  Kqq      =   0.25228183101297985            +-    1.8793231809963529E-004
  Kgq      =   -6.4779059205641587E-002       +-    1.0574407488322985E-004
  K_nlo    =    1.1875027718073381            +-    2.1563943414694035E-004
  Kqq2     =    1.5732058570725904E-002       +-    6.0758104073840762E-005
  Kgq2     =   -9.9682761085833505E-003       +-    3.8136418861044098E-005
  Kqqs     =    4.8886690251914375E-004       +-    9.9538418535428397E-007
  Kgg      =    2.8808096465651105E-004       +-    4.8791231452313243E-007
  K_nnlo   =    1.1940435021366564            +-    2.2726092506523951E-004
  sig_LO   = (   1.0480024559441641            +-    5.5004479079307606E-004 ) fb
  sig_NLO  = (   1.2445058212945928            +-    5.9466044827451625E-004 ) fb
  sig_NNLO = (   1.2513605227433868            +-    5.9939488186239816E-004 ) fb

  pp ---> HHW+ + X
  ===============

  PDFSET = PDF4LHC21_40                                NSET =  19
  Sqrt(S)  = 13.6 TeV
  LOOP     = 3
  alphaS(MZ) =   0.11800
          kl =   1.00000
          kv =   1.00000
         k2v =   1.00000
         kth =   1.00000
         kbh =   1.00000
        cHsq =   0.00000
       chdup =   0.00000
         cHw =   0.80000
          cH =   0.00000
         cHb =   0.00000
        cHwb =   0.00000
      cHq1st =   0.00000
      cHq3st =   0.00000
      cHq1rd =   0.00000
      cHq3rd =   0.00000
       cHdst =   0.00000
       cHust =   0.00000
       cHdrd =   0.00000
       cHurd =   0.00000
         cth =   0.00000
         cbh =   0.00000
 --------------

  mH       = 125.0000      GeV
  fact_scale 1.0
  ren_scale  1.0
  Kqq      =   0.25265887728503461            +-    1.8836151399063454E-004
  Kgq      =   -6.5599047041686342E-002       +-    1.0718302301127749E-004
  K_nlo    =    1.1870598302433484            +-    2.1672161953686128E-004
  Kqq2     =    1.5787294314253315E-002       +-    6.0885649455911627E-005
  Kgq2     =   -1.0091068255365447E-002       +-    3.8657742631975113E-005
  Kqqs     =    4.9224902827761435E-004       +-    1.0027976376861644E-006
  Kgg      =    2.9376813567004266E-004       +-    4.9899488137965665E-007
  K_nnlo   =    1.1935420734661841            +-    2.2840971596834936E-004
  sig_LO   = (   1.0342814814551506            +-    5.4340637800905469E-004 ) fb
  sig_NLO  = (   1.2277539997999898            +-    5.8782159977940104E-004 ) fb
  sig_NNLO = (   1.2344584639236567            +-    5.9253675044978744E-004 ) fb

  pp ---> HHW+ + X
  ===============

  PDFSET = PDF4LHC21_40                                NSET =  20
  Sqrt(S)  = 13.6 TeV
  LOOP     = 3
  alphaS(MZ) =   0.11800
          kl =   1.00000
          kv =   1.00000
         k2v =   1.00000
         kth =   1.00000
         kbh =   1.00000
        cHsq =   0.00000
       chdup =   0.00000
         cHw =   0.80000
          cH =   0.00000
         cHb =   0.00000
        cHwb =   0.00000
      cHq1st =   0.00000
      cHq3st =   0.00000
      cHq1rd =   0.00000
      cHq3rd =   0.00000
       cHdst =   0.00000
       cHust =   0.00000
       cHdrd =   0.00000
       cHurd =   0.00000
         cth =   0.00000
         cbh =   0.00000
 --------------

  mH       = 125.0000      GeV
  fact_scale 1.0
  ren_scale  1.0
  Kqq      =   0.25226642866510762            +-    1.8815036652725087E-004
  Kgq      =   -6.4983653502159372E-002       +-    1.0614653181475655E-004
  K_nlo    =    1.1872827751629482            +-    2.1602695813402540E-004
  Kqq2     =    1.5730981740414537E-002       +-    6.0803614485169583E-005
  Kgq2     =   -9.9980333423429837E-003       +-    3.8283063708910637E-005
  Kqqs     =    4.8912098450349035E-004       +-    9.9625665397877800E-007
  Kgg      =    2.9100671454328328E-004       +-    4.9368902226701170E-007
  K_nnlo   =    1.1937958512600664            +-    2.2766544621047110E-004
  sig_LO   = (   1.0448241795317550            +-    5.4920257859534616E-004 ) fb
  sig_NLO  = (   1.2405017514318124            +-    5.9377484106747861E-004 ) fb
  sig_NNLO = (   1.2473067708212118            +-    5.9850295066168283E-004 ) fb

  pp ---> HHW+ + X
  ===============

  PDFSET = PDF4LHC21_40                                NSET =  21
  Sqrt(S)  = 13.6 TeV
  LOOP     = 3
  alphaS(MZ) =   0.11800
          kl =   1.00000
          kv =   1.00000
         k2v =   1.00000
         kth =   1.00000
         kbh =   1.00000
        cHsq =   0.00000
       chdup =   0.00000
         cHw =   0.80000
          cH =   0.00000
         cHb =   0.00000
        cHwb =   0.00000
      cHq1st =   0.00000
      cHq3st =   0.00000
      cHq1rd =   0.00000
      cHq3rd =   0.00000
       cHdst =   0.00000
       cHust =   0.00000
       cHdrd =   0.00000
       cHurd =   0.00000
         cth =   0.00000
         cbh =   0.00000
 --------------

  mH       = 125.0000      GeV
  fact_scale 1.0
  ren_scale  1.0
  Kqq      =   0.25258672404957461            +-    1.8842106451654142E-004
  Kgq      =   -6.5652628760732148E-002       +-    1.0726600435938397E-004
  K_nlo    =    1.1869340952888423            +-    2.1681442121033843E-004
  Kqq2     =    1.5783582419454611E-002       +-    6.0852778458780604E-005
  Kgq2     =   -1.0099708731212553E-002       +-    3.8684859226913222E-005
  Kqqs     =    4.9377507114573829E-004       +-    1.0057128588602202E-006
  Kgg      =    2.9377019256786053E-004       +-    4.9846336894859015E-007
  K_nnlo   =    1.1934055142407980            +-    2.2849361511521112E-004
  sig_LO   = (   1.0325006068952514            +-    5.4301237428755684E-004 ) fb
  sig_NLO  = (   1.2255101737303959            +-    5.8734674219660386E-004 ) fb
  sig_NNLO = (   1.2321919177257636            +-    5.9204779275437837E-004 ) fb

  pp ---> HHW+ + X
  ===============

  PDFSET = PDF4LHC21_40                                NSET =  22
  Sqrt(S)  = 13.6 TeV
  LOOP     = 3
  alphaS(MZ) =   0.11800
          kl =   1.00000
          kv =   1.00000
         k2v =   1.00000
         kth =   1.00000
         kbh =   1.00000
        cHsq =   0.00000
       chdup =   0.00000
         cHw =   0.80000
          cH =   0.00000
         cHb =   0.00000
        cHwb =   0.00000
      cHq1st =   0.00000
      cHq3st =   0.00000
      cHq1rd =   0.00000
      cHq3rd =   0.00000
       cHdst =   0.00000
       cHust =   0.00000
       cHdrd =   0.00000
       cHurd =   0.00000
         cth =   0.00000
         cbh =   0.00000
 --------------

  mH       = 125.0000      GeV
  fact_scale 1.0
  ren_scale  1.0
  Kqq      =   0.25237426907743454            +-    1.8823353725959843E-004
  Kgq      =   -6.5291194578163403E-002       +-    1.0676686721651293E-004
  K_nlo    =    1.1870830744992713            +-    2.1640477925519375E-004
  Kqq2     =    1.5745884829944046E-002       +-    6.0814093915099077E-005
  Kgq2     =   -1.0042716966144862E-002       +-    3.8512607134548263E-005
  Kqqs     =    4.8998969962038119E-004       +-    9.9818015630343266E-007
  Kgg      =    2.9319973643478941E-004       +-    4.9912587555129676E-007
  K_nnlo   =    1.1935694317991259            +-    2.2806544872419355E-004
  sig_LO   = (   1.0387718914740027            +-    5.4623797284705658E-004 ) fb
  sig_NLO  = (   1.2331085306343825            +-    5.9068503092955945E-004 ) fb
  sig_NNLO = (   1.2398463762755285            +-    5.9540012832330928E-004 ) fb

  pp ---> HHW+ + X
  ===============

  PDFSET = PDF4LHC21_40                                NSET =  23
  Sqrt(S)  = 13.6 TeV
  LOOP     = 3
  alphaS(MZ) =   0.11800
          kl =   1.00000
          kv =   1.00000
         k2v =   1.00000
         kth =   1.00000
         kbh =   1.00000
        cHsq =   0.00000
       chdup =   0.00000
         cHw =   0.80000
          cH =   0.00000
         cHb =   0.00000
        cHwb =   0.00000
      cHq1st =   0.00000
      cHq3st =   0.00000
      cHq1rd =   0.00000
      cHq3rd =   0.00000
       cHdst =   0.00000
       cHust =   0.00000
       cHdrd =   0.00000
       cHurd =   0.00000
         cth =   0.00000
         cbh =   0.00000
 --------------

  mH       = 125.0000      GeV
  fact_scale 1.0
  ren_scale  1.0
  Kqq      =   0.25237910763290627            +-    1.8828566593311809E-004
  Kgq      =   -6.5140709322603699E-002       +-    1.0641459553398748E-004
  K_nlo    =    1.1872383983103025            +-    2.1627657787781805E-004
  Kqq2     =    1.5747144649071326E-002       +-    6.0826881042902700E-005
  Kgq2     =   -1.0021048238168398E-002       +-    3.8382827048550880E-005
  Kqqs     =    4.9021170646723969E-004       +-    9.9860593829983188E-007
  Kgg      =    2.9155502586367279E-004       +-    4.9466737493705500E-007
  K_nnlo   =    1.1937462614535366            +-    2.2792531872922351E-004
  sig_LO   = (   1.0408362781926852            +-    5.4744444527395747E-004 ) fb
  sig_NLO  = (   1.2357207958247400            +-    5.9191997871819513E-004 ) fb
  sig_NNLO = (   1.2424944158777311            +-    5.9663631191607532E-004 ) fb

  pp ---> HHW+ + X
  ===============

  PDFSET = PDF4LHC21_40                                NSET =  24
  Sqrt(S)  = 13.6 TeV
  LOOP     = 3
  alphaS(MZ) =   0.11800
          kl =   1.00000
          kv =   1.00000
         k2v =   1.00000
         kth =   1.00000
         kbh =   1.00000
        cHsq =   0.00000
       chdup =   0.00000
         cHw =   0.80000
          cH =   0.00000
         cHb =   0.00000
        cHwb =   0.00000
      cHq1st =   0.00000
      cHq3st =   0.00000
      cHq1rd =   0.00000
      cHq3rd =   0.00000
       cHdst =   0.00000
       cHust =   0.00000
       cHdrd =   0.00000
       cHurd =   0.00000
         cth =   0.00000
         cbh =   0.00000
 --------------

  mH       = 125.0000      GeV
  fact_scale 1.0
  ren_scale  1.0
  Kqq      =   0.25219452243836382            +-    1.8879220966924265E-004
  Kgq      =   -6.4950591486367865E-002       +-    1.0607674809798363E-004
  K_nlo    =    1.1872439309519960            +-    2.1655201434952838E-004
  Kqq2     =    1.5720769495514944E-002       +-    6.0921340206520895E-005
  Kgq2     =   -9.9925658864107973E-003       +-    3.8258596783508792E-005
  Kqqs     =    4.8891978254379668E-004       +-    9.9659090653278919E-007
  Kgg      =    2.9090334729050339E-004       +-    4.9360974281630757E-007
  K_nnlo   =    1.1937519576909343            +-    2.2819102016348783E-004
  sig_LO   = (   1.0440194157675005            +-    5.5130704814225018E-004 ) fb
  sig_NLO  = (   1.2395057151660134            +-    5.9586379808212889E-004 ) fb
  sig_NNLO = (   1.2463002214397991            +-    6.0057954028013125E-004 ) fb

  pp ---> HHW+ + X
  ===============

  PDFSET = PDF4LHC21_40                                NSET =  25
  Sqrt(S)  = 13.6 TeV
  LOOP     = 3
  alphaS(MZ) =   0.11800
          kl =   1.00000
          kv =   1.00000
         k2v =   1.00000
         kth =   1.00000
         kbh =   1.00000
        cHsq =   0.00000
       chdup =   0.00000
         cHw =   0.80000
          cH =   0.00000
         cHb =   0.00000
        cHwb =   0.00000
      cHq1st =   0.00000
      cHq3st =   0.00000
      cHq1rd =   0.00000
      cHq3rd =   0.00000
       cHdst =   0.00000
       cHust =   0.00000
       cHdrd =   0.00000
       cHurd =   0.00000
         cth =   0.00000
         cbh =   0.00000
 --------------

  mH       = 125.0000      GeV
  fact_scale 1.0
  ren_scale  1.0
  Kqq      =   0.25232407833900988            +-    1.8826970320250065E-004
  Kgq      =   -6.5180318799307288E-002       +-    1.0649486640007701E-004
  K_nlo    =    1.1871437595397027            +-    2.1630219072752809E-004
  Kqq2     =    1.5740345101674866E-002       +-    6.0842599357559160E-005
  Kgq2     =   -1.0027645184739772E-002       +-    3.8414352985309895E-005
  Kqqs     =    4.8955048427727849E-004       +-    9.9710989459381695E-007
  Kgg      =    2.9308664300814138E-004       +-    4.9774231886102720E-007
  K_nnlo   =    1.1936390965839232            +-    2.2795912813693218E-004
  sig_LO   = (   1.0394659744791386            +-    5.4669380643247571E-004 ) fb
  sig_NLO  = (   1.2339955448567652            +-    5.9112315920416465E-004 ) fb
  sig_NNLO = (   1.2407472267070063            +-    5.9583735104066517E-004 ) fb

  pp ---> HHW+ + X
  ===============

  PDFSET = PDF4LHC21_40                                NSET =  26
  Sqrt(S)  = 13.6 TeV
  LOOP     = 3
  alphaS(MZ) =   0.11800
          kl =   1.00000
          kv =   1.00000
         k2v =   1.00000
         kth =   1.00000
         kbh =   1.00000
        cHsq =   0.00000
       chdup =   0.00000
         cHw =   0.80000
          cH =   0.00000
         cHb =   0.00000
        cHwb =   0.00000
      cHq1st =   0.00000
      cHq3st =   0.00000
      cHq1rd =   0.00000
      cHq3rd =   0.00000
       cHdst =   0.00000
       cHust =   0.00000
       cHdrd =   0.00000
       cHurd =   0.00000
         cth =   0.00000
         cbh =   0.00000
 --------------

  mH       = 125.0000      GeV
  fact_scale 1.0
  ren_scale  1.0
  Kqq      =   0.25228204701058915            +-    1.8798980618241865E-004
  Kgq      =   -6.5003007756113063E-002       +-    1.0622332839206474E-004
  K_nlo    =    1.1872790392544761            +-    2.1592490065574133E-004
  Kqq2     =    1.5733322507997267E-002       +-    6.0751359805992084E-005
  Kgq2     =   -1.0000265669280682E-002       +-    3.8311846721228945E-005
  Kqqs     =    4.8974463811519552E-004       +-    9.9574523715652590E-007
  Kgg      =    2.9079079259476887E-004       +-    4.9305526883600239E-007
  K_nnlo   =    1.1937926315239027            +-    2.2755949255685921E-004
  sig_LO   = (   1.0430292869007514            +-    5.4759178284418850E-004 ) fb
  sig_NLO  = (   1.2383668096658054            +-    5.9209712472884637E-004 ) fb
  sig_NNLO = (   1.2451606771657477            +-    5.9681853189951374E-004 ) fb

  pp ---> HHW+ + X
  ===============

  PDFSET = PDF4LHC21_40                                NSET =  27
  Sqrt(S)  = 13.6 TeV
  LOOP     = 3
  alphaS(MZ) =   0.11800
          kl =   1.00000
          kv =   1.00000
         k2v =   1.00000
         kth =   1.00000
         kbh =   1.00000
        cHsq =   0.00000
       chdup =   0.00000
         cHw =   0.80000
          cH =   0.00000
         cHb =   0.00000
        cHwb =   0.00000
      cHq1st =   0.00000
      cHq3st =   0.00000
      cHq1rd =   0.00000
      cHq3rd =   0.00000
       cHdst =   0.00000
       cHust =   0.00000
       cHdrd =   0.00000
       cHurd =   0.00000
         cth =   0.00000
         cbh =   0.00000
 --------------

  mH       = 125.0000      GeV
  fact_scale 1.0
  ren_scale  1.0
  Kqq      =   0.25236586235513470            +-    1.8851374748298468E-004
  Kgq      =   -6.5193390988554853E-002       +-    1.0651112139123394E-004
  K_nlo    =    1.1871724713665797            +-    2.1652263616097204E-004
  Kqq2     =    1.5745124619212146E-002       +-    6.0884440854721783E-005
  Kgq2     =   -1.0029622821011790E-002       +-    3.8410629902377247E-005
  Kqqs     =    4.9012444018360114E-004       +-    9.9861797997260215E-007
  Kgg      =    2.9138426646536047E-004       +-    4.9439660524857458E-007
  K_nnlo   =    1.1936694818714291            +-    2.2817884490824162E-004
  sig_LO   = (   1.0412619666194800            +-    5.4861327647214627E-004 ) fb
  sig_NLO  = (   1.2361575422516731            +-    5.9313344995108662E-004 ) fb
  sig_NNLO = (   1.2429226321870999            +-    5.9785233421300282E-004 ) fb

  pp ---> HHW+ + X
  ===============

  PDFSET = PDF4LHC21_40                                NSET =  28
  Sqrt(S)  = 13.6 TeV
  LOOP     = 3
  alphaS(MZ) =   0.11800
          kl =   1.00000
          kv =   1.00000
         k2v =   1.00000
         kth =   1.00000
         kbh =   1.00000
        cHsq =   0.00000
       chdup =   0.00000
         cHw =   0.80000
          cH =   0.00000
         cHb =   0.00000
        cHwb =   0.00000
      cHq1st =   0.00000
      cHq3st =   0.00000
      cHq1rd =   0.00000
      cHq3rd =   0.00000
       cHdst =   0.00000
       cHust =   0.00000
       cHdrd =   0.00000
       cHurd =   0.00000
         cth =   0.00000
         cbh =   0.00000
 --------------

  mH       = 125.0000      GeV
  fact_scale 1.0
  ren_scale  1.0
  Kqq      =   0.25232891320162376            +-    1.8831990404043807E-004
  Kgq      =   -6.4902227333379192E-002       +-    1.0600806005939774E-004
  K_nlo    =    1.1874266858682445            +-    2.1610667517537880E-004
  Kqq2     =    1.5740584260682519E-002       +-    6.0834389343319582E-005
  Kgq2     =   -9.9857673220707932E-003       +-    3.8231990496030736E-005
  Kqqs     =    4.8997404390171745E-004       +-    9.9837846561069293E-007
  Kgg      =    2.8994503826199736E-004       +-    4.9147489403023247E-007
  K_nnlo   =    1.1939614218890200            +-    2.2774073282254962E-004
  sig_LO   = (   1.0426931411173184            +-    5.4864861116037523E-004 ) fb
  sig_NLO  = (   1.2381216609344872            +-    5.9311907401660537E-004 ) fb
  sig_NNLO = (   1.2449353853623619            +-    5.9783300960867679E-004 ) fb

  pp ---> HHW+ + X
  ===============

  PDFSET = PDF4LHC21_40                                NSET =  29
  Sqrt(S)  = 13.6 TeV
  LOOP     = 3
  alphaS(MZ) =   0.11800
          kl =   1.00000
          kv =   1.00000
         k2v =   1.00000
         kth =   1.00000
         kbh =   1.00000
        cHsq =   0.00000
       chdup =   0.00000
         cHw =   0.80000
          cH =   0.00000
         cHb =   0.00000
        cHwb =   0.00000
      cHq1st =   0.00000
      cHq3st =   0.00000
      cHq1rd =   0.00000
      cHq3rd =   0.00000
       cHdst =   0.00000
       cHust =   0.00000
       cHdrd =   0.00000
       cHurd =   0.00000
         cth =   0.00000
         cbh =   0.00000
 --------------

  mH       = 125.0000      GeV
  fact_scale 1.0
  ren_scale  1.0
  Kqq      =   0.25233014530442960            +-    1.8821630453958748E-004
  Kgq      =   -6.4950174747953990E-002       +-    1.0606829435755655E-004
  K_nlo    =    1.1873799705564756            +-    2.1604596816987817E-004
  Kqq2     =    1.5740594681282718E-002       +-    6.0824001048696549E-005
  Kgq2     =   -9.9930552921884651E-003       +-    3.8256558360770354E-005
  Kqqs     =    4.9023888854979943E-004       +-    9.9849033771136436E-007
  Kgg      =    2.9016235895950964E-004       +-    4.9197867581541654E-007
  K_nnlo   =    1.1939079111930790            +-    2.2768448069557758E-004
  sig_LO   = (   1.0438944363600888            +-    5.4887741342223625E-004 ) fb
  sig_NLO  = (   1.2394993451093110            +-    5.9340528130252172E-004 ) fb
  sig_NNLO = (   1.2463138260207505            +-    5.9812834250304141E-004 ) fb

  pp ---> HHW+ + X
  ===============

  PDFSET = PDF4LHC21_40                                NSET =  30
  Sqrt(S)  = 13.6 TeV
  LOOP     = 3
  alphaS(MZ) =   0.11800
          kl =   1.00000
          kv =   1.00000
         k2v =   1.00000
         kth =   1.00000
         kbh =   1.00000
        cHsq =   0.00000
       chdup =   0.00000
         cHw =   0.80000
          cH =   0.00000
         cHb =   0.00000
        cHwb =   0.00000
      cHq1st =   0.00000
      cHq3st =   0.00000
      cHq1rd =   0.00000
      cHq3rd =   0.00000
       cHdst =   0.00000
       cHust =   0.00000
       cHdrd =   0.00000
       cHurd =   0.00000
         cth =   0.00000
         cbh =   0.00000
 --------------

  mH       = 125.0000      GeV
  fact_scale 1.0
  ren_scale  1.0
  Kqq      =   0.25231356319921544            +-    1.8799351628791928E-004
  Kgq      =   -6.5060967545669895E-002       +-    1.0620270534666829E-004
  K_nlo    =    1.1872525956535456            +-    2.1591798625692908E-004
  Kqq2     =    1.5737254776203715E-002       +-    6.0757722583615685E-005
  Kgq2     =   -1.0010284725538809E-002       +-    3.8299822834927995E-005
  Kqqs     =    4.8906425126077531E-004       +-    9.9586346945058511E-007
  Kgg      =    2.9082168085866548E-004       +-    4.9214586989998073E-007
  K_nnlo   =    1.1937594516363299            +-    2.2755260495891698E-004
  sig_LO   = (   1.0431814270106377            +-    5.4765018054453462E-004 ) fb
  sig_NLO  = (   1.2385198569559492            +-    5.9216088480777164E-004 ) fb
  sig_NNLO = (   1.2453076882654228            +-    5.9688302394815334E-004 ) fb

  pp ---> HHW+ + X
  ===============

  PDFSET = PDF4LHC21_40                                NSET =  31
  Sqrt(S)  = 13.6 TeV
  LOOP     = 3
  alphaS(MZ) =   0.11800
          kl =   1.00000
          kv =   1.00000
         k2v =   1.00000
         kth =   1.00000
         kbh =   1.00000
        cHsq =   0.00000
       chdup =   0.00000
         cHw =   0.80000
          cH =   0.00000
         cHb =   0.00000
        cHwb =   0.00000
      cHq1st =   0.00000
      cHq3st =   0.00000
      cHq1rd =   0.00000
      cHq3rd =   0.00000
       cHdst =   0.00000
       cHust =   0.00000
       cHdrd =   0.00000
       cHurd =   0.00000
         cth =   0.00000
         cbh =   0.00000
 --------------

  mH       = 125.0000      GeV
  fact_scale 1.0
  ren_scale  1.0
  Kqq      =   0.25239940155752077            +-    1.8942068889112363E-004
  Kgq      =   -6.5128678450727326E-002       +-    1.0651459799746729E-004
  K_nlo    =    1.1872707231067936            +-    2.1731441960106998E-004
  Kqq2     =    1.5749549848334304E-002       +-    6.1081331260328270E-005
  Kgq2     =   -1.0021263932766597E-002       +-    3.8406461089797099E-005
  Kqqs     =    4.8973095026763136E-004       +-    9.9987737479075209E-007
  Kgg      =    2.9080225389557004E-004       +-    4.9299403304359312E-007
  K_nnlo   =    1.1937795422265245            +-    2.2898206271760067E-004
  sig_LO   = (   1.0389812885213836            +-    5.5122272072768476E-004 ) fb
  sig_NLO  = (   1.2335520657172112            +-    5.9567242012667845E-004 ) fb
  sig_NNLO = (   1.2403146069929820            +-    6.0037216932132525E-004 ) fb

  pp ---> HHW+ + X
  ===============

  PDFSET = PDF4LHC21_40                                NSET =  32
  Sqrt(S)  = 13.6 TeV
  LOOP     = 3
  alphaS(MZ) =   0.11800
          kl =   1.00000
          kv =   1.00000
         k2v =   1.00000
         kth =   1.00000
         kbh =   1.00000
        cHsq =   0.00000
       chdup =   0.00000
         cHw =   0.80000
          cH =   0.00000
         cHb =   0.00000
        cHwb =   0.00000
      cHq1st =   0.00000
      cHq3st =   0.00000
      cHq1rd =   0.00000
      cHq3rd =   0.00000
       cHdst =   0.00000
       cHust =   0.00000
       cHdrd =   0.00000
       cHurd =   0.00000
         cth =   0.00000
         cbh =   0.00000
 --------------

  mH       = 125.0000      GeV
  fact_scale 1.0
  ren_scale  1.0
  Kqq      =   0.25230727769406935            +-    1.8825120714924306E-004
  Kgq      =   -6.5096806418652925E-002       +-    1.0634937220224908E-004
  K_nlo    =    1.1872104712754163            +-    2.1621449063594171E-004
  Kqq2     =    1.5737003804588420E-002       +-    6.0824378628480103E-005
  Kgq2     =   -1.0014069743121022E-002       +-    3.8356485025485490E-005
  Kqqs     =    4.8986747981628464E-004       +-    9.9795116391400360E-007
  Kgg      =    2.9108794249273890E-004       +-    4.9387903717619008E-007
  K_nnlo   =    1.1937143607591927            +-    2.2786129720301260E-004
  sig_LO   = (   1.0424141199011712            +-    5.4832525566206824E-004 ) fb
  sig_NLO  = (   1.2375649585520176            +-    5.9283977712015345E-004 ) fb
  sig_NNLO = (   1.2443447047841829            +-    5.9756096560633037E-004 ) fb

  pp ---> HHW+ + X
  ===============

  PDFSET = PDF4LHC21_40                                NSET =  33
  Sqrt(S)  = 13.6 TeV
  LOOP     = 3
  alphaS(MZ) =   0.11800
          kl =   1.00000
          kv =   1.00000
         k2v =   1.00000
         kth =   1.00000
         kbh =   1.00000
        cHsq =   0.00000
       chdup =   0.00000
         cHw =   0.80000
          cH =   0.00000
         cHb =   0.00000
        cHwb =   0.00000
      cHq1st =   0.00000
      cHq3st =   0.00000
      cHq1rd =   0.00000
      cHq3rd =   0.00000
       cHdst =   0.00000
       cHust =   0.00000
       cHdrd =   0.00000
       cHurd =   0.00000
         cth =   0.00000
         cbh =   0.00000
 --------------

  mH       = 125.0000      GeV
  fact_scale 1.0
  ren_scale  1.0
  Kqq      =   0.25230301673032968            +-    1.8804391799970703E-004
  Kgq      =   -6.5034089768793504E-002       +-    1.0624498782914277E-004
  K_nlo    =    1.1872689269615362            +-    2.1598266721080940E-004
  Kqq2     =    1.5736082302191336E-002       +-    6.0772706121043757E-005
  Kgq2     =   -1.0005284569084035E-002       +-    3.8317809315189348E-005
  Kqqs     =    4.8950177764106866E-004       +-    9.9685412326049298E-007
  Kgg      =    2.9077991410452294E-004       +-    4.9345402311465194E-007
  K_nnlo   =    1.1937800063863890            +-    2.2762101412325970E-004
  sig_LO   = (   1.0417870485978915            +-    5.4715461093755228E-004 ) fb
  sig_NLO  = (   1.2368813913112444            +-    5.9161367781110873E-004 ) fb
  sig_NNLO = (   1.2436645495284484            +-    5.9633048712403355E-004 ) fb

  pp ---> HHW+ + X
  ===============

  PDFSET = PDF4LHC21_40                                NSET =  34
  Sqrt(S)  = 13.6 TeV
  LOOP     = 3
  alphaS(MZ) =   0.11800
          kl =   1.00000
          kv =   1.00000
         k2v =   1.00000
         kth =   1.00000
         kbh =   1.00000
        cHsq =   0.00000
       chdup =   0.00000
         cHw =   0.80000
          cH =   0.00000
         cHb =   0.00000
        cHwb =   0.00000
      cHq1st =   0.00000
      cHq3st =   0.00000
      cHq1rd =   0.00000
      cHq3rd =   0.00000
       cHdst =   0.00000
       cHust =   0.00000
       cHdrd =   0.00000
       cHurd =   0.00000
         cth =   0.00000
         cbh =   0.00000
 --------------

  mH       = 125.0000      GeV
  fact_scale 1.0
  ren_scale  1.0
  Kqq      =   0.25220117483940324            +-    1.8714715748627259E-004
  Kgq      =   -6.5085713597552164E-002       +-    1.0634778122079781E-004
  K_nlo    =    1.1871154612418511            +-    2.1525312802786023E-004
  Kqq2     =    1.5721526405920026E-002       +-    6.0524753394428432E-005
  Kgq2     =   -1.0011171047028210E-002       +-    3.8366265986273898E-005
  Kqqs     =    4.8967533472798867E-004       +-    9.9534238587041120E-007
  Kgg      =    2.9174534980131518E-004       +-    4.9531327863781712E-007
  K_nnlo   =    1.1936072372852720            +-    2.2687080311638468E-004
  sig_LO   = (   1.0452896435007744            +-    5.4502095876316772E-004 ) fb
  sig_NLO  = (   1.2408794972757520            +-    5.8963860537705921E-004 ) fb
  sig_NNLO = (   1.2476652835418665            +-    5.9437860741394554E-004 ) fb

  pp ---> HHW+ + X
  ===============

  PDFSET = PDF4LHC21_40                                NSET =  35
  Sqrt(S)  = 13.6 TeV
  LOOP     = 3
  alphaS(MZ) =   0.11800
          kl =   1.00000
          kv =   1.00000
         k2v =   1.00000
         kth =   1.00000
         kbh =   1.00000
        cHsq =   0.00000
       chdup =   0.00000
         cHw =   0.80000
          cH =   0.00000
         cHb =   0.00000
        cHwb =   0.00000
      cHq1st =   0.00000
      cHq3st =   0.00000
      cHq1rd =   0.00000
      cHq3rd =   0.00000
       cHdst =   0.00000
       cHust =   0.00000
       cHdrd =   0.00000
       cHurd =   0.00000
         cth =   0.00000
         cbh =   0.00000
 --------------

  mH       = 125.0000      GeV
  fact_scale 1.0
  ren_scale  1.0
  Kqq      =   0.25227643529785487            +-    1.8825665096147923E-004
  Kgq      =   -6.5038212025645248E-002       +-    1.0621880831984960E-004
  K_nlo    =    1.1872382232722096            +-    2.1615504128315205E-004
  Kqq2     =    1.5731722047421143E-002       +-    6.0840042410531216E-005
  Kgq2     =   -1.0005867298444224E-002       +-    3.8311698910037110E-005
  Kqqs     =    4.8930195557109050E-004       +-    9.9668079335467728E-007
  Kgg      =    2.9100753490083844E-004       +-    4.9363356693184013E-007
  K_nnlo   =    1.1937443875116585            +-    2.2780152754692403E-004
  sig_LO   = (   1.0430750725765556            +-    5.4873021303450224E-004 ) fb
  sig_NLO  = (   1.2383785959053211            +-    5.9324508823171778E-004 ) fb
  sig_NNLO = (   1.2451650136415793            +-    5.9796764526359140E-004 ) fb

  pp ---> HHW+ + X
  ===============

  PDFSET = PDF4LHC21_40                                NSET =  36
  Sqrt(S)  = 13.6 TeV
  LOOP     = 3
  alphaS(MZ) =   0.11800
          kl =   1.00000
          kv =   1.00000
         k2v =   1.00000
         kth =   1.00000
         kbh =   1.00000
        cHsq =   0.00000
       chdup =   0.00000
         cHw =   0.80000
          cH =   0.00000
         cHb =   0.00000
        cHwb =   0.00000
      cHq1st =   0.00000
      cHq3st =   0.00000
      cHq1rd =   0.00000
      cHq3rd =   0.00000
       cHdst =   0.00000
       cHust =   0.00000
       cHdrd =   0.00000
       cHurd =   0.00000
         cth =   0.00000
         cbh =   0.00000
 --------------

  mH       = 125.0000      GeV
  fact_scale 1.0
  ren_scale  1.0
  Kqq      =   0.25238228506909782            +-    1.8838096382832565E-004
  Kgq      =   -6.5286968908993825E-002       +-    1.0666954614368479E-004
  K_nlo    =    1.1870953161601039            +-    2.1648505631426072E-004
  Kqq2     =    1.5746538986377762E-002       +-    6.0858202234941574E-005
  Kgq2     =   -1.0043227403721797E-002       +-    3.8465478949183223E-005
  Kqqs     =    4.8977628112022381E-004       +-    9.9778882154984022E-007
  Kgg      =    2.9303752301488727E-004       +-    4.9767510814746042E-007
  K_nnlo   =    1.1935814415468948            +-    2.2814542888362549E-004
  sig_LO   = (   1.0402734812386478            +-    5.4766987898620205E-004 ) fb
  sig_NLO  = (   1.2349037771039646            +-    5.9216466143559147E-004 ) fb
  sig_NNLO = (   1.2416511213398322            +-    5.9688319862679707E-004 ) fb

  pp ---> HHW+ + X
  ===============

  PDFSET = PDF4LHC21_40                                NSET =  37
  Sqrt(S)  = 13.6 TeV
  LOOP     = 3
  alphaS(MZ) =   0.11800
          kl =   1.00000
          kv =   1.00000
         k2v =   1.00000
         kth =   1.00000
         kbh =   1.00000
        cHsq =   0.00000
       chdup =   0.00000
         cHw =   0.80000
          cH =   0.00000
         cHb =   0.00000
        cHwb =   0.00000
      cHq1st =   0.00000
      cHq3st =   0.00000
      cHq1rd =   0.00000
      cHq3rd =   0.00000
       cHdst =   0.00000
       cHust =   0.00000
       cHdrd =   0.00000
       cHurd =   0.00000
         cth =   0.00000
         cbh =   0.00000
 --------------

  mH       = 125.0000      GeV
  fact_scale 1.0
  ren_scale  1.0
  Kqq      =   0.25228412331236583            +-    1.8835278221642336E-004
  Kgq      =   -6.5108130033169259E-002       +-    1.0632288458979957E-004
  K_nlo    =    1.1871759932791965            +-    2.1628991274713494E-004
  Kqq2     =    1.5733626947036252E-002       +-    6.0858949980017630E-005
  Kgq2     =   -1.0017156132437883E-002       +-    3.8352959439107726E-005
  Kqqs     =    4.8969639977686284E-004       +-    9.9746755195009834E-007
  Kgg      =    2.9108309052965807E-004       +-    4.9376185483168741E-007
  K_nnlo   =    1.1936732435841015            +-    2.2794149773320755E-004
  sig_LO   = (   1.0420415346650329            +-    5.4849107939360618E-004 ) fb
  sig_NLO  = (   1.2370866939541389            +-    5.9299240601731545E-004 ) fb
  sig_NNLO = (   1.2438570986329649            +-    5.9771260328697748E-004 ) fb

  pp ---> HHW+ + X
  ===============

  PDFSET = PDF4LHC21_40                                NSET =  38
  Sqrt(S)  = 13.6 TeV
  LOOP     = 3
  alphaS(MZ) =   0.11800
          kl =   1.00000
          kv =   1.00000
         k2v =   1.00000
         kth =   1.00000
         kbh =   1.00000
        cHsq =   0.00000
       chdup =   0.00000
         cHw =   0.80000
          cH =   0.00000
         cHb =   0.00000
        cHwb =   0.00000
      cHq1st =   0.00000
      cHq3st =   0.00000
      cHq1rd =   0.00000
      cHq3rd =   0.00000
       cHdst =   0.00000
       cHust =   0.00000
       cHdrd =   0.00000
       cHurd =   0.00000
         cth =   0.00000
         cbh =   0.00000
 --------------

  mH       = 125.0000      GeV
  fact_scale 1.0
  ren_scale  1.0
  Kqq      =   0.25203464463065556            +-    1.8815424601724564E-004
  Kgq      =   -6.4717646318425789E-002       +-    1.0572818699564903E-004
  K_nlo    =    1.1873169983122298            +-    2.1582509080203145E-004
  Kqq2     =    1.5697495038795251E-002       +-    6.0813858213908897E-005
  Kgq2     =   -9.9559255553871087E-003       +-    3.8131279020521902E-005
  Kqqs     =    4.8750505381506596E-004       +-    9.9311596279717019E-007
  Kgg      =    2.8950503145599001E-004       +-    4.9100866429253228E-007
  K_nnlo   =    1.1938355778809089            +-    2.2745113096911916E-004
  sig_LO   = (   1.0476099041644897            +-    5.5093831033121933E-004 ) fb
  sig_NLO  = (   1.2438450468147446            +-    5.9552872231986138E-004 ) fb
  sig_NNLO = (   1.2506739753319773            +-    6.0025861726489479E-004 ) fb

  pp ---> HHW+ + X
  ===============

  PDFSET = PDF4LHC21_40                                NSET =  39
  Sqrt(S)  = 13.6 TeV
  LOOP     = 3
  alphaS(MZ) =   0.11800
          kl =   1.00000
          kv =   1.00000
         k2v =   1.00000
         kth =   1.00000
         kbh =   1.00000
        cHsq =   0.00000
       chdup =   0.00000
         cHw =   0.80000
          cH =   0.00000
         cHb =   0.00000
        cHwb =   0.00000
      cHq1st =   0.00000
      cHq3st =   0.00000
      cHq1rd =   0.00000
      cHq3rd =   0.00000
       cHdst =   0.00000
       cHust =   0.00000
       cHdrd =   0.00000
       cHurd =   0.00000
         cth =   0.00000
         cbh =   0.00000
 --------------

  mH       = 125.0000      GeV
  fact_scale 1.0
  ren_scale  1.0
  Kqq      =   0.25227932154352783            +-    1.8831891545296737E-004
  Kgq      =   -6.5230736355966532E-002       +-    1.0658816786176259E-004
  K_nlo    =    1.1870485851875614            +-    2.1639096895552078E-004
  Kqq2     =    1.5731257148694982E-002       +-    6.0849817338116228E-005
  Kgq2     =   -1.0034132395261073E-002       +-    3.8443791696503674E-005
  Kqqs     =    4.8915902614899223E-004       +-    9.9689145200288653E-007
  Kgg      =    2.9225603959344600E-004       +-    4.9615242647831264E-007
  K_nnlo   =    1.1935271250067379            +-    2.2805025059269900E-004
  sig_LO   = (   1.0410511217715250            +-    5.4791497184395106E-004 ) fb
  sig_NLO  = (   1.2357782612068124            +-    5.9241811157133078E-004 ) fb
  sig_NNLO = (   1.2425227523530076            +-    5.9713922956885655E-004 ) fb

  pp ---> HHW+ + X
  ===============

  PDFSET = PDF4LHC21_40                                NSET =  40
  Sqrt(S)  = 13.6 TeV
  LOOP     = 3
  alphaS(MZ) =   0.11800
          kl =   1.00000
          kv =   1.00000
         k2v =   1.00000
         kth =   1.00000
         kbh =   1.00000
        cHsq =   0.00000
       chdup =   0.00000
         cHw =   0.80000
          cH =   0.00000
         cHb =   0.00000
        cHwb =   0.00000
      cHq1st =   0.00000
      cHq3st =   0.00000
      cHq1rd =   0.00000
      cHq3rd =   0.00000
       cHdst =   0.00000
       cHust =   0.00000
       cHdrd =   0.00000
       cHurd =   0.00000
         cth =   0.00000
         cbh =   0.00000
 --------------

  mH       = 125.0000      GeV
  fact_scale 1.0
  ren_scale  1.0
  Kqq      =   0.25234285879464213            +-    1.8843181159547290E-004
  Kgq      =   -6.5065012293095595E-002       +-    1.0627549213187814E-004
  K_nlo    =    1.1872778465015466            +-    2.1633545213169453E-004
  Kqq2     =    1.5741819015147419E-002       +-    6.0871008664768475E-005
  Kgq2     =   -1.0010450158196215E-002       +-    3.8331491390892653E-005
  Kqqs     =    4.8963168763894852E-004       +-    9.9753608201616393E-007
  Kgg      =    2.9130677250048461E-004       +-    4.9404696064883247E-007
  K_nnlo   =    1.1937901538186375            +-    2.2798431949977468E-004
  sig_LO   = (   1.0410412681048689            +-    5.4822040276207823E-004 ) fb
  sig_NLO  = (   1.2360052349147879            +-    5.9267783482950241E-004 ) fb
  sig_NNLO = (   1.2427848155824603            +-    5.9739132959191893E-004 ) fb

  pp ---> HHW+ + X
  ===============

  PDFSET = PDF4LHC21_40                                NSET =  41
  Sqrt(S)  = 13.6 TeV
  LOOP     = 3
  alphaS(MZ) =   0.11700
          kl =   1.00000
          kv =   1.00000
         k2v =   1.00000
         kth =   1.00000
         kbh =   1.00000
        cHsq =   0.00000
       chdup =   0.00000
         cHw =   0.80000
          cH =   0.00000
         cHb =   0.00000
        cHwb =   0.00000
      cHq1st =   0.00000
      cHq3st =   0.00000
      cHq1rd =   0.00000
      cHq3rd =   0.00000
       cHdst =   0.00000
       cHust =   0.00000
       cHdrd =   0.00000
       cHurd =   0.00000
         cth =   0.00000
         cbh =   0.00000
 --------------

  mH       = 125.0000      GeV
  fact_scale 1.0
  ren_scale  1.0
  Kqq      =   0.25043629163509712            +-    1.8711171227094619E-004
  Kgq      =   -6.3822980160186338E-002       +-    1.0429669977359586E-004
  K_nlo    =    1.1866133114749107            +-    2.1421623293445562E-004
  Kqq2     =    1.5496135574149880E-002       +-    6.0044727097642196E-005
  Kgq2     =   -9.7608533363580819E-003       +-    3.7376757497231935E-005
  Kqqs     =    4.8148460225834428E-004       +-    9.8118544073461848E-007
  Kgg      =    2.8086620561673350E-004       +-    4.7596432657620904E-007
  K_nnlo   =    1.1931109445205774            +-    2.2559294087531959E-004
  sig_LO   = (   1.0453708424831354            +-    5.5066915289327795E-004 ) fb
  sig_NLO  = (   1.2404509571182305            +-    5.9446074812924301E-004 ) fb
  sig_NNLO = (   1.2472433932493252            +-    5.9904214780854529E-004 ) fb

  pp ---> HHW+ + X
  ===============

  PDFSET = PDF4LHC21_40                                NSET =  42
  Sqrt(S)  = 13.6 TeV
  LOOP     = 3
  alphaS(MZ) =   0.11900
          kl =   1.00000
          kv =   1.00000
         k2v =   1.00000
         kth =   1.00000
         kbh =   1.00000
        cHsq =   0.00000
       chdup =   0.00000
         cHw =   0.80000
          cH =   0.00000
         cHb =   0.00000
        cHwb =   0.00000
      cHq1st =   0.00000
      cHq3st =   0.00000
      cHq1rd =   0.00000
      cHq3rd =   0.00000
       cHdst =   0.00000
       cHust =   0.00000
       cHdrd =   0.00000
       cHurd =   0.00000
         cth =   0.00000
         cbh =   0.00000
 --------------

  mH       = 125.0000      GeV
  fact_scale 1.0
  ren_scale  1.0
  Kqq      =   0.25406435710785280            +-    1.8956821828774374E-004
  Kgq      =   -6.4381723129953147E-002       +-    1.0527310347562011E-004
  K_nlo    =    1.1896826339778996            +-    2.1683757907747052E-004
  Kqq2     =    1.5965000041471659E-002       +-    6.1676643691155645E-005
  Kgq2     =   -9.9804446872058562E-003       +-    3.8234843892996553E-005
  Kqqs     =    4.9719065169357942E-004       +-    1.0123250349718392E-006
  Kgg      =    2.8640548727632036E-004       +-    4.8731508818692923E-007
  K_nnlo   =    1.1964507854711355            +-    2.2866068670122870E-004
  sig_LO   = (   1.0461287144425855            +-    5.5044495364795951E-004 ) fb
  sig_NLO  = (   1.2445611644779693            +-    5.9535371057178096E-004 ) fb
  sig_NNLO = (   1.2516415220987407            +-    6.0017527303220654E-004 ) fb

