  pp ---> HHW+ + X
  ===============

  PDFSET = PDF4LHC21_40                                NSET =   0
  Sqrt(S)  = 13.6 TeV
  LOOP     = 3
  alphaS(MZ) =   0.11800
          kl =   1.00000
          kv =   1.00000
         k2v =   1.00000
         kth =   1.00000
         kbh =   1.00000
        cHsq =   0.00000
       chdup =   0.00000
         cHw =   0.00000
          cH =   0.00000
         cHb =   0.00000
        cHwb =   0.00000
      cHq1st =   0.00000
      cHq3st =  -0.11429
      cHq1rd =   0.00000
      cHq3rd =   0.00000
       cHdst =   0.00000
       cHust =   0.00000
       cHdrd =   0.00000
       cHurd =   0.00000
         cth =   0.00000
         cbh =   0.00000
 --------------

  mH       = 125.0000      GeV
  fact_scale 0.5
  ren_scale  0.5
  Kqq      =   0.20223649093103660            +-   -2.6516848820821174E-004
  Kgq      =   -2.1674261896717506E-002       +-   -1.1292734724969972E-004
  K_nlo    =    1.1805622290343192            +-    2.8821331144741181E-004
  Kqq2     =    2.4334369698672056E-002       +-   -2.0969404601426224E-004
  Kgq2     =   -1.3873821390736009E-002       +-   -1.0423390582395347E-004
  Kqqs     =    9.5334153680105783E-004       +-   -2.6435621841981587E-006
  Kgg      =    2.0670873134266923E-004       +-   -1.0422974322219173E-006
  K_nnlo   =    1.1921828276103987            +-    3.7136409056018067E-004
  sig_LO   = (  -2.6129414939662365            +-    1.8437237566974931E-003 ) fb
  sig_NLO  = (  -3.0847400344530440            +-    1.9915957386401357E-003 ) fb
  sig_NNLO = (  -3.1151039786572077            +-    2.0834830309024951E-003 ) fb

  mH       = 125.0000      GeV
  fact_scale 1.0
  ren_scale  0.5
  Kqq      =   0.27899939043787009            +-   -3.1582294613267719E-004
  Kgq      =   -6.1354258610365670E-002       +-   -1.0629382620958307E-004
  K_nlo    =    1.2176451318275043            +-    3.3323041697029543E-004
  Kqq2     =    4.4550071031460227E-002       +-   -3.2115206126788286E-004
  Kgq2     =   -2.8777423525106056E-002       +-   -1.3681819242244628E-004
  Kqqs     =    1.8320357467676255E-003       +-   -3.5316978504308577E-006
  Kgg      =    7.5764514723232739E-004       +-   -1.2401008805256257E-006
  K_nnlo   =    1.2360074602278583            +-    4.8261204478178239E-004
  sig_LO   = (  -2.5257731216525956            +-    1.7794903097981488E-003 ) fb
  sig_NLO  = (  -3.0754953456810421            +-    1.9684981016591077E-003 ) fb
  sig_NNLO = (  -3.1218744212056144            +-    2.1569585165179578E-003 ) fb

  mH       = 125.0000      GeV
  fact_scale 0.5
  ren_scale  1.0
  Kqq      =   0.18663152996706886            +-   -2.4498894863301092E-004
  Kgq      =   -2.0002994160229180E-002       +-   -1.0403079137251848E-004
  K_nlo    =    1.1666285358068398            +-    2.6616158720953805E-004
  Kqq2     =    3.4379674314042701E-002       +-   -1.5355753934459722E-004
  Kgq2     =   -1.3257240050393269E-002       +-   -8.6553254945189332E-005
  Kqqs     =    8.0884458333755564E-004       +-   -2.2337165946369634E-006
  Kgg      =    1.7518009351433767E-004       +-   -8.8230443836574788E-007
  K_nnlo   =    1.1887349947473413            +-    3.1924777569784590E-004
  sig_LO   = (  -2.6129414939662365            +-    1.8437237566974931E-003 ) fb
  sig_NLO  = (  -3.0483321092547668            +-    1.9705299738419831E-003 ) fb
  sig_NNLO = (  -3.1060949931050637            +-    2.0236517708203824E-003 ) fb

  mH       = 125.0000      GeV
  fact_scale 1.0
  ren_scale  1.0
  Kqq      =   0.25747621400542370            +-   -2.9155542397674524E-004
  Kgq      =   -5.6551243323524687E-002       +-   -9.7849369276501594E-005
  K_nlo    =    1.2009249706818990            +-    3.0753709421477734E-004
  Kqq2     =    5.6772095192304507E-002       +-   -2.3129544513157143E-004
  Kgq2     =   -2.8650511445768505E-002       +-   -1.0500537279895643E-004
  Kqqs     =    1.5584520667996395E-003       +-   -2.9977896354954208E-006
  Kgg      =    6.4139516438106259E-004       +-   -1.0489813103856738E-006
  K_nnlo   =    1.2312464016596159            +-    3.9888953693700298E-004
  sig_LO   = (  -2.5257731216525956            +-    1.7794903097981488E-003 ) fb
  sig_NLO  = (  -3.0332640120697718            +-    1.9416373831919751E-003 ) fb
  sig_NNLO = (  -3.1098490674433332            +-    2.0449085606835636E-003 ) fb

  mH       = 125.0000      GeV
  fact_scale 1.5
  ren_scale  1.0
  Kqq      =   0.29979550529362153            +-   -3.3686256532562561E-004
  Kgq      =   -7.7321651082747647E-002       +-   -1.2081271626152905E-004
  K_nlo    =    1.2224738542108740            +-    3.5787162548636084E-004
  Kqq2     =    6.9921169257333229E-002       +-   -3.0229352825506114E-004
  Kgq2     =   -3.9410091524701263E-002       +-   -1.2730074024982086E-004
  Kqqs     =    2.7629636829358708E-003       +-   -3.8482182572327989E-006
  Kgg      =    1.0521240843022410E-003       +-   -1.4137031073916573E-006
  K_nnlo   =    1.2568000197107438            +-    4.8546448208033411E-004
  sig_LO   = (  -2.4766105180561921            +-    1.7416483560778382E-003 ) fb
  sig_NLO  = (  -3.0275916053873422            +-    1.9541959950373717E-003 ) fb
  sig_NNLO = (  -3.1126041479088582            +-    2.1163364046900310E-003 ) fb

  mH       = 125.0000      GeV
  fact_scale 2.0
  ren_scale  1.0
  Kqq      =   0.33018688972801674            +-   -3.7205136997289963E-004
  Kgq      =   -9.1651128172853161E-002       +-   -1.2538896563352373E-004
  K_nlo    =    1.2385357615551635            +-    3.9261255023414170E-004
  Kqq2     =    7.9257555424656179E-002       +-   -3.6369862509819860E-004
  Kgq2     =   -4.7838823469191459E-002       +-   -1.4976376668300560E-004
  Kqqs     =    3.9412473758943557E-003       +-   -4.4849533166394894E-006
  Kgg      =    1.3975657472064258E-003       +-   -1.5702677181227957E-006
  K_nnlo   =    1.2752933066337291            +-    5.5576350263193534E-004
  sig_LO   = (  -2.4425838400244366            +-    1.7156114156132557E-003 ) fb
  sig_NLO  = (  -3.0252274364670013            +-    1.9654471671603805E-003 ) fb
  sig_NNLO = (  -3.1150108220748751            +-    2.1877216298539612E-003 ) fb

  mH       = 125.0000      GeV
  fact_scale 1.0
  ren_scale  1.5
  Kqq      =   0.24638840342056190            +-   -2.7905894184455498E-004
  Kgq      =   -5.4081248515342177E-002       +-   -9.3516084349742391E-005
  K_nlo    =    1.1923071549052198            +-    2.9431131656039130E-004
  Kqq2     =    6.2213770349887031E-002       +-   -2.1810624181872686E-004
  Kgq2     =   -2.8477881700425298E-002       +-   -9.4598649743690022E-005
  Kqqs     =    1.4262821702966332E-003       +-   -2.7405541285267737E-006
  Kgg      =    5.8553250187729118E-004       +-   -9.5717167535566233E-007
  K_nnlo   =    1.2280548582268556            +-    3.7834747934098440E-004
  sig_LO   = (  -2.5257731216525956            +-    1.7794903097981488E-003 ) fb
  sig_NLO  = (  -3.0114973646136818            +-    1.9285163269857641E-003 ) fb
  sig_NNLO = (  -3.1017879528242802            +-    2.0198502777201521E-003 ) fb

  mH       = 125.0000      GeV
  fact_scale 1.5
  ren_scale  1.5
  Kqq      =   0.28688245700843190            +-   -3.2231984153917385E-004
  Kgq      =   -7.3935000390091973E-002       +-   -1.1556066167561710E-004
  K_nlo    =    1.2129474566183398            +-    3.4240961840571092E-004
  Kqq2     =    7.5885745325299361E-002       +-   -2.6906681269249825E-004
  Kgq2     =   -3.9180968211346166E-002       +-   -1.2281456082696674E-004
  Kqqs     =    2.5282566473057294E-003       +-   -3.5203609993808801E-006
  Kgg      =    9.6031494755819183E-004       +-   -1.2906717937375891E-006
  K_nnlo   =    1.2531408053271569            +-    4.5248068643380829E-004
  sig_LO   = (  -2.4766105180561921            +-    1.7416483560778382E-003 ) fb
  sig_NLO  = (  -3.0039984289104877            +-    1.9371290306889970E-003 ) fb
  sig_NNLO = (  -3.1035416990786442            +-    2.0710201968345983E-003 ) fb

  mH       = 125.0000      GeV
  fact_scale 2.0
  ren_scale  1.5
  Kqq      =   0.31596212075789754            +-   -3.5595334706216514E-004
  Kgq      =   -8.7632356033066711E-002       +-   -1.1993847132716796E-004
  K_nlo    =    1.2283297647248308            +-    3.7561685557101410E-004
  Kqq2     =    8.5601644087494544E-002       +-   -3.1031710553365972E-004
  Kgq2     =   -4.7485982636963679E-002       +-   -1.4606539237665983E-004
  Kqqs     =    3.6058053334222222E-003       +-   -4.1022981076829590E-006
  Kgg      =    1.2754961077294283E-003       +-   -1.4337612215206127E-006
  K_nnlo   =    1.2713267276165134            +-    5.0866365266942048E-004
  sig_LO   = (  -2.4425838400244366            +-    1.7156114156132557E-003 ) fb
  sig_NLO  = (  -3.0002984335378904            +-    1.9455292644294320E-003 ) fb
  sig_NNLO = (  -3.1053221202672443            +-    2.1182571898400015E-003 ) fb

  mH       = 125.0000      GeV
  fact_scale 1.0
  ren_scale  2.0
  Kqq      =   0.23909428802030688            +-   -2.7083980320078414E-004
  Kgq      =   -5.2457999995739184E-002       +-   -9.0671879221437964E-005
  K_nlo    =    1.1866362880245678            +-    2.8561440558799988E-004
  Kqq2     =    6.5406526308968455E-002       +-   -2.2211759583307992E-004
  Kgq2     =   -2.8319615947692420E-002       +-   -9.1166428950156347E-005
  Kqqs     =    1.3425771689731620E-003       +-   -2.5778961474626316E-006
  Kgg      =    5.5026186375134673E-004       +-   -8.9925419197374650E-007
  K_nnlo   =    1.2256160374185685            +-    3.7313615079783780E-004
  sig_LO   = (  -2.5257731216525956            +-    1.7794903097981488E-003 ) fb
  sig_NLO  = (  -2.9971740414700609            +-    1.9201561568427193E-003 ) fb
  sig_NNLO = (  -3.0956280447781817            +-    2.0136562393691039E-003 ) fb

  mH       = 125.0000      GeV
  fact_scale 1.5
  ren_scale  2.0
  Kqq      =   0.27838773514345860            +-   -3.1276137240972035E-004
  Kgq      =   -7.1709859019783828E-002       +-   -1.1210711552029848E-004
  K_nlo    =    1.2066778761236747            +-    3.3224641671791334E-004
  Kqq2     =    7.9411701592460804E-002       +-   -2.7220628101181943E-004
  Kgq2     =   -3.8964835052216297E-002       +-   -1.2080567969701072E-004
  Kqqs     =    2.3796386000548113E-003       +-   -3.3128842435134728E-006
  Kgg      =    9.0236145033126909E-004       +-   -1.2130174346139439E-006
  K_nnlo   =    1.2504067427143051            +-    4.4619547252806510E-004
  sig_LO   = (  -2.4766105180561921            +-    1.7416483560778382E-003 ) fb
  sig_NLO  = (  -2.9884711199135996            +-    1.9262431936963600E-003 ) fb
  sig_NNLO = (  -3.0967704908546314            +-    2.0626390386581663E-003 ) fb

  mH       = 125.0000      GeV
  fact_scale 2.0
  ren_scale  2.0
  Kqq      =   0.30660425598896862            +-   -3.4534769711818411E-004
  Kgq      =   -8.4992279818842636E-002       +-   -1.1635528564479985E-004
  K_nlo    =    1.2216119761701258            +-    3.6442226112343352E-004
  Kqq2     =    8.9398796798975333E-002       +-   -3.0684361890961941E-004
  Kgq2     =   -4.7165873345005389E-002       +-   -1.4322677553251528E-004
  Kqqs     =    3.3934481273826447E-003       +-   -3.8601838508154932E-006
  Kgg      =    1.1984506455046534E-003       +-   -1.3475671925098618E-006
  K_nnlo   =    1.2684367983969833            +-    4.9748087104330922E-004
  sig_LO   = (  -2.4425838400244366            +-    1.7156114156132557E-003 ) fb
  sig_NLO  = (  -2.9838896717734666            +-    1.9327848755112790E-003 ) fb
  sig_NNLO = (  -3.0982632258568055            +-    2.1023521774232411E-003 ) fb

  pp ---> HHW+ + X
  ===============

  PDFSET = PDF4LHC21_40                                NSET =   1
  Sqrt(S)  = 13.6 TeV
  LOOP     = 3
  alphaS(MZ) =   0.11800
          kl =   1.00000
          kv =   1.00000
         k2v =   1.00000
         kth =   1.00000
         kbh =   1.00000
        cHsq =   0.00000
       chdup =   0.00000
         cHw =   0.00000
          cH =   0.00000
         cHb =   0.00000
        cHwb =   0.00000
      cHq1st =   0.00000
      cHq3st =  -0.11429
      cHq1rd =   0.00000
      cHq3rd =   0.00000
       cHdst =   0.00000
       cHust =   0.00000
       cHdrd =   0.00000
       cHurd =   0.00000
         cth =   0.00000
         cbh =   0.00000
 --------------

  mH       = 125.0000      GeV
  fact_scale 1.0
  ren_scale  1.0
  Kqq      =   0.25763057679557638            +-   -2.9274748073785642E-004
  Kgq      =   -5.6626000845454064E-002       +-   -9.8101966243475274E-005
  K_nlo    =    1.2010045759501224            +-    3.0874760445904283E-004
  Kqq2     =    5.6847096519749674E-002       +-   -2.2895131354993149E-004
  Kgq2     =   -2.8689637453945215E-002       +-   -1.0533517033704530E-004
  Kqqs     =    1.5605605375518671E-003       +-   -3.0041721105116848E-006
  Kgg      =    6.4194743277462898E-004       +-   -1.0501411712571004E-006
  K_nnlo   =    1.2313645429862534            +-    3.9855917150646538E-004
  sig_LO   = (  -2.5233098350980216            +-    1.7935966928772783E-003 ) fb
  sig_NLO  = (  -3.0305066584926728            +-    1.9554878474846936E-003 ) fb
  sig_NNLO = (  -3.1071142619081935            +-    2.0563068856230744E-003 ) fb

  pp ---> HHW+ + X
  ===============

  PDFSET = PDF4LHC21_40                                NSET =   2
  Sqrt(S)  = 13.6 TeV
  LOOP     = 3
  alphaS(MZ) =   0.11800
          kl =   1.00000
          kv =   1.00000
         k2v =   1.00000
         kth =   1.00000
         kbh =   1.00000
        cHsq =   0.00000
       chdup =   0.00000
         cHw =   0.00000
          cH =   0.00000
         cHb =   0.00000
        cHwb =   0.00000
      cHq1st =   0.00000
      cHq3st =  -0.11429
      cHq1rd =   0.00000
      cHq3rd =   0.00000
       cHdst =   0.00000
       cHust =   0.00000
       cHdrd =   0.00000
       cHurd =   0.00000
         cth =   0.00000
         cbh =   0.00000
 --------------

  mH       = 125.0000      GeV
  fact_scale 1.0
  ren_scale  1.0
  Kqq      =   0.25741816247242022            +-   -2.9089078559592282E-004
  Kgq      =   -5.6403117335740029E-002       +-   -9.7426790972454240E-005
  K_nlo    =    1.2010150451366803            +-    3.0677260103177960E-004
  Kqq2     =    5.6759600547919870E-002       +-   -2.3091904756366996E-004
  Kgq2     =   -2.8579107951378208E-002       +-   -1.0466373022999546E-004
  Kqqs     =    1.5629236754620358E-003       +-   -3.0045033282880289E-006
  Kgg      =    6.3786979459510651E-004       +-   -1.0397211122376824E-006
  K_nnlo   =    1.2313963312032790            +-    3.9799200966528724E-004
  sig_LO   = (  -2.5225171353227203            +-    1.7713105558975007E-003 ) fb
  sig_NLO  = (  -3.0295810311376661            +-    1.9329687282225374E-003 ) fb
  sig_NNLO = (  -3.1062183458338026            +-    2.0360353509588760E-003 ) fb

  pp ---> HHW+ + X
  ===============

  PDFSET = PDF4LHC21_40                                NSET =   3
  Sqrt(S)  = 13.6 TeV
  LOOP     = 3
  alphaS(MZ) =   0.11800
          kl =   1.00000
          kv =   1.00000
         k2v =   1.00000
         kth =   1.00000
         kbh =   1.00000
        cHsq =   0.00000
       chdup =   0.00000
         cHw =   0.00000
          cH =   0.00000
         cHb =   0.00000
        cHwb =   0.00000
      cHq1st =   0.00000
      cHq3st =  -0.11429
      cHq1rd =   0.00000
      cHq3rd =   0.00000
       cHdst =   0.00000
       cHust =   0.00000
       cHdrd =   0.00000
       cHurd =   0.00000
         cth =   0.00000
         cbh =   0.00000
 --------------

  mH       = 125.0000      GeV
  fact_scale 1.0
  ren_scale  1.0
  Kqq      =   0.25698501938050039            +-   -2.8644835160773866E-004
  Kgq      =   -5.6040090572038924E-002       +-   -9.7044020523837378E-005
  K_nlo    =    1.2009449288084615            +-    3.0244040744950346E-004
  Kqq2     =    5.6665051032703133E-002       +-   -2.2270513764871341E-004
  Kgq2     =   -2.8395273543281568E-002       +-   -1.0421165877928963E-004
  Kqqs     =    1.5484255765752250E-003       +-   -2.9741169748587682E-006
  Kgg      =    6.3494056535417164E-004       +-   -1.0385205256913977E-006
  K_nnlo   =    1.2313980724398124            +-    3.8979196004477513E-004
  sig_LO   = (  -2.5418094261657602            +-    1.7536508930815575E-003 ) fb
  sig_NLO  = (  -3.0525731403513152            +-    1.9147484640363714E-003 ) fb
  sig_NNLO = (  -3.1299792278898630            +-    2.0141822850354880E-003 ) fb

  pp ---> HHW+ + X
  ===============

  PDFSET = PDF4LHC21_40                                NSET =   4
  Sqrt(S)  = 13.6 TeV
  LOOP     = 3
  alphaS(MZ) =   0.11800
          kl =   1.00000
          kv =   1.00000
         k2v =   1.00000
         kth =   1.00000
         kbh =   1.00000
        cHsq =   0.00000
       chdup =   0.00000
         cHw =   0.00000
          cH =   0.00000
         cHb =   0.00000
        cHwb =   0.00000
      cHq1st =   0.00000
      cHq3st =  -0.11429
      cHq1rd =   0.00000
      cHq3rd =   0.00000
       cHdst =   0.00000
       cHust =   0.00000
       cHdrd =   0.00000
       cHurd =   0.00000
         cth =   0.00000
         cbh =   0.00000
 --------------

  mH       = 125.0000      GeV
  fact_scale 1.0
  ren_scale  1.0
  Kqq      =   0.25784037557756967            +-   -2.9191946618145707E-004
  Kgq      =   -5.7394960211194675E-002       +-   -9.9469181479899907E-005
  K_nlo    =    1.2004454153663751            +-    3.0840086381193573E-004
  Kqq2     =    5.6919196285807681E-002       +-   -2.3153516186787053E-004
  Kgq2     =   -2.9074757912057811E-002       +-   -1.0667150254245617E-004
  Kqqs     =    1.5773833868889448E-003       +-   -3.0356144143987545E-006
  Kgg      =    6.5458430106941619E-004       +-   -1.0729435655497937E-006
  K_nnlo   =    1.2305218214280833            +-    4.0013597638623063E-004
  sig_LO   = (  -2.4855693244157560            +-    1.7540364250597806E-003 ) fb
  sig_NLO  = (  -2.9837903000701922            +-    1.9142218602254866E-003 ) fb
  sig_NNLO = (  -3.0585472923658457            +-    2.0163840727803121E-003 ) fb

  pp ---> HHW+ + X
  ===============

  PDFSET = PDF4LHC21_40                                NSET =   5
  Sqrt(S)  = 13.6 TeV
  LOOP     = 3
  alphaS(MZ) =   0.11800
          kl =   1.00000
          kv =   1.00000
         k2v =   1.00000
         kth =   1.00000
         kbh =   1.00000
        cHsq =   0.00000
       chdup =   0.00000
         cHw =   0.00000
          cH =   0.00000
         cHb =   0.00000
        cHwb =   0.00000
      cHq1st =   0.00000
      cHq3st =  -0.11429
      cHq1rd =   0.00000
      cHq3rd =   0.00000
       cHdst =   0.00000
       cHust =   0.00000
       cHdrd =   0.00000
       cHurd =   0.00000
         cth =   0.00000
         cbh =   0.00000
 --------------

  mH       = 125.0000      GeV
  fact_scale 1.0
  ren_scale  1.0
  Kqq      =   0.25759186965772574            +-   -2.9172857764883387E-004
  Kgq      =   -5.6414818236249532E-002       +-   -9.7594333396813291E-005
  K_nlo    =    1.2011770514214761            +-    3.0762024791645303E-004
  Kqq2     =    5.6812967903359039E-002       +-   -2.3112190020294237E-004
  Kgq2     =   -2.8587053651530945E-002       +-   -1.0484189177648039E-004
  Kqqs     =    1.5573910699523423E-003       +-   -2.9943915527164471E-006
  Kgg      =    6.3688694935984370E-004       +-   -1.0447439442954863E-006
  K_nnlo   =    1.2315972436926166            +-    3.9881001720562417E-004
  sig_LO   = (  -2.5218251413969712            +-    1.7781399725251758E-003 ) fb
  sig_NLO  = (  -3.0291584875437612            +-    1.9399980110484153E-003 ) fb
  sig_NNLO = (  -3.1058728932192525            +-    2.0428589870228491E-003 ) fb

  pp ---> HHW+ + X
  ===============

  PDFSET = PDF4LHC21_40                                NSET =   6
  Sqrt(S)  = 13.6 TeV
  LOOP     = 3
  alphaS(MZ) =   0.11800
          kl =   1.00000
          kv =   1.00000
         k2v =   1.00000
         kth =   1.00000
         kbh =   1.00000
        cHsq =   0.00000
       chdup =   0.00000
         cHw =   0.00000
          cH =   0.00000
         cHb =   0.00000
        cHwb =   0.00000
      cHq1st =   0.00000
      cHq3st =  -0.11429
      cHq1rd =   0.00000
      cHq3rd =   0.00000
       cHdst =   0.00000
       cHust =   0.00000
       cHdrd =   0.00000
       cHurd =   0.00000
         cth =   0.00000
         cbh =   0.00000
 --------------

  mH       = 125.0000      GeV
  fact_scale 1.0
  ren_scale  1.0
  Kqq      =   0.25755011439220676            +-   -2.9007213778223852E-004
  Kgq      =   -5.6535958838567893E-002       +-   -9.7842650545099143E-005
  K_nlo    =    1.2010141555536389            +-    3.0612910574339118E-004
  Kqq2     =    5.6818968110921408E-002       +-   -2.3004972709890446E-004
  Kgq2     =   -2.8644972329025190E-002       +-   -1.0503468677077935E-004
  Kqqs     =    1.5568221193686686E-003       +-   -2.9873030283578076E-006
  Kgg      =    6.4519668603684084E-004       +-   -1.0564355914600102E-006
  K_nnlo   =    1.2313901701409407            +-    3.9708970243775731E-004
  sig_LO   = (  -2.5208132929556619            +-    1.7623278149991885E-003 ) fb
  sig_NLO  = (  -3.0275324483475323            +-    1.9238792710769789E-003 ) fb
  sig_NNLO = (  -3.1041047097062173            +-    2.0267654788957258E-003 ) fb

  pp ---> HHW+ + X
  ===============

  PDFSET = PDF4LHC21_40                                NSET =   7
  Sqrt(S)  = 13.6 TeV
  LOOP     = 3
  alphaS(MZ) =   0.11800
          kl =   1.00000
          kv =   1.00000
         k2v =   1.00000
         kth =   1.00000
         kbh =   1.00000
        cHsq =   0.00000
       chdup =   0.00000
         cHw =   0.00000
          cH =   0.00000
         cHb =   0.00000
        cHwb =   0.00000
      cHq1st =   0.00000
      cHq3st =  -0.11429
      cHq1rd =   0.00000
      cHq3rd =   0.00000
       cHdst =   0.00000
       cHust =   0.00000
       cHdrd =   0.00000
       cHurd =   0.00000
         cth =   0.00000
         cbh =   0.00000
 --------------

  mH       = 125.0000      GeV
  fact_scale 1.0
  ren_scale  1.0
  Kqq      =   0.25767636695741636            +-   -2.9170116529114032E-004
  Kgq      =   -5.6415891573516536E-002       +-   -9.7748589864148764E-005
  K_nlo    =    1.2012604753839000            +-    3.0764322949260355E-004
  Kqq2     =    5.6847378765807755E-002       +-   -2.3047821372661797E-004
  Kgq2     =   -2.8587788497500551E-002       +-   -1.0499491519633504E-004
  Kqqs     =    1.5577121061128400E-003       +-   -2.9955035542938827E-006
  Kgg      =    6.3762209353170757E-004       +-   -1.0429971415377011E-006
  K_nnlo   =    1.2317153998518517            +-    3.9849536604196287E-004
  sig_LO   = (  -2.5215495874773368            +-    1.7722430934007233E-003 ) fb
  sig_NLO  = (  -3.0290378561571019            +-    1.9345838045412439E-003 ) fb
  sig_NNLO = (  -3.1058314583859192            +-    2.0372826319416822E-003 ) fb

  pp ---> HHW+ + X
  ===============

  PDFSET = PDF4LHC21_40                                NSET =   8
  Sqrt(S)  = 13.6 TeV
  LOOP     = 3
  alphaS(MZ) =   0.11800
          kl =   1.00000
          kv =   1.00000
         k2v =   1.00000
         kth =   1.00000
         kbh =   1.00000
        cHsq =   0.00000
       chdup =   0.00000
         cHw =   0.00000
          cH =   0.00000
         cHb =   0.00000
        cHwb =   0.00000
      cHq1st =   0.00000
      cHq3st =  -0.11429
      cHq1rd =   0.00000
      cHq3rd =   0.00000
       cHdst =   0.00000
       cHust =   0.00000
       cHdrd =   0.00000
       cHurd =   0.00000
         cth =   0.00000
         cbh =   0.00000
 --------------

  mH       = 125.0000      GeV
  fact_scale 1.0
  ren_scale  1.0
  Kqq      =   0.25738727056034100            +-   -2.9172997393373944E-004
  Kgq      =   -5.6373413175896663E-002       +-   -9.7970495125901351E-005
  K_nlo    =    1.2010138573844444            +-    3.0774111783542116E-004
  Kqq2     =    5.6730119849569445E-002       +-   -2.3147531514903803E-004
  Kgq2     =   -2.8545955302999249E-002       +-   -1.0487571904416620E-004
  Kqqs     =    1.5588105242597856E-003       +-   -3.0008901987141624E-006
  Kgg      =    6.4425405127255990E-004       +-   -1.0574114317530715E-006
  K_nnlo   =    1.2314010865065472            +-    3.9911709689750531E-004
  sig_LO   = (  -2.5276681677143893            +-    1.7823191915752835E-003 ) fb
  sig_NLO  = (  -3.0357644962945289            +-    1.9446694925730637E-003 ) fb
  sig_NNLO = (  -3.1125733280515115            +-    2.0480261058361325E-003 ) fb

  pp ---> HHW+ + X
  ===============

  PDFSET = PDF4LHC21_40                                NSET =   9
  Sqrt(S)  = 13.6 TeV
  LOOP     = 3
  alphaS(MZ) =   0.11800
          kl =   1.00000
          kv =   1.00000
         k2v =   1.00000
         kth =   1.00000
         kbh =   1.00000
        cHsq =   0.00000
       chdup =   0.00000
         cHw =   0.00000
          cH =   0.00000
         cHb =   0.00000
        cHwb =   0.00000
      cHq1st =   0.00000
      cHq3st =  -0.11429
      cHq1rd =   0.00000
      cHq3rd =   0.00000
       cHdst =   0.00000
       cHust =   0.00000
       cHdrd =   0.00000
       cHurd =   0.00000
         cth =   0.00000
         cbh =   0.00000
 --------------

  mH       = 125.0000      GeV
  fact_scale 1.0
  ren_scale  1.0
  Kqq      =   0.25755813839336522            +-   -2.8995370854758423E-004
  Kgq      =   -5.6597809561162345E-002       +-   -9.7914109537434310E-005
  K_nlo    =    1.2009603288322028            +-    3.0603974569817902E-004
  Kqq2     =    5.6830784524689301E-002       +-   -2.2869651642019290E-004
  Kgq2     =   -2.8671726250523655E-002       +-   -1.0506397200437699E-004
  Kqqs     =    1.5625382519722124E-003       +-   -3.0070707656722542E-006
  Kgg      =    6.4201263657560610E-004       +-   -1.0497056300233808E-006
  K_nnlo   =    1.2313239379949164            +-    3.9624614211317399E-004
  sig_LO   = (  -2.5315744131121449            +-    1.7684302477875477E-003 ) fb
  sig_NLO  = (  -3.0403204396343528            +-    1.9306999512187690E-003 ) fb
  sig_NNLO = (  -3.1171881756804156            +-    2.0331277643621825E-003 ) fb

  pp ---> HHW+ + X
  ===============

  PDFSET = PDF4LHC21_40                                NSET =  10
  Sqrt(S)  = 13.6 TeV
  LOOP     = 3
  alphaS(MZ) =   0.11800
          kl =   1.00000
          kv =   1.00000
         k2v =   1.00000
         kth =   1.00000
         kbh =   1.00000
        cHsq =   0.00000
       chdup =   0.00000
         cHw =   0.00000
          cH =   0.00000
         cHb =   0.00000
        cHwb =   0.00000
      cHq1st =   0.00000
      cHq3st =  -0.11429
      cHq1rd =   0.00000
      cHq3rd =   0.00000
       cHdst =   0.00000
       cHust =   0.00000
       cHdrd =   0.00000
       cHurd =   0.00000
         cth =   0.00000
         cbh =   0.00000
 --------------

  mH       = 125.0000      GeV
  fact_scale 1.0
  ren_scale  1.0
  Kqq      =   0.25753773086187415            +-   -2.9234213060341953E-004
  Kgq      =   -5.6484119159786697E-002       +-   -9.7865321327307250E-005
  K_nlo    =    1.2010536117020876            +-    3.0828808352617831E-004
  Kqq2     =    5.6782822636097623E-002       +-   -2.3201106995518434E-004
  Kgq2     =   -2.8618260411595466E-002       +-   -1.0498109487720594E-004
  Kqqs     =    1.5600733474496668E-003       +-   -3.0046068879456569E-006
  Kgg      =    6.3983762884765481E-004       +-   -1.0495682204499579E-006
  K_nnlo   =    1.2314180849028871            +-    3.9987727937907487E-004
  sig_LO   = (  -2.5209873929715809            +-    1.7827626838208903E-003 ) fb
  sig_NLO  = (  -3.0278410133839468            +-    1.9448053015948884E-003 ) fb
  sig_NNLO = (  -3.1043894675173860            +-    2.0480428031488650E-003 ) fb

  pp ---> HHW+ + X
  ===============

  PDFSET = PDF4LHC21_40                                NSET =  11
  Sqrt(S)  = 13.6 TeV
  LOOP     = 3
  alphaS(MZ) =   0.11800
          kl =   1.00000
          kv =   1.00000
         k2v =   1.00000
         kth =   1.00000
         kbh =   1.00000
        cHsq =   0.00000
       chdup =   0.00000
         cHw =   0.00000
          cH =   0.00000
         cHb =   0.00000
        cHwb =   0.00000
      cHq1st =   0.00000
      cHq3st =  -0.11429
      cHq1rd =   0.00000
      cHq3rd =   0.00000
       cHdst =   0.00000
       cHust =   0.00000
       cHdrd =   0.00000
       cHurd =   0.00000
         cth =   0.00000
         cbh =   0.00000
 --------------

  mH       = 125.0000      GeV
  fact_scale 1.0
  ren_scale  1.0
  Kqq      =   0.25731361088057109            +-   -2.9101343547841338E-004
  Kgq      =   -5.6380718000629410E-002       +-   -9.7578353959569601E-005
  K_nlo    =    1.2009328928799416            +-    3.0693705346602861E-004
  Kqq2     =    5.6710744056257714E-002       +-   -2.3088356598033080E-004
  Kgq2     =   -2.8563900139972766E-002       +-   -1.0471218833035445E-004
  Kqqs     =    1.5544691456406572E-003       +-   -2.9909675418744617E-006
  Kgg      =    6.3884864394702083E-004       +-   -1.0450546992701504E-006
  K_nnlo   =    1.2312730545858144            +-    3.9811085923558293E-004
  sig_LO   = (  -2.5367534937504645            +-    1.7837902067131524E-003 ) fb
  sig_NLO  = (  -3.0464707117730443            +-    1.9463201891265661E-003 ) fb
  sig_NNLO = (  -3.1234362229813706            +-    2.0498350953721211E-003 ) fb

  pp ---> HHW+ + X
  ===============

  PDFSET = PDF4LHC21_40                                NSET =  12
  Sqrt(S)  = 13.6 TeV
  LOOP     = 3
  alphaS(MZ) =   0.11800
          kl =   1.00000
          kv =   1.00000
         k2v =   1.00000
         kth =   1.00000
         kbh =   1.00000
        cHsq =   0.00000
       chdup =   0.00000
         cHw =   0.00000
          cH =   0.00000
         cHb =   0.00000
        cHwb =   0.00000
      cHq1st =   0.00000
      cHq3st =  -0.11429
      cHq1rd =   0.00000
      cHq3rd =   0.00000
       cHdst =   0.00000
       cHust =   0.00000
       cHdrd =   0.00000
       cHurd =   0.00000
         cth =   0.00000
         cbh =   0.00000
 --------------

  mH       = 125.0000      GeV
  fact_scale 1.0
  ren_scale  1.0
  Kqq      =   0.25720983102400730            +-   -2.9003213946748342E-004
  Kgq      =   -5.6395210806921017E-002       +-   -9.7544662267237862E-005
  K_nlo    =    1.2008146202170864            +-    3.0599608340780318E-004
  Kqq2     =    5.6700881976831888E-002       +-   -2.2741068121631070E-004
  Kgq2     =   -2.8566267627321611E-002       +-   -1.0460776618204085E-004
  Kqqs     =    1.5541427427728551E-003       +-   -2.9895005386802009E-006
  Kgg      =    6.3943809688219984E-004       +-   -1.0451060483506563E-006
  K_nnlo   =    1.2311428154062518            +-    3.9535052181311376E-004
  sig_LO   = (  -2.5464552744869704            +-    1.7802637080765471E-003 ) fb
  sig_NLO  = (  -3.0578207233328674            +-    1.9433218552420172E-003 ) fb
  sig_NNLO = (  -3.1350501159379878            +-    2.0452063890050482E-003 ) fb

  pp ---> HHW+ + X
  ===============

  PDFSET = PDF4LHC21_40                                NSET =  13
  Sqrt(S)  = 13.6 TeV
  LOOP     = 3
  alphaS(MZ) =   0.11800
          kl =   1.00000
          kv =   1.00000
         k2v =   1.00000
         kth =   1.00000
         kbh =   1.00000
        cHsq =   0.00000
       chdup =   0.00000
         cHw =   0.00000
          cH =   0.00000
         cHb =   0.00000
        cHwb =   0.00000
      cHq1st =   0.00000
      cHq3st =  -0.11429
      cHq1rd =   0.00000
      cHq3rd =   0.00000
       cHdst =   0.00000
       cHust =   0.00000
       cHdrd =   0.00000
       cHurd =   0.00000
         cth =   0.00000
         cbh =   0.00000
 --------------

  mH       = 125.0000      GeV
  fact_scale 1.0
  ren_scale  1.0
  Kqq      =   0.25758888426282767            +-   -2.9169079122082870E-004
  Kgq      =   -5.6588546167549235E-002       +-   -9.7896995707809470E-005
  K_nlo    =    1.2010003380952783            +-    3.0768058023159011E-004
  Kqq2     =    5.6809926424221918E-002       +-   -2.3155565640883296E-004
  Kgq2     =   -2.8670514551643538E-002       +-   -1.0508127482797167E-004
  Kqqs     =    1.5581810892369011E-003       +-   -2.9998067543126341E-006
  Kgg      =    6.3958199361560761E-004       +-   -1.0460441482227638E-006
  K_nnlo   =    1.2313375130507092            +-    3.9917105210043527E-004
  sig_LO   = (  -2.5205998436420933            +-    1.7777545646884560E-003 ) fb
  sig_NLO  = (  -3.0272412644170599            +-    1.9395548453754424E-003 ) fb
  sig_NNLO = (  -3.1037091428662613            +-    2.0427310405038840E-003 ) fb

  pp ---> HHW+ + X
  ===============

  PDFSET = PDF4LHC21_40                                NSET =  14
  Sqrt(S)  = 13.6 TeV
  LOOP     = 3
  alphaS(MZ) =   0.11800
          kl =   1.00000
          kv =   1.00000
         k2v =   1.00000
         kth =   1.00000
         kbh =   1.00000
        cHsq =   0.00000
       chdup =   0.00000
         cHw =   0.00000
          cH =   0.00000
         cHb =   0.00000
        cHwb =   0.00000
      cHq1st =   0.00000
      cHq3st =  -0.11429
      cHq1rd =   0.00000
      cHq3rd =   0.00000
       cHdst =   0.00000
       cHust =   0.00000
       cHdrd =   0.00000
       cHurd =   0.00000
         cth =   0.00000
         cbh =   0.00000
 --------------

  mH       = 125.0000      GeV
  fact_scale 1.0
  ren_scale  1.0
  Kqq      =   0.25759823885168942            +-   -2.9115403519229283E-004
  Kgq      =   -5.6440007487580733E-002       +-   -9.7686028137980389E-005
  K_nlo    =    1.2011582313641085            +-    3.0710459505212421E-004
  Kqq2     =    5.6818997777375028E-002       +-   -2.3074054647258360E-004
  Kgq2     =   -2.8596663493535814E-002       +-   -1.0488527873585785E-004
  Kqqs     =    1.5591877613495837E-003       +-   -2.9962435449705983E-006
  Kgg      =    6.3829056518484176E-004       +-   -1.0436986338351803E-006
  K_nnlo   =    1.2315780439744823            +-    3.9820273801960903E-004
  sig_LO   = (  -2.5280019822928712            +-    1.7736613960203202E-003 ) fb
  sig_NLO  = (  -3.0365303899358662            +-    1.9361330504305879E-003 ) fb
  sig_NNLO = (  -3.1134317365158690            +-    2.0394199395071750E-003 ) fb

  pp ---> HHW+ + X
  ===============

  PDFSET = PDF4LHC21_40                                NSET =  15
  Sqrt(S)  = 13.6 TeV
  LOOP     = 3
  alphaS(MZ) =   0.11800
          kl =   1.00000
          kv =   1.00000
         k2v =   1.00000
         kth =   1.00000
         kbh =   1.00000
        cHsq =   0.00000
       chdup =   0.00000
         cHw =   0.00000
          cH =   0.00000
         cHb =   0.00000
        cHwb =   0.00000
      cHq1st =   0.00000
      cHq3st =  -0.11429
      cHq1rd =   0.00000
      cHq3rd =   0.00000
       cHdst =   0.00000
       cHust =   0.00000
       cHdrd =   0.00000
       cHurd =   0.00000
         cth =   0.00000
         cbh =   0.00000
 --------------

  mH       = 125.0000      GeV
  fact_scale 1.0
  ren_scale  1.0
  Kqq      =   0.25749175609895147            +-   -2.9057233292978385E-004
  Kgq      =   -5.6355809540074311E-002       +-   -9.7424444275195593E-005
  K_nlo    =    1.2011359465588771            +-    3.0646990554798010E-004
  Kqq2     =    5.6790479512857796E-002       +-   -2.3053810306386551E-004
  Kgq2     =   -2.8558425884121441E-002       +-   -1.0463313202833098E-004
  Kqqs     =    1.5557202476407764E-003       +-   -2.9931395360014726E-006
  Kgg      =    6.3557221935941067E-004       +-   -1.0381778029394341E-006
  K_nnlo   =    1.2315592926546137            +-    3.9752955737449756E-004
  sig_LO   = (  -2.5264698160118404            +-    1.7727480462120663E-003 ) fb
  sig_NLO  = (  -3.0346337139078146            +-    1.9344652855207705E-003 ) fb
  sig_NNLO = (  -3.1114973795207748            +-    2.0374855538483456E-003 ) fb

  pp ---> HHW+ + X
  ===============

  PDFSET = PDF4LHC21_40                                NSET =  16
  Sqrt(S)  = 13.6 TeV
  LOOP     = 3
  alphaS(MZ) =   0.11800
          kl =   1.00000
          kv =   1.00000
         k2v =   1.00000
         kth =   1.00000
         kbh =   1.00000
        cHsq =   0.00000
       chdup =   0.00000
         cHw =   0.00000
          cH =   0.00000
         cHb =   0.00000
        cHwb =   0.00000
      cHq1st =   0.00000
      cHq3st =  -0.11429
      cHq1rd =   0.00000
      cHq3rd =   0.00000
       cHdst =   0.00000
       cHust =   0.00000
       cHdrd =   0.00000
       cHurd =   0.00000
         cth =   0.00000
         cbh =   0.00000
 --------------

  mH       = 125.0000      GeV
  fact_scale 1.0
  ren_scale  1.0
  Kqq      =   0.25733145626796688            +-   -2.9167674436982591E-004
  Kgq      =   -5.6496249589011185E-002       +-   -9.7813997312504153E-005
  K_nlo    =    1.2008352066789558            +-    3.0764086411988792E-004
  Kqq2     =    5.6711220613725757E-002       +-   -2.3138536569078432E-004
  Kgq2     =   -2.8620715563535883E-002       +-   -1.0491083645653192E-004
  Kqqs     =    1.5502187385528032E-003       +-   -2.9835625751100397E-006
  Kgg      =    6.4105755976595906E-004       +-   -1.0499940819454528E-006
  K_nnlo   =    1.2311169880274644            +-    3.9899671235676899E-004
  sig_LO   = (  -2.5365962108402593            +-    1.7889451444257024E-003 ) fb
  sig_NLO  = (  -3.0460340351054187            +-    1.9517396020436862E-003 ) fb
  sig_NNLO = (  -3.1228466869315388            +-    2.0553973049238692E-003 ) fb

  pp ---> HHW+ + X
  ===============

  PDFSET = PDF4LHC21_40                                NSET =  17
  Sqrt(S)  = 13.6 TeV
  LOOP     = 3
  alphaS(MZ) =   0.11800
          kl =   1.00000
          kv =   1.00000
         k2v =   1.00000
         kth =   1.00000
         kbh =   1.00000
        cHsq =   0.00000
       chdup =   0.00000
         cHw =   0.00000
          cH =   0.00000
         cHb =   0.00000
        cHwb =   0.00000
      cHq1st =   0.00000
      cHq3st =  -0.11429
      cHq1rd =   0.00000
      cHq3rd =   0.00000
       cHdst =   0.00000
       cHust =   0.00000
       cHdrd =   0.00000
       cHurd =   0.00000
         cth =   0.00000
         cbh =   0.00000
 --------------

  mH       = 125.0000      GeV
  fact_scale 1.0
  ren_scale  1.0
  Kqq      =   0.25772304778165228            +-   -2.9087215327899932E-004
  Kgq      =   -5.6375720204677043E-002       +-   -9.7524405497338517E-005
  K_nlo    =    1.2013473275769753            +-    3.0678595016847007E-004
  Kqq2     =    5.6880815926465170E-002       +-   -2.3085553577352315E-004
  Kgq2     =   -2.8562496473584505E-002       +-   -1.0470149278357196E-004
  Kqqs     =    1.5560604754705140E-003       +-   -2.9936618051693177E-006
  Kgg      =    6.3871106958180975E-004       +-   -1.0441754953395785E-006
  K_nnlo   =    1.2318604185749082            +-    3.9797531647406046E-004
  sig_LO   = (  -2.5306268263953582            +-    1.7773116883476488E-003 ) fb
  sig_NLO  = (  -3.0401617749846657            +-    1.9394774709059503E-003 ) fb
  sig_NNLO = (  -3.1173790216202772            +-    2.0428268786325731E-003 ) fb

  pp ---> HHW+ + X
  ===============

  PDFSET = PDF4LHC21_40                                NSET =  18
  Sqrt(S)  = 13.6 TeV
  LOOP     = 3
  alphaS(MZ) =   0.11800
          kl =   1.00000
          kv =   1.00000
         k2v =   1.00000
         kth =   1.00000
         kbh =   1.00000
        cHsq =   0.00000
       chdup =   0.00000
         cHw =   0.00000
          cH =   0.00000
         cHb =   0.00000
        cHwb =   0.00000
      cHq1st =   0.00000
      cHq3st =  -0.11429
      cHq1rd =   0.00000
      cHq3rd =   0.00000
       cHdst =   0.00000
       cHust =   0.00000
       cHdrd =   0.00000
       cHurd =   0.00000
         cth =   0.00000
         cbh =   0.00000
 --------------

  mH       = 125.0000      GeV
  fact_scale 1.0
  ren_scale  1.0
  Kqq      =   0.25740863646157719            +-   -2.9045573784796356E-004
  Kgq      =   -5.6187642086994137E-002       +-   -9.7112501054810328E-005
  K_nlo    =    1.2012209943745829            +-    3.0626030351634778E-004
  Kqq2     =    5.6757454270765291E-002       +-   -2.3048080552197017E-004
  Kgq2     =   -2.8470271282380201E-002       +-   -1.0430713183328294E-004
  Kqqs     =    1.5544559838951365E-003       +-   -2.9876378792333020E-006
  Kgg      =    6.3318747414655015E-004       +-   -1.0343683898009253E-006
  K_nnlo   =    1.2316958208210098            +-    3.9724897592483590E-004
  sig_LO   = (  -2.5428473364449498            +-    1.7834770607057157E-003 ) fb
  sig_NLO  = (  -3.0545216060271625            +-    1.9460930395321125E-003 ) fb
  sig_NNLO = (  -3.1320144372850809            +-    2.0496781009062058E-003 ) fb

  pp ---> HHW+ + X
  ===============

  PDFSET = PDF4LHC21_40                                NSET =  19
  Sqrt(S)  = 13.6 TeV
  LOOP     = 3
  alphaS(MZ) =   0.11800
          kl =   1.00000
          kv =   1.00000
         k2v =   1.00000
         kth =   1.00000
         kbh =   1.00000
        cHsq =   0.00000
       chdup =   0.00000
         cHw =   0.00000
          cH =   0.00000
         cHb =   0.00000
        cHwb =   0.00000
      cHq1st =   0.00000
      cHq3st =  -0.11429
      cHq1rd =   0.00000
      cHq3rd =   0.00000
       cHdst =   0.00000
       cHust =   0.00000
       cHdrd =   0.00000
       cHurd =   0.00000
         cth =   0.00000
         cbh =   0.00000
 --------------

  mH       = 125.0000      GeV
  fact_scale 1.0
  ren_scale  1.0
  Kqq      =   0.25789156848636929            +-   -2.9126017163569204E-004
  Kgq      =   -5.7187418678647850E-002       +-   -9.8996515984536414E-005
  K_nlo    =    1.2007041498077216            +-    3.0762444271925036E-004
  Kqq2     =    5.6935146426426553E-002       +-   -2.3068826838440760E-004
  Kgq2     =   -2.8971479167818445E-002       +-   -1.0621820832796663E-004
  Kqqs     =    1.5717081785293198E-003       +-   -3.0244225173581019E-006
  Kgg      =    6.4965550290684633E-004       +-   -1.0638783810314752E-006
  K_nnlo   =    1.2308891807477658            +-    3.9892663696186327E-004
  sig_LO   = (  -2.4996395097560553            +-    1.7556028890282512E-003 ) fb
  sig_NLO  = (  -3.0013275323874344            +-    1.9166183582680178E-003 ) fb
  sig_NNLO = (  -3.0767792283283786            +-    2.0190332002240317E-003 ) fb

  pp ---> HHW+ + X
  ===============

  PDFSET = PDF4LHC21_40                                NSET =  20
  Sqrt(S)  = 13.6 TeV
  LOOP     = 3
  alphaS(MZ) =   0.11800
          kl =   1.00000
          kv =   1.00000
         k2v =   1.00000
         kth =   1.00000
         kbh =   1.00000
        cHsq =   0.00000
       chdup =   0.00000
         cHw =   0.00000
          cH =   0.00000
         cHb =   0.00000
        cHwb =   0.00000
      cHq1st =   0.00000
      cHq3st =  -0.11429
      cHq1rd =   0.00000
      cHq3rd =   0.00000
       cHdst =   0.00000
       cHust =   0.00000
       cHdrd =   0.00000
       cHurd =   0.00000
         cth =   0.00000
         cbh =   0.00000
 --------------

  mH       = 125.0000      GeV
  fact_scale 1.0
  ren_scale  1.0
  Kqq      =   0.25737656022195371            +-   -2.9103791317895716E-004
  Kgq      =   -5.6379724412516652E-002       +-   -9.7554717082195701E-005
  K_nlo    =    1.2009968358094372            +-    3.0695274837106356E-004
  Kqq2     =    5.6736502936549367E-002       +-   -2.3112998752367785E-004
  Kgq2     =   -2.8564328014470199E-002       +-   -1.0469452843211841E-004
  Kqqs     =    1.5549000124008496E-003       +-   -2.9908927431609672E-006
  Kgg      =    6.4027752396068297E-004       +-   -1.0471805588244929E-006
  K_nnlo   =    1.2313641882678779            +-    3.9826128003534622E-004
  sig_LO   = (  -2.5363185933146597            +-    1.7841493019055592E-003 ) fb
  sig_NLO  = (  -3.0461106051755484            +-    1.9466118346297462E-003 ) fb
  sig_NNLO = (  -3.1231318858456314            +-    2.0502502467227746E-003 ) fb

  pp ---> HHW+ + X
  ===============

  PDFSET = PDF4LHC21_40                                NSET =  21
  Sqrt(S)  = 13.6 TeV
  LOOP     = 3
  alphaS(MZ) =   0.11800
          kl =   1.00000
          kv =   1.00000
         k2v =   1.00000
         kth =   1.00000
         kbh =   1.00000
        cHsq =   0.00000
       chdup =   0.00000
         cHw =   0.00000
          cH =   0.00000
         cHb =   0.00000
        cHwb =   0.00000
      cHq1st =   0.00000
      cHq3st =  -0.11429
      cHq1rd =   0.00000
      cHq3rd =   0.00000
       cHdst =   0.00000
       cHust =   0.00000
       cHdrd =   0.00000
       cHurd =   0.00000
         cth =   0.00000
         cbh =   0.00000
 --------------

  mH       = 125.0000      GeV
  fact_scale 1.0
  ren_scale  1.0
  Kqq      =   0.25752992768392025            +-   -2.9159963142790169E-004
  Kgq      =   -5.7017097904436681E-002       +-   -9.8680574935678666E-005
  K_nlo    =    1.2005128297794836            +-    3.0784444272801841E-004
  Kqq2     =    5.6812902507608905E-002       +-   -2.3114908650648133E-004
  Kgq2     =   -2.8885806864211137E-002       +-   -1.0591140155372453E-004
  Kqqs     =    1.5708814361573126E-003       +-   -3.0219295144297387E-006
  Kgg      =    6.4679157956785862E-004       +-   -1.0582150806153728E-006
  K_nnlo   =    1.2306575984386066            +-    3.9928132684552919E-004
  sig_LO   = (  -2.5042356652742059            +-    1.7626954003264373E-003 ) fb
  sig_NLO  = (  -3.0063670449530449            +-    1.9239036000237792E-003 ) fb
  sig_NNLO = (  -3.0818566497506605            +-    2.0265448832392360E-003 ) fb

  pp ---> HHW+ + X
  ===============

  PDFSET = PDF4LHC21_40                                NSET =  22
  Sqrt(S)  = 13.6 TeV
  LOOP     = 3
  alphaS(MZ) =   0.11800
          kl =   1.00000
          kv =   1.00000
         k2v =   1.00000
         kth =   1.00000
         kbh =   1.00000
        cHsq =   0.00000
       chdup =   0.00000
         cHw =   0.00000
          cH =   0.00000
         cHb =   0.00000
        cHwb =   0.00000
      cHq1st =   0.00000
      cHq3st =  -0.11429
      cHq1rd =   0.00000
      cHq3rd =   0.00000
       cHdst =   0.00000
       cHust =   0.00000
       cHdrd =   0.00000
       cHurd =   0.00000
         cth =   0.00000
         cbh =   0.00000
 --------------

  mH       = 125.0000      GeV
  fact_scale 1.0
  ren_scale  1.0
  Kqq      =   0.25750038523011742            +-   -2.9127054787454342E-004
  Kgq      =   -5.6753055206950558E-002       +-   -9.8389611506488508E-005
  K_nlo    =    1.2007473300231668            +-    3.0743950252291007E-004
  Kqq2     =    5.6787802859916733E-002       +-   -2.3082653787670542E-004
  Kgq2     =   -2.8749826522446700E-002       +-   -1.0555479162638083E-004
  Kqqs     =    1.5595204868535267E-003       +-   -3.0008175567105648E-006
  Kgg      =    6.4702072872901842E-004       +-   -1.0615519398765567E-006
  K_nnlo   =    1.2309918475762194            +-    3.9868770251099913E-004
  sig_LO   = (  -2.5190119823167345            +-    1.7717849914791282E-003 ) fb
  sig_NLO  = (  -3.0246969120631837            +-    1.9336455830821695E-003 ) fb
  sig_NNLO = (  -3.1008832141787122            +-    2.0366243487558266E-003 ) fb

  pp ---> HHW+ + X
  ===============

  PDFSET = PDF4LHC21_40                                NSET =  23
  Sqrt(S)  = 13.6 TeV
  LOOP     = 3
  alphaS(MZ) =   0.11800
          kl =   1.00000
          kv =   1.00000
         k2v =   1.00000
         kth =   1.00000
         kbh =   1.00000
        cHsq =   0.00000
       chdup =   0.00000
         cHw =   0.00000
          cH =   0.00000
         cHb =   0.00000
        cHwb =   0.00000
      cHq1st =   0.00000
      cHq3st =  -0.11429
      cHq1rd =   0.00000
      cHq3rd =   0.00000
       cHdst =   0.00000
       cHust =   0.00000
       cHdrd =   0.00000
       cHurd =   0.00000
         cth =   0.00000
         cbh =   0.00000
 --------------

  mH       = 125.0000      GeV
  fact_scale 1.0
  ren_scale  1.0
  Kqq      =   0.25751476078557084            +-   -2.9133306287786081E-004
  Kgq      =   -5.6598388013908860E-002       +-   -9.7946061401728768E-005
  K_nlo    =    1.2009163727716619            +-    3.0735709601358940E-004
  Kqq2     =    5.6793273579195648E-002       +-   -2.3072638229922841E-004
  Kgq2     =   -2.8673254993442993E-002       +-   -1.0510670265510312E-004
  Kqqs     =    1.5604045821825728E-003       +-   -3.0021736377552940E-006
  Kgg      =    6.4231583634062140E-004       +-   -1.0505356734324398E-006
  K_nnlo   =    1.2312391117759378            +-    3.9844771749073573E-004
  sig_LO   = (  -2.5235380908151517            +-    1.7750864727221786E-003 ) fb
  sig_NLO  = (  -3.0305582105728570            +-    1.9371447429318218E-003 ) fb
  sig_NNLO = (  -3.1070787974679934            +-    2.0400877917709564E-003 ) fb

  pp ---> HHW+ + X
  ===============

  PDFSET = PDF4LHC21_40                                NSET =  24
  Sqrt(S)  = 13.6 TeV
  LOOP     = 3
  alphaS(MZ) =   0.11800
          kl =   1.00000
          kv =   1.00000
         k2v =   1.00000
         kth =   1.00000
         kbh =   1.00000
        cHsq =   0.00000
       chdup =   0.00000
         cHw =   0.00000
          cH =   0.00000
         cHb =   0.00000
        cHwb =   0.00000
      cHq1st =   0.00000
      cHq3st =  -0.11429
      cHq1rd =   0.00000
      cHq3rd =   0.00000
       cHdst =   0.00000
       cHust =   0.00000
       cHdrd =   0.00000
       cHurd =   0.00000
         cth =   0.00000
         cbh =   0.00000
 --------------

  mH       = 125.0000      GeV
  fact_scale 1.0
  ren_scale  1.0
  Kqq      =   0.25720497269825282            +-   -2.9228305816154547E-004
  Kgq      =   -5.6246188789765540E-002       +-   -9.7295168102813729E-005
  K_nlo    =    1.2009587839084872            +-    3.0805151488739698E-004
  Kqq2     =    5.6664379480240674E-002       +-   -2.3151453016320784E-004
  Kgq2     =   -2.8496572769918498E-002       +-   -1.0441109458218728E-004
  Kqqs     =    1.5515361110504686E-003       +-   -2.9885675074475553E-006
  Kgg      =    6.3892496228033454E-004       +-   -1.0452028199452529E-006
  K_nnlo   =    1.2313170516921401            +-    3.9925732824538468E-004
  sig_LO   = (  -2.5391696445319027            +-    1.8041149826997732E-003 ) fb
  sig_NLO  = (  -3.0494380884343801            +-    1.9663824591709409E-003 ) fb
  sig_NNLO = (  -3.1265228804512026            +-    2.0694407440739089E-003 ) fb

  pp ---> HHW+ + X
  ===============

  PDFSET = PDF4LHC21_40                                NSET =  25
  Sqrt(S)  = 13.6 TeV
  LOOP     = 3
  alphaS(MZ) =   0.11800
          kl =   1.00000
          kv =   1.00000
         k2v =   1.00000
         kth =   1.00000
         kbh =   1.00000
        cHsq =   0.00000
       chdup =   0.00000
         cHw =   0.00000
          cH =   0.00000
         cHb =   0.00000
        cHwb =   0.00000
      cHq1st =   0.00000
      cHq3st =  -0.11429
      cHq1rd =   0.00000
      cHq3rd =   0.00000
       cHdst =   0.00000
       cHust =   0.00000
       cHdrd =   0.00000
       cHurd =   0.00000
         cth =   0.00000
         cbh =   0.00000
 --------------

  mH       = 125.0000      GeV
  fact_scale 1.0
  ren_scale  1.0
  Kqq      =   0.25741339771639732            +-   -2.9111547378705169E-004
  Kgq      =   -5.6585862162904163E-002       +-   -9.7970685215790723E-005
  K_nlo    =    1.2008275355534932            +-    3.0715871180858785E-004
  Kqq2     =    5.6757563256292227E-002       +-   -2.3085699148815976E-004
  Kgq2     =   -2.8666543382030948E-002       +-   -1.0508669618824952E-004
  Kqqs     =    1.5559644088046208E-003       +-   -2.9929951629288919E-006
  Kgg      =    6.4544072192797698E-004       +-   -1.0566182056993437E-006
  K_nnlo   =    1.2311199605584870            +-    3.9836504984337517E-004
  sig_LO   = (  -2.5226041628151057            +-    1.7742064772481069E-003 ) fb
  sig_NLO  = (  -3.0292125400102461            +-    1.9360230911307104E-003 ) fb
  sig_NNLO = (  -3.1056283374296081            +-    2.0390359168448702E-003 ) fb

  pp ---> HHW+ + X
  ===============

  PDFSET = PDF4LHC21_40                                NSET =  26
  Sqrt(S)  = 13.6 TeV
  LOOP     = 3
  alphaS(MZ) =   0.11800
          kl =   1.00000
          kv =   1.00000
         k2v =   1.00000
         kth =   1.00000
         kbh =   1.00000
        cHsq =   0.00000
       chdup =   0.00000
         cHw =   0.00000
          cH =   0.00000
         cHb =   0.00000
        cHwb =   0.00000
      cHq1st =   0.00000
      cHq3st =  -0.11429
      cHq1rd =   0.00000
      cHq3rd =   0.00000
       cHdst =   0.00000
       cHust =   0.00000
       cHdrd =   0.00000
       cHurd =   0.00000
         cth =   0.00000
         cbh =   0.00000
 --------------

  mH       = 125.0000      GeV
  fact_scale 1.0
  ren_scale  1.0
  Kqq      =   0.25736167421887346            +-   -2.9036745024170403E-004
  Kgq      =   -5.6395215484213550E-002       +-   -9.7620181903125243E-005
  K_nlo    =    1.2009664587346600            +-    3.0633797687304091E-004
  Kqq2     =    5.6743662930556299E-002       +-   -2.3042532871851576E-004
  Kgq2     =   -2.8571292819165848E-002       +-   -1.0476973849524679E-004
  Kqqs     =    1.5572693332444015E-003       +-   -2.9869927700972133E-006
  Kgg      =    6.3967602933956023E-004       +-   -1.0448462440204162E-006
  K_nnlo   =    1.2313357742086342            +-    3.9739841484780539E-004
  sig_LO   = (  -2.5322503307960029            +-    1.7760270773002197E-003 ) fb
  sig_NLO  = (  -3.0411477124057469            +-    1.9380455596279015E-003 ) fb
  sig_NNLO = (  -3.1180504215607665            +-    2.0413075610834159E-003 ) fb

  pp ---> HHW+ + X
  ===============

  PDFSET = PDF4LHC21_40                                NSET =  27
  Sqrt(S)  = 13.6 TeV
  LOOP     = 3
  alphaS(MZ) =   0.11800
          kl =   1.00000
          kv =   1.00000
         k2v =   1.00000
         kth =   1.00000
         kbh =   1.00000
        cHsq =   0.00000
       chdup =   0.00000
         cHw =   0.00000
          cH =   0.00000
         cHb =   0.00000
        cHwb =   0.00000
      cHq1st =   0.00000
      cHq3st =  -0.11429
      cHq1rd =   0.00000
      cHq3rd =   0.00000
       cHdst =   0.00000
       cHust =   0.00000
       cHdrd =   0.00000
       cHurd =   0.00000
         cth =   0.00000
         cbh =   0.00000
 --------------

  mH       = 125.0000      GeV
  fact_scale 1.0
  ren_scale  1.0
  Kqq      =   0.25750528771035730            +-   -2.9171776593038567E-004
  Kgq      =   -5.6625552227378952E-002       +-   -9.7999428001283660E-005
  K_nlo    =    1.2008797354829785            +-    3.0773875746807400E-004
  Kqq2     =    5.6782499373644248E-002       +-   -2.3150859932458606E-004
  Kgq2     =   -2.8688637168512530E-002       +-   -1.0517613723703654E-004
  Kqqs     =    1.5593910644938092E-003       +-   -2.9995122930013953E-006
  Kgg      =    6.4171851420506644E-004       +-   -1.0500132408314406E-006
  K_nnlo   =    1.2311747072668093            +-    3.9921359427646190E-004
  sig_LO   = (  -2.5248495232648289            +-    1.7803651553668449E-003 ) fb
  sig_NLO  = (  -3.0320406276325915            +-    1.9425292399547864E-003 ) fb
  sig_NNLO = (  -3.1085308726983176            +-    2.0458914592342732E-003 ) fb

  pp ---> HHW+ + X
  ===============

  PDFSET = PDF4LHC21_40                                NSET =  28
  Sqrt(S)  = 13.6 TeV
  LOOP     = 3
  alphaS(MZ) =   0.11800
          kl =   1.00000
          kv =   1.00000
         k2v =   1.00000
         kth =   1.00000
         kbh =   1.00000
        cHsq =   0.00000
       chdup =   0.00000
         cHw =   0.00000
          cH =   0.00000
         cHb =   0.00000
        cHwb =   0.00000
      cHq1st =   0.00000
      cHq3st =  -0.11429
      cHq1rd =   0.00000
      cHq3rd =   0.00000
       cHdst =   0.00000
       cHust =   0.00000
       cHdrd =   0.00000
       cHurd =   0.00000
         cth =   0.00000
         cbh =   0.00000
 --------------

  mH       = 125.0000      GeV
  fact_scale 1.0
  ren_scale  1.0
  Kqq      =   0.25744848815240640            +-   -2.9140918451182749E-004
  Kgq      =   -5.6333314285855744E-002       +-   -9.7453991257800686E-005
  K_nlo    =    1.2011151738665506            +-    3.0727283190989046E-004
  Kqq2     =    5.6763560360110793E-002       +-   -2.3130770171016950E-004
  Kgq2     =   -2.8541483566395204E-002       +-   -1.0463377184704809E-004
  Kqqs     =    1.5585579860326064E-003       +-   -3.0003236723052328E-006
  Kgg      =    6.3781230219729082E-004       +-   -1.0424396679792785E-006
  K_nnlo   =    1.2315336209484962            +-    3.9859523445960143E-004
  sig_LO   = (  -2.5295452316210429            +-    1.7813525644049661E-003 ) fb
  sig_NLO  = (  -3.0382751606818132            +-    1.9435408112972970E-003 ) fb
  sig_NNLO = (  -3.1152199984512654            +-    2.0469036647844303E-003 ) fb

  pp ---> HHW+ + X
  ===============

  PDFSET = PDF4LHC21_40                                NSET =  29
  Sqrt(S)  = 13.6 TeV
  LOOP     = 3
  alphaS(MZ) =   0.11800
          kl =   1.00000
          kv =   1.00000
         k2v =   1.00000
         kth =   1.00000
         kbh =   1.00000
        cHsq =   0.00000
       chdup =   0.00000
         cHw =   0.00000
          cH =   0.00000
         cHb =   0.00000
        cHwb =   0.00000
      cHq1st =   0.00000
      cHq3st =  -0.11429
      cHq1rd =   0.00000
      cHq3rd =   0.00000
       cHdst =   0.00000
       cHust =   0.00000
       cHdrd =   0.00000
       cHurd =   0.00000
         cth =   0.00000
         cbh =   0.00000
 --------------

  mH       = 125.0000      GeV
  fact_scale 1.0
  ren_scale  1.0
  Kqq      =   0.25744116511448717            +-   -2.9112002950446389E-004
  Kgq      =   -5.6382692866636809E-002       +-   -9.7526669130248525E-005
  K_nlo    =    1.2010584722478503            +-    3.0702169755624908E-004
  Kqq2     =    5.6764471287785528E-002       +-   -2.3103113843816344E-004
  Kgq2     =   -2.8566054970536010E-002       +-   -1.0468502512533795E-004
  Kqqs     =    1.5589964865472415E-003       +-   -2.9971270702953771E-006
  Kgg      =    6.3860699013375049E-004       +-   -1.0437120928130746E-006
  K_nnlo   =    1.2314544920417809            +-    3.9825461238943057E-004
  sig_LO   = (  -2.5325661770779511            +-    1.7810746042536839E-003 ) fb
  sig_NLO  = (  -3.0417600635078226            +-    1.9434029564578412E-003 ) fb
  sig_NNLO = (  -3.1187399951557229            +-    2.0468300208697321E-003 ) fb

  pp ---> HHW+ + X
  ===============

  PDFSET = PDF4LHC21_40                                NSET =  30
  Sqrt(S)  = 13.6 TeV
  LOOP     = 3
  alphaS(MZ) =   0.11800
          kl =   1.00000
          kv =   1.00000
         k2v =   1.00000
         kth =   1.00000
         kbh =   1.00000
        cHsq =   0.00000
       chdup =   0.00000
         cHw =   0.00000
          cH =   0.00000
         cHb =   0.00000
        cHwb =   0.00000
      cHq1st =   0.00000
      cHq3st =  -0.11429
      cHq1rd =   0.00000
      cHq3rd =   0.00000
       cHdst =   0.00000
       cHust =   0.00000
       cHdrd =   0.00000
       cHurd =   0.00000
         cth =   0.00000
         cbh =   0.00000
 --------------

  mH       = 125.0000      GeV
  fact_scale 1.0
  ren_scale  1.0
  Kqq      =   0.25743356632587361            +-   -2.9059161660491625E-004
  Kgq      =   -5.6444058714531981E-002       +-   -9.7529003635516944E-005
  K_nlo    =    1.2009895076113415            +-    3.0652144165000159E-004
  Kqq2     =    5.6765152254721403E-002       +-   -2.3069802822414502E-004
  Kgq2     =   -2.8598841244788696E-002       +-   -1.0477697109551920E-004
  Kqqs     =    1.5549490099986745E-003       +-   -2.9904237686541568E-006
  Kgg      =    6.3892082539154804E-004       +-   -1.0429788025764692E-006
  K_nnlo   =    1.2313496884566646            +-    3.9769991014426161E-004
  sig_LO   = (  -2.5309191783396381            +-    1.7764154738355332E-003 ) fb
  sig_NLO  = (  -3.0396073777982235            +-    1.9384241249697045E-003 ) fb
  sig_NNLO = (  -3.1164465417575111            +-    2.0417608698700255E-003 ) fb

  pp ---> HHW+ + X
  ===============

  PDFSET = PDF4LHC21_40                                NSET =  31
  Sqrt(S)  = 13.6 TeV
  LOOP     = 3
  alphaS(MZ) =   0.11800
          kl =   1.00000
          kv =   1.00000
         k2v =   1.00000
         kth =   1.00000
         kbh =   1.00000
        cHsq =   0.00000
       chdup =   0.00000
         cHw =   0.00000
          cH =   0.00000
         cHb =   0.00000
        cHwb =   0.00000
      cHq1st =   0.00000
      cHq3st =  -0.11429
      cHq1rd =   0.00000
      cHq3rd =   0.00000
       cHdst =   0.00000
       cHust =   0.00000
       cHdrd =   0.00000
       cHurd =   0.00000
         cth =   0.00000
         cbh =   0.00000
 --------------

  mH       = 125.0000      GeV
  fact_scale 1.0
  ren_scale  1.0
  Kqq      =   0.25765404105353301            +-   -2.9398991029898634E-004
  Kgq      =   -5.6605284909129687E-002       +-   -9.8093581387935879E-005
  K_nlo    =    1.2010487561444034            +-    3.0992324544492890E-004
  Kqq2     =    5.6821824721329323E-002       +-   -2.3152363671702342E-004
  Kgq2     =   -2.8681252947830353E-002       +-   -1.0531587293940017E-004
  Kqqs     =    1.5593267017004278E-003       +-   -3.0056938344877010E-006
  Kgg      =    6.4055973307918651E-004       +-   -1.0478414169833621E-006
  K_nnlo   =    1.2313892143526819            +-    4.0094535498723957E-004
  sig_LO   = (  -2.5162563897629853            +-    1.7928024468268373E-003 ) fb
  sig_NLO  = (  -3.0221466070652405            +-    1.9550705710508699E-003 ) fb
  sig_NNLO = (  -3.0984909789001582            +-    2.0571781920645364E-003 ) fb

  pp ---> HHW+ + X
  ===============

  PDFSET = PDF4LHC21_40                                NSET =  32
  Sqrt(S)  = 13.6 TeV
  LOOP     = 3
  alphaS(MZ) =   0.11800
          kl =   1.00000
          kv =   1.00000
         k2v =   1.00000
         kth =   1.00000
         kbh =   1.00000
        cHsq =   0.00000
       chdup =   0.00000
         cHw =   0.00000
          cH =   0.00000
         cHb =   0.00000
        cHwb =   0.00000
      cHq1st =   0.00000
      cHq3st =  -0.11429
      cHq1rd =   0.00000
      cHq3rd =   0.00000
       cHdst =   0.00000
       cHust =   0.00000
       cHdrd =   0.00000
       cHurd =   0.00000
         cth =   0.00000
         cbh =   0.00000
 --------------

  mH       = 125.0000      GeV
  fact_scale 1.0
  ren_scale  1.0
  Kqq      =   0.25743534458958434            +-   -2.9135691448145963E-004
  Kgq      =   -5.6525226855864051E-002       +-   -9.7829344207867586E-005
  K_nlo    =    1.2009101177337203            +-    3.0734253237112825E-004
  Kqq2     =    5.6757839514260160E-002       +-   -2.3123742474198436E-004
  Kgq2     =   -2.8636109151497589E-002       +-   -1.0497363499090255E-004
  Kqqs     =    1.5585393981543160E-003       +-   -3.0008782708518827E-006
  Kgg      =    6.4076478576565702E-004       +-   -1.0482331647808435E-006
  K_nnlo   =    1.2312311522804027            +-    3.9869756321298276E-004
  sig_LO   = (  -2.5291551296085233            +-    1.7803444754316965E-003 ) fb
  sig_NLO  = (  -3.0372879844650145            +-    1.9426394621690326E-003 ) fb
  sig_NNLO = (  -3.1139745845237941            +-    2.0460773320513529E-003 ) fb

  pp ---> HHW+ + X
  ===============

  PDFSET = PDF4LHC21_40                                NSET =  33
  Sqrt(S)  = 13.6 TeV
  LOOP     = 3
  alphaS(MZ) =   0.11800
          kl =   1.00000
          kv =   1.00000
         k2v =   1.00000
         kth =   1.00000
         kbh =   1.00000
        cHsq =   0.00000
       chdup =   0.00000
         cHw =   0.00000
          cH =   0.00000
         cHb =   0.00000
        cHwb =   0.00000
      cHq1st =   0.00000
      cHq3st =  -0.11429
      cHq1rd =   0.00000
      cHq3rd =   0.00000
       cHdst =   0.00000
       cHust =   0.00000
       cHdrd =   0.00000
       cHurd =   0.00000
         cth =   0.00000
         cbh =   0.00000
 --------------

  mH       = 125.0000      GeV
  fact_scale 1.0
  ren_scale  1.0
  Kqq      =   0.25740678489890723            +-   -2.9081794635267175E-004
  Kgq      =   -5.6443396554791393E-002       +-   -9.7689503961300892E-005
  K_nlo    =    1.2009633883441158            +-    3.0678708757865037E-004
  Kqq2     =    5.6753727371761757E-002       +-   -2.3074861733326759E-004
  Kgq2     =   -2.8596300306935444E-002       +-   -1.0484084407300201E-004
  Kqqs     =    1.5566280670257890E-003       +-   -2.9945978599411761E-006
  Kgg      =    6.3983000233589957E-004       +-   -1.0472788323421894E-006
  K_nnlo   =    1.2313172734783038            +-    3.9795088704693221E-004
  sig_LO   = (  -2.5282261582879832            +-    1.7758767804542613E-003 ) fb
  sig_NLO  = (  -3.0363070535577634            +-    1.9378688808624372E-003 ) fb
  sig_NNLO = (  -3.1130485399596863            +-    2.0410770084007134E-003 ) fb

  pp ---> HHW+ + X
  ===============

  PDFSET = PDF4LHC21_40                                NSET =  34
  Sqrt(S)  = 13.6 TeV
  LOOP     = 3
  alphaS(MZ) =   0.11800
          kl =   1.00000
          kv =   1.00000
         k2v =   1.00000
         kth =   1.00000
         kbh =   1.00000
        cHsq =   0.00000
       chdup =   0.00000
         cHw =   0.00000
          cH =   0.00000
         cHb =   0.00000
        cHwb =   0.00000
      cHq1st =   0.00000
      cHq3st =  -0.11429
      cHq1rd =   0.00000
      cHq3rd =   0.00000
       cHdst =   0.00000
       cHust =   0.00000
       cHdrd =   0.00000
       cHurd =   0.00000
         cth =   0.00000
         cbh =   0.00000
 --------------

  mH       = 125.0000      GeV
  fact_scale 1.0
  ren_scale  1.0
  Kqq      =   0.25713253023339799            +-   -2.8803191641944657E-004
  Kgq      =   -5.6404993043272032E-002       +-   -9.7651881031932675E-005
  K_nlo    =    1.2007275371901260            +-    3.0413529020048590E-004
  Kqq2     =    5.6745050996570748E-002       +-   -2.2303989201902580E-004
  Kgq2     =   -2.8572303760148451E-002       +-   -1.0471340909605736E-004
  Kqqs     =    1.5545270064472466E-003       +-   -2.9845104789928849E-006
  Kgg      =    6.4148694666098563E-004       +-   -1.0486782793883238E-006
  K_nnlo   =    1.2310962983796565            +-    3.9143322961987222E-004
  sig_LO   = (  -2.5425877044601370            +-    1.7602460951197574E-003 ) fb
  sig_NLO  = (  -3.0529550724663164            +-    1.9226140392096492E-003 ) fb
  sig_NNLO = (  -3.1301703112665025            +-    2.0221264747496532E-003 ) fb

  pp ---> HHW+ + X
  ===============

  PDFSET = PDF4LHC21_40                                NSET =  35
  Sqrt(S)  = 13.6 TeV
  LOOP     = 3
  alphaS(MZ) =   0.11800
          kl =   1.00000
          kv =   1.00000
         k2v =   1.00000
         kth =   1.00000
         kbh =   1.00000
        cHsq =   0.00000
       chdup =   0.00000
         cHw =   0.00000
          cH =   0.00000
         cHb =   0.00000
        cHwb =   0.00000
      cHq1st =   0.00000
      cHq3st =  -0.11429
      cHq1rd =   0.00000
      cHq3rd =   0.00000
       cHdst =   0.00000
       cHust =   0.00000
       cHdrd =   0.00000
       cHurd =   0.00000
         cth =   0.00000
         cbh =   0.00000
 --------------

  mH       = 125.0000      GeV
  fact_scale 1.0
  ren_scale  1.0
  Kqq      =   0.25742286262508246            +-   -2.9149854782359259E-004
  Kgq      =   -5.6457921618448703E-002       +-   -9.7654865272888235E-005
  K_nlo    =    1.2009649410066339            +-    3.0742133318091189E-004
  Kqq2     =    5.6750621756473711E-002       +-   -2.3125443584408775E-004
  Kgq2     =   -2.8603117916268791E-002       +-   -1.0478896475126672E-004
  Kqqs     =    1.5559379488792543E-003       +-   -2.9914526240448091E-006
  Kgg      =    6.4058271186797429E-004       +-   -1.0473514521299700E-006
  K_nnlo   =    1.2313089655075862            +-    3.9871952931829781E-004
  sig_LO   = (  -2.5309099916750406            +-    1.7827096469573028E-003 ) fb
  sig_NLO  = (  -3.0395341688451150            +-    1.9451026694483539E-003 ) fb
  sig_NNLO = (  -3.1163321636422072            +-    2.0485076031417308E-003 ) fb

  pp ---> HHW+ + X
  ===============

  PDFSET = PDF4LHC21_40                                NSET =  36
  Sqrt(S)  = 13.6 TeV
  LOOP     = 3
  alphaS(MZ) =   0.11800
          kl =   1.00000
          kv =   1.00000
         k2v =   1.00000
         kth =   1.00000
         kbh =   1.00000
        cHsq =   0.00000
       chdup =   0.00000
         cHw =   0.00000
          cH =   0.00000
         cHb =   0.00000
        cHwb =   0.00000
      cHq1st =   0.00000
      cHq3st =  -0.11429
      cHq1rd =   0.00000
      cHq3rd =   0.00000
       cHdst =   0.00000
       cHust =   0.00000
       cHdrd =   0.00000
       cHurd =   0.00000
         cth =   0.00000
         cbh =   0.00000
 --------------

  mH       = 125.0000      GeV
  fact_scale 1.0
  ren_scale  1.0
  Kqq      =   0.25753599589551940            +-   -2.9172730066957873E-004
  Kgq      =   -5.6727831708886074E-002       +-   -9.8166546158738930E-005
  K_nlo    =    1.2008081641866333            +-    3.0780105383298252E-004
  Kqq2     =    5.6793470563614133E-002       +-   -2.3137491807104875E-004
  Kgq2     =   -2.8738560333976336E-002       +-   -1.0529759480658755E-004
  Kqqs     =    1.5589169449787212E-003       +-   -2.9966549547517933E-006
  Kgg      =    6.4548192186129763E-004       +-   -1.0574021820045910E-006
  K_nnlo   =    1.2310674732831113            +-    3.9921613565263591E-004
  sig_LO   = (  -2.5218456350191683            +-    1.7775722726952588E-003 ) fb
  sig_NLO  = (  -3.0282528273494420            +-    1.9396626363503639E-003 ) fb
  sig_NNLO = (  -3.1045621339130900            +-    2.0428734273981227E-003 ) fb

  pp ---> HHW+ + X
  ===============

  PDFSET = PDF4LHC21_40                                NSET =  37
  Sqrt(S)  = 13.6 TeV
  LOOP     = 3
  alphaS(MZ) =   0.11800
          kl =   1.00000
          kv =   1.00000
         k2v =   1.00000
         kth =   1.00000
         kbh =   1.00000
        cHsq =   0.00000
       chdup =   0.00000
         cHw =   0.00000
          cH =   0.00000
         cHb =   0.00000
        cHwb =   0.00000
      cHq1st =   0.00000
      cHq3st =  -0.11429
      cHq1rd =   0.00000
      cHq3rd =   0.00000
       cHdst =   0.00000
       cHust =   0.00000
       cHdrd =   0.00000
       cHurd =   0.00000
         cth =   0.00000
         cbh =   0.00000
 --------------

  mH       = 125.0000      GeV
  fact_scale 1.0
  ren_scale  1.0
  Kqq      =   0.25742659045546712            +-   -2.9155453029252698E-004
  Kgq      =   -5.6513328709102008E-002       +-   -9.7745943919497652E-005
  K_nlo    =    1.2009132617463651            +-    3.0750335556999959E-004
  Kqq2     =    5.6751804882126632E-002       +-   -2.3129599408109572E-004
  Kgq2     =   -2.8632064829119452E-002       +-   -1.0489938740286947E-004
  Kqqs     =    1.5573786641976080E-003       +-   -2.9951283854315797E-006
  Kgg      =    6.4064339882404430E-004       +-   -1.0477008440856249E-006
  K_nnlo   =    1.2312310238623940            +-    3.9883593182331642E-004
  sig_LO   = (  -2.5283432382721558            +-    1.7817144643036892E-003 ) fb
  sig_NLO  = (  -3.0363209250877818            +-    1.9439578954608613E-003 ) fb
  sig_NNLO = (  -3.1129746339333870            +-    2.0472823832002138E-003 ) fb

  pp ---> HHW+ + X
  ===============

  PDFSET = PDF4LHC21_40                                NSET =  38
  Sqrt(S)  = 13.6 TeV
  LOOP     = 3
  alphaS(MZ) =   0.11800
          kl =   1.00000
          kv =   1.00000
         k2v =   1.00000
         kth =   1.00000
         kbh =   1.00000
        cHsq =   0.00000
       chdup =   0.00000
         cHw =   0.00000
          cH =   0.00000
         cHb =   0.00000
        cHwb =   0.00000
      cHq1st =   0.00000
      cHq3st =  -0.11429
      cHq1rd =   0.00000
      cHq3rd =   0.00000
       cHdst =   0.00000
       cHust =   0.00000
       cHdrd =   0.00000
       cHurd =   0.00000
         cth =   0.00000
         cbh =   0.00000
 --------------

  mH       = 125.0000      GeV
  fact_scale 1.0
  ren_scale  1.0
  Kqq      =   0.25717638745151344            +-   -2.9104288585542079E-004
  Kgq      =   -5.6069714656169597E-002       +-   -9.7020846532142849E-005
  K_nlo    =    1.2011066727953439            +-    3.0678821044633560E-004
  Kqq2     =    5.6658356959145874E-002       +-   -2.3090605903758462E-004
  Kgq2     =   -2.8405914478793943E-002       +-   -1.0412390050222981E-004
  Kqqs     =    1.5477423971113086E-003       +-   -2.9771573724013403E-006
  Kgg      =    6.3576842934094820E-004       +-   -1.0395626647736950E-006
  K_nnlo   =    1.2315426261021480            +-    3.9785467821993237E-004
  sig_LO   = (  -2.5470265028129830            +-    1.7907273989482243E-003 ) fb
  sig_NLO  = (  -3.0592505283152627            +-    1.9537878562470362E-003 ) fb
  sig_NNLO = (  -3.1367717080260715            +-    2.0575654457110713E-003 ) fb

  pp ---> HHW+ + X
  ===============

  PDFSET = PDF4LHC21_40                                NSET =  39
  Sqrt(S)  = 13.6 TeV
  LOOP     = 3
  alphaS(MZ) =   0.11800
          kl =   1.00000
          kv =   1.00000
         k2v =   1.00000
         kth =   1.00000
         kbh =   1.00000
        cHsq =   0.00000
       chdup =   0.00000
         cHw =   0.00000
          cH =   0.00000
         cHb =   0.00000
        cHwb =   0.00000
      cHq1st =   0.00000
      cHq3st =  -0.11429
      cHq1rd =   0.00000
      cHq3rd =   0.00000
       cHdst =   0.00000
       cHust =   0.00000
       cHdrd =   0.00000
       cHurd =   0.00000
         cth =   0.00000
         cbh =   0.00000
 --------------

  mH       = 125.0000      GeV
  fact_scale 1.0
  ren_scale  1.0
  Kqq      =   0.25743781277532451            +-   -2.9172425819296260E-004
  Kgq      =   -5.6647285842209509E-002       +-   -9.8060639840635085E-005
  K_nlo    =    1.2007905269331149            +-    3.0776440974256440E-004
  Kqq2     =    5.6753570367571358E-002       +-   -2.3141084502662111E-004
  Kgq2     =   -2.8697260433469658E-002       +-   -1.0519719109761586E-004
  Kqqs     =    1.5574572048263138E-003       +-   -2.9974382761714384E-006
  Kgg      =    6.4388137970552051E-004       +-   -1.0533892908573016E-006
  K_nnlo   =    1.2310481754517486            +-    3.9918223204467627E-004
  sig_LO   = (  -2.5258048641077195            +-    1.7809183469709787E-003 ) fb
  sig_NLO  = (  -3.0329625537021339            +-    1.9431797655635184E-003 ) fb
  sig_NNLO = (  -3.1093874695069608            +-    2.0465217257171361E-003 ) fb

  pp ---> HHW+ + X
  ===============

  PDFSET = PDF4LHC21_40                                NSET =  40
  Sqrt(S)  = 13.6 TeV
  LOOP     = 3
  alphaS(MZ) =   0.11800
          kl =   1.00000
          kv =   1.00000
         k2v =   1.00000
         kth =   1.00000
         kbh =   1.00000
        cHsq =   0.00000
       chdup =   0.00000
         cHw =   0.00000
          cH =   0.00000
         cHb =   0.00000
        cHwb =   0.00000
      cHq1st =   0.00000
      cHq3st =  -0.11429
      cHq1rd =   0.00000
      cHq3rd =   0.00000
       cHdst =   0.00000
       cHust =   0.00000
       cHdrd =   0.00000
       cHurd =   0.00000
         cth =   0.00000
         cbh =   0.00000
 --------------

  mH       = 125.0000      GeV
  fact_scale 1.0
  ren_scale  1.0
  Kqq      =   0.25748028331187700            +-   -2.9170886715767689E-004
  Kgq      =   -5.6500193314469614E-002       +-   -9.7750113192241947E-005
  K_nlo    =    1.2009800899974075            +-    3.0765101626276369E-004
  Kqq2     =    5.6772569038287472E-002       +-   -2.3139702419908311E-004
  Kgq2     =   -2.8625459909275831E-002       +-   -1.0490457814184117E-004
  Kqqs     =    1.5574524229672122E-003       +-   -2.9946839096275293E-006
  Kgg      =    6.4134828678667516E-004       +-   -1.0487328612806852E-006
  K_nnlo   =    1.2313259998361727            +-    3.9900973559946245E-004
  sig_LO   = (  -2.5248240611712740            +-    1.7800425277532165E-003 ) fb
  sig_NLO  = (  -3.0322634282130960            +-    1.9421418026514189E-003 ) fb
  sig_NNLO = (  -3.1088815115321449            +-    2.0453521355697068E-003 ) fb

  pp ---> HHW+ + X
  ===============

  PDFSET = PDF4LHC21_40                                NSET =  41
  Sqrt(S)  = 13.6 TeV
  LOOP     = 3
  alphaS(MZ) =   0.11700
          kl =   1.00000
          kv =   1.00000
         k2v =   1.00000
         kth =   1.00000
         kbh =   1.00000
        cHsq =   0.00000
       chdup =   0.00000
         cHw =   0.00000
          cH =   0.00000
         cHb =   0.00000
        cHwb =   0.00000
      cHq1st =   0.00000
      cHq3st =  -0.11429
      cHq1rd =   0.00000
      cHq3rd =   0.00000
       cHdst =   0.00000
       cHust =   0.00000
       cHdrd =   0.00000
       cHurd =   0.00000
         cth =   0.00000
         cbh =   0.00000
 --------------

  mH       = 125.0000      GeV
  fact_scale 1.0
  ren_scale  1.0
  Kqq      =   0.25558871542039990            +-   -2.9004547241984370E-004
  Kgq      =   -5.5179488109909344E-002       +-   -9.5570635599751346E-005
  K_nlo    =    1.2004092273104907            +-    3.0538520340741914E-004
  Kqq2     =    5.5947159831625154E-002       +-   -2.2901002287732225E-004
  Kgq2     =   -2.7778032864109334E-002       +-   -1.0183863965717243E-004
  Kqqs     =    1.5305471543797598E-003       +-   -2.9501912760174182E-006
  Kgg      =    6.1372991978867321E-004       +-   -1.0036404823637870E-006
  K_nnlo   =    1.2307226313521751            +-    3.9507788154801679E-004
  sig_LO   = (  -2.5409561656684279            +-    1.7963702343620155E-003 ) fb
  sig_NLO  = (  -3.0501872274598645            +-    1.9568025206024679E-003 ) fb
  sig_NNLO = (  -3.1272122583619804            +-    2.0578416355716092E-003 ) fb

  pp ---> HHW+ + X
  ===============

  PDFSET = PDF4LHC21_40                                NSET =  42
  Sqrt(S)  = 13.6 TeV
  LOOP     = 3
  alphaS(MZ) =   0.11900
          kl =   1.00000
          kv =   1.00000
         k2v =   1.00000
         kth =   1.00000
         kbh =   1.00000
        cHsq =   0.00000
       chdup =   0.00000
         cHw =   0.00000
          cH =   0.00000
         cHb =   0.00000
        cHwb =   0.00000
      cHq1st =   0.00000
      cHq3st =  -0.11429
      cHq1rd =   0.00000
      cHq3rd =   0.00000
       cHdst =   0.00000
       cHust =   0.00000
       cHdrd =   0.00000
       cHurd =   0.00000
         cth =   0.00000
         cbh =   0.00000
 --------------

  mH       = 125.0000      GeV
  fact_scale 1.0
  ren_scale  1.0
  Kqq      =   0.25919652333817061            +-   -2.9346782396766515E-004
  Kgq      =   -5.5849516988922168E-002       +-   -9.6834760081977692E-005
  K_nlo    =    1.2033470063492484            +-    3.0903128395754804E-004
  Kqq2     =    5.7522780259330220E-002       +-   -2.3416150058714651E-004
  Kgq2     =   -2.8475812771830394E-002       +-   -1.0444499351694039E-004
  Kqqs     =    1.5811874357644445E-003       +-   -3.0370396553902457E-006
  Kgg      =    6.2964912937251089E-004       +-   -1.0328290527899315E-006
  K_nnlo   =    1.2346048104018854            +-    4.0156069259596276E-004
  sig_LO   = (  -2.5330657447110538            +-    1.7852990401844087E-003 ) fb
  sig_NLO  = (  -3.0481570807838763            +-    1.9493750578966791E-003 ) fb
  sig_NNLO = (  -3.1273351534845006            +-    2.0547377137754277E-003 ) fb

